# sample_id=0455/rev_001_48efa32a exec_index=10 ok=True perf_lines=30 vm_events=30 battery_pct=81 soc_temp_millic=37000 battery_temp_c=29.1 charging=False preflight_started=2026-09-16T20:09:30.544493+00:00 started=2026-09-16T20:09:33.290494+00:00 ts=2026-09-16T20:11:31.570455+00:00
[spm]: Running flutter analyze...
Resolving dependencies...
Downloading packages...
  _fe_analyzer_shared 100.0.0 (108.0.0 available)
  analyzer 13.0.0 (14.4.0 available)
  async 2.13.0 (2.13.1 available)
  clock 1.1.2 (1.1.3 available)
  cupertino_icons 1.0.8 (1.0.9 available)
  glob 2.1.3 (2.2.0 available)
  lints 6.0.0 (6.1.0 available)
  matcher 0.12.19 (0.12.20 available)
  material_color_utilities 0.13.0 (0.13.1 available)
  meta 1.18.0 (1.19.0 available)
  package_config 2.2.0 (3.0.0 available)
  platform 3.1.6 (3.2.0 available)
  process 5.0.5 (5.0.6 available)
  pub_semver 2.2.0 (2.2.1 available)
  source_span 1.10.1 (1.10.2 available)
  stack_trace 1.12.1 (1.12.2 available)
  test_api 0.7.11 (0.7.14 available)
  vector_math 2.2.0 (2.4.2 available)
  vm_service 15.0.2 (15.3.0 available)
  webdriver 3.1.0 (3.2.0 available)
  yaml 3.1.3 (3.1.4 available)
Got dependencies!
21 packages have newer versions incompatible with dependency constraints.
Try `flutter pub outdated` for more information.
Analyzing lib...                                                

   info • The part-of directive uses a library name. Try converting the directive to use the URI of the library • lib/dependencies.dart:46:1 • use_string_in_part_of_directives
   info • The type parameter name 'State' matches a visible type name. Try changing the type parameter name to not match an existing type • lib/dependencies.dart:89:19 • avoid_types_as_parameter_names
   info • Constructors in '@immutable' classes should be declared as 'const'. Try adding 'const' to the constructor declaration • lib/dependencies.dart:145:3 • prefer_const_constructors_in_immutables
   info • Constructors in '@immutable' classes should be declared as 'const'. Try adding 'const' to the constructor declaration • lib/dependencies.dart:166:3 • prefer_const_constructors_in_immutables
   info • Constructors in '@immutable' classes should be declared as 'const'. Try adding 'const' to the constructor declaration • lib/dependencies.dart:187:3 • prefer_const_constructors_in_immutables
   info • Constructors in '@immutable' classes should be declared as 'const'. Try adding 'const' to the constructor declaration • lib/dependencies.dart:206:3 • prefer_const_constructors_in_immutables
   info • Constructors in '@immutable' classes should be declared as 'const'. Try adding 'const' to the constructor declaration • lib/dependencies.dart:225:3 • prefer_const_constructors_in_immutables
   info • Library names are not necessary. Remove the library name • lib/generated_widget.dart:2:9 • unnecessary_library_name
   info • Constructors in '@immutable' classes should be declared as 'const'. Try adding 'const' to the constructor declaration • lib/generated_widget.dart:11:3 • prefer_const_constructors_in_immutables
warning • The value of the local variable 'todos' isn't used. Try removing the variable or using it • lib/generated_widget.dart:28:11 • unused_local_variable

[spm]: Injecting profiler code...
[spm]: Starting app...
Running Gradle task 'assembleProfile'...                        
Running Gradle task 'assembleProfile'...                           18.4s
✓ Built build/app/outputs/flutter-apk/app-profile.apk (26.8MB)
Installing build/app/outputs/flutter-apk/app-profile.apk...      1,283ms
D/MiuiMultiWindowUtils(23290): freeform resolution args raw data:{  "zizhan":{    "freeform_args": {      "inner":{        "vertical_portrait":{"aspect_ratio":0.626, "original_ratio":0.5643,"original_scale":0.74,"top_margin":0.168,"left_margin":0.484},        "horizontal_portrait":{"aspect_ratio":0.626, "original_ratio":0.5643,"original_scale":0.74,"top_margin":0.1222,"left_margin":0.59745},        "vertical_landscape":{"aspect_ratio":1.6, "original_ratio":1,"original_scale":0.604,"top_margin":0.2596,"left_margin":0.2624},        "horizontal_landscape":{"aspect_ratio":1.6, "original_ratio":1,"original_scale":0.604,"top_margin":0.213,"left_margin":0.3758}      },      "outer":{        "vertical_portrait":{"aspect_ratio":0.626, "original_ratio":1,"original_scale":0.74,"top_margin":0.0753,"left_margin":-1},        "horizontal_portrait":{"aspect_ratio":0.626, "original_ratio":1,"original_scale":0.5756,"top_margin":-1,"left_margin":0.0753},        "vertical_landscape":{"aspect_ratio":1.6, "original_ratio":0.6847,"original_scale":0.587,"top_margin":0.0753,"left_margin":-1},        "horizontal_landscape":{"aspect_ratio":1.6, "original_ratio":0.6847,"original_scale":0.587,"top_margin":-1,"left_margin":0.0753}}    },    "mini_freeform_args":{      "inner":{        "vertical_portrait":{"aspect_ratio":0.626, "original_ratio":0.147},        "horizontal_portrait":{"aspect_ratio":0.626, "original_ratio":0.147},        "vertical_landscape":{"aspect_ratio":1.6, "original_ratio":0.165},        "horizontal_landscape":{"aspect_ratio":1.6, "original_ratio":0.165}      },      "outer":{        "vertical_portrait":{"aspect_ratio":0.626, "original_ratio":0.26},        "horizontal_portrait":{"aspect_ratio":0.626, "original_ratio":0.26},        "vertical_landscape":{"aspect_ratio":1.6, "original_ratio":0.293},        "horizontal_landscape":{"aspect_ratio":1.6, "original_ratio":0.293}}    }  },  "wide_default":{    "freeform_args": {        "vertical_portrait":{"aspect_ratio":0.625, "original_ratio":0.5806,"original_scale":0.7574,"top_margin":0.125,"left_margin":0.392},        "horizontal_portrait":{"aspect_ratio":0.625, "original_ratio":0.5806,"original_scale":0.7574,"top_margin":-1,"left_margin":0.6415},        "vertical_landscape":{"aspect_ratio":1.6, "original_ratio":1,"original_scale":0.5153,"top_margin":0.125,"left_margin":0.206},        "horizontal_landscape":{"aspect_ratio":1.6, "original_ratio":1,"original_scale":0.5153,"top_margin":-1,"left_margin":0.456}    },    "mini_freeform_args":{        "vertical_portrait":{"aspect_ratio":0.5625, "original_ratio":0.144},        "horizontal_portrait":{"aspect_ratio":0.5625, "original_ratio":0.144},        "vertical_landscape":{"aspect_ratio":-1, "original_ratio":0.144},        "horizontal_landscape":{"aspect_ratio":-1, "original_ratio":0.144}    }  },  "narrow_default": {    "freeform_args": {        "vertical_portrait":{"aspect_ratio":0.5625, "original_ratio":1,"original_scale":0.7182,"top_margin":0.142,"left_margin":-1},        "horizontal_portrait":{"aspect_ratio":0.8, "original_ratio":1,"original_scale":0.7182,"top_margin":-1,"left_margin":0.05},        "vertical_landscape":{"aspect_ratio":1.6, "original_ratio":0.6545,"original_scale":0.4473,"top_margin":0.142,"left_margin":-1},        "horizontal_landscape":{"aspect_ratio":1.6, "original_ratio":0.6545,"original_scale":0.4473,"top_margin":-1,"left_margin":0.05}    },    "mini_freeform_args":{        "vertical_portrait":{"aspect_ratio":0.5625, "original_ratio":0.3},        "horizontal_portrait":{"aspect_ratio":0.5625, "original_ratio":0.3},        "vertical_landscape":{"aspect_ratio":1.7778, "original_ratio":0.3},        "horizontal_landscape":{"aspect_ratio":1.7778, "original_ratio":0.3}    }  },  "regular_default": {    "freeform_args": {      "vertical_portrait":{"aspect_ratio":0.625, "original_ratio":1,"original_scale":0.7,"top_margin":0.109,"left_margin":-1},      "horizontal_portrait":{"aspect_ratio":0.6667, "original_ratio":1,"original_scale":0.6102,"top_margin":-1,"left_margin":0.026},      "vertical_landscape":{"asp
E/MiuiMultiWindowUtils(23290): initFreeFormResolutionArgs failed, device is lime
D/IS_CTS_MODE(23290): true
D/MULTI_WINDOW_SWITCH_ENABLED(23290): false
D/IS_CTS_MODE(23290): true
D/MULTI_WINDOW_SWITCH_ENABLED(23290): false
D/IS_CTS_MODE(23290): true
D/MULTI_WINDOW_SWITCH_ENABLED(23290): false
D/DecorView[](23290): getWindowModeFromSystem  windowmode is 1
D/DecorView[](23290): getWindowModeFromSystem  windowmode is 1
D/DecorView[](23290): updateDecorCaptionStatus displayWindowDecor is false
W/Looper  (23290): PerfMonitor looperActivity : package=com.example.benchmark_container/.MainActivity time=406ms latency=358ms running=0ms  procState=-1  historyMsgCount=2 (msgIndex=1 wall=406ms seq=4 late=358ms h=android.app.ActivityThread$H w=159) (msgIndex=2 wall=364ms seq=3 h=android.app.ActivityThread$H w=110)
W/Looper  (23290): PerfMonitor looperActivity : package=com.example.benchmark_container/.MainActivity time=0ms latency=766ms running=0ms  procState=-1  historyMsgCount=4 (msgIndex=2 wall=406ms seq=4 late=358ms h=android.app.ActivityThread$H w=159) (msgIndex=3 wall=364ms seq=3 h=android.app.ActivityThread$H w=110) (msgIndex=4 wall=406ms seq=4 late=358ms h=android.app.ActivityThread$H w=159)
D/SurfaceView(23290): UPDATE null, mIsCastMode = false
D/hw-ProcessState(23290): Binder ioctl to enable oneway spam detection failed: Invalid argument
W/Looper  (23290): PerfMonitor longMsg : seq=8 plan=23:10:07.416 late=447ms wall=1758ms running=0ms h=android.view.Choreographer$FrameHandler c=android.view.Choreographer$FrameDisplayEventReceiver procState=-1
W/Looper  (23290): PerfMonitor doFrame : time=1758ms vsyncFrame=0 latency=447ms procState=-1 historyMsgCount=7 (msgIndex=2 wall=406ms seq=4 h=android.app.ActivityThread$H w=159) (msgIndex=3 wall=1758ms seq=8 late=447ms h=android.view.Choreographer$FrameHandler c=android.view.Choreographer$FrameDisplayEventReceiver) (msgIndex=4 wall=406ms seq=4 h=android.app.ActivityThread$H w=159)
I/Choreographer(23290): Skipped 99 frames!  The application may be doing too much work on its main thread.
D/SurfaceView(23290): UPDATE Surface(name=SurfaceView[com.example.benchmark_container/com.example.benchmark_container.MainActivity])/@0x9ac515, mIsProjectionMode = false
W/Looper  (23290): PerfMonitor doFrame : time=2ms vsyncFrame=0 latency=1664ms procState=-1 historyMsgCount=4
[spm]: Connected to Dart VM service.
I/flutter (23290): 00:00 +0: Performance Benchmark
E/hmark_containe(23290): open libmigui.so failed! dlopen - dlopen failed: library "libmigui.so" not found
D/hmark_containe(23290): MiuiProcessManagerServiceStub setSchedFifo
I/MiuiProcessManagerImpl(23290): setSchedFifo pid:23290, mode:3
D/DecorView[](23290): onWindowFocusChanged hasWindowFocus true
D/DecorView[](23290): getWindowModeFromSystem  windowmode is 1
D/DecorView[](23290): updateDecorCaptionStatus displayWindowDecor is false
D/ProfileInstaller(23290): Installing profile for com.example.benchmark_container
[spm]: ProfilerData event received.
I/flutter (23290): [SPM:perf] 698a51a  buildSpan: 739µs
I/flutter (23290): [spm] Performance monitoring completed for 698a51a
[spm]: ProfilerData event received.
I/flutter (23290): [SPM:perf] 698a51a  buildSpan: 596µs
I/flutter (23290): [spm] Performance monitoring completed for 698a51a
[spm]: ProfilerData event received.
I/flutter (23290): [SPM:perf] 698a51a  buildSpan: 534µs
I/flutter (23290): [spm] Performance monitoring completed for 698a51a
[spm]: ProfilerData event received.
I/flutter (23290): [SPM:perf] 698a51a  buildSpan: 503µs
I/flutter (23290): [spm] Performance monitoring completed for 698a51a
[spm]: ProfilerData event received.
I/flutter (23290): [SPM:perf] 698a51a  buildSpan: 502µs
I/flutter (23290): [spm] Performance monitoring completed for 698a51a
[spm]: ProfilerData event received.
I/flutter (23290): [SPM:perf] 698a51a  buildSpan: 553µs
I/flutter (23290): [spm] Performance monitoring completed for 698a51a
[spm]: ProfilerData event received.
I/flutter (23290): [SPM:perf] 698a51a  buildSpan: 569µs
I/flutter (23290): [spm] Performance monitoring completed for 698a51a
[spm]: ProfilerData event received.
I/flutter (23290): [SPM:perf] 698a51a  buildSpan: 519µs
I/flutter (23290): [spm] Performance monitoring completed for 698a51a
[spm]: ProfilerData event received.
I/flutter (23290): [SPM:perf] 698a51a  buildSpan: 479µs
I/flutter (23290): [spm] Performance monitoring completed for 698a51a
[spm]: ProfilerData event received.
I/flutter (23290): [SPM:perf] 698a51a  buildSpan: 516µs
I/flutter (23290): [spm] Performance monitoring completed for 698a51a
[spm]: ProfilerData event received.
I/flutter (23290): [SPM:perf] 698a51a  buildSpan: 557µs
I/flutter (23290): [spm] Performance monitoring completed for 698a51a
I/flutter (23290): [SPM:perf] 698a51a  buildSpan: 525µs
I/flutter (23290): [spm] Performance monitoring completed for 698a51a
[spm]: ProfilerData event received.
[spm]: ProfilerData event received.
I/flutter (23290): [SPM:perf] 698a51a  buildSpan: 657µs
I/flutter (23290): [spm] Performance monitoring completed for 698a51a
[spm]: ProfilerData event received.
I/flutter (23290): [SPM:perf] 698a51a  buildSpan: 454µs
I/flutter (23290): [spm] Performance monitoring completed for 698a51a
[spm]: ProfilerData event received.
I/flutter (23290): [SPM:perf] 698a51a  buildSpan: 545µs
I/flutter (23290): [spm] Performance monitoring completed for 698a51a
[spm]: ProfilerData event received.
I/flutter (23290): [SPM:perf] 698a51a  buildSpan: 402µs
I/flutter (23290): [spm] Performance monitoring completed for 698a51a
[spm]: ProfilerData event received.
I/flutter (23290): [SPM:perf] 698a51a  buildSpan: 510µs
I/flutter (23290): [spm] Performance monitoring completed for 698a51a
[spm]: ProfilerData event received.
I/flutter (23290): [SPM:perf] 698a51a  buildSpan: 677µs
I/flutter (23290): [spm] Performance monitoring completed for 698a51a
[spm]: ProfilerData event received.
I/flutter (23290): [SPM:perf] 698a51a  buildSpan: 495µs
I/flutter (23290): [spm] Performance monitoring completed for 698a51a
[spm]: ProfilerData event received.
I/flutter (23290): [SPM:perf] 698a51a  buildSpan: 507µs
I/flutter (23290): [spm] Performance monitoring completed for 698a51a
I/flutter (23290): [SPM:perf] 698a51a  buildSpan: 540µs
I/flutter (23290): [spm] Performance monitoring completed for 698a51a
[spm]: ProfilerData event received.
[spm]: ProfilerData event received.
I/flutter (23290): [SPM:perf] 698a51a  buildSpan: 500µs
I/flutter (23290): [spm] Performance monitoring completed for 698a51a
I/flutter (23290): [SPM:perf] 698a51a  buildSpan: 497µs
I/flutter (23290): [spm] Performance monitoring completed for 698a51a
[spm]: ProfilerData event received.
[spm]: ProfilerData event received.
I/flutter (23290): [SPM:perf] 698a51a  buildSpan: 451µs
I/flutter (23290): [spm] Performance monitoring completed for 698a51a
[spm]: ProfilerData event received.
I/flutter (23290): [SPM:perf] 698a51a  buildSpan: 547µs
I/flutter (23290): [spm] Performance monitoring completed for 698a51a
[spm]: ProfilerData event received.
I/flutter (23290): [SPM:perf] 698a51a  buildSpan: 465µs
I/flutter (23290): [spm] Performance monitoring completed for 698a51a
I/flutter (23290): [SPM:perf] 698a51a  buildSpan: 490µs
[spm]: ProfilerData event received.
I/flutter (23290): [spm] Performance monitoring completed for 698a51a
I/flutter (23290): [SPM:perf] 698a51a  buildSpan: 527µs
I/flutter (23290): [spm] Performance monitoring completed for 698a51a
[spm]: ProfilerData event received.
[spm]: ProfilerData event received.
I/flutter (23290): [SPM:perf] 698a51a  buildSpan: 514µs
I/flutter (23290): [spm] Performance monitoring completed for 698a51a
I/flutter (23290): [SPM:perf] 698a51a  buildSpan: 495µs
I/flutter (23290): [spm] Performance monitoring completed for 698a51a
[spm]: ProfilerData event received.
I/flutter (23290): 01:10 +1: (tearDownAll)
I/flutter (23290): 01:11 +2: All tests passed!
All tests passed.
[spm]: Saved 30 profiler events to <ROOT>/dataset-new_samples/0455/redmi9t/raw/20260916-230429/rev_001_48efa32a/e10.jsonl
[spm]: Reverting injection...
10 issues found. (ran in 0.5s)
WARNING: Your Android app project: app located at: <ROOT>/android/app/build.gradle.kts
applies the Kotlin Gradle Plugin, which will cause build failures in future versions of Flutter. 
Please migrate your app to Built-in Kotlin using this guide: https://docs.flutter.dev/release/breaking-changes/migrate-to-built-in-kotlin/for-app-developers

VMServiceFlutterDriver: Connecting to Flutter application at http://127.0.0.1:34003/cReDDo30V70=/
[spm]: Detected VM service URI: ws://127.0.0.1:34003/cReDDo30V70=/ws
VMServiceFlutterDriver: Isolate found with number: 7576973106386507
VMServiceFlutterDriver: Isolate 7576973106386507 is runnable.
VMServiceFlutterDriver: Isolate is paused at start.
VMServiceFlutterDriver: Attempting to resume isolate
VMServiceFlutterDriver: Connected to Flutter application.
VMServiceFlutterDriver: request_data message is taking a long time to complete...