# sample_id=1746/rev_023_13310e2d exec_index=5 ok=True perf_lines=30 vm_events=30 battery_pct=80 soc_temp_millic=42000 battery_temp_c=29.8 charging=False preflight_started=2026-09-18T04:32:26.072007+00:00 started=2026-09-18T04:32:28.407183+00:00 ts=2026-09-18T04:34:25.677900+00:00
[spm]: Running flutter analyze...
Resolving dependencies...
Downloading packages...
  _fe_analyzer_shared 100.0.0 (108.0.0 available)
  analyzer 13.0.0 (14.4.0 available)
  async 2.13.0 (2.13.1 available)
  clock 1.1.2 (1.1.3 available)
  cupertino_icons 1.0.8 (1.0.9 available)
  glob 2.1.3 (2.2.0 available)
  lints 6.0.0 (6.1.0 available)
  matcher 0.12.19 (0.12.20 available)
  material_color_utilities 0.13.0 (0.13.1 available)
  meta 1.18.0 (1.19.0 available)
  package_config 2.2.0 (3.0.0 available)
  platform 3.1.6 (3.2.0 available)
  process 5.0.5 (5.0.6 available)
  pub_semver 2.2.0 (2.2.1 available)
  source_span 1.10.1 (1.10.2 available)
  stack_trace 1.12.1 (1.12.2 available)
  test_api 0.7.11 (0.7.14 available)
  vector_math 2.2.0 (2.4.2 available)
  vm_service 15.0.2 (15.3.0 available)
  webdriver 3.1.0 (3.2.0 available)
  yaml 3.1.3 (3.1.4 available)
Got dependencies!
21 packages have newer versions incompatible with dependency constraints.
Try `flutter pub outdated` for more information.
Analyzing lib...                                                

   info • The part-of directive uses a library name. Try converting the directive to use the URI of the library • lib/dependencies.dart:46:1 • use_string_in_part_of_directives
   info • Library names are not necessary. Remove the library name • lib/generated_widget.dart:2:9 • unnecessary_library_name
   info • Constructors in '@immutable' classes should be declared as 'const'. Try adding 'const' to the constructor declaration • lib/generated_widget.dart:13:3 • prefer_const_constructors_in_immutables

[spm]: Injecting profiler code...
[spm]: Starting app...
Running Gradle task 'assembleProfile'...                        
Running Gradle task 'assembleProfile'...                           20.2s
✓ Built build/app/outputs/flutter-apk/app-profile.apk (26.8MB)
Installing build/app/outputs/flutter-apk/app-profile.apk...      1,014ms
E/MiuiMultiWindowUtils(17418): initFreeFormResolutionArgs failed, device is lime
D/IS_CTS_MODE(17418): true
D/MULTI_WINDOW_SWITCH_ENABLED(17418): false
D/IS_CTS_MODE(17418): true
D/MULTI_WINDOW_SWITCH_ENABLED(17418): false
D/IS_CTS_MODE(17418): true
D/MULTI_WINDOW_SWITCH_ENABLED(17418): false
D/DecorView[](17418): getWindowModeFromSystem  windowmode is 1
D/DecorView[](17418): getWindowModeFromSystem  windowmode is 1
D/DecorView[](17418): updateDecorCaptionStatus displayWindowDecor is false
W/Looper  (17418): PerfMonitor looperActivity : package=com.example.benchmark_container/.MainActivity time=409ms latency=362ms running=0ms  procState=-1  historyMsgCount=2 (msgIndex=1 wall=409ms seq=4 late=362ms h=android.app.ActivityThread$H w=159) (msgIndex=2 wall=364ms seq=3 h=android.app.ActivityThread$H w=110)
W/Looper  (17418): PerfMonitor looperActivity : package=com.example.benchmark_container/.MainActivity time=0ms latency=774ms running=0ms  procState=-1  historyMsgCount=4 (msgIndex=2 wall=409ms seq=4 late=362ms h=android.app.ActivityThread$H w=159) (msgIndex=3 wall=364ms seq=3 h=android.app.ActivityThread$H w=110) (msgIndex=4 wall=409ms seq=4 late=362ms h=android.app.ActivityThread$H w=159)
D/SurfaceView(17418): UPDATE null, mIsCastMode = false
D/hw-ProcessState(17418): Binder ioctl to enable oneway spam detection failed: Invalid argument
W/Looper  (17418): PerfMonitor longMsg : seq=8 plan=07:33:03.068 late=438ms wall=1778ms running=0ms h=android.view.Choreographer$FrameHandler c=android.view.Choreographer$FrameDisplayEventReceiver procState=-1
W/Looper  (17418): PerfMonitor doFrame : time=1778ms vsyncFrame=0 latency=438ms procState=-1 historyMsgCount=7 (msgIndex=2 wall=409ms seq=4 h=android.app.ActivityThread$H w=159) (msgIndex=3 wall=1778ms seq=8 late=438ms h=android.view.Choreographer$FrameHandler c=android.view.Choreographer$FrameDisplayEventReceiver) (msgIndex=4 wall=409ms seq=4 h=android.app.ActivityThread$H w=159)
I/Choreographer(17418): Skipped 101 frames!  The application may be doing too much work on its main thread.
D/SurfaceView(17418): UPDATE Surface(name=SurfaceView[com.example.benchmark_container/com.example.benchmark_container.MainActivity])/@0x9ac515, mIsProjectionMode = false
W/Looper  (17418): PerfMonitor doFrame : time=2ms vsyncFrame=0 latency=1691ms procState=-1 historyMsgCount=4
[spm]: Connected to Dart VM service.
I/flutter (17418): 00:00 +0: Performance Benchmark
E/hmark_containe(17418): open libmigui.so failed! dlopen - dlopen failed: library "libmigui.so" not found
D/hmark_containe(17418): MiuiProcessManagerServiceStub setSchedFifo
I/MiuiProcessManagerImpl(17418): setSchedFifo pid:17418, mode:3
D/DecorView[](17418): onWindowFocusChanged hasWindowFocus true
D/DecorView[](17418): getWindowModeFromSystem  windowmode is 1
D/DecorView[](17418): updateDecorCaptionStatus displayWindowDecor is false
D/ProfileInstaller(17418): Installing profile for com.example.benchmark_container
[spm]: ProfilerData event received.
I/flutter (17418): [SPM:perf] 698a51a  buildSpan: 3179µs
I/flutter (17418): [spm] Performance monitoring completed for 698a51a
[spm]: ProfilerData event received.
I/flutter (17418): [SPM:perf] 698a51a  buildSpan: 3171µs
I/flutter (17418): [spm] Performance monitoring completed for 698a51a
I/flutter (17418): [SPM:perf] 698a51a  buildSpan: 3207µs
I/flutter (17418): [spm] Performance monitoring completed for 698a51a
[spm]: ProfilerData event received.
[spm]: ProfilerData event received.
I/flutter (17418): [SPM:perf] 698a51a  buildSpan: 3188µs
I/flutter (17418): [spm] Performance monitoring completed for 698a51a
[spm]: ProfilerData event received.
I/flutter (17418): [SPM:perf] 698a51a  buildSpan: 4144µs
I/flutter (17418): [spm] Performance monitoring completed for 698a51a
[spm]: ProfilerData event received.
I/flutter (17418): [SPM:perf] 698a51a  buildSpan: 3156µs
I/flutter (17418): [spm] Performance monitoring completed for 698a51a
I/flutter (17418): [SPM:perf] 698a51a  buildSpan: 3175µs
I/flutter (17418): [spm] Performance monitoring completed for 698a51a
[spm]: ProfilerData event received.
[spm]: ProfilerData event received.
I/flutter (17418): [SPM:perf] 698a51a  buildSpan: 3046µs
I/flutter (17418): [spm] Performance monitoring completed for 698a51a
[spm]: ProfilerData event received.
I/flutter (17418): [SPM:perf] 698a51a  buildSpan: 3098µs
I/flutter (17418): [spm] Performance monitoring completed for 698a51a
[spm]: ProfilerData event received.
I/flutter (17418): [SPM:perf] 698a51a  buildSpan: 3883µs
I/flutter (17418): [spm] Performance monitoring completed for 698a51a
[spm]: ProfilerData event received.
I/flutter (17418): [SPM:perf] 698a51a  buildSpan: 3140µs
I/flutter (17418): [spm] Performance monitoring completed for 698a51a
I/flutter (17418): [SPM:perf] 698a51a  buildSpan: 3015µs
I/flutter (17418): [spm] Performance monitoring completed for 698a51a
[spm]: ProfilerData event received.
[spm]: ProfilerData event received.
I/flutter (17418): [SPM:perf] 698a51a  buildSpan: 3116µs
I/flutter (17418): [spm] Performance monitoring completed for 698a51a
[spm]: ProfilerData event received.
I/flutter (17418): [SPM:perf] 698a51a  buildSpan: 3115µs
I/flutter (17418): [spm] Performance monitoring completed for 698a51a
[spm]: ProfilerData event received.
I/flutter (17418): [SPM:perf] 698a51a  buildSpan: 3092µs
I/flutter (17418): [spm] Performance monitoring completed for 698a51a
[spm]: ProfilerData event received.
I/flutter (17418): [SPM:perf] 698a51a  buildSpan: 3029µs
I/flutter (17418): [spm] Performance monitoring completed for 698a51a
[spm]: ProfilerData event received.
I/flutter (17418): [SPM:perf] 698a51a  buildSpan: 3256µs
I/flutter (17418): [spm] Performance monitoring completed for 698a51a
[spm]: ProfilerData event received.
I/flutter (17418): [SPM:perf] 698a51a  buildSpan: 3292µs
I/flutter (17418): [spm] Performance monitoring completed for 698a51a
[spm]: ProfilerData event received.
I/flutter (17418): [SPM:perf] 698a51a  buildSpan: 3068µs
I/flutter (17418): [spm] Performance monitoring completed for 698a51a
[spm]: ProfilerData event received.
I/flutter (17418): [SPM:perf] 698a51a  buildSpan: 3061µs
I/flutter (17418): [spm] Performance monitoring completed for 698a51a
[spm]: ProfilerData event received.
I/flutter (17418): [SPM:perf] 698a51a  buildSpan: 3042µs
I/flutter (17418): [spm] Performance monitoring completed for 698a51a
I/flutter (17418): [SPM:perf] 698a51a  buildSpan: 3141µs
I/flutter (17418): [spm] Performance monitoring completed for 698a51a
[spm]: ProfilerData event received.
[spm]: ProfilerData event received.
I/flutter (17418): [SPM:perf] 698a51a  buildSpan: 3020µs
I/flutter (17418): [spm] Performance monitoring completed for 698a51a
[spm]: ProfilerData event received.
I/flutter (17418): [SPM:perf] 698a51a  buildSpan: 3070µs
I/flutter (17418): [spm] Performance monitoring completed for 698a51a
[spm]: ProfilerData event received.
I/flutter (17418): [SPM:perf] 698a51a  buildSpan: 3188µs
I/flutter (17418): [spm] Performance monitoring completed for 698a51a
[spm]: ProfilerData event received.
I/flutter (17418): [SPM:perf] 698a51a  buildSpan: 3091µs
I/flutter (17418): [spm] Performance monitoring completed for 698a51a
[spm]: ProfilerData event received.
I/flutter (17418): [SPM:perf] 698a51a  buildSpan: 2986µs
I/flutter (17418): [spm] Performance monitoring completed for 698a51a
[spm]: ProfilerData event received.
I/flutter (17418): [SPM:perf] 698a51a  buildSpan: 3615µs
I/flutter (17418): [spm] Performance monitoring completed for 698a51a
[spm]: ProfilerData event received.
I/flutter (17418): [SPM:perf] 698a51a  buildSpan: 3003µs
I/flutter (17418): [spm] Performance monitoring completed for 698a51a
I/flutter (17418): [SPM:perf] 698a51a  buildSpan: 3321µs
[spm]: ProfilerData event received.
I/flutter (17418): [spm] Performance monitoring completed for 698a51a
I/flutter (17418): 01:10 +1: (tearDownAll)
I/flutter (17418): 01:11 +2: All tests passed!
All tests passed.
[spm]: Saved 30 profiler events to <ROOT>/dataset-new_samples/1746/redmi9t/raw/20260918-063954/rev_023_13310e2d/e5.jsonl
[spm]: Reverting injection...
3 issues found. (ran in 0.5s)
WARNING: Your Android app project: app located at: <ROOT>/android/app/build.gradle.kts
applies the Kotlin Gradle Plugin, which will cause build failures in future versions of Flutter. 
Please migrate your app to Built-in Kotlin using this guide: https://docs.flutter.dev/release/breaking-changes/migrate-to-built-in-kotlin/for-app-developers

VMServiceFlutterDriver: Connecting to Flutter application at http://127.0.0.1:45509/Xi-DlUq085s=/
[spm]: Detected VM service URI: ws://127.0.0.1:45509/Xi-DlUq085s=/ws
VMServiceFlutterDriver: Isolate found with number: 3682363849122123
VMServiceFlutterDriver: Isolate 3682363849122123 is runnable.
VMServiceFlutterDriver: Isolate is paused at start.
VMServiceFlutterDriver: Attempting to resume isolate
VMServiceFlutterDriver: Connected to Flutter application.
VMServiceFlutterDriver: request_data message is taking a long time to complete...