# sample_id=1385/rev_001_c3200d3f exec_index=2 ok=True perf_lines=30 vm_events=30 battery_pct=53 soc_temp_millic=37000 battery_temp_c=29.5 charging=False preflight_started=2026-09-17T21:01:05.344646+00:00 started=2026-09-17T21:01:08.103992+00:00 ts=2026-09-17T21:03:31.462203+00:00
[spm]: Running flutter analyze...
Resolving dependencies...
Downloading packages...
  _fe_analyzer_shared 100.0.0 (108.0.0 available)
  analyzer 13.0.0 (14.4.0 available)
  async 2.13.0 (2.13.1 available)
  clock 1.1.2 (1.1.3 available)
  cupertino_icons 1.0.8 (1.0.9 available)
  glob 2.1.3 (2.2.0 available)
  lints 6.0.0 (6.1.0 available)
  matcher 0.12.19 (0.12.20 available)
  material_color_utilities 0.13.0 (0.13.1 available)
  meta 1.18.0 (1.19.0 available)
  package_config 2.2.0 (3.0.0 available)
  platform 3.1.6 (3.2.0 available)
  process 5.0.5 (5.0.6 available)
  pub_semver 2.2.0 (2.2.1 available)
  source_span 1.10.1 (1.10.2 available)
  stack_trace 1.12.1 (1.12.2 available)
  test_api 0.7.11 (0.7.14 available)
  vector_math 2.2.0 (2.4.2 available)
  vm_service 15.0.2 (15.3.0 available)
  webdriver 3.1.0 (3.2.0 available)
  yaml 3.1.3 (3.1.4 available)
Got dependencies!
21 packages have newer versions incompatible with dependency constraints.
Try `flutter pub outdated` for more information.
Analyzing lib...                                                

   info • The part-of directive uses a library name. Try converting the directive to use the URI of the library • lib/dependencies.dart:46:1 • use_string_in_part_of_directives
   info • Library names are not necessary. Remove the library name • lib/generated_widget.dart:2:9 • unnecessary_library_name
   info • Constructors in '@immutable' classes should be declared as 'const'. Try adding 'const' to the constructor declaration • lib/generated_widget.dart:12:3 • prefer_const_constructors_in_immutables

[spm]: Injecting profiler code...
[spm]: Starting app...
Running Gradle task 'assembleProfile'...                        
Running Gradle task 'assembleProfile'...                           32.0s
✓ Built build/app/outputs/flutter-apk/app-profile.apk (34.3MB)
Installing build/app/outputs/flutter-apk/app-profile.apk...      1,459ms
D/DecorView[](18668): getWindowModeFromSystem  windowmode is 1
D/DecorView[](18668): updateDecorCaptionStatus displayWindowDecor is false
W/Looper  (18668): PerfMonitor looperActivity : package=com.example.benchmark_container/.MainActivity time=402ms latency=330ms running=0ms  procState=-1  historyMsgCount=3 (msgIndex=3 wall=322ms seq=3 h=android.app.ActivityThread$H w=110)
W/Looper  (18668): PerfMonitor looperActivity : package=com.example.benchmark_container/.MainActivity time=0ms latency=734ms running=0ms  procState=-1  historyMsgCount=4 (msgIndex=3 wall=322ms seq=3 h=android.app.ActivityThread$H w=110) (msgIndex=4 wall=402ms seq=4 late=330ms h=android.app.ActivityThread$H w=159)
D/SurfaceView(18668): UPDATE null, mIsCastMode = false
D/hw-ProcessState(18668): Binder ioctl to enable oneway spam detection failed: Invalid argument
W/Looper  (18668): PerfMonitor longMsg : seq=8 plan=00:02:03.144 late=415ms wall=1845ms running=0ms h=android.view.Choreographer$FrameHandler c=android.view.Choreographer$FrameDisplayEventReceiver procState=-1
W/Looper  (18668): PerfMonitor doFrame : time=1845ms vsyncFrame=0 latency=415ms procState=-1 historyMsgCount=6 (msgIndex=2 wall=1845ms seq=8 late=415ms h=android.view.Choreographer$FrameHandler c=android.view.Choreographer$FrameDisplayEventReceiver) (msgIndex=3 wall=402ms seq=4 h=android.app.ActivityThread$H w=159)
I/Choreographer(18668): Skipped 105 frames!  The application may be doing too much work on its main thread.
D/SurfaceView(18668): UPDATE Surface(name=SurfaceView[com.example.benchmark_container/com.example.benchmark_container.MainActivity])/@0x9ac515, mIsProjectionMode = false
W/Looper  (18668): PerfMonitor doFrame : time=3ms vsyncFrame=0 latency=1752ms procState=-1 historyMsgCount=4
[spm]: Connected to Dart VM service.
I/flutter (18668): 00:00 +0: Performance Benchmark
E/hmark_containe(18668): open libmigui.so failed! dlopen - dlopen failed: library "libmigui.so" not found
D/hmark_containe(18668): MiuiProcessManagerServiceStub setSchedFifo
I/MiuiProcessManagerImpl(18668): setSchedFifo pid:18668, mode:3
D/DecorView[](18668): onWindowFocusChanged hasWindowFocus true
D/ProfileInstaller(18668): Installing profile for com.example.benchmark_container
D/DecorView[](18668): getWindowModeFromSystem  windowmode is 1
D/DecorView[](18668): updateDecorCaptionStatus displayWindowDecor is false
I/flutter (18668): [SPM:perf] 698a51a  buildSpan: 4507µs
I/flutter (18668): [spm] Performance monitoring completed for 698a51a
[spm]: ProfilerData event received.
[spm]: ProfilerData event received.
I/flutter (18668): [SPM:perf] 698a51a  buildSpan: 4305µs
I/flutter (18668): [spm] Performance monitoring completed for 698a51a
[spm]: ProfilerData event received.
I/flutter (18668): [SPM:perf] 698a51a  buildSpan: 10863µs
I/flutter (18668): [spm] Performance monitoring completed for 698a51a
[spm]: ProfilerData event received.
I/flutter (18668): [SPM:perf] 698a51a  buildSpan: 4615µs
I/flutter (18668): [spm] Performance monitoring completed for 698a51a
I/flutter (18668): [SPM:perf] 698a51a  buildSpan: 4135µs
I/flutter (18668): [spm] Performance monitoring completed for 698a51a
[spm]: ProfilerData event received.
[spm]: ProfilerData event received.
I/flutter (18668): [SPM:perf] 698a51a  buildSpan: 4278µs
I/flutter (18668): [spm] Performance monitoring completed for 698a51a
[spm]: ProfilerData event received.
I/flutter (18668): [SPM:perf] 698a51a  buildSpan: 4462µs
I/flutter (18668): [spm] Performance monitoring completed for 698a51a
I/flutter (18668): [SPM:perf] 698a51a  buildSpan: 4246µs
[spm]: ProfilerData event received.
I/flutter (18668): [spm] Performance monitoring completed for 698a51a
[spm]: ProfilerData event received.
I/flutter (18668): [SPM:perf] 698a51a  buildSpan: 4257µs
I/flutter (18668): [spm] Performance monitoring completed for 698a51a
[spm]: ProfilerData event received.
I/flutter (18668): [SPM:perf] 698a51a  buildSpan: 4314µs
I/flutter (18668): [spm] Performance monitoring completed for 698a51a
[spm]: ProfilerData event received.
I/flutter (18668): [SPM:perf] 698a51a  buildSpan: 3398µs
I/flutter (18668): [spm] Performance monitoring completed for 698a51a
[spm]: ProfilerData event received.
I/flutter (18668): [SPM:perf] 698a51a  buildSpan: 4295µs
I/flutter (18668): [spm] Performance monitoring completed for 698a51a
[spm]: ProfilerData event received.
I/flutter (18668): [SPM:perf] 698a51a  buildSpan: 4451µs
I/flutter (18668): [spm] Performance monitoring completed for 698a51a
[spm]: ProfilerData event received.
I/flutter (18668): [SPM:perf] 698a51a  buildSpan: 4230µs
I/flutter (18668): [spm] Performance monitoring completed for 698a51a
[spm]: ProfilerData event received.
I/flutter (18668): [SPM:perf] 698a51a  buildSpan: 4376µs
I/flutter (18668): [spm] Performance monitoring completed for 698a51a
[spm]: ProfilerData event received.
I/flutter (18668): [SPM:perf] 698a51a  buildSpan: 4430µs
I/flutter (18668): [spm] Performance monitoring completed for 698a51a
[spm]: ProfilerData event received.
I/flutter (18668): [SPM:perf] 698a51a  buildSpan: 4343µs
I/flutter (18668): [spm] Performance monitoring completed for 698a51a
[spm]: ProfilerData event received.
I/flutter (18668): [SPM:perf] 698a51a  buildSpan: 4145µs
I/flutter (18668): [spm] Performance monitoring completed for 698a51a
[spm]: ProfilerData event received.
I/flutter (18668): [SPM:perf] 698a51a  buildSpan: 4204µs
I/flutter (18668): [spm] Performance monitoring completed for 698a51a
[spm]: ProfilerData event received.
I/flutter (18668): [SPM:perf] 698a51a  buildSpan: 4141µs
I/flutter (18668): [spm] Performance monitoring completed for 698a51a
I/flutter (18668): [SPM:perf] 698a51a  buildSpan: 4350µs
I/flutter (18668): [spm] Performance monitoring completed for 698a51a
[spm]: ProfilerData event received.
I/flutter (18668): [SPM:perf] 698a51a  buildSpan: 4360µs
I/flutter (18668): [spm] Performance monitoring completed for 698a51a
[spm]: ProfilerData event received.
[spm]: ProfilerData event received.
I/flutter (18668): [SPM:perf] 698a51a  buildSpan: 4206µs
I/flutter (18668): [spm] Performance monitoring completed for 698a51a
[spm]: ProfilerData event received.
I/flutter (18668): [SPM:perf] 698a51a  buildSpan: 4456µs
I/flutter (18668): [spm] Performance monitoring completed for 698a51a
[spm]: ProfilerData event received.
I/flutter (18668): [SPM:perf] 698a51a  buildSpan: 4443µs
I/flutter (18668): [spm] Performance monitoring completed for 698a51a
[spm]: ProfilerData event received.
I/flutter (18668): [SPM:perf] 698a51a  buildSpan: 4191µs
I/flutter (18668): [spm] Performance monitoring completed for 698a51a
[spm]: ProfilerData event received.
I/flutter (18668): [SPM:perf] 698a51a  buildSpan: 4193µs
I/flutter (18668): [spm] Performance monitoring completed for 698a51a
I/flutter (18668): [SPM:perf] 698a51a  buildSpan: 4290µs
I/flutter (18668): [spm] Performance monitoring completed for 698a51a
[spm]: ProfilerData event received.
[spm]: ProfilerData event received.
I/flutter (18668): [SPM:perf] 698a51a  buildSpan: 4373µs
I/flutter (18668): [spm] Performance monitoring completed for 698a51a
[spm]: ProfilerData event received.
I/flutter (18668): [SPM:perf] 698a51a  buildSpan: 4137µs
I/flutter (18668): [spm] Performance monitoring completed for 698a51a
I/flutter (18668): 01:10 +1: (tearDownAll)
I/flutter (18668): 01:11 +2: All tests passed!
All tests passed.
[spm]: Saved 30 profiler events to <ROOT>/dataset-new_samples/1385/redmi9t/raw/20260917-225915/rev_001_c3200d3f/e2.jsonl
[spm]: Reverting injection...
3 issues found. (ran in 1.2s)
WARNING: Your Android app project: app located at: <ROOT>/android/app/build.gradle.kts
applies the Kotlin Gradle Plugin, which will cause build failures in future versions of Flutter. 
Please migrate your app to Built-in Kotlin using this guide: https://docs.flutter.dev/release/breaking-changes/migrate-to-built-in-kotlin/for-app-developers

VMServiceFlutterDriver: Connecting to Flutter application at http://127.0.0.1:38993/PICofCPtX-o=/
[spm]: Detected VM service URI: ws://127.0.0.1:38993/PICofCPtX-o=/ws
VMServiceFlutterDriver: Isolate found with number: 1178682703147811
VMServiceFlutterDriver: Isolate 1178682703147811 is runnable.
VMServiceFlutterDriver: Isolate is paused at start.
VMServiceFlutterDriver: Attempting to resume isolate
VMServiceFlutterDriver: Connected to Flutter application.
VMServiceFlutterDriver: request_data message is taking a long time to complete...