# sample_id=2379/rev_001_9b865dd2 exec_index=12 ok=True perf_lines=30 vm_events=30 battery_pct=55 soc_temp_millic=39200 battery_temp_c=31.9 charging=False preflight_started=2026-09-12T19:43:23.717845+00:00 started=2026-09-12T19:43:26.498670+00:00 ts=2026-09-12T19:45:42.003909+00:00
[spm]: Running flutter analyze...
Resolving dependencies...
Downloading packages...
  _fe_analyzer_shared 100.0.0 (108.0.0 available)
  analyzer 13.0.0 (14.4.0 available)
  async 2.13.0 (2.13.1 available)
  clock 1.1.2 (1.1.3 available)
  cupertino_icons 1.0.8 (1.0.9 available)
  glob 2.1.3 (2.2.0 available)
  lints 6.0.0 (6.1.0 available)
  matcher 0.12.19 (0.12.20 available)
  material_color_utilities 0.13.0 (0.13.1 available)
  meta 1.18.0 (1.19.0 available)
  package_config 2.2.0 (3.0.0 available)
  platform 3.1.6 (3.2.0 available)
  process 5.0.5 (5.0.6 available)
  pub_semver 2.2.0 (2.2.1 available)
  source_span 1.10.1 (1.10.2 available)
  stack_trace 1.12.1 (1.12.2 available)
  test_api 0.7.11 (0.7.14 available)
  vector_math 2.2.0 (2.4.2 available)
  vm_service 15.0.2 (15.3.0 available)
  webdriver 3.1.0 (3.2.0 available)
  yaml 3.1.3 (3.1.4 available)
Got dependencies!
21 packages have newer versions incompatible with dependency constraints.
Try `flutter pub outdated` for more information.
Analyzing lib...                                                

   info • The part-of directive uses a library name. Try converting the directive to use the URI of the library • lib/dependencies.dart:46:1 • use_string_in_part_of_directives
   info • Library names are not necessary. Remove the library name • lib/generated_widget.dart:2:9 • unnecessary_library_name
   info • Parameter 'key' could be a super parameter. Trying converting 'key' to a super parameter • lib/generated_widget.dart:9:9 • use_super_parameters
   info • Constructors in '@immutable' classes should be declared as 'const'. Try adding 'const' to the constructor declaration • lib/generated_widget.dart:11:3 • prefer_const_constructors_in_immutables

[spm]: Injecting profiler code...
[spm]: Starting app...
Running Gradle task 'assembleProfile'...                        
Running Gradle task 'assembleProfile'...                           26.2s
✓ Built build/app/outputs/flutter-apk/app-profile.apk (26.8MB)
Installing build/app/outputs/flutter-apk/app-profile.apk...      1,159ms
W/Looper  ( 9774): PerfMonitor looperActivity : package=com.example.benchmark_container/.MainActivity time=0ms latency=930ms running=0ms  procState=-1  historyMsgCount=4 (msgIndex=2 wall=448ms seq=4 late=479ms h=android.app.ActivityThread$H w=159) (msgIndex=3 wall=481ms seq=3 h=android.app.ActivityThread$H w=110) (msgIndex=4 wall=448ms seq=4 late=479ms h=android.app.ActivityThread$H w=159)
D/SurfaceView( 9774): UPDATE null, mIsCastMode = false
D/hw-ProcessState( 9774): Binder ioctl to enable oneway spam detection failed: Invalid argument
W/Looper  ( 9774): PerfMonitor longMsg : seq=8 plan=22:44:13.867 late=463ms wall=1659ms running=0ms h=android.view.Choreographer$FrameHandler c=android.view.Choreographer$FrameDisplayEventReceiver procState=-1
W/Looper  ( 9774): PerfMonitor doFrame : time=1659ms vsyncFrame=0 latency=463ms procState=-1 historyMsgCount=7 (msgIndex=2 wall=448ms seq=4 h=android.app.ActivityThread$H w=159) (msgIndex=3 wall=1659ms seq=8 late=463ms h=android.view.Choreographer$FrameHandler c=android.view.Choreographer$FrameDisplayEventReceiver) (msgIndex=4 wall=448ms seq=4 h=android.app.ActivityThread$H w=159)
I/Choreographer( 9774): Skipped 93 frames!  The application may be doing too much work on its main thread.
D/SurfaceView( 9774): UPDATE Surface(name=SurfaceView[com.example.benchmark_container/com.example.benchmark_container.MainActivity])/@0xca20cbb, mIsProjectionMode = false
W/Looper  ( 9774): PerfMonitor doFrame : time=2ms vsyncFrame=0 latency=1565ms procState=-1 historyMsgCount=5
[spm]: Connected to Dart VM service.
I/flutter ( 9774): 00:00 +0: Performance Benchmark
E/hmark_containe( 9774): open libmigui.so failed! dlopen - dlopen failed: library "libmigui.so" not found
D/hmark_containe( 9774): MiuiProcessManagerServiceStub setSchedFifo
I/MiuiProcessManagerImpl( 9774): setSchedFifo pid:9774, mode:3
D/DecorView[]( 9774): onWindowFocusChanged hasWindowFocus true
D/DecorView[]( 9774): getWindowModeFromSystem  windowmode is 1
D/DecorView[]( 9774): updateDecorCaptionStatus displayWindowDecor is false
D/ProfileInstaller( 9774): Installing profile for com.example.benchmark_container
[spm]: ProfilerData event received.
I/flutter ( 9774): [SPM:perf] 698a51a  buildSpan: 1704µs
I/flutter ( 9774): [spm] Performance monitoring completed for 698a51a
I/flutter ( 9774): [SPM:perf] 698a51a  buildSpan: 1330µs
I/flutter ( 9774): [spm] Performance monitoring completed for 698a51a
[spm]: ProfilerData event received.
[spm]: ProfilerData event received.
I/flutter ( 9774): [SPM:perf] 698a51a  buildSpan: 1641µs
I/flutter ( 9774): [spm] Performance monitoring completed for 698a51a
[spm]: ProfilerData event received.
I/flutter ( 9774): [SPM:perf] 698a51a  buildSpan: 1522µs
I/flutter ( 9774): [spm] Performance monitoring completed for 698a51a
I/flutter ( 9774): [SPM:perf] 698a51a  buildSpan: 1271µs
I/flutter ( 9774): [spm] Performance monitoring completed for 698a51a
[spm]: ProfilerData event received.
[spm]: ProfilerData event received.
I/flutter ( 9774): [SPM:perf] 698a51a  buildSpan: 906µs
I/flutter ( 9774): [spm] Performance monitoring completed for 698a51a
[spm]: ProfilerData event received.
I/flutter ( 9774): [SPM:perf] 698a51a  buildSpan: 1173µs
I/flutter ( 9774): [spm] Performance monitoring completed for 698a51a
[spm]: ProfilerData event received.
I/flutter ( 9774): [SPM:perf] 698a51a  buildSpan: 916µs
I/flutter ( 9774): [spm] Performance monitoring completed for 698a51a
[spm]: ProfilerData event received.
I/flutter ( 9774): [SPM:perf] 698a51a  buildSpan: 1826µs
I/flutter ( 9774): [spm] Performance monitoring completed for 698a51a
[spm]: ProfilerData event received.
I/flutter ( 9774): [SPM:perf] 698a51a  buildSpan: 1649µs
I/flutter ( 9774): [spm] Performance monitoring completed for 698a51a
[spm]: ProfilerData event received.
I/flutter ( 9774): [SPM:perf] 698a51a  buildSpan: 1657µs
I/flutter ( 9774): [spm] Performance monitoring completed for 698a51a
[spm]: ProfilerData event received.
I/flutter ( 9774): [SPM:perf] 698a51a  buildSpan: 1373µs
I/flutter ( 9774): [spm] Performance monitoring completed for 698a51a
[spm]: ProfilerData event received.
I/flutter ( 9774): [SPM:perf] 698a51a  buildSpan: 1232µs
I/flutter ( 9774): [spm] Performance monitoring completed for 698a51a
[spm]: ProfilerData event received.
I/flutter ( 9774): [SPM:perf] 698a51a  buildSpan: 1611µs
I/flutter ( 9774): [spm] Performance monitoring completed for 698a51a
[spm]: ProfilerData event received.
I/flutter ( 9774): [SPM:perf] 698a51a  buildSpan: 1614µs
I/flutter ( 9774): [spm] Performance monitoring completed for 698a51a
[spm]: ProfilerData event received.
I/flutter ( 9774): [SPM:perf] 698a51a  buildSpan: 1797µs
I/flutter ( 9774): [spm] Performance monitoring completed for 698a51a
I/flutter ( 9774): [SPM:perf] 698a51a  buildSpan: 1784µs
I/flutter ( 9774): [spm] Performance monitoring completed for 698a51a
[spm]: ProfilerData event received.
[spm]: ProfilerData event received.
I/flutter ( 9774): [SPM:perf] 698a51a  buildSpan: 1272µs
I/flutter ( 9774): [spm] Performance monitoring completed for 698a51a
[spm]: ProfilerData event received.
I/flutter ( 9774): [SPM:perf] 698a51a  buildSpan: 1952µs
I/flutter ( 9774): [spm] Performance monitoring completed for 698a51a
[spm]: ProfilerData event received.
I/flutter ( 9774): [SPM:perf] 698a51a  buildSpan: 1605µs
I/flutter ( 9774): [spm] Performance monitoring completed for 698a51a
[spm]: ProfilerData event received.
I/flutter ( 9774): [SPM:perf] 698a51a  buildSpan: 1464µs
I/flutter ( 9774): [spm] Performance monitoring completed for 698a51a
I/flutter ( 9774): [SPM:perf] 698a51a  buildSpan: 1431µs
I/flutter ( 9774): [spm] Performance monitoring completed for 698a51a
[spm]: ProfilerData event received.
I/flutter ( 9774): [SPM:perf] 698a51a  buildSpan: 1316µs
I/flutter ( 9774): [spm] Performance monitoring completed for 698a51a
[spm]: ProfilerData event received.
[spm]: ProfilerData event received.
I/flutter ( 9774): [SPM:perf] 698a51a  buildSpan: 1587µs
I/flutter ( 9774): [spm] Performance monitoring completed for 698a51a
I/flutter ( 9774): [SPM:perf] 698a51a  buildSpan: 1646µs
I/flutter ( 9774): [spm] Performance monitoring completed for 698a51a
[spm]: ProfilerData event received.
I/flutter ( 9774): [SPM:perf] 698a51a  buildSpan: 1626µs
I/flutter ( 9774): [spm] Performance monitoring completed for 698a51a
[spm]: ProfilerData event received.
[spm]: ProfilerData event received.
I/flutter ( 9774): [SPM:perf] 698a51a  buildSpan: 1554µs
I/flutter ( 9774): [spm] Performance monitoring completed for 698a51a
[spm]: ProfilerData event received.
I/flutter ( 9774): [SPM:perf] 698a51a  buildSpan: 1340µs
I/flutter ( 9774): [spm] Performance monitoring completed for 698a51a
[spm]: ProfilerData event received.
I/flutter ( 9774): [SPM:perf] 698a51a  buildSpan: 1312µs
I/flutter ( 9774): [spm] Performance monitoring completed for 698a51a
I/flutter ( 9774): [SPM:perf] 698a51a  buildSpan: 1626µs
I/flutter ( 9774): [spm] Performance monitoring completed for 698a51a
[spm]: ProfilerData event received.
I/flutter ( 9774): 01:10 +1: (tearDownAll)
I/flutter ( 9774): 01:11 +2: All tests passed!
All tests passed.
[spm]: Saved 30 profiler events to <ROOT>/dataset-new_samples/2379/redmi9t/raw/20260912-222422/rev_001_9b865dd2/e12.jsonl
[spm]: Reverting injection...
4 issues found. (ran in 1.4s)
WARNING: Your Android app project: app located at: <ROOT>/android/app/build.gradle.kts
applies the Kotlin Gradle Plugin, which will cause build failures in future versions of Flutter. 
Please migrate your app to Built-in Kotlin using this guide: https://docs.flutter.dev/release/breaking-changes/migrate-to-built-in-kotlin/for-app-developers

VMServiceFlutterDriver: Connecting to Flutter application at http://127.0.0.1:34589/73FpIYNMpjw=/
[spm]: Detected VM service URI: ws://127.0.0.1:34589/73FpIYNMpjw=/ws
VMServiceFlutterDriver: Isolate found with number: 3119306165623323
VMServiceFlutterDriver: Isolate 3119306165623323 is runnable.
VMServiceFlutterDriver: Isolate is paused at start.
VMServiceFlutterDriver: Attempting to resume isolate
VMServiceFlutterDriver: Connected to Flutter application.
VMServiceFlutterDriver: request_data message is taking a long time to complete...