# sample_id=2379/rev_001_9b865dd2 exec_index=13 ok=True perf_lines=30 vm_events=30 battery_pct=53 soc_temp_millic=39200 battery_temp_c=31.2 charging=False preflight_started=2026-09-12T20:09:04.593487+00:00 started=2026-09-12T20:09:07.278252+00:00 ts=2026-09-12T20:11:13.690379+00:00
[spm]: Running flutter analyze...
Resolving dependencies...
Downloading packages...
  _fe_analyzer_shared 100.0.0 (108.0.0 available)
  analyzer 13.0.0 (14.4.0 available)
  async 2.13.0 (2.13.1 available)
  clock 1.1.2 (1.1.3 available)
  cupertino_icons 1.0.8 (1.0.9 available)
  glob 2.1.3 (2.2.0 available)
  lints 6.0.0 (6.1.0 available)
  matcher 0.12.19 (0.12.20 available)
  material_color_utilities 0.13.0 (0.13.1 available)
  meta 1.18.0 (1.19.0 available)
  package_config 2.2.0 (3.0.0 available)
  platform 3.1.6 (3.2.0 available)
  process 5.0.5 (5.0.6 available)
  pub_semver 2.2.0 (2.2.1 available)
  source_span 1.10.1 (1.10.2 available)
  stack_trace 1.12.1 (1.12.2 available)
  test_api 0.7.11 (0.7.14 available)
  vector_math 2.2.0 (2.4.2 available)
  vm_service 15.0.2 (15.3.0 available)
  webdriver 3.1.0 (3.2.0 available)
  yaml 3.1.3 (3.1.4 available)
Got dependencies!
21 packages have newer versions incompatible with dependency constraints.
Try `flutter pub outdated` for more information.
Analyzing lib...                                                

   info • The part-of directive uses a library name. Try converting the directive to use the URI of the library • lib/dependencies.dart:46:1 • use_string_in_part_of_directives
   info • Library names are not necessary. Remove the library name • lib/generated_widget.dart:2:9 • unnecessary_library_name
   info • Parameter 'key' could be a super parameter. Trying converting 'key' to a super parameter • lib/generated_widget.dart:9:9 • use_super_parameters
   info • Constructors in '@immutable' classes should be declared as 'const'. Try adding 'const' to the constructor declaration • lib/generated_widget.dart:11:3 • prefer_const_constructors_in_immutables

[spm]: Injecting profiler code...
[spm]: Starting app...
Running Gradle task 'assembleProfile'...                        
Running Gradle task 'assembleProfile'...                           22.6s
✓ Built build/app/outputs/flutter-apk/app-profile.apk (26.8MB)
Installing build/app/outputs/flutter-apk/app-profile.apk...      1,189ms
D/DecorView[](27345): getWindowModeFromSystem  windowmode is 1
D/DecorView[](27345): getWindowModeFromSystem  windowmode is 1
D/DecorView[](27345): updateDecorCaptionStatus displayWindowDecor is false
W/Looper  (27345): PerfMonitor looperActivity : package=com.example.benchmark_container/.MainActivity time=370ms latency=412ms running=0ms  procState=-1  historyMsgCount=3 (msgIndex=3 wall=404ms seq=3 h=android.app.ActivityThread$H w=110)
W/Looper  (27345): PerfMonitor looperActivity : package=com.example.benchmark_container/.MainActivity time=0ms latency=784ms running=0ms  procState=-1  historyMsgCount=4 (msgIndex=3 wall=404ms seq=3 h=android.app.ActivityThread$H w=110) (msgIndex=4 wall=370ms seq=4 late=412ms h=android.app.ActivityThread$H w=159)
D/SurfaceView(27345): UPDATE null, mIsCastMode = false
D/hw-ProcessState(27345): Binder ioctl to enable oneway spam detection failed: Invalid argument
W/Looper  (27345): PerfMonitor longMsg : seq=8 plan=23:09:48.409 late=408ms wall=1671ms running=0ms h=android.view.Choreographer$FrameHandler c=android.view.Choreographer$FrameDisplayEventReceiver procState=-1
W/Looper  (27345): PerfMonitor doFrame : time=1671ms vsyncFrame=0 latency=408ms procState=-1 historyMsgCount=6 (msgIndex=2 wall=1671ms seq=8 late=408ms h=android.view.Choreographer$FrameHandler c=android.view.Choreographer$FrameDisplayEventReceiver) (msgIndex=3 wall=370ms seq=4 h=android.app.ActivityThread$H w=159)
I/Choreographer(27345): Skipped 95 frames!  The application may be doing too much work on its main thread.
D/SurfaceView(27345): UPDATE Surface(name=SurfaceView[com.example.benchmark_container/com.example.benchmark_container.MainActivity])/@0x739554a, mIsProjectionMode = false
W/Looper  (27345): PerfMonitor doFrame : time=3ms vsyncFrame=0 latency=1591ms procState=-1 historyMsgCount=4
[spm]: Connected to Dart VM service.
I/flutter (27345): 00:00 +0: Performance Benchmark
E/hmark_containe(27345): open libmigui.so failed! dlopen - dlopen failed: library "libmigui.so" not found
D/hmark_containe(27345): MiuiProcessManagerServiceStub setSchedFifo
I/MiuiProcessManagerImpl(27345): setSchedFifo pid:27345, mode:3
D/DecorView[](27345): onWindowFocusChanged hasWindowFocus true
D/DecorView[](27345): getWindowModeFromSystem  windowmode is 1
D/DecorView[](27345): updateDecorCaptionStatus displayWindowDecor is false
D/ProfileInstaller(27345): Installing profile for com.example.benchmark_container
[spm]: ProfilerData event received.
I/flutter (27345): [SPM:perf] 698a51a  buildSpan: 1532µs
I/flutter (27345): [spm] Performance monitoring completed for 698a51a
[spm]: ProfilerData event received.
I/flutter (27345): [SPM:perf] 698a51a  buildSpan: 1432µs
I/flutter (27345): [spm] Performance monitoring completed for 698a51a
[spm]: ProfilerData event received.
I/flutter (27345): [SPM:perf] 698a51a  buildSpan: 1112µs
I/flutter (27345): [spm] Performance monitoring completed for 698a51a
[spm]: ProfilerData event received.
I/flutter (27345): [SPM:perf] 698a51a  buildSpan: 1410µs
I/flutter (27345): [spm] Performance monitoring completed for 698a51a
[spm]: ProfilerData event received.
I/flutter (27345): [SPM:perf] 698a51a  buildSpan: 1237µs
I/flutter (27345): [spm] Performance monitoring completed for 698a51a
[spm]: ProfilerData event received.
I/flutter (27345): [SPM:perf] 698a51a  buildSpan: 1104µs
I/flutter (27345): [spm] Performance monitoring completed for 698a51a
[spm]: ProfilerData event received.
I/flutter (27345): [SPM:perf] 698a51a  buildSpan: 1414µs
I/flutter (27345): [spm] Performance monitoring completed for 698a51a
[spm]: ProfilerData event received.
I/flutter (27345): [SPM:perf] 698a51a  buildSpan: 942µs
I/flutter (27345): [spm] Performance monitoring completed for 698a51a
[spm]: ProfilerData event received.
I/flutter (27345): [SPM:perf] 698a51a  buildSpan: 1820µs
I/flutter (27345): [spm] Performance monitoring completed for 698a51a
[spm]: ProfilerData event received.
I/flutter (27345): [SPM:perf] 698a51a  buildSpan: 1585µs
I/flutter (27345): [spm] Performance monitoring completed for 698a51a
I/flutter (27345): [SPM:perf] 698a51a  buildSpan: 1420µs
I/flutter (27345): [spm] Performance monitoring completed for 698a51a
[spm]: ProfilerData event received.
[spm]: ProfilerData event received.
I/flutter (27345): [SPM:perf] 698a51a  buildSpan: 1340µs
I/flutter (27345): [spm] Performance monitoring completed for 698a51a
[spm]: ProfilerData event received.
I/flutter (27345): [SPM:perf] 698a51a  buildSpan: 1679µs
I/flutter (27345): [spm] Performance monitoring completed for 698a51a
[spm]: ProfilerData event received.
I/flutter (27345): [SPM:perf] 698a51a  buildSpan: 1297µs
I/flutter (27345): [spm] Performance monitoring completed for 698a51a
[spm]: ProfilerData event received.
I/flutter (27345): [SPM:perf] 698a51a  buildSpan: 1731µs
I/flutter (27345): [spm] Performance monitoring completed for 698a51a
[spm]: ProfilerData event received.
I/flutter (27345): [SPM:perf] 698a51a  buildSpan: 1617µs
I/flutter (27345): [spm] Performance monitoring completed for 698a51a
[spm]: ProfilerData event received.
I/flutter (27345): [SPM:perf] 698a51a  buildSpan: 1269µs
I/flutter (27345): [spm] Performance monitoring completed for 698a51a
[spm]: ProfilerData event received.
I/flutter (27345): [SPM:perf] 698a51a  buildSpan: 1739µs
I/flutter (27345): [spm] Performance monitoring completed for 698a51a
[spm]: ProfilerData event received.
I/flutter (27345): [SPM:perf] 698a51a  buildSpan: 1091µs
I/flutter (27345): [spm] Performance monitoring completed for 698a51a
[spm]: ProfilerData event received.
I/flutter (27345): [SPM:perf] 698a51a  buildSpan: 1610µs
I/flutter (27345): [spm] Performance monitoring completed for 698a51a
[spm]: ProfilerData event received.
I/flutter (27345): [SPM:perf] 698a51a  buildSpan: 1771µs
I/flutter (27345): [spm] Performance monitoring completed for 698a51a
[spm]: ProfilerData event received.
I/flutter (27345): [SPM:perf] 698a51a  buildSpan: 1502µs
I/flutter (27345): [spm] Performance monitoring completed for 698a51a
[spm]: ProfilerData event received.
I/flutter (27345): [SPM:perf] 698a51a  buildSpan: 1604µs
I/flutter (27345): [spm] Performance monitoring completed for 698a51a
[spm]: ProfilerData event received.
I/flutter (27345): [SPM:perf] 698a51a  buildSpan: 1091µs
I/flutter (27345): [spm] Performance monitoring completed for 698a51a
I/flutter (27345): [SPM:perf] 698a51a  buildSpan: 1670µs
I/flutter (27345): [spm] Performance monitoring completed for 698a51a
[spm]: ProfilerData event received.
[spm]: ProfilerData event received.
I/flutter (27345): [SPM:perf] 698a51a  buildSpan: 1606µs
I/flutter (27345): [spm] Performance monitoring completed for 698a51a
[spm]: ProfilerData event received.
I/flutter (27345): [SPM:perf] 698a51a  buildSpan: 1353µs
I/flutter (27345): [spm] Performance monitoring completed for 698a51a
[spm]: ProfilerData event received.
I/flutter (27345): [SPM:perf] 698a51a  buildSpan: 1702µs
I/flutter (27345): [spm] Performance monitoring completed for 698a51a
[spm]: ProfilerData event received.
I/flutter (27345): [SPM:perf] 698a51a  buildSpan: 1787µs
I/flutter (27345): [spm] Performance monitoring completed for 698a51a
[spm]: ProfilerData event received.
I/flutter (27345): [SPM:perf] 698a51a  buildSpan: 1070µs
I/flutter (27345): [spm] Performance monitoring completed for 698a51a
I/flutter (27345): 01:10 +1: (tearDownAll)
I/flutter (27345): 01:11 +2: All tests passed!
All tests passed.
[spm]: Saved 30 profiler events to <ROOT>/dataset-new_samples/2379/redmi9t/raw/20260912-222422/rev_001_9b865dd2/e13.jsonl
[spm]: Reverting injection...
4 issues found. (ran in 0.8s)
WARNING: Your Android app project: app located at: <ROOT>/android/app/build.gradle.kts
applies the Kotlin Gradle Plugin, which will cause build failures in future versions of Flutter. 
Please migrate your app to Built-in Kotlin using this guide: https://docs.flutter.dev/release/breaking-changes/migrate-to-built-in-kotlin/for-app-developers

VMServiceFlutterDriver: Connecting to Flutter application at http://127.0.0.1:35957/5zSMHQTGstQ=/
[spm]: Detected VM service URI: ws://127.0.0.1:35957/5zSMHQTGstQ=/ws
VMServiceFlutterDriver: Isolate found with number: 3233047212031847
VMServiceFlutterDriver: Isolate 3233047212031847 is runnable.
VMServiceFlutterDriver: Isolate is paused at start.
VMServiceFlutterDriver: Attempting to resume isolate
VMServiceFlutterDriver: Connected to Flutter application.
VMServiceFlutterDriver: request_data message is taking a long time to complete...