# sample_id=2457/rev_009_bdcf7003 exec_index=8 ok=True perf_lines=30 vm_events=30 battery_pct=45 soc_temp_millic=37000 battery_temp_c=29.2 charging=False preflight_started=2026-09-19T06:09:36.246401+00:00 started=2026-09-19T06:09:38.989259+00:00 ts=2026-09-19T06:11:38.896126+00:00
[spm]: Running flutter analyze...
Resolving dependencies...
Downloading packages...
  _fe_analyzer_shared 100.0.0 (108.0.0 available)
  analyzer 13.0.0 (14.4.0 available)
  async 2.13.0 (2.13.1 available)
  clock 1.1.2 (1.1.3 available)
  cupertino_icons 1.0.8 (1.0.9 available)
  glob 2.1.3 (2.2.0 available)
  lints 6.0.0 (6.1.0 available)
  matcher 0.12.19 (0.12.20 available)
  material_color_utilities 0.13.0 (0.13.1 available)
  meta 1.18.0 (1.19.0 available)
  package_config 2.2.0 (3.0.0 available)
  platform 3.1.6 (3.2.0 available)
  process 5.0.5 (5.0.6 available)
  pub_semver 2.2.0 (2.2.1 available)
  source_span 1.10.1 (1.10.2 available)
  stack_trace 1.12.1 (1.12.2 available)
  test_api 0.7.11 (0.7.14 available)
  vector_math 2.2.0 (2.4.2 available)
  vm_service 15.0.2 (15.3.0 available)
  webdriver 3.1.0 (3.2.0 available)
  yaml 3.1.3 (3.1.4 available)
Got dependencies!
21 packages have newer versions incompatible with dependency constraints.
Try `flutter pub outdated` for more information.
Analyzing lib...                                                

   info • The part-of directive uses a library name. Try converting the directive to use the URI of the library • lib/dependencies.dart:46:1 • use_string_in_part_of_directives
   info • Library names are not necessary. Remove the library name • lib/generated_widget.dart:2:9 • unnecessary_library_name

[spm]: Injecting profiler code...
[spm]: Starting app...
Running Gradle task 'assembleProfile'...                        
Running Gradle task 'assembleProfile'...                           18.5s
✓ Built build/app/outputs/flutter-apk/app-profile.apk (26.8MB)
Installing build/app/outputs/flutter-apk/app-profile.apk...      1,281ms
D/SurfaceView(24254): UPDATE null, mIsCastMode = false
D/hw-ProcessState(24254): Binder ioctl to enable oneway spam detection failed: Invalid argument
W/Looper  (24254): PerfMonitor longMsg : seq=8 plan=09:10:12.642 late=449ms wall=1797ms running=0ms h=android.view.Choreographer$FrameHandler c=android.view.Choreographer$FrameDisplayEventReceiver procState=-1
W/Looper  (24254): PerfMonitor doFrame : time=1797ms vsyncFrame=0 latency=449ms procState=-1 historyMsgCount=7 (msgIndex=1 wall=434ms seq=4 h=android.app.ActivityThread$H w=159) (msgIndex=2 wall=434ms seq=4 h=android.app.ActivityThread$H w=159) (msgIndex=3 wall=1797ms seq=8 late=449ms h=android.view.Choreographer$FrameHandler c=android.view.Choreographer$FrameDisplayEventReceiver) (msgIndex=4 wall=434ms seq=4 h=android.app.ActivityThread$H w=159)
I/Choreographer(24254): Skipped 102 frames!  The application may be doing too much work on its main thread.
D/SurfaceView(24254): UPDATE Surface(name=SurfaceView[com.example.benchmark_container/com.example.benchmark_container.MainActivity])/@0xd30802a, mIsProjectionMode = false
W/Looper  (24254): PerfMonitor doFrame : time=2ms vsyncFrame=0 latency=1703ms procState=-1 historyMsgCount=4
[spm]: Connected to Dart VM service.
I/flutter (24254): 00:00 +0: Performance Benchmark
E/hmark_containe(24254): open libmigui.so failed! dlopen - dlopen failed: library "libmigui.so" not found
D/hmark_containe(24254): MiuiProcessManagerServiceStub setSchedFifo
I/MiuiProcessManagerImpl(24254): setSchedFifo pid:24254, mode:3
D/DecorView[](24254): onWindowFocusChanged hasWindowFocus true
D/DecorView[](24254): getWindowModeFromSystem  windowmode is 1
D/DecorView[](24254): updateDecorCaptionStatus displayWindowDecor is false
D/ProfileInstaller(24254): Installing profile for com.example.benchmark_container
[spm]: ProfilerData event received.
I/flutter (24254): [SPM:perf] 698a51a  buildSpan: 1655µs
I/flutter (24254): [spm] Performance monitoring completed for 698a51a
[spm]: ProfilerData event received.
I/flutter (24254): [SPM:perf] 698a51a  buildSpan: 1607µs
I/flutter (24254): [spm] Performance monitoring completed for 698a51a
[spm]: ProfilerData event received.
I/flutter (24254): [SPM:perf] 698a51a  buildSpan: 1781µs
I/flutter (24254): [spm] Performance monitoring completed for 698a51a
[spm]: ProfilerData event received.
I/flutter (24254): [SPM:perf] 698a51a  buildSpan: 1419µs
I/flutter (24254): [spm] Performance monitoring completed for 698a51a
[spm]: ProfilerData event received.
I/flutter (24254): [SPM:perf] 698a51a  buildSpan: 1509µs
I/flutter (24254): [spm] Performance monitoring completed for 698a51a
[spm]: ProfilerData event received.
I/flutter (24254): [SPM:perf] 698a51a  buildSpan: 1574µs
I/flutter (24254): [spm] Performance monitoring completed for 698a51a
[spm]: ProfilerData event received.
I/flutter (24254): [SPM:perf] 698a51a  buildSpan: 1710µs
I/flutter (24254): [spm] Performance monitoring completed for 698a51a
[spm]: ProfilerData event received.
I/flutter (24254): [SPM:perf] 698a51a  buildSpan: 6840µs
I/flutter (24254): [spm] Performance monitoring completed for 698a51a
[spm]: ProfilerData event received.
I/flutter (24254): [SPM:perf] 698a51a  buildSpan: 1779µs
I/flutter (24254): [spm] Performance monitoring completed for 698a51a
[spm]: ProfilerData event received.
I/flutter (24254): [SPM:perf] 698a51a  buildSpan: 1685µs
I/flutter (24254): [spm] Performance monitoring completed for 698a51a
[spm]: ProfilerData event received.
I/flutter (24254): [SPM:perf] 698a51a  buildSpan: 1655µs
I/flutter (24254): [spm] Performance monitoring completed for 698a51a
[spm]: ProfilerData event received.
I/flutter (24254): [SPM:perf] 698a51a  buildSpan: 1673µs
I/flutter (24254): [spm] Performance monitoring completed for 698a51a
[spm]: ProfilerData event received.
I/flutter (24254): [SPM:perf] 698a51a  buildSpan: 1683µs
I/flutter (24254): [spm] Performance monitoring completed for 698a51a
[spm]: ProfilerData event received.
I/flutter (24254): [SPM:perf] 698a51a  buildSpan: 1356µs
I/flutter (24254): [spm] Performance monitoring completed for 698a51a
[spm]: ProfilerData event received.
I/flutter (24254): [SPM:perf] 698a51a  buildSpan: 1636µs
I/flutter (24254): [spm] Performance monitoring completed for 698a51a
[spm]: ProfilerData event received.
I/flutter (24254): [SPM:perf] 698a51a  buildSpan: 1664µs
I/flutter (24254): [spm] Performance monitoring completed for 698a51a
I/flutter (24254): [SPM:perf] 698a51a  buildSpan: 1661µs
I/flutter (24254): [spm] Performance monitoring completed for 698a51a
[spm]: ProfilerData event received.
I/flutter (24254): [SPM:perf] 698a51a  buildSpan: 1530µs
I/flutter (24254): [spm] Performance monitoring completed for 698a51a
[spm]: ProfilerData event received.
[spm]: ProfilerData event received.
I/flutter (24254): [SPM:perf] 698a51a  buildSpan: 1576µs
I/flutter (24254): [spm] Performance monitoring completed for 698a51a
[spm]: ProfilerData event received.
I/flutter (24254): [SPM:perf] 698a51a  buildSpan: 1796µs
I/flutter (24254): [spm] Performance monitoring completed for 698a51a
I/flutter (24254): [SPM:perf] 698a51a  buildSpan: 1706µs
I/flutter (24254): [spm] Performance monitoring completed for 698a51a
[spm]: ProfilerData event received.
I/flutter (24254): [SPM:perf] 698a51a  buildSpan: 1557µs
I/flutter (24254): [spm] Performance monitoring completed for 698a51a
[spm]: ProfilerData event received.
[spm]: ProfilerData event received.
I/flutter (24254): [SPM:perf] 698a51a  buildSpan: 1697µs
I/flutter (24254): [spm] Performance monitoring completed for 698a51a
I/flutter (24254): [SPM:perf] 698a51a  buildSpan: 1625µs
I/flutter (24254): [spm] Performance monitoring completed for 698a51a
[spm]: ProfilerData event received.
[spm]: ProfilerData event received.
I/flutter (24254): [SPM:perf] 698a51a  buildSpan: 1652µs
I/flutter (24254): [spm] Performance monitoring completed for 698a51a
I/flutter (24254): [SPM:perf] 698a51a  buildSpan: 1663µs
I/flutter (24254): [spm] Performance monitoring completed for 698a51a
[spm]: ProfilerData event received.
[spm]: ProfilerData event received.
I/flutter (24254): [SPM:perf] 698a51a  buildSpan: 1331µs
I/flutter (24254): [spm] Performance monitoring completed for 698a51a
[spm]: ProfilerData event received.
I/flutter (24254): [SPM:perf] 698a51a  buildSpan: 1715µs
I/flutter (24254): [spm] Performance monitoring completed for 698a51a
I/flutter (24254): [SPM:perf] 698a51a  buildSpan: 1732µs
I/flutter (24254): [spm] Performance monitoring completed for 698a51a
[spm]: ProfilerData event received.
[spm]: ProfilerData event received.
I/flutter (24254): [SPM:perf] 698a51a  buildSpan: 1664µs
I/flutter (24254): [spm] Performance monitoring completed for 698a51a
I/flutter (24254): 01:12 +1: (tearDownAll)
I/flutter (24254): 01:13 +2: All tests passed!
I/Choreographer(24254): Skipped 58 frames!  The application may be doing too much work on its main thread.
W/Looper  (24254): PerfMonitor doFrame : time=2ms vsyncFrame=0 latency=982ms procState=-1 historyMsgCount=8
I/OpenGLRenderer(24254): Davey! duration=994ms; Flags=0, FrameTimelineVsyncId=14351982, IntendedVsync=346403615928619, Vsync=346404582595247, InputEventId=0, HandleInputStart=346404597653531, AnimationStart=346404597659937, PerformTraversalsStart=346404597664417, DrawStart=346404598493271, FrameDeadline=346403632595285, FrameInterval=346404597305094, FrameStartTime=16666666, SyncQueued=346404598908635, SyncStart=346404599043010, IssueDrawCommandsStart=346404599151031, SwapBuffers=346404601119937, FrameCompleted=346404610453531, DequeueBufferDuration=44531, QueueBufferDuration=1491875, GpuCompleted=346404610453531, SwapBuffersCompleted=346404603487281, DisplayPresentTime=0, 
[SPM:shot] wrote <ROOT>/dataset-new_samples/2457/redmi9t/shots/2457__rev_009_bdcf7003.png (36691 bytes)
All tests passed.
[spm]: Saved 30 profiler events to <ROOT>/dataset-new_samples/2457/redmi9t/raw/20260918-171115/rev_009_bdcf7003/e8.jsonl
[spm]: Reverting injection...
2 issues found. (ran in 0.5s)
WARNING: Your Android app project: app located at: <ROOT>/android/app/build.gradle.kts
applies the Kotlin Gradle Plugin, which will cause build failures in future versions of Flutter. 
Please migrate your app to Built-in Kotlin using this guide: https://docs.flutter.dev/release/breaking-changes/migrate-to-built-in-kotlin/for-app-developers

VMServiceFlutterDriver: Connecting to Flutter application at http://127.0.0.1:39031/o9IOLoWMJao=/
[spm]: Detected VM service URI: ws://127.0.0.1:39031/o9IOLoWMJao=/ws
VMServiceFlutterDriver: Isolate found with number: 151009763691435
VMServiceFlutterDriver: Isolate 151009763691435 is runnable.
VMServiceFlutterDriver: Isolate is paused at start.
VMServiceFlutterDriver: Attempting to resume isolate
VMServiceFlutterDriver: Connected to Flutter application.
VMServiceFlutterDriver: request_data message is taking a long time to complete...