# sample_id=2844/rev_001_9990358a exec_index=7 ok=True perf_lines=30 vm_events=30 battery_pct=77 soc_temp_millic=37400 battery_temp_c=30.2 charging=False preflight_started=2026-09-14T02:18:10.425560+00:00 started=2026-09-14T02:18:13.211634+00:00 ts=2026-09-14T02:20:12.579996+00:00
[spm]: Running flutter analyze...
Resolving dependencies...
Downloading packages...
  _fe_analyzer_shared 100.0.0 (108.0.0 available)
  analyzer 13.0.0 (14.4.0 available)
  async 2.13.0 (2.13.1 available)
  clock 1.1.2 (1.1.3 available)
  cupertino_icons 1.0.8 (1.0.9 available)
  glob 2.1.3 (2.2.0 available)
  lints 6.0.0 (6.1.0 available)
  matcher 0.12.19 (0.12.20 available)
  material_color_utilities 0.13.0 (0.13.1 available)
  meta 1.18.0 (1.19.0 available)
  package_config 2.2.0 (3.0.0 available)
  platform 3.1.6 (3.2.0 available)
  process 5.0.5 (5.0.6 available)
  pub_semver 2.2.0 (2.2.1 available)
  source_span 1.10.1 (1.10.2 available)
  stack_trace 1.12.1 (1.12.2 available)
  test_api 0.7.11 (0.7.14 available)
  vector_math 2.2.0 (2.4.2 available)
  vm_service 15.0.2 (15.3.0 available)
  webdriver 3.1.0 (3.2.0 available)
  yaml 3.1.3 (3.1.4 available)
Got dependencies!
21 packages have newer versions incompatible with dependency constraints.
Try `flutter pub outdated` for more information.
Analyzing lib...                                                

   info • The part-of directive uses a library name. Try converting the directive to use the URI of the library • lib/dependencies.dart:46:1 • use_string_in_part_of_directives
   info • The variable name 'AudioProcessingErrorMessage' isn't a lowerCamelCase identifier. Try changing the name to follow the lowerCamelCase style • lib/dependencies.dart:131:15 • non_constant_identifier_names
   info • The variable name 'groupPairingStatus_DEVICE_INIT2' isn't a lowerCamelCase identifier. Try changing the name to follow the lowerCamelCase style • lib/dependencies.dart:180:15 • non_constant_identifier_names
   info • The variable name 'groupPairingStatus_ESTABLISHING_CONNECTION' isn't a lowerCamelCase identifier. Try changing the name to follow the lowerCamelCase style • lib/dependencies.dart:183:15 • non_constant_identifier_names
   info • The variable name 'groupPairingStatus_COLLECT_MATCH_REVEALS' isn't a lowerCamelCase identifier. Try changing the name to follow the lowerCamelCase style • lib/dependencies.dart:185:15 • non_constant_identifier_names
   info • The variable name 'AudioInactivityMessage' isn't a lowerCamelCase identifier. Try changing the name to follow the lowerCamelCase style • lib/dependencies.dart:301:11 • non_constant_identifier_names
   info • Library names are not necessary. Remove the library name • lib/generated_widget.dart:2:9 • unnecessary_library_name
   info • Constructors in '@immutable' classes should be declared as 'const'. Try adding 'const' to the constructor declaration • lib/generated_widget.dart:11:3 • prefer_const_constructors_in_immutables

[spm]: Injecting profiler code...
[spm]: Starting app...
Running Gradle task 'assembleProfile'...                        
Running Gradle task 'assembleProfile'...                           19.6s
✓ Built build/app/outputs/flutter-apk/app-profile.apk (26.8MB)
Installing build/app/outputs/flutter-apk/app-profile.apk...      1,179ms
D/DecorView[](21456): getWindowModeFromSystem  windowmode is 1
D/DecorView[](21456): updateDecorCaptionStatus displayWindowDecor is false
W/Looper  (21456): PerfMonitor looperActivity : package=com.example.benchmark_container/.MainActivity time=368ms latency=335ms running=0ms  procState=-1  historyMsgCount=2 (msgIndex=1 wall=368ms seq=4 late=335ms h=android.app.ActivityThread$H w=159) (msgIndex=2 wall=338ms seq=3 h=android.app.ActivityThread$H w=110)
W/Looper  (21456): PerfMonitor looperActivity : package=com.example.benchmark_container/.MainActivity time=1ms latency=705ms running=0ms  procState=-1  historyMsgCount=4 (msgIndex=2 wall=368ms seq=4 late=335ms h=android.app.ActivityThread$H w=159) (msgIndex=3 wall=338ms seq=3 h=android.app.ActivityThread$H w=110) (msgIndex=4 wall=368ms seq=4 late=335ms h=android.app.ActivityThread$H w=159)
D/SurfaceView(21456): UPDATE null, mIsCastMode = false
D/hw-ProcessState(21456): Binder ioctl to enable oneway spam detection failed: Invalid argument
W/Looper  (21456): PerfMonitor longMsg : seq=8 plan=05:18:48.806 late=380ms wall=1679ms running=0ms h=android.view.Choreographer$FrameHandler c=android.view.Choreographer$FrameDisplayEventReceiver procState=-1
W/Looper  (21456): PerfMonitor doFrame : time=1679ms vsyncFrame=0 latency=380ms procState=-1 historyMsgCount=7 (msgIndex=2 wall=368ms seq=4 h=android.app.ActivityThread$H w=159) (msgIndex=3 wall=1679ms seq=8 late=380ms h=android.view.Choreographer$FrameHandler c=android.view.Choreographer$FrameDisplayEventReceiver) (msgIndex=4 wall=368ms seq=4 h=android.app.ActivityThread$H w=159)
I/Choreographer(21456): Skipped 95 frames!  The application may be doing too much work on its main thread.
D/SurfaceView(21456): UPDATE Surface(name=SurfaceView[com.example.benchmark_container/com.example.benchmark_container.MainActivity])/@0x739554a, mIsProjectionMode = false
W/Looper  (21456): PerfMonitor doFrame : time=3ms vsyncFrame=0 latency=1597ms procState=-1 historyMsgCount=4
[spm]: Connected to Dart VM service.
I/flutter (21456): 00:00 +0: Performance Benchmark
E/hmark_containe(21456): open libmigui.so failed! dlopen - dlopen failed: library "libmigui.so" not found
D/hmark_containe(21456): MiuiProcessManagerServiceStub setSchedFifo
I/MiuiProcessManagerImpl(21456): setSchedFifo pid:21456, mode:3
D/DecorView[](21456): onWindowFocusChanged hasWindowFocus true
D/DecorView[](21456): getWindowModeFromSystem  windowmode is 1
D/DecorView[](21456): updateDecorCaptionStatus displayWindowDecor is false
D/ProfileInstaller(21456): Installing profile for com.example.benchmark_container
[spm]: ProfilerData event received.
I/flutter (21456): [SPM:perf] 698a51a  buildSpan: 3394µs
I/flutter (21456): [spm] Performance monitoring completed for 698a51a
[spm]: ProfilerData event received.
I/flutter (21456): [SPM:perf] 698a51a  buildSpan: 3780µs
I/flutter (21456): [spm] Performance monitoring completed for 698a51a
[spm]: ProfilerData event received.
I/flutter (21456): [SPM:perf] 698a51a  buildSpan: 4023µs
I/flutter (21456): [spm] Performance monitoring completed for 698a51a
[spm]: ProfilerData event received.
I/flutter (21456): [SPM:perf] 698a51a  buildSpan: 3838µs
I/flutter (21456): [spm] Performance monitoring completed for 698a51a
[spm]: ProfilerData event received.
I/flutter (21456): [SPM:perf] 698a51a  buildSpan: 3899µs
I/flutter (21456): [spm] Performance monitoring completed for 698a51a
I/flutter (21456): [SPM:perf] 698a51a  buildSpan: 2971µs
[spm]: ProfilerData event received.
I/flutter (21456): [spm] Performance monitoring completed for 698a51a
[spm]: ProfilerData event received.
I/flutter (21456): [SPM:perf] 698a51a  buildSpan: 3024µs
I/flutter (21456): [spm] Performance monitoring completed for 698a51a
[spm]: ProfilerData event received.
I/flutter (21456): [SPM:perf] 698a51a  buildSpan: 3909µs
I/flutter (21456): [spm] Performance monitoring completed for 698a51a
I/flutter (21456): [SPM:perf] 698a51a  buildSpan: 3329µs
I/flutter (21456): [spm] Performance monitoring completed for 698a51a
[spm]: ProfilerData event received.
[spm]: ProfilerData event received.
I/flutter (21456): [SPM:perf] 698a51a  buildSpan: 4069µs
I/flutter (21456): [spm] Performance monitoring completed for 698a51a
[spm]: ProfilerData event received.
I/flutter (21456): [SPM:perf] 698a51a  buildSpan: 3822µs
I/flutter (21456): [spm] Performance monitoring completed for 698a51a
[spm]: ProfilerData event received.
I/flutter (21456): [SPM:perf] 698a51a  buildSpan: 2888µs
I/flutter (21456): [spm] Performance monitoring completed for 698a51a
I/flutter (21456): [SPM:perf] 698a51a  buildSpan: 3871µs
I/flutter (21456): [spm] Performance monitoring completed for 698a51a
[spm]: ProfilerData event received.
[spm]: ProfilerData event received.
I/flutter (21456): [SPM:perf] 698a51a  buildSpan: 4002µs
I/flutter (21456): [spm] Performance monitoring completed for 698a51a
[spm]: ProfilerData event received.
I/flutter (21456): [SPM:perf] 698a51a  buildSpan: 3849µs
I/flutter (21456): [spm] Performance monitoring completed for 698a51a
[spm]: ProfilerData event received.
I/flutter (21456): [SPM:perf] 698a51a  buildSpan: 3828µs
I/flutter (21456): [spm] Performance monitoring completed for 698a51a
[spm]: ProfilerData event received.
I/flutter (21456): [SPM:perf] 698a51a  buildSpan: 3344µs
I/flutter (21456): [spm] Performance monitoring completed for 698a51a
[spm]: ProfilerData event received.
I/flutter (21456): [SPM:perf] 698a51a  buildSpan: 2959µs
I/flutter (21456): [spm] Performance monitoring completed for 698a51a
[spm]: ProfilerData event received.
I/flutter (21456): [SPM:perf] 698a51a  buildSpan: 2694µs
I/flutter (21456): [spm] Performance monitoring completed for 698a51a
[spm]: ProfilerData event received.
I/flutter (21456): [SPM:perf] 698a51a  buildSpan: 3017µs
I/flutter (21456): [spm] Performance monitoring completed for 698a51a
[spm]: ProfilerData event received.
I/flutter (21456): [SPM:perf] 698a51a  buildSpan: 2629µs
I/flutter (21456): [spm] Performance monitoring completed for 698a51a
I/flutter (21456): [SPM:perf] 698a51a  buildSpan: 3012µs
I/flutter (21456): [spm] Performance monitoring completed for 698a51a
[spm]: ProfilerData event received.
I/flutter (21456): [SPM:perf] 698a51a  buildSpan: 2652µs
I/flutter (21456): [spm] Performance monitoring completed for 698a51a
[spm]: ProfilerData event received.
I/flutter (21456): [SPM:perf] 698a51a  buildSpan: 4101µs
I/flutter (21456): [spm] Performance monitoring completed for 698a51a
[spm]: ProfilerData event received.
[spm]: ProfilerData event received.
I/flutter (21456): [SPM:perf] 698a51a  buildSpan: 3842µs
I/flutter (21456): [spm] Performance monitoring completed for 698a51a
[spm]: ProfilerData event received.
I/flutter (21456): [SPM:perf] 698a51a  buildSpan: 3863µs
I/flutter (21456): [spm] Performance monitoring completed for 698a51a
[spm]: ProfilerData event received.
I/flutter (21456): [SPM:perf] 698a51a  buildSpan: 3553µs
I/flutter (21456): [spm] Performance monitoring completed for 698a51a
[spm]: ProfilerData event received.
I/flutter (21456): [SPM:perf] 698a51a  buildSpan: 4001µs
I/flutter (21456): [spm] Performance monitoring completed for 698a51a
[spm]: ProfilerData event received.
I/flutter (21456): [SPM:perf] 698a51a  buildSpan: 2857µs
I/flutter (21456): [spm] Performance monitoring completed for 698a51a
I/flutter (21456): [SPM:perf] 698a51a  buildSpan: 3941µs
I/flutter (21456): [spm] Performance monitoring completed for 698a51a
[spm]: ProfilerData event received.
I/flutter (21456): 01:10 +1: (tearDownAll)
I/flutter (21456): 01:11 +2: All tests passed!
All tests passed.
[spm]: Saved 30 profiler events to <ROOT>/dataset-new_samples/2844/redmi9t/raw/20260913-231630/rev_001_9990358a/e7.jsonl
[spm]: Reverting injection...
8 issues found. (ran in 0.5s)
WARNING: Your Android app project: app located at: <ROOT>/android/app/build.gradle.kts
applies the Kotlin Gradle Plugin, which will cause build failures in future versions of Flutter. 
Please migrate your app to Built-in Kotlin using this guide: https://docs.flutter.dev/release/breaking-changes/migrate-to-built-in-kotlin/for-app-developers

VMServiceFlutterDriver: Connecting to Flutter application at http://127.0.0.1:34787/e8_Ow9YeuLU=/
[spm]: Detected VM service URI: ws://127.0.0.1:34787/e8_Ow9YeuLU=/ws
VMServiceFlutterDriver: Isolate found with number: 7926792062356771
VMServiceFlutterDriver: Isolate 7926792062356771 is runnable.
VMServiceFlutterDriver: Isolate is paused at start.
VMServiceFlutterDriver: Attempting to resume isolate
VMServiceFlutterDriver: Connected to Flutter application.
VMServiceFlutterDriver: request_data message is taking a long time to complete...