# sample_id=15/base exec_index=1 ok=True perf_lines=30 vm_events=30 battery_pct=72 soc_temp_millic=42600 battery_temp_c=31.4 charging=False preflight_started=2026-07-31T21:37:18.158328+00:00 started=2026-07-31T21:37:20.543826+00:00 ts=2026-07-31T21:39:02.871316+00:00
[spm]: Running flutter analyze...
Analyzing lib...                                                
No issues found! (ran in 0.6s)
[spm]: Injecting profiler code...
[spm]: Starting app...
Running Gradle task 'assembleProfile'...                        
Running Gradle task 'assembleProfile'...                         1,890ms
✓ Built build/app/outputs/flutter-apk/app-profile.apk (61.8MB)
Installing build/app/outputs/flutter-apk/app-profile.apk...      1,916ms
D/DecorView[]( 5547): getWindowModeFromSystem  windowmode is 1
D/DecorView[]( 5547): getWindowModeFromSystem  windowmode is 1
D/DecorView[]( 5547): updateDecorCaptionStatus displayWindowDecor is false
W/Looper  ( 5547): PerfMonitor looperActivity : package=com.example.benchmark_container/.MainActivity time=400ms latency=394ms running=0ms  procState=-1  historyMsgCount=3 (msgIndex=1 wall=400ms seq=4 late=394ms h=android.app.ActivityThread$H w=159) (msgIndex=2 wall=400ms seq=4 late=394ms h=android.app.ActivityThread$H w=159) (msgIndex=3 wall=398ms seq=3 h=android.app.ActivityThread$H w=110)
W/Looper  ( 5547): PerfMonitor looperActivity : package=com.example.benchmark_container/.MainActivity time=0ms latency=797ms running=0ms  procState=-1  historyMsgCount=4 (msgIndex=1 wall=400ms seq=4 late=394ms h=android.app.ActivityThread$H w=159) (msgIndex=2 wall=400ms seq=4 late=394ms h=android.app.ActivityThread$H w=159) (msgIndex=3 wall=398ms seq=3 h=android.app.ActivityThread$H w=110) (msgIndex=4 wall=400ms seq=4 late=394ms h=android.app.ActivityThread$H w=159)
D/SurfaceView( 5547): UPDATE null, mIsCastMode = false
D/hw-ProcessState( 5547): Binder ioctl to enable oneway spam detection failed: Invalid argument
W/Looper  ( 5547): PerfMonitor longMsg : seq=8 plan=00:37:39.139 late=427ms wall=1698ms running=0ms h=android.view.Choreographer$FrameHandler c=android.view.Choreographer$FrameDisplayEventReceiver procState=-1
W/Looper  ( 5547): PerfMonitor doFrame : time=1698ms vsyncFrame=0 latency=427ms procState=-1 historyMsgCount=7 (msgIndex=1 wall=400ms seq=4 h=android.app.ActivityThread$H w=159) (msgIndex=2 wall=400ms seq=4 h=android.app.ActivityThread$H w=159) (msgIndex=3 wall=1698ms seq=8 late=427ms h=android.view.Choreographer$FrameHandler c=android.view.Choreographer$FrameDisplayEventReceiver) (msgIndex=4 wall=400ms seq=4 h=android.app.ActivityThread$H w=159)
I/Choreographer( 5547): Skipped 96 frames!  The application may be doing too much work on its main thread.
D/SurfaceView( 5547): UPDATE Surface(name=SurfaceView[com.example.benchmark_container/com.example.benchmark_container.MainActivity])/@0x4d86cce, mIsProjectionMode = false
W/Looper  ( 5547): PerfMonitor doFrame : time=3ms vsyncFrame=0 latency=1617ms procState=-1 historyMsgCount=4
[spm]: Connected to Dart VM service.
I/flutter ( 5547): 00:00 +0: Performance Benchmark
E/hmark_containe( 5547): open libmigui.so failed! dlopen - dlopen failed: library "libmigui.so" not found
D/hmark_containe( 5547): MiuiProcessManagerServiceStub setSchedFifo
I/MiuiProcessManagerImpl( 5547): setSchedFifo pid:5547, mode:3
D/DecorView[]( 5547): onWindowFocusChanged hasWindowFocus true
D/DecorView[]( 5547): getWindowModeFromSystem  windowmode is 1
D/DecorView[]( 5547): updateDecorCaptionStatus displayWindowDecor is false
D/ProfileInstaller( 5547): Installing profile for com.example.benchmark_container
I/flutter ( 5547): setState 698a51a
[spm]: ProfilerData event received.
I/flutter ( 5547): [SPM:perf] 698a51a  buildSpan: 402µs
I/flutter ( 5547): [spm] Performance monitoring completed for 698a51a
I/flutter ( 5547): setState 698a51a
[spm]: ProfilerData event received.
I/flutter ( 5547): [SPM:perf] 698a51a  buildSpan: 412µs
I/flutter ( 5547): [spm] Performance monitoring completed for 698a51a
I/flutter ( 5547): setState 698a51a
[spm]: ProfilerData event received.
I/flutter ( 5547): [SPM:perf] 698a51a  buildSpan: 453µs
I/flutter ( 5547): [spm] Performance monitoring completed for 698a51a
I/flutter ( 5547): setState 698a51a
[spm]: ProfilerData event received.
I/flutter ( 5547): [SPM:perf] 698a51a  buildSpan: 378µs
I/flutter ( 5547): [spm] Performance monitoring completed for 698a51a
I/flutter ( 5547): setState 698a51a
I/flutter ( 5547): [SPM:perf] 698a51a  buildSpan: 418µs
I/flutter ( 5547): [spm] Performance monitoring completed for 698a51a
I/flutter ( 5547): setState 698a51a
[spm]: ProfilerData event received.
[spm]: ProfilerData event received.
I/flutter ( 5547): [SPM:perf] 698a51a  buildSpan: 403µs
I/flutter ( 5547): [spm] Performance monitoring completed for 698a51a
I/flutter ( 5547): setState 698a51a
[spm]: ProfilerData event received.
I/flutter ( 5547): [SPM:perf] 698a51a  buildSpan: 422µs
I/flutter ( 5547): [spm] Performance monitoring completed for 698a51a
I/flutter ( 5547): setState 698a51a
[spm]: ProfilerData event received.
I/flutter ( 5547): [SPM:perf] 698a51a  buildSpan: 402µs
I/flutter ( 5547): [spm] Performance monitoring completed for 698a51a
I/flutter ( 5547): setState 698a51a
[spm]: ProfilerData event received.
I/flutter ( 5547): [SPM:perf] 698a51a  buildSpan: 364µs
I/flutter ( 5547): [spm] Performance monitoring completed for 698a51a
I/flutter ( 5547): setState 698a51a
[spm]: ProfilerData event received.
I/flutter ( 5547): [SPM:perf] 698a51a  buildSpan: 371µs
I/flutter ( 5547): [spm] Performance monitoring completed for 698a51a
I/flutter ( 5547): setState 698a51a
[spm]: ProfilerData event received.
I/flutter ( 5547): [SPM:perf] 698a51a  buildSpan: 568µs
I/flutter ( 5547): [spm] Performance monitoring completed for 698a51a
I/flutter ( 5547): setState 698a51a
I/flutter ( 5547): [SPM:perf] 698a51a  buildSpan: 410µs
I/flutter ( 5547): [spm] Performance monitoring completed for 698a51a
I/flutter ( 5547): setState 698a51a
[spm]: ProfilerData event received.
[spm]: ProfilerData event received.
I/flutter ( 5547): [SPM:perf] 698a51a  buildSpan: 361µs
I/flutter ( 5547): [spm] Performance monitoring completed for 698a51a
I/flutter ( 5547): setState 698a51a
[spm]: ProfilerData event received.
I/flutter ( 5547): [SPM:perf] 698a51a  buildSpan: 422µs
I/flutter ( 5547): [spm] Performance monitoring completed for 698a51a
I/flutter ( 5547): setState 698a51a
[spm]: ProfilerData event received.
I/flutter ( 5547): [SPM:perf] 698a51a  buildSpan: 385µs
I/flutter ( 5547): [spm] Performance monitoring completed for 698a51a
I/flutter ( 5547): setState 698a51a
[spm]: ProfilerData event received.
I/flutter ( 5547): [SPM:perf] 698a51a  buildSpan: 459µs
I/flutter ( 5547): [spm] Performance monitoring completed for 698a51a
I/flutter ( 5547): setState 698a51a
[spm]: ProfilerData event received.
I/flutter ( 5547): [SPM:perf] 698a51a  buildSpan: 370µs
I/flutter ( 5547): [spm] Performance monitoring completed for 698a51a
I/flutter ( 5547): setState 698a51a
[spm]: ProfilerData event received.
I/flutter ( 5547): [SPM:perf] 698a51a  buildSpan: 424µs
I/flutter ( 5547): [spm] Performance monitoring completed for 698a51a
I/flutter ( 5547): setState 698a51a
[spm]: ProfilerData event received.
I/flutter ( 5547): [SPM:perf] 698a51a  buildSpan: 450µs
I/flutter ( 5547): [spm] Performance monitoring completed for 698a51a
I/flutter ( 5547): setState 698a51a
[spm]: ProfilerData event received.
I/flutter ( 5547): [SPM:perf] 698a51a  buildSpan: 384µs
I/flutter ( 5547): [spm] Performance monitoring completed for 698a51a
I/flutter ( 5547): setState 698a51a
[spm]: ProfilerData event received.
I/flutter ( 5547): [SPM:perf] 698a51a  buildSpan: 328µs
I/flutter ( 5547): [spm] Performance monitoring completed for 698a51a
I/flutter ( 5547): setState 698a51a
[spm]: ProfilerData event received.
I/flutter ( 5547): [SPM:perf] 698a51a  buildSpan: 433µs
I/flutter ( 5547): [spm] Performance monitoring completed for 698a51a
I/flutter ( 5547): setState 698a51a
[spm]: ProfilerData event received.
I/flutter ( 5547): [SPM:perf] 698a51a  buildSpan: 386µs
I/flutter ( 5547): [spm] Performance monitoring completed for 698a51a
I/flutter ( 5547): setState 698a51a
[spm]: ProfilerData event received.
I/flutter ( 5547): [SPM:perf] 698a51a  buildSpan: 443µs
I/flutter ( 5547): [spm] Performance monitoring completed for 698a51a
I/flutter ( 5547): setState 698a51a
[spm]: ProfilerData event received.
I/flutter ( 5547): [SPM:perf] 698a51a  buildSpan: 372µs
I/flutter ( 5547): [spm] Performance monitoring completed for 698a51a
I/flutter ( 5547): setState 698a51a
[spm]: ProfilerData event received.
I/flutter ( 5547): [SPM:perf] 698a51a  buildSpan: 799µs
I/flutter ( 5547): [spm] Performance monitoring completed for 698a51a
I/flutter ( 5547): setState 698a51a
[spm]: ProfilerData event received.
I/flutter ( 5547): [SPM:perf] 698a51a  buildSpan: 404µs
I/flutter ( 5547): [spm] Performance monitoring completed for 698a51a
I/flutter ( 5547): setState 698a51a
[spm]: ProfilerData event received.
I/flutter ( 5547): [SPM:perf] 698a51a  buildSpan: 426µs
I/flutter ( 5547): [spm] Performance monitoring completed for 698a51a
I/flutter ( 5547): setState 698a51a
[spm]: ProfilerData event received.
I/flutter ( 5547): [SPM:perf] 698a51a  buildSpan: 396µs
I/flutter ( 5547): [spm] Performance monitoring completed for 698a51a
I/flutter ( 5547): setState 698a51a
[spm]: ProfilerData event received.
I/flutter ( 5547): [SPM:perf] 698a51a  buildSpan: 384µs
I/flutter ( 5547): [spm] Performance monitoring completed for 698a51a
I/flutter ( 5547): 01:10 +1: (tearDownAll)
I/flutter ( 5547): 01:11 +2: All tests passed!
All tests passed.
[spm]: Saved 30 profiler events to <ROOT>/dataset/15/redmi9t/raw/20260731-234616/base/e1.jsonl
[spm]: Reverting injection...
WARNING: Your Android app project: app located at: <ROOT>/android/app/build.gradle.kts
applies the Kotlin Gradle Plugin, which will cause build failures in future versions of Flutter. 
Please migrate your app to Built-in Kotlin using this guide: https://docs.flutter.dev/release/breaking-changes/migrate-to-built-in-kotlin/for-app-developers

VMServiceFlutterDriver: Connecting to Flutter application at http://127.0.0.1:34407/ZSsZ7EVIF7s=/
[spm]: Detected VM service URI: ws://127.0.0.1:34407/ZSsZ7EVIF7s=/ws
VMServiceFlutterDriver: Isolate found with number: 6373727476587351
VMServiceFlutterDriver: Isolate 6373727476587351 is runnable.
VMServiceFlutterDriver: Isolate is paused at start.
VMServiceFlutterDriver: Attempting to resume isolate
VMServiceFlutterDriver: Connected to Flutter application.