# sample_id=15/base exec_index=7 ok=True perf_lines=30 vm_events=30 battery_pct=72 soc_temp_millic=42900 battery_temp_c=31.4 charging=False preflight_started=2026-07-31T21:35:15.108865+00:00 started=2026-07-31T21:35:17.460659+00:00 ts=2026-07-31T21:37:18.157856+00:00
[spm]: Running flutter analyze...
Analyzing lib...                                                
No issues found! (ran in 0.5s)
[spm]: Injecting profiler code...
[spm]: Starting app...
Running Gradle task 'assembleProfile'...                        
Running Gradle task 'assembleProfile'...                           20.9s
✓ Built build/app/outputs/flutter-apk/app-profile.apk (61.8MB)
Installing build/app/outputs/flutter-apk/app-profile.apk...      1,941ms
D/DecorView[](31903): getWindowModeFromSystem  windowmode is 1
D/DecorView[](31903): updateDecorCaptionStatus displayWindowDecor is false
W/Looper  (31903): PerfMonitor looperActivity : package=com.example.benchmark_container/.MainActivity time=457ms latency=484ms running=0ms  procState=-1  historyMsgCount=3 (msgIndex=3 wall=463ms seq=3 h=android.app.ActivityThread$H w=110)
W/Looper  (31903): PerfMonitor looperActivity : package=com.example.benchmark_container/.MainActivity time=1ms latency=941ms running=0ms  procState=-1  historyMsgCount=4 (msgIndex=3 wall=463ms seq=3 h=android.app.ActivityThread$H w=110) (msgIndex=4 wall=457ms seq=4 late=484ms h=android.app.ActivityThread$H w=159)
I/Choreographer(31903): Skipped 31 frames!  The application may be doing too much work on its main thread.
D/SurfaceView(31903): UPDATE null, mIsCastMode = false
D/hw-ProcessState(31903): Binder ioctl to enable oneway spam detection failed: Invalid argument
W/Looper  (31903): PerfMonitor longMsg : seq=8 plan=00:35:54.818 late=532ms wall=1751ms running=0ms h=android.view.Choreographer$FrameHandler c=android.view.Choreographer$FrameDisplayEventReceiver procState=-1
W/Looper  (31903): PerfMonitor doFrame : time=1751ms vsyncFrame=0 latency=532ms procState=-1 historyMsgCount=6 (msgIndex=2 wall=1751ms seq=8 late=532ms h=android.view.Choreographer$FrameHandler c=android.view.Choreographer$FrameDisplayEventReceiver) (msgIndex=3 wall=457ms seq=4 h=android.app.ActivityThread$H w=159)
I/Choreographer(31903): Skipped 99 frames!  The application may be doing too much work on its main thread.
D/SurfaceView(31903): UPDATE Surface(name=SurfaceView[com.example.benchmark_container/com.example.benchmark_container.MainActivity])/@0x4d86cce, mIsProjectionMode = false
W/Looper  (31903): PerfMonitor doFrame : time=3ms vsyncFrame=0 latency=1656ms procState=-1 historyMsgCount=5
[spm]: Connected to Dart VM service.
I/flutter (31903): 00:00 +0: Performance Benchmark
E/hmark_containe(31903): open libmigui.so failed! dlopen - dlopen failed: library "libmigui.so" not found
D/hmark_containe(31903): MiuiProcessManagerServiceStub setSchedFifo
I/MiuiProcessManagerImpl(31903): setSchedFifo pid:31903, mode:3
D/DecorView[](31903): onWindowFocusChanged hasWindowFocus true
D/DecorView[](31903): getWindowModeFromSystem  windowmode is 1
D/DecorView[](31903): updateDecorCaptionStatus displayWindowDecor is false
D/ProfileInstaller(31903): Installing profile for com.example.benchmark_container
I/flutter (31903): setState 698a51a
[spm]: ProfilerData event received.
I/flutter (31903): [SPM:perf] 698a51a  buildSpan: 393µs
I/flutter (31903): [spm] Performance monitoring completed for 698a51a
I/flutter (31903): setState 698a51a
[spm]: ProfilerData event received.
I/flutter (31903): [SPM:perf] 698a51a  buildSpan: 528µs
I/flutter (31903): [spm] Performance monitoring completed for 698a51a
I/flutter (31903): setState 698a51a
I/flutter (31903): [SPM:perf] 698a51a  buildSpan: 371µs
[spm]: ProfilerData event received.
I/flutter (31903): [spm] Performance monitoring completed for 698a51a
I/flutter (31903): setState 698a51a
[spm]: ProfilerData event received.
I/flutter (31903): [SPM:perf] 698a51a  buildSpan: 412µs
I/flutter (31903): [spm] Performance monitoring completed for 698a51a
I/flutter (31903): setState 698a51a
[spm]: ProfilerData event received.
I/flutter (31903): [SPM:perf] 698a51a  buildSpan: 374µs
I/flutter (31903): [spm] Performance monitoring completed for 698a51a
I/flutter (31903): setState 698a51a
[spm]: ProfilerData event received.
I/flutter (31903): [SPM:perf] 698a51a  buildSpan: 425µs
I/flutter (31903): [spm] Performance monitoring completed for 698a51a
I/flutter (31903): setState 698a51a
[spm]: ProfilerData event received.
I/flutter (31903): [SPM:perf] 698a51a  buildSpan: 354µs
I/flutter (31903): [spm] Performance monitoring completed for 698a51a
I/flutter (31903): setState 698a51a
[spm]: ProfilerData event received.
I/flutter (31903): [SPM:perf] 698a51a  buildSpan: 387µs
I/flutter (31903): [spm] Performance monitoring completed for 698a51a
I/flutter (31903): setState 698a51a
[spm]: ProfilerData event received.
I/flutter (31903): [SPM:perf] 698a51a  buildSpan: 413µs
I/flutter (31903): [spm] Performance monitoring completed for 698a51a
I/flutter (31903): setState 698a51a
[spm]: ProfilerData event received.
I/flutter (31903): [SPM:perf] 698a51a  buildSpan: 376µs
I/flutter (31903): [spm] Performance monitoring completed for 698a51a
I/flutter (31903): setState 698a51a
[spm]: ProfilerData event received.
I/flutter (31903): [SPM:perf] 698a51a  buildSpan: 415µs
I/flutter (31903): [spm] Performance monitoring completed for 698a51a
I/flutter (31903): setState 698a51a
[spm]: ProfilerData event received.
I/flutter (31903): [SPM:perf] 698a51a  buildSpan: 320µs
I/flutter (31903): [spm] Performance monitoring completed for 698a51a
I/flutter (31903): setState 698a51a
[spm]: ProfilerData event received.
I/flutter (31903): [SPM:perf] 698a51a  buildSpan: 395µs
I/flutter (31903): [spm] Performance monitoring completed for 698a51a
I/flutter (31903): setState 698a51a
[spm]: ProfilerData event received.
I/flutter (31903): [SPM:perf] 698a51a  buildSpan: 422µs
I/flutter (31903): [spm] Performance monitoring completed for 698a51a
I/flutter (31903): setState 698a51a
[spm]: ProfilerData event received.
I/flutter (31903): [SPM:perf] 698a51a  buildSpan: 392µs
I/flutter (31903): [spm] Performance monitoring completed for 698a51a
I/flutter (31903): setState 698a51a
[spm]: ProfilerData event received.
I/flutter (31903): [SPM:perf] 698a51a  buildSpan: 369µs
I/flutter (31903): [spm] Performance monitoring completed for 698a51a
I/flutter (31903): setState 698a51a
[spm]: ProfilerData event received.
I/flutter (31903): [SPM:perf] 698a51a  buildSpan: 390µs
I/flutter (31903): [spm] Performance monitoring completed for 698a51a
I/flutter (31903): setState 698a51a
I/flutter (31903): [SPM:perf] 698a51a  buildSpan: 405µs
[spm]: ProfilerData event received.
I/flutter (31903): [spm] Performance monitoring completed for 698a51a
I/flutter (31903): setState 698a51a
[spm]: ProfilerData event received.
I/flutter (31903): [SPM:perf] 698a51a  buildSpan: 382µs
I/flutter (31903): [spm] Performance monitoring completed for 698a51a
I/flutter (31903): setState 698a51a
[spm]: ProfilerData event received.
I/flutter (31903): [SPM:perf] 698a51a  buildSpan: 417µs
I/flutter (31903): [spm] Performance monitoring completed for 698a51a
I/flutter (31903): setState 698a51a
[spm]: ProfilerData event received.
I/flutter (31903): [SPM:perf] 698a51a  buildSpan: 323µs
I/flutter (31903): [spm] Performance monitoring completed for 698a51a
I/flutter (31903): setState 698a51a
[spm]: ProfilerData event received.
I/flutter (31903): [SPM:perf] 698a51a  buildSpan: 390µs
I/flutter (31903): [spm] Performance monitoring completed for 698a51a
I/flutter (31903): setState 698a51a
[spm]: ProfilerData event received.
I/flutter (31903): [SPM:perf] 698a51a  buildSpan: 453µs
I/flutter (31903): [spm] Performance monitoring completed for 698a51a
I/flutter (31903): setState 698a51a
[spm]: ProfilerData event received.
I/flutter (31903): [SPM:perf] 698a51a  buildSpan: 353µs
I/flutter (31903): [spm] Performance monitoring completed for 698a51a
I/flutter (31903): setState 698a51a
[spm]: ProfilerData event received.
I/flutter (31903): [SPM:perf] 698a51a  buildSpan: 403µs
I/flutter (31903): [spm] Performance monitoring completed for 698a51a
I/flutter (31903): setState 698a51a
[spm]: ProfilerData event received.
I/flutter (31903): [SPM:perf] 698a51a  buildSpan: 369µs
I/flutter (31903): [spm] Performance monitoring completed for 698a51a
I/flutter (31903): setState 698a51a
[spm]: ProfilerData event received.
I/flutter (31903): [SPM:perf] 698a51a  buildSpan: 303µs
I/flutter (31903): [spm] Performance monitoring completed for 698a51a
I/flutter (31903): setState 698a51a
[spm]: ProfilerData event received.
I/flutter (31903): [SPM:perf] 698a51a  buildSpan: 412µs
I/flutter (31903): [spm] Performance monitoring completed for 698a51a
I/flutter (31903): setState 698a51a
[spm]: ProfilerData event received.
I/flutter (31903): [SPM:perf] 698a51a  buildSpan: 374µs
I/flutter (31903): [spm] Performance monitoring completed for 698a51a
I/flutter (31903): setState 698a51a
I/flutter (31903): [SPM:perf] 698a51a  buildSpan: 422µs
I/flutter (31903): [spm] Performance monitoring completed for 698a51a
[spm]: ProfilerData event received.
I/flutter (31903): 01:10 +1: (tearDownAll)
I/flutter (31903): 01:11 +2: All tests passed!
All tests passed.
[spm]: Saved 30 profiler events to <ROOT>/dataset/15/redmi9t/raw/20260731-234616/base/e7.jsonl
[spm]: Reverting injection...
WARNING: Your Android app project: app located at: <ROOT>/android/app/build.gradle.kts
applies the Kotlin Gradle Plugin, which will cause build failures in future versions of Flutter. 
Please migrate your app to Built-in Kotlin using this guide: https://docs.flutter.dev/release/breaking-changes/migrate-to-built-in-kotlin/for-app-developers

VMServiceFlutterDriver: Connecting to Flutter application at http://127.0.0.1:33551/ah5XwZKpTpo=/
[spm]: Detected VM service URI: ws://127.0.0.1:33551/ah5XwZKpTpo=/ws
VMServiceFlutterDriver: Isolate found with number: 3708435166669915
VMServiceFlutterDriver: Isolate 3708435166669915 is runnable.
VMServiceFlutterDriver: Isolate is paused at start.
VMServiceFlutterDriver: Attempting to resume isolate
VMServiceFlutterDriver: Connected to Flutter application.