# sample_id=06/base exec_index=7 ok=True perf_lines=30 vm_events=30 battery_pct=80 soc_temp_millic=41700 battery_temp_c=32.5 charging=False preflight_started=2026-07-29T14:11:51.262298+00:00 started=2026-07-29T14:11:54.088475+00:00 ts=2026-07-29T14:13:50.743194+00:00
[spm]: Running flutter analyze...
Analyzing lib...                                                
No issues found! (ran in 0.7s)
[spm]: Injecting profiler code...
[spm]: Starting app...
Running Gradle task 'assembleProfile'...                        
Running Gradle task 'assembleProfile'...                           19.1s
✓ Built build/app/outputs/flutter-apk/app-profile.apk (61.8MB)
Installing build/app/outputs/flutter-apk/app-profile.apk...      2,324ms
I/ForceDarkHelperStubImpl(18499): setViewRootImplForceDark: false for com.example.benchmark_container.MainActivity@4db2a21, reason: AppDarkModeEnable
I/ForceDarkHelperStubImpl(18499): setViewRootImplForceDark: false for com.example.benchmark_container.MainActivity@4db2a21, reason: AppDarkModeEnable
D/DecorView[](18499): getWindowModeFromSystem  windowmode is 1
D/DecorView[](18499): updateDecorCaptionStatus displayWindowDecor is false
W/Looper  (18499): PerfMonitor looperActivity : package=com.example.benchmark_container/.MainActivity time=397ms latency=401ms running=0ms  procState=-1  historyMsgCount=3 (msgIndex=3 wall=399ms seq=3 h=android.app.ActivityThread$H w=110)
W/Looper  (18499): PerfMonitor looperActivity : package=com.example.benchmark_container/.MainActivity time=0ms latency=799ms running=0ms  procState=-1  historyMsgCount=4 (msgIndex=3 wall=399ms seq=3 h=android.app.ActivityThread$H w=110) (msgIndex=4 wall=397ms seq=4 late=401ms h=android.app.ActivityThread$H w=159)
D/SurfaceView(18499): UPDATE null, mIsCastMode = false
D/hw-ProcessState(18499): Binder ioctl to enable oneway spam detection failed: Invalid argument
W/Looper  (18499): PerfMonitor longMsg : seq=8 plan=17:12:28.483 late=416ms wall=1675ms running=0ms h=android.view.Choreographer$FrameHandler c=android.view.Choreographer$FrameDisplayEventReceiver procState=-1
W/Looper  (18499): PerfMonitor doFrame : time=1675ms vsyncFrame=0 latency=416ms procState=-1 historyMsgCount=6 (msgIndex=2 wall=1675ms seq=8 late=416ms h=android.view.Choreographer$FrameHandler c=android.view.Choreographer$FrameDisplayEventReceiver) (msgIndex=3 wall=397ms seq=4 h=android.app.ActivityThread$H w=159)
I/Choreographer(18499): Skipped 94 frames!  The application may be doing too much work on its main thread.
D/SurfaceView(18499): UPDATE Surface(name=SurfaceView[com.example.benchmark_container/com.example.benchmark_container.MainActivity])/@0x6a147ef, mIsProjectionMode = false
W/Looper  (18499): PerfMonitor doFrame : time=2ms vsyncFrame=0 latency=1580ms procState=-1 historyMsgCount=4
[spm]: Connected to Dart VM service.
I/flutter (18499): 00:00 +0: Performance Benchmark
E/hmark_containe(18499): open libmigui.so failed! dlopen - dlopen failed: library "libmigui.so" not found
D/hmark_containe(18499): MiuiProcessManagerServiceStub setSchedFifo
I/MiuiProcessManagerImpl(18499): setSchedFifo pid:18499, mode:3
D/DecorView[](18499): onWindowFocusChanged hasWindowFocus true
D/DecorView[](18499): getWindowModeFromSystem  windowmode is 1
D/DecorView[](18499): updateDecorCaptionStatus displayWindowDecor is false
D/ProfileInstaller(18499): Installing profile for com.example.benchmark_container
I/flutter (18499): setState 698a51a
[spm]: ProfilerData event received.
I/flutter (18499): [SPM:perf] 698a51a  buildSpan: 685µs
I/flutter (18499): [spm] Performance monitoring completed for 698a51a
I/flutter (18499): setState 698a51a
[spm]: ProfilerData event received.
I/flutter (18499): [SPM:perf] 698a51a  buildSpan: 639µs
I/flutter (18499): [spm] Performance monitoring completed for 698a51a
I/flutter (18499): setState 698a51a
[spm]: ProfilerData event received.
I/flutter (18499): [SPM:perf] 698a51a  buildSpan: 619µs
I/flutter (18499): [spm] Performance monitoring completed for 698a51a
I/flutter (18499): setState 698a51a
I/flutter (18499): [SPM:perf] 698a51a  buildSpan: 671µs
I/flutter (18499): [spm] Performance monitoring completed for 698a51a
[spm]: ProfilerData event received.
I/flutter (18499): setState 698a51a
[spm]: ProfilerData event received.
I/flutter (18499): [SPM:perf] 698a51a  buildSpan: 537µs
I/flutter (18499): [spm] Performance monitoring completed for 698a51a
I/flutter (18499): setState 698a51a
[spm]: ProfilerData event received.
I/flutter (18499): [SPM:perf] 698a51a  buildSpan: 566µs
I/flutter (18499): [spm] Performance monitoring completed for 698a51a
I/flutter (18499): setState 698a51a
[spm]: ProfilerData event received.
I/flutter (18499): [SPM:perf] 698a51a  buildSpan: 515µs
I/flutter (18499): [spm] Performance monitoring completed for 698a51a
I/flutter (18499): setState 698a51a
I/flutter (18499): [SPM:perf] 698a51a  buildSpan: 677µs
I/flutter (18499): [spm] Performance monitoring completed for 698a51a
[spm]: ProfilerData event received.
I/flutter (18499): setState 698a51a
[spm]: ProfilerData event received.
I/flutter (18499): [SPM:perf] 698a51a  buildSpan: 580µs
I/flutter (18499): [spm] Performance monitoring completed for 698a51a
I/flutter (18499): setState 698a51a
[spm]: ProfilerData event received.
I/flutter (18499): [SPM:perf] 698a51a  buildSpan: 491µs
I/flutter (18499): [spm] Performance monitoring completed for 698a51a
I/flutter (18499): setState 698a51a
[spm]: ProfilerData event received.
I/flutter (18499): [SPM:perf] 698a51a  buildSpan: 553µs
I/flutter (18499): [spm] Performance monitoring completed for 698a51a
I/flutter (18499): setState 698a51a
[spm]: ProfilerData event received.
I/flutter (18499): [SPM:perf] 698a51a  buildSpan: 455µs
I/flutter (18499): [spm] Performance monitoring completed for 698a51a
I/flutter (18499): setState 698a51a
[spm]: ProfilerData event received.
I/flutter (18499): [SPM:perf] 698a51a  buildSpan: 880µs
I/flutter (18499): [spm] Performance monitoring completed for 698a51a
I/flutter (18499): setState 698a51a
[spm]: ProfilerData event received.
I/flutter (18499): [SPM:perf] 698a51a  buildSpan: 681µs
I/flutter (18499): [spm] Performance monitoring completed for 698a51a
I/flutter (18499): setState 698a51a
[spm]: ProfilerData event received.
I/flutter (18499): [SPM:perf] 698a51a  buildSpan: 517µs
I/flutter (18499): [spm] Performance monitoring completed for 698a51a
I/flutter (18499): setState 698a51a
[spm]: ProfilerData event received.
I/flutter (18499): [SPM:perf] 698a51a  buildSpan: 476µs
I/flutter (18499): [spm] Performance monitoring completed for 698a51a
I/flutter (18499): setState 698a51a
[spm]: ProfilerData event received.
I/flutter (18499): [SPM:perf] 698a51a  buildSpan: 492µs
I/flutter (18499): [spm] Performance monitoring completed for 698a51a
I/flutter (18499): setState 698a51a
[spm]: ProfilerData event received.
I/flutter (18499): [SPM:perf] 698a51a  buildSpan: 422µs
I/flutter (18499): [spm] Performance monitoring completed for 698a51a
I/flutter (18499): setState 698a51a
[spm]: ProfilerData event received.
I/flutter (18499): [SPM:perf] 698a51a  buildSpan: 832µs
I/flutter (18499): [spm] Performance monitoring completed for 698a51a
I/flutter (18499): setState 698a51a
I/flutter (18499): [SPM:perf] 698a51a  buildSpan: 573µs
I/flutter (18499): [spm] Performance monitoring completed for 698a51a
I/flutter (18499): setState 698a51a
[spm]: ProfilerData event received.
I/flutter (18499): [SPM:perf] 698a51a  buildSpan: 682µs
I/flutter (18499): [spm] Performance monitoring completed for 698a51a
[spm]: ProfilerData event received.
I/flutter (18499): setState 698a51a
[spm]: ProfilerData event received.
I/flutter (18499): [SPM:perf] 698a51a  buildSpan: 827µs
I/flutter (18499): [spm] Performance monitoring completed for 698a51a
I/flutter (18499): setState 698a51a
[spm]: ProfilerData event received.
I/flutter (18499): [SPM:perf] 698a51a  buildSpan: 663µs
I/flutter (18499): [spm] Performance monitoring completed for 698a51a
I/flutter (18499): setState 698a51a
[spm]: ProfilerData event received.
I/flutter (18499): [SPM:perf] 698a51a  buildSpan: 634µs
I/flutter (18499): [spm] Performance monitoring completed for 698a51a
I/flutter (18499): setState 698a51a
[spm]: ProfilerData event received.
I/flutter (18499): [SPM:perf] 698a51a  buildSpan: 656µs
I/flutter (18499): [spm] Performance monitoring completed for 698a51a
I/flutter (18499): setState 698a51a
[spm]: ProfilerData event received.
I/flutter (18499): [SPM:perf] 698a51a  buildSpan: 527µs
I/flutter (18499): [spm] Performance monitoring completed for 698a51a
I/flutter (18499): setState 698a51a
[spm]: ProfilerData event received.
I/flutter (18499): [SPM:perf] 698a51a  buildSpan: 634µs
I/flutter (18499): [spm] Performance monitoring completed for 698a51a
I/flutter (18499): setState 698a51a
[spm]: ProfilerData event received.
I/flutter (18499): [SPM:perf] 698a51a  buildSpan: 652µs
I/flutter (18499): [spm] Performance monitoring completed for 698a51a
I/flutter (18499): setState 698a51a
[spm]: ProfilerData event received.
I/flutter (18499): [SPM:perf] 698a51a  buildSpan: 643µs
I/flutter (18499): [spm] Performance monitoring completed for 698a51a
I/flutter (18499): setState 698a51a
[spm]: ProfilerData event received.
I/flutter (18499): [SPM:perf] 698a51a  buildSpan: 873µs
I/flutter (18499): [spm] Performance monitoring completed for 698a51a
I/flutter (18499): 01:10 +1: (tearDownAll)
I/flutter (18499): 01:11 +2: All tests passed!
All tests passed.
[spm]: Saved 30 profiler events to <ROOT>/dataset/06/redmi9t/raw/20260729-161514/base/e7.jsonl
[spm]: Reverting injection...
WARNING: Your Android app project: app located at: <ROOT>/android/app/build.gradle.kts
applies the Kotlin Gradle Plugin, which will cause build failures in future versions of Flutter. 
Please migrate your app to Built-in Kotlin using this guide: https://docs.flutter.dev/release/breaking-changes/migrate-to-built-in-kotlin/for-app-developers

VMServiceFlutterDriver: Connecting to Flutter application at http://127.0.0.1:34553/XlGGYhLIlqQ=/
[spm]: Detected VM service URI: ws://127.0.0.1:34553/XlGGYhLIlqQ=/ws
VMServiceFlutterDriver: Isolate found with number: 3272095227128627
VMServiceFlutterDriver: Isolate 3272095227128627 is runnable.
VMServiceFlutterDriver: Isolate is paused at start.
VMServiceFlutterDriver: Attempting to resume isolate
VMServiceFlutterDriver: Connected to Flutter application.