# sample_id=0531/rev_002_85b46635 exec_index=0 ok=True perf_lines=30 vm_events=30 battery_pct=69 soc_temp_millic=37000 battery_temp_c=29.4 charging=False preflight_started=2026-09-17T00:18:11.219160+00:00 started=2026-09-17T00:18:14.003970+00:00 ts=2026-09-17T00:20:18.654877+00:00
[spm]: Running flutter analyze...
Resolving dependencies...
Downloading packages...
  _fe_analyzer_shared 100.0.0 (108.0.0 available)
  analyzer 13.0.0 (14.4.0 available)
  async 2.13.0 (2.13.1 available)
  clock 1.1.2 (1.1.3 available)
  cupertino_icons 1.0.8 (1.0.9 available)
  glob 2.1.3 (2.2.0 available)
  lints 6.0.0 (6.1.0 available)
  matcher 0.12.19 (0.12.20 available)
  material_color_utilities 0.13.0 (0.13.1 available)
  meta 1.18.0 (1.19.0 available)
  package_config 2.2.0 (3.0.0 available)
  platform 3.1.6 (3.2.0 available)
  process 5.0.5 (5.0.6 available)
  pub_semver 2.2.0 (2.2.1 available)
  source_span 1.10.1 (1.10.2 available)
  stack_trace 1.12.1 (1.12.2 available)
  test_api 0.7.11 (0.7.14 available)
  vector_math 2.2.0 (2.4.2 available)
  vm_service 15.0.2 (15.3.0 available)
  webdriver 3.1.0 (3.2.0 available)
  yaml 3.1.3 (3.1.4 available)
Got dependencies!
21 packages have newer versions incompatible with dependency constraints.
Try `flutter pub outdated` for more information.
Analyzing lib...                                                

   info • The part-of directive uses a library name. Try converting the directive to use the URI of the library • lib/dependencies.dart:46:1 • use_string_in_part_of_directives
   info • Constructors in '@immutable' classes should be declared as 'const'. Try adding 'const' to the constructor declaration • lib/dependencies.dart:128:3 • prefer_const_constructors_in_immutables
   info • Library names are not necessary. Remove the library name • lib/generated_widget.dart:2:9 • unnecessary_library_name
   info • Constructors in '@immutable' classes should be declared as 'const'. Try adding 'const' to the constructor declaration • lib/generated_widget.dart:11:3 • prefer_const_constructors_in_immutables
   info • The 'child' argument should be last in widget constructor invocations. Try moving the argument to the end of the argument list • lib/generated_widget.dart:33:15 • sort_child_properties_last
   info • Unnecessary use of multiple underscores. Try using '_' • lib/generated_widget.dart:37:44 • unnecessary_underscores

[spm]: Injecting profiler code...
[spm]: Starting app...
Running Gradle task 'assembleProfile'...                        
Running Gradle task 'assembleProfile'...                           19.4s
✓ Built build/app/outputs/flutter-apk/app-profile.apk (26.8MB)
Installing build/app/outputs/flutter-apk/app-profile.apk...      1,209ms
D/DecorView[](25734): getWindowModeFromSystem  windowmode is 1
D/DecorView[](25734): getWindowModeFromSystem  windowmode is 1
D/DecorView[](25734): updateDecorCaptionStatus displayWindowDecor is false
W/Looper  (25734): PerfMonitor looperActivity : package=com.example.benchmark_container/.MainActivity time=395ms latency=385ms running=0ms  procState=-1  historyMsgCount=2 (msgIndex=1 wall=395ms seq=4 late=385ms h=android.app.ActivityThread$H w=159) (msgIndex=2 wall=404ms seq=3 h=android.app.ActivityThread$H w=110)
W/Looper  (25734): PerfMonitor looperActivity : package=com.example.benchmark_container/.MainActivity time=1ms latency=781ms running=0ms  procState=-1  historyMsgCount=4 (msgIndex=2 wall=395ms seq=4 late=385ms h=android.app.ActivityThread$H w=159) (msgIndex=3 wall=404ms seq=3 h=android.app.ActivityThread$H w=110) (msgIndex=4 wall=395ms seq=4 late=385ms h=android.app.ActivityThread$H w=159)
D/SurfaceView(25734): UPDATE null, mIsCastMode = false
D/hw-ProcessState(25734): Binder ioctl to enable oneway spam detection failed: Invalid argument
[spm]: Connected to Dart VM service.
I/flutter (25734): 00:00 +0: Performance Benchmark
E/hmark_containe(25734): open libmigui.so failed! dlopen - dlopen failed: library "libmigui.so" not found
D/hmark_containe(25734): MiuiProcessManagerServiceStub setSchedFifo
I/MiuiProcessManagerImpl(25734): setSchedFifo pid:25734, mode:3
D/DecorView[](25734): onWindowFocusChanged hasWindowFocus true
D/ProfileInstaller(25734): Installing profile for com.example.benchmark_container
D/DecorView[](25734): getWindowModeFromSystem  windowmode is 1
D/DecorView[](25734): updateDecorCaptionStatus displayWindowDecor is false
I/flutter (25734): [SPM:perf] 698a51a  buildSpan: 2845µs
I/flutter (25734): [spm] Performance monitoring completed for 698a51a
[spm]: ProfilerData event received.
[spm]: ProfilerData event received.
I/flutter (25734): [SPM:perf] 698a51a  buildSpan: 2605µs
I/flutter (25734): [spm] Performance monitoring completed for 698a51a
[spm]: ProfilerData event received.
I/flutter (25734): [SPM:perf] 698a51a  buildSpan: 2464µs
I/flutter (25734): [spm] Performance monitoring completed for 698a51a
[spm]: ProfilerData event received.
I/flutter (25734): [SPM:perf] 698a51a  buildSpan: 2481µs
I/flutter (25734): [spm] Performance monitoring completed for 698a51a
[spm]: ProfilerData event received.
I/flutter (25734): [SPM:perf] 698a51a  buildSpan: 2512µs
I/flutter (25734): [spm] Performance monitoring completed for 698a51a
[spm]: ProfilerData event received.
I/flutter (25734): [SPM:perf] 698a51a  buildSpan: 2063µs
I/flutter (25734): [spm] Performance monitoring completed for 698a51a
[spm]: ProfilerData event received.
I/flutter (25734): [SPM:perf] 698a51a  buildSpan: 2937µs
I/flutter (25734): [spm] Performance monitoring completed for 698a51a
[spm]: ProfilerData event received.
I/flutter (25734): [SPM:perf] 698a51a  buildSpan: 2446µs
I/flutter (25734): [spm] Performance monitoring completed for 698a51a
[spm]: ProfilerData event received.
I/flutter (25734): [SPM:perf] 698a51a  buildSpan: 8776µs
I/flutter (25734): [spm] Performance monitoring completed for 698a51a
[spm]: ProfilerData event received.
I/flutter (25734): [SPM:perf] 698a51a  buildSpan: 2047µs
I/flutter (25734): [spm] Performance monitoring completed for 698a51a
[spm]: ProfilerData event received.
I/flutter (25734): [SPM:perf] 698a51a  buildSpan: 2543µs
I/flutter (25734): [spm] Performance monitoring completed for 698a51a
[spm]: ProfilerData event received.
I/flutter (25734): [SPM:perf] 698a51a  buildSpan: 2477µs
I/flutter (25734): [spm] Performance monitoring completed for 698a51a
[spm]: ProfilerData event received.
I/flutter (25734): [SPM:perf] 698a51a  buildSpan: 2490µs
I/flutter (25734): [spm] Performance monitoring completed for 698a51a
[spm]: ProfilerData event received.
I/flutter (25734): [SPM:perf] 698a51a  buildSpan: 2653µs
I/flutter (25734): [spm] Performance monitoring completed for 698a51a
[spm]: ProfilerData event received.
I/flutter (25734): [SPM:perf] 698a51a  buildSpan: 2655µs
I/flutter (25734): [spm] Performance monitoring completed for 698a51a
[spm]: ProfilerData event received.
I/flutter (25734): [SPM:perf] 698a51a  buildSpan: 2574µs
I/flutter (25734): [spm] Performance monitoring completed for 698a51a
[spm]: ProfilerData event received.
I/flutter (25734): [SPM:perf] 698a51a  buildSpan: 2604µs
I/flutter (25734): [spm] Performance monitoring completed for 698a51a
[spm]: ProfilerData event received.
I/flutter (25734): [SPM:perf] 698a51a  buildSpan: 2599µs
I/flutter (25734): [spm] Performance monitoring completed for 698a51a
[spm]: ProfilerData event received.
I/flutter (25734): [SPM:perf] 698a51a  buildSpan: 2505µs
I/flutter (25734): [spm] Performance monitoring completed for 698a51a
[spm]: ProfilerData event received.
I/flutter (25734): [SPM:perf] 698a51a  buildSpan: 2580µs
I/flutter (25734): [spm] Performance monitoring completed for 698a51a
[spm]: ProfilerData event received.
I/flutter (25734): [SPM:perf] 698a51a  buildSpan: 2557µs
I/flutter (25734): [spm] Performance monitoring completed for 698a51a
I/flutter (25734): [SPM:perf] 698a51a  buildSpan: 2235µs
I/flutter (25734): [spm] Performance monitoring completed for 698a51a
[spm]: ProfilerData event received.
[spm]: ProfilerData event received.
I/flutter (25734): [SPM:perf] 698a51a  buildSpan: 1921µs
I/flutter (25734): [spm] Performance monitoring completed for 698a51a
[spm]: ProfilerData event received.
I/flutter (25734): [SPM:perf] 698a51a  buildSpan: 2683µs
I/flutter (25734): [spm] Performance monitoring completed for 698a51a
I/flutter (25734): [SPM:perf] 698a51a  buildSpan: 2432µs
I/flutter (25734): [spm] Performance monitoring completed for 698a51a
[spm]: ProfilerData event received.
[spm]: ProfilerData event received.
I/flutter (25734): [SPM:perf] 698a51a  buildSpan: 2487µs
I/flutter (25734): [spm] Performance monitoring completed for 698a51a
[spm]: ProfilerData event received.
I/flutter (25734): [SPM:perf] 698a51a  buildSpan: 2631µs
I/flutter (25734): [spm] Performance monitoring completed for 698a51a
[spm]: ProfilerData event received.
I/flutter (25734): [SPM:perf] 698a51a  buildSpan: 2671µs
I/flutter (25734): [spm] Performance monitoring completed for 698a51a
[spm]: ProfilerData event received.
I/flutter (25734): [SPM:perf] 698a51a  buildSpan: 2517µs
I/flutter (25734): [spm] Performance monitoring completed for 698a51a
I/flutter (25734): [SPM:perf] 698a51a  buildSpan: 2552µs
I/flutter (25734): [spm] Performance monitoring completed for 698a51a
[spm]: ProfilerData event received.
I/flutter (25734): 01:12 +1: (tearDownAll)
I/flutter (25734): 01:13 +2: All tests passed!
I/Choreographer(25734): Skipped 58 frames!  The application may be doing too much work on its main thread.
W/Looper  (25734): PerfMonitor doFrame : time=3ms vsyncFrame=0 latency=971ms procState=-1 historyMsgCount=6
I/OpenGLRenderer(25734): Davey! duration=981ms; Flags=0, FrameTimelineVsyncId=4050720, IntendedVsync=161489624048339, Vsync=161490590714967, InputEventId=0, HandleInputStart=161490595518185, AnimationStart=161490595524904, PerformTraversalsStart=161490595527977, DrawStart=161490596503081, FrameDeadline=161489640715005, FrameInterval=161490595171935, FrameStartTime=16666666, SyncQueued=161490597228654, SyncStart=161490597400998, IssueDrawCommandsStart=161490597590373, SwapBuffers=161490599016779, FrameCompleted=161490605469331, DequeueBufferDuration=75990, QueueBufferDuration=1068230, GpuCompleted=161490605469331, SwapBuffersCompleted=161490600641935, DisplayPresentTime=0, 
[SPM:shot] wrote <ROOT>/dataset-new_samples/0531/redmi9t/shots/0531__rev_002_85b46635.png (46366 bytes)
All tests passed.
[spm]: Saved 30 profiler events to <ROOT>/dataset-new_samples/0531/redmi9t/raw/20260917-025915/rev_002_85b46635/e0.jsonl
[spm]: Reverting injection...
6 issues found. (ran in 0.6s)
WARNING: Your Android app project: app located at: <ROOT>/android/app/build.gradle.kts
applies the Kotlin Gradle Plugin, which will cause build failures in future versions of Flutter. 
Please migrate your app to Built-in Kotlin using this guide: https://docs.flutter.dev/release/breaking-changes/migrate-to-built-in-kotlin/for-app-developers

VMServiceFlutterDriver: Connecting to Flutter application at http://127.0.0.1:35945/5O9DjUDSvoY=/
[spm]: Detected VM service URI: ws://127.0.0.1:35945/5O9DjUDSvoY=/ws
VMServiceFlutterDriver: Isolate found with number: 5340202248511175
VMServiceFlutterDriver: Isolate 5340202248511175 is runnable.
VMServiceFlutterDriver: Isolate is paused at start.
VMServiceFlutterDriver: Attempting to resume isolate
VMServiceFlutterDriver: Connected to Flutter application.
VMServiceFlutterDriver: request_data message is taking a long time to complete...