# sample_id=03/base exec_index=0 ok=True perf_lines=30 vm_events=30 battery_pct=77 soc_temp_millic=49100 battery_temp_c=32.4 charging=False preflight_started=2026-07-28T22:22:44.356149+00:00 started=2026-07-28T22:22:46.876413+00:00 ts=2026-07-28T22:24:44.510553+00:00
[spm]: Running flutter analyze...
Analyzing lib...                                                

   info • Invalid use of a private type in a public API. Try making the private type public, or making the API that uses the private type also be private • lib/dependencies.dart:65:7 • library_private_types_in_public_api
   info • Invalid use of a private type in a public API. Try making the private type public, or making the API that uses the private type also be private • lib/dependencies.dart:66:6 • library_private_types_in_public_api
   info • Unnecessary 'this.' qualifier. Try removing 'this.' • lib/generated_widget.dart:30:38 • unnecessary_this
   info • Unnecessary 'this.' qualifier. Try removing 'this.' • lib/generated_widget.dart:33:9 • unnecessary_this
warning • This class (or a class that this class inherits from) is marked as '@immutable', but one or more of its instance fields aren't final: Label.text, Label.overflow • lib/generated_widget.dart:97:7 • must_be_immutable
   info • Constructors for public widgets should have a named 'key' parameter. Try adding a named parameter to the constructor • lib/generated_widget.dart:114:3 • use_key_in_widget_constructors
warning • This default clause is covered by the previous cases. Try removing the default clause, or restructuring the preceding patterns • lib/generated_widget.dart:171:7 • unreachable_switch_default
   info • Unnecessary 'this.' qualifier. Try removing 'this.' • lib/generated_widget.dart:203:12 • unnecessary_this
   info • Unnecessary 'this.' qualifier. Try removing 'this.' • lib/generated_widget.dart:205:51 • unnecessary_this
   info • 'textScaleFactor' is deprecated and shouldn't be used. Use textScaler instead. Use of textScaleFactor was deprecated in preparation for the upcoming nonlinear text scaling support. This feature was deprecated after v3.12.0-2.0.pre. Try replacing the use of the deprecated member with the replacement • lib/generated_widget.dart:213:15 • deprecated_member_use
   info • 'textScaleFactor' is deprecated and shouldn't be used. Use textScaler instead. Use of textScaleFactor was deprecated in preparation for the upcoming nonlinear text scaling support. This feature was deprecated after v3.12.0-2.0.pre. Try replacing the use of the deprecated member with the replacement • lib/generated_widget.dart:223:13 • deprecated_member_use

[spm]: Injecting profiler code...
[spm]: Starting app...
Running Gradle task 'assembleProfile'...                        
Running Gradle task 'assembleProfile'...                           19.7s
✓ Built build/app/outputs/flutter-apk/app-profile.apk (61.8MB)
Installing build/app/outputs/flutter-apk/app-profile.apk...      2,410ms
D/DecorView[](27418): getWindowModeFromSystem  windowmode is 1
I/ForceDarkHelperStubImpl(27418): setViewRootImplForceDark: false for com.example.benchmark_container.MainActivity@4db2a21, reason: AppDarkModeEnable
I/ForceDarkHelperStubImpl(27418): setViewRootImplForceDark: false for com.example.benchmark_container.MainActivity@4db2a21, reason: AppDarkModeEnable
D/DecorView[](27418): getWindowModeFromSystem  windowmode is 1
D/DecorView[](27418): updateDecorCaptionStatus displayWindowDecor is false
W/Looper  (27418): PerfMonitor looperActivity : package=com.example.benchmark_container/.MainActivity time=383ms latency=414ms running=0ms  procState=-1  historyMsgCount=2 (msgIndex=1 wall=383ms seq=4 late=414ms h=android.app.ActivityThread$H w=159) (msgIndex=2 wall=417ms seq=3 h=android.app.ActivityThread$H w=110)
W/Looper  (27418): PerfMonitor looperActivity : package=com.example.benchmark_container/.MainActivity time=0ms latency=798ms running=0ms  procState=-1  historyMsgCount=4 (msgIndex=2 wall=383ms seq=4 late=414ms h=android.app.ActivityThread$H w=159) (msgIndex=3 wall=417ms seq=3 h=android.app.ActivityThread$H w=110) (msgIndex=4 wall=383ms seq=4 late=414ms h=android.app.ActivityThread$H w=159)
D/SurfaceView(27418): UPDATE null, mIsCastMode = false
D/hw-ProcessState(27418): Binder ioctl to enable oneway spam detection failed: Invalid argument
W/Looper  (27418): PerfMonitor longMsg : seq=8 plan=01:23:22.164 late=416ms wall=1655ms running=0ms h=android.view.Choreographer$FrameHandler c=android.view.Choreographer$FrameDisplayEventReceiver procState=-1
W/Looper  (27418): PerfMonitor doFrame : time=1655ms vsyncFrame=0 latency=416ms procState=-1 historyMsgCount=7 (msgIndex=2 wall=383ms seq=4 h=android.app.ActivityThread$H w=159) (msgIndex=3 wall=1655ms seq=8 late=416ms h=android.view.Choreographer$FrameHandler c=android.view.Choreographer$FrameDisplayEventReceiver) (msgIndex=4 wall=383ms seq=4 h=android.app.ActivityThread$H w=159)
I/Choreographer(27418): Skipped 94 frames!  The application may be doing too much work on its main thread.
D/SurfaceView(27418): UPDATE Surface(name=SurfaceView[com.example.benchmark_container/com.example.benchmark_container.MainActivity])/@0x6a147ef, mIsProjectionMode = false
W/Looper  (27418): PerfMonitor doFrame : time=4ms vsyncFrame=0 latency=1577ms procState=-1 historyMsgCount=4
[spm]: Connected to Dart VM service.
I/flutter (27418): 00:00 +0: Performance Benchmark
E/hmark_containe(27418): open libmigui.so failed! dlopen - dlopen failed: library "libmigui.so" not found
D/hmark_containe(27418): MiuiProcessManagerServiceStub setSchedFifo
I/MiuiProcessManagerImpl(27418): setSchedFifo pid:27418, mode:3
D/DecorView[](27418): onWindowFocusChanged hasWindowFocus true
D/DecorView[](27418): getWindowModeFromSystem  windowmode is 1
D/DecorView[](27418): updateDecorCaptionStatus displayWindowDecor is false
D/ProfileInstaller(27418): Installing profile for com.example.benchmark_container
I/flutter (27418): setState 698a51a
[spm]: ProfilerData event received.
I/flutter (27418): [SPM:perf] 698a51a  buildSpan: 823µs
I/flutter (27418): [spm] Performance monitoring completed for 698a51a
I/flutter (27418): setState 698a51a
[spm]: ProfilerData event received.
I/flutter (27418): [SPM:perf] 698a51a  buildSpan: 474µs
I/flutter (27418): [spm] Performance monitoring completed for 698a51a
I/flutter (27418): setState 698a51a
[spm]: ProfilerData event received.
I/flutter (27418): [SPM:perf] 698a51a  buildSpan: 366µs
I/flutter (27418): [spm] Performance monitoring completed for 698a51a
I/flutter (27418): setState 698a51a
[spm]: ProfilerData event received.
I/flutter (27418): [SPM:perf] 698a51a  buildSpan: 946µs
I/flutter (27418): [spm] Performance monitoring completed for 698a51a
I/flutter (27418): setState 698a51a
[spm]: ProfilerData event received.
I/flutter (27418): [SPM:perf] 698a51a  buildSpan: 420µs
I/flutter (27418): [spm] Performance monitoring completed for 698a51a
I/flutter (27418): setState 698a51a
[spm]: ProfilerData event received.
I/flutter (27418): [SPM:perf] 698a51a  buildSpan: 699µs
I/flutter (27418): [spm] Performance monitoring completed for 698a51a
I/flutter (27418): setState 698a51a
[spm]: ProfilerData event received.
I/flutter (27418): [SPM:perf] 698a51a  buildSpan: 580µs
I/flutter (27418): [spm] Performance monitoring completed for 698a51a
I/flutter (27418): setState 698a51a
[spm]: ProfilerData event received.
I/flutter (27418): [SPM:perf] 698a51a  buildSpan: 499µs
I/flutter (27418): [spm] Performance monitoring completed for 698a51a
I/flutter (27418): setState 698a51a
[spm]: ProfilerData event received.
I/flutter (27418): [SPM:perf] 698a51a  buildSpan: 607µs
I/flutter (27418): [spm] Performance monitoring completed for 698a51a
I/flutter (27418): setState 698a51a
[spm]: ProfilerData event received.
I/flutter (27418): [SPM:perf] 698a51a  buildSpan: 581µs
I/flutter (27418): [spm] Performance monitoring completed for 698a51a
I/flutter (27418): setState 698a51a
[spm]: ProfilerData event received.
I/flutter (27418): [SPM:perf] 698a51a  buildSpan: 813µs
I/flutter (27418): [spm] Performance monitoring completed for 698a51a
I/flutter (27418): setState 698a51a
[spm]: ProfilerData event received.
I/flutter (27418): [SPM:perf] 698a51a  buildSpan: 594µs
I/flutter (27418): [spm] Performance monitoring completed for 698a51a
I/flutter (27418): setState 698a51a
[spm]: ProfilerData event received.
I/flutter (27418): [SPM:perf] 698a51a  buildSpan: 505µs
I/flutter (27418): [spm] Performance monitoring completed for 698a51a
I/flutter (27418): setState 698a51a
[spm]: ProfilerData event received.
I/flutter (27418): [SPM:perf] 698a51a  buildSpan: 499µs
I/flutter (27418): [spm] Performance monitoring completed for 698a51a
I/flutter (27418): setState 698a51a
[spm]: ProfilerData event received.
I/flutter (27418): [SPM:perf] 698a51a  buildSpan: 606µs
I/flutter (27418): [spm] Performance monitoring completed for 698a51a
I/flutter (27418): setState 698a51a
[spm]: ProfilerData event received.
I/flutter (27418): [SPM:perf] 698a51a  buildSpan: 521µs
I/flutter (27418): [spm] Performance monitoring completed for 698a51a
I/flutter (27418): setState 698a51a
[spm]: ProfilerData event received.
I/flutter (27418): [SPM:perf] 698a51a  buildSpan: 448µs
I/flutter (27418): [spm] Performance monitoring completed for 698a51a
I/flutter (27418): setState 698a51a
[spm]: ProfilerData event received.
I/flutter (27418): [SPM:perf] 698a51a  buildSpan: 700µs
I/flutter (27418): [spm] Performance monitoring completed for 698a51a
I/flutter (27418): setState 698a51a
[spm]: ProfilerData event received.
I/flutter (27418): [SPM:perf] 698a51a  buildSpan: 618µs
I/flutter (27418): [spm] Performance monitoring completed for 698a51a
I/flutter (27418): setState 698a51a
[spm]: ProfilerData event received.
I/flutter (27418): [SPM:perf] 698a51a  buildSpan: 674µs
I/flutter (27418): [spm] Performance monitoring completed for 698a51a
I/flutter (27418): setState 698a51a
[spm]: ProfilerData event received.
I/flutter (27418): [SPM:perf] 698a51a  buildSpan: 1131µs
I/flutter (27418): [spm] Performance monitoring completed for 698a51a
I/flutter (27418): setState 698a51a
[spm]: ProfilerData event received.
I/flutter (27418): [SPM:perf] 698a51a  buildSpan: 506µs
I/flutter (27418): [spm] Performance monitoring completed for 698a51a
I/flutter (27418): setState 698a51a
[spm]: ProfilerData event received.
I/flutter (27418): [SPM:perf] 698a51a  buildSpan: 648µs
I/flutter (27418): [spm] Performance monitoring completed for 698a51a
I/flutter (27418): setState 698a51a
[spm]: ProfilerData event received.
I/flutter (27418): [SPM:perf] 698a51a  buildSpan: 540µs
I/flutter (27418): [spm] Performance monitoring completed for 698a51a
I/flutter (27418): setState 698a51a
[spm]: ProfilerData event received.
I/flutter (27418): [SPM:perf] 698a51a  buildSpan: 701µs
I/flutter (27418): [spm] Performance monitoring completed for 698a51a
I/flutter (27418): setState 698a51a
[spm]: ProfilerData event received.
I/flutter (27418): [SPM:perf] 698a51a  buildSpan: 686µs
I/flutter (27418): [spm] Performance monitoring completed for 698a51a
I/flutter (27418): setState 698a51a
[spm]: ProfilerData event received.
I/flutter (27418): [SPM:perf] 698a51a  buildSpan: 581µs
I/flutter (27418): [spm] Performance monitoring completed for 698a51a
I/flutter (27418): setState 698a51a
[spm]: ProfilerData event received.
I/flutter (27418): [SPM:perf] 698a51a  buildSpan: 830µs
I/flutter (27418): [spm] Performance monitoring completed for 698a51a
I/flutter (27418): setState 698a51a
[spm]: ProfilerData event received.
I/flutter (27418): [SPM:perf] 698a51a  buildSpan: 621µs
I/flutter (27418): [spm] Performance monitoring completed for 698a51a
I/flutter (27418): setState 698a51a
[spm]: ProfilerData event received.
I/flutter (27418): [SPM:perf] 698a51a  buildSpan: 593µs
I/flutter (27418): [spm] Performance monitoring completed for 698a51a
I/flutter (27418): 01:10 +1: (tearDownAll)
I/flutter (27418): 01:11 +2: All tests passed!
All tests passed.
[spm]: Saved 30 profiler events to <ROOT>/dataset/03/redmi9t/raw/20260728-165144/base/e0.jsonl
[spm]: Reverting injection...
11 issues found. (ran in 0.5s)
WARNING: Your Android app project: app located at: <ROOT>/android/app/build.gradle.kts
applies the Kotlin Gradle Plugin, which will cause build failures in future versions of Flutter. 
Please migrate your app to Built-in Kotlin using this guide: https://docs.flutter.dev/release/breaking-changes/migrate-to-built-in-kotlin/for-app-developers

VMServiceFlutterDriver: Connecting to Flutter application at http://127.0.0.1:35053/PxMWXvVxOTg=/
[spm]: Detected VM service URI: ws://127.0.0.1:35053/PxMWXvVxOTg=/ws
VMServiceFlutterDriver: Isolate found with number: 1400770091724831
VMServiceFlutterDriver: Isolate 1400770091724831 is runnable.
VMServiceFlutterDriver: Isolate is paused at start.
VMServiceFlutterDriver: Attempting to resume isolate
VMServiceFlutterDriver: Connected to Flutter application.