# sample_id=03/base exec_index=1 ok=True perf_lines=30 vm_events=30 battery_pct=52 soc_temp_millic=44800 battery_temp_c=32.5 charging=False preflight_started=2026-07-28T14:12:09.256811+00:00 started=2026-07-28T14:12:09.417424+00:00 ts=2026-07-28T14:14:09.570931+00:00
[spm]: Running flutter analyze...
Analyzing lib...                                                

   info • Invalid use of a private type in a public API. Try making the private type public, or making the API that uses the private type also be private • lib/dependencies.dart:65:7 • library_private_types_in_public_api
   info • Invalid use of a private type in a public API. Try making the private type public, or making the API that uses the private type also be private • lib/dependencies.dart:66:6 • library_private_types_in_public_api
   info • Unnecessary 'this.' qualifier. Try removing 'this.' • lib/generated_widget.dart:30:38 • unnecessary_this
   info • Unnecessary 'this.' qualifier. Try removing 'this.' • lib/generated_widget.dart:33:9 • unnecessary_this
warning • This class (or a class that this class inherits from) is marked as '@immutable', but one or more of its instance fields aren't final: Label.text, Label.overflow • lib/generated_widget.dart:97:7 • must_be_immutable
   info • Constructors for public widgets should have a named 'key' parameter. Try adding a named parameter to the constructor • lib/generated_widget.dart:114:3 • use_key_in_widget_constructors
warning • This default clause is covered by the previous cases. Try removing the default clause, or restructuring the preceding patterns • lib/generated_widget.dart:171:7 • unreachable_switch_default
   info • Unnecessary 'this.' qualifier. Try removing 'this.' • lib/generated_widget.dart:203:12 • unnecessary_this
   info • Unnecessary 'this.' qualifier. Try removing 'this.' • lib/generated_widget.dart:205:51 • unnecessary_this
   info • 'textScaleFactor' is deprecated and shouldn't be used. Use textScaler instead. Use of textScaleFactor was deprecated in preparation for the upcoming nonlinear text scaling support. This feature was deprecated after v3.12.0-2.0.pre. Try replacing the use of the deprecated member with the replacement • lib/generated_widget.dart:213:15 • deprecated_member_use
   info • 'textScaleFactor' is deprecated and shouldn't be used. Use textScaler instead. Use of textScaleFactor was deprecated in preparation for the upcoming nonlinear text scaling support. This feature was deprecated after v3.12.0-2.0.pre. Try replacing the use of the deprecated member with the replacement • lib/generated_widget.dart:223:13 • deprecated_member_use

[spm]: Injecting profiler code...
[spm]: Starting app...
Resolving dependencies...
Downloading packages...
  _fe_analyzer_shared 100.0.0 (105.0.0 available)
  analyzer 13.0.0 (14.1.0 available)
  async 2.13.0 (2.13.1 available)
  cupertino_icons 1.0.8 (1.0.9 available)
  lints 6.0.0 (6.1.0 available)
  matcher 0.12.19 (0.12.20 available)
  meta 1.18.0 (1.19.0 available)
  package_config 2.2.0 (3.0.0 available)
  source_span 1.10.1 (1.10.2 available)
  test_api 0.7.11 (0.7.13 available)
  vector_math 2.2.0 (2.4.1 available)
  vm_service 15.0.2 (15.2.0 available)
Got dependencies!
12 packages have newer versions incompatible with dependency constraints.
Try `flutter pub outdated` for more information.
Running Gradle task 'assembleProfile'...                        
Running Gradle task 'assembleProfile'...                           21.3s
✓ Built build/app/outputs/flutter-apk/app-profile.apk (61.8MB)
Installing build/app/outputs/flutter-apk/app-profile.apk...      1,958ms
D/DecorView[](20690): getWindowModeFromSystem  windowmode is 1
I/ForceDarkHelperStubImpl(20690): setViewRootImplForceDark: false for com.example.benchmark_container.MainActivity@4db2a21, reason: AppDarkModeEnable
I/ForceDarkHelperStubImpl(20690): setViewRootImplForceDark: false for com.example.benchmark_container.MainActivity@4db2a21, reason: AppDarkModeEnable
D/DecorView[](20690): getWindowModeFromSystem  windowmode is 1
D/DecorView[](20690): updateDecorCaptionStatus displayWindowDecor is false
W/Looper  (20690): PerfMonitor looperActivity : package=com.example.benchmark_container/.MainActivity time=340ms latency=379ms running=0ms  procState=-1  historyMsgCount=3 (msgIndex=3 wall=375ms seq=3 h=android.app.ActivityThread$H w=110)
W/Looper  (20690): PerfMonitor looperActivity : package=com.example.benchmark_container/.MainActivity time=0ms latency=720ms running=0ms  procState=-1  historyMsgCount=4 (msgIndex=3 wall=375ms seq=3 h=android.app.ActivityThread$H w=110) (msgIndex=4 wall=340ms seq=4 late=379ms h=android.app.ActivityThread$H w=159)
D/SurfaceView(20690): UPDATE null, mIsCastMode = false
D/hw-ProcessState(20690): Binder ioctl to enable oneway spam detection failed: Invalid argument
W/Looper  (20690): PerfMonitor longMsg : seq=8 plan=17:12:47.912 late=352ms wall=1663ms running=0ms h=android.view.Choreographer$FrameHandler c=android.view.Choreographer$FrameDisplayEventReceiver procState=-1
W/Looper  (20690): PerfMonitor doFrame : time=1663ms vsyncFrame=0 latency=352ms procState=-1 historyMsgCount=6 (msgIndex=2 wall=1663ms seq=8 late=352ms h=android.view.Choreographer$FrameHandler c=android.view.Choreographer$FrameDisplayEventReceiver) (msgIndex=3 wall=340ms seq=4 h=android.app.ActivityThread$H w=159)
I/Choreographer(20690): Skipped 95 frames!  The application may be doing too much work on its main thread.
D/SurfaceView(20690): UPDATE Surface(name=SurfaceView[com.example.benchmark_container/com.example.benchmark_container.MainActivity])/@0x6a147ef, mIsProjectionMode = false
W/Looper  (20690): PerfMonitor doFrame : time=3ms vsyncFrame=0 latency=1592ms procState=-1 historyMsgCount=4
[spm]: Connected to Dart VM service.
I/flutter (20690): 00:00 +0: Performance Benchmark
E/hmark_containe(20690): open libmigui.so failed! dlopen - dlopen failed: library "libmigui.so" not found
D/hmark_containe(20690): MiuiProcessManagerServiceStub setSchedFifo
I/MiuiProcessManagerImpl(20690): setSchedFifo pid:20690, mode:3
D/DecorView[](20690): onWindowFocusChanged hasWindowFocus true
D/DecorView[](20690): getWindowModeFromSystem  windowmode is 1
D/DecorView[](20690): updateDecorCaptionStatus displayWindowDecor is false
D/ProfileInstaller(20690): Installing profile for com.example.benchmark_container
I/flutter (20690): setState 698a51a
[spm]: ProfilerData event received.
I/flutter (20690): [SPM:perf] 698a51a  buildSpan: 376µs
I/flutter (20690): [spm] Performance monitoring completed for 698a51a
I/flutter (20690): setState 698a51a
[spm]: ProfilerData event received.
I/flutter (20690): [SPM:perf] 698a51a  buildSpan: 447µs
I/flutter (20690): [spm] Performance monitoring completed for 698a51a
I/flutter (20690): setState 698a51a
[spm]: ProfilerData event received.
I/flutter (20690): [SPM:perf] 698a51a  buildSpan: 417µs
I/flutter (20690): [spm] Performance monitoring completed for 698a51a
I/flutter (20690): setState 698a51a
I/flutter (20690): [SPM:perf] 698a51a  buildSpan: 390µs
I/flutter (20690): [spm] Performance monitoring completed for 698a51a
I/flutter (20690): setState 698a51a
[spm]: ProfilerData event received.
[spm]: ProfilerData event received.
I/flutter (20690): [SPM:perf] 698a51a  buildSpan: 387µs
I/flutter (20690): [spm] Performance monitoring completed for 698a51a
I/flutter (20690): setState 698a51a
[spm]: ProfilerData event received.
I/flutter (20690): [SPM:perf] 698a51a  buildSpan: 524µs
I/flutter (20690): [spm] Performance monitoring completed for 698a51a
I/flutter (20690): setState 698a51a
[spm]: ProfilerData event received.
I/flutter (20690): [SPM:perf] 698a51a  buildSpan: 384µs
I/flutter (20690): [spm] Performance monitoring completed for 698a51a
I/flutter (20690): setState 698a51a
[spm]: ProfilerData event received.
I/flutter (20690): [SPM:perf] 698a51a  buildSpan: 434µs
I/flutter (20690): [spm] Performance monitoring completed for 698a51a
I/flutter (20690): setState 698a51a
I/flutter (20690): [SPM:perf] 698a51a  buildSpan: 375µs
[spm]: ProfilerData event received.
I/flutter (20690): [spm] Performance monitoring completed for 698a51a
I/flutter (20690): setState 698a51a
[spm]: ProfilerData event received.
I/flutter (20690): [SPM:perf] 698a51a  buildSpan: 487µs
I/flutter (20690): [spm] Performance monitoring completed for 698a51a
I/flutter (20690): setState 698a51a
I/flutter (20690): [SPM:perf] 698a51a  buildSpan: 421µs
[spm]: ProfilerData event received.
I/flutter (20690): [spm] Performance monitoring completed for 698a51a
I/flutter (20690): setState 698a51a
[spm]: ProfilerData event received.
I/flutter (20690): [SPM:perf] 698a51a  buildSpan: 446µs
I/flutter (20690): [spm] Performance monitoring completed for 698a51a
I/flutter (20690): setState 698a51a
[spm]: ProfilerData event received.
I/flutter (20690): [SPM:perf] 698a51a  buildSpan: 513µs
I/flutter (20690): [spm] Performance monitoring completed for 698a51a
I/flutter (20690): setState 698a51a
[spm]: ProfilerData event received.
I/flutter (20690): [SPM:perf] 698a51a  buildSpan: 392µs
I/flutter (20690): [spm] Performance monitoring completed for 698a51a
I/flutter (20690): setState 698a51a
[spm]: ProfilerData event received.
I/flutter (20690): [SPM:perf] 698a51a  buildSpan: 411µs
I/flutter (20690): [spm] Performance monitoring completed for 698a51a
I/flutter (20690): setState 698a51a
[spm]: ProfilerData event received.
I/flutter (20690): [SPM:perf] 698a51a  buildSpan: 418µs
I/flutter (20690): [spm] Performance monitoring completed for 698a51a
I/flutter (20690): setState 698a51a
[spm]: ProfilerData event received.
I/flutter (20690): [SPM:perf] 698a51a  buildSpan: 364µs
I/flutter (20690): [spm] Performance monitoring completed for 698a51a
I/flutter (20690): setState 698a51a
[spm]: ProfilerData event received.
I/flutter (20690): [SPM:perf] 698a51a  buildSpan: 466µs
I/flutter (20690): [spm] Performance monitoring completed for 698a51a
I/flutter (20690): setState 698a51a
I/flutter (20690): [SPM:perf] 698a51a  buildSpan: 438µs
[spm]: ProfilerData event received.
I/flutter (20690): [spm] Performance monitoring completed for 698a51a
I/flutter (20690): setState 698a51a
[spm]: ProfilerData event received.
I/flutter (20690): [SPM:perf] 698a51a  buildSpan: 435µs
I/flutter (20690): [spm] Performance monitoring completed for 698a51a
I/flutter (20690): setState 698a51a
I/flutter (20690): [SPM:perf] 698a51a  buildSpan: 366µs
[spm]: ProfilerData event received.
I/flutter (20690): [spm] Performance monitoring completed for 698a51a
I/flutter (20690): setState 698a51a
[spm]: ProfilerData event received.
I/flutter (20690): [SPM:perf] 698a51a  buildSpan: 340µs
I/flutter (20690): [spm] Performance monitoring completed for 698a51a
I/flutter (20690): setState 698a51a
I/flutter (20690): [SPM:perf] 698a51a  buildSpan: 405µs
I/flutter (20690): [spm] Performance monitoring completed for 698a51a
I/flutter (20690): setState 698a51a
[spm]: ProfilerData event received.
[spm]: ProfilerData event received.
I/flutter (20690): [SPM:perf] 698a51a  buildSpan: 358µs
I/flutter (20690): [spm] Performance monitoring completed for 698a51a
I/flutter (20690): setState 698a51a
[spm]: ProfilerData event received.
I/flutter (20690): [SPM:perf] 698a51a  buildSpan: 432µs
I/flutter (20690): [spm] Performance monitoring completed for 698a51a
I/flutter (20690): setState 698a51a
[spm]: ProfilerData event received.
I/flutter (20690): [SPM:perf] 698a51a  buildSpan: 432µs
I/flutter (20690): [spm] Performance monitoring completed for 698a51a
I/flutter (20690): setState 698a51a
[spm]: ProfilerData event received.
I/flutter (20690): [SPM:perf] 698a51a  buildSpan: 440µs
I/flutter (20690): [spm] Performance monitoring completed for 698a51a
I/flutter (20690): setState 698a51a
I/flutter (20690): [SPM:perf] 698a51a  buildSpan: 466µs
I/flutter (20690): [spm] Performance monitoring completed for 698a51a
I/flutter (20690): setState 698a51a
[spm]: ProfilerData event received.
[spm]: ProfilerData event received.
I/flutter (20690): [SPM:perf] 698a51a  buildSpan: 445µs
I/flutter (20690): [spm] Performance monitoring completed for 698a51a
I/flutter (20690): setState 698a51a
I/flutter (20690): [SPM:perf] 698a51a  buildSpan: 380µs
I/flutter (20690): [spm] Performance monitoring completed for 698a51a
[spm]: ProfilerData event received.
I/flutter (20690): 01:10 +1: (tearDownAll)
I/flutter (20690): 01:11 +2: All tests passed!
All tests passed.
[spm]: Saved 30 profiler events to <ROOT>/dataset/03/redmi9t/raw/20260728-165144/base/e1.jsonl
[spm]: Reverting injection...
11 issues found. (ran in 0.9s)
WARNING: Your Android app project: app located at: <ROOT>/android/app/build.gradle.kts
applies the Kotlin Gradle Plugin, which will cause build failures in future versions of Flutter. 
Please migrate your app to Built-in Kotlin using this guide: https://docs.flutter.dev/release/breaking-changes/migrate-to-built-in-kotlin/for-app-developers

VMServiceFlutterDriver: Connecting to Flutter application at http://127.0.0.1:42183/OaK0c7XRAuA=/
[spm]: Detected VM service URI: ws://127.0.0.1:42183/OaK0c7XRAuA=/ws
VMServiceFlutterDriver: Isolate found with number: 7431284247547387
VMServiceFlutterDriver: Isolate 7431284247547387 is runnable.
VMServiceFlutterDriver: Isolate is paused at start.
VMServiceFlutterDriver: Attempting to resume isolate
VMServiceFlutterDriver: Connected to Flutter application.