# sample_id=03/base exec_index=11 ok=True perf_lines=30 vm_events=30 battery_pct=74 soc_temp_millic=42300 battery_temp_c=32.1 charging=False preflight_started=2026-07-28T22:57:42.632730+00:00 started=2026-07-28T22:57:45.342469+00:00 ts=2026-07-28T22:59:45.550714+00:00
[spm]: Running flutter analyze...
Analyzing lib...                                                

   info • Invalid use of a private type in a public API. Try making the private type public, or making the API that uses the private type also be private • lib/dependencies.dart:65:7 • library_private_types_in_public_api
   info • Invalid use of a private type in a public API. Try making the private type public, or making the API that uses the private type also be private • lib/dependencies.dart:66:6 • library_private_types_in_public_api
   info • Unnecessary 'this.' qualifier. Try removing 'this.' • lib/generated_widget.dart:30:38 • unnecessary_this
   info • Unnecessary 'this.' qualifier. Try removing 'this.' • lib/generated_widget.dart:33:9 • unnecessary_this
warning • This class (or a class that this class inherits from) is marked as '@immutable', but one or more of its instance fields aren't final: Label.text, Label.overflow • lib/generated_widget.dart:97:7 • must_be_immutable
   info • Constructors for public widgets should have a named 'key' parameter. Try adding a named parameter to the constructor • lib/generated_widget.dart:114:3 • use_key_in_widget_constructors
warning • This default clause is covered by the previous cases. Try removing the default clause, or restructuring the preceding patterns • lib/generated_widget.dart:171:7 • unreachable_switch_default
   info • Unnecessary 'this.' qualifier. Try removing 'this.' • lib/generated_widget.dart:203:12 • unnecessary_this
   info • Unnecessary 'this.' qualifier. Try removing 'this.' • lib/generated_widget.dart:205:51 • unnecessary_this
   info • 'textScaleFactor' is deprecated and shouldn't be used. Use textScaler instead. Use of textScaleFactor was deprecated in preparation for the upcoming nonlinear text scaling support. This feature was deprecated after v3.12.0-2.0.pre. Try replacing the use of the deprecated member with the replacement • lib/generated_widget.dart:213:15 • deprecated_member_use
   info • 'textScaleFactor' is deprecated and shouldn't be used. Use textScaler instead. Use of textScaleFactor was deprecated in preparation for the upcoming nonlinear text scaling support. This feature was deprecated after v3.12.0-2.0.pre. Try replacing the use of the deprecated member with the replacement • lib/generated_widget.dart:223:13 • deprecated_member_use

[spm]: Injecting profiler code...
[spm]: Starting app...
Running Gradle task 'assembleProfile'...                        
Running Gradle task 'assembleProfile'...                           19.9s
✓ Built build/app/outputs/flutter-apk/app-profile.apk (61.8MB)
Installing build/app/outputs/flutter-apk/app-profile.apk...      2,332ms
D/IS_CTS_MODE(17733): true
D/MULTI_WINDOW_SWITCH_ENABLED(17733): false
D/DecorView[](17733): getWindowModeFromSystem  windowmode is 1
I/ForceDarkHelperStubImpl(17733): setViewRootImplForceDark: false for com.example.benchmark_container.MainActivity@4db2a21, reason: AppDarkModeEnable
I/ForceDarkHelperStubImpl(17733): setViewRootImplForceDark: false for com.example.benchmark_container.MainActivity@4db2a21, reason: AppDarkModeEnable
D/DecorView[](17733): getWindowModeFromSystem  windowmode is 1
D/DecorView[](17733): updateDecorCaptionStatus displayWindowDecor is false
W/Looper  (17733): PerfMonitor looperActivity : package=com.example.benchmark_container/.MainActivity time=483ms latency=420ms running=0ms  procState=-1  historyMsgCount=2 (msgIndex=1 wall=483ms seq=4 late=420ms h=android.app.ActivityThread$H w=159) (msgIndex=2 wall=458ms seq=3 h=android.app.ActivityThread$H w=110)
W/Looper  (17733): PerfMonitor looperActivity : package=com.example.benchmark_container/.MainActivity time=0ms latency=905ms running=0ms  procState=-1  historyMsgCount=4 (msgIndex=2 wall=483ms seq=4 late=420ms h=android.app.ActivityThread$H w=159) (msgIndex=3 wall=458ms seq=3 h=android.app.ActivityThread$H w=110) (msgIndex=4 wall=483ms seq=4 late=420ms h=android.app.ActivityThread$H w=159)
I/Choreographer(17733): Skipped 31 frames!  The application may be doing too much work on its main thread.
D/SurfaceView(17733): UPDATE null, mIsCastMode = false
D/hw-ProcessState(17733): Binder ioctl to enable oneway spam detection failed: Invalid argument
W/Looper  (17733): PerfMonitor longMsg : seq=8 plan=01:58:22.993 late=521ms wall=1711ms running=0ms h=android.view.Choreographer$FrameHandler c=android.view.Choreographer$FrameDisplayEventReceiver procState=-1
W/Looper  (17733): PerfMonitor doFrame : time=1711ms vsyncFrame=0 latency=521ms procState=-1 historyMsgCount=7 (msgIndex=2 wall=483ms seq=4 h=android.app.ActivityThread$H w=159) (msgIndex=3 wall=1711ms seq=8 late=521ms h=android.view.Choreographer$FrameHandler c=android.view.Choreographer$FrameDisplayEventReceiver) (msgIndex=4 wall=483ms seq=4 h=android.app.ActivityThread$H w=159)
I/Choreographer(17733): Skipped 95 frames!  The application may be doing too much work on its main thread.
D/SurfaceView(17733): UPDATE Surface(name=SurfaceView[com.example.benchmark_container/com.example.benchmark_container.MainActivity])/@0x6a147ef, mIsProjectionMode = false
W/Looper  (17733): PerfMonitor doFrame : time=4ms vsyncFrame=0 latency=1591ms procState=-1 historyMsgCount=5
[spm]: Connected to Dart VM service.
I/flutter (17733): 00:00 +0: Performance Benchmark
E/hmark_containe(17733): open libmigui.so failed! dlopen - dlopen failed: library "libmigui.so" not found
D/hmark_containe(17733): MiuiProcessManagerServiceStub setSchedFifo
I/MiuiProcessManagerImpl(17733): setSchedFifo pid:17733, mode:3
D/DecorView[](17733): onWindowFocusChanged hasWindowFocus true
D/DecorView[](17733): getWindowModeFromSystem  windowmode is 1
D/DecorView[](17733): updateDecorCaptionStatus displayWindowDecor is false
D/ProfileInstaller(17733): Installing profile for com.example.benchmark_container
I/flutter (17733): setState 698a51a
[spm]: ProfilerData event received.
I/flutter (17733): [SPM:perf] 698a51a  buildSpan: 538µs
I/flutter (17733): [spm] Performance monitoring completed for 698a51a
I/flutter (17733): setState 698a51a
I/flutter (17733): [SPM:perf] 698a51a  buildSpan: 479µs
I/flutter (17733): [spm] Performance monitoring completed for 698a51a
I/flutter (17733): setState 698a51a
[spm]: ProfilerData event received.
[spm]: ProfilerData event received.
I/flutter (17733): [SPM:perf] 698a51a  buildSpan: 729µs
I/flutter (17733): [spm] Performance monitoring completed for 698a51a
I/flutter (17733): setState 698a51a
[spm]: ProfilerData event received.
I/flutter (17733): [SPM:perf] 698a51a  buildSpan: 996µs
I/flutter (17733): [spm] Performance monitoring completed for 698a51a
I/flutter (17733): setState 698a51a
[spm]: ProfilerData event received.
I/flutter (17733): [SPM:perf] 698a51a  buildSpan: 526µs
I/flutter (17733): [spm] Performance monitoring completed for 698a51a
I/flutter (17733): setState 698a51a
[spm]: ProfilerData event received.
I/flutter (17733): [SPM:perf] 698a51a  buildSpan: 433µs
I/flutter (17733): [spm] Performance monitoring completed for 698a51a
I/flutter (17733): setState 698a51a
[spm]: ProfilerData event received.
I/flutter (17733): [SPM:perf] 698a51a  buildSpan: 561µs
I/flutter (17733): [spm] Performance monitoring completed for 698a51a
I/flutter (17733): setState 698a51a
[spm]: ProfilerData event received.
I/flutter (17733): [SPM:perf] 698a51a  buildSpan: 646µs
I/flutter (17733): [spm] Performance monitoring completed for 698a51a
I/flutter (17733): setState 698a51a
I/flutter (17733): [SPM:perf] 698a51a  buildSpan: 656µs
I/flutter (17733): [spm] Performance monitoring completed for 698a51a
I/flutter (17733): setState 698a51a
[spm]: ProfilerData event received.
[spm]: ProfilerData event received.
I/flutter (17733): [SPM:perf] 698a51a  buildSpan: 612µs
I/flutter (17733): [spm] Performance monitoring completed for 698a51a
I/flutter (17733): setState 698a51a
[spm]: ProfilerData event received.
I/flutter (17733): [SPM:perf] 698a51a  buildSpan: 788µs
I/flutter (17733): [spm] Performance monitoring completed for 698a51a
I/flutter (17733): setState 698a51a
[spm]: ProfilerData event received.
I/flutter (17733): [SPM:perf] 698a51a  buildSpan: 649µs
I/flutter (17733): [spm] Performance monitoring completed for 698a51a
I/flutter (17733): setState 698a51a
[spm]: ProfilerData event received.
I/flutter (17733): [SPM:perf] 698a51a  buildSpan: 677µs
I/flutter (17733): [spm] Performance monitoring completed for 698a51a
I/flutter (17733): setState 698a51a
[spm]: ProfilerData event received.
I/flutter (17733): [SPM:perf] 698a51a  buildSpan: 417µs
I/flutter (17733): [spm] Performance monitoring completed for 698a51a
I/flutter (17733): setState 698a51a
[spm]: ProfilerData event received.
I/flutter (17733): [SPM:perf] 698a51a  buildSpan: 448µs
I/flutter (17733): [spm] Performance monitoring completed for 698a51a
I/flutter (17733): setState 698a51a
[spm]: ProfilerData event received.
I/flutter (17733): [SPM:perf] 698a51a  buildSpan: 564µs
I/flutter (17733): [spm] Performance monitoring completed for 698a51a
I/flutter (17733): setState 698a51a
[spm]: ProfilerData event received.
I/flutter (17733): [SPM:perf] 698a51a  buildSpan: 579µs
I/flutter (17733): [spm] Performance monitoring completed for 698a51a
I/flutter (17733): setState 698a51a
[spm]: ProfilerData event received.
I/flutter (17733): [SPM:perf] 698a51a  buildSpan: 640µs
I/flutter (17733): [spm] Performance monitoring completed for 698a51a
I/flutter (17733): setState 698a51a
[spm]: ProfilerData event received.
I/flutter (17733): [SPM:perf] 698a51a  buildSpan: 611µs
I/flutter (17733): [spm] Performance monitoring completed for 698a51a
I/flutter (17733): setState 698a51a
[spm]: ProfilerData event received.
I/flutter (17733): [SPM:perf] 698a51a  buildSpan: 660µs
I/flutter (17733): [spm] Performance monitoring completed for 698a51a
I/flutter (17733): setState 698a51a
I/flutter (17733): [SPM:perf] 698a51a  buildSpan: 637µs
I/flutter (17733): [spm] Performance monitoring completed for 698a51a
I/flutter (17733): setState 698a51a
[spm]: ProfilerData event received.
[spm]: ProfilerData event received.
I/flutter (17733): [SPM:perf] 698a51a  buildSpan: 351µs
I/flutter (17733): [spm] Performance monitoring completed for 698a51a
I/flutter (17733): setState 698a51a
[spm]: ProfilerData event received.
I/flutter (17733): [SPM:perf] 698a51a  buildSpan: 804µs
I/flutter (17733): [spm] Performance monitoring completed for 698a51a
I/flutter (17733): setState 698a51a
[spm]: ProfilerData event received.
I/flutter (17733): [SPM:perf] 698a51a  buildSpan: 496µs
I/flutter (17733): [spm] Performance monitoring completed for 698a51a
I/flutter (17733): setState 698a51a
I/flutter (17733): [SPM:perf] 698a51a  buildSpan: 355µs
I/flutter (17733): [spm] Performance monitoring completed for 698a51a
I/flutter (17733): setState 698a51a
[spm]: ProfilerData event received.
[spm]: ProfilerData event received.
I/flutter (17733): [SPM:perf] 698a51a  buildSpan: 588µs
I/flutter (17733): [spm] Performance monitoring completed for 698a51a
I/flutter (17733): setState 698a51a
[spm]: ProfilerData event received.
I/flutter (17733): [SPM:perf] 698a51a  buildSpan: 507µs
I/flutter (17733): [spm] Performance monitoring completed for 698a51a
I/flutter (17733): setState 698a51a
[spm]: ProfilerData event received.
I/flutter (17733): [SPM:perf] 698a51a  buildSpan: 644µs
I/flutter (17733): [spm] Performance monitoring completed for 698a51a
I/flutter (17733): setState 698a51a
I/flutter (17733): [SPM:perf] 698a51a  buildSpan: 702µs
I/flutter (17733): [spm] Performance monitoring completed for 698a51a
I/flutter (17733): setState 698a51a
[spm]: ProfilerData event received.
[spm]: ProfilerData event received.
I/flutter (17733): [SPM:perf] 698a51a  buildSpan: 631µs
I/flutter (17733): [spm] Performance monitoring completed for 698a51a
I/flutter (17733): 01:10 +1: (tearDownAll)
I/flutter (17733): 01:11 +2: All tests passed!
All tests passed.
[spm]: Saved 30 profiler events to <ROOT>/dataset/03/redmi9t/raw/20260728-165144/base/e11.jsonl
[spm]: Reverting injection...
11 issues found. (ran in 2.4s)
WARNING: Your Android app project: app located at: <ROOT>/android/app/build.gradle.kts
applies the Kotlin Gradle Plugin, which will cause build failures in future versions of Flutter. 
Please migrate your app to Built-in Kotlin using this guide: https://docs.flutter.dev/release/breaking-changes/migrate-to-built-in-kotlin/for-app-developers

VMServiceFlutterDriver: Connecting to Flutter application at http://127.0.0.1:39971/a3zAtw9Ct_Y=/
[spm]: Detected VM service URI: ws://127.0.0.1:39971/a3zAtw9Ct_Y=/ws
VMServiceFlutterDriver: Isolate found with number: 788367802451915
VMServiceFlutterDriver: Isolate 788367802451915 is runnable.
VMServiceFlutterDriver: Isolate is paused at start.
VMServiceFlutterDriver: Attempting to resume isolate
VMServiceFlutterDriver: Connected to Flutter application.