# sample_id=2382/rev_002_411d2fe6 exec_index=11 ok=True perf_lines=30 vm_events=30 battery_pct=63 soc_temp_millic=37000 battery_temp_c=28.3 charging=False preflight_started=2026-09-19T01:34:34.938667+00:00 started=2026-09-19T01:34:37.709605+00:00 ts=2026-09-19T01:36:35.421522+00:00
[spm]: Running flutter analyze...
Resolving dependencies...
Downloading packages...
  _fe_analyzer_shared 100.0.0 (108.0.0 available)
  analyzer 13.0.0 (14.4.0 available)
  async 2.13.0 (2.13.1 available)
  clock 1.1.2 (1.1.3 available)
  cupertino_icons 1.0.8 (1.0.9 available)
  glob 2.1.3 (2.2.0 available)
  lints 6.0.0 (6.1.0 available)
  matcher 0.12.19 (0.12.20 available)
  material_color_utilities 0.13.0 (0.13.1 available)
  meta 1.18.0 (1.19.0 available)
  package_config 2.2.0 (3.0.0 available)
  platform 3.1.6 (3.2.0 available)
  process 5.0.5 (5.0.6 available)
  pub_semver 2.2.0 (2.2.1 available)
  source_span 1.10.1 (1.10.2 available)
  stack_trace 1.12.1 (1.12.2 available)
  test_api 0.7.11 (0.7.14 available)
  vector_math 2.2.0 (2.4.2 available)
  vm_service 15.0.2 (15.3.0 available)
  webdriver 3.1.0 (3.2.0 available)
  yaml 3.1.3 (3.1.4 available)
Got dependencies!
21 packages have newer versions incompatible with dependency constraints.
Try `flutter pub outdated` for more information.
Analyzing lib...                                                

   info • The part-of directive uses a library name. Try converting the directive to use the URI of the library • lib/dependencies.dart:46:1 • use_string_in_part_of_directives
   info • Library names are not necessary. Remove the library name • lib/generated_widget.dart:2:9 • unnecessary_library_name
   info • Constructors in '@immutable' classes should be declared as 'const'. Try adding 'const' to the constructor declaration • lib/generated_widget.dart:12:3 • prefer_const_constructors_in_immutables

[spm]: Injecting profiler code...
[spm]: Starting app...
Running Gradle task 'assembleProfile'...                        
Running Gradle task 'assembleProfile'...                           18.5s
✓ Built build/app/outputs/flutter-apk/app-profile.apk (26.8MB)
Installing build/app/outputs/flutter-apk/app-profile.apk...      1,248ms
W/Looper  (21073): PerfMonitor longMsg : seq=8 plan=04:35:11.978 late=393ms wall=1896ms running=0ms h=android.view.Choreographer$FrameHandler c=android.view.Choreographer$FrameDisplayEventReceiver procState=-1
W/Looper  (21073): PerfMonitor doFrame : time=1896ms vsyncFrame=0 latency=393ms procState=-1 historyMsgCount=7 (msgIndex=1 wall=364ms seq=4 h=android.app.ActivityThread$H w=159) (msgIndex=2 wall=364ms seq=4 h=android.app.ActivityThread$H w=159) (msgIndex=3 wall=1896ms seq=8 late=393ms h=android.view.Choreographer$FrameHandler c=android.view.Choreographer$FrameDisplayEventReceiver) (msgIndex=4 wall=364ms seq=4 h=android.app.ActivityThread$H w=159)
I/Choreographer(21073): Skipped 104 frames!  The application may be doing too much work on its main thread.
D/SurfaceView(21073): UPDATE Surface(name=SurfaceView[com.example.benchmark_container/com.example.benchmark_container.MainActivity])/@0xd30802a, mIsProjectionMode = false
W/Looper  (21073): PerfMonitor doFrame : time=2ms vsyncFrame=0 latency=1745ms procState=-1 historyMsgCount=4
[spm]: Connected to Dart VM service.
I/flutter (21073): 00:00 +0: Performance Benchmark
E/hmark_containe(21073): open libmigui.so failed! dlopen - dlopen failed: library "libmigui.so" not found
D/hmark_containe(21073): MiuiProcessManagerServiceStub setSchedFifo
I/MiuiProcessManagerImpl(21073): setSchedFifo pid:21073, mode:3
D/DecorView[](21073): onWindowFocusChanged hasWindowFocus true
D/DecorView[](21073): getWindowModeFromSystem  windowmode is 1
D/DecorView[](21073): updateDecorCaptionStatus displayWindowDecor is false
D/ProfileInstaller(21073): Installing profile for com.example.benchmark_container
[spm]: ProfilerData event received.
I/flutter (21073): [SPM:perf] 698a51a  buildSpan: 2044µs
I/flutter (21073): [spm] Performance monitoring completed for 698a51a
[spm]: ProfilerData event received.
I/flutter (21073): [SPM:perf] 698a51a  buildSpan: 2030µs
I/flutter (21073): [spm] Performance monitoring completed for 698a51a
[spm]: ProfilerData event received.
I/flutter (21073): [SPM:perf] 698a51a  buildSpan: 1798µs
I/flutter (21073): [spm] Performance monitoring completed for 698a51a
[spm]: ProfilerData event received.
I/flutter (21073): [SPM:perf] 698a51a  buildSpan: 1885µs
I/flutter (21073): [spm] Performance monitoring completed for 698a51a
[spm]: ProfilerData event received.
I/flutter (21073): [SPM:perf] 698a51a  buildSpan: 2048µs
I/flutter (21073): [spm] Performance monitoring completed for 698a51a
[spm]: ProfilerData event received.
I/flutter (21073): [SPM:perf] 698a51a  buildSpan: 1826µs
I/flutter (21073): [spm] Performance monitoring completed for 698a51a
[spm]: ProfilerData event received.
I/flutter (21073): [SPM:perf] 698a51a  buildSpan: 1783µs
I/flutter (21073): [spm] Performance monitoring completed for 698a51a
[spm]: ProfilerData event received.
I/flutter (21073): [SPM:perf] 698a51a  buildSpan: 1867µs
I/flutter (21073): [spm] Performance monitoring completed for 698a51a
[spm]: ProfilerData event received.
I/flutter (21073): [SPM:perf] 698a51a  buildSpan: 1821µs
I/flutter (21073): [spm] Performance monitoring completed for 698a51a
[spm]: ProfilerData event received.
I/flutter (21073): [SPM:perf] 698a51a  buildSpan: 1855µs
I/flutter (21073): [spm] Performance monitoring completed for 698a51a
[spm]: ProfilerData event received.
I/flutter (21073): [SPM:perf] 698a51a  buildSpan: 1931µs
I/flutter (21073): [spm] Performance monitoring completed for 698a51a
[spm]: ProfilerData event received.
I/flutter (21073): [SPM:perf] 698a51a  buildSpan: 1812µs
I/flutter (21073): [spm] Performance monitoring completed for 698a51a
[spm]: ProfilerData event received.
I/flutter (21073): [SPM:perf] 698a51a  buildSpan: 1970µs
I/flutter (21073): [spm] Performance monitoring completed for 698a51a
[spm]: ProfilerData event received.
I/flutter (21073): [SPM:perf] 698a51a  buildSpan: 1793µs
I/flutter (21073): [spm] Performance monitoring completed for 698a51a
I/flutter (21073): [SPM:perf] 698a51a  buildSpan: 1942µs
I/flutter (21073): [spm] Performance monitoring completed for 698a51a
[spm]: ProfilerData event received.
[spm]: ProfilerData event received.
I/flutter (21073): [SPM:perf] 698a51a  buildSpan: 1795µs
I/flutter (21073): [spm] Performance monitoring completed for 698a51a
[spm]: ProfilerData event received.
I/flutter (21073): [SPM:perf] 698a51a  buildSpan: 1896µs
I/flutter (21073): [spm] Performance monitoring completed for 698a51a
[spm]: ProfilerData event received.
I/flutter (21073): [SPM:perf] 698a51a  buildSpan: 1838µs
I/flutter (21073): [spm] Performance monitoring completed for 698a51a
[spm]: ProfilerData event received.
I/flutter (21073): [SPM:perf] 698a51a  buildSpan: 2048µs
I/flutter (21073): [spm] Performance monitoring completed for 698a51a
[spm]: ProfilerData event received.
I/flutter (21073): [SPM:perf] 698a51a  buildSpan: 1415µs
I/flutter (21073): [spm] Performance monitoring completed for 698a51a
I/flutter (21073): [SPM:perf] 698a51a  buildSpan: 1866µs
I/flutter (21073): [spm] Performance monitoring completed for 698a51a
[spm]: ProfilerData event received.
[spm]: ProfilerData event received.
I/flutter (21073): [SPM:perf] 698a51a  buildSpan: 1954µs
I/flutter (21073): [spm] Performance monitoring completed for 698a51a
[spm]: ProfilerData event received.
I/flutter (21073): [SPM:perf] 698a51a  buildSpan: 1922µs
I/flutter (21073): [spm] Performance monitoring completed for 698a51a
[spm]: ProfilerData event received.
I/flutter (21073): [SPM:perf] 698a51a  buildSpan: 1972µs
I/flutter (21073): [spm] Performance monitoring completed for 698a51a
I/flutter (21073): [SPM:perf] 698a51a  buildSpan: 2052µs
I/flutter (21073): [spm] Performance monitoring completed for 698a51a
[spm]: ProfilerData event received.
[spm]: ProfilerData event received.
I/flutter (21073): [SPM:perf] 698a51a  buildSpan: 1814µs
I/flutter (21073): [spm] Performance monitoring completed for 698a51a
[spm]: ProfilerData event received.
I/flutter (21073): [SPM:perf] 698a51a  buildSpan: 1824µs
I/flutter (21073): [spm] Performance monitoring completed for 698a51a
I/flutter (21073): [SPM:perf] 698a51a  buildSpan: 1829µs
[spm]: ProfilerData event received.
I/flutter (21073): [spm] Performance monitoring completed for 698a51a
[spm]: ProfilerData event received.
I/flutter (21073): [SPM:perf] 698a51a  buildSpan: 1835µs
I/flutter (21073): [spm] Performance monitoring completed for 698a51a
[spm]: ProfilerData event received.
I/flutter (21073): [SPM:perf] 698a51a  buildSpan: 1927µs
I/flutter (21073): [spm] Performance monitoring completed for 698a51a
I/flutter (21073): 01:10 +1: (tearDownAll)
I/flutter (21073): 01:11 +2: All tests passed!
All tests passed.
[spm]: Saved 30 profiler events to <ROOT>/dataset-new_samples/2382/redmi9t/raw/20260918-150519/rev_002_411d2fe6/e11.jsonl
[spm]: Reverting injection...
3 issues found. (ran in 0.6s)
WARNING: Your Android app project: app located at: <ROOT>/android/app/build.gradle.kts
applies the Kotlin Gradle Plugin, which will cause build failures in future versions of Flutter. 
Please migrate your app to Built-in Kotlin using this guide: https://docs.flutter.dev/release/breaking-changes/migrate-to-built-in-kotlin/for-app-developers

VMServiceFlutterDriver: Connecting to Flutter application at http://127.0.0.1:39009/2SEXO-sE5gk=/
[spm]: Detected VM service URI: ws://127.0.0.1:39009/2SEXO-sE5gk=/ws
VMServiceFlutterDriver: Isolate found with number: 7258815897425523
VMServiceFlutterDriver: Isolate 7258815897425523 is runnable.
VMServiceFlutterDriver: Isolate is paused at start.
VMServiceFlutterDriver: Attempting to resume isolate
VMServiceFlutterDriver: Connected to Flutter application.
VMServiceFlutterDriver: request_data message is taking a long time to complete...