# sample_id=2382/rev_002_411d2fe6 exec_index=7 ok=True perf_lines=30 vm_events=30 battery_pct=64 soc_temp_millic=37000 battery_temp_c=28.6 charging=False preflight_started=2026-09-19T01:26:34.719422+00:00 started=2026-09-19T01:26:37.470734+00:00 ts=2026-09-19T01:28:34.791329+00:00
[spm]: Running flutter analyze...
Resolving dependencies...
Downloading packages...
  _fe_analyzer_shared 100.0.0 (108.0.0 available)
  analyzer 13.0.0 (14.4.0 available)
  async 2.13.0 (2.13.1 available)
  clock 1.1.2 (1.1.3 available)
  cupertino_icons 1.0.8 (1.0.9 available)
  glob 2.1.3 (2.2.0 available)
  lints 6.0.0 (6.1.0 available)
  matcher 0.12.19 (0.12.20 available)
  material_color_utilities 0.13.0 (0.13.1 available)
  meta 1.18.0 (1.19.0 available)
  package_config 2.2.0 (3.0.0 available)
  platform 3.1.6 (3.2.0 available)
  process 5.0.5 (5.0.6 available)
  pub_semver 2.2.0 (2.2.1 available)
  source_span 1.10.1 (1.10.2 available)
  stack_trace 1.12.1 (1.12.2 available)
  test_api 0.7.11 (0.7.14 available)
  vector_math 2.2.0 (2.4.2 available)
  vm_service 15.0.2 (15.3.0 available)
  webdriver 3.1.0 (3.2.0 available)
  yaml 3.1.3 (3.1.4 available)
Got dependencies!
21 packages have newer versions incompatible with dependency constraints.
Try `flutter pub outdated` for more information.
Analyzing lib...                                                

   info • The part-of directive uses a library name. Try converting the directive to use the URI of the library • lib/dependencies.dart:46:1 • use_string_in_part_of_directives
   info • Library names are not necessary. Remove the library name • lib/generated_widget.dart:2:9 • unnecessary_library_name
   info • Constructors in '@immutable' classes should be declared as 'const'. Try adding 'const' to the constructor declaration • lib/generated_widget.dart:12:3 • prefer_const_constructors_in_immutables

[spm]: Injecting profiler code...
[spm]: Starting app...
Running Gradle task 'assembleProfile'...                        
Running Gradle task 'assembleProfile'...                           18.1s
✓ Built build/app/outputs/flutter-apk/app-profile.apk (26.8MB)
Installing build/app/outputs/flutter-apk/app-profile.apk...      1,325ms
I/ForceDarkHelperStubImpl(13847): setViewRootImplForceDark: false for com.example.benchmark_container.MainActivity@14bb04, reason: AppDarkModeEnable
I/ForceDarkHelperStubImpl(13847): setViewRootImplForceDark: false for com.example.benchmark_container.MainActivity@14bb04, reason: AppDarkModeEnable
D/DecorView[](13847): getWindowModeFromSystem  windowmode is 1
D/DecorView[](13847): updateDecorCaptionStatus displayWindowDecor is false
W/Looper  (13847): PerfMonitor looperActivity : package=com.example.benchmark_container/.MainActivity time=449ms latency=410ms running=0ms  procState=-1  historyMsgCount=3 (msgIndex=3 wall=395ms seq=3 h=android.app.ActivityThread$H w=110)
W/Looper  (13847): PerfMonitor looperActivity : package=com.example.benchmark_container/.MainActivity time=1ms latency=860ms running=0ms  procState=-1  historyMsgCount=4 (msgIndex=3 wall=395ms seq=3 h=android.app.ActivityThread$H w=110) (msgIndex=4 wall=449ms seq=4 late=410ms h=android.app.ActivityThread$H w=159)
D/SurfaceView(13847): UPDATE null, mIsCastMode = false
D/hw-ProcessState(13847): Binder ioctl to enable oneway spam detection failed: Invalid argument
W/Looper  (13847): PerfMonitor longMsg : seq=8 plan=04:27:11.110 late=475ms wall=1783ms running=0ms h=android.view.Choreographer$FrameHandler c=android.view.Choreographer$FrameDisplayEventReceiver procState=-1
W/Looper  (13847): PerfMonitor doFrame : time=1783ms vsyncFrame=0 latency=475ms procState=-1 historyMsgCount=6 (msgIndex=2 wall=1783ms seq=8 late=475ms h=android.view.Choreographer$FrameHandler c=android.view.Choreographer$FrameDisplayEventReceiver) (msgIndex=3 wall=449ms seq=4 h=android.app.ActivityThread$H w=159)
I/Choreographer(13847): Skipped 100 frames!  The application may be doing too much work on its main thread.
D/SurfaceView(13847): UPDATE Surface(name=SurfaceView[com.example.benchmark_container/com.example.benchmark_container.MainActivity])/@0xd30802a, mIsProjectionMode = false
W/Looper  (13847): PerfMonitor doFrame : time=3ms vsyncFrame=0 latency=1681ms procState=-1 historyMsgCount=4
[spm]: Connected to Dart VM service.
I/flutter (13847): 00:00 +0: Performance Benchmark
E/hmark_containe(13847): open libmigui.so failed! dlopen - dlopen failed: library "libmigui.so" not found
D/hmark_containe(13847): MiuiProcessManagerServiceStub setSchedFifo
I/MiuiProcessManagerImpl(13847): setSchedFifo pid:13847, mode:3
D/DecorView[](13847): onWindowFocusChanged hasWindowFocus true
D/DecorView[](13847): getWindowModeFromSystem  windowmode is 1
D/DecorView[](13847): updateDecorCaptionStatus displayWindowDecor is false
D/ProfileInstaller(13847): Installing profile for com.example.benchmark_container
I/flutter (13847): [SPM:perf] 698a51a  buildSpan: 1932µs
[spm]: ProfilerData event received.
I/flutter (13847): [spm] Performance monitoring completed for 698a51a
I/flutter (13847): [SPM:perf] 698a51a  buildSpan: 1904µs
[spm]: ProfilerData event received.
I/flutter (13847): [spm] Performance monitoring completed for 698a51a
[spm]: ProfilerData event received.
I/flutter (13847): [SPM:perf] 698a51a  buildSpan: 1995µs
I/flutter (13847): [spm] Performance monitoring completed for 698a51a
[spm]: ProfilerData event received.
I/flutter (13847): [SPM:perf] 698a51a  buildSpan: 1897µs
I/flutter (13847): [spm] Performance monitoring completed for 698a51a
[spm]: ProfilerData event received.
I/flutter (13847): [SPM:perf] 698a51a  buildSpan: 1882µs
I/flutter (13847): [spm] Performance monitoring completed for 698a51a
[spm]: ProfilerData event received.
I/flutter (13847): [SPM:perf] 698a51a  buildSpan: 1503µs
I/flutter (13847): [spm] Performance monitoring completed for 698a51a
[spm]: ProfilerData event received.
I/flutter (13847): [SPM:perf] 698a51a  buildSpan: 1851µs
I/flutter (13847): [spm] Performance monitoring completed for 698a51a
[spm]: ProfilerData event received.
I/flutter (13847): [SPM:perf] 698a51a  buildSpan: 1862µs
I/flutter (13847): [spm] Performance monitoring completed for 698a51a
[spm]: ProfilerData event received.
I/flutter (13847): [SPM:perf] 698a51a  buildSpan: 2054µs
I/flutter (13847): [spm] Performance monitoring completed for 698a51a
[spm]: ProfilerData event received.
I/flutter (13847): [SPM:perf] 698a51a  buildSpan: 1840µs
I/flutter (13847): [spm] Performance monitoring completed for 698a51a
[spm]: ProfilerData event received.
I/flutter (13847): [SPM:perf] 698a51a  buildSpan: 1906µs
I/flutter (13847): [spm] Performance monitoring completed for 698a51a
[spm]: ProfilerData event received.
I/flutter (13847): [SPM:perf] 698a51a  buildSpan: 1935µs
I/flutter (13847): [spm] Performance monitoring completed for 698a51a
[spm]: ProfilerData event received.
I/flutter (13847): [SPM:perf] 698a51a  buildSpan: 1892µs
I/flutter (13847): [spm] Performance monitoring completed for 698a51a
I/flutter (13847): [SPM:perf] 698a51a  buildSpan: 1811µs
I/flutter (13847): [spm] Performance monitoring completed for 698a51a
[spm]: ProfilerData event received.
I/flutter (13847): [SPM:perf] 698a51a  buildSpan: 1881µs
I/flutter (13847): [spm] Performance monitoring completed for 698a51a
[spm]: ProfilerData event received.
[spm]: ProfilerData event received.
I/flutter (13847): [SPM:perf] 698a51a  buildSpan: 1774µs
I/flutter (13847): [spm] Performance monitoring completed for 698a51a
I/flutter (13847): [SPM:perf] 698a51a  buildSpan: 1892µs
I/flutter (13847): [spm] Performance monitoring completed for 698a51a
[spm]: ProfilerData event received.
I/flutter (13847): [SPM:perf] 698a51a  buildSpan: 1781µs
I/flutter (13847): [spm] Performance monitoring completed for 698a51a
[spm]: ProfilerData event received.
[spm]: ProfilerData event received.
I/flutter (13847): [SPM:perf] 698a51a  buildSpan: 2058µs
I/flutter (13847): [spm] Performance monitoring completed for 698a51a
[spm]: ProfilerData event received.
I/flutter (13847): [SPM:perf] 698a51a  buildSpan: 1871µs
I/flutter (13847): [spm] Performance monitoring completed for 698a51a
[spm]: ProfilerData event received.
I/flutter (13847): [SPM:perf] 698a51a  buildSpan: 1870µs
I/flutter (13847): [spm] Performance monitoring completed for 698a51a
I/flutter (13847): [SPM:perf] 698a51a  buildSpan: 1934µs
[spm]: ProfilerData event received.
I/flutter (13847): [spm] Performance monitoring completed for 698a51a
[spm]: ProfilerData event received.
I/flutter (13847): [SPM:perf] 698a51a  buildSpan: 2049µs
I/flutter (13847): [spm] Performance monitoring completed for 698a51a
I/flutter (13847): [SPM:perf] 698a51a  buildSpan: 1846µs
I/flutter (13847): [spm] Performance monitoring completed for 698a51a
[spm]: ProfilerData event received.
[spm]: ProfilerData event received.
I/flutter (13847): [SPM:perf] 698a51a  buildSpan: 1958µs
I/flutter (13847): [spm] Performance monitoring completed for 698a51a
I/flutter (13847): [SPM:perf] 698a51a  buildSpan: 2049µs
[spm]: ProfilerData event received.
I/flutter (13847): [spm] Performance monitoring completed for 698a51a
[spm]: ProfilerData event received.
I/flutter (13847): [SPM:perf] 698a51a  buildSpan: 1841µs
I/flutter (13847): [spm] Performance monitoring completed for 698a51a
[spm]: ProfilerData event received.
I/flutter (13847): [SPM:perf] 698a51a  buildSpan: 1970µs
I/flutter (13847): [spm] Performance monitoring completed for 698a51a
I/flutter (13847): [SPM:perf] 698a51a  buildSpan: 1910µs
I/flutter (13847): [spm] Performance monitoring completed for 698a51a
[spm]: ProfilerData event received.
[spm]: ProfilerData event received.
I/flutter (13847): [SPM:perf] 698a51a  buildSpan: 1859µs
I/flutter (13847): [spm] Performance monitoring completed for 698a51a
I/flutter (13847): 01:10 +1: (tearDownAll)
I/flutter (13847): 01:11 +2: All tests passed!
All tests passed.
[spm]: Saved 30 profiler events to <ROOT>/dataset-new_samples/2382/redmi9t/raw/20260918-150519/rev_002_411d2fe6/e7.jsonl
[spm]: Reverting injection...
3 issues found. (ran in 0.6s)
WARNING: Your Android app project: app located at: <ROOT>/android/app/build.gradle.kts
applies the Kotlin Gradle Plugin, which will cause build failures in future versions of Flutter. 
Please migrate your app to Built-in Kotlin using this guide: https://docs.flutter.dev/release/breaking-changes/migrate-to-built-in-kotlin/for-app-developers

VMServiceFlutterDriver: Connecting to Flutter application at http://127.0.0.1:41273/4zMVPPyz49o=/
[spm]: Detected VM service URI: ws://127.0.0.1:41273/4zMVPPyz49o=/ws
VMServiceFlutterDriver: Isolate found with number: 6014735277446623
VMServiceFlutterDriver: Isolate 6014735277446623 is runnable.
VMServiceFlutterDriver: Isolate is paused at start.
VMServiceFlutterDriver: Attempting to resume isolate
VMServiceFlutterDriver: Connected to Flutter application.
VMServiceFlutterDriver: request_data message is taking a long time to complete...