# sample_id=21/base exec_index=1 ok=True perf_lines=30 vm_events=30 battery_pct=83 soc_temp_millic=42300 battery_temp_c=32.0 charging=False preflight_started=2026-08-02T14:27:43.597401+00:00 started=2026-08-02T14:27:46.202032+00:00 ts=2026-08-02T14:29:44.196590+00:00
[spm]: Running flutter analyze...
Analyzing lib...                                                

   info • Invalid use of a private type in a public API. Try making the private type public, or making the API that uses the private type also be private • lib/dependencies.dart:34:9 • library_private_types_in_public_api
   info • Invalid use of a private type in a public API. Try making the private type public, or making the API that uses the private type also be private • lib/dependencies.dart:34:18 • library_private_types_in_public_api
   info • Invalid use of a private type in a public API. Try making the private type public, or making the API that uses the private type also be private • lib/dependencies.dart:35:9 • library_private_types_in_public_api
   info • Invalid use of a private type in a public API. Try making the private type public, or making the API that uses the private type also be private • lib/dependencies.dart:35:13 • library_private_types_in_public_api
   info • Invalid use of a private type in a public API. Try making the private type public, or making the API that uses the private type also be private • lib/dependencies.dart:37:9 • library_private_types_in_public_api

[spm]: Injecting profiler code...
[spm]: Starting app...
Running Gradle task 'assembleProfile'...                        
Running Gradle task 'assembleProfile'...                           20.1s
✓ Built build/app/outputs/flutter-apk/app-profile.apk (61.8MB)
Installing build/app/outputs/flutter-apk/app-profile.apk...      2,241ms
D/DecorView[](31827): getWindowModeFromSystem  windowmode is 1
D/DecorView[](31827): getWindowModeFromSystem  windowmode is 1
D/DecorView[](31827): updateDecorCaptionStatus displayWindowDecor is false
W/Looper  (31827): PerfMonitor looperActivity : package=com.example.benchmark_container/.MainActivity time=382ms latency=352ms running=0ms  procState=-1  historyMsgCount=3 (msgIndex=1 wall=382ms seq=4 late=352ms h=android.app.ActivityThread$H w=159) (msgIndex=2 wall=382ms seq=4 late=352ms h=android.app.ActivityThread$H w=159) (msgIndex=3 wall=368ms seq=3 h=android.app.ActivityThread$H w=110)
W/Looper  (31827): PerfMonitor looperActivity : package=com.example.benchmark_container/.MainActivity time=1ms latency=733ms running=0ms  procState=-1  historyMsgCount=4 (msgIndex=1 wall=382ms seq=4 late=352ms h=android.app.ActivityThread$H w=159) (msgIndex=2 wall=382ms seq=4 late=352ms h=android.app.ActivityThread$H w=159) (msgIndex=3 wall=368ms seq=3 h=android.app.ActivityThread$H w=110) (msgIndex=4 wall=382ms seq=4 late=352ms h=android.app.ActivityThread$H w=159)
D/SurfaceView(31827): UPDATE null, mIsCastMode = false
D/hw-ProcessState(31827): Binder ioctl to enable oneway spam detection failed: Invalid argument
W/Looper  (31827): PerfMonitor longMsg : seq=8 plan=17:28:21.547 late=406ms wall=1640ms running=0ms h=android.view.Choreographer$FrameHandler c=android.view.Choreographer$FrameDisplayEventReceiver procState=-1
W/Looper  (31827): PerfMonitor doFrame : time=1640ms vsyncFrame=0 latency=406ms procState=-1 historyMsgCount=7 (msgIndex=1 wall=382ms seq=4 h=android.app.ActivityThread$H w=159) (msgIndex=2 wall=382ms seq=4 h=android.app.ActivityThread$H w=159) (msgIndex=3 wall=1640ms seq=8 late=406ms h=android.view.Choreographer$FrameHandler c=android.view.Choreographer$FrameDisplayEventReceiver) (msgIndex=4 wall=382ms seq=4 h=android.app.ActivityThread$H w=159)
I/Choreographer(31827): Skipped 93 frames!  The application may be doing too much work on its main thread.
D/SurfaceView(31827): UPDATE Surface(name=SurfaceView[com.example.benchmark_container/com.example.benchmark_container.MainActivity])/@0x4d86cce, mIsProjectionMode = false
W/Looper  (31827): PerfMonitor doFrame : time=3ms vsyncFrame=0 latency=1551ms procState=-1 historyMsgCount=4
[spm]: Connected to Dart VM service.
I/flutter (31827): 00:00 +0: Performance Benchmark
E/hmark_containe(31827): open libmigui.so failed! dlopen - dlopen failed: library "libmigui.so" not found
D/hmark_containe(31827): MiuiProcessManagerServiceStub setSchedFifo
I/MiuiProcessManagerImpl(31827): setSchedFifo pid:31827, mode:3
D/DecorView[](31827): onWindowFocusChanged hasWindowFocus true
D/DecorView[](31827): getWindowModeFromSystem  windowmode is 1
D/DecorView[](31827): updateDecorCaptionStatus displayWindowDecor is false
D/ProfileInstaller(31827): Installing profile for com.example.benchmark_container
I/flutter (31827): setState 698a51a
[spm]: ProfilerData event received.
I/flutter (31827): [SPM:perf] 698a51a  buildSpan: 856µs
I/flutter (31827): [spm] Performance monitoring completed for 698a51a
I/flutter (31827): setState 698a51a
[spm]: ProfilerData event received.
I/flutter (31827): [SPM:perf] 698a51a  buildSpan: 695µs
I/flutter (31827): [spm] Performance monitoring completed for 698a51a
I/flutter (31827): setState 698a51a
[spm]: ProfilerData event received.
I/flutter (31827): [SPM:perf] 698a51a  buildSpan: 779µs
I/flutter (31827): [spm] Performance monitoring completed for 698a51a
I/flutter (31827): setState 698a51a
[spm]: ProfilerData event received.
I/flutter (31827): [SPM:perf] 698a51a  buildSpan: 756µs
I/flutter (31827): [spm] Performance monitoring completed for 698a51a
I/flutter (31827): setState 698a51a
[spm]: ProfilerData event received.
I/flutter (31827): [SPM:perf] 698a51a  buildSpan: 870µs
I/flutter (31827): [spm] Performance monitoring completed for 698a51a
I/flutter (31827): setState 698a51a
[spm]: ProfilerData event received.
I/flutter (31827): [SPM:perf] 698a51a  buildSpan: 780µs
I/flutter (31827): [spm] Performance monitoring completed for 698a51a
I/flutter (31827): setState 698a51a
[spm]: ProfilerData event received.
I/flutter (31827): [SPM:perf] 698a51a  buildSpan: 696µs
I/flutter (31827): [spm] Performance monitoring completed for 698a51a
I/flutter (31827): setState 698a51a
[spm]: ProfilerData event received.
I/flutter (31827): [SPM:perf] 698a51a  buildSpan: 678µs
I/flutter (31827): [spm] Performance monitoring completed for 698a51a
I/flutter (31827): setState 698a51a
[spm]: ProfilerData event received.
I/flutter (31827): [SPM:perf] 698a51a  buildSpan: 770µs
I/flutter (31827): [spm] Performance monitoring completed for 698a51a
I/flutter (31827): setState 698a51a
[spm]: ProfilerData event received.
I/flutter (31827): [SPM:perf] 698a51a  buildSpan: 838µs
I/flutter (31827): [spm] Performance monitoring completed for 698a51a
I/flutter (31827): setState 698a51a
[spm]: ProfilerData event received.
I/flutter (31827): [SPM:perf] 698a51a  buildSpan: 725µs
I/flutter (31827): [spm] Performance monitoring completed for 698a51a
I/flutter (31827): setState 698a51a
[spm]: ProfilerData event received.
I/flutter (31827): [SPM:perf] 698a51a  buildSpan: 706µs
I/flutter (31827): [spm] Performance monitoring completed for 698a51a
I/flutter (31827): setState 698a51a
[spm]: ProfilerData event received.
I/flutter (31827): [SPM:perf] 698a51a  buildSpan: 780µs
I/flutter (31827): [spm] Performance monitoring completed for 698a51a
I/flutter (31827): setState 698a51a
[spm]: ProfilerData event received.
I/flutter (31827): [SPM:perf] 698a51a  buildSpan: 731µs
I/flutter (31827): [spm] Performance monitoring completed for 698a51a
I/flutter (31827): setState 698a51a
[spm]: ProfilerData event received.
I/flutter (31827): [SPM:perf] 698a51a  buildSpan: 746µs
I/flutter (31827): [spm] Performance monitoring completed for 698a51a
I/flutter (31827): setState 698a51a
[spm]: ProfilerData event received.
I/flutter (31827): [SPM:perf] 698a51a  buildSpan: 715µs
I/flutter (31827): [spm] Performance monitoring completed for 698a51a
I/flutter (31827): setState 698a51a
[spm]: ProfilerData event received.
I/flutter (31827): [SPM:perf] 698a51a  buildSpan: 786µs
I/flutter (31827): [spm] Performance monitoring completed for 698a51a
I/flutter (31827): setState 698a51a
[spm]: ProfilerData event received.
I/flutter (31827): [SPM:perf] 698a51a  buildSpan: 781µs
I/flutter (31827): [spm] Performance monitoring completed for 698a51a
I/flutter (31827): setState 698a51a
[spm]: ProfilerData event received.
I/flutter (31827): [SPM:perf] 698a51a  buildSpan: 746µs
I/flutter (31827): [spm] Performance monitoring completed for 698a51a
I/flutter (31827): setState 698a51a
[spm]: ProfilerData event received.
I/flutter (31827): [SPM:perf] 698a51a  buildSpan: 746µs
I/flutter (31827): [spm] Performance monitoring completed for 698a51a
I/flutter (31827): setState 698a51a
[spm]: ProfilerData event received.
I/flutter (31827): [SPM:perf] 698a51a  buildSpan: 700µs
I/flutter (31827): [spm] Performance monitoring completed for 698a51a
I/flutter (31827): setState 698a51a
I/flutter (31827): [SPM:perf] 698a51a  buildSpan: 796µs
I/flutter (31827): [spm] Performance monitoring completed for 698a51a
I/flutter (31827): setState 698a51a
[spm]: ProfilerData event received.
[spm]: ProfilerData event received.
I/flutter (31827): [SPM:perf] 698a51a  buildSpan: 879µs
I/flutter (31827): [spm] Performance monitoring completed for 698a51a
I/flutter (31827): setState 698a51a
[spm]: ProfilerData event received.
I/flutter (31827): [SPM:perf] 698a51a  buildSpan: 721µs
I/flutter (31827): [spm] Performance monitoring completed for 698a51a
I/flutter (31827): setState 698a51a
[spm]: ProfilerData event received.
I/flutter (31827): [SPM:perf] 698a51a  buildSpan: 742µs
I/flutter (31827): [spm] Performance monitoring completed for 698a51a
I/flutter (31827): setState 698a51a
[spm]: ProfilerData event received.
I/flutter (31827): [SPM:perf] 698a51a  buildSpan: 708µs
I/flutter (31827): [spm] Performance monitoring completed for 698a51a
I/flutter (31827): setState 698a51a
[spm]: ProfilerData event received.
I/flutter (31827): [SPM:perf] 698a51a  buildSpan: 635µs
I/flutter (31827): [spm] Performance monitoring completed for 698a51a
I/flutter (31827): setState 698a51a
I/flutter (31827): [SPM:perf] 698a51a  buildSpan: 777µs
[spm]: ProfilerData event received.
I/flutter (31827): [spm] Performance monitoring completed for 698a51a
I/flutter (31827): setState 698a51a
[spm]: ProfilerData event received.
I/flutter (31827): [SPM:perf] 698a51a  buildSpan: 717µs
I/flutter (31827): [spm] Performance monitoring completed for 698a51a
I/flutter (31827): setState 698a51a
[spm]: ProfilerData event received.
I/flutter (31827): [SPM:perf] 698a51a  buildSpan: 730µs
I/flutter (31827): [spm] Performance monitoring completed for 698a51a
I/flutter (31827): 01:10 +1: (tearDownAll)
I/flutter (31827): 01:11 +2: All tests passed!
All tests passed.
[spm]: Saved 30 profiler events to <ROOT>/dataset/21/redmi9t/raw/20260802-170732/base/e1.jsonl
[spm]: Reverting injection...
5 issues found. (ran in 0.5s)
WARNING: Your Android app project: app located at: <ROOT>/android/app/build.gradle.kts
applies the Kotlin Gradle Plugin, which will cause build failures in future versions of Flutter. 
Please migrate your app to Built-in Kotlin using this guide: https://docs.flutter.dev/release/breaking-changes/migrate-to-built-in-kotlin/for-app-developers

VMServiceFlutterDriver: Connecting to Flutter application at http://127.0.0.1:36125/N_O7uWium5I=/
[spm]: Detected VM service URI: ws://127.0.0.1:36125/N_O7uWium5I=/ws
VMServiceFlutterDriver: Isolate found with number: 3615823112094067
VMServiceFlutterDriver: Isolate 3615823112094067 is runnable.
VMServiceFlutterDriver: Isolate is paused at start.
VMServiceFlutterDriver: Attempting to resume isolate
VMServiceFlutterDriver: Connected to Flutter application.