# sample_id=21/base exec_index=11 ok=True perf_lines=30 vm_events=30 battery_pct=62 soc_temp_millic=40200 battery_temp_c=32.0 charging=False preflight_started=2026-08-02T18:33:26.659567+00:00 started=2026-08-02T18:33:29.285400+00:00 ts=2026-08-02T18:35:32.276468+00:00
[spm]: Running flutter analyze...
Analyzing lib...                                                

   info • Invalid use of a private type in a public API. Try making the private type public, or making the API that uses the private type also be private • lib/dependencies.dart:34:9 • library_private_types_in_public_api
   info • Invalid use of a private type in a public API. Try making the private type public, or making the API that uses the private type also be private • lib/dependencies.dart:34:18 • library_private_types_in_public_api
   info • Invalid use of a private type in a public API. Try making the private type public, or making the API that uses the private type also be private • lib/dependencies.dart:35:9 • library_private_types_in_public_api
   info • Invalid use of a private type in a public API. Try making the private type public, or making the API that uses the private type also be private • lib/dependencies.dart:35:13 • library_private_types_in_public_api
   info • Invalid use of a private type in a public API. Try making the private type public, or making the API that uses the private type also be private • lib/dependencies.dart:37:9 • library_private_types_in_public_api

[spm]: Injecting profiler code...
[spm]: Starting app...
Running Gradle task 'assembleProfile'...                        
Running Gradle task 'assembleProfile'...                           22.4s
✓ Built build/app/outputs/flutter-apk/app-profile.apk (61.8MB)
Installing build/app/outputs/flutter-apk/app-profile.apk...      2,127ms
D/DecorView[](18262): getWindowModeFromSystem  windowmode is 1
D/DecorView[](18262): getWindowModeFromSystem  windowmode is 1
D/DecorView[](18262): updateDecorCaptionStatus displayWindowDecor is false
W/Looper  (18262): PerfMonitor looperActivity : package=com.example.benchmark_container/.MainActivity time=473ms latency=458ms running=0ms  procState=-1  historyMsgCount=3 (msgIndex=3 wall=428ms seq=3 h=android.app.ActivityThread$H w=110)
W/Looper  (18262): PerfMonitor looperActivity : package=com.example.benchmark_container/.MainActivity time=1ms latency=932ms running=0ms  procState=-1  historyMsgCount=4 (msgIndex=3 wall=428ms seq=3 h=android.app.ActivityThread$H w=110) (msgIndex=4 wall=473ms seq=4 late=458ms h=android.app.ActivityThread$H w=159)
I/Choreographer(18262): Skipped 30 frames!  The application may be doing too much work on its main thread.
D/SurfaceView(18262): UPDATE null, mIsCastMode = false
D/hw-ProcessState(18262): Binder ioctl to enable oneway spam detection failed: Invalid argument
W/Looper  (18262): PerfMonitor longMsg : seq=8 plan=21:34:08.722 late=501ms wall=1680ms running=0ms h=android.view.Choreographer$FrameHandler c=android.view.Choreographer$FrameDisplayEventReceiver procState=-1
W/Looper  (18262): PerfMonitor doFrame : time=1680ms vsyncFrame=0 latency=501ms procState=-1 historyMsgCount=6 (msgIndex=2 wall=1680ms seq=8 late=501ms h=android.view.Choreographer$FrameHandler c=android.view.Choreographer$FrameDisplayEventReceiver) (msgIndex=3 wall=473ms seq=4 h=android.app.ActivityThread$H w=159)
I/Choreographer(18262): Skipped 95 frames!  The application may be doing too much work on its main thread.
D/SurfaceView(18262): UPDATE Surface(name=SurfaceView[com.example.benchmark_container/com.example.benchmark_container.MainActivity])/@0x4d86cce, mIsProjectionMode = false
W/Looper  (18262): PerfMonitor doFrame : time=4ms vsyncFrame=0 latency=1586ms procState=-1 historyMsgCount=4
[spm]: Connected to Dart VM service.
I/flutter (18262): 00:00 +0: Performance Benchmark
E/hmark_containe(18262): open libmigui.so failed! dlopen - dlopen failed: library "libmigui.so" not found
D/hmark_containe(18262): MiuiProcessManagerServiceStub setSchedFifo
I/MiuiProcessManagerImpl(18262): setSchedFifo pid:18262, mode:3
D/DecorView[](18262): onWindowFocusChanged hasWindowFocus true
D/DecorView[](18262): getWindowModeFromSystem  windowmode is 1
D/DecorView[](18262): updateDecorCaptionStatus displayWindowDecor is false
D/ProfileInstaller(18262): Installing profile for com.example.benchmark_container
I/flutter (18262): setState 698a51a
[spm]: ProfilerData event received.
I/flutter (18262): [SPM:perf] 698a51a  buildSpan: 869µs
I/flutter (18262): [spm] Performance monitoring completed for 698a51a
I/flutter (18262): setState 698a51a
[spm]: ProfilerData event received.
I/flutter (18262): [SPM:perf] 698a51a  buildSpan: 689µs
I/flutter (18262): [spm] Performance monitoring completed for 698a51a
I/flutter (18262): setState 698a51a
[spm]: ProfilerData event received.
I/flutter (18262): [SPM:perf] 698a51a  buildSpan: 700µs
I/flutter (18262): [spm] Performance monitoring completed for 698a51a
I/flutter (18262): setState 698a51a
[spm]: ProfilerData event received.
I/flutter (18262): [SPM:perf] 698a51a  buildSpan: 699µs
I/flutter (18262): [spm] Performance monitoring completed for 698a51a
I/flutter (18262): setState 698a51a
[spm]: ProfilerData event received.
I/flutter (18262): [SPM:perf] 698a51a  buildSpan: 732µs
I/flutter (18262): [spm] Performance monitoring completed for 698a51a
I/flutter (18262): setState 698a51a
[spm]: ProfilerData event received.
I/flutter (18262): [SPM:perf] 698a51a  buildSpan: 729µs
I/flutter (18262): [spm] Performance monitoring completed for 698a51a
I/flutter (18262): setState 698a51a
[spm]: ProfilerData event received.
I/flutter (18262): [SPM:perf] 698a51a  buildSpan: 691µs
I/flutter (18262): [spm] Performance monitoring completed for 698a51a
I/flutter (18262): setState 698a51a
[spm]: ProfilerData event received.
I/flutter (18262): [SPM:perf] 698a51a  buildSpan: 709µs
I/flutter (18262): [spm] Performance monitoring completed for 698a51a
I/flutter (18262): setState 698a51a
[spm]: ProfilerData event received.
I/flutter (18262): [SPM:perf] 698a51a  buildSpan: 773µs
I/flutter (18262): [spm] Performance monitoring completed for 698a51a
I/flutter (18262): setState 698a51a
[spm]: ProfilerData event received.
I/flutter (18262): [SPM:perf] 698a51a  buildSpan: 715µs
I/flutter (18262): [spm] Performance monitoring completed for 698a51a
I/flutter (18262): setState 698a51a
[spm]: ProfilerData event received.
I/flutter (18262): [SPM:perf] 698a51a  buildSpan: 808µs
I/flutter (18262): [spm] Performance monitoring completed for 698a51a
I/flutter (18262): setState 698a51a
[spm]: ProfilerData event received.
I/flutter (18262): [SPM:perf] 698a51a  buildSpan: 789µs
I/flutter (18262): [spm] Performance monitoring completed for 698a51a
I/flutter (18262): setState 698a51a
[spm]: ProfilerData event received.
I/flutter (18262): [SPM:perf] 698a51a  buildSpan: 735µs
I/flutter (18262): [spm] Performance monitoring completed for 698a51a
I/flutter (18262): setState 698a51a
[spm]: ProfilerData event received.
I/flutter (18262): [SPM:perf] 698a51a  buildSpan: 788µs
I/flutter (18262): [spm] Performance monitoring completed for 698a51a
I/flutter (18262): setState 698a51a
[spm]: ProfilerData event received.
I/flutter (18262): [SPM:perf] 698a51a  buildSpan: 779µs
I/flutter (18262): [spm] Performance monitoring completed for 698a51a
I/flutter (18262): setState 698a51a
[spm]: ProfilerData event received.
I/flutter (18262): [SPM:perf] 698a51a  buildSpan: 787µs
I/flutter (18262): [spm] Performance monitoring completed for 698a51a
I/flutter (18262): setState 698a51a
[spm]: ProfilerData event received.
I/flutter (18262): [SPM:perf] 698a51a  buildSpan: 714µs
I/flutter (18262): [spm] Performance monitoring completed for 698a51a
I/flutter (18262): setState 698a51a
[spm]: ProfilerData event received.
I/flutter (18262): [SPM:perf] 698a51a  buildSpan: 783µs
I/flutter (18262): [spm] Performance monitoring completed for 698a51a
I/flutter (18262): setState 698a51a
[spm]: ProfilerData event received.
I/flutter (18262): [SPM:perf] 698a51a  buildSpan: 743µs
I/flutter (18262): [spm] Performance monitoring completed for 698a51a
I/flutter (18262): setState 698a51a
[spm]: ProfilerData event received.
I/flutter (18262): [SPM:perf] 698a51a  buildSpan: 717µs
I/flutter (18262): [spm] Performance monitoring completed for 698a51a
I/flutter (18262): setState 698a51a
[spm]: ProfilerData event received.
I/flutter (18262): [SPM:perf] 698a51a  buildSpan: 717µs
I/flutter (18262): [spm] Performance monitoring completed for 698a51a
I/flutter (18262): setState 698a51a
[spm]: ProfilerData event received.
I/flutter (18262): [SPM:perf] 698a51a  buildSpan: 710µs
I/flutter (18262): [spm] Performance monitoring completed for 698a51a
I/flutter (18262): setState 698a51a
[spm]: ProfilerData event received.
I/flutter (18262): [SPM:perf] 698a51a  buildSpan: 674µs
I/flutter (18262): [spm] Performance monitoring completed for 698a51a
I/flutter (18262): setState 698a51a
[spm]: ProfilerData event received.
I/flutter (18262): [SPM:perf] 698a51a  buildSpan: 709µs
I/flutter (18262): [spm] Performance monitoring completed for 698a51a
I/flutter (18262): setState 698a51a
[spm]: ProfilerData event received.
I/flutter (18262): [SPM:perf] 698a51a  buildSpan: 906µs
I/flutter (18262): [spm] Performance monitoring completed for 698a51a
I/flutter (18262): setState 698a51a
[spm]: ProfilerData event received.
I/flutter (18262): [SPM:perf] 698a51a  buildSpan: 735µs
I/flutter (18262): [spm] Performance monitoring completed for 698a51a
I/flutter (18262): setState 698a51a
[spm]: ProfilerData event received.
I/flutter (18262): [SPM:perf] 698a51a  buildSpan: 687µs
I/flutter (18262): [spm] Performance monitoring completed for 698a51a
I/flutter (18262): setState 698a51a
[spm]: ProfilerData event received.
I/flutter (18262): [SPM:perf] 698a51a  buildSpan: 633µs
I/flutter (18262): [spm] Performance monitoring completed for 698a51a
I/flutter (18262): setState 698a51a
[spm]: ProfilerData event received.
I/flutter (18262): [SPM:perf] 698a51a  buildSpan: 637µs
I/flutter (18262): [spm] Performance monitoring completed for 698a51a
I/flutter (18262): setState 698a51a
[spm]: ProfilerData event received.
I/flutter (18262): [SPM:perf] 698a51a  buildSpan: 762µs
I/flutter (18262): [spm] Performance monitoring completed for 698a51a
I/flutter (18262): 01:10 +1: (tearDownAll)
I/flutter (18262): 01:11 +2: All tests passed!
All tests passed.
[spm]: Saved 30 profiler events to <ROOT>/dataset/21/redmi9t/raw/20260802-170732/base/e11.jsonl
[spm]: Reverting injection...
5 issues found. (ran in 0.8s)
WARNING: Your Android app project: app located at: <ROOT>/android/app/build.gradle.kts
applies the Kotlin Gradle Plugin, which will cause build failures in future versions of Flutter. 
Please migrate your app to Built-in Kotlin using this guide: https://docs.flutter.dev/release/breaking-changes/migrate-to-built-in-kotlin/for-app-developers

VMServiceFlutterDriver: Connecting to Flutter application at http://127.0.0.1:46599/y-3wH7D2yZ0=/
[spm]: Detected VM service URI: ws://127.0.0.1:46599/y-3wH7D2yZ0=/ws
VMServiceFlutterDriver: Isolate found with number: 5490564026313995
VMServiceFlutterDriver: Isolate 5490564026313995 is runnable.
VMServiceFlutterDriver: Isolate is paused at start.
VMServiceFlutterDriver: Attempting to resume isolate
VMServiceFlutterDriver: Connected to Flutter application.