# sample_id=21/base exec_index=3 ok=True perf_lines=30 vm_events=30 battery_pct=62 soc_temp_millic=40200 battery_temp_c=32.0 charging=False preflight_started=2026-08-02T18:35:32.276968+00:00 started=2026-08-02T18:35:34.964986+00:00 ts=2026-08-02T18:37:17.198237+00:00
[spm]: Running flutter analyze...
Analyzing lib...                                                

   info • Invalid use of a private type in a public API. Try making the private type public, or making the API that uses the private type also be private • lib/dependencies.dart:34:9 • library_private_types_in_public_api
   info • Invalid use of a private type in a public API. Try making the private type public, or making the API that uses the private type also be private • lib/dependencies.dart:34:18 • library_private_types_in_public_api
   info • Invalid use of a private type in a public API. Try making the private type public, or making the API that uses the private type also be private • lib/dependencies.dart:35:9 • library_private_types_in_public_api
   info • Invalid use of a private type in a public API. Try making the private type public, or making the API that uses the private type also be private • lib/dependencies.dart:35:13 • library_private_types_in_public_api
   info • Invalid use of a private type in a public API. Try making the private type public, or making the API that uses the private type also be private • lib/dependencies.dart:37:9 • library_private_types_in_public_api

[spm]: Injecting profiler code...
[spm]: Starting app...
Running Gradle task 'assembleProfile'...                        
Running Gradle task 'assembleProfile'...                         2,723ms
✓ Built build/app/outputs/flutter-apk/app-profile.apk (61.8MB)
Installing build/app/outputs/flutter-apk/app-profile.apk...      2,164ms
I/hmark_containe(23374): hiddenapi: Accessing hidden method Landroid/view/accessibility/AccessibilityNodeInfo;->getSourceNodeId()J (runtime_flags=0, domain=platform, api=unsupported,test-api) from Lio/flutter/view/AccessibilityViewEmbedder$ReflectionAccessors; (domain=app, TargetSdkVersion=36) using reflection: allowed
I/hmark_containe(23374): hiddenapi: Accessing hidden method Landroid/view/accessibility/AccessibilityRecord;->getSourceNodeId()J (runtime_flags=0, domain=platform, api=unsupported) from Lio/flutter/view/AccessibilityViewEmbedder$ReflectionAccessors; (domain=app, TargetSdkVersion=36) using reflection: allowed
I/hmark_containe(23374): hiddenapi: Accessing hidden field Landroid/view/accessibility/AccessibilityNodeInfo;->mChildNodeIds:Landroid/util/LongArray; (runtime_flags=0, domain=platform, api=unsupported) from Lio/flutter/view/AccessibilityViewEmbedder$ReflectionAccessors; (domain=app, TargetSdkVersion=36) using reflection: allowed
I/hmark_containe(23374): hiddenapi: Accessing hidden method Landroid/util/LongArray;->get(I)J (runtime_flags=0, domain=platform, api=unsupported) from Lio/flutter/view/AccessibilityViewEmbedder$ReflectionAccessors; (domain=app, TargetSdkVersion=36) using reflection: allowed
D/MiuiMultiWindowUtils(23374): freeform resolution args raw data:{  "zizhan":{    "freeform_args": {      "inner":{        "vertical_portrait":{"aspect_ratio":0.626, "original_ratio":0.5643,"original_scale":0.74,"top_margin":0.168,"left_margin":0.484},        "horizontal_portrait":{"aspect_ratio":0.626, "original_ratio":0.5643,"original_scale":0.74,"top_margin":0.1222,"left_margin":0.59745},        "vertical_landscape":{"aspect_ratio":1.6, "original_ratio":1,"original_scale":0.604,"top_margin":0.2596,"left_margin":0.2624},        "horizontal_landscape":{"aspect_ratio":1.6, "original_ratio":1,"original_scale":0.604,"top_margin":0.213,"left_margin":0.3758}      },      "outer":{        "vertical_portrait":{"aspect_ratio":0.626, "original_ratio":1,"original_scale":0.74,"top_margin":0.0753,"left_margin":-1},        "horizontal_portrait":{"aspect_ratio":0.626, "original_ratio":1,"original_scale":0.5756,"top_margin":-1,"left_margin":0.0753},        "vertical_landscape":{"aspect_ratio":1.6, "original_ratio":0.6847,"original_scale":0.587,"top_margin":0.0753,"left_margin":-1},        "horizontal_landscape":{"aspect_ratio":1.6, "original_ratio":0.6847,"original_scale":0.587,"top_margin":-1,"left_margin":0.0753}}    },    "mini_freeform_args":{      "inner":{        "vertical_portrait":{"aspect_ratio":0.626, "original_ratio":0.147},        "horizontal_portrait":{"aspect_ratio":0.626, "original_ratio":0.147},        "vertical_landscape":{"aspect_ratio":1.6, "original_ratio":0.165},        "horizontal_landscape":{"aspect_ratio":1.6, "original_ratio":0.165}      },      "outer":{        "vertical_portrait":{"aspect_ratio":0.626, "original_ratio":0.26},        "horizontal_portrait":{"aspect_ratio":0.626, "original_ratio":0.26},        "vertical_landscape":{"aspect_ratio":1.6, "original_ratio":0.293},        "horizontal_landscape":{"aspect_ratio":1.6, "original_ratio":0.293}}    }  },  "wide_default":{    "freeform_args": {        "vertical_portrait":{"aspect_ratio":0.625, "original_ratio":0.5806,"original_scale":0.7574,"top_margin":0.125,"left_margin":0.392},        "horizontal_portrait":{"aspect_ratio":0.625, "original_ratio":0.5806,"original_scale":0.7574,"top_margin":-1,"left_margin":0.6415},        "vertical_landscape":{"aspect_ratio":1.6, "original_ratio":1,"original_scale":0.5153,"top_margin":0.125,"left_margin":0.206},        "horizontal_landscape":{"aspect_ratio":1.6, "original_ratio":1,"original_scale":0.5153,"top_margin":-1,"left_margin":0.456}    },    "mini_freeform_args":{        "vertical_portrait":{"aspect_ratio":0.5625, "original_ratio":0.144},        "horizontal_portrait":{"aspect_ratio":0.5625, "original_ratio":0.144},        "vertical_landscape":{"aspect_ratio":-1, "original_ratio":0.144},        "horizontal_landscape":{"aspect_ratio":-1, "original_ratio":0.144}    }  },  "narrow_default": {    "freeform_args": {        "vertical_portrait":{"aspect_ratio":0.5625, "original_ratio":1,"original_scale":0.7182,"top_margin":0.142,"left_margin":-1},        "horizontal_portrait":{"aspect_ratio":0.8, "original_ratio":1,"original_scale":0.7182,"top_margin":-1,"left_margin":0.05},        "vertical_landscape":{"aspect_ratio":1.6, "original_ratio":0.6545,"original_scale":0.4473,"top_margin":0.142,"left_margin":-1},        "horizontal_landscape":{"aspect_ratio":1.6, "original_ratio":0.6545,"original_scale":0.4473,"top_margin":-1,"left_margin":0.05}    },    "mini_freeform_args":{        "vertical_portrait":{"aspect_ratio":0.5625, "original_ratio":0.3},        "horizontal_portrait":{"aspect_ratio":0.5625, "original_ratio":0.3},        "vertical_landscape":{"aspect_ratio":1.7778, "original_ratio":0.3},        "horizontal_landscape":{"aspect_ratio":1.7778, "original_ratio":0.3}    }  },  "regular_default": {    "freeform_args": {      "vertical_portrait":{"aspect_ratio":0.625, "original_ratio":1,"original_scale":0.7,"top_margin":0.109,"left_margin":-1},      "horizontal_portrait":{"aspect_ratio":0.6667, "original_ratio":1,"original_scale":0.6102,"top_margin":-1,"left_margin":0.026},      "vertical_landscape":{"asp
E/MiuiMultiWindowUtils(23374): initFreeFormResolutionArgs failed, device is lime
D/IS_CTS_MODE(23374): true
D/MULTI_WINDOW_SWITCH_ENABLED(23374): false
D/IS_CTS_MODE(23374): true
D/MULTI_WINDOW_SWITCH_ENABLED(23374): false
D/IS_CTS_MODE(23374): true
D/MULTI_WINDOW_SWITCH_ENABLED(23374): false
D/DecorView[](23374): getWindowModeFromSystem  windowmode is 1
D/DecorView[](23374): getWindowModeFromSystem  windowmode is 1
D/DecorView[](23374): updateDecorCaptionStatus displayWindowDecor is false
W/Looper  (23374): PerfMonitor looperActivity : package=com.example.benchmark_container/.MainActivity time=411ms latency=368ms running=0ms  procState=-1  historyMsgCount=2 (msgIndex=1 wall=411ms seq=4 late=368ms h=android.app.ActivityThread$H w=159) (msgIndex=2 wall=367ms seq=3 h=android.app.ActivityThread$H w=110)
W/Looper  (23374): PerfMonitor looperActivity : package=com.example.benchmark_container/.MainActivity time=1ms latency=757ms running=0ms  procState=-1  historyMsgCount=4 (msgIndex=2 wall=411ms seq=4 late=368ms h=android.app.ActivityThread$H w=159) (msgIndex=3 wall=367ms seq=3 h=android.app.ActivityThread$H w=110) (msgIndex=4 wall=411ms seq=4 late=368ms h=android.app.ActivityThread$H w=159)
D/SurfaceView(23374): UPDATE null, mIsCastMode = false
D/hw-ProcessState(23374): Binder ioctl to enable oneway spam detection failed: Invalid argument
W/Looper  (23374): PerfMonitor longMsg : seq=8 plan=21:35:53.978 late=433ms wall=1686ms running=0ms h=android.view.Choreographer$FrameHandler c=android.view.Choreographer$FrameDisplayEventReceiver procState=-1
W/Looper  (23374): PerfMonitor doFrame : time=1686ms vsyncFrame=0 latency=433ms procState=-1 historyMsgCount=7 (msgIndex=2 wall=411ms seq=4 h=android.app.ActivityThread$H w=159) (msgIndex=3 wall=1686ms seq=8 late=433ms h=android.view.Choreographer$FrameHandler c=android.view.Choreographer$FrameDisplayEventReceiver) (msgIndex=4 wall=411ms seq=4 h=android.app.ActivityThread$H w=159)
I/Choreographer(23374): Skipped 96 frames!  The application may be doing too much work on its main thread.
D/SurfaceView(23374): UPDATE Surface(name=SurfaceView[com.example.benchmark_container/com.example.benchmark_container.MainActivity])/@0x4d86cce, mIsProjectionMode = false
W/Looper  (23374): PerfMonitor doFrame : time=4ms vsyncFrame=0 latency=1608ms procState=-1 historyMsgCount=4
[spm]: Connected to Dart VM service.
I/flutter (23374): 00:00 +0: Performance Benchmark
E/hmark_containe(23374): open libmigui.so failed! dlopen - dlopen failed: library "libmigui.so" not found
D/hmark_containe(23374): MiuiProcessManagerServiceStub setSchedFifo
I/MiuiProcessManagerImpl(23374): setSchedFifo pid:23374, mode:3
D/DecorView[](23374): onWindowFocusChanged hasWindowFocus true
D/DecorView[](23374): getWindowModeFromSystem  windowmode is 1
D/DecorView[](23374): updateDecorCaptionStatus displayWindowDecor is false
D/ProfileInstaller(23374): Installing profile for com.example.benchmark_container
I/flutter (23374): setState 698a51a
[spm]: ProfilerData event received.
I/flutter (23374): [SPM:perf] 698a51a  buildSpan: 832µs
I/flutter (23374): [spm] Performance monitoring completed for 698a51a
I/flutter (23374): setState 698a51a
[spm]: ProfilerData event received.
I/flutter (23374): [SPM:perf] 698a51a  buildSpan: 682µs
I/flutter (23374): [spm] Performance monitoring completed for 698a51a
I/flutter (23374): setState 698a51a
[spm]: ProfilerData event received.
I/flutter (23374): [SPM:perf] 698a51a  buildSpan: 695µs
I/flutter (23374): [spm] Performance monitoring completed for 698a51a
I/flutter (23374): setState 698a51a
[spm]: ProfilerData event received.
I/flutter (23374): [SPM:perf] 698a51a  buildSpan: 709µs
I/flutter (23374): [spm] Performance monitoring completed for 698a51a
I/flutter (23374): setState 698a51a
[spm]: ProfilerData event received.
I/flutter (23374): [SPM:perf] 698a51a  buildSpan: 938µs
I/flutter (23374): [spm] Performance monitoring completed for 698a51a
I/flutter (23374): setState 698a51a
I/flutter (23374): [SPM:perf] 698a51a  buildSpan: 709µs
I/flutter (23374): [spm] Performance monitoring completed for 698a51a
I/flutter (23374): setState 698a51a
[spm]: ProfilerData event received.
I/flutter (23374): [SPM:perf] 698a51a  buildSpan: 786µs
I/flutter (23374): [spm] Performance monitoring completed for 698a51a
I/flutter (23374): setState 698a51a
[spm]: ProfilerData event received.
I/flutter (23374): [SPM:perf] 698a51a  buildSpan: 624µs
[spm]: ProfilerData event received.
I/flutter (23374): [spm] Performance monitoring completed for 698a51a
I/flutter (23374): setState 698a51a
[spm]: ProfilerData event received.
I/flutter (23374): [SPM:perf] 698a51a  buildSpan: 626µs
I/flutter (23374): [spm] Performance monitoring completed for 698a51a
I/flutter (23374): setState 698a51a
[spm]: ProfilerData event received.
I/flutter (23374): [SPM:perf] 698a51a  buildSpan: 916µs
I/flutter (23374): [spm] Performance monitoring completed for 698a51a
I/flutter (23374): setState 698a51a
[spm]: ProfilerData event received.
I/flutter (23374): [SPM:perf] 698a51a  buildSpan: 685µs
I/flutter (23374): [spm] Performance monitoring completed for 698a51a
I/flutter (23374): setState 698a51a
[spm]: ProfilerData event received.
I/flutter (23374): [SPM:perf] 698a51a  buildSpan: 730µs
I/flutter (23374): [spm] Performance monitoring completed for 698a51a
I/flutter (23374): setState 698a51a
[spm]: ProfilerData event received.
I/flutter (23374): [SPM:perf] 698a51a  buildSpan: 805µs
I/flutter (23374): [spm] Performance monitoring completed for 698a51a
I/flutter (23374): setState 698a51a
[spm]: ProfilerData event received.
I/flutter (23374): [SPM:perf] 698a51a  buildSpan: 718µs
I/flutter (23374): [spm] Performance monitoring completed for 698a51a
I/flutter (23374): setState 698a51a
[spm]: ProfilerData event received.
I/flutter (23374): [SPM:perf] 698a51a  buildSpan: 732µs
I/flutter (23374): [spm] Performance monitoring completed for 698a51a
I/flutter (23374): setState 698a51a
[spm]: ProfilerData event received.
I/flutter (23374): [SPM:perf] 698a51a  buildSpan: 711µs
I/flutter (23374): [spm] Performance monitoring completed for 698a51a
I/flutter (23374): setState 698a51a
[spm]: ProfilerData event received.
I/flutter (23374): [SPM:perf] 698a51a  buildSpan: 717µs
I/flutter (23374): [spm] Performance monitoring completed for 698a51a
I/flutter (23374): setState 698a51a
[spm]: ProfilerData event received.
I/flutter (23374): [SPM:perf] 698a51a  buildSpan: 693µs
I/flutter (23374): [spm] Performance monitoring completed for 698a51a
I/flutter (23374): setState 698a51a
[spm]: ProfilerData event received.
I/flutter (23374): [SPM:perf] 698a51a  buildSpan: 637µs
I/flutter (23374): [spm] Performance monitoring completed for 698a51a
I/flutter (23374): setState 698a51a
[spm]: ProfilerData event received.
I/flutter (23374): [SPM:perf] 698a51a  buildSpan: 834µs
I/flutter (23374): [spm] Performance monitoring completed for 698a51a
I/flutter (23374): setState 698a51a
[spm]: ProfilerData event received.
I/flutter (23374): [SPM:perf] 698a51a  buildSpan: 705µs
I/flutter (23374): [spm] Performance monitoring completed for 698a51a
I/flutter (23374): setState 698a51a
I/flutter (23374): [SPM:perf] 698a51a  buildSpan: 818µs
I/flutter (23374): [spm] Performance monitoring completed for 698a51a
[spm]: ProfilerData event received.
I/flutter (23374): setState 698a51a
[spm]: ProfilerData event received.
I/flutter (23374): [SPM:perf] 698a51a  buildSpan: 778µs
I/flutter (23374): [spm] Performance monitoring completed for 698a51a
I/flutter (23374): setState 698a51a
[spm]: ProfilerData event received.
I/flutter (23374): [SPM:perf] 698a51a  buildSpan: 699µs
I/flutter (23374): [spm] Performance monitoring completed for 698a51a
I/flutter (23374): setState 698a51a
[spm]: ProfilerData event received.
I/flutter (23374): [SPM:perf] 698a51a  buildSpan: 732µs
I/flutter (23374): [spm] Performance monitoring completed for 698a51a
I/flutter (23374): setState 698a51a
[spm]: ProfilerData event received.
I/flutter (23374): [SPM:perf] 698a51a  buildSpan: 734µs
I/flutter (23374): [spm] Performance monitoring completed for 698a51a
I/flutter (23374): setState 698a51a
[spm]: ProfilerData event received.
I/flutter (23374): [SPM:perf] 698a51a  buildSpan: 726µs
I/flutter (23374): [spm] Performance monitoring completed for 698a51a
I/flutter (23374): setState 698a51a
[spm]: ProfilerData event received.
I/flutter (23374): [SPM:perf] 698a51a  buildSpan: 699µs
I/flutter (23374): [spm] Performance monitoring completed for 698a51a
I/flutter (23374): setState 698a51a
[spm]: ProfilerData event received.
I/flutter (23374): [SPM:perf] 698a51a  buildSpan: 701µs
I/flutter (23374): [spm] Performance monitoring completed for 698a51a
I/flutter (23374): setState 698a51a
[spm]: ProfilerData event received.
I/flutter (23374): [SPM:perf] 698a51a  buildSpan: 730µs
I/flutter (23374): [spm] Performance monitoring completed for 698a51a
I/flutter (23374): 01:10 +1: (tearDownAll)
I/flutter (23374): 01:11 +2: All tests passed!
All tests passed.
[spm]: Saved 30 profiler events to <ROOT>/dataset/21/redmi9t/raw/20260802-170732/base/e3.jsonl
[spm]: Reverting injection...
5 issues found. (ran in 0.5s)
WARNING: Your Android app project: app located at: <ROOT>/android/app/build.gradle.kts
applies the Kotlin Gradle Plugin, which will cause build failures in future versions of Flutter. 
Please migrate your app to Built-in Kotlin using this guide: https://docs.flutter.dev/release/breaking-changes/migrate-to-built-in-kotlin/for-app-developers

VMServiceFlutterDriver: Connecting to Flutter application at http://127.0.0.1:44433/4HPfQcQ81gI=/
[spm]: Detected VM service URI: ws://127.0.0.1:44433/4HPfQcQ81gI=/ws
VMServiceFlutterDriver: Isolate found with number: 5543758487107863
VMServiceFlutterDriver: Isolate 5543758487107863 is runnable.
VMServiceFlutterDriver: Isolate is paused at start.
VMServiceFlutterDriver: Attempting to resume isolate
VMServiceFlutterDriver: Connected to Flutter application.