# sample_id=0856/rev_001_a8208431 exec_index=14 ok=True perf_lines=30 vm_events=30 battery_pct=73 soc_temp_millic=39500 battery_temp_c=31.3 charging=False preflight_started=2026-09-11T23:48:03.204115+00:00 started=2026-09-11T23:48:05.954182+00:00 ts=2026-09-11T23:50:08.064821+00:00
[spm]: Running flutter analyze...
Resolving dependencies...
Downloading packages...
  _fe_analyzer_shared 100.0.0 (108.0.0 available)
  analyzer 13.0.0 (14.4.0 available)
  async 2.13.0 (2.13.1 available)
  clock 1.1.2 (1.1.3 available)
  cupertino_icons 1.0.8 (1.0.9 available)
  glob 2.1.3 (2.2.0 available)
  lints 6.0.0 (6.1.0 available)
  matcher 0.12.19 (0.12.20 available)
  material_color_utilities 0.13.0 (0.13.1 available)
  meta 1.18.0 (1.19.0 available)
  package_config 2.2.0 (3.0.0 available)
  platform 3.1.6 (3.2.0 available)
  process 5.0.5 (5.0.6 available)
  pub_semver 2.2.0 (2.2.1 available)
  source_span 1.10.1 (1.10.2 available)
  stack_trace 1.12.1 (1.12.2 available)
  test_api 0.7.11 (0.7.14 available)
  vector_math 2.2.0 (2.4.2 available)
  vm_service 15.0.2 (15.3.0 available)
  webdriver 3.1.0 (3.2.0 available)
  yaml 3.1.3 (3.1.4 available)
Got dependencies!
21 packages have newer versions incompatible with dependency constraints.
Try `flutter pub outdated` for more information.
Analyzing lib...                                                

   info • The part-of directive uses a library name. Try converting the directive to use the URI of the library • lib/dependencies.dart:46:1 • use_string_in_part_of_directives
   info • Library names are not necessary. Remove the library name • lib/generated_widget.dart:2:9 • unnecessary_library_name
   info • Constructors in '@immutable' classes should be declared as 'const'. Try adding 'const' to the constructor declaration • lib/generated_widget.dart:11:3 • prefer_const_constructors_in_immutables

[spm]: Injecting profiler code...
[spm]: Starting app...
Running Gradle task 'assembleProfile'...                        
Running Gradle task 'assembleProfile'...                           19.6s
✓ Built build/app/outputs/flutter-apk/app-profile.apk (26.8MB)
Installing build/app/outputs/flutter-apk/app-profile.apk...      1,234ms
I/hmark_containe(26170): hiddenapi: Accessing hidden method Landroid/view/accessibility/AccessibilityNodeInfo;->getSourceNodeId()J (runtime_flags=0, domain=platform, api=unsupported,test-api) from Lio/flutter/view/AccessibilityViewEmbedder$ReflectionAccessors; (domain=app, TargetSdkVersion=36) using reflection: allowed
I/hmark_containe(26170): hiddenapi: Accessing hidden method Landroid/view/accessibility/AccessibilityRecord;->getSourceNodeId()J (runtime_flags=0, domain=platform, api=unsupported) from Lio/flutter/view/AccessibilityViewEmbedder$ReflectionAccessors; (domain=app, TargetSdkVersion=36) using reflection: allowed
I/hmark_containe(26170): hiddenapi: Accessing hidden field Landroid/view/accessibility/AccessibilityNodeInfo;->mChildNodeIds:Landroid/util/LongArray; (runtime_flags=0, domain=platform, api=unsupported) from Lio/flutter/view/AccessibilityViewEmbedder$ReflectionAccessors; (domain=app, TargetSdkVersion=36) using reflection: allowed
I/hmark_containe(26170): hiddenapi: Accessing hidden method Landroid/util/LongArray;->get(I)J (runtime_flags=0, domain=platform, api=unsupported) from Lio/flutter/view/AccessibilityViewEmbedder$ReflectionAccessors; (domain=app, TargetSdkVersion=36) using reflection: allowed
D/MiuiMultiWindowUtils(26170): freeform resolution args raw data:{  "zizhan":{    "freeform_args": {      "inner":{        "vertical_portrait":{"aspect_ratio":0.626, "original_ratio":0.5643,"original_scale":0.74,"top_margin":0.168,"left_margin":0.484},        "horizontal_portrait":{"aspect_ratio":0.626, "original_ratio":0.5643,"original_scale":0.74,"top_margin":0.1222,"left_margin":0.59745},        "vertical_landscape":{"aspect_ratio":1.6, "original_ratio":1,"original_scale":0.604,"top_margin":0.2596,"left_margin":0.2624},        "horizontal_landscape":{"aspect_ratio":1.6, "original_ratio":1,"original_scale":0.604,"top_margin":0.213,"left_margin":0.3758}      },      "outer":{        "vertical_portrait":{"aspect_ratio":0.626, "original_ratio":1,"original_scale":0.74,"top_margin":0.0753,"left_margin":-1},        "horizontal_portrait":{"aspect_ratio":0.626, "original_ratio":1,"original_scale":0.5756,"top_margin":-1,"left_margin":0.0753},        "vertical_landscape":{"aspect_ratio":1.6, "original_ratio":0.6847,"original_scale":0.587,"top_margin":0.0753,"left_margin":-1},        "horizontal_landscape":{"aspect_ratio":1.6, "original_ratio":0.6847,"original_scale":0.587,"top_margin":-1,"left_margin":0.0753}}    },    "mini_freeform_args":{      "inner":{        "vertical_portrait":{"aspect_ratio":0.626, "original_ratio":0.147},        "horizontal_portrait":{"aspect_ratio":0.626, "original_ratio":0.147},        "vertical_landscape":{"aspect_ratio":1.6, "original_ratio":0.165},        "horizontal_landscape":{"aspect_ratio":1.6, "original_ratio":0.165}      },      "outer":{        "vertical_portrait":{"aspect_ratio":0.626, "original_ratio":0.26},        "horizontal_portrait":{"aspect_ratio":0.626, "original_ratio":0.26},        "vertical_landscape":{"aspect_ratio":1.6, "original_ratio":0.293},        "horizontal_landscape":{"aspect_ratio":1.6, "original_ratio":0.293}}    }  },  "wide_default":{    "freeform_args": {        "vertical_portrait":{"aspect_ratio":0.625, "original_ratio":0.5806,"original_scale":0.7574,"top_margin":0.125,"left_margin":0.392},        "horizontal_portrait":{"aspect_ratio":0.625, "original_ratio":0.5806,"original_scale":0.7574,"top_margin":-1,"left_margin":0.6415},        "vertical_landscape":{"aspect_ratio":1.6, "original_ratio":1,"original_scale":0.5153,"top_margin":0.125,"left_margin":0.206},        "horizontal_landscape":{"aspect_ratio":1.6, "original_ratio":1,"original_scale":0.5153,"top_margin":-1,"left_margin":0.456}    },    "mini_freeform_args":{        "vertical_portrait":{"aspect_ratio":0.5625, "original_ratio":0.144},        "horizontal_portrait":{"aspect_ratio":0.5625, "original_ratio":0.144},        "vertical_landscape":{"aspect_ratio":-1, "original_ratio":0.144},        "horizontal_landscape":{"aspect_ratio":-1, "original_ratio":0.144}    }  },  "narrow_default": {    "freeform_args": {        "vertical_portrait":{"aspect_ratio":0.5625, "original_ratio":1,"original_scale":0.7182,"top_margin":0.142,"left_margin":-1},        "horizontal_portrait":{"aspect_ratio":0.8, "original_ratio":1,"original_scale":0.7182,"top_margin":-1,"left_margin":0.05},        "vertical_landscape":{"aspect_ratio":1.6, "original_ratio":0.6545,"original_scale":0.4473,"top_margin":0.142,"left_margin":-1},        "horizontal_landscape":{"aspect_ratio":1.6, "original_ratio":0.6545,"original_scale":0.4473,"top_margin":-1,"left_margin":0.05}    },    "mini_freeform_args":{        "vertical_portrait":{"aspect_ratio":0.5625, "original_ratio":0.3},        "horizontal_portrait":{"aspect_ratio":0.5625, "original_ratio":0.3},        "vertical_landscape":{"aspect_ratio":1.7778, "original_ratio":0.3},        "horizontal_landscape":{"aspect_ratio":1.7778, "original_ratio":0.3}    }  },  "regular_default": {    "freeform_args": {      "vertical_portrait":{"aspect_ratio":0.625, "original_ratio":1,"original_scale":0.7,"top_margin":0.109,"left_margin":-1},      "horizontal_portrait":{"aspect_ratio":0.6667, "original_ratio":1,"original_scale":0.6102,"top_margin":-1,"left_margin":0.026},      "vertical_landscape":{"asp
E/MiuiMultiWindowUtils(26170): initFreeFormResolutionArgs failed, device is lime
D/IS_CTS_MODE(26170): true
D/MULTI_WINDOW_SWITCH_ENABLED(26170): false
D/IS_CTS_MODE(26170): true
D/MULTI_WINDOW_SWITCH_ENABLED(26170): false
D/IS_CTS_MODE(26170): true
D/MULTI_WINDOW_SWITCH_ENABLED(26170): false
D/DecorView[](26170): getWindowModeFromSystem  windowmode is 1
I/ForceDarkHelperStubImpl(26170): setViewRootImplForceDark: false for com.example.benchmark_container.MainActivity@e6f428d, reason: AppDarkModeEnable
I/ForceDarkHelperStubImpl(26170): setViewRootImplForceDark: false for com.example.benchmark_container.MainActivity@e6f428d, reason: AppDarkModeEnable
D/DecorView[](26170): getWindowModeFromSystem  windowmode is 1
D/DecorView[](26170): updateDecorCaptionStatus displayWindowDecor is false
W/Looper  (26170): PerfMonitor looperActivity : package=com.example.benchmark_container/.MainActivity time=413ms latency=399ms running=0ms  procState=-1  historyMsgCount=2 (msgIndex=1 wall=413ms seq=4 late=399ms h=android.app.ActivityThread$H w=159) (msgIndex=2 wall=410ms seq=3 h=android.app.ActivityThread$H w=110)
W/Looper  (26170): PerfMonitor looperActivity : package=com.example.benchmark_container/.MainActivity time=1ms latency=811ms running=0ms  procState=-1  historyMsgCount=4 (msgIndex=2 wall=413ms seq=4 late=399ms h=android.app.ActivityThread$H w=159) (msgIndex=3 wall=410ms seq=3 h=android.app.ActivityThread$H w=110) (msgIndex=4 wall=413ms seq=4 late=399ms h=android.app.ActivityThread$H w=159)
D/SurfaceView(26170): UPDATE null, mIsCastMode = false
D/hw-ProcessState(26170): Binder ioctl to enable oneway spam detection failed: Invalid argument
W/Looper  (26170): PerfMonitor longMsg : seq=8 plan=02:48:41.804 late=424ms wall=1680ms running=0ms h=android.view.Choreographer$FrameHandler c=android.view.Choreographer$FrameDisplayEventReceiver procState=-1
W/Looper  (26170): PerfMonitor doFrame : time=1680ms vsyncFrame=0 latency=424ms procState=-1 historyMsgCount=7 (msgIndex=2 wall=413ms seq=4 h=android.app.ActivityThread$H w=159) (msgIndex=3 wall=1680ms seq=8 late=424ms h=android.view.Choreographer$FrameHandler c=android.view.Choreographer$FrameDisplayEventReceiver) (msgIndex=4 wall=413ms seq=4 h=android.app.ActivityThread$H w=159)
I/Choreographer(26170): Skipped 95 frames!  The application may be doing too much work on its main thread.
D/SurfaceView(26170): UPDATE Surface(name=SurfaceView[com.example.benchmark_container/com.example.benchmark_container.MainActivity])/@0xca20cbb, mIsProjectionMode = false
W/Looper  (26170): PerfMonitor doFrame : time=3ms vsyncFrame=0 latency=1595ms procState=-1 historyMsgCount=4
[spm]: Connected to Dart VM service.
I/flutter (26170): 00:00 +0: Performance Benchmark
E/hmark_containe(26170): open libmigui.so failed! dlopen - dlopen failed: library "libmigui.so" not found
D/hmark_containe(26170): MiuiProcessManagerServiceStub setSchedFifo
I/MiuiProcessManagerImpl(26170): setSchedFifo pid:26170, mode:3
D/DecorView[](26170): onWindowFocusChanged hasWindowFocus true
D/DecorView[](26170): getWindowModeFromSystem  windowmode is 1
D/DecorView[](26170): updateDecorCaptionStatus displayWindowDecor is false
D/ProfileInstaller(26170): Installing profile for com.example.benchmark_container
I/flutter (26170): [SPM:perf] 698a51a  buildSpan: 3571µs
[spm]: ProfilerData event received.
I/flutter (26170): [spm] Performance monitoring completed for 698a51a
[spm]: ProfilerData event received.
I/flutter (26170): [SPM:perf] 698a51a  buildSpan: 11841µs
I/flutter (26170): [spm] Performance monitoring completed for 698a51a
I/flutter (26170): [SPM:perf] 698a51a  buildSpan: 4588µs
I/flutter (26170): [spm] Performance monitoring completed for 698a51a
[spm]: ProfilerData event received.
[spm]: ProfilerData event received.
I/flutter (26170): [SPM:perf] 698a51a  buildSpan: 3556µs
I/flutter (26170): [spm] Performance monitoring completed for 698a51a
[spm]: ProfilerData event received.
I/flutter (26170): [SPM:perf] 698a51a  buildSpan: 3898µs
I/flutter (26170): [spm] Performance monitoring completed for 698a51a
[spm]: ProfilerData event received.
I/flutter (26170): [SPM:perf] 698a51a  buildSpan: 3107µs
I/flutter (26170): [spm] Performance monitoring completed for 698a51a
I/flutter (26170): [SPM:perf] 698a51a  buildSpan: 3186µs
[spm]: ProfilerData event received.
I/flutter (26170): [spm] Performance monitoring completed for 698a51a
[spm]: ProfilerData event received.
I/flutter (26170): [SPM:perf] 698a51a  buildSpan: 3848µs
I/flutter (26170): [spm] Performance monitoring completed for 698a51a
[spm]: ProfilerData event received.
I/flutter (26170): [SPM:perf] 698a51a  buildSpan: 4053µs
I/flutter (26170): [spm] Performance monitoring completed for 698a51a
[spm]: ProfilerData event received.
I/flutter (26170): [SPM:perf] 698a51a  buildSpan: 3946µs
I/flutter (26170): [spm] Performance monitoring completed for 698a51a
[spm]: ProfilerData event received.
I/flutter (26170): [SPM:perf] 698a51a  buildSpan: 4236µs
I/flutter (26170): [spm] Performance monitoring completed for 698a51a
[spm]: ProfilerData event received.
I/flutter (26170): [SPM:perf] 698a51a  buildSpan: 2988µs
I/flutter (26170): [spm] Performance monitoring completed for 698a51a
[spm]: ProfilerData event received.
I/flutter (26170): [SPM:perf] 698a51a  buildSpan: 3868µs
I/flutter (26170): [spm] Performance monitoring completed for 698a51a
[spm]: ProfilerData event received.
I/flutter (26170): [SPM:perf] 698a51a  buildSpan: 3911µs
I/flutter (26170): [spm] Performance monitoring completed for 698a51a
[spm]: ProfilerData event received.
I/flutter (26170): [SPM:perf] 698a51a  buildSpan: 4116µs
I/flutter (26170): [spm] Performance monitoring completed for 698a51a
[spm]: ProfilerData event received.
I/flutter (26170): [SPM:perf] 698a51a  buildSpan: 4148µs
I/flutter (26170): [spm] Performance monitoring completed for 698a51a
[spm]: ProfilerData event received.
I/flutter (26170): [SPM:perf] 698a51a  buildSpan: 2767µs
I/flutter (26170): [spm] Performance monitoring completed for 698a51a
I/flutter (26170): [SPM:perf] 698a51a  buildSpan: 3531µs
I/flutter (26170): [spm] Performance monitoring completed for 698a51a
[spm]: ProfilerData event received.
I/flutter (26170): [SPM:perf] 698a51a  buildSpan: 3998µs
[spm]: ProfilerData event received.
I/flutter (26170): [spm] Performance monitoring completed for 698a51a
[spm]: ProfilerData event received.
I/flutter (26170): [SPM:perf] 698a51a  buildSpan: 3899µs
I/flutter (26170): [spm] Performance monitoring completed for 698a51a
[spm]: ProfilerData event received.
I/flutter (26170): [SPM:perf] 698a51a  buildSpan: 3896µs
I/flutter (26170): [spm] Performance monitoring completed for 698a51a
[spm]: ProfilerData event received.
I/flutter (26170): [SPM:perf] 698a51a  buildSpan: 3919µs
I/flutter (26170): [spm] Performance monitoring completed for 698a51a
[spm]: ProfilerData event received.
I/flutter (26170): [SPM:perf] 698a51a  buildSpan: 3206µs
I/flutter (26170): [spm] Performance monitoring completed for 698a51a
I/flutter (26170): [SPM:perf] 698a51a  buildSpan: 3957µs
I/flutter (26170): [spm] Performance monitoring completed for 698a51a
[spm]: ProfilerData event received.
[spm]: ProfilerData event received.
I/flutter (26170): [SPM:perf] 698a51a  buildSpan: 3945µs
I/flutter (26170): [spm] Performance monitoring completed for 698a51a
[spm]: ProfilerData event received.
I/flutter (26170): [SPM:perf] 698a51a  buildSpan: 3866µs
I/flutter (26170): [spm] Performance monitoring completed for 698a51a
[spm]: ProfilerData event received.
I/flutter (26170): [SPM:perf] 698a51a  buildSpan: 4023µs
I/flutter (26170): [spm] Performance monitoring completed for 698a51a
[spm]: ProfilerData event received.
I/flutter (26170): [SPM:perf] 698a51a  buildSpan: 3360µs
I/flutter (26170): [spm] Performance monitoring completed for 698a51a
I/flutter (26170): [SPM:perf] 698a51a  buildSpan: 3918µs
I/flutter (26170): [spm] Performance monitoring completed for 698a51a
[spm]: ProfilerData event received.
[spm]: ProfilerData event received.
I/flutter (26170): [SPM:perf] 698a51a  buildSpan: 3990µs
I/flutter (26170): [spm] Performance monitoring completed for 698a51a
I/flutter (26170): 01:12 +1: (tearDownAll)
I/flutter (26170): 01:13 +2: All tests passed!
I/Choreographer(26170): Skipped 61 frames!  The application may be doing too much work on its main thread.
W/Looper  (26170): PerfMonitor doFrame : time=4ms vsyncFrame=0 latency=1023ms procState=-1 historyMsgCount=6
I/OpenGLRenderer(26170): Davey! duration=1030ms; Flags=0, FrameTimelineVsyncId=10426321, IntendedVsync=290827068127616, Vsync=290828084794242, InputEventId=0, HandleInputStart=290828092860932, AnimationStart=290828092874057, PerformTraversalsStart=290828092878536, DrawStart=290828094041296, FrameDeadline=290827084794282, FrameInterval=290828092091140, FrameStartTime=16666666, SyncQueued=290828094526869, SyncStart=290828094655880, IssueDrawCommandsStart=290828094768796, SwapBuffers=290828096180307, FrameCompleted=290828098383275, DequeueBufferDuration=44844, QueueBufferDuration=1326562, GpuCompleted=290828098383275, SwapBuffersCompleted=290828098383275, DisplayPresentTime=231657436349793076, 
[SPM:shot] wrote <ROOT>/dataset-new_samples/0856/redmi9t/shots/0856__rev_001_a8208431.png (130862 bytes)
All tests passed.
[spm]: Saved 30 profiler events to <ROOT>/dataset-new_samples/0856/redmi9t/raw/20260912-024504/rev_001_a8208431/e14.jsonl
[spm]: Reverting injection...
3 issues found. (ran in 0.8s)
WARNING: Your Android app project: app located at: <ROOT>/android/app/build.gradle.kts
applies the Kotlin Gradle Plugin, which will cause build failures in future versions of Flutter. 
Please migrate your app to Built-in Kotlin using this guide: https://docs.flutter.dev/release/breaking-changes/migrate-to-built-in-kotlin/for-app-developers

VMServiceFlutterDriver: Connecting to Flutter application at http://127.0.0.1:43919/IZfHf8kkxTk=/
[spm]: Detected VM service URI: ws://127.0.0.1:43919/IZfHf8kkxTk=/ws
VMServiceFlutterDriver: Isolate found with number: 99529174742743
VMServiceFlutterDriver: Isolate 99529174742743 is runnable.
VMServiceFlutterDriver: Isolate is paused at start.
VMServiceFlutterDriver: Attempting to resume isolate
VMServiceFlutterDriver: Connected to Flutter application.
VMServiceFlutterDriver: request_data message is taking a long time to complete...