# sample_id=2987/rev_002_43588307 exec_index=5 ok=True perf_lines=30 vm_events=30 battery_pct=50 soc_temp_millic=39500 battery_temp_c=30.9 charging=False preflight_started=2026-09-14T18:43:09.565225+00:00 started=2026-09-14T18:43:12.241472+00:00 ts=2026-09-14T18:45:12.696340+00:00
[spm]: Running flutter analyze...
Resolving dependencies...
Downloading packages...
  _fe_analyzer_shared 100.0.0 (108.0.0 available)
  analyzer 13.0.0 (14.4.0 available)
  async 2.13.0 (2.13.1 available)
  clock 1.1.2 (1.1.3 available)
  cupertino_icons 1.0.8 (1.0.9 available)
  glob 2.1.3 (2.2.0 available)
  lints 6.0.0 (6.1.0 available)
  matcher 0.12.19 (0.12.20 available)
  material_color_utilities 0.13.0 (0.13.1 available)
  meta 1.18.0 (1.19.0 available)
  package_config 2.2.0 (3.0.0 available)
  platform 3.1.6 (3.2.0 available)
  process 5.0.5 (5.0.6 available)
  pub_semver 2.2.0 (2.2.1 available)
  source_span 1.10.1 (1.10.2 available)
  stack_trace 1.12.1 (1.12.2 available)
  test_api 0.7.11 (0.7.14 available)
  vector_math 2.2.0 (2.4.2 available)
  vm_service 15.0.2 (15.3.0 available)
  webdriver 3.1.0 (3.2.0 available)
  yaml 3.1.3 (3.1.4 available)
Got dependencies!
21 packages have newer versions incompatible with dependency constraints.
Try `flutter pub outdated` for more information.
Analyzing lib...                                                

   info • The part-of directive uses a library name. Try converting the directive to use the URI of the library • lib/dependencies.dart:46:1 • use_string_in_part_of_directives
   info • Unnecessary 'late' modifier. Try removing the 'late' • lib/dependencies.dart:54:1 • unnecessary_late
   info • Library names are not necessary. Remove the library name • lib/generated_widget.dart:2:9 • unnecessary_library_name

[spm]: Injecting profiler code...
[spm]: Starting app...
Running Gradle task 'assembleProfile'...                        
Running Gradle task 'assembleProfile'...                           19.2s
✓ Built build/app/outputs/flutter-apk/app-profile.apk (26.8MB)
Installing build/app/outputs/flutter-apk/app-profile.apk...      1,191ms
E/MiuiMultiWindowUtils(25109): initFreeFormResolutionArgs failed, device is lime
D/IS_CTS_MODE(25109): true
D/MULTI_WINDOW_SWITCH_ENABLED(25109): false
D/IS_CTS_MODE(25109): true
D/MULTI_WINDOW_SWITCH_ENABLED(25109): false
D/IS_CTS_MODE(25109): true
D/MULTI_WINDOW_SWITCH_ENABLED(25109): false
D/DecorView[](25109): getWindowModeFromSystem  windowmode is 1
D/DecorView[](25109): getWindowModeFromSystem  windowmode is 1
D/DecorView[](25109): updateDecorCaptionStatus displayWindowDecor is false
W/Looper  (25109): PerfMonitor looperActivity : package=com.example.benchmark_container/.MainActivity time=487ms latency=415ms running=0ms  procState=-1  historyMsgCount=3 (msgIndex=1 wall=487ms seq=4 late=415ms h=android.app.ActivityThread$H w=159) (msgIndex=3 wall=414ms seq=3 h=android.app.ActivityThread$H w=110)
W/Looper  (25109): PerfMonitor looperActivity : package=com.example.benchmark_container/.MainActivity time=1ms latency=904ms running=0ms  procState=-1  historyMsgCount=4 (msgIndex=1 wall=487ms seq=4 late=415ms h=android.app.ActivityThread$H w=159) (msgIndex=3 wall=414ms seq=3 h=android.app.ActivityThread$H w=110) (msgIndex=4 wall=487ms seq=4 late=415ms h=android.app.ActivityThread$H w=159)
I/Choreographer(25109): Skipped 30 frames!  The application may be doing too much work on its main thread.
D/SurfaceView(25109): UPDATE null, mIsCastMode = false
D/hw-ProcessState(25109): Binder ioctl to enable oneway spam detection failed: Invalid argument
W/Looper  (25109): PerfMonitor longMsg : seq=8 plan=21:43:48.319 late=505ms wall=1850ms running=0ms h=android.view.Choreographer$FrameHandler c=android.view.Choreographer$FrameDisplayEventReceiver procState=-1
W/Looper  (25109): PerfMonitor doFrame : time=1850ms vsyncFrame=0 latency=505ms procState=-1 historyMsgCount=7 (msgIndex=1 wall=487ms seq=4 h=android.app.ActivityThread$H w=159) (msgIndex=3 wall=1850ms seq=8 late=505ms h=android.view.Choreographer$FrameHandler c=android.view.Choreographer$FrameDisplayEventReceiver) (msgIndex=4 wall=487ms seq=4 h=android.app.ActivityThread$H w=159)
I/Choreographer(25109): Skipped 103 frames!  The application may be doing too much work on its main thread.
D/SurfaceView(25109): UPDATE Surface(name=SurfaceView[com.example.benchmark_container/com.example.benchmark_container.MainActivity])/@0x739554a, mIsProjectionMode = false
W/Looper  (25109): PerfMonitor doFrame : time=4ms vsyncFrame=0 latency=1729ms procState=-1 historyMsgCount=5
[spm]: Connected to Dart VM service.
I/flutter (25109): 00:00 +0: Performance Benchmark
E/hmark_containe(25109): open libmigui.so failed! dlopen - dlopen failed: library "libmigui.so" not found
D/hmark_containe(25109): MiuiProcessManagerServiceStub setSchedFifo
I/MiuiProcessManagerImpl(25109): setSchedFifo pid:25109, mode:3
D/DecorView[](25109): onWindowFocusChanged hasWindowFocus true
D/DecorView[](25109): getWindowModeFromSystem  windowmode is 1
D/DecorView[](25109): updateDecorCaptionStatus displayWindowDecor is false
D/ProfileInstaller(25109): Installing profile for com.example.benchmark_container
[spm]: ProfilerData event received.
I/flutter (25109): [SPM:perf] 698a51a  buildSpan: 574µs
I/flutter (25109): [spm] Performance monitoring completed for 698a51a
[spm]: ProfilerData event received.
I/flutter (25109): [SPM:perf] 698a51a  buildSpan: 619µs
I/flutter (25109): [spm] Performance monitoring completed for 698a51a
[spm]: ProfilerData event received.
I/flutter (25109): [SPM:perf] 698a51a  buildSpan: 651µs
I/flutter (25109): [spm] Performance monitoring completed for 698a51a
[spm]: ProfilerData event received.
I/flutter (25109): [SPM:perf] 698a51a  buildSpan: 549µs
I/flutter (25109): [spm] Performance monitoring completed for 698a51a
[spm]: ProfilerData event received.
I/flutter (25109): [SPM:perf] 698a51a  buildSpan: 616µs
I/flutter (25109): [spm] Performance monitoring completed for 698a51a
[spm]: ProfilerData event received.
I/flutter (25109): [SPM:perf] 698a51a  buildSpan: 631µs
I/flutter (25109): [spm] Performance monitoring completed for 698a51a
[spm]: ProfilerData event received.
I/flutter (25109): [SPM:perf] 698a51a  buildSpan: 533µs
I/flutter (25109): [spm] Performance monitoring completed for 698a51a
I/flutter (25109): [SPM:perf] 698a51a  buildSpan: 512µs
I/flutter (25109): [spm] Performance monitoring completed for 698a51a
[spm]: ProfilerData event received.
I/flutter (25109): [SPM:perf] 698a51a  buildSpan: 822µs
I/flutter (25109): [spm] Performance monitoring completed for 698a51a
[spm]: ProfilerData event received.
[spm]: ProfilerData event received.
I/flutter (25109): [SPM:perf] 698a51a  buildSpan: 689µs
I/flutter (25109): [spm] Performance monitoring completed for 698a51a
I/flutter (25109): [SPM:perf] 698a51a  buildSpan: 581µs
I/flutter (25109): [spm] Performance monitoring completed for 698a51a
[spm]: ProfilerData event received.
[spm]: ProfilerData event received.
I/flutter (25109): [SPM:perf] 698a51a  buildSpan: 448µs
I/flutter (25109): [spm] Performance monitoring completed for 698a51a
[spm]: ProfilerData event received.
I/flutter (25109): [SPM:perf] 698a51a  buildSpan: 457µs
I/flutter (25109): [spm] Performance monitoring completed for 698a51a
I/flutter (25109): [SPM:perf] 698a51a  buildSpan: 856µs
I/flutter (25109): [spm] Performance monitoring completed for 698a51a
[spm]: ProfilerData event received.
[spm]: ProfilerData event received.
I/flutter (25109): [SPM:perf] 698a51a  buildSpan: 643µs
I/flutter (25109): [spm] Performance monitoring completed for 698a51a
I/flutter (25109): [SPM:perf] 698a51a  buildSpan: 829µs
I/flutter (25109): [spm] Performance monitoring completed for 698a51a
[spm]: ProfilerData event received.
I/flutter (25109): [SPM:perf] 698a51a  buildSpan: 727µs
I/flutter (25109): [spm] Performance monitoring completed for 698a51a
[spm]: ProfilerData event received.
[spm]: ProfilerData event received.
I/flutter (25109): [SPM:perf] 698a51a  buildSpan: 571µs
I/flutter (25109): [spm] Performance monitoring completed for 698a51a
[spm]: ProfilerData event received.
I/flutter (25109): [SPM:perf] 698a51a  buildSpan: 532µs
I/flutter (25109): [spm] Performance monitoring completed for 698a51a
[spm]: ProfilerData event received.
I/flutter (25109): [SPM:perf] 698a51a  buildSpan: 621µs
I/flutter (25109): [spm] Performance monitoring completed for 698a51a
[spm]: ProfilerData event received.
I/flutter (25109): [SPM:perf] 698a51a  buildSpan: 791µs
I/flutter (25109): [spm] Performance monitoring completed for 698a51a
[spm]: ProfilerData event received.
I/flutter (25109): [SPM:perf] 698a51a  buildSpan: 650µs
I/flutter (25109): [spm] Performance monitoring completed for 698a51a
I/flutter (25109): [SPM:perf] 698a51a  buildSpan: 654µs
[spm]: ProfilerData event received.
I/flutter (25109): [spm] Performance monitoring completed for 698a51a
I/flutter (25109): [SPM:perf] 698a51a  buildSpan: 511µs
I/flutter (25109): [spm] Performance monitoring completed for 698a51a
[spm]: ProfilerData event received.
[spm]: ProfilerData event received.
I/flutter (25109): [SPM:perf] 698a51a  buildSpan: 845µs
I/flutter (25109): [spm] Performance monitoring completed for 698a51a
[spm]: ProfilerData event received.
I/flutter (25109): [SPM:perf] 698a51a  buildSpan: 556µs
I/flutter (25109): [spm] Performance monitoring completed for 698a51a
[spm]: ProfilerData event received.
I/flutter (25109): [SPM:perf] 698a51a  buildSpan: 512µs
I/flutter (25109): [spm] Performance monitoring completed for 698a51a
[spm]: ProfilerData event received.
I/flutter (25109): [SPM:perf] 698a51a  buildSpan: 601µs
I/flutter (25109): [spm] Performance monitoring completed for 698a51a
[spm]: ProfilerData event received.
I/flutter (25109): [SPM:perf] 698a51a  buildSpan: 458µs
I/flutter (25109): [spm] Performance monitoring completed for 698a51a
[spm]: ProfilerData event received.
I/flutter (25109): [SPM:perf] 698a51a  buildSpan: 819µs
I/flutter (25109): [spm] Performance monitoring completed for 698a51a
I/flutter (25109): 01:10 +1: (tearDownAll)
I/flutter (25109): 01:11 +2: All tests passed!
All tests passed.
[spm]: Saved 30 profiler events to <ROOT>/dataset-new_samples/2987/redmi9t/raw/20260913-234351/rev_002_43588307/e5.jsonl
[spm]: Reverting injection...
3 issues found. (ran in 0.5s)
WARNING: Your Android app project: app located at: <ROOT>/android/app/build.gradle.kts
applies the Kotlin Gradle Plugin, which will cause build failures in future versions of Flutter. 
Please migrate your app to Built-in Kotlin using this guide: https://docs.flutter.dev/release/breaking-changes/migrate-to-built-in-kotlin/for-app-developers

VMServiceFlutterDriver: Connecting to Flutter application at http://127.0.0.1:46379/jKVl7vLeLtM=/
[spm]: Detected VM service URI: ws://127.0.0.1:46379/jKVl7vLeLtM=/ws
VMServiceFlutterDriver: Isolate found with number: 60562070834807
VMServiceFlutterDriver: Isolate 60562070834807 is runnable.
VMServiceFlutterDriver: Isolate is paused at start.
VMServiceFlutterDriver: Attempting to resume isolate
VMServiceFlutterDriver: Connected to Flutter application.
VMServiceFlutterDriver: request_data message is taking a long time to complete...