# sample_id=0455/rev_002_9ee5d23d exec_index=4 ok=True perf_lines=30 vm_events=30 battery_pct=49 soc_temp_millic=39500 battery_temp_c=32.0 charging=False preflight_started=2026-09-10T15:24:04.207527+00:00 started=2026-09-10T15:24:06.953200+00:00 ts=2026-09-10T15:26:09.211368+00:00
[spm]: Running flutter analyze...
Analyzing lib...                                                

   info • The part-of directive uses a library name. Try converting the directive to use the URI of the library • lib/dependencies.dart:46:1 • use_string_in_part_of_directives
   info • The type parameter name 'State' matches a visible type name. Try changing the type parameter name to not match an existing type • lib/dependencies.dart:89:19 • avoid_types_as_parameter_names
   info • Constructors in '@immutable' classes should be declared as 'const'. Try adding 'const' to the constructor declaration • lib/dependencies.dart:145:3 • prefer_const_constructors_in_immutables
   info • Constructors in '@immutable' classes should be declared as 'const'. Try adding 'const' to the constructor declaration • lib/dependencies.dart:166:3 • prefer_const_constructors_in_immutables
   info • Constructors in '@immutable' classes should be declared as 'const'. Try adding 'const' to the constructor declaration • lib/dependencies.dart:187:3 • prefer_const_constructors_in_immutables
   info • Constructors in '@immutable' classes should be declared as 'const'. Try adding 'const' to the constructor declaration • lib/dependencies.dart:206:3 • prefer_const_constructors_in_immutables
   info • Constructors in '@immutable' classes should be declared as 'const'. Try adding 'const' to the constructor declaration • lib/dependencies.dart:225:3 • prefer_const_constructors_in_immutables
   info • Library names are not necessary. Remove the library name • lib/generated_widget.dart:2:9 • unnecessary_library_name
   info • Constructors in '@immutable' classes should be declared as 'const'. Try adding 'const' to the constructor declaration • lib/generated_widget.dart:11:3 • prefer_const_constructors_in_immutables
warning • The value of the local variable 'todos' isn't used. Try removing the variable or using it • lib/generated_widget.dart:28:11 • unused_local_variable

[spm]: Injecting profiler code...
[spm]: Starting app...
Running Gradle task 'assembleProfile'...                        
Running Gradle task 'assembleProfile'...                           20.4s
✓ Built build/app/outputs/flutter-apk/app-profile.apk (26.8MB)
Installing build/app/outputs/flutter-apk/app-profile.apk...      1,284ms
D/DecorView[](25937): getWindowModeFromSystem  windowmode is 1
I/ForceDarkHelperStubImpl(25937): setViewRootImplForceDark: false for com.example.benchmark_container.MainActivity@e6f428d, reason: AppDarkModeEnable
I/ForceDarkHelperStubImpl(25937): setViewRootImplForceDark: false for com.example.benchmark_container.MainActivity@e6f428d, reason: AppDarkModeEnable
D/DecorView[](25937): getWindowModeFromSystem  windowmode is 1
D/DecorView[](25937): updateDecorCaptionStatus displayWindowDecor is false
W/Looper  (25937): PerfMonitor looperActivity : package=com.example.benchmark_container/.MainActivity time=348ms latency=379ms running=0ms  procState=-1  historyMsgCount=3 (msgIndex=3 wall=375ms seq=3 h=android.app.ActivityThread$H w=110)
W/Looper  (25937): PerfMonitor looperActivity : package=com.example.benchmark_container/.MainActivity time=0ms latency=728ms running=0ms  procState=-1  historyMsgCount=4 (msgIndex=3 wall=375ms seq=3 h=android.app.ActivityThread$H w=110) (msgIndex=4 wall=348ms seq=4 late=379ms h=android.app.ActivityThread$H w=159)
D/SurfaceView(25937): UPDATE null, mIsCastMode = false
D/hw-ProcessState(25937): Binder ioctl to enable oneway spam detection failed: Invalid argument
W/Looper  (25937): PerfMonitor longMsg : seq=8 plan=18:24:44.869 late=357ms wall=1653ms running=0ms h=android.view.Choreographer$FrameHandler c=android.view.Choreographer$FrameDisplayEventReceiver procState=-1
W/Looper  (25937): PerfMonitor doFrame : time=1653ms vsyncFrame=0 latency=357ms procState=-1 historyMsgCount=6 (msgIndex=2 wall=1653ms seq=8 late=357ms h=android.view.Choreographer$FrameHandler c=android.view.Choreographer$FrameDisplayEventReceiver) (msgIndex=3 wall=348ms seq=4 h=android.app.ActivityThread$H w=159)
I/Choreographer(25937): Skipped 93 frames!  The application may be doing too much work on its main thread.
D/SurfaceView(25937): UPDATE Surface(name=SurfaceView[com.example.benchmark_container/com.example.benchmark_container.MainActivity])/@0xca20cbb, mIsProjectionMode = false
W/Looper  (25937): PerfMonitor doFrame : time=3ms vsyncFrame=0 latency=1566ms procState=-1 historyMsgCount=4
[spm]: Connected to Dart VM service.
I/flutter (25937): 00:00 +0: Performance Benchmark
E/hmark_containe(25937): open libmigui.so failed! dlopen - dlopen failed: library "libmigui.so" not found
D/hmark_containe(25937): MiuiProcessManagerServiceStub setSchedFifo
I/MiuiProcessManagerImpl(25937): setSchedFifo pid:25937, mode:3
D/DecorView[](25937): onWindowFocusChanged hasWindowFocus true
D/DecorView[](25937): getWindowModeFromSystem  windowmode is 1
D/DecorView[](25937): updateDecorCaptionStatus displayWindowDecor is false
D/ProfileInstaller(25937): Installing profile for com.example.benchmark_container
[spm]: ProfilerData event received.
I/flutter (25937): [SPM:perf] 698a51a  buildSpan: 989µs
I/flutter (25937): [spm] Performance monitoring completed for 698a51a
[spm]: ProfilerData event received.
I/flutter (25937): [SPM:perf] 698a51a  buildSpan: 1021µs
I/flutter (25937): [spm] Performance monitoring completed for 698a51a
[spm]: ProfilerData event received.
I/flutter (25937): [SPM:perf] 698a51a  buildSpan: 659µs
I/flutter (25937): [spm] Performance monitoring completed for 698a51a
[spm]: ProfilerData event received.
I/flutter (25937): [SPM:perf] 698a51a  buildSpan: 815µs
I/flutter (25937): [spm] Performance monitoring completed for 698a51a
I/flutter (25937): [SPM:perf] 698a51a  buildSpan: 784µs
[spm]: ProfilerData event received.
I/flutter (25937): [spm] Performance monitoring completed for 698a51a
[spm]: ProfilerData event received.
I/flutter (25937): [SPM:perf] 698a51a  buildSpan: 974µs
I/flutter (25937): [spm] Performance monitoring completed for 698a51a
I/flutter (25937): [SPM:perf] 698a51a  buildSpan: 1014µs
I/flutter (25937): [spm] Performance monitoring completed for 698a51a
[spm]: ProfilerData event received.
[spm]: ProfilerData event received.
I/flutter (25937): [SPM:perf] 698a51a  buildSpan: 692µs
I/flutter (25937): [spm] Performance monitoring completed for 698a51a
[spm]: ProfilerData event received.
I/flutter (25937): [SPM:perf] 698a51a  buildSpan: 769µs
I/flutter (25937): [spm] Performance monitoring completed for 698a51a
[spm]: ProfilerData event received.
I/flutter (25937): [SPM:perf] 698a51a  buildSpan: 780µs
I/flutter (25937): [spm] Performance monitoring completed for 698a51a
[spm]: ProfilerData event received.
I/flutter (25937): [SPM:perf] 698a51a  buildSpan: 1117µs
I/flutter (25937): [spm] Performance monitoring completed for 698a51a
[spm]: ProfilerData event received.
I/flutter (25937): [SPM:perf] 698a51a  buildSpan: 759µs
I/flutter (25937): [spm] Performance monitoring completed for 698a51a
[spm]: ProfilerData event received.
I/flutter (25937): [SPM:perf] 698a51a  buildSpan: 561µs
I/flutter (25937): [spm] Performance monitoring completed for 698a51a
[spm]: ProfilerData event received.
I/flutter (25937): [SPM:perf] 698a51a  buildSpan: 917µs
I/flutter (25937): [spm] Performance monitoring completed for 698a51a
I/flutter (25937): [SPM:perf] 698a51a  buildSpan: 591µs
I/flutter (25937): [spm] Performance monitoring completed for 698a51a
[spm]: ProfilerData event received.
[spm]: ProfilerData event received.
I/flutter (25937): [SPM:perf] 698a51a  buildSpan: 618µs
I/flutter (25937): [spm] Performance monitoring completed for 698a51a
[spm]: ProfilerData event received.
I/flutter (25937): [SPM:perf] 698a51a  buildSpan: 864µs
I/flutter (25937): [spm] Performance monitoring completed for 698a51a
I/flutter (25937): [SPM:perf] 698a51a  buildSpan: 477µs
I/flutter (25937): [spm] Performance monitoring completed for 698a51a
[spm]: ProfilerData event received.
I/flutter (25937): [SPM:perf] 698a51a  buildSpan: 802µs
I/flutter (25937): [spm] Performance monitoring completed for 698a51a
[spm]: ProfilerData event received.
[spm]: ProfilerData event received.
I/flutter (25937): [SPM:perf] 698a51a  buildSpan: 784µs
I/flutter (25937): [spm] Performance monitoring completed for 698a51a
I/flutter (25937): [SPM:perf] 698a51a  buildSpan: 778µs
I/flutter (25937): [spm] Performance monitoring completed for 698a51a
[spm]: ProfilerData event received.
[spm]: ProfilerData event received.
I/flutter (25937): [SPM:perf] 698a51a  buildSpan: 826µs
I/flutter (25937): [spm] Performance monitoring completed for 698a51a
[spm]: ProfilerData event received.
I/flutter (25937): [SPM:perf] 698a51a  buildSpan: 759µs
I/flutter (25937): [spm] Performance monitoring completed for 698a51a
[spm]: ProfilerData event received.
I/flutter (25937): [SPM:perf] 698a51a  buildSpan: 796µs
I/flutter (25937): [spm] Performance monitoring completed for 698a51a
[spm]: ProfilerData event received.
I/flutter (25937): [SPM:perf] 698a51a  buildSpan: 762µs
I/flutter (25937): [spm] Performance monitoring completed for 698a51a
I/flutter (25937): [SPM:perf] 698a51a  buildSpan: 760µs
I/flutter (25937): [spm] Performance monitoring completed for 698a51a
[spm]: ProfilerData event received.
I/flutter (25937): [SPM:perf] 698a51a  buildSpan: 784µs
[spm]: ProfilerData event received.
I/flutter (25937): [spm] Performance monitoring completed for 698a51a
[spm]: ProfilerData event received.
I/flutter (25937): [SPM:perf] 698a51a  buildSpan: 5064µs
I/flutter (25937): [spm] Performance monitoring completed for 698a51a
[spm]: ProfilerData event received.
I/flutter (25937): [SPM:perf] 698a51a  buildSpan: 864µs
I/flutter (25937): [spm] Performance monitoring completed for 698a51a
[spm]: ProfilerData event received.
I/flutter (25937): [SPM:perf] 698a51a  buildSpan: 979µs
I/flutter (25937): [spm] Performance monitoring completed for 698a51a
I/flutter (25937): 01:10 +1: (tearDownAll)
I/flutter (25937): 01:11 +2: All tests passed!
All tests passed.
[spm]: Saved 30 profiler events to <ROOT>/dataset-new_samples/0455/redmi9t/raw/20260910-180223/rev_002_9ee5d23d/e4.jsonl
[spm]: Reverting injection...
10 issues found. (ran in 0.7s)
WARNING: Your Android app project: app located at: <ROOT>/android/app/build.gradle.kts
applies the Kotlin Gradle Plugin, which will cause build failures in future versions of Flutter. 
Please migrate your app to Built-in Kotlin using this guide: https://docs.flutter.dev/release/breaking-changes/migrate-to-built-in-kotlin/for-app-developers

VMServiceFlutterDriver: Connecting to Flutter application at http://127.0.0.1:34263/0Pj340EzxBA=/
[spm]: Detected VM service URI: ws://127.0.0.1:34263/0Pj340EzxBA=/ws
VMServiceFlutterDriver: Isolate found with number: 2895615426485303
VMServiceFlutterDriver: Isolate 2895615426485303 is runnable.
VMServiceFlutterDriver: Isolate is paused at start.
VMServiceFlutterDriver: Attempting to resume isolate
VMServiceFlutterDriver: Connected to Flutter application.
VMServiceFlutterDriver: request_data message is taking a long time to complete...