# sample_id=0455/rev_002_9ee5d23d exec_index=7 ok=True perf_lines=30 vm_events=30 battery_pct=47 soc_temp_millic=41100 battery_temp_c=32.0 charging=False preflight_started=2026-09-10T15:48:58.774711+00:00 started=2026-09-10T15:49:01.536562+00:00 ts=2026-09-10T15:50:44.693032+00:00
[spm]: Running flutter analyze...
Analyzing lib...                                                

   info • The part-of directive uses a library name. Try converting the directive to use the URI of the library • lib/dependencies.dart:46:1 • use_string_in_part_of_directives
   info • The type parameter name 'State' matches a visible type name. Try changing the type parameter name to not match an existing type • lib/dependencies.dart:89:19 • avoid_types_as_parameter_names
   info • Constructors in '@immutable' classes should be declared as 'const'. Try adding 'const' to the constructor declaration • lib/dependencies.dart:145:3 • prefer_const_constructors_in_immutables
   info • Constructors in '@immutable' classes should be declared as 'const'. Try adding 'const' to the constructor declaration • lib/dependencies.dart:166:3 • prefer_const_constructors_in_immutables
   info • Constructors in '@immutable' classes should be declared as 'const'. Try adding 'const' to the constructor declaration • lib/dependencies.dart:187:3 • prefer_const_constructors_in_immutables
   info • Constructors in '@immutable' classes should be declared as 'const'. Try adding 'const' to the constructor declaration • lib/dependencies.dart:206:3 • prefer_const_constructors_in_immutables
   info • Constructors in '@immutable' classes should be declared as 'const'. Try adding 'const' to the constructor declaration • lib/dependencies.dart:225:3 • prefer_const_constructors_in_immutables
   info • Library names are not necessary. Remove the library name • lib/generated_widget.dart:2:9 • unnecessary_library_name
   info • Constructors in '@immutable' classes should be declared as 'const'. Try adding 'const' to the constructor declaration • lib/generated_widget.dart:11:3 • prefer_const_constructors_in_immutables
warning • The value of the local variable 'todos' isn't used. Try removing the variable or using it • lib/generated_widget.dart:28:11 • unused_local_variable

[spm]: Injecting profiler code...
[spm]: Starting app...
Running Gradle task 'assembleProfile'...                        
Running Gradle task 'assembleProfile'...                         1,827ms
✓ Built build/app/outputs/flutter-apk/app-profile.apk (26.8MB)
Installing build/app/outputs/flutter-apk/app-profile.apk...      1,238ms
D/IS_CTS_MODE( 8014): true
D/MULTI_WINDOW_SWITCH_ENABLED( 8014): false
D/IS_CTS_MODE( 8014): true
D/MULTI_WINDOW_SWITCH_ENABLED( 8014): false
D/DecorView[]( 8014): getWindowModeFromSystem  windowmode is 1
I/ForceDarkHelperStubImpl( 8014): setViewRootImplForceDark: false for com.example.benchmark_container.MainActivity@e6f428d, reason: AppDarkModeEnable
I/ForceDarkHelperStubImpl( 8014): setViewRootImplForceDark: false for com.example.benchmark_container.MainActivity@e6f428d, reason: AppDarkModeEnable
D/DecorView[]( 8014): getWindowModeFromSystem  windowmode is 1
D/DecorView[]( 8014): updateDecorCaptionStatus displayWindowDecor is false
W/Looper  ( 8014): PerfMonitor looperActivity : package=com.example.benchmark_container/.MainActivity time=354ms latency=334ms running=0ms  procState=-1  historyMsgCount=3 (msgIndex=1 wall=381ms seq=3 h=android.app.ActivityThread$H w=110) (msgIndex=2 wall=381ms seq=3 h=android.app.ActivityThread$H w=110) (msgIndex=3 wall=381ms seq=3 h=android.app.ActivityThread$H w=110)
W/Looper  ( 8014): PerfMonitor looperActivity : package=com.example.benchmark_container/.MainActivity time=0ms latency=690ms running=0ms  procState=-1  historyMsgCount=4 (msgIndex=1 wall=381ms seq=3 h=android.app.ActivityThread$H w=110) (msgIndex=2 wall=381ms seq=3 h=android.app.ActivityThread$H w=110) (msgIndex=3 wall=381ms seq=3 h=android.app.ActivityThread$H w=110) (msgIndex=4 wall=354ms seq=4 late=334ms h=android.app.ActivityThread$H w=159)
D/SurfaceView( 8014): UPDATE null, mIsCastMode = false
D/hw-ProcessState( 8014): Binder ioctl to enable oneway spam detection failed: Invalid argument
W/Looper  ( 8014): PerfMonitor longMsg : seq=8 plan=18:49:20.482 late=364ms wall=1706ms running=0ms h=android.view.Choreographer$FrameHandler c=android.view.Choreographer$FrameDisplayEventReceiver procState=-1
W/Looper  ( 8014): PerfMonitor doFrame : time=1706ms vsyncFrame=0 latency=364ms procState=-1 historyMsgCount=7 (msgIndex=1 wall=1706ms seq=8 late=364ms h=android.view.Choreographer$FrameHandler c=android.view.Choreographer$FrameDisplayEventReceiver) (msgIndex=2 wall=1706ms seq=8 late=364ms h=android.view.Choreographer$FrameHandler c=android.view.Choreographer$FrameDisplayEventReceiver) (msgIndex=3 wall=1706ms seq=8 late=364ms h=android.view.Choreographer$FrameHandler c=android.view.Choreographer$FrameDisplayEventReceiver) (msgIndex=4 wall=354ms seq=4 h=android.app.ActivityThread$H w=159)
I/Choreographer( 8014): Skipped 96 frames!  The application may be doing too much work on its main thread.
D/SurfaceView( 8014): UPDATE Surface(name=SurfaceView[com.example.benchmark_container/com.example.benchmark_container.MainActivity])/@0xca20cbb, mIsProjectionMode = false
W/Looper  ( 8014): PerfMonitor doFrame : time=3ms vsyncFrame=0 latency=1610ms procState=-1 historyMsgCount=4
[spm]: Connected to Dart VM service.
I/flutter ( 8014): 00:00 +0: Performance Benchmark
E/hmark_containe( 8014): open libmigui.so failed! dlopen - dlopen failed: library "libmigui.so" not found
D/hmark_containe( 8014): MiuiProcessManagerServiceStub setSchedFifo
I/MiuiProcessManagerImpl( 8014): setSchedFifo pid:8014, mode:3
D/DecorView[]( 8014): onWindowFocusChanged hasWindowFocus true
D/DecorView[]( 8014): getWindowModeFromSystem  windowmode is 1
D/DecorView[]( 8014): updateDecorCaptionStatus displayWindowDecor is false
D/ProfileInstaller( 8014): Installing profile for com.example.benchmark_container
[spm]: ProfilerData event received.
I/flutter ( 8014): [SPM:perf] 698a51a  buildSpan: 779µs
I/flutter ( 8014): [spm] Performance monitoring completed for 698a51a
[spm]: ProfilerData event received.
I/flutter ( 8014): [SPM:perf] 698a51a  buildSpan: 885µs
I/flutter ( 8014): [spm] Performance monitoring completed for 698a51a
[spm]: ProfilerData event received.
I/flutter ( 8014): [SPM:perf] 698a51a  buildSpan: 767µs
I/flutter ( 8014): [spm] Performance monitoring completed for 698a51a
[spm]: ProfilerData event received.
I/flutter ( 8014): [SPM:perf] 698a51a  buildSpan: 843µs
I/flutter ( 8014): [spm] Performance monitoring completed for 698a51a
[spm]: ProfilerData event received.
I/flutter ( 8014): [SPM:perf] 698a51a  buildSpan: 424µs
I/flutter ( 8014): [spm] Performance monitoring completed for 698a51a
[spm]: ProfilerData event received.
I/flutter ( 8014): [SPM:perf] 698a51a  buildSpan: 742µs
I/flutter ( 8014): [spm] Performance monitoring completed for 698a51a
[spm]: ProfilerData event received.
I/flutter ( 8014): [SPM:perf] 698a51a  buildSpan: 494µs
I/flutter ( 8014): [spm] Performance monitoring completed for 698a51a
[spm]: ProfilerData event received.
I/flutter ( 8014): [SPM:perf] 698a51a  buildSpan: 609µs
I/flutter ( 8014): [spm] Performance monitoring completed for 698a51a
[spm]: ProfilerData event received.
I/flutter ( 8014): [SPM:perf] 698a51a  buildSpan: 610µs
I/flutter ( 8014): [spm] Performance monitoring completed for 698a51a
[spm]: ProfilerData event received.
I/flutter ( 8014): [SPM:perf] 698a51a  buildSpan: 975µs
I/flutter ( 8014): [spm] Performance monitoring completed for 698a51a
[spm]: ProfilerData event received.
I/flutter ( 8014): [SPM:perf] 698a51a  buildSpan: 1007µs
I/flutter ( 8014): [spm] Performance monitoring completed for 698a51a
[spm]: ProfilerData event received.
I/flutter ( 8014): [SPM:perf] 698a51a  buildSpan: 592µs
I/flutter ( 8014): [spm] Performance monitoring completed for 698a51a
[spm]: ProfilerData event received.
I/flutter ( 8014): [SPM:perf] 698a51a  buildSpan: 824µs
I/flutter ( 8014): [spm] Performance monitoring completed for 698a51a
[spm]: ProfilerData event received.
I/flutter ( 8014): [SPM:perf] 698a51a  buildSpan: 596µs
I/flutter ( 8014): [spm] Performance monitoring completed for 698a51a
[spm]: ProfilerData event received.
I/flutter ( 8014): [SPM:perf] 698a51a  buildSpan: 771µs
I/flutter ( 8014): [spm] Performance monitoring completed for 698a51a
[spm]: ProfilerData event received.
I/flutter ( 8014): [SPM:perf] 698a51a  buildSpan: 707µs
I/flutter ( 8014): [spm] Performance monitoring completed for 698a51a
[spm]: ProfilerData event received.
I/flutter ( 8014): [SPM:perf] 698a51a  buildSpan: 713µs
I/flutter ( 8014): [spm] Performance monitoring completed for 698a51a
[spm]: ProfilerData event received.
I/flutter ( 8014): [SPM:perf] 698a51a  buildSpan: 807µs
I/flutter ( 8014): [spm] Performance monitoring completed for 698a51a
[spm]: ProfilerData event received.
I/flutter ( 8014): [SPM:perf] 698a51a  buildSpan: 831µs
I/flutter ( 8014): [spm] Performance monitoring completed for 698a51a
I/flutter ( 8014): [SPM:perf] 698a51a  buildSpan: 792µs
I/flutter ( 8014): [spm] Performance monitoring completed for 698a51a
[spm]: ProfilerData event received.
[spm]: ProfilerData event received.
I/flutter ( 8014): [SPM:perf] 698a51a  buildSpan: 792µs
I/flutter ( 8014): [spm] Performance monitoring completed for 698a51a
[spm]: ProfilerData event received.
I/flutter ( 8014): [SPM:perf] 698a51a  buildSpan: 653µs
I/flutter ( 8014): [spm] Performance monitoring completed for 698a51a
[spm]: ProfilerData event received.
I/flutter ( 8014): [SPM:perf] 698a51a  buildSpan: 585µs
I/flutter ( 8014): [spm] Performance monitoring completed for 698a51a
[spm]: ProfilerData event received.
I/flutter ( 8014): [SPM:perf] 698a51a  buildSpan: 999µs
I/flutter ( 8014): [spm] Performance monitoring completed for 698a51a
[spm]: ProfilerData event received.
I/flutter ( 8014): [SPM:perf] 698a51a  buildSpan: 963µs
I/flutter ( 8014): [spm] Performance monitoring completed for 698a51a
I/flutter ( 8014): [SPM:perf] 698a51a  buildSpan: 764µs
I/flutter ( 8014): [spm] Performance monitoring completed for 698a51a
[spm]: ProfilerData event received.
[spm]: ProfilerData event received.
I/flutter ( 8014): [SPM:perf] 698a51a  buildSpan: 870µs
I/flutter ( 8014): [spm] Performance monitoring completed for 698a51a
[spm]: ProfilerData event received.
I/flutter ( 8014): [SPM:perf] 698a51a  buildSpan: 5088µs
I/flutter ( 8014): [spm] Performance monitoring completed for 698a51a
I/flutter ( 8014): [SPM:perf] 698a51a  buildSpan: 835µs
[spm]: ProfilerData event received.
I/flutter ( 8014): [spm] Performance monitoring completed for 698a51a
[spm]: ProfilerData event received.
I/flutter ( 8014): [SPM:perf] 698a51a  buildSpan: 797µs
I/flutter ( 8014): [spm] Performance monitoring completed for 698a51a
I/flutter ( 8014): 01:10 +1: (tearDownAll)
I/flutter ( 8014): 01:11 +2: All tests passed!
All tests passed.
[spm]: Saved 30 profiler events to <ROOT>/dataset-new_samples/0455/redmi9t/raw/20260910-180223/rev_002_9ee5d23d/e7.jsonl
[spm]: Reverting injection...
10 issues found. (ran in 0.5s)
WARNING: Your Android app project: app located at: <ROOT>/android/app/build.gradle.kts
applies the Kotlin Gradle Plugin, which will cause build failures in future versions of Flutter. 
Please migrate your app to Built-in Kotlin using this guide: https://docs.flutter.dev/release/breaking-changes/migrate-to-built-in-kotlin/for-app-developers

VMServiceFlutterDriver: Connecting to Flutter application at http://127.0.0.1:38791/LJorEH3MCck=/
[spm]: Detected VM service URI: ws://127.0.0.1:38791/LJorEH3MCck=/ws
VMServiceFlutterDriver: Isolate found with number: 3837635260081275
VMServiceFlutterDriver: Isolate 3837635260081275 is runnable.
VMServiceFlutterDriver: Isolate is paused at start.
VMServiceFlutterDriver: Attempting to resume isolate
VMServiceFlutterDriver: Connected to Flutter application.
VMServiceFlutterDriver: request_data message is taking a long time to complete...