# sample_id=0344/rev_005_18c0a1e4 exec_index=11 ok=True perf_lines=30 vm_events=30 battery_pct=70 soc_temp_millic=47000 battery_temp_c=32.0 charging=False preflight_started=2026-09-09T17:40:35.791227+00:00 started=2026-09-09T17:40:38.162309+00:00 ts=2026-09-09T17:42:49.010926+00:00
[spm]: Running flutter analyze...
Analyzing lib...                                                

   info • The part-of directive uses a library name. Try converting the directive to use the URI of the library • lib/dependencies.dart:46:1 • use_string_in_part_of_directives
   info • The variable name 'EEEE' isn't a lowerCamelCase identifier. Try changing the name to follow the lowerCamelCase style • lib/dependencies.dart:104:14 • non_constant_identifier_names
   info • The variable name 'EEEEE' isn't a lowerCamelCase identifier. Try changing the name to follow the lowerCamelCase style • lib/dependencies.dart:105:14 • non_constant_identifier_names
   info • The variable name 'LLL' isn't a lowerCamelCase identifier. Try changing the name to follow the lowerCamelCase style • lib/dependencies.dart:106:14 • non_constant_identifier_names
   info • The variable name 'LLLL' isn't a lowerCamelCase identifier. Try changing the name to follow the lowerCamelCase style • lib/dependencies.dart:107:14 • non_constant_identifier_names
   info • The variable name 'Md' isn't a lowerCamelCase identifier. Try changing the name to follow the lowerCamelCase style • lib/dependencies.dart:109:14 • non_constant_identifier_names
   info • The variable name 'MEd' isn't a lowerCamelCase identifier. Try changing the name to follow the lowerCamelCase style • lib/dependencies.dart:110:14 • non_constant_identifier_names
   info • The variable name 'MMM' isn't a lowerCamelCase identifier. Try changing the name to follow the lowerCamelCase style • lib/dependencies.dart:111:14 • non_constant_identifier_names
   info • The variable name 'MMMd' isn't a lowerCamelCase identifier. Try changing the name to follow the lowerCamelCase style • lib/dependencies.dart:112:14 • non_constant_identifier_names
   info • The variable name 'MMMEd' isn't a lowerCamelCase identifier. Try changing the name to follow the lowerCamelCase style • lib/dependencies.dart:113:14 • non_constant_identifier_names
   info • The variable name 'MMMM' isn't a lowerCamelCase identifier. Try changing the name to follow the lowerCamelCase style • lib/dependencies.dart:114:14 • non_constant_identifier_names
   info • The variable name 'MMMMd' isn't a lowerCamelCase identifier. Try changing the name to follow the lowerCamelCase style • lib/dependencies.dart:115:14 • non_constant_identifier_names
   info • The variable name 'MMMMEEEEd' isn't a lowerCamelCase identifier. Try changing the name to follow the lowerCamelCase style • lib/dependencies.dart:116:14 • non_constant_identifier_names
   info • The variable name 'QQQ' isn't a lowerCamelCase identifier. Try changing the name to follow the lowerCamelCase style • lib/dependencies.dart:117:14 • non_constant_identifier_names
   info • The variable name 'QQQQ' isn't a lowerCamelCase identifier. Try changing the name to follow the lowerCamelCase style • lib/dependencies.dart:118:14 • non_constant_identifier_names
   info • The variable name 'Hm' isn't a lowerCamelCase identifier. Try changing the name to follow the lowerCamelCase style • lib/dependencies.dart:133:14 • non_constant_identifier_names
   info • The variable name 'Hms' isn't a lowerCamelCase identifier. Try changing the name to follow the lowerCamelCase style • lib/dependencies.dart:134:14 • non_constant_identifier_names
   info • Library names are not necessary. Remove the library name • lib/generated_widget.dart:2:9 • unnecessary_library_name
   info • Constructors in '@immutable' classes should be declared as 'const'. Try adding 'const' to the constructor declaration • lib/generated_widget.dart:11:3 • prefer_const_constructors_in_immutables

[spm]: Injecting profiler code...
[spm]: Starting app...
Running Gradle task 'assembleProfile'...                        
Running Gradle task 'assembleProfile'...                           25.2s
✓ Built build/app/outputs/flutter-apk/app-profile.apk (26.8MB)
Installing build/app/outputs/flutter-apk/app-profile.apk...        969ms
D/IS_CTS_MODE(20264): true
D/MULTI_WINDOW_SWITCH_ENABLED(20264): false
D/IS_CTS_MODE(20264): true
D/MULTI_WINDOW_SWITCH_ENABLED(20264): false
D/DecorView[](20264): getWindowModeFromSystem  windowmode is 1
I/ForceDarkHelperStubImpl(20264): setViewRootImplForceDark: false for com.example.benchmark_container.MainActivity@e6f428d, reason: AppDarkModeEnable
I/ForceDarkHelperStubImpl(20264): setViewRootImplForceDark: false for com.example.benchmark_container.MainActivity@e6f428d, reason: AppDarkModeEnable
D/DecorView[](20264): getWindowModeFromSystem  windowmode is 1
D/DecorView[](20264): updateDecorCaptionStatus displayWindowDecor is false
W/Looper  (20264): PerfMonitor looperActivity : package=com.example.benchmark_container/.MainActivity time=364ms latency=343ms running=0ms  procState=-1  historyMsgCount=3 (msgIndex=1 wall=349ms seq=3 h=android.app.ActivityThread$H w=110) (msgIndex=2 wall=349ms seq=3 h=android.app.ActivityThread$H w=110) (msgIndex=3 wall=349ms seq=3 h=android.app.ActivityThread$H w=110)
W/Looper  (20264): PerfMonitor looperActivity : package=com.example.benchmark_container/.MainActivity time=1ms latency=708ms running=0ms  procState=-1  historyMsgCount=4 (msgIndex=1 wall=349ms seq=3 h=android.app.ActivityThread$H w=110) (msgIndex=2 wall=349ms seq=3 h=android.app.ActivityThread$H w=110) (msgIndex=3 wall=349ms seq=3 h=android.app.ActivityThread$H w=110) (msgIndex=4 wall=364ms seq=4 h=android.app.ActivityThread$H w=159)
D/SurfaceView(20264): UPDATE null, mIsCastMode = false
D/hw-ProcessState(20264): Binder ioctl to enable oneway spam detection failed: Invalid argument
W/Looper  (20264): PerfMonitor longMsg : seq=8 plan=20:41:23.548 late=361ms wall=1683ms running=0ms h=android.view.Choreographer$FrameHandler c=android.view.Choreographer$FrameDisplayEventReceiver procState=-1
W/Looper  (20264): PerfMonitor doFrame : time=1683ms vsyncFrame=0 latency=361ms procState=-1 historyMsgCount=4 (msgIndex=1 wall=1683ms seq=8 late=361ms h=android.view.Choreographer$FrameHandler c=android.view.Choreographer$FrameDisplayEventReceiver)
I/Choreographer(20264): Skipped 95 frames!  The application may be doing too much work on its main thread.
D/SurfaceView(20264): UPDATE Surface(name=SurfaceView[com.example.benchmark_container/com.example.benchmark_container.MainActivity])/@0xca20cbb, mIsProjectionMode = false
W/Looper  (20264): PerfMonitor doFrame : time=3ms vsyncFrame=0 latency=1584ms procState=-1 historyMsgCount=4
[spm]: Connected to Dart VM service.
I/flutter (20264): 00:00 +0: Performance Benchmark
E/hmark_containe(20264): open libmigui.so failed! dlopen - dlopen failed: library "libmigui.so" not found
D/hmark_containe(20264): MiuiProcessManagerServiceStub setSchedFifo
I/MiuiProcessManagerImpl(20264): setSchedFifo pid:20264, mode:3
D/DecorView[](20264): onWindowFocusChanged hasWindowFocus true
D/DecorView[](20264): getWindowModeFromSystem  windowmode is 1
D/DecorView[](20264): updateDecorCaptionStatus displayWindowDecor is false
D/ProfileInstaller(20264): Installing profile for com.example.benchmark_container
[spm]: ProfilerData event received.
I/flutter (20264): [SPM:perf] 698a51a  buildSpan: 9674µs
I/flutter (20264): [spm] Performance monitoring completed for 698a51a
I/flutter (20264): [SPM:perf] 698a51a  buildSpan: 3479µs
I/flutter (20264): [spm] Performance monitoring completed for 698a51a
[spm]: ProfilerData event received.
[spm]: ProfilerData event received.
I/flutter (20264): [SPM:perf] 698a51a  buildSpan: 3779µs
I/flutter (20264): [spm] Performance monitoring completed for 698a51a
[spm]: ProfilerData event received.
I/flutter (20264): [SPM:perf] 698a51a  buildSpan: 3369µs
I/flutter (20264): [spm] Performance monitoring completed for 698a51a
[spm]: ProfilerData event received.
I/flutter (20264): [SPM:perf] 698a51a  buildSpan: 3401µs
I/flutter (20264): [spm] Performance monitoring completed for 698a51a
[spm]: ProfilerData event received.
I/flutter (20264): [SPM:perf] 698a51a  buildSpan: 3687µs
I/flutter (20264): [spm] Performance monitoring completed for 698a51a
[spm]: ProfilerData event received.
I/flutter (20264): [SPM:perf] 698a51a  buildSpan: 4011µs
I/flutter (20264): [spm] Performance monitoring completed for 698a51a
[spm]: ProfilerData event received.
I/flutter (20264): [SPM:perf] 698a51a  buildSpan: 3370µs
I/flutter (20264): [spm] Performance monitoring completed for 698a51a
[spm]: ProfilerData event received.
I/flutter (20264): [SPM:perf] 698a51a  buildSpan: 3489µs
I/flutter (20264): [spm] Performance monitoring completed for 698a51a
[spm]: ProfilerData event received.
I/flutter (20264): [SPM:perf] 698a51a  buildSpan: 3565µs
I/flutter (20264): [spm] Performance monitoring completed for 698a51a
[spm]: ProfilerData event received.
I/flutter (20264): [SPM:perf] 698a51a  buildSpan: 3449µs
I/flutter (20264): [spm] Performance monitoring completed for 698a51a
I/flutter (20264): [SPM:perf] 698a51a  buildSpan: 3483µs
[spm]: ProfilerData event received.
I/flutter (20264): [spm] Performance monitoring completed for 698a51a
[spm]: ProfilerData event received.
I/flutter (20264): [SPM:perf] 698a51a  buildSpan: 3467µs
I/flutter (20264): [spm] Performance monitoring completed for 698a51a
[spm]: ProfilerData event received.
I/flutter (20264): [SPM:perf] 698a51a  buildSpan: 3464µs
I/flutter (20264): [spm] Performance monitoring completed for 698a51a
[spm]: ProfilerData event received.
I/flutter (20264): [SPM:perf] 698a51a  buildSpan: 3768µs
I/flutter (20264): [spm] Performance monitoring completed for 698a51a
[spm]: ProfilerData event received.
I/flutter (20264): [SPM:perf] 698a51a  buildSpan: 3441µs
I/flutter (20264): [spm] Performance monitoring completed for 698a51a
[spm]: ProfilerData event received.
I/flutter (20264): [SPM:perf] 698a51a  buildSpan: 3360µs
I/flutter (20264): [spm] Performance monitoring completed for 698a51a
I/flutter (20264): [SPM:perf] 698a51a  buildSpan: 3433µs
I/flutter (20264): [spm] Performance monitoring completed for 698a51a
[spm]: ProfilerData event received.
[spm]: ProfilerData event received.
I/flutter (20264): [SPM:perf] 698a51a  buildSpan: 3601µs
I/flutter (20264): [spm] Performance monitoring completed for 698a51a
[spm]: ProfilerData event received.
I/flutter (20264): [SPM:perf] 698a51a  buildSpan: 3406µs
I/flutter (20264): [spm] Performance monitoring completed for 698a51a
[spm]: ProfilerData event received.
I/flutter (20264): [SPM:perf] 698a51a  buildSpan: 3414µs
I/flutter (20264): [spm] Performance monitoring completed for 698a51a
[spm]: ProfilerData event received.
I/flutter (20264): [SPM:perf] 698a51a  buildSpan: 3448µs
I/flutter (20264): [spm] Performance monitoring completed for 698a51a
[spm]: ProfilerData event received.
I/flutter (20264): [SPM:perf] 698a51a  buildSpan: 4315µs
I/flutter (20264): [spm] Performance monitoring completed for 698a51a
I/flutter (20264): [SPM:perf] 698a51a  buildSpan: 4011µs
I/flutter (20264): [spm] Performance monitoring completed for 698a51a
[spm]: ProfilerData event received.
[spm]: ProfilerData event received.
I/flutter (20264): [SPM:perf] 698a51a  buildSpan: 3645µs
I/flutter (20264): [spm] Performance monitoring completed for 698a51a
[spm]: ProfilerData event received.
I/flutter (20264): [SPM:perf] 698a51a  buildSpan: 3552µs
I/flutter (20264): [spm] Performance monitoring completed for 698a51a
[spm]: ProfilerData event received.
I/flutter (20264): [SPM:perf] 698a51a  buildSpan: 3832µs
I/flutter (20264): [spm] Performance monitoring completed for 698a51a
[spm]: ProfilerData event received.
I/flutter (20264): [SPM:perf] 698a51a  buildSpan: 4340µs
I/flutter (20264): [spm] Performance monitoring completed for 698a51a
[spm]: ProfilerData event received.
I/flutter (20264): [SPM:perf] 698a51a  buildSpan: 3736µs
I/flutter (20264): [spm] Performance monitoring completed for 698a51a
I/flutter (20264): [SPM:perf] 698a51a  buildSpan: 3455µs
I/flutter (20264): [spm] Performance monitoring completed for 698a51a
[spm]: ProfilerData event received.
I/flutter (20264): 01:10 +1: (tearDownAll)
I/flutter (20264): 01:11 +2: All tests passed!
All tests passed.
[spm]: Saved 30 profiler events to <ROOT>/dataset-new_samples/0344/redmi9t/raw/20260909-194357/rev_005_18c0a1e4/e11.jsonl
[spm]: Reverting injection...
19 issues found. (ran in 1.0s)
WARNING: Your Android app project: app located at: <ROOT>/android/app/build.gradle.kts
applies the Kotlin Gradle Plugin, which will cause build failures in future versions of Flutter. 
Please migrate your app to Built-in Kotlin using this guide: https://docs.flutter.dev/release/breaking-changes/migrate-to-built-in-kotlin/for-app-developers

VMServiceFlutterDriver: Connecting to Flutter application at http://127.0.0.1:36545/kBmJJb0SQt4=/
[spm]: Detected VM service URI: ws://127.0.0.1:36545/kBmJJb0SQt4=/ws
VMServiceFlutterDriver: Isolate found with number: 7152645883713123
VMServiceFlutterDriver: Isolate 7152645883713123 is runnable.
VMServiceFlutterDriver: Isolate is paused at start.
VMServiceFlutterDriver: Attempting to resume isolate
VMServiceFlutterDriver: Connected to Flutter application.
VMServiceFlutterDriver: request_data message is taking a long time to complete...