# sample_id=0344/rev_005_18c0a1e4 exec_index=4 ok=True perf_lines=30 vm_events=30 battery_pct=59 soc_temp_millic=42900 battery_temp_c=31.4 charging=False preflight_started=2026-09-09T19:17:30.923203+00:00 started=2026-09-09T19:17:33.290468+00:00 ts=2026-09-09T19:19:42.029060+00:00
[spm]: Running flutter analyze...
Analyzing lib...                                                

   info • The part-of directive uses a library name. Try converting the directive to use the URI of the library • lib/dependencies.dart:46:1 • use_string_in_part_of_directives
   info • The variable name 'EEEE' isn't a lowerCamelCase identifier. Try changing the name to follow the lowerCamelCase style • lib/dependencies.dart:104:14 • non_constant_identifier_names
   info • The variable name 'EEEEE' isn't a lowerCamelCase identifier. Try changing the name to follow the lowerCamelCase style • lib/dependencies.dart:105:14 • non_constant_identifier_names
   info • The variable name 'LLL' isn't a lowerCamelCase identifier. Try changing the name to follow the lowerCamelCase style • lib/dependencies.dart:106:14 • non_constant_identifier_names
   info • The variable name 'LLLL' isn't a lowerCamelCase identifier. Try changing the name to follow the lowerCamelCase style • lib/dependencies.dart:107:14 • non_constant_identifier_names
   info • The variable name 'Md' isn't a lowerCamelCase identifier. Try changing the name to follow the lowerCamelCase style • lib/dependencies.dart:109:14 • non_constant_identifier_names
   info • The variable name 'MEd' isn't a lowerCamelCase identifier. Try changing the name to follow the lowerCamelCase style • lib/dependencies.dart:110:14 • non_constant_identifier_names
   info • The variable name 'MMM' isn't a lowerCamelCase identifier. Try changing the name to follow the lowerCamelCase style • lib/dependencies.dart:111:14 • non_constant_identifier_names
   info • The variable name 'MMMd' isn't a lowerCamelCase identifier. Try changing the name to follow the lowerCamelCase style • lib/dependencies.dart:112:14 • non_constant_identifier_names
   info • The variable name 'MMMEd' isn't a lowerCamelCase identifier. Try changing the name to follow the lowerCamelCase style • lib/dependencies.dart:113:14 • non_constant_identifier_names
   info • The variable name 'MMMM' isn't a lowerCamelCase identifier. Try changing the name to follow the lowerCamelCase style • lib/dependencies.dart:114:14 • non_constant_identifier_names
   info • The variable name 'MMMMd' isn't a lowerCamelCase identifier. Try changing the name to follow the lowerCamelCase style • lib/dependencies.dart:115:14 • non_constant_identifier_names
   info • The variable name 'MMMMEEEEd' isn't a lowerCamelCase identifier. Try changing the name to follow the lowerCamelCase style • lib/dependencies.dart:116:14 • non_constant_identifier_names
   info • The variable name 'QQQ' isn't a lowerCamelCase identifier. Try changing the name to follow the lowerCamelCase style • lib/dependencies.dart:117:14 • non_constant_identifier_names
   info • The variable name 'QQQQ' isn't a lowerCamelCase identifier. Try changing the name to follow the lowerCamelCase style • lib/dependencies.dart:118:14 • non_constant_identifier_names
   info • The variable name 'Hm' isn't a lowerCamelCase identifier. Try changing the name to follow the lowerCamelCase style • lib/dependencies.dart:133:14 • non_constant_identifier_names
   info • The variable name 'Hms' isn't a lowerCamelCase identifier. Try changing the name to follow the lowerCamelCase style • lib/dependencies.dart:134:14 • non_constant_identifier_names
   info • Library names are not necessary. Remove the library name • lib/generated_widget.dart:2:9 • unnecessary_library_name
   info • Constructors in '@immutable' classes should be declared as 'const'. Try adding 'const' to the constructor declaration • lib/generated_widget.dart:11:3 • prefer_const_constructors_in_immutables

[spm]: Injecting profiler code...
[spm]: Starting app...
Running Gradle task 'assembleProfile'...                        
Running Gradle task 'assembleProfile'...                           24.5s
✓ Built build/app/outputs/flutter-apk/app-profile.apk (26.8MB)
Installing build/app/outputs/flutter-apk/app-profile.apk...        970ms
I/hmark_containe( 7454): hiddenapi: Accessing hidden method Landroid/view/accessibility/AccessibilityRecord;->getSourceNodeId()J (runtime_flags=0, domain=platform, api=unsupported) from Lio/flutter/view/AccessibilityViewEmbedder$ReflectionAccessors; (domain=app, TargetSdkVersion=36) using reflection: allowed
I/hmark_containe( 7454): hiddenapi: Accessing hidden field Landroid/view/accessibility/AccessibilityNodeInfo;->mChildNodeIds:Landroid/util/LongArray; (runtime_flags=0, domain=platform, api=unsupported) from Lio/flutter/view/AccessibilityViewEmbedder$ReflectionAccessors; (domain=app, TargetSdkVersion=36) using reflection: allowed
I/hmark_containe( 7454): hiddenapi: Accessing hidden method Landroid/util/LongArray;->get(I)J (runtime_flags=0, domain=platform, api=unsupported) from Lio/flutter/view/AccessibilityViewEmbedder$ReflectionAccessors; (domain=app, TargetSdkVersion=36) using reflection: allowed
D/MiuiMultiWindowUtils( 7454): freeform resolution args raw data:{  "zizhan":{    "freeform_args": {      "inner":{        "vertical_portrait":{"aspect_ratio":0.626, "original_ratio":0.5643,"original_scale":0.74,"top_margin":0.168,"left_margin":0.484},        "horizontal_portrait":{"aspect_ratio":0.626, "original_ratio":0.5643,"original_scale":0.74,"top_margin":0.1222,"left_margin":0.59745},        "vertical_landscape":{"aspect_ratio":1.6, "original_ratio":1,"original_scale":0.604,"top_margin":0.2596,"left_margin":0.2624},        "horizontal_landscape":{"aspect_ratio":1.6, "original_ratio":1,"original_scale":0.604,"top_margin":0.213,"left_margin":0.3758}      },      "outer":{        "vertical_portrait":{"aspect_ratio":0.626, "original_ratio":1,"original_scale":0.74,"top_margin":0.0753,"left_margin":-1},        "horizontal_portrait":{"aspect_ratio":0.626, "original_ratio":1,"original_scale":0.5756,"top_margin":-1,"left_margin":0.0753},        "vertical_landscape":{"aspect_ratio":1.6, "original_ratio":0.6847,"original_scale":0.587,"top_margin":0.0753,"left_margin":-1},        "horizontal_landscape":{"aspect_ratio":1.6, "original_ratio":0.6847,"original_scale":0.587,"top_margin":-1,"left_margin":0.0753}}    },    "mini_freeform_args":{      "inner":{        "vertical_portrait":{"aspect_ratio":0.626, "original_ratio":0.147},        "horizontal_portrait":{"aspect_ratio":0.626, "original_ratio":0.147},        "vertical_landscape":{"aspect_ratio":1.6, "original_ratio":0.165},        "horizontal_landscape":{"aspect_ratio":1.6, "original_ratio":0.165}      },      "outer":{        "vertical_portrait":{"aspect_ratio":0.626, "original_ratio":0.26},        "horizontal_portrait":{"aspect_ratio":0.626, "original_ratio":0.26},        "vertical_landscape":{"aspect_ratio":1.6, "original_ratio":0.293},        "horizontal_landscape":{"aspect_ratio":1.6, "original_ratio":0.293}}    }  },  "wide_default":{    "freeform_args": {        "vertical_portrait":{"aspect_ratio":0.625, "original_ratio":0.5806,"original_scale":0.7574,"top_margin":0.125,"left_margin":0.392},        "horizontal_portrait":{"aspect_ratio":0.625, "original_ratio":0.5806,"original_scale":0.7574,"top_margin":-1,"left_margin":0.6415},        "vertical_landscape":{"aspect_ratio":1.6, "original_ratio":1,"original_scale":0.5153,"top_margin":0.125,"left_margin":0.206},        "horizontal_landscape":{"aspect_ratio":1.6, "original_ratio":1,"original_scale":0.5153,"top_margin":-1,"left_margin":0.456}    },    "mini_freeform_args":{        "vertical_portrait":{"aspect_ratio":0.5625, "original_ratio":0.144},        "horizontal_portrait":{"aspect_ratio":0.5625, "original_ratio":0.144},        "vertical_landscape":{"aspect_ratio":-1, "original_ratio":0.144},        "horizontal_landscape":{"aspect_ratio":-1, "original_ratio":0.144}    }  },  "narrow_default": {    "freeform_args": {        "vertical_portrait":{"aspect_ratio":0.5625, "original_ratio":1,"original_scale":0.7182,"top_margin":0.142,"left_margin":-1},        "horizontal_portrait":{"aspect_ratio":0.8, "original_ratio":1,"original_scale":0.7182,"top_margin":-1,"left_margin":0.05},        "vertical_landscape":{"aspect_ratio":1.6, "original_ratio":0.6545,"original_scale":0.4473,"top_margin":0.142,"left_margin":-1},        "horizontal_landscape":{"aspect_ratio":1.6, "original_ratio":0.6545,"original_scale":0.4473,"top_margin":-1,"left_margin":0.05}    },    "mini_freeform_args":{        "vertical_portrait":{"aspect_ratio":0.5625, "original_ratio":0.3},        "horizontal_portrait":{"aspect_ratio":0.5625, "original_ratio":0.3},        "vertical_landscape":{"aspect_ratio":1.7778, "original_ratio":0.3},        "horizontal_landscape":{"aspect_ratio":1.7778, "original_ratio":0.3}    }  },  "regular_default": {    "freeform_args": {      "vertical_portrait":{"aspect_ratio":0.625, "original_ratio":1,"original_scale":0.7,"top_margin":0.109,"left_margin":-1},      "horizontal_portrait":{"aspect_ratio":0.6667, "original_ratio":1,"original_scale":0.6102,"top_margin":-1,"left_margin":0.026},      "vertical_landscape":{"asp
E/MiuiMultiWindowUtils( 7454): initFreeFormResolutionArgs failed, device is lime
D/IS_CTS_MODE( 7454): true
D/MULTI_WINDOW_SWITCH_ENABLED( 7454): false
D/IS_CTS_MODE( 7454): true
D/MULTI_WINDOW_SWITCH_ENABLED( 7454): false
D/IS_CTS_MODE( 7454): true
D/MULTI_WINDOW_SWITCH_ENABLED( 7454): false
D/DecorView[]( 7454): getWindowModeFromSystem  windowmode is 1
I/ForceDarkHelperStubImpl( 7454): setViewRootImplForceDark: false for com.example.benchmark_container.MainActivity@e6f428d, reason: AppDarkModeEnable
I/ForceDarkHelperStubImpl( 7454): setViewRootImplForceDark: false for com.example.benchmark_container.MainActivity@e6f428d, reason: AppDarkModeEnable
D/DecorView[]( 7454): getWindowModeFromSystem  windowmode is 1
D/DecorView[]( 7454): updateDecorCaptionStatus displayWindowDecor is false
W/Looper  ( 7454): PerfMonitor looperActivity : package=com.example.benchmark_container/.MainActivity time=476ms latency=428ms running=0ms  procState=-1  historyMsgCount=3 (msgIndex=1 wall=476ms seq=4 late=428ms h=android.app.ActivityThread$H w=159) (msgIndex=2 wall=476ms seq=4 late=428ms h=android.app.ActivityThread$H w=159) (msgIndex=3 wall=432ms seq=3 h=android.app.ActivityThread$H w=110)
W/Looper  ( 7454): PerfMonitor looperActivity : package=com.example.benchmark_container/.MainActivity time=1ms latency=906ms running=0ms  procState=-1  historyMsgCount=4 (msgIndex=1 wall=476ms seq=4 late=428ms h=android.app.ActivityThread$H w=159) (msgIndex=2 wall=476ms seq=4 late=428ms h=android.app.ActivityThread$H w=159) (msgIndex=3 wall=432ms seq=3 h=android.app.ActivityThread$H w=110) (msgIndex=4 wall=476ms seq=4 late=428ms h=android.app.ActivityThread$H w=159)
D/SurfaceView( 7454): UPDATE null, mIsCastMode = false
D/hw-ProcessState( 7454): Binder ioctl to enable oneway spam detection failed: Invalid argument
W/Looper  ( 7454): PerfMonitor longMsg : seq=8 plan=22:18:17.080 late=494ms wall=1715ms running=0ms h=android.view.Choreographer$FrameHandler c=android.view.Choreographer$FrameDisplayEventReceiver procState=-1
W/Looper  ( 7454): PerfMonitor doFrame : time=1715ms vsyncFrame=0 latency=494ms procState=-1 historyMsgCount=7 (msgIndex=1 wall=476ms seq=4 h=android.app.ActivityThread$H w=159) (msgIndex=2 wall=476ms seq=4 h=android.app.ActivityThread$H w=159) (msgIndex=3 wall=1715ms seq=8 late=494ms h=android.view.Choreographer$FrameHandler c=android.view.Choreographer$FrameDisplayEventReceiver) (msgIndex=4 wall=476ms seq=4 h=android.app.ActivityThread$H w=159)
I/Choreographer( 7454): Skipped 97 frames!  The application may be doing too much work on its main thread.
D/SurfaceView( 7454): UPDATE Surface(name=SurfaceView[com.example.benchmark_container/com.example.benchmark_container.MainActivity])/@0xca20cbb, mIsProjectionMode = false
W/Looper  ( 7454): PerfMonitor doFrame : time=2ms vsyncFrame=0 latency=1631ms procState=-1 historyMsgCount=4
[spm]: Connected to Dart VM service.
I/flutter ( 7454): 00:00 +0: Performance Benchmark
E/hmark_containe( 7454): open libmigui.so failed! dlopen - dlopen failed: library "libmigui.so" not found
D/hmark_containe( 7454): MiuiProcessManagerServiceStub setSchedFifo
I/MiuiProcessManagerImpl( 7454): setSchedFifo pid:7454, mode:3
D/DecorView[]( 7454): onWindowFocusChanged hasWindowFocus true
D/DecorView[]( 7454): getWindowModeFromSystem  windowmode is 1
D/DecorView[]( 7454): updateDecorCaptionStatus displayWindowDecor is false
D/ProfileInstaller( 7454): Installing profile for com.example.benchmark_container
[spm]: ProfilerData event received.
I/flutter ( 7454): [SPM:perf] 698a51a  buildSpan: 9629µs
I/flutter ( 7454): [spm] Performance monitoring completed for 698a51a
[spm]: ProfilerData event received.
I/flutter ( 7454): [SPM:perf] 698a51a  buildSpan: 3426µs
I/flutter ( 7454): [spm] Performance monitoring completed for 698a51a
[spm]: ProfilerData event received.
I/flutter ( 7454): [SPM:perf] 698a51a  buildSpan: 3557µs
I/flutter ( 7454): [spm] Performance monitoring completed for 698a51a
[spm]: ProfilerData event received.
I/flutter ( 7454): [SPM:perf] 698a51a  buildSpan: 3388µs
I/flutter ( 7454): [spm] Performance monitoring completed for 698a51a
[spm]: ProfilerData event received.
I/flutter ( 7454): [SPM:perf] 698a51a  buildSpan: 3493µs
I/flutter ( 7454): [spm] Performance monitoring completed for 698a51a
[spm]: ProfilerData event received.
I/flutter ( 7454): [SPM:perf] 698a51a  buildSpan: 3967µs
I/flutter ( 7454): [spm] Performance monitoring completed for 698a51a
[spm]: ProfilerData event received.
I/flutter ( 7454): [SPM:perf] 698a51a  buildSpan: 5461µs
I/flutter ( 7454): [spm] Performance monitoring completed for 698a51a
[spm]: ProfilerData event received.
I/flutter ( 7454): [SPM:perf] 698a51a  buildSpan: 4323µs
I/flutter ( 7454): [spm] Performance monitoring completed for 698a51a
[spm]: ProfilerData event received.
I/flutter ( 7454): [SPM:perf] 698a51a  buildSpan: 3596µs
I/flutter ( 7454): [spm] Performance monitoring completed for 698a51a
[spm]: ProfilerData event received.
I/flutter ( 7454): [SPM:perf] 698a51a  buildSpan: 4588µs
I/flutter ( 7454): [spm] Performance monitoring completed for 698a51a
[spm]: ProfilerData event received.
I/flutter ( 7454): [SPM:perf] 698a51a  buildSpan: 3413µs
I/flutter ( 7454): [spm] Performance monitoring completed for 698a51a
I/flutter ( 7454): [SPM:perf] 698a51a  buildSpan: 3378µs
I/flutter ( 7454): [spm] Performance monitoring completed for 698a51a
[spm]: ProfilerData event received.
[spm]: ProfilerData event received.
I/flutter ( 7454): [SPM:perf] 698a51a  buildSpan: 4419µs
I/flutter ( 7454): [spm] Performance monitoring completed for 698a51a
[spm]: ProfilerData event received.
I/flutter ( 7454): [SPM:perf] 698a51a  buildSpan: 4552µs
I/flutter ( 7454): [spm] Performance monitoring completed for 698a51a
[spm]: ProfilerData event received.
I/flutter ( 7454): [SPM:perf] 698a51a  buildSpan: 4080µs
I/flutter ( 7454): [spm] Performance monitoring completed for 698a51a
[spm]: ProfilerData event received.
I/flutter ( 7454): [SPM:perf] 698a51a  buildSpan: 3914µs
I/flutter ( 7454): [spm] Performance monitoring completed for 698a51a
[spm]: ProfilerData event received.
I/flutter ( 7454): [SPM:perf] 698a51a  buildSpan: 3332µs
I/flutter ( 7454): [spm] Performance monitoring completed for 698a51a
[spm]: ProfilerData event received.
I/flutter ( 7454): [SPM:perf] 698a51a  buildSpan: 3515µs
I/flutter ( 7454): [spm] Performance monitoring completed for 698a51a
[spm]: ProfilerData event received.
I/flutter ( 7454): [SPM:perf] 698a51a  buildSpan: 3358µs
I/flutter ( 7454): [spm] Performance monitoring completed for 698a51a
[spm]: ProfilerData event received.
I/flutter ( 7454): [SPM:perf] 698a51a  buildSpan: 3649µs
I/flutter ( 7454): [spm] Performance monitoring completed for 698a51a
[spm]: ProfilerData event received.
I/flutter ( 7454): [SPM:perf] 698a51a  buildSpan: 3415µs
I/flutter ( 7454): [spm] Performance monitoring completed for 698a51a
[spm]: ProfilerData event received.
I/flutter ( 7454): [SPM:perf] 698a51a  buildSpan: 4453µs
I/flutter ( 7454): [spm] Performance monitoring completed for 698a51a
[spm]: ProfilerData event received.
I/flutter ( 7454): [SPM:perf] 698a51a  buildSpan: 4026µs
I/flutter ( 7454): [spm] Performance monitoring completed for 698a51a
[spm]: ProfilerData event received.
I/flutter ( 7454): [SPM:perf] 698a51a  buildSpan: 4134µs
I/flutter ( 7454): [spm] Performance monitoring completed for 698a51a
[spm]: ProfilerData event received.
I/flutter ( 7454): [SPM:perf] 698a51a  buildSpan: 3420µs
I/flutter ( 7454): [spm] Performance monitoring completed for 698a51a
[spm]: ProfilerData event received.
I/flutter ( 7454): [SPM:perf] 698a51a  buildSpan: 3509µs
I/flutter ( 7454): [spm] Performance monitoring completed for 698a51a
I/flutter ( 7454): [SPM:perf] 698a51a  buildSpan: 3423µs
I/flutter ( 7454): [spm] Performance monitoring completed for 698a51a
[spm]: ProfilerData event received.
[spm]: ProfilerData event received.
I/flutter ( 7454): [SPM:perf] 698a51a  buildSpan: 3403µs
I/flutter ( 7454): [spm] Performance monitoring completed for 698a51a
I/flutter ( 7454): [SPM:perf] 698a51a  buildSpan: 3726µs
I/flutter ( 7454): [spm] Performance monitoring completed for 698a51a
[spm]: ProfilerData event received.
[spm]: ProfilerData event received.
I/flutter ( 7454): [SPM:perf] 698a51a  buildSpan: 3612µs
I/flutter ( 7454): [spm] Performance monitoring completed for 698a51a
I/flutter ( 7454): 01:10 +1: (tearDownAll)
I/flutter ( 7454): 01:11 +2: All tests passed!
All tests passed.
[spm]: Saved 30 profiler events to <ROOT>/dataset-new_samples/0344/redmi9t/raw/20260909-194357/rev_005_18c0a1e4/e4.jsonl
[spm]: Reverting injection...
19 issues found. (ran in 0.7s)
WARNING: Your Android app project: app located at: <ROOT>/android/app/build.gradle.kts
applies the Kotlin Gradle Plugin, which will cause build failures in future versions of Flutter. 
Please migrate your app to Built-in Kotlin using this guide: https://docs.flutter.dev/release/breaking-changes/migrate-to-built-in-kotlin/for-app-developers

VMServiceFlutterDriver: Connecting to Flutter application at http://127.0.0.1:33859/adsO4rQdW9c=/
[spm]: Detected VM service URI: ws://127.0.0.1:33859/adsO4rQdW9c=/ws
VMServiceFlutterDriver: Isolate found with number: 2765543721677471
VMServiceFlutterDriver: Isolate 2765543721677471 is runnable.
VMServiceFlutterDriver: Isolate is paused at start.
VMServiceFlutterDriver: Attempting to resume isolate
VMServiceFlutterDriver: Connected to Flutter application.
VMServiceFlutterDriver: request_data message is taking a long time to complete...