# sample_id=0344/rev_005_18c0a1e4 exec_index=5 ok=True perf_lines=30 vm_events=30 battery_pct=67 soc_temp_millic=43900 battery_temp_c=32.1 charging=False preflight_started=2026-09-09T18:07:59.639666+00:00 started=2026-09-09T18:08:02.029743+00:00 ts=2026-09-09T18:10:11.969798+00:00
[spm]: Running flutter analyze...
Analyzing lib...                                                

   info • The part-of directive uses a library name. Try converting the directive to use the URI of the library • lib/dependencies.dart:46:1 • use_string_in_part_of_directives
   info • The variable name 'EEEE' isn't a lowerCamelCase identifier. Try changing the name to follow the lowerCamelCase style • lib/dependencies.dart:104:14 • non_constant_identifier_names
   info • The variable name 'EEEEE' isn't a lowerCamelCase identifier. Try changing the name to follow the lowerCamelCase style • lib/dependencies.dart:105:14 • non_constant_identifier_names
   info • The variable name 'LLL' isn't a lowerCamelCase identifier. Try changing the name to follow the lowerCamelCase style • lib/dependencies.dart:106:14 • non_constant_identifier_names
   info • The variable name 'LLLL' isn't a lowerCamelCase identifier. Try changing the name to follow the lowerCamelCase style • lib/dependencies.dart:107:14 • non_constant_identifier_names
   info • The variable name 'Md' isn't a lowerCamelCase identifier. Try changing the name to follow the lowerCamelCase style • lib/dependencies.dart:109:14 • non_constant_identifier_names
   info • The variable name 'MEd' isn't a lowerCamelCase identifier. Try changing the name to follow the lowerCamelCase style • lib/dependencies.dart:110:14 • non_constant_identifier_names
   info • The variable name 'MMM' isn't a lowerCamelCase identifier. Try changing the name to follow the lowerCamelCase style • lib/dependencies.dart:111:14 • non_constant_identifier_names
   info • The variable name 'MMMd' isn't a lowerCamelCase identifier. Try changing the name to follow the lowerCamelCase style • lib/dependencies.dart:112:14 • non_constant_identifier_names
   info • The variable name 'MMMEd' isn't a lowerCamelCase identifier. Try changing the name to follow the lowerCamelCase style • lib/dependencies.dart:113:14 • non_constant_identifier_names
   info • The variable name 'MMMM' isn't a lowerCamelCase identifier. Try changing the name to follow the lowerCamelCase style • lib/dependencies.dart:114:14 • non_constant_identifier_names
   info • The variable name 'MMMMd' isn't a lowerCamelCase identifier. Try changing the name to follow the lowerCamelCase style • lib/dependencies.dart:115:14 • non_constant_identifier_names
   info • The variable name 'MMMMEEEEd' isn't a lowerCamelCase identifier. Try changing the name to follow the lowerCamelCase style • lib/dependencies.dart:116:14 • non_constant_identifier_names
   info • The variable name 'QQQ' isn't a lowerCamelCase identifier. Try changing the name to follow the lowerCamelCase style • lib/dependencies.dart:117:14 • non_constant_identifier_names
   info • The variable name 'QQQQ' isn't a lowerCamelCase identifier. Try changing the name to follow the lowerCamelCase style • lib/dependencies.dart:118:14 • non_constant_identifier_names
   info • The variable name 'Hm' isn't a lowerCamelCase identifier. Try changing the name to follow the lowerCamelCase style • lib/dependencies.dart:133:14 • non_constant_identifier_names
   info • The variable name 'Hms' isn't a lowerCamelCase identifier. Try changing the name to follow the lowerCamelCase style • lib/dependencies.dart:134:14 • non_constant_identifier_names
   info • Library names are not necessary. Remove the library name • lib/generated_widget.dart:2:9 • unnecessary_library_name
   info • Constructors in '@immutable' classes should be declared as 'const'. Try adding 'const' to the constructor declaration • lib/generated_widget.dart:11:3 • prefer_const_constructors_in_immutables

[spm]: Injecting profiler code...
[spm]: Starting app...
Running Gradle task 'assembleProfile'...                        
Running Gradle task 'assembleProfile'...                           24.7s
✓ Built build/app/outputs/flutter-apk/app-profile.apk (26.8MB)
Installing build/app/outputs/flutter-apk/app-profile.apk...        973ms
D/MiuiMultiWindowUtils(10260): freeform resolution args raw data:{  "zizhan":{    "freeform_args": {      "inner":{        "vertical_portrait":{"aspect_ratio":0.626, "original_ratio":0.5643,"original_scale":0.74,"top_margin":0.168,"left_margin":0.484},        "horizontal_portrait":{"aspect_ratio":0.626, "original_ratio":0.5643,"original_scale":0.74,"top_margin":0.1222,"left_margin":0.59745},        "vertical_landscape":{"aspect_ratio":1.6, "original_ratio":1,"original_scale":0.604,"top_margin":0.2596,"left_margin":0.2624},        "horizontal_landscape":{"aspect_ratio":1.6, "original_ratio":1,"original_scale":0.604,"top_margin":0.213,"left_margin":0.3758}      },      "outer":{        "vertical_portrait":{"aspect_ratio":0.626, "original_ratio":1,"original_scale":0.74,"top_margin":0.0753,"left_margin":-1},        "horizontal_portrait":{"aspect_ratio":0.626, "original_ratio":1,"original_scale":0.5756,"top_margin":-1,"left_margin":0.0753},        "vertical_landscape":{"aspect_ratio":1.6, "original_ratio":0.6847,"original_scale":0.587,"top_margin":0.0753,"left_margin":-1},        "horizontal_landscape":{"aspect_ratio":1.6, "original_ratio":0.6847,"original_scale":0.587,"top_margin":-1,"left_margin":0.0753}}    },    "mini_freeform_args":{      "inner":{        "vertical_portrait":{"aspect_ratio":0.626, "original_ratio":0.147},        "horizontal_portrait":{"aspect_ratio":0.626, "original_ratio":0.147},        "vertical_landscape":{"aspect_ratio":1.6, "original_ratio":0.165},        "horizontal_landscape":{"aspect_ratio":1.6, "original_ratio":0.165}      },      "outer":{        "vertical_portrait":{"aspect_ratio":0.626, "original_ratio":0.26},        "horizontal_portrait":{"aspect_ratio":0.626, "original_ratio":0.26},        "vertical_landscape":{"aspect_ratio":1.6, "original_ratio":0.293},        "horizontal_landscape":{"aspect_ratio":1.6, "original_ratio":0.293}}    }  },  "wide_default":{    "freeform_args": {        "vertical_portrait":{"aspect_ratio":0.625, "original_ratio":0.5806,"original_scale":0.7574,"top_margin":0.125,"left_margin":0.392},        "horizontal_portrait":{"aspect_ratio":0.625, "original_ratio":0.5806,"original_scale":0.7574,"top_margin":-1,"left_margin":0.6415},        "vertical_landscape":{"aspect_ratio":1.6, "original_ratio":1,"original_scale":0.5153,"top_margin":0.125,"left_margin":0.206},        "horizontal_landscape":{"aspect_ratio":1.6, "original_ratio":1,"original_scale":0.5153,"top_margin":-1,"left_margin":0.456}    },    "mini_freeform_args":{        "vertical_portrait":{"aspect_ratio":0.5625, "original_ratio":0.144},        "horizontal_portrait":{"aspect_ratio":0.5625, "original_ratio":0.144},        "vertical_landscape":{"aspect_ratio":-1, "original_ratio":0.144},        "horizontal_landscape":{"aspect_ratio":-1, "original_ratio":0.144}    }  },  "narrow_default": {    "freeform_args": {        "vertical_portrait":{"aspect_ratio":0.5625, "original_ratio":1,"original_scale":0.7182,"top_margin":0.142,"left_margin":-1},        "horizontal_portrait":{"aspect_ratio":0.8, "original_ratio":1,"original_scale":0.7182,"top_margin":-1,"left_margin":0.05},        "vertical_landscape":{"aspect_ratio":1.6, "original_ratio":0.6545,"original_scale":0.4473,"top_margin":0.142,"left_margin":-1},        "horizontal_landscape":{"aspect_ratio":1.6, "original_ratio":0.6545,"original_scale":0.4473,"top_margin":-1,"left_margin":0.05}    },    "mini_freeform_args":{        "vertical_portrait":{"aspect_ratio":0.5625, "original_ratio":0.3},        "horizontal_portrait":{"aspect_ratio":0.5625, "original_ratio":0.3},        "vertical_landscape":{"aspect_ratio":1.7778, "original_ratio":0.3},        "horizontal_landscape":{"aspect_ratio":1.7778, "original_ratio":0.3}    }  },  "regular_default": {    "freeform_args": {      "vertical_portrait":{"aspect_ratio":0.625, "original_ratio":1,"original_scale":0.7,"top_margin":0.109,"left_margin":-1},      "horizontal_portrait":{"aspect_ratio":0.6667, "original_ratio":1,"original_scale":0.6102,"top_margin":-1,"left_margin":0.026},      "vertical_landscape":{"asp
E/MiuiMultiWindowUtils(10260): initFreeFormResolutionArgs failed, device is lime
D/IS_CTS_MODE(10260): true
D/MULTI_WINDOW_SWITCH_ENABLED(10260): false
D/IS_CTS_MODE(10260): true
D/MULTI_WINDOW_SWITCH_ENABLED(10260): false
D/IS_CTS_MODE(10260): true
D/MULTI_WINDOW_SWITCH_ENABLED(10260): false
D/DecorView[](10260): getWindowModeFromSystem  windowmode is 1
I/ForceDarkHelperStubImpl(10260): setViewRootImplForceDark: false for com.example.benchmark_container.MainActivity@e6f428d, reason: AppDarkModeEnable
I/ForceDarkHelperStubImpl(10260): setViewRootImplForceDark: false for com.example.benchmark_container.MainActivity@e6f428d, reason: AppDarkModeEnable
D/DecorView[](10260): getWindowModeFromSystem  windowmode is 1
D/DecorView[](10260): updateDecorCaptionStatus displayWindowDecor is false
W/Looper  (10260): PerfMonitor looperActivity : package=com.example.benchmark_container/.MainActivity time=345ms latency=351ms running=0ms  procState=-1  historyMsgCount=3 (msgIndex=1 wall=345ms seq=4 late=351ms h=android.app.ActivityThread$H w=159) (msgIndex=2 wall=345ms seq=4 late=351ms h=android.app.ActivityThread$H w=159) (msgIndex=3 wall=354ms seq=3 h=android.app.ActivityThread$H w=110)
W/Looper  (10260): PerfMonitor looperActivity : package=com.example.benchmark_container/.MainActivity time=1ms latency=697ms running=0ms  procState=-1  historyMsgCount=4 (msgIndex=1 wall=345ms seq=4 h=android.app.ActivityThread$H w=159) (msgIndex=2 wall=345ms seq=4 h=android.app.ActivityThread$H w=159) (msgIndex=3 wall=354ms seq=3 h=android.app.ActivityThread$H w=110) (msgIndex=4 wall=345ms seq=4 h=android.app.ActivityThread$H w=159)
D/SurfaceView(10260): UPDATE null, mIsCastMode = false
D/hw-ProcessState(10260): Binder ioctl to enable oneway spam detection failed: Invalid argument
W/Looper  (10260): PerfMonitor longMsg : seq=8 plan=21:08:46.379 late=343ms wall=1711ms running=0ms h=android.view.Choreographer$FrameHandler c=android.view.Choreographer$FrameDisplayEventReceiver procState=-1
W/Looper  (10260): PerfMonitor doFrame : time=1711ms vsyncFrame=0 latency=343ms procState=-1 historyMsgCount=4 (msgIndex=1 wall=1711ms seq=8 late=343ms h=android.view.Choreographer$FrameHandler c=android.view.Choreographer$FrameDisplayEventReceiver)
I/Choreographer(10260): Skipped 97 frames!  The application may be doing too much work on its main thread.
D/SurfaceView(10260): UPDATE Surface(name=SurfaceView[com.example.benchmark_container/com.example.benchmark_container.MainActivity])/@0xca20cbb, mIsProjectionMode = false
W/Looper  (10260): PerfMonitor doFrame : time=2ms vsyncFrame=0 latency=1628ms procState=-1 historyMsgCount=4
[spm]: Connected to Dart VM service.
I/flutter (10260): 00:00 +0: Performance Benchmark
E/hmark_containe(10260): open libmigui.so failed! dlopen - dlopen failed: library "libmigui.so" not found
D/hmark_containe(10260): MiuiProcessManagerServiceStub setSchedFifo
I/MiuiProcessManagerImpl(10260): setSchedFifo pid:10260, mode:3
D/DecorView[](10260): onWindowFocusChanged hasWindowFocus true
D/DecorView[](10260): getWindowModeFromSystem  windowmode is 1
D/DecorView[](10260): updateDecorCaptionStatus displayWindowDecor is false
D/ProfileInstaller(10260): Installing profile for com.example.benchmark_container
I/flutter (10260): [SPM:perf] 698a51a  buildSpan: 10708µs
[spm]: ProfilerData event received.
I/flutter (10260): [spm] Performance monitoring completed for 698a51a
[spm]: ProfilerData event received.
I/flutter (10260): [SPM:perf] 698a51a  buildSpan: 3560µs
I/flutter (10260): [spm] Performance monitoring completed for 698a51a
[spm]: ProfilerData event received.
I/flutter (10260): [SPM:perf] 698a51a  buildSpan: 4331µs
I/flutter (10260): [spm] Performance monitoring completed for 698a51a
[spm]: ProfilerData event received.
I/flutter (10260): [SPM:perf] 698a51a  buildSpan: 4702µs
I/flutter (10260): [spm] Performance monitoring completed for 698a51a
[spm]: ProfilerData event received.
I/flutter (10260): [SPM:perf] 698a51a  buildSpan: 3979µs
I/flutter (10260): [spm] Performance monitoring completed for 698a51a
[spm]: ProfilerData event received.
I/flutter (10260): [SPM:perf] 698a51a  buildSpan: 3454µs
I/flutter (10260): [spm] Performance monitoring completed for 698a51a
I/flutter (10260): [SPM:perf] 698a51a  buildSpan: 3462µs
I/flutter (10260): [spm] Performance monitoring completed for 698a51a
[spm]: ProfilerData event received.
[spm]: ProfilerData event received.
I/flutter (10260): [SPM:perf] 698a51a  buildSpan: 4387µs
I/flutter (10260): [spm] Performance monitoring completed for 698a51a
[spm]: ProfilerData event received.
I/flutter (10260): [SPM:perf] 698a51a  buildSpan: 3430µs
I/flutter (10260): [spm] Performance monitoring completed for 698a51a
[spm]: ProfilerData event received.
I/flutter (10260): [SPM:perf] 698a51a  buildSpan: 3412µs
I/flutter (10260): [spm] Performance monitoring completed for 698a51a
I/flutter (10260): [SPM:perf] 698a51a  buildSpan: 3641µs
I/flutter (10260): [spm] Performance monitoring completed for 698a51a
[spm]: ProfilerData event received.
I/flutter (10260): [SPM:perf] 698a51a  buildSpan: 3371µs
I/flutter (10260): [spm] Performance monitoring completed for 698a51a
[spm]: ProfilerData event received.
[spm]: ProfilerData event received.
I/flutter (10260): [SPM:perf] 698a51a  buildSpan: 3424µs
I/flutter (10260): [spm] Performance monitoring completed for 698a51a
[spm]: ProfilerData event received.
I/flutter (10260): [SPM:perf] 698a51a  buildSpan: 3450µs
I/flutter (10260): [spm] Performance monitoring completed for 698a51a
I/flutter (10260): [SPM:perf] 698a51a  buildSpan: 3694µs
I/flutter (10260): [spm] Performance monitoring completed for 698a51a
[spm]: ProfilerData event received.
[spm]: ProfilerData event received.
I/flutter (10260): [SPM:perf] 698a51a  buildSpan: 3384µs
I/flutter (10260): [spm] Performance monitoring completed for 698a51a
[spm]: ProfilerData event received.
I/flutter (10260): [SPM:perf] 698a51a  buildSpan: 3524µs
I/flutter (10260): [spm] Performance monitoring completed for 698a51a
[spm]: ProfilerData event received.
I/flutter (10260): [SPM:perf] 698a51a  buildSpan: 3596µs
I/flutter (10260): [spm] Performance monitoring completed for 698a51a
[spm]: ProfilerData event received.
I/flutter (10260): [SPM:perf] 698a51a  buildSpan: 3438µs
I/flutter (10260): [spm] Performance monitoring completed for 698a51a
[spm]: ProfilerData event received.
I/flutter (10260): [SPM:perf] 698a51a  buildSpan: 3406µs
I/flutter (10260): [spm] Performance monitoring completed for 698a51a
[spm]: ProfilerData event received.
I/flutter (10260): [SPM:perf] 698a51a  buildSpan: 5759µs
I/flutter (10260): [spm] Performance monitoring completed for 698a51a
[spm]: ProfilerData event received.
I/flutter (10260): [SPM:perf] 698a51a  buildSpan: 3448µs
I/flutter (10260): [spm] Performance monitoring completed for 698a51a
[spm]: ProfilerData event received.
I/flutter (10260): [SPM:perf] 698a51a  buildSpan: 3507µs
I/flutter (10260): [spm] Performance monitoring completed for 698a51a
I/flutter (10260): [SPM:perf] 698a51a  buildSpan: 4321µs
[spm]: ProfilerData event received.
I/flutter (10260): [spm] Performance monitoring completed for 698a51a
[spm]: ProfilerData event received.
I/flutter (10260): [SPM:perf] 698a51a  buildSpan: 3569µs
I/flutter (10260): [spm] Performance monitoring completed for 698a51a
[spm]: ProfilerData event received.
I/flutter (10260): [SPM:perf] 698a51a  buildSpan: 3384µs
I/flutter (10260): [spm] Performance monitoring completed for 698a51a
[spm]: ProfilerData event received.
I/flutter (10260): [SPM:perf] 698a51a  buildSpan: 3366µs
I/flutter (10260): [spm] Performance monitoring completed for 698a51a
[spm]: ProfilerData event received.
I/flutter (10260): [SPM:perf] 698a51a  buildSpan: 3357µs
I/flutter (10260): [spm] Performance monitoring completed for 698a51a
I/flutter (10260): [SPM:perf] 698a51a  buildSpan: 3514µs
I/flutter (10260): [spm] Performance monitoring completed for 698a51a
[spm]: ProfilerData event received.
[spm]: ProfilerData event received.
I/flutter (10260): [SPM:perf] 698a51a  buildSpan: 3455µs
I/flutter (10260): [spm] Performance monitoring completed for 698a51a
I/flutter (10260): 01:10 +1: (tearDownAll)
I/flutter (10260): 01:11 +2: All tests passed!
All tests passed.
[spm]: Saved 30 profiler events to <ROOT>/dataset-new_samples/0344/redmi9t/raw/20260909-194357/rev_005_18c0a1e4/e5.jsonl
[spm]: Reverting injection...
19 issues found. (ran in 0.9s)
WARNING: Your Android app project: app located at: <ROOT>/android/app/build.gradle.kts
applies the Kotlin Gradle Plugin, which will cause build failures in future versions of Flutter. 
Please migrate your app to Built-in Kotlin using this guide: https://docs.flutter.dev/release/breaking-changes/migrate-to-built-in-kotlin/for-app-developers

VMServiceFlutterDriver: Connecting to Flutter application at http://127.0.0.1:39215/G7hPvZBTfGM=/
[spm]: Detected VM service URI: ws://127.0.0.1:39215/G7hPvZBTfGM=/ws
VMServiceFlutterDriver: Isolate found with number: 2784701035891695
VMServiceFlutterDriver: Isolate 2784701035891695 is runnable.
VMServiceFlutterDriver: Isolate is paused at start.
VMServiceFlutterDriver: Attempting to resume isolate
VMServiceFlutterDriver: Connected to Flutter application.
VMServiceFlutterDriver: request_data message is taking a long time to complete...