# sample_id=2352/rev_011_464290cc exec_index=11 ok=True perf_lines=30 vm_events=30 battery_pct=58 soc_temp_millic=39500 battery_temp_c=32.1 charging=False preflight_started=2026-09-12T19:05:44.616983+00:00 started=2026-09-12T19:05:47.384599+00:00 ts=2026-09-12T19:07:57.266582+00:00
[spm]: Running flutter analyze...
Resolving dependencies...
Downloading packages...
  _fe_analyzer_shared 100.0.0 (108.0.0 available)
  analyzer 13.0.0 (14.4.0 available)
  async 2.13.0 (2.13.1 available)
  clock 1.1.2 (1.1.3 available)
  cupertino_icons 1.0.8 (1.0.9 available)
  glob 2.1.3 (2.2.0 available)
  lints 6.0.0 (6.1.0 available)
  matcher 0.12.19 (0.12.20 available)
  material_color_utilities 0.13.0 (0.13.1 available)
  meta 1.18.0 (1.19.0 available)
  package_config 2.2.0 (3.0.0 available)
  platform 3.1.6 (3.2.0 available)
  process 5.0.5 (5.0.6 available)
  pub_semver 2.2.0 (2.2.1 available)
  source_span 1.10.1 (1.10.2 available)
  stack_trace 1.12.1 (1.12.2 available)
  test_api 0.7.11 (0.7.14 available)
  vector_math 2.2.0 (2.4.2 available)
  vm_service 15.0.2 (15.3.0 available)
  webdriver 3.1.0 (3.2.0 available)
  yaml 3.1.3 (3.1.4 available)
Got dependencies!
21 packages have newer versions incompatible with dependency constraints.
Try `flutter pub outdated` for more information.
Analyzing lib...                                                

   info • The part-of directive uses a library name. Try converting the directive to use the URI of the library • lib/dependencies.dart:46:1 • use_string_in_part_of_directives
   info • Library names are not necessary. Remove the library name • lib/generated_widget.dart:2:9 • unnecessary_library_name
   info • Parameter 'key' could be a super parameter. Trying converting 'key' to a super parameter • lib/generated_widget.dart:86:9 • use_super_parameters
   info • Statements in an if should be enclosed in a block. Try wrapping the statement in a block • lib/generated_widget.dart:294:9 • curly_braces_in_flow_control_structures
   info • Statements in an if should be enclosed in a block. Try wrapping the statement in a block • lib/generated_widget.dart:314:9 • curly_braces_in_flow_control_structures
   info • Statements in an if should be enclosed in a block. Try wrapping the statement in a block • lib/generated_widget.dart:327:7 • curly_braces_in_flow_control_structures
warning • This default clause is covered by the previous cases. Try removing the default clause, or restructuring the preceding patterns • lib/generated_widget.dart:368:7 • unreachable_switch_default
   info • Statements in an if should be enclosed in a block. Try wrapping the statement in a block • lib/generated_widget.dart:459:19 • curly_braces_in_flow_control_structures
   info • Statements in an if should be enclosed in a block. Try wrapping the statement in a block • lib/generated_widget.dart:552:23 • curly_braces_in_flow_control_structures
   info • Parameter 'key' could be a super parameter. Trying converting 'key' to a super parameter • lib/generated_widget.dart:568:9 • use_super_parameters
   info • 'red' is deprecated and shouldn't be used. Use (*.r * 255.0).round().clamp(0, 255). Try replacing the use of the deprecated member with the replacement • lib/generated_widget.dart:691:60 • deprecated_member_use
   info • 'withOpacity' is deprecated and shouldn't be used. Use .withValues() to avoid precision loss. Try replacing the use of the deprecated member with the replacement • lib/generated_widget.dart:692:45 • deprecated_member_use
   info • 'green' is deprecated and shouldn't be used. Use (*.g * 255.0).round().clamp(0, 255). Try replacing the use of the deprecated member with the replacement • lib/generated_widget.dart:696:60 • deprecated_member_use
   info • 'withOpacity' is deprecated and shouldn't be used. Use .withValues() to avoid precision loss. Try replacing the use of the deprecated member with the replacement • lib/generated_widget.dart:697:45 • deprecated_member_use
   info • 'blue' is deprecated and shouldn't be used. Use (*.b * 255.0).round().clamp(0, 255). Try replacing the use of the deprecated member with the replacement • lib/generated_widget.dart:701:60 • deprecated_member_use
   info • 'withOpacity' is deprecated and shouldn't be used. Use .withValues() to avoid precision loss. Try replacing the use of the deprecated member with the replacement • lib/generated_widget.dart:702:45 • deprecated_member_use
   info • 'opacity' is deprecated and shouldn't be used. Use .a. Try replacing the use of the deprecated member with the replacement • lib/generated_widget.dart:705:71 • deprecated_member_use
   info • 'withOpacity' is deprecated and shouldn't be used. Use .withValues() to avoid precision loss. Try replacing the use of the deprecated member with the replacement • lib/generated_widget.dart:706:45 • deprecated_member_use
warning • The value of the local variable 'getBox' isn't used. Try removing the variable or using it • lib/generated_widget.dart:736:30 • unused_local_variable
   info • 'withOpacity' is deprecated and shouldn't be used. Use .withValues() to avoid precision loss. Try replacing the use of the deprecated member with the replacement • lib/generated_widget.dart:859:41 • deprecated_member_use
   info • 'withOpacity' is deprecated and shouldn't be used. Use .withValues() to avoid precision loss. Try replacing the use of the deprecated member with the replacement • lib/generated_widget.dart:860:43 • deprecated_member_use
   info • 'withOpacity' is deprecated and shouldn't be used. Use .withValues() to avoid precision loss. Try replacing the use of the deprecated member with the replacement • lib/generated_widget.dart:867:43 • deprecated_member_use
   info • 'withOpacity' is deprecated and shouldn't be used. Use .withValues() to avoid precision loss. Try replacing the use of the deprecated member with the replacement • lib/generated_widget.dart:868:45 • deprecated_member_use
   info • 'withOpacity' is deprecated and shouldn't be used. Use .withValues() to avoid precision loss. Try replacing the use of the deprecated member with the replacement • lib/generated_widget.dart:875:42 • deprecated_member_use
   info • 'withOpacity' is deprecated and shouldn't be used. Use .withValues() to avoid precision loss. Try replacing the use of the deprecated member with the replacement • lib/generated_widget.dart:876:44 • deprecated_member_use
   info • 'withOpacity' is deprecated and shouldn't be used. Use .withValues() to avoid precision loss. Try replacing the use of the deprecated member with the replacement • lib/generated_widget.dart:883:30 • deprecated_member_use
   info • 'withOpacity' is deprecated and shouldn't be used. Use .withValues() to avoid precision loss. Try replacing the use of the deprecated member with the replacement • lib/generated_widget.dart:884:30 • deprecated_member_use
   info • Parameter 'key' could be a super parameter. Trying converting 'key' to a super parameter • lib/generated_widget.dart:940:9 • use_super_parameters
warning • This default clause is covered by the previous cases. Try removing the default clause, or restructuring the preceding patterns • lib/generated_widget.dart:1135:17 • unreachable_switch_default
   info • 'withOpacity' is deprecated and shouldn't be used. Use .withValues() to avoid precision loss. Try replacing the use of the deprecated member with the replacement • lib/generated_widget.dart:1286:37 • deprecated_member_use
   info • 'withOpacity' is deprecated and shouldn't be used. Use .withValues() to avoid precision loss. Try replacing the use of the deprecated member with the replacement • lib/generated_widget.dart:1446:32 • deprecated_member_use
   info • 'withOpacity' is deprecated and shouldn't be used. Use .withValues() to avoid precision loss. Try replacing the use of the deprecated member with the replacement • lib/generated_widget.dart:1453:32 • deprecated_member_use
   info • 'red' is deprecated and shouldn't be used. Use (*.r * 255.0).round().clamp(0, 255). Try replacing the use of the deprecated member with the replacement • lib/generated_widget.dart:1491:30 • deprecated_member_use
   info • 'red' is deprecated and shouldn't be used. Use (*.r * 255.0).round().clamp(0, 255). Try replacing the use of the deprecated member with the replacement • lib/generated_widget.dart:1492:30 • deprecated_member_use
   info • 'red' is deprecated and shouldn't be used. Use (*.r * 255.0).round().clamp(0, 255). Try replacing the use of the deprecated member with the replacement • lib/generated_widget.dart:1499:30 • deprecated_member_use
   info • 'red' is deprecated and shouldn't be used. Use (*.r * 255.0).round().clamp(0, 255). Try replacing the use of the deprecated member with the replacement • lib/generated_widget.dart:1500:30 • deprecated_member_use
   info • 'blue' is deprecated and shouldn't be used. Use (*.b * 255.0).round().clamp(0, 255). Try replacing the use of the deprecated member with the replacement • lib/generated_widget.dart:1513:28 • deprecated_member_use
   info • 'green' is deprecated and shouldn't be used. Use (*.g * 255.0).round().clamp(0, 255). Try replacing the use of the deprecated member with the replacement • lib/generated_widget.dart:1514:34 • deprecated_member_use
   info • 'green' is deprecated and shouldn't be used. Use (*.g * 255.0).round().clamp(0, 255). Try replacing the use of the deprecated member with the replacement • lib/generated_widget.dart:1542:35 • deprecated_member_use
   info • 'green' is deprecated and shouldn't be used. Use (*.g * 255.0).round().clamp(0, 255). Try replacing the use of the deprecated member with the replacement • lib/generated_widget.dart:1543:35 • deprecated_member_use
   info • 'green' is deprecated and shouldn't be used. Use (*.g * 255.0).round().clamp(0, 255). Try replacing the use of the deprecated member with the replacement • lib/generated_widget.dart:1550:35 • deprecated_member_use
   info • 'green' is deprecated and shouldn't be used. Use (*.g * 255.0).round().clamp(0, 255). Try replacing the use of the deprecated member with the replacement • lib/generated_widget.dart:1551:33 • deprecated_member_use
   info • 'blue' is deprecated and shouldn't be used. Use (*.b * 255.0).round().clamp(0, 255). Try replacing the use of the deprecated member with the replacement • lib/generated_widget.dart:1564:28 • deprecated_member_use
   info • 'red' is deprecated and shouldn't be used. Use (*.r * 255.0).round().clamp(0, 255). Try replacing the use of the deprecated member with the replacement • lib/generated_widget.dart:1565:34 • deprecated_member_use
   info • 'blue' is deprecated and shouldn't be used. Use (*.b * 255.0).round().clamp(0, 255). Try replacing the use of the deprecated member with the replacement • lib/generated_widget.dart:1593:38 • deprecated_member_use
   info • 'blue' is deprecated and shouldn't be used. Use (*.b * 255.0).round().clamp(0, 255). Try replacing the use of the deprecated member with the replacement • lib/generated_widget.dart:1594:40 • deprecated_member_use
   info • 'blue' is deprecated and shouldn't be used. Use (*.b * 255.0).round().clamp(0, 255). Try replacing the use of the deprecated member with the replacement • lib/generated_widget.dart:1601:40 • deprecated_member_use
   info • 'blue' is deprecated and shouldn't be used. Use (*.b * 255.0).round().clamp(0, 255). Try replacing the use of the deprecated member with the replacement • lib/generated_widget.dart:1602:38 • deprecated_member_use
   info • 'red' is deprecated and shouldn't be used. Use (*.r * 255.0).round().clamp(0, 255). Try replacing the use of the deprecated member with the replacement • lib/generated_widget.dart:1615:28 • deprecated_member_use
   info • 'green' is deprecated and shouldn't be used. Use (*.g * 255.0).round().clamp(0, 255). Try replacing the use of the deprecated member with the replacement • lib/generated_widget.dart:1616:34 • deprecated_member_use
   info • 'withOpacity' is deprecated and shouldn't be used. Use .withValues() to avoid precision loss. Try replacing the use of the deprecated member with the replacement • lib/generated_widget.dart:1671:37 • deprecated_member_use
   info • Parameter 'key' could be a super parameter. Trying converting 'key' to a super parameter • lib/generated_widget.dart:1699:9 • use_super_parameters
   info • Parameter 'key' could be a super parameter. Trying converting 'key' to a super parameter • lib/generated_widget.dart:1762:9 • use_super_parameters
   info • 'red' is deprecated and shouldn't be used. Use (*.r * 255.0).round().clamp(0, 255). Try replacing the use of the deprecated member with the replacement • lib/generated_widget.dart:1804:15 • deprecated_member_use
   info • 'green' is deprecated and shouldn't be used. Use (*.g * 255.0).round().clamp(0, 255). Try replacing the use of the deprecated member with the replacement • lib/generated_widget.dart:1805:15 • deprecated_member_use
   info • 'blue' is deprecated and shouldn't be used. Use (*.b * 255.0).round().clamp(0, 255). Try replacing the use of the deprecated member with the replacement • lib/generated_widget.dart:1806:15 • deprecated_member_use
   info • 'alpha' is deprecated and shouldn't be used. Use (*.a * 255.0).round().clamp(0, 255). Try replacing the use of the deprecated member with the replacement • lib/generated_widget.dart:1807:15 • deprecated_member_use
   info • 'red' is deprecated and shouldn't be used. Use (*.r * 255.0).round().clamp(0, 255). Try replacing the use of the deprecated member with the replacement • lib/generated_widget.dart:1812:15 • deprecated_member_use
   info • 'green' is deprecated and shouldn't be used. Use (*.g * 255.0).round().clamp(0, 255). Try replacing the use of the deprecated member with the replacement • lib/generated_widget.dart:1813:15 • deprecated_member_use
   info • 'blue' is deprecated and shouldn't be used. Use (*.b * 255.0).round().clamp(0, 255). Try replacing the use of the deprecated member with the replacement • lib/generated_widget.dart:1814:15 • deprecated_member_use
   info • 'opacity' is deprecated and shouldn't be used. Use .a. Try replacing the use of the deprecated member with the replacement • lib/generated_widget.dart:1815:19 • deprecated_member_use
   info • Statements in an if should be enclosed in a block. Try wrapping the statement in a block • lib/generated_widget.dart:1840:7 • curly_braces_in_flow_control_structures
   info • Parameter 'key' could be a super parameter. Trying converting 'key' to a super parameter • lib/generated_widget.dart:1906:9 • use_super_parameters
   info • 'value' is deprecated and shouldn't be used. Use component accessors like .r or .g, or toARGB32 for an explicit conversion. Try replacing the use of the deprecated member with the replacement • lib/generated_widget.dart:1937:36 • deprecated_member_use
   info • Use interpolation to compose strings and values. Try using string interpolation to build the composite string • lib/generated_widget.dart:1940:11 • prefer_interpolation_to_compose_strings
   info • 'red' is deprecated and shouldn't be used. Use (*.r * 255.0).round().clamp(0, 255). Try replacing the use of the deprecated member with the replacement • lib/generated_widget.dart:1941:24 • deprecated_member_use
   info • 'green' is deprecated and shouldn't be used. Use (*.g * 255.0).round().clamp(0, 255). Try replacing the use of the deprecated member with the replacement • lib/generated_widget.dart:1942:24 • deprecated_member_use
   info • 'blue' is deprecated and shouldn't be used. Use (*.b * 255.0).round().clamp(0, 255). Try replacing the use of the deprecated member with the replacement • lib/generated_widget.dart:1943:24 • deprecated_member_use
   info • 'alpha' is deprecated and shouldn't be used. Use (*.a * 255.0).round().clamp(0, 255). Try replacing the use of the deprecated member with the replacement • lib/generated_widget.dart:1945:30 • deprecated_member_use

[spm]: Injecting profiler code...
[spm]: Starting app...
Running Gradle task 'assembleProfile'...                        
Running Gradle task 'assembleProfile'...                           25.6s
✓ Built build/app/outputs/flutter-apk/app-profile.apk (34.9MB)
Installing build/app/outputs/flutter-apk/app-profile.apk...      1,468ms
I/ForceDarkHelperStubImpl(16122): setViewRootImplForceDark: false for com.example.benchmark_container.MainActivity@e6f428d, reason: AppDarkModeEnable
I/ForceDarkHelperStubImpl(16122): setViewRootImplForceDark: false for com.example.benchmark_container.MainActivity@e6f428d, reason: AppDarkModeEnable
D/DecorView[](16122): getWindowModeFromSystem  windowmode is 1
D/DecorView[](16122): updateDecorCaptionStatus displayWindowDecor is false
W/Looper  (16122): PerfMonitor looperActivity : package=com.example.benchmark_container/.MainActivity time=382ms latency=390ms running=0ms  procState=-1  historyMsgCount=3 (msgIndex=1 wall=382ms seq=4 late=390ms h=android.app.ActivityThread$H w=159) (msgIndex=2 wall=382ms seq=4 late=390ms h=android.app.ActivityThread$H w=159) (msgIndex=3 wall=394ms seq=3 h=android.app.ActivityThread$H w=110)
W/Looper  (16122): PerfMonitor looperActivity : package=com.example.benchmark_container/.MainActivity time=1ms latency=773ms running=0ms  procState=-1  historyMsgCount=4 (msgIndex=1 wall=382ms seq=4 h=android.app.ActivityThread$H w=159) (msgIndex=2 wall=382ms seq=4 h=android.app.ActivityThread$H w=159) (msgIndex=3 wall=394ms seq=3 h=android.app.ActivityThread$H w=110) (msgIndex=4 wall=382ms seq=4 h=android.app.ActivityThread$H w=159)
D/SurfaceView(16122): UPDATE null, mIsCastMode = false
D/hw-ProcessState(16122): Binder ioctl to enable oneway spam detection failed: Invalid argument
W/Looper  (16122): PerfMonitor longMsg : seq=8 plan=22:06:31.804 late=380ms wall=1679ms running=0ms h=android.view.Choreographer$FrameHandler c=android.view.Choreographer$FrameDisplayEventReceiver procState=-1
W/Looper  (16122): PerfMonitor doFrame : time=1679ms vsyncFrame=0 latency=380ms procState=-1 historyMsgCount=4 (msgIndex=1 wall=1679ms seq=8 late=380ms h=android.view.Choreographer$FrameHandler c=android.view.Choreographer$FrameDisplayEventReceiver)
I/Choreographer(16122): Skipped 95 frames!  The application may be doing too much work on its main thread.
D/SurfaceView(16122): UPDATE Surface(name=SurfaceView[com.example.benchmark_container/com.example.benchmark_container.MainActivity])/@0xca20cbb, mIsProjectionMode = false
W/Looper  (16122): PerfMonitor doFrame : time=2ms vsyncFrame=0 latency=1599ms procState=-1 historyMsgCount=4
[spm]: Connected to Dart VM service.
I/flutter (16122): 00:00 +0: Performance Benchmark
E/hmark_containe(16122): open libmigui.so failed! dlopen - dlopen failed: library "libmigui.so" not found
D/hmark_containe(16122): MiuiProcessManagerServiceStub setSchedFifo
I/MiuiProcessManagerImpl(16122): setSchedFifo pid:16122, mode:3
D/DecorView[](16122): onWindowFocusChanged hasWindowFocus true
D/DecorView[](16122): getWindowModeFromSystem  windowmode is 1
D/DecorView[](16122): updateDecorCaptionStatus displayWindowDecor is false
D/ProfileInstaller(16122): Installing profile for com.example.benchmark_container
[spm]: ProfilerData event received.
I/flutter (16122): [SPM:perf] 698a51a  buildSpan: 5346µs
I/flutter (16122): [spm] Performance monitoring completed for 698a51a
[spm]: ProfilerData event received.
I/flutter (16122): [SPM:perf] 698a51a  buildSpan: 5886µs
I/flutter (16122): [spm] Performance monitoring completed for 698a51a
[spm]: ProfilerData event received.
I/flutter (16122): [SPM:perf] 698a51a  buildSpan: 5832µs
I/flutter (16122): [spm] Performance monitoring completed for 698a51a
[spm]: ProfilerData event received.
I/flutter (16122): [SPM:perf] 698a51a  buildSpan: 5177µs
I/flutter (16122): [spm] Performance monitoring completed for 698a51a
[spm]: ProfilerData event received.
I/flutter (16122): [SPM:perf] 698a51a  buildSpan: 6022µs
I/flutter (16122): [spm] Performance monitoring completed for 698a51a
I/flutter (16122): [SPM:perf] 698a51a  buildSpan: 4513µs
I/flutter (16122): [spm] Performance monitoring completed for 698a51a
[spm]: ProfilerData event received.
[spm]: ProfilerData event received.
I/flutter (16122): [SPM:perf] 698a51a  buildSpan: 5820µs
I/flutter (16122): [spm] Performance monitoring completed for 698a51a
I/flutter (16122): [SPM:perf] 698a51a  buildSpan: 5730µs
[spm]: ProfilerData event received.
I/flutter (16122): [spm] Performance monitoring completed for 698a51a
[spm]: ProfilerData event received.
I/flutter (16122): [SPM:perf] 698a51a  buildSpan: 5351µs
I/flutter (16122): [spm] Performance monitoring completed for 698a51a
I/flutter (16122): [SPM:perf] 698a51a  buildSpan: 5688µs
[spm]: ProfilerData event received.
I/flutter (16122): [spm] Performance monitoring completed for 698a51a
I/flutter (16122): [SPM:perf] 698a51a  buildSpan: 4016µs
I/flutter (16122): [spm] Performance monitoring completed for 698a51a
[spm]: ProfilerData event received.
I/flutter (16122): [SPM:perf] 698a51a  buildSpan: 4315µs
I/flutter (16122): [spm] Performance monitoring completed for 698a51a
[spm]: ProfilerData event received.
[spm]: ProfilerData event received.
I/flutter (16122): [SPM:perf] 698a51a  buildSpan: 4484µs
I/flutter (16122): [spm] Performance monitoring completed for 698a51a
[spm]: ProfilerData event received.
I/flutter (16122): [SPM:perf] 698a51a  buildSpan: 6039µs
I/flutter (16122): [spm] Performance monitoring completed for 698a51a
I/flutter (16122): [SPM:perf] 698a51a  buildSpan: 6062µs
[spm]: ProfilerData event received.
I/flutter (16122): [spm] Performance monitoring completed for 698a51a
[spm]: ProfilerData event received.
I/flutter (16122): [SPM:perf] 698a51a  buildSpan: 4268µs
I/flutter (16122): [spm] Performance monitoring completed for 698a51a
[spm]: ProfilerData event received.
I/flutter (16122): [SPM:perf] 698a51a  buildSpan: 3266µs
I/flutter (16122): [spm] Performance monitoring completed for 698a51a
[spm]: ProfilerData event received.
I/flutter (16122): [SPM:perf] 698a51a  buildSpan: 5831µs
I/flutter (16122): [spm] Performance monitoring completed for 698a51a
[spm]: ProfilerData event received.
I/flutter (16122): [SPM:perf] 698a51a  buildSpan: 5651µs
I/flutter (16122): [spm] Performance monitoring completed for 698a51a
[spm]: ProfilerData event received.
I/flutter (16122): [SPM:perf] 698a51a  buildSpan: 6037µs
I/flutter (16122): [spm] Performance monitoring completed for 698a51a
I/flutter (16122): [SPM:perf] 698a51a  buildSpan: 5339µs
[spm]: ProfilerData event received.
I/flutter (16122): [spm] Performance monitoring completed for 698a51a
[spm]: ProfilerData event received.
I/flutter (16122): [SPM:perf] 698a51a  buildSpan: 3985µs
I/flutter (16122): [spm] Performance monitoring completed for 698a51a
I/flutter (16122): [SPM:perf] 698a51a  buildSpan: 5143µs
I/flutter (16122): [spm] Performance monitoring completed for 698a51a
[spm]: ProfilerData event received.
I/flutter (16122): [SPM:perf] 698a51a  buildSpan: 5116µs
[spm]: ProfilerData event received.
I/flutter (16122): [spm] Performance monitoring completed for 698a51a
I/flutter (16122): [SPM:perf] 698a51a  buildSpan: 4895µs
[spm]: ProfilerData event received.
I/flutter (16122): [spm] Performance monitoring completed for 698a51a
I/flutter (16122): [SPM:perf] 698a51a  buildSpan: 5686µs
I/flutter (16122): [spm] Performance monitoring completed for 698a51a
[spm]: ProfilerData event received.
[spm]: ProfilerData event received.
I/flutter (16122): [SPM:perf] 698a51a  buildSpan: 6139µs
I/flutter (16122): [spm] Performance monitoring completed for 698a51a
[spm]: ProfilerData event received.
I/flutter (16122): [SPM:perf] 698a51a  buildSpan: 4690µs
I/flutter (16122): [spm] Performance monitoring completed for 698a51a
[spm]: ProfilerData event received.
I/flutter (16122): [SPM:perf] 698a51a  buildSpan: 4365µs
I/flutter (16122): [spm] Performance monitoring completed for 698a51a
[spm]: ProfilerData event received.
I/flutter (16122): [SPM:perf] 698a51a  buildSpan: 4847µs
I/flutter (16122): [spm] Performance monitoring completed for 698a51a
I/flutter (16122): 01:10 +1: (tearDownAll)
I/flutter (16122): 01:11 +2: All tests passed!
All tests passed.
[spm]: Saved 30 profiler events to <ROOT>/dataset-new_samples/2352/redmi9t/raw/20260912-180255/rev_011_464290cc/e11.jsonl
[spm]: Reverting injection...
69 issues found. (ran in 0.8s)
WARNING: Your Android app project: app located at: <ROOT>/android/app/build.gradle.kts
applies the Kotlin Gradle Plugin, which will cause build failures in future versions of Flutter. 
Please migrate your app to Built-in Kotlin using this guide: https://docs.flutter.dev/release/breaking-changes/migrate-to-built-in-kotlin/for-app-developers

VMServiceFlutterDriver: Connecting to Flutter application at http://127.0.0.1:38163/_B1JCN483Pk=/
[spm]: Detected VM service URI: ws://127.0.0.1:38163/_B1JCN483Pk=/ws
VMServiceFlutterDriver: Isolate found with number: 4557633367036315
VMServiceFlutterDriver: Isolate 4557633367036315 is runnable.
VMServiceFlutterDriver: Isolate is paused at start.
VMServiceFlutterDriver: Attempting to resume isolate
VMServiceFlutterDriver: Connected to Flutter application.
VMServiceFlutterDriver: request_data message is taking a long time to complete...