# sample_id=2382/rev_002_411d2fe6 exec_index=7 ok=True perf_lines=30 vm_events=30 battery_pct=62 soc_temp_millic=38300 battery_temp_c=29.2 charging=False preflight_started=2026-09-13T07:38:14.031352+00:00 started=2026-09-13T07:38:16.725381+00:00 ts=2026-09-13T07:40:14.528080+00:00
[spm]: Running flutter analyze...
Resolving dependencies...
Downloading packages...
  _fe_analyzer_shared 100.0.0 (108.0.0 available)
  analyzer 13.0.0 (14.4.0 available)
  async 2.13.0 (2.13.1 available)
  clock 1.1.2 (1.1.3 available)
  cupertino_icons 1.0.8 (1.0.9 available)
  glob 2.1.3 (2.2.0 available)
  lints 6.0.0 (6.1.0 available)
  matcher 0.12.19 (0.12.20 available)
  material_color_utilities 0.13.0 (0.13.1 available)
  meta 1.18.0 (1.19.0 available)
  package_config 2.2.0 (3.0.0 available)
  platform 3.1.6 (3.2.0 available)
  process 5.0.5 (5.0.6 available)
  pub_semver 2.2.0 (2.2.1 available)
  source_span 1.10.1 (1.10.2 available)
  stack_trace 1.12.1 (1.12.2 available)
  test_api 0.7.11 (0.7.14 available)
  vector_math 2.2.0 (2.4.2 available)
  vm_service 15.0.2 (15.3.0 available)
  webdriver 3.1.0 (3.2.0 available)
  yaml 3.1.3 (3.1.4 available)
Got dependencies!
21 packages have newer versions incompatible with dependency constraints.
Try `flutter pub outdated` for more information.
Analyzing lib...                                                

   info • The part-of directive uses a library name. Try converting the directive to use the URI of the library • lib/dependencies.dart:46:1 • use_string_in_part_of_directives
   info • Library names are not necessary. Remove the library name • lib/generated_widget.dart:2:9 • unnecessary_library_name
   info • Constructors in '@immutable' classes should be declared as 'const'. Try adding 'const' to the constructor declaration • lib/generated_widget.dart:12:3 • prefer_const_constructors_in_immutables

[spm]: Injecting profiler code...
[spm]: Starting app...
Running Gradle task 'assembleProfile'...                        
Running Gradle task 'assembleProfile'...                           18.2s
✓ Built build/app/outputs/flutter-apk/app-profile.apk (26.8MB)
Installing build/app/outputs/flutter-apk/app-profile.apk...      1,249ms
E/MiuiMultiWindowUtils(18970): initFreeFormResolutionArgs failed, device is lime
D/IS_CTS_MODE(18970): true
D/MULTI_WINDOW_SWITCH_ENABLED(18970): false
D/IS_CTS_MODE(18970): true
D/MULTI_WINDOW_SWITCH_ENABLED(18970): false
D/IS_CTS_MODE(18970): true
D/MULTI_WINDOW_SWITCH_ENABLED(18970): false
D/DecorView[](18970): getWindowModeFromSystem  windowmode is 1
D/DecorView[](18970): getWindowModeFromSystem  windowmode is 1
D/DecorView[](18970): updateDecorCaptionStatus displayWindowDecor is false
W/Looper  (18970): PerfMonitor looperActivity : package=com.example.benchmark_container/.MainActivity time=397ms latency=431ms running=0ms  procState=-1  historyMsgCount=3 (msgIndex=3 wall=417ms seq=3 h=android.app.ActivityThread$H w=110)
W/Looper  (18970): PerfMonitor looperActivity : package=com.example.benchmark_container/.MainActivity time=0ms latency=830ms running=0ms  procState=-1  historyMsgCount=4 (msgIndex=3 wall=417ms seq=3 h=android.app.ActivityThread$H w=110) (msgIndex=4 wall=397ms seq=4 h=android.app.ActivityThread$H w=159)
D/SurfaceView(18970): UPDATE null, mIsCastMode = false
D/hw-ProcessState(18970): Binder ioctl to enable oneway spam detection failed: Invalid argument
W/Looper  (18970): PerfMonitor longMsg : seq=8 plan=10:38:50.948 late=403ms wall=1668ms running=0ms h=android.view.Choreographer$FrameHandler c=android.view.Choreographer$FrameDisplayEventReceiver procState=-1
W/Looper  (18970): PerfMonitor doFrame : time=1668ms vsyncFrame=0 latency=403ms procState=-1 historyMsgCount=4 (msgIndex=1 wall=1668ms seq=8 late=403ms h=android.view.Choreographer$FrameHandler c=android.view.Choreographer$FrameDisplayEventReceiver)
I/Choreographer(18970): Skipped 94 frames!  The application may be doing too much work on its main thread.
D/SurfaceView(18970): UPDATE Surface(name=SurfaceView[com.example.benchmark_container/com.example.benchmark_container.MainActivity])/@0x739554a, mIsProjectionMode = false
W/Looper  (18970): PerfMonitor doFrame : time=3ms vsyncFrame=0 latency=1580ms procState=-1 historyMsgCount=4
[spm]: Connected to Dart VM service.
I/flutter (18970): 00:00 +0: Performance Benchmark
E/hmark_containe(18970): open libmigui.so failed! dlopen - dlopen failed: library "libmigui.so" not found
D/hmark_containe(18970): MiuiProcessManagerServiceStub setSchedFifo
I/MiuiProcessManagerImpl(18970): setSchedFifo pid:18970, mode:3
D/DecorView[](18970): onWindowFocusChanged hasWindowFocus true
D/DecorView[](18970): getWindowModeFromSystem  windowmode is 1
D/DecorView[](18970): updateDecorCaptionStatus displayWindowDecor is false
D/ProfileInstaller(18970): Installing profile for com.example.benchmark_container
[spm]: ProfilerData event received.
I/flutter (18970): [SPM:perf] 698a51a  buildSpan: 1754µs
I/flutter (18970): [spm] Performance monitoring completed for 698a51a
[spm]: ProfilerData event received.
I/flutter (18970): [SPM:perf] 698a51a  buildSpan: 1448µs
I/flutter (18970): [spm] Performance monitoring completed for 698a51a
[spm]: ProfilerData event received.
I/flutter (18970): [SPM:perf] 698a51a  buildSpan: 1772µs
I/flutter (18970): [spm] Performance monitoring completed for 698a51a
[spm]: ProfilerData event received.
I/flutter (18970): [SPM:perf] 698a51a  buildSpan: 1918µs
I/flutter (18970): [spm] Performance monitoring completed for 698a51a
[spm]: ProfilerData event received.
I/flutter (18970): [SPM:perf] 698a51a  buildSpan: 1892µs
I/flutter (18970): [spm] Performance monitoring completed for 698a51a
[spm]: ProfilerData event received.
I/flutter (18970): [SPM:perf] 698a51a  buildSpan: 1787µs
I/flutter (18970): [spm] Performance monitoring completed for 698a51a
[spm]: ProfilerData event received.
I/flutter (18970): [SPM:perf] 698a51a  buildSpan: 1471µs
I/flutter (18970): [spm] Performance monitoring completed for 698a51a
I/flutter (18970): [SPM:perf] 698a51a  buildSpan: 1425µs
I/flutter (18970): [spm] Performance monitoring completed for 698a51a
[spm]: ProfilerData event received.
[spm]: ProfilerData event received.
I/flutter (18970): [SPM:perf] 698a51a  buildSpan: 1802µs
I/flutter (18970): [spm] Performance monitoring completed for 698a51a
[spm]: ProfilerData event received.
I/flutter (18970): [SPM:perf] 698a51a  buildSpan: 1883µs
I/flutter (18970): [spm] Performance monitoring completed for 698a51a
[spm]: ProfilerData event received.
I/flutter (18970): [SPM:perf] 698a51a  buildSpan: 1838µs
I/flutter (18970): [spm] Performance monitoring completed for 698a51a
[spm]: ProfilerData event received.
I/flutter (18970): [SPM:perf] 698a51a  buildSpan: 1395µs
I/flutter (18970): [spm] Performance monitoring completed for 698a51a
[spm]: ProfilerData event received.
I/flutter (18970): [SPM:perf] 698a51a  buildSpan: 1312µs
I/flutter (18970): [spm] Performance monitoring completed for 698a51a
[spm]: ProfilerData event received.
I/flutter (18970): [SPM:perf] 698a51a  buildSpan: 1648µs
I/flutter (18970): [spm] Performance monitoring completed for 698a51a
[spm]: ProfilerData event received.
I/flutter (18970): [SPM:perf] 698a51a  buildSpan: 1708µs
I/flutter (18970): [spm] Performance monitoring completed for 698a51a
[spm]: ProfilerData event received.
I/flutter (18970): [SPM:perf] 698a51a  buildSpan: 1838µs
I/flutter (18970): [spm] Performance monitoring completed for 698a51a
[spm]: ProfilerData event received.
I/flutter (18970): [SPM:perf] 698a51a  buildSpan: 1278µs
I/flutter (18970): [spm] Performance monitoring completed for 698a51a
I/flutter (18970): [SPM:perf] 698a51a  buildSpan: 1394µs
I/flutter (18970): [spm] Performance monitoring completed for 698a51a
[spm]: ProfilerData event received.
[spm]: ProfilerData event received.
I/flutter (18970): [SPM:perf] 698a51a  buildSpan: 1876µs
I/flutter (18970): [spm] Performance monitoring completed for 698a51a
[spm]: ProfilerData event received.
I/flutter (18970): [SPM:perf] 698a51a  buildSpan: 1809µs
I/flutter (18970): [spm] Performance monitoring completed for 698a51a
[spm]: ProfilerData event received.
I/flutter (18970): [SPM:perf] 698a51a  buildSpan: 1838µs
I/flutter (18970): [spm] Performance monitoring completed for 698a51a
I/flutter (18970): [SPM:perf] 698a51a  buildSpan: 1969µs
I/flutter (18970): [spm] Performance monitoring completed for 698a51a
[spm]: ProfilerData event received.
[spm]: ProfilerData event received.
I/flutter (18970): [SPM:perf] 698a51a  buildSpan: 1390µs
I/flutter (18970): [spm] Performance monitoring completed for 698a51a
[spm]: ProfilerData event received.
I/flutter (18970): [SPM:perf] 698a51a  buildSpan: 1867µs
I/flutter (18970): [spm] Performance monitoring completed for 698a51a
[spm]: ProfilerData event received.
I/flutter (18970): [SPM:perf] 698a51a  buildSpan: 1851µs
I/flutter (18970): [spm] Performance monitoring completed for 698a51a
[spm]: ProfilerData event received.
I/flutter (18970): [SPM:perf] 698a51a  buildSpan: 1824µs
I/flutter (18970): [spm] Performance monitoring completed for 698a51a
[spm]: ProfilerData event received.
I/flutter (18970): [SPM:perf] 698a51a  buildSpan: 1836µs
I/flutter (18970): [spm] Performance monitoring completed for 698a51a
[spm]: ProfilerData event received.
I/flutter (18970): [SPM:perf] 698a51a  buildSpan: 1505µs
I/flutter (18970): [spm] Performance monitoring completed for 698a51a
[spm]: ProfilerData event received.
I/flutter (18970): [SPM:perf] 698a51a  buildSpan: 2162µs
I/flutter (18970): [spm] Performance monitoring completed for 698a51a
I/flutter (18970): [SPM:perf] 698a51a  buildSpan: 1794µs
[spm]: ProfilerData event received.
I/flutter (18970): [spm] Performance monitoring completed for 698a51a
I/flutter (18970): 01:10 +1: (tearDownAll)
I/flutter (18970): 01:11 +2: All tests passed!
All tests passed.
[spm]: Saved 30 profiler events to <ROOT>/dataset-new_samples/2382/redmi9t/raw/20260913-000259/rev_002_411d2fe6/e7.jsonl
[spm]: Reverting injection...
3 issues found. (ran in 0.6s)
WARNING: Your Android app project: app located at: <ROOT>/android/app/build.gradle.kts
applies the Kotlin Gradle Plugin, which will cause build failures in future versions of Flutter. 
Please migrate your app to Built-in Kotlin using this guide: https://docs.flutter.dev/release/breaking-changes/migrate-to-built-in-kotlin/for-app-developers

VMServiceFlutterDriver: Connecting to Flutter application at http://127.0.0.1:41185/iFKSl-iS_O4=/
[spm]: Detected VM service URI: ws://127.0.0.1:41185/iFKSl-iS_O4=/ws
VMServiceFlutterDriver: Isolate found with number: 1016783841537371
VMServiceFlutterDriver: Isolate 1016783841537371 is runnable.
VMServiceFlutterDriver: Isolate is paused at start.
VMServiceFlutterDriver: Attempting to resume isolate
VMServiceFlutterDriver: Connected to Flutter application.
VMServiceFlutterDriver: request_data message is taking a long time to complete...