# sample_id=0348/rev_004_ebecf1c9 exec_index=13 ok=True perf_lines=30 vm_events=30 battery_pct=67 soc_temp_millic=43200 battery_temp_c=33.1 charging=False preflight_started=2026-09-09T14:20:55.447568+00:00 started=2026-09-09T14:20:57.799550+00:00 ts=2026-09-09T14:23:02.422569+00:00
[spm]: Running flutter analyze...
Analyzing lib...                                                

   info • The part-of directive uses a library name. Try converting the directive to use the URI of the library • lib/dependencies.dart:46:1 • use_string_in_part_of_directives
   info • Library names are not necessary. Remove the library name • lib/generated_widget.dart:2:9 • unnecessary_library_name

[spm]: Injecting profiler code...
[spm]: Starting app...
Running Gradle task 'assembleProfile'...                        
Running Gradle task 'assembleProfile'...                           23.8s
✓ Built build/app/outputs/flutter-apk/app-profile.apk (34.5MB)
Installing build/app/outputs/flutter-apk/app-profile.apk...      1,250ms
D/SurfaceView( 1554): UPDATE null, mIsCastMode = false
D/hw-ProcessState( 1554): Binder ioctl to enable oneway spam detection failed: Invalid argument
W/Looper  ( 1554): PerfMonitor longMsg : seq=8 plan=17:21:38.724 late=341ms wall=1715ms running=0ms h=android.view.Choreographer$FrameHandler c=android.view.Choreographer$FrameDisplayEventReceiver procState=-1
W/Looper  ( 1554): PerfMonitor doFrame : time=1715ms vsyncFrame=0 latency=341ms procState=-1 historyMsgCount=4 (msgIndex=1 wall=1715ms seq=8 late=341ms h=android.view.Choreographer$FrameHandler c=android.view.Choreographer$FrameDisplayEventReceiver)
I/Choreographer( 1554): Skipped 97 frames!  The application may be doing too much work on its main thread.
D/SurfaceView( 1554): UPDATE Surface(name=SurfaceView[com.example.benchmark_container/com.example.benchmark_container.MainActivity])/@0xca20cbb, mIsProjectionMode = false
W/Looper  ( 1554): PerfMonitor doFrame : time=2ms vsyncFrame=0 latency=1630ms procState=-1 historyMsgCount=4
[spm]: Connected to Dart VM service.
I/flutter ( 1554): 00:00 +0: Performance Benchmark
E/hmark_containe( 1554): open libmigui.so failed! dlopen - dlopen failed: library "libmigui.so" not found
D/hmark_containe( 1554): MiuiProcessManagerServiceStub setSchedFifo
I/MiuiProcessManagerImpl( 1554): setSchedFifo pid:1554, mode:3
D/DecorView[]( 1554): onWindowFocusChanged hasWindowFocus true
D/DecorView[]( 1554): getWindowModeFromSystem  windowmode is 1
D/DecorView[]( 1554): updateDecorCaptionStatus displayWindowDecor is false
D/ProfileInstaller( 1554): Installing profile for com.example.benchmark_container
[spm]: ProfilerData event received.
I/flutter ( 1554): [SPM:perf] 698a51a  buildSpan: 2226µs
I/flutter ( 1554): [spm] Performance monitoring completed for 698a51a
I/flutter ( 1554): [SPM:perf] 698a51a  buildSpan: 1787µs
I/flutter ( 1554): [spm] Performance monitoring completed for 698a51a
[spm]: ProfilerData event received.
[spm]: ProfilerData event received.
I/flutter ( 1554): [SPM:perf] 698a51a  buildSpan: 2299µs
I/flutter ( 1554): [spm] Performance monitoring completed for 698a51a
I/flutter ( 1554): [SPM:perf] 698a51a  buildSpan: 2314µs
[spm]: ProfilerData event received.
I/flutter ( 1554): [spm] Performance monitoring completed for 698a51a
[spm]: ProfilerData event received.
I/flutter ( 1554): [SPM:perf] 698a51a  buildSpan: 1779µs
I/flutter ( 1554): [spm] Performance monitoring completed for 698a51a
[spm]: ProfilerData event received.
I/flutter ( 1554): [SPM:perf] 698a51a  buildSpan: 5351µs
I/flutter ( 1554): [spm] Performance monitoring completed for 698a51a
[spm]: ProfilerData event received.
I/flutter ( 1554): [SPM:perf] 698a51a  buildSpan: 1918µs
I/flutter ( 1554): [spm] Performance monitoring completed for 698a51a
[spm]: ProfilerData event received.
I/flutter ( 1554): [SPM:perf] 698a51a  buildSpan: 1745µs
I/flutter ( 1554): [spm] Performance monitoring completed for 698a51a
[spm]: ProfilerData event received.
I/flutter ( 1554): [SPM:perf] 698a51a  buildSpan: 1771µs
I/flutter ( 1554): [spm] Performance monitoring completed for 698a51a
I/flutter ( 1554): [SPM:perf] 698a51a  buildSpan: 1787µs
I/flutter ( 1554): [spm] Performance monitoring completed for 698a51a
[spm]: ProfilerData event received.
[spm]: ProfilerData event received.
I/flutter ( 1554): [SPM:perf] 698a51a  buildSpan: 1813µs
I/flutter ( 1554): [spm] Performance monitoring completed for 698a51a
[spm]: ProfilerData event received.
I/flutter ( 1554): [SPM:perf] 698a51a  buildSpan: 1798µs
I/flutter ( 1554): [spm] Performance monitoring completed for 698a51a
[spm]: ProfilerData event received.
I/flutter ( 1554): [SPM:perf] 698a51a  buildSpan: 1783µs
I/flutter ( 1554): [spm] Performance monitoring completed for 698a51a
[spm]: ProfilerData event received.
I/flutter ( 1554): [SPM:perf] 698a51a  buildSpan: 2041µs
I/flutter ( 1554): [spm] Performance monitoring completed for 698a51a
[spm]: ProfilerData event received.
I/flutter ( 1554): [SPM:perf] 698a51a  buildSpan: 1773µs
I/flutter ( 1554): [spm] Performance monitoring completed for 698a51a
[spm]: ProfilerData event received.
I/flutter ( 1554): [SPM:perf] 698a51a  buildSpan: 2100µs
I/flutter ( 1554): [spm] Performance monitoring completed for 698a51a
I/flutter ( 1554): [SPM:perf] 698a51a  buildSpan: 1907µs
I/flutter ( 1554): [spm] Performance monitoring completed for 698a51a
[spm]: ProfilerData event received.
[spm]: ProfilerData event received.
I/flutter ( 1554): [SPM:perf] 698a51a  buildSpan: 1787µs
I/flutter ( 1554): [spm] Performance monitoring completed for 698a51a
[spm]: ProfilerData event received.
I/flutter ( 1554): [SPM:perf] 698a51a  buildSpan: 1730µs
I/flutter ( 1554): [spm] Performance monitoring completed for 698a51a
[spm]: ProfilerData event received.
I/flutter ( 1554): [SPM:perf] 698a51a  buildSpan: 1840µs
I/flutter ( 1554): [spm] Performance monitoring completed for 698a51a
[spm]: ProfilerData event received.
I/flutter ( 1554): [SPM:perf] 698a51a  buildSpan: 1891µs
I/flutter ( 1554): [spm] Performance monitoring completed for 698a51a
[spm]: ProfilerData event received.
I/flutter ( 1554): [SPM:perf] 698a51a  buildSpan: 1742µs
I/flutter ( 1554): [spm] Performance monitoring completed for 698a51a
[spm]: ProfilerData event received.
I/flutter ( 1554): [SPM:perf] 698a51a  buildSpan: 2289µs
I/flutter ( 1554): [spm] Performance monitoring completed for 698a51a
[spm]: ProfilerData event received.
I/flutter ( 1554): [SPM:perf] 698a51a  buildSpan: 1899µs
I/flutter ( 1554): [spm] Performance monitoring completed for 698a51a
[spm]: ProfilerData event received.
I/flutter ( 1554): [SPM:perf] 698a51a  buildSpan: 1815µs
I/flutter ( 1554): [spm] Performance monitoring completed for 698a51a
I/flutter ( 1554): [SPM:perf] 698a51a  buildSpan: 1760µs
I/flutter ( 1554): [spm] Performance monitoring completed for 698a51a
[spm]: ProfilerData event received.
[spm]: ProfilerData event received.
I/flutter ( 1554): [SPM:perf] 698a51a  buildSpan: 1989µs
I/flutter ( 1554): [spm] Performance monitoring completed for 698a51a
I/flutter ( 1554): [SPM:perf] 698a51a  buildSpan: 1918µs
I/flutter ( 1554): [spm] Performance monitoring completed for 698a51a
[spm]: ProfilerData event received.
[spm]: ProfilerData event received.
I/flutter ( 1554): [SPM:perf] 698a51a  buildSpan: 1739µs
I/flutter ( 1554): [spm] Performance monitoring completed for 698a51a
[spm]: ProfilerData event received.
I/flutter ( 1554): [SPM:perf] 698a51a  buildSpan: 1744µs
I/flutter ( 1554): [spm] Performance monitoring completed for 698a51a
I/flutter ( 1554): 01:10 +1: (tearDownAll)
I/flutter ( 1554): 01:11 +2: All tests passed!
All tests passed.
[spm]: Saved 30 profiler events to <ROOT>/dataset-new_samples/0348/redmi9t/raw/20260909-162112/rev_004_ebecf1c9/e13.jsonl
[spm]: Reverting injection...
2 issues found. (ran in 0.5s)
WARNING: Your Android app project: app located at: <ROOT>/android/app/build.gradle.kts
applies the Kotlin Gradle Plugin, which will cause build failures in future versions of Flutter. 
Please migrate your app to Built-in Kotlin using this guide: https://docs.flutter.dev/release/breaking-changes/migrate-to-built-in-kotlin/for-app-developers

VMServiceFlutterDriver: Connecting to Flutter application at http://127.0.0.1:33355/8wkGrPQzhbw=/
[spm]: Detected VM service URI: ws://127.0.0.1:33355/8wkGrPQzhbw=/ws
VMServiceFlutterDriver: Isolate found with number: 2758320614205175
VMServiceFlutterDriver: Isolate 2758320614205175 is runnable.
VMServiceFlutterDriver: Isolate is paused at start.
VMServiceFlutterDriver: Attempting to resume isolate
VMServiceFlutterDriver: Connected to Flutter application.
VMServiceFlutterDriver: request_data message is taking a long time to complete...