# sample_id=23/base exec_index=13 ok=True perf_lines=30 vm_events=30 battery_pct=64 soc_temp_millic=42000 battery_temp_c=31.7 charging=False preflight_started=2026-08-03T05:24:27.648826+00:00 started=2026-08-03T05:24:30.101609+00:00 ts=2026-08-03T05:26:30.484199+00:00
[spm]: Running flutter analyze...
Analyzing lib...                                                

   info • Invalid use of a private type in a public API. Try making the private type public, or making the API that uses the private type also be private • lib/dependencies.dart:32:9 • library_private_types_in_public_api
   info • Invalid use of a private type in a public API. Try making the private type public, or making the API that uses the private type also be private • lib/dependencies.dart:33:9 • library_private_types_in_public_api
   info • Invalid use of a private type in a public API. Try making the private type public, or making the API that uses the private type also be private • lib/dependencies.dart:34:9 • library_private_types_in_public_api
   info • Invalid use of a private type in a public API. Try making the private type public, or making the API that uses the private type also be private • lib/dependencies.dart:34:13 • library_private_types_in_public_api
   info • Invalid use of a private type in a public API. Try making the private type public, or making the API that uses the private type also be private • lib/dependencies.dart:35:9 • library_private_types_in_public_api
   info • Invalid use of a private type in a public API. Try making the private type public, or making the API that uses the private type also be private • lib/dependencies.dart:36:9 • library_private_types_in_public_api

[spm]: Injecting profiler code...
[spm]: Starting app...
Running Gradle task 'assembleProfile'...                        
Running Gradle task 'assembleProfile'...                           23.3s
✓ Built build/app/outputs/flutter-apk/app-profile.apk (61.8MB)
Installing build/app/outputs/flutter-apk/app-profile.apk...      1,958ms
E/MiuiMultiWindowUtils(26423): initFreeFormResolutionArgs failed, device is lime
D/IS_CTS_MODE(26423): true
D/MULTI_WINDOW_SWITCH_ENABLED(26423): false
D/IS_CTS_MODE(26423): true
D/MULTI_WINDOW_SWITCH_ENABLED(26423): false
D/IS_CTS_MODE(26423): true
D/MULTI_WINDOW_SWITCH_ENABLED(26423): false
D/DecorView[](26423): getWindowModeFromSystem  windowmode is 1
I/ForceDarkHelperStubImpl(26423): setViewRootImplForceDark: false for com.example.benchmark_container.MainActivity@c97a48, reason: AppDarkModeEnable
I/ForceDarkHelperStubImpl(26423): setViewRootImplForceDark: false for com.example.benchmark_container.MainActivity@c97a48, reason: AppDarkModeEnable
D/DecorView[](26423): getWindowModeFromSystem  windowmode is 1
D/DecorView[](26423): updateDecorCaptionStatus displayWindowDecor is false
W/Looper  (26423): PerfMonitor looperActivity : package=com.example.benchmark_container/.MainActivity time=416ms latency=438ms running=0ms  procState=-1  historyMsgCount=3 (msgIndex=3 wall=432ms seq=3 h=android.app.ActivityThread$H w=110)
W/Looper  (26423): PerfMonitor looperActivity : package=com.example.benchmark_container/.MainActivity time=1ms latency=855ms running=0ms  procState=-1  historyMsgCount=4 (msgIndex=3 wall=432ms seq=3 h=android.app.ActivityThread$H w=110) (msgIndex=4 wall=416ms seq=4 late=438ms h=android.app.ActivityThread$H w=159)
D/SurfaceView(26423): UPDATE null, mIsCastMode = false
D/hw-ProcessState(26423): Binder ioctl to enable oneway spam detection failed: Invalid argument
W/Looper  (26423): PerfMonitor longMsg : seq=8 plan=08:25:08.600 late=427ms wall=1661ms running=0ms h=android.view.Choreographer$FrameHandler c=android.view.Choreographer$FrameDisplayEventReceiver procState=-1
W/Looper  (26423): PerfMonitor doFrame : time=1661ms vsyncFrame=0 latency=427ms procState=-1 historyMsgCount=7 (msgIndex=3 wall=1661ms seq=8 late=427ms h=android.view.Choreographer$FrameHandler c=android.view.Choreographer$FrameDisplayEventReceiver) (msgIndex=4 wall=416ms seq=4 h=android.app.ActivityThread$H w=159)
I/Choreographer(26423): Skipped 94 frames!  The application may be doing too much work on its main thread.
D/SurfaceView(26423): UPDATE Surface(name=SurfaceView[com.example.benchmark_container/com.example.benchmark_container.MainActivity])/@0x693748e, mIsProjectionMode = false
W/Looper  (26423): PerfMonitor doFrame : time=3ms vsyncFrame=0 latency=1577ms procState=-1 historyMsgCount=4
[spm]: Connected to Dart VM service.
I/flutter (26423): 00:00 +0: Performance Benchmark
E/hmark_containe(26423): open libmigui.so failed! dlopen - dlopen failed: library "libmigui.so" not found
D/hmark_containe(26423): MiuiProcessManagerServiceStub setSchedFifo
I/MiuiProcessManagerImpl(26423): setSchedFifo pid:26423, mode:3
D/DecorView[](26423): onWindowFocusChanged hasWindowFocus true
D/DecorView[](26423): getWindowModeFromSystem  windowmode is 1
D/DecorView[](26423): updateDecorCaptionStatus displayWindowDecor is false
D/ProfileInstaller(26423): Installing profile for com.example.benchmark_container
I/flutter (26423): setState 698a51a
[spm]: ProfilerData event received.
I/flutter (26423): [SPM:perf] 698a51a  buildSpan: 2607µs
I/flutter (26423): [spm] Performance monitoring completed for 698a51a
I/flutter (26423): setState 698a51a
[spm]: ProfilerData event received.
I/flutter (26423): [SPM:perf] 698a51a  buildSpan: 2562µs
I/flutter (26423): [spm] Performance monitoring completed for 698a51a
I/flutter (26423): setState 698a51a
[spm]: ProfilerData event received.
I/flutter (26423): [SPM:perf] 698a51a  buildSpan: 5602µs
I/flutter (26423): [spm] Performance monitoring completed for 698a51a
I/flutter (26423): setState 698a51a
[spm]: ProfilerData event received.
I/flutter (26423): [SPM:perf] 698a51a  buildSpan: 2512µs
I/flutter (26423): [spm] Performance monitoring completed for 698a51a
I/flutter (26423): setState 698a51a
[spm]: ProfilerData event received.
I/flutter (26423): [SPM:perf] 698a51a  buildSpan: 2813µs
I/flutter (26423): [spm] Performance monitoring completed for 698a51a
I/flutter (26423): setState 698a51a
[spm]: ProfilerData event received.
I/flutter (26423): [SPM:perf] 698a51a  buildSpan: 2596µs
I/flutter (26423): [spm] Performance monitoring completed for 698a51a
I/flutter (26423): setState 698a51a
[spm]: ProfilerData event received.
I/flutter (26423): [SPM:perf] 698a51a  buildSpan: 2380µs
I/flutter (26423): [spm] Performance monitoring completed for 698a51a
I/flutter (26423): setState 698a51a
[spm]: ProfilerData event received.
I/flutter (26423): [SPM:perf] 698a51a  buildSpan: 2569µs
I/flutter (26423): [spm] Performance monitoring completed for 698a51a
I/flutter (26423): setState 698a51a
I/flutter (26423): [SPM:perf] 698a51a  buildSpan: 2560µs
I/flutter (26423): [spm] Performance monitoring completed for 698a51a
I/flutter (26423): setState 698a51a
[spm]: ProfilerData event received.
[spm]: ProfilerData event received.
I/flutter (26423): [SPM:perf] 698a51a  buildSpan: 2397µs
I/flutter (26423): [spm] Performance monitoring completed for 698a51a
I/flutter (26423): setState 698a51a
[spm]: ProfilerData event received.
I/flutter (26423): [SPM:perf] 698a51a  buildSpan: 2364µs
I/flutter (26423): [spm] Performance monitoring completed for 698a51a
I/flutter (26423): setState 698a51a
[spm]: ProfilerData event received.
I/flutter (26423): [SPM:perf] 698a51a  buildSpan: 2668µs
I/flutter (26423): [spm] Performance monitoring completed for 698a51a
I/flutter (26423): setState 698a51a
[spm]: ProfilerData event received.
I/flutter (26423): [SPM:perf] 698a51a  buildSpan: 2682µs
I/flutter (26423): [spm] Performance monitoring completed for 698a51a
I/flutter (26423): setState 698a51a
[spm]: ProfilerData event received.
I/flutter (26423): [SPM:perf] 698a51a  buildSpan: 2885µs
I/flutter (26423): [spm] Performance monitoring completed for 698a51a
I/flutter (26423): setState 698a51a
[spm]: ProfilerData event received.
I/flutter (26423): [SPM:perf] 698a51a  buildSpan: 2523µs
I/flutter (26423): [spm] Performance monitoring completed for 698a51a
I/flutter (26423): setState 698a51a
[spm]: ProfilerData event received.
I/flutter (26423): [SPM:perf] 698a51a  buildSpan: 2574µs
I/flutter (26423): [spm] Performance monitoring completed for 698a51a
I/flutter (26423): setState 698a51a
[spm]: ProfilerData event received.
I/flutter (26423): [SPM:perf] 698a51a  buildSpan: 2341µs
I/flutter (26423): [spm] Performance monitoring completed for 698a51a
I/flutter (26423): setState 698a51a
[spm]: ProfilerData event received.
I/flutter (26423): [SPM:perf] 698a51a  buildSpan: 2374µs
I/flutter (26423): [spm] Performance monitoring completed for 698a51a
I/flutter (26423): setState 698a51a
I/flutter (26423): [SPM:perf] 698a51a  buildSpan: 2786µs
[spm]: ProfilerData event received.
I/flutter (26423): [spm] Performance monitoring completed for 698a51a
I/flutter (26423): setState 698a51a
[spm]: ProfilerData event received.
I/flutter (26423): [SPM:perf] 698a51a  buildSpan: 2576µs
I/flutter (26423): [spm] Performance monitoring completed for 698a51a
I/flutter (26423): setState 698a51a
[spm]: ProfilerData event received.
I/flutter (26423): [SPM:perf] 698a51a  buildSpan: 2638µs
I/flutter (26423): [spm] Performance monitoring completed for 698a51a
I/flutter (26423): setState 698a51a
[spm]: ProfilerData event received.
I/flutter (26423): [SPM:perf] 698a51a  buildSpan: 2420µs
I/flutter (26423): [spm] Performance monitoring completed for 698a51a
I/flutter (26423): setState 698a51a
[spm]: ProfilerData event received.
I/flutter (26423): [SPM:perf] 698a51a  buildSpan: 2688µs
I/flutter (26423): [spm] Performance monitoring completed for 698a51a
I/flutter (26423): setState 698a51a
[spm]: ProfilerData event received.
I/flutter (26423): [SPM:perf] 698a51a  buildSpan: 2331µs
I/flutter (26423): [spm] Performance monitoring completed for 698a51a
I/flutter (26423): setState 698a51a
[spm]: ProfilerData event received.
I/flutter (26423): [SPM:perf] 698a51a  buildSpan: 2422µs
I/flutter (26423): [spm] Performance monitoring completed for 698a51a
I/flutter (26423): setState 698a51a
[spm]: ProfilerData event received.
I/flutter (26423): [SPM:perf] 698a51a  buildSpan: 2440µs
I/flutter (26423): [spm] Performance monitoring completed for 698a51a
I/flutter (26423): setState 698a51a
[spm]: ProfilerData event received.
I/flutter (26423): [SPM:perf] 698a51a  buildSpan: 2426µs
I/flutter (26423): [spm] Performance monitoring completed for 698a51a
I/flutter (26423): setState 698a51a
I/flutter (26423): [SPM:perf] 698a51a  buildSpan: 2835µs
I/flutter (26423): [spm] Performance monitoring completed for 698a51a
I/flutter (26423): setState 698a51a
[spm]: ProfilerData event received.
[spm]: ProfilerData event received.
I/flutter (26423): [SPM:perf] 698a51a  buildSpan: 2427µs
I/flutter (26423): [spm] Performance monitoring completed for 698a51a
I/flutter (26423): setState 698a51a
[spm]: ProfilerData event received.
I/flutter (26423): [SPM:perf] 698a51a  buildSpan: 2658µs
I/flutter (26423): [spm] Performance monitoring completed for 698a51a
I/flutter (26423): 01:10 +1: (tearDownAll)
I/flutter (26423): 01:11 +2: All tests passed!
All tests passed.
[spm]: Saved 30 profiler events to <ROOT>/dataset/23/redmi9t/raw/20260803-051049/base/e13.jsonl
[spm]: Reverting injection...
6 issues found. (ran in 0.5s)
WARNING: Your Android app project: app located at: <ROOT>/android/app/build.gradle.kts
applies the Kotlin Gradle Plugin, which will cause build failures in future versions of Flutter. 
Please migrate your app to Built-in Kotlin using this guide: https://docs.flutter.dev/release/breaking-changes/migrate-to-built-in-kotlin/for-app-developers

VMServiceFlutterDriver: Connecting to Flutter application at http://127.0.0.1:43273/0ghSpj41HpU=/
[spm]: Detected VM service URI: ws://127.0.0.1:43273/0ghSpj41HpU=/ws
VMServiceFlutterDriver: Isolate found with number: 3897890517962143
VMServiceFlutterDriver: Isolate 3897890517962143 is runnable.
VMServiceFlutterDriver: Isolate is paused at start.
VMServiceFlutterDriver: Attempting to resume isolate
VMServiceFlutterDriver: Connected to Flutter application.