# sample_id=2382/rev_005_fbdae7ec exec_index=3 ok=True perf_lines=30 vm_events=30 battery_pct=69 soc_temp_millic=37000 battery_temp_c=29.6 charging=False preflight_started=2026-09-13T03:40:41.945679+00:00 started=2026-09-13T03:40:44.663305+00:00 ts=2026-09-13T03:42:47.337574+00:00
[spm]: Running flutter analyze...
Resolving dependencies...
Downloading packages...
  _fe_analyzer_shared 100.0.0 (108.0.0 available)
  analyzer 13.0.0 (14.4.0 available)
  async 2.13.0 (2.13.1 available)
  clock 1.1.2 (1.1.3 available)
  cupertino_icons 1.0.8 (1.0.9 available)
  glob 2.1.3 (2.2.0 available)
  lints 6.0.0 (6.1.0 available)
  matcher 0.12.19 (0.12.20 available)
  material_color_utilities 0.13.0 (0.13.1 available)
  meta 1.18.0 (1.19.0 available)
  package_config 2.2.0 (3.0.0 available)
  platform 3.1.6 (3.2.0 available)
  process 5.0.5 (5.0.6 available)
  pub_semver 2.2.0 (2.2.1 available)
  source_span 1.10.1 (1.10.2 available)
  stack_trace 1.12.1 (1.12.2 available)
  test_api 0.7.11 (0.7.14 available)
  vector_math 2.2.0 (2.4.2 available)
  vm_service 15.0.2 (15.3.0 available)
  webdriver 3.1.0 (3.2.0 available)
  yaml 3.1.3 (3.1.4 available)
Got dependencies!
21 packages have newer versions incompatible with dependency constraints.
Try `flutter pub outdated` for more information.
Analyzing lib...                                                

   info • The part-of directive uses a library name. Try converting the directive to use the URI of the library • lib/dependencies.dart:46:1 • use_string_in_part_of_directives
   info • Library names are not necessary. Remove the library name • lib/generated_widget.dart:2:9 • unnecessary_library_name
   info • Constructors in '@immutable' classes should be declared as 'const'. Try adding 'const' to the constructor declaration • lib/generated_widget.dart:12:3 • prefer_const_constructors_in_immutables

[spm]: Injecting profiler code...
[spm]: Starting app...
Running Gradle task 'assembleProfile'...                        
Running Gradle task 'assembleProfile'...                           20.0s
✓ Built build/app/outputs/flutter-apk/app-profile.apk (26.8MB)
Installing build/app/outputs/flutter-apk/app-profile.apk...      1,213ms
D/SurfaceView(27724): UPDATE null, mIsCastMode = false
D/hw-ProcessState(27724): Binder ioctl to enable oneway spam detection failed: Invalid argument
W/Looper  (27724): PerfMonitor longMsg : seq=8 plan=06:41:22.679 late=443ms wall=1731ms running=0ms h=android.view.Choreographer$FrameHandler c=android.view.Choreographer$FrameDisplayEventReceiver procState=-1
W/Looper  (27724): PerfMonitor doFrame : time=1731ms vsyncFrame=0 latency=443ms procState=-1 historyMsgCount=5 (msgIndex=1 wall=1731ms seq=8 late=443ms h=android.view.Choreographer$FrameHandler c=android.view.Choreographer$FrameDisplayEventReceiver) (msgIndex=2 wall=418ms seq=4 h=android.app.ActivityThread$H w=159)
I/Choreographer(27724): Skipped 96 frames!  The application may be doing too much work on its main thread.
D/SurfaceView(27724): UPDATE Surface(name=SurfaceView[com.example.benchmark_container/com.example.benchmark_container.MainActivity])/@0x739554a, mIsProjectionMode = false
W/Looper  (27724): PerfMonitor doFrame : time=3ms vsyncFrame=0 latency=1613ms procState=-1 historyMsgCount=4
[spm]: Connected to Dart VM service.
I/flutter (27724): 00:00 +0: Performance Benchmark
E/hmark_containe(27724): open libmigui.so failed! dlopen - dlopen failed: library "libmigui.so" not found
D/hmark_containe(27724): MiuiProcessManagerServiceStub setSchedFifo
I/MiuiProcessManagerImpl(27724): setSchedFifo pid:27724, mode:3
D/DecorView[](27724): onWindowFocusChanged hasWindowFocus true
D/DecorView[](27724): getWindowModeFromSystem  windowmode is 1
D/DecorView[](27724): updateDecorCaptionStatus displayWindowDecor is false
D/ProfileInstaller(27724): Installing profile for com.example.benchmark_container
[spm]: ProfilerData event received.
I/flutter (27724): [SPM:perf] 698a51a  buildSpan: 1932µs
I/flutter (27724): [spm] Performance monitoring completed for 698a51a
[spm]: ProfilerData event received.
I/flutter (27724): [SPM:perf] 698a51a  buildSpan: 2017µs
I/flutter (27724): [spm] Performance monitoring completed for 698a51a
[spm]: ProfilerData event received.
I/flutter (27724): [SPM:perf] 698a51a  buildSpan: 1553µs
I/flutter (27724): [spm] Performance monitoring completed for 698a51a
[spm]: ProfilerData event received.
I/flutter (27724): [SPM:perf] 698a51a  buildSpan: 2033µs
I/flutter (27724): [spm] Performance monitoring completed for 698a51a
[spm]: ProfilerData event received.
I/flutter (27724): [SPM:perf] 698a51a  buildSpan: 1967µs
I/flutter (27724): [spm] Performance monitoring completed for 698a51a
I/flutter (27724): [SPM:perf] 698a51a  buildSpan: 1787µs
I/flutter (27724): [spm] Performance monitoring completed for 698a51a
[spm]: ProfilerData event received.
[spm]: ProfilerData event received.
I/flutter (27724): [SPM:perf] 698a51a  buildSpan: 2035µs
I/flutter (27724): [spm] Performance monitoring completed for 698a51a
[spm]: ProfilerData event received.
I/flutter (27724): [SPM:perf] 698a51a  buildSpan: 2191µs
I/flutter (27724): [spm] Performance monitoring completed for 698a51a
[spm]: ProfilerData event received.
I/flutter (27724): [SPM:perf] 698a51a  buildSpan: 1584µs
I/flutter (27724): [spm] Performance monitoring completed for 698a51a
[spm]: ProfilerData event received.
I/flutter (27724): [SPM:perf] 698a51a  buildSpan: 2057µs
I/flutter (27724): [spm] Performance monitoring completed for 698a51a
I/flutter (27724): [SPM:perf] 698a51a  buildSpan: 2040µs
I/flutter (27724): [spm] Performance monitoring completed for 698a51a
[spm]: ProfilerData event received.
[spm]: ProfilerData event received.
I/flutter (27724): [SPM:perf] 698a51a  buildSpan: 1813µs
I/flutter (27724): [spm] Performance monitoring completed for 698a51a
[spm]: ProfilerData event received.
I/flutter (27724): [SPM:perf] 698a51a  buildSpan: 2100µs
I/flutter (27724): [spm] Performance monitoring completed for 698a51a
[spm]: ProfilerData event received.
I/flutter (27724): [SPM:perf] 698a51a  buildSpan: 1694µs
I/flutter (27724): [spm] Performance monitoring completed for 698a51a
[spm]: ProfilerData event received.
I/flutter (27724): [SPM:perf] 698a51a  buildSpan: 2010µs
I/flutter (27724): [spm] Performance monitoring completed for 698a51a
I/flutter (27724): [SPM:perf] 698a51a  buildSpan: 2055µs
I/flutter (27724): [spm] Performance monitoring completed for 698a51a
[spm]: ProfilerData event received.
I/flutter (27724): [SPM:perf] 698a51a  buildSpan: 2137µs
I/flutter (27724): [spm] Performance monitoring completed for 698a51a
[spm]: ProfilerData event received.
I/flutter (27724): [SPM:perf] 698a51a  buildSpan: 2124µs
I/flutter (27724): [spm] Performance monitoring completed for 698a51a
[spm]: ProfilerData event received.
[spm]: ProfilerData event received.
I/flutter (27724): [SPM:perf] 698a51a  buildSpan: 1991µs
I/flutter (27724): [spm] Performance monitoring completed for 698a51a
[spm]: ProfilerData event received.
I/flutter (27724): [SPM:perf] 698a51a  buildSpan: 1607µs
I/flutter (27724): [spm] Performance monitoring completed for 698a51a
I/flutter (27724): [SPM:perf] 698a51a  buildSpan: 1982µs
I/flutter (27724): [spm] Performance monitoring completed for 698a51a
[spm]: ProfilerData event received.
[spm]: ProfilerData event received.
I/flutter (27724): [SPM:perf] 698a51a  buildSpan: 1969µs
I/flutter (27724): [spm] Performance monitoring completed for 698a51a
[spm]: ProfilerData event received.
I/flutter (27724): [SPM:perf] 698a51a  buildSpan: 2104µs
I/flutter (27724): [spm] Performance monitoring completed for 698a51a
I/flutter (27724): [SPM:perf] 698a51a  buildSpan: 2011µs
I/flutter (27724): [spm] Performance monitoring completed for 698a51a
[spm]: ProfilerData event received.
[spm]: ProfilerData event received.
I/flutter (27724): [SPM:perf] 698a51a  buildSpan: 1725µs
I/flutter (27724): [spm] Performance monitoring completed for 698a51a
I/flutter (27724): [SPM:perf] 698a51a  buildSpan: 1966µs
I/flutter (27724): [spm] Performance monitoring completed for 698a51a
[spm]: ProfilerData event received.
I/flutter (27724): [SPM:perf] 698a51a  buildSpan: 1981µs
I/flutter (27724): [spm] Performance monitoring completed for 698a51a
[spm]: ProfilerData event received.
[spm]: ProfilerData event received.
I/flutter (27724): [SPM:perf] 698a51a  buildSpan: 2025µs
I/flutter (27724): [spm] Performance monitoring completed for 698a51a
I/flutter (27724): [SPM:perf] 698a51a  buildSpan: 1966µs
[spm]: ProfilerData event received.
I/flutter (27724): [spm] Performance monitoring completed for 698a51a
[spm]: ProfilerData event received.
I/flutter (27724): [SPM:perf] 698a51a  buildSpan: 1631µs
I/flutter (27724): [spm] Performance monitoring completed for 698a51a
I/flutter (27724): 01:10 +1: (tearDownAll)
I/flutter (27724): 01:11 +2: All tests passed!
All tests passed.
[spm]: Saved 30 profiler events to <ROOT>/dataset-new_samples/2382/redmi9t/raw/20260913-000259/rev_005_fbdae7ec/e3.jsonl
[spm]: Reverting injection...
3 issues found. (ran in 0.8s)
WARNING: Your Android app project: app located at: <ROOT>/android/app/build.gradle.kts
applies the Kotlin Gradle Plugin, which will cause build failures in future versions of Flutter. 
Please migrate your app to Built-in Kotlin using this guide: https://docs.flutter.dev/release/breaking-changes/migrate-to-built-in-kotlin/for-app-developers

VMServiceFlutterDriver: Connecting to Flutter application at http://127.0.0.1:42241/J4mXvQYfyEk=/
[spm]: Detected VM service URI: ws://127.0.0.1:42241/J4mXvQYfyEk=/ws
VMServiceFlutterDriver: Isolate found with number: 8897845886083595
VMServiceFlutterDriver: Isolate 8897845886083595 is runnable.
VMServiceFlutterDriver: Isolate is paused at start.
VMServiceFlutterDriver: Attempting to resume isolate
VMServiceFlutterDriver: Connected to Flutter application.
VMServiceFlutterDriver: request_data message is taking a long time to complete...