# sample_id=2861/rev_002_213f9e67 exec_index=13 ok=True perf_lines=30 vm_events=30 battery_pct=67 soc_temp_millic=37700 battery_temp_c=30.0 charging=False preflight_started=2026-09-14T04:13:03.355978+00:00 started=2026-09-14T04:13:06.025407+00:00 ts=2026-09-14T04:14:47.820387+00:00
[spm]: Running flutter analyze...
Resolving dependencies...
Downloading packages...
  _fe_analyzer_shared 100.0.0 (108.0.0 available)
  analyzer 13.0.0 (14.4.0 available)
  async 2.13.0 (2.13.1 available)
  clock 1.1.2 (1.1.3 available)
  cupertino_icons 1.0.8 (1.0.9 available)
  glob 2.1.3 (2.2.0 available)
  lints 6.0.0 (6.1.0 available)
  matcher 0.12.19 (0.12.20 available)
  material_color_utilities 0.13.0 (0.13.1 available)
  meta 1.18.0 (1.19.0 available)
  package_config 2.2.0 (3.0.0 available)
  platform 3.1.6 (3.2.0 available)
  process 5.0.5 (5.0.6 available)
  pub_semver 2.2.0 (2.2.1 available)
  source_span 1.10.1 (1.10.2 available)
  stack_trace 1.12.1 (1.12.2 available)
  test_api 0.7.11 (0.7.14 available)
  vector_math 2.2.0 (2.4.2 available)
  vm_service 15.0.2 (15.3.0 available)
  webdriver 3.1.0 (3.2.0 available)
  yaml 3.1.3 (3.1.4 available)
Got dependencies!
21 packages have newer versions incompatible with dependency constraints.
Try `flutter pub outdated` for more information.
Analyzing lib...                                                

   info • The part-of directive uses a library name. Try converting the directive to use the URI of the library • lib/dependencies.dart:46:1 • use_string_in_part_of_directives
   info • Library names are not necessary. Remove the library name • lib/generated_widget.dart:2:9 • unnecessary_library_name
   info • Constructors in '@immutable' classes should be declared as 'const'. Try adding 'const' to the constructor declaration • lib/generated_widget.dart:11:3 • prefer_const_constructors_in_immutables

[spm]: Injecting profiler code...
[spm]: Starting app...
Running Gradle task 'assembleProfile'...                        
Running Gradle task 'assembleProfile'...                         1,830ms
✓ Built build/app/outputs/flutter-apk/app-profile.apk (34.3MB)
Installing build/app/outputs/flutter-apk/app-profile.apk...      1,560ms
D/SurfaceView( 2956): UPDATE null, mIsCastMode = false
D/hw-ProcessState( 2956): Binder ioctl to enable oneway spam detection failed: Invalid argument
W/Looper  ( 2956): PerfMonitor longMsg : seq=8 plan=07:13:24.013 late=388ms wall=1659ms running=0ms h=android.view.Choreographer$FrameHandler c=android.view.Choreographer$FrameDisplayEventReceiver procState=-1
W/Looper  ( 2956): PerfMonitor doFrame : time=1659ms vsyncFrame=0 latency=388ms procState=-1 historyMsgCount=7 (msgIndex=1 wall=1659ms seq=8 late=388ms h=android.view.Choreographer$FrameHandler c=android.view.Choreographer$FrameDisplayEventReceiver) (msgIndex=2 wall=1659ms seq=8 late=388ms h=android.view.Choreographer$FrameHandler c=android.view.Choreographer$FrameDisplayEventReceiver) (msgIndex=3 wall=1659ms seq=8 late=388ms h=android.view.Choreographer$FrameHandler c=android.view.Choreographer$FrameDisplayEventReceiver) (msgIndex=4 wall=376ms seq=4 h=android.app.ActivityThread$H w=159)
I/Choreographer( 2956): Skipped 94 frames!  The application may be doing too much work on its main thread.
D/SurfaceView( 2956): UPDATE Surface(name=SurfaceView[com.example.benchmark_container/com.example.benchmark_container.MainActivity])/@0x739554a, mIsProjectionMode = false
W/Looper  ( 2956): PerfMonitor doFrame : time=3ms vsyncFrame=0 latency=1570ms procState=-1 historyMsgCount=4
[spm]: Connected to Dart VM service.
I/flutter ( 2956): 00:00 +0: Performance Benchmark
E/hmark_containe( 2956): open libmigui.so failed! dlopen - dlopen failed: library "libmigui.so" not found
D/hmark_containe( 2956): MiuiProcessManagerServiceStub setSchedFifo
I/MiuiProcessManagerImpl( 2956): setSchedFifo pid:2956, mode:3
D/DecorView[]( 2956): onWindowFocusChanged hasWindowFocus true
D/DecorView[]( 2956): getWindowModeFromSystem  windowmode is 1
D/DecorView[]( 2956): updateDecorCaptionStatus displayWindowDecor is false
D/ProfileInstaller( 2956): Installing profile for com.example.benchmark_container
[spm]: ProfilerData event received.
I/flutter ( 2956): [SPM:perf] 698a51a  buildSpan: 5689µs
I/flutter ( 2956): [spm] Performance monitoring completed for 698a51a
[spm]: ProfilerData event received.
I/flutter ( 2956): [SPM:perf] 698a51a  buildSpan: 5241µs
I/flutter ( 2956): [spm] Performance monitoring completed for 698a51a
[spm]: ProfilerData event received.
I/flutter ( 2956): [SPM:perf] 698a51a  buildSpan: 5876µs
I/flutter ( 2956): [spm] Performance monitoring completed for 698a51a
[spm]: ProfilerData event received.
I/flutter ( 2956): [SPM:perf] 698a51a  buildSpan: 5968µs
I/flutter ( 2956): [spm] Performance monitoring completed for 698a51a
I/flutter ( 2956): [SPM:perf] 698a51a  buildSpan: 4938µs
I/flutter ( 2956): [spm] Performance monitoring completed for 698a51a
[spm]: ProfilerData event received.
[spm]: ProfilerData event received.
I/flutter ( 2956): [SPM:perf] 698a51a  buildSpan: 4859µs
I/flutter ( 2956): [spm] Performance monitoring completed for 698a51a
[spm]: ProfilerData event received.
I/flutter ( 2956): [SPM:perf] 698a51a  buildSpan: 5163µs
I/flutter ( 2956): [spm] Performance monitoring completed for 698a51a
[spm]: ProfilerData event received.
I/flutter ( 2956): [SPM:perf] 698a51a  buildSpan: 5993µs
I/flutter ( 2956): [spm] Performance monitoring completed for 698a51a
[spm]: ProfilerData event received.
I/flutter ( 2956): [SPM:perf] 698a51a  buildSpan: 5961µs
I/flutter ( 2956): [spm] Performance monitoring completed for 698a51a
I/flutter ( 2956): [SPM:perf] 698a51a  buildSpan: 6274µs
I/flutter ( 2956): [spm] Performance monitoring completed for 698a51a
[spm]: ProfilerData event received.
[spm]: ProfilerData event received.
I/flutter ( 2956): [SPM:perf] 698a51a  buildSpan: 5643µs
I/flutter ( 2956): [spm] Performance monitoring completed for 698a51a
[spm]: ProfilerData event received.
I/flutter ( 2956): [SPM:perf] 698a51a  buildSpan: 4160µs
I/flutter ( 2956): [spm] Performance monitoring completed for 698a51a
[spm]: ProfilerData event received.
I/flutter ( 2956): [SPM:perf] 698a51a  buildSpan: 4930µs
I/flutter ( 2956): [spm] Performance monitoring completed for 698a51a
I/flutter ( 2956): [SPM:perf] 698a51a  buildSpan: 3666µs
I/flutter ( 2956): [spm] Performance monitoring completed for 698a51a
[spm]: ProfilerData event received.
[spm]: ProfilerData event received.
I/flutter ( 2956): [SPM:perf] 698a51a  buildSpan: 6219µs
I/flutter ( 2956): [spm] Performance monitoring completed for 698a51a
I/flutter ( 2956): [SPM:perf] 698a51a  buildSpan: 6301µs
I/flutter ( 2956): [spm] Performance monitoring completed for 698a51a
[spm]: ProfilerData event received.
I/flutter ( 2956): [SPM:perf] 698a51a  buildSpan: 5941µs
[spm]: ProfilerData event received.
I/flutter ( 2956): [spm] Performance monitoring completed for 698a51a
I/flutter ( 2956): [SPM:perf] 698a51a  buildSpan: 4985µs
[spm]: ProfilerData event received.
I/flutter ( 2956): [spm] Performance monitoring completed for 698a51a
[spm]: ProfilerData event received.
I/flutter ( 2956): [SPM:perf] 698a51a  buildSpan: 6078µs
I/flutter ( 2956): [spm] Performance monitoring completed for 698a51a
[spm]: ProfilerData event received.
I/flutter ( 2956): [SPM:perf] 698a51a  buildSpan: 5794µs
I/flutter ( 2956): [spm] Performance monitoring completed for 698a51a
[spm]: ProfilerData event received.
I/flutter ( 2956): [SPM:perf] 698a51a  buildSpan: 6110µs
I/flutter ( 2956): [spm] Performance monitoring completed for 698a51a
I/flutter ( 2956): [SPM:perf] 698a51a  buildSpan: 4895µs
I/flutter ( 2956): [spm] Performance monitoring completed for 698a51a
[spm]: ProfilerData event received.
[spm]: ProfilerData event received.
I/flutter ( 2956): [SPM:perf] 698a51a  buildSpan: 5042µs
I/flutter ( 2956): [spm] Performance monitoring completed for 698a51a
I/flutter ( 2956): [SPM:perf] 698a51a  buildSpan: 6301µs
I/flutter ( 2956): [spm] Performance monitoring completed for 698a51a
[spm]: ProfilerData event received.
[spm]: ProfilerData event received.
I/flutter ( 2956): [SPM:perf] 698a51a  buildSpan: 6105µs
I/flutter ( 2956): [spm] Performance monitoring completed for 698a51a
I/flutter ( 2956): [SPM:perf] 698a51a  buildSpan: 6137µs
[spm]: ProfilerData event received.
I/flutter ( 2956): [spm] Performance monitoring completed for 698a51a
[spm]: ProfilerData event received.
I/flutter ( 2956): [SPM:perf] 698a51a  buildSpan: 6181µs
I/flutter ( 2956): [spm] Performance monitoring completed for 698a51a
I/flutter ( 2956): [SPM:perf] 698a51a  buildSpan: 6237µs
[spm]: ProfilerData event received.
I/flutter ( 2956): [spm] Performance monitoring completed for 698a51a
[spm]: ProfilerData event received.
I/flutter ( 2956): [SPM:perf] 698a51a  buildSpan: 4085µs
I/flutter ( 2956): [spm] Performance monitoring completed for 698a51a
I/flutter ( 2956): [SPM:perf] 698a51a  buildSpan: 4793µs
I/flutter ( 2956): [spm] Performance monitoring completed for 698a51a
[spm]: ProfilerData event received.
I/flutter ( 2956): 01:10 +1: (tearDownAll)
I/flutter ( 2956): 01:11 +2: All tests passed!
All tests passed.
[spm]: Saved 30 profiler events to <ROOT>/dataset-new_samples/2861/redmi9t/raw/20260913-233534/rev_002_213f9e67/e13.jsonl
[spm]: Reverting injection...
3 issues found. (ran in 0.5s)
WARNING: Your Android app project: app located at: <ROOT>/android/app/build.gradle.kts
applies the Kotlin Gradle Plugin, which will cause build failures in future versions of Flutter. 
Please migrate your app to Built-in Kotlin using this guide: https://docs.flutter.dev/release/breaking-changes/migrate-to-built-in-kotlin/for-app-developers

VMServiceFlutterDriver: Connecting to Flutter application at http://127.0.0.1:38533/FzixgT65DkQ=/
[spm]: Detected VM service URI: ws://127.0.0.1:38533/FzixgT65DkQ=/ws
VMServiceFlutterDriver: Isolate found with number: 3299111148716031
VMServiceFlutterDriver: Isolate 3299111148716031 is runnable.
VMServiceFlutterDriver: Isolate is paused at start.
VMServiceFlutterDriver: Attempting to resume isolate
VMServiceFlutterDriver: Connected to Flutter application.
VMServiceFlutterDriver: request_data message is taking a long time to complete...