# sample_id=43/base exec_index=12 ok=True perf_lines=30 vm_events=30 battery_pct=63 soc_temp_millic=45100 battery_temp_c=30.6 charging=False preflight_started=2026-08-15T06:33:15.330423+00:00 started=2026-08-15T06:33:17.700580+00:00 ts=2026-08-15T06:35:16.843047+00:00
[spm]: Running flutter analyze...
Analyzing lib...                                                

   info • The local variable '_value' starts with an underscore. Try renaming the variable to not start with an underscore • lib/generated_widget.dart:86:11 • no_leading_underscores_for_local_identifiers
   info • The local variable '_alternate' starts with an underscore. Try renaming the variable to not start with an underscore • lib/generated_widget.dart:87:11 • no_leading_underscores_for_local_identifiers

[spm]: Injecting profiler code...
[spm]: Starting app...
Running Gradle task 'assembleProfile'...                        
Running Gradle task 'assembleProfile'...                           21.2s
✓ Built build/app/outputs/flutter-apk/app-profile.apk (61.8MB)
Installing build/app/outputs/flutter-apk/app-profile.apk...      1,920ms
D/DecorView[]( 7075): getWindowModeFromSystem  windowmode is 1
D/DecorView[]( 7075): updateDecorCaptionStatus displayWindowDecor is false
W/Looper  ( 7075): PerfMonitor looperActivity : package=com.example.benchmark_container/.MainActivity time=605ms latency=478ms running=0ms  procState=-1  historyMsgCount=3 (msgIndex=3 wall=467ms seq=3 h=android.app.ActivityThread$H w=110)
W/Looper  ( 7075): PerfMonitor looperActivity : package=com.example.benchmark_container/.MainActivity time=0ms latency=1086ms running=0ms  procState=-1  historyMsgCount=4 (msgIndex=3 wall=467ms seq=3 h=android.app.ActivityThread$H w=110) (msgIndex=4 wall=605ms seq=4 late=478ms h=android.app.ActivityThread$H w=159)
I/Choreographer( 7075): Skipped 37 frames!  The application may be doing too much work on its main thread.
D/SurfaceView( 7075): UPDATE null, mIsCastMode = false
D/hw-ProcessState( 7075): Binder ioctl to enable oneway spam detection failed: Invalid argument
W/Looper  ( 7075): PerfMonitor longMsg : seq=8 plan=09:33:54.381 late=627ms wall=1864ms running=0ms h=android.view.Choreographer$FrameHandler c=android.view.Choreographer$FrameDisplayEventReceiver procState=-1
W/Looper  ( 7075): PerfMonitor doFrame : time=1864ms vsyncFrame=0 latency=627ms procState=-1 historyMsgCount=6 (msgIndex=2 wall=1864ms seq=8 late=627ms h=android.view.Choreographer$FrameHandler c=android.view.Choreographer$FrameDisplayEventReceiver) (msgIndex=3 wall=605ms seq=4 h=android.app.ActivityThread$H w=159)
I/Choreographer( 7075): Skipped 104 frames!  The application may be doing too much work on its main thread.
D/SurfaceView( 7075): UPDATE Surface(name=SurfaceView[com.example.benchmark_container/com.example.benchmark_container.MainActivity])/@0x30cbda4, mIsProjectionMode = false
W/Looper  ( 7075): PerfMonitor doFrame : time=2ms vsyncFrame=0 latency=1749ms procState=-1 historyMsgCount=5
[spm]: Connected to Dart VM service.
I/flutter ( 7075): 00:00 +0: Performance Benchmark
E/hmark_containe( 7075): open libmigui.so failed! dlopen - dlopen failed: library "libmigui.so" not found
D/hmark_containe( 7075): MiuiProcessManagerServiceStub setSchedFifo
I/MiuiProcessManagerImpl( 7075): setSchedFifo pid:7075, mode:3
D/DecorView[]( 7075): onWindowFocusChanged hasWindowFocus true
D/DecorView[]( 7075): getWindowModeFromSystem  windowmode is 1
D/DecorView[]( 7075): updateDecorCaptionStatus displayWindowDecor is false
D/ProfileInstaller( 7075): Installing profile for com.example.benchmark_container
I/flutter ( 7075): setState 698a51a
I/flutter ( 7075): [SPM:perf] 698a51a  buildSpan: 730µs
[spm]: ProfilerData event received.
I/flutter ( 7075): [spm] Performance monitoring completed for 698a51a
I/flutter ( 7075): setState 698a51a
[spm]: ProfilerData event received.
I/flutter ( 7075): [SPM:perf] 698a51a  buildSpan: 703µs
I/flutter ( 7075): [spm] Performance monitoring completed for 698a51a
I/flutter ( 7075): setState 698a51a
[spm]: ProfilerData event received.
I/flutter ( 7075): [SPM:perf] 698a51a  buildSpan: 816µs
I/flutter ( 7075): [spm] Performance monitoring completed for 698a51a
I/flutter ( 7075): setState 698a51a
[spm]: ProfilerData event received.
I/flutter ( 7075): [SPM:perf] 698a51a  buildSpan: 753µs
I/flutter ( 7075): [spm] Performance monitoring completed for 698a51a
I/flutter ( 7075): setState 698a51a
[spm]: ProfilerData event received.
I/flutter ( 7075): [SPM:perf] 698a51a  buildSpan: 714µs
I/flutter ( 7075): [spm] Performance monitoring completed for 698a51a
I/flutter ( 7075): setState 698a51a
[spm]: ProfilerData event received.
I/flutter ( 7075): [SPM:perf] 698a51a  buildSpan: 751µs
I/flutter ( 7075): [spm] Performance monitoring completed for 698a51a
I/flutter ( 7075): setState 698a51a
[spm]: ProfilerData event received.
I/flutter ( 7075): [SPM:perf] 698a51a  buildSpan: 735µs
I/flutter ( 7075): [spm] Performance monitoring completed for 698a51a
I/flutter ( 7075): setState 698a51a
I/flutter ( 7075): [SPM:perf] 698a51a  buildSpan: 759µs
I/flutter ( 7075): [spm] Performance monitoring completed for 698a51a
I/flutter ( 7075): setState 698a51a
[spm]: ProfilerData event received.
I/flutter ( 7075): [SPM:perf] 698a51a  buildSpan: 760µs
[spm]: ProfilerData event received.
I/flutter ( 7075): [spm] Performance monitoring completed for 698a51a
I/flutter ( 7075): setState 698a51a
[spm]: ProfilerData event received.
I/flutter ( 7075): [SPM:perf] 698a51a  buildSpan: 732µs
I/flutter ( 7075): [spm] Performance monitoring completed for 698a51a
I/flutter ( 7075): setState 698a51a
[spm]: ProfilerData event received.
I/flutter ( 7075): [SPM:perf] 698a51a  buildSpan: 737µs
I/flutter ( 7075): [spm] Performance monitoring completed for 698a51a
I/flutter ( 7075): setState 698a51a
[spm]: ProfilerData event received.
I/flutter ( 7075): [SPM:perf] 698a51a  buildSpan: 788µs
I/flutter ( 7075): [spm] Performance monitoring completed for 698a51a
I/flutter ( 7075): setState 698a51a
[spm]: ProfilerData event received.
I/flutter ( 7075): [SPM:perf] 698a51a  buildSpan: 950µs
I/flutter ( 7075): [spm] Performance monitoring completed for 698a51a
I/flutter ( 7075): setState 698a51a
I/flutter ( 7075): [SPM:perf] 698a51a  buildSpan: 724µs
[spm]: ProfilerData event received.
I/flutter ( 7075): [spm] Performance monitoring completed for 698a51a
I/flutter ( 7075): setState 698a51a
[spm]: ProfilerData event received.
I/flutter ( 7075): [SPM:perf] 698a51a  buildSpan: 737µs
I/flutter ( 7075): [spm] Performance monitoring completed for 698a51a
I/flutter ( 7075): setState 698a51a
[spm]: ProfilerData event received.
I/flutter ( 7075): [SPM:perf] 698a51a  buildSpan: 756µs
I/flutter ( 7075): [spm] Performance monitoring completed for 698a51a
I/flutter ( 7075): setState 698a51a
[spm]: ProfilerData event received.
I/flutter ( 7075): [SPM:perf] 698a51a  buildSpan: 1161µs
I/flutter ( 7075): [spm] Performance monitoring completed for 698a51a
I/flutter ( 7075): setState 698a51a
[spm]: ProfilerData event received.
I/flutter ( 7075): [SPM:perf] 698a51a  buildSpan: 862µs
I/flutter ( 7075): [spm] Performance monitoring completed for 698a51a
I/flutter ( 7075): setState 698a51a
[spm]: ProfilerData event received.
I/flutter ( 7075): [SPM:perf] 698a51a  buildSpan: 883µs
I/flutter ( 7075): [spm] Performance monitoring completed for 698a51a
I/flutter ( 7075): setState 698a51a
[spm]: ProfilerData event received.
I/flutter ( 7075): [SPM:perf] 698a51a  buildSpan: 834µs
I/flutter ( 7075): [spm] Performance monitoring completed for 698a51a
I/flutter ( 7075): setState 698a51a
[spm]: ProfilerData event received.
I/flutter ( 7075): [SPM:perf] 698a51a  buildSpan: 897µs
I/flutter ( 7075): [spm] Performance monitoring completed for 698a51a
I/flutter ( 7075): setState 698a51a
[spm]: ProfilerData event received.
I/flutter ( 7075): [SPM:perf] 698a51a  buildSpan: 789µs
I/flutter ( 7075): [spm] Performance monitoring completed for 698a51a
I/flutter ( 7075): setState 698a51a
I/flutter ( 7075): [SPM:perf] 698a51a  buildSpan: 710µs
I/flutter ( 7075): [spm] Performance monitoring completed for 698a51a
I/flutter ( 7075): setState 698a51a
[spm]: ProfilerData event received.
[spm]: ProfilerData event received.
I/flutter ( 7075): [SPM:perf] 698a51a  buildSpan: 761µs
I/flutter ( 7075): [spm] Performance monitoring completed for 698a51a
I/flutter ( 7075): setState 698a51a
[spm]: ProfilerData event received.
I/flutter ( 7075): [SPM:perf] 698a51a  buildSpan: 870µs
I/flutter ( 7075): [spm] Performance monitoring completed for 698a51a
I/flutter ( 7075): setState 698a51a
[spm]: ProfilerData event received.
I/flutter ( 7075): [SPM:perf] 698a51a  buildSpan: 709µs
I/flutter ( 7075): [spm] Performance monitoring completed for 698a51a
I/flutter ( 7075): setState 698a51a
I/flutter ( 7075): [SPM:perf] 698a51a  buildSpan: 710µs
[spm]: ProfilerData event received.
I/flutter ( 7075): [spm] Performance monitoring completed for 698a51a
I/flutter ( 7075): setState 698a51a
[spm]: ProfilerData event received.
I/flutter ( 7075): [SPM:perf] 698a51a  buildSpan: 751µs
I/flutter ( 7075): [spm] Performance monitoring completed for 698a51a
I/flutter ( 7075): setState 698a51a
[spm]: ProfilerData event received.
I/flutter ( 7075): [SPM:perf] 698a51a  buildSpan: 716µs
I/flutter ( 7075): [spm] Performance monitoring completed for 698a51a
I/flutter ( 7075): setState 698a51a
[spm]: ProfilerData event received.
I/flutter ( 7075): [SPM:perf] 698a51a  buildSpan: 762µs
I/flutter ( 7075): [spm] Performance monitoring completed for 698a51a
I/flutter ( 7075): 01:10 +1: (tearDownAll)
I/flutter ( 7075): 01:11 +2: All tests passed!
All tests passed.
[spm]: Saved 30 profiler events to <ROOT>/dataset/43/redmi9t/raw/20260815-062755/base/e12.jsonl
[spm]: Reverting injection...
2 issues found. (ran in 0.5s)
WARNING: Your Android app project: app located at: <ROOT>/android/app/build.gradle.kts
applies the Kotlin Gradle Plugin, which will cause build failures in future versions of Flutter. 
Please migrate your app to Built-in Kotlin using this guide: https://docs.flutter.dev/release/breaking-changes/migrate-to-built-in-kotlin/for-app-developers

VMServiceFlutterDriver: Connecting to Flutter application at http://127.0.0.1:39193/bnd2b3fRYwM=/
[spm]: Detected VM service URI: ws://127.0.0.1:39193/bnd2b3fRYwM=/ws
VMServiceFlutterDriver: Isolate found with number: 3012100305931247
VMServiceFlutterDriver: Isolate 3012100305931247 is runnable.
VMServiceFlutterDriver: Isolate is paused at start.
VMServiceFlutterDriver: Attempting to resume isolate
VMServiceFlutterDriver: Connected to Flutter application.