# sample_id=43/base exec_index=4 ok=True perf_lines=30 vm_events=30 battery_pct=55 soc_temp_millic=44200 battery_temp_c=30.4 charging=False preflight_started=2026-08-15T07:38:29.648402+00:00 started=2026-08-15T07:38:32.020848+00:00 ts=2026-08-15T07:40:11.335315+00:00
[spm]: Running flutter analyze...
Analyzing lib...                                                

   info • The local variable '_value' starts with an underscore. Try renaming the variable to not start with an underscore • lib/generated_widget.dart:86:11 • no_leading_underscores_for_local_identifiers
   info • The local variable '_alternate' starts with an underscore. Try renaming the variable to not start with an underscore • lib/generated_widget.dart:87:11 • no_leading_underscores_for_local_identifiers

[spm]: Injecting profiler code...
[spm]: Starting app...
Running Gradle task 'assembleProfile'...                        
Running Gradle task 'assembleProfile'...                         1,890ms
✓ Built build/app/outputs/flutter-apk/app-profile.apk (61.8MB)
Installing build/app/outputs/flutter-apk/app-profile.apk...      1,980ms
D/MULTI_WINDOW_SWITCH_ENABLED( 3530): false
D/IS_CTS_MODE( 3530): true
D/MULTI_WINDOW_SWITCH_ENABLED( 3530): false
D/DecorView[]( 3530): getWindowModeFromSystem  windowmode is 1
D/DecorView[]( 3530): getWindowModeFromSystem  windowmode is 1
D/DecorView[]( 3530): updateDecorCaptionStatus displayWindowDecor is false
W/Looper  ( 3530): PerfMonitor looperActivity : package=com.example.benchmark_container/.MainActivity time=339ms latency=335ms running=0ms  procState=-1  historyMsgCount=3 (msgIndex=1 wall=339ms seq=4 late=335ms h=android.app.ActivityThread$H w=159) (msgIndex=2 wall=339ms seq=4 late=335ms h=android.app.ActivityThread$H w=159) (msgIndex=3 wall=337ms seq=3 h=android.app.ActivityThread$H w=110)
W/Looper  ( 3530): PerfMonitor looperActivity : package=com.example.benchmark_container/.MainActivity time=0ms latency=677ms running=0ms  procState=-1  historyMsgCount=4 (msgIndex=1 wall=339ms seq=4 h=android.app.ActivityThread$H w=159) (msgIndex=2 wall=339ms seq=4 h=android.app.ActivityThread$H w=159) (msgIndex=3 wall=337ms seq=3 h=android.app.ActivityThread$H w=110) (msgIndex=4 wall=339ms seq=4 h=android.app.ActivityThread$H w=159)
D/SurfaceView( 3530): UPDATE null, mIsCastMode = false
D/hw-ProcessState( 3530): Binder ioctl to enable oneway spam detection failed: Invalid argument
W/Looper  ( 3530): PerfMonitor longMsg : seq=8 plan=10:38:48.757 late=341ms wall=1662ms running=0ms h=android.view.Choreographer$FrameHandler c=android.view.Choreographer$FrameDisplayEventReceiver procState=-1
W/Looper  ( 3530): PerfMonitor doFrame : time=1662ms vsyncFrame=0 latency=341ms procState=-1 historyMsgCount=4 (msgIndex=1 wall=1662ms seq=8 late=341ms h=android.view.Choreographer$FrameHandler c=android.view.Choreographer$FrameDisplayEventReceiver)
I/Choreographer( 3530): Skipped 94 frames!  The application may be doing too much work on its main thread.
D/SurfaceView( 3530): UPDATE Surface(name=SurfaceView[com.example.benchmark_container/com.example.benchmark_container.MainActivity])/@0x30cbda4, mIsProjectionMode = false
W/Looper  ( 3530): PerfMonitor doFrame : time=3ms vsyncFrame=0 latency=1575ms procState=-1 historyMsgCount=4
[spm]: Connected to Dart VM service.
I/flutter ( 3530): 00:00 +0: Performance Benchmark
E/hmark_containe( 3530): open libmigui.so failed! dlopen - dlopen failed: library "libmigui.so" not found
D/hmark_containe( 3530): MiuiProcessManagerServiceStub setSchedFifo
I/MiuiProcessManagerImpl( 3530): setSchedFifo pid:3530, mode:3
D/DecorView[]( 3530): onWindowFocusChanged hasWindowFocus true
D/DecorView[]( 3530): getWindowModeFromSystem  windowmode is 1
D/DecorView[]( 3530): updateDecorCaptionStatus displayWindowDecor is false
D/ProfileInstaller( 3530): Installing profile for com.example.benchmark_container
I/flutter ( 3530): setState 698a51a
[spm]: ProfilerData event received.
I/flutter ( 3530): [SPM:perf] 698a51a  buildSpan: 764µs
I/flutter ( 3530): [spm] Performance monitoring completed for 698a51a
I/flutter ( 3530): setState 698a51a
[spm]: ProfilerData event received.
I/flutter ( 3530): [SPM:perf] 698a51a  buildSpan: 693µs
I/flutter ( 3530): [spm] Performance monitoring completed for 698a51a
I/flutter ( 3530): setState 698a51a
[spm]: ProfilerData event received.
I/flutter ( 3530): [SPM:perf] 698a51a  buildSpan: 750µs
I/flutter ( 3530): [spm] Performance monitoring completed for 698a51a
I/flutter ( 3530): setState 698a51a
[spm]: ProfilerData event received.
I/flutter ( 3530): [SPM:perf] 698a51a  buildSpan: 753µs
I/flutter ( 3530): [spm] Performance monitoring completed for 698a51a
I/flutter ( 3530): setState 698a51a
[spm]: ProfilerData event received.
I/flutter ( 3530): [SPM:perf] 698a51a  buildSpan: 884µs
I/flutter ( 3530): [spm] Performance monitoring completed for 698a51a
I/flutter ( 3530): setState 698a51a
[spm]: ProfilerData event received.
I/flutter ( 3530): [SPM:perf] 698a51a  buildSpan: 786µs
I/flutter ( 3530): [spm] Performance monitoring completed for 698a51a
I/flutter ( 3530): setState 698a51a
[spm]: ProfilerData event received.
I/flutter ( 3530): [SPM:perf] 698a51a  buildSpan: 754µs
I/flutter ( 3530): [spm] Performance monitoring completed for 698a51a
I/flutter ( 3530): setState 698a51a
[spm]: ProfilerData event received.
I/flutter ( 3530): [SPM:perf] 698a51a  buildSpan: 716µs
I/flutter ( 3530): [spm] Performance monitoring completed for 698a51a
I/flutter ( 3530): setState 698a51a
[spm]: ProfilerData event received.
I/flutter ( 3530): [SPM:perf] 698a51a  buildSpan: 761µs
I/flutter ( 3530): [spm] Performance monitoring completed for 698a51a
I/flutter ( 3530): setState 698a51a
[spm]: ProfilerData event received.
I/flutter ( 3530): [SPM:perf] 698a51a  buildSpan: 743µs
I/flutter ( 3530): [spm] Performance monitoring completed for 698a51a
I/flutter ( 3530): setState 698a51a
I/flutter ( 3530): [SPM:perf] 698a51a  buildSpan: 712µs
I/flutter ( 3530): [spm] Performance monitoring completed for 698a51a
[spm]: ProfilerData event received.
I/flutter ( 3530): setState 698a51a
[spm]: ProfilerData event received.
I/flutter ( 3530): [SPM:perf] 698a51a  buildSpan: 917µs
I/flutter ( 3530): [spm] Performance monitoring completed for 698a51a
I/flutter ( 3530): setState 698a51a
I/flutter ( 3530): [SPM:perf] 698a51a  buildSpan: 749µs
[spm]: ProfilerData event received.
I/flutter ( 3530): [spm] Performance monitoring completed for 698a51a
I/flutter ( 3530): setState 698a51a
[spm]: ProfilerData event received.
I/flutter ( 3530): [SPM:perf] 698a51a  buildSpan: 928µs
I/flutter ( 3530): [spm] Performance monitoring completed for 698a51a
I/flutter ( 3530): setState 698a51a
[spm]: ProfilerData event received.
I/flutter ( 3530): [SPM:perf] 698a51a  buildSpan: 708µs
I/flutter ( 3530): [spm] Performance monitoring completed for 698a51a
I/flutter ( 3530): setState 698a51a
[spm]: ProfilerData event received.
I/flutter ( 3530): [SPM:perf] 698a51a  buildSpan: 694µs
I/flutter ( 3530): [spm] Performance monitoring completed for 698a51a
I/flutter ( 3530): setState 698a51a
[spm]: ProfilerData event received.
I/flutter ( 3530): [SPM:perf] 698a51a  buildSpan: 770µs
I/flutter ( 3530): [spm] Performance monitoring completed for 698a51a
I/flutter ( 3530): setState 698a51a
I/flutter ( 3530): [SPM:perf] 698a51a  buildSpan: 706µs
I/flutter ( 3530): [spm] Performance monitoring completed for 698a51a
I/flutter ( 3530): setState 698a51a
[spm]: ProfilerData event received.
[spm]: ProfilerData event received.
I/flutter ( 3530): [SPM:perf] 698a51a  buildSpan: 757µs
I/flutter ( 3530): [spm] Performance monitoring completed for 698a51a
I/flutter ( 3530): setState 698a51a
[spm]: ProfilerData event received.
I/flutter ( 3530): [SPM:perf] 698a51a  buildSpan: 777µs
I/flutter ( 3530): [spm] Performance monitoring completed for 698a51a
I/flutter ( 3530): setState 698a51a
[spm]: ProfilerData event received.
I/flutter ( 3530): [SPM:perf] 698a51a  buildSpan: 792µs
I/flutter ( 3530): [spm] Performance monitoring completed for 698a51a
I/flutter ( 3530): setState 698a51a
[spm]: ProfilerData event received.
I/flutter ( 3530): [SPM:perf] 698a51a  buildSpan: 1054µs
I/flutter ( 3530): [spm] Performance monitoring completed for 698a51a
I/flutter ( 3530): setState 698a51a
[spm]: ProfilerData event received.
I/flutter ( 3530): [SPM:perf] 698a51a  buildSpan: 838µs
I/flutter ( 3530): [spm] Performance monitoring completed for 698a51a
I/flutter ( 3530): setState 698a51a
I/flutter ( 3530): [SPM:perf] 698a51a  buildSpan: 770µs
I/flutter ( 3530): [spm] Performance monitoring completed for 698a51a
I/flutter ( 3530): setState 698a51a
[spm]: ProfilerData event received.
[spm]: ProfilerData event received.
I/flutter ( 3530): [SPM:perf] 698a51a  buildSpan: 747µs
I/flutter ( 3530): [spm] Performance monitoring completed for 698a51a
I/flutter ( 3530): setState 698a51a
[spm]: ProfilerData event received.
I/flutter ( 3530): [SPM:perf] 698a51a  buildSpan: 802µs
I/flutter ( 3530): [spm] Performance monitoring completed for 698a51a
I/flutter ( 3530): setState 698a51a
[spm]: ProfilerData event received.
I/flutter ( 3530): [SPM:perf] 698a51a  buildSpan: 713µs
I/flutter ( 3530): [spm] Performance monitoring completed for 698a51a
I/flutter ( 3530): setState 698a51a
I/flutter ( 3530): [SPM:perf] 698a51a  buildSpan: 755µs
I/flutter ( 3530): [spm] Performance monitoring completed for 698a51a
I/flutter ( 3530): setState 698a51a
[spm]: ProfilerData event received.
[spm]: ProfilerData event received.
I/flutter ( 3530): [SPM:perf] 698a51a  buildSpan: 775µs
I/flutter ( 3530): [spm] Performance monitoring completed for 698a51a
I/flutter ( 3530): setState 698a51a
I/flutter ( 3530): [SPM:perf] 698a51a  buildSpan: 813µs
I/flutter ( 3530): [spm] Performance monitoring completed for 698a51a
[spm]: ProfilerData event received.
I/flutter ( 3530): 01:10 +1: (tearDownAll)
I/flutter ( 3530): 01:11 +2: All tests passed!
All tests passed.
[spm]: Saved 30 profiler events to <ROOT>/dataset/43/redmi9t/raw/20260815-062755/base/e4.jsonl
[spm]: Reverting injection...
2 issues found. (ran in 0.5s)
WARNING: Your Android app project: app located at: <ROOT>/android/app/build.gradle.kts
applies the Kotlin Gradle Plugin, which will cause build failures in future versions of Flutter. 
Please migrate your app to Built-in Kotlin using this guide: https://docs.flutter.dev/release/breaking-changes/migrate-to-built-in-kotlin/for-app-developers

VMServiceFlutterDriver: Connecting to Flutter application at http://127.0.0.1:44877/jih_ioORS_M=/
[spm]: Detected VM service URI: ws://127.0.0.1:44877/jih_ioORS_M=/ws
VMServiceFlutterDriver: Isolate found with number: 1236887237003075
VMServiceFlutterDriver: Isolate 1236887237003075 is runnable.
VMServiceFlutterDriver: Isolate is paused at start.
VMServiceFlutterDriver: Attempting to resume isolate
VMServiceFlutterDriver: Connected to Flutter application.