# sample_id=43/base exec_index=7 ok=True perf_lines=30 vm_events=30 battery_pct=78 soc_temp_millic=40500 battery_temp_c=30.8 charging=False preflight_started=2026-08-15T04:13:06.857628+00:00 started=2026-08-15T04:13:09.232874+00:00 ts=2026-08-15T04:15:08.800511+00:00
[spm]: Running flutter analyze...
Analyzing lib...                                                

   info • The local variable '_value' starts with an underscore. Try renaming the variable to not start with an underscore • lib/generated_widget.dart:86:11 • no_leading_underscores_for_local_identifiers
   info • The local variable '_alternate' starts with an underscore. Try renaming the variable to not start with an underscore • lib/generated_widget.dart:87:11 • no_leading_underscores_for_local_identifiers

[spm]: Injecting profiler code...
[spm]: Starting app...
Running Gradle task 'assembleProfile'...                        
Running Gradle task 'assembleProfile'...                           21.2s
✓ Built build/app/outputs/flutter-apk/app-profile.apk (61.8MB)
Installing build/app/outputs/flutter-apk/app-profile.apk...      1,955ms
E/MiuiMultiWindowUtils(14973): initFreeFormResolutionArgs failed, device is lime
D/IS_CTS_MODE(14973): true
D/MULTI_WINDOW_SWITCH_ENABLED(14973): false
D/IS_CTS_MODE(14973): true
D/MULTI_WINDOW_SWITCH_ENABLED(14973): false
D/IS_CTS_MODE(14973): true
D/MULTI_WINDOW_SWITCH_ENABLED(14973): false
D/DecorView[](14973): getWindowModeFromSystem  windowmode is 1
D/DecorView[](14973): updateDecorCaptionStatus displayWindowDecor is false
W/Looper  (14973): PerfMonitor looperActivity : package=com.example.benchmark_container/.MainActivity time=507ms latency=442ms running=0ms  procState=-1  historyMsgCount=3 (msgIndex=1 wall=507ms seq=4 late=442ms h=android.app.ActivityThread$H w=159) (msgIndex=2 wall=507ms seq=4 late=442ms h=android.app.ActivityThread$H w=159) (msgIndex=3 wall=446ms seq=3 h=android.app.ActivityThread$H w=110)
W/Looper  (14973): PerfMonitor looperActivity : package=com.example.benchmark_container/.MainActivity time=1ms latency=953ms running=0ms  procState=-1  historyMsgCount=4 (msgIndex=1 wall=507ms seq=4 late=442ms h=android.app.ActivityThread$H w=159) (msgIndex=2 wall=507ms seq=4 late=442ms h=android.app.ActivityThread$H w=159) (msgIndex=3 wall=446ms seq=3 h=android.app.ActivityThread$H w=110) (msgIndex=4 wall=507ms seq=4 late=442ms h=android.app.ActivityThread$H w=159)
I/Choreographer(14973): Skipped 31 frames!  The application may be doing too much work on its main thread.
D/SurfaceView(14973): UPDATE null, mIsCastMode = false
D/hw-ProcessState(14973): Binder ioctl to enable oneway spam detection failed: Invalid argument
W/Looper  (14973): PerfMonitor longMsg : seq=8 plan=07:13:46.449 late=523ms wall=1675ms running=0ms h=android.view.Choreographer$FrameHandler c=android.view.Choreographer$FrameDisplayEventReceiver procState=-1
W/Looper  (14973): PerfMonitor doFrame : time=1675ms vsyncFrame=0 latency=523ms procState=-1 historyMsgCount=7 (msgIndex=1 wall=507ms seq=4 h=android.app.ActivityThread$H w=159) (msgIndex=2 wall=507ms seq=4 h=android.app.ActivityThread$H w=159) (msgIndex=3 wall=1675ms seq=8 late=523ms h=android.view.Choreographer$FrameHandler c=android.view.Choreographer$FrameDisplayEventReceiver) (msgIndex=4 wall=507ms seq=4 h=android.app.ActivityThread$H w=159)
I/Choreographer(14973): Skipped 95 frames!  The application may be doing too much work on its main thread.
D/SurfaceView(14973): UPDATE Surface(name=SurfaceView[com.example.benchmark_container/com.example.benchmark_container.MainActivity])/@0x30cbda4, mIsProjectionMode = false
W/Looper  (14973): PerfMonitor doFrame : time=3ms vsyncFrame=0 latency=1586ms procState=-1 historyMsgCount=5
[spm]: Connected to Dart VM service.
I/flutter (14973): 00:00 +0: Performance Benchmark
E/hmark_containe(14973): open libmigui.so failed! dlopen - dlopen failed: library "libmigui.so" not found
D/hmark_containe(14973): MiuiProcessManagerServiceStub setSchedFifo
I/MiuiProcessManagerImpl(14973): setSchedFifo pid:14973, mode:3
D/DecorView[](14973): onWindowFocusChanged hasWindowFocus true
D/DecorView[](14973): getWindowModeFromSystem  windowmode is 1
D/DecorView[](14973): updateDecorCaptionStatus displayWindowDecor is false
D/ProfileInstaller(14973): Installing profile for com.example.benchmark_container
I/flutter (14973): setState 698a51a
[spm]: ProfilerData event received.
I/flutter (14973): [SPM:perf] 698a51a  buildSpan: 824µs
I/flutter (14973): [spm] Performance monitoring completed for 698a51a
I/flutter (14973): setState 698a51a
[spm]: ProfilerData event received.
I/flutter (14973): [SPM:perf] 698a51a  buildSpan: 708µs
I/flutter (14973): [spm] Performance monitoring completed for 698a51a
I/flutter (14973): setState 698a51a
[spm]: ProfilerData event received.
I/flutter (14973): [SPM:perf] 698a51a  buildSpan: 737µs
I/flutter (14973): [spm] Performance monitoring completed for 698a51a
I/flutter (14973): setState 698a51a
I/flutter (14973): [SPM:perf] 698a51a  buildSpan: 875µs
I/flutter (14973): [spm] Performance monitoring completed for 698a51a
I/flutter (14973): setState 698a51a
[spm]: ProfilerData event received.
[spm]: ProfilerData event received.
I/flutter (14973): [SPM:perf] 698a51a  buildSpan: 1130µs
I/flutter (14973): [spm] Performance monitoring completed for 698a51a
I/flutter (14973): setState 698a51a
[spm]: ProfilerData event received.
I/flutter (14973): [SPM:perf] 698a51a  buildSpan: 685µs
I/flutter (14973): [spm] Performance monitoring completed for 698a51a
I/flutter (14973): setState 698a51a
[spm]: ProfilerData event received.
I/flutter (14973): [SPM:perf] 698a51a  buildSpan: 745µs
I/flutter (14973): [spm] Performance monitoring completed for 698a51a
I/flutter (14973): setState 698a51a
[spm]: ProfilerData event received.
I/flutter (14973): [SPM:perf] 698a51a  buildSpan: 856µs
I/flutter (14973): [spm] Performance monitoring completed for 698a51a
I/flutter (14973): setState 698a51a
[spm]: ProfilerData event received.
I/flutter (14973): [SPM:perf] 698a51a  buildSpan: 730µs
I/flutter (14973): [spm] Performance monitoring completed for 698a51a
I/flutter (14973): setState 698a51a
[spm]: ProfilerData event received.
I/flutter (14973): [SPM:perf] 698a51a  buildSpan: 706µs
I/flutter (14973): [spm] Performance monitoring completed for 698a51a
I/flutter (14973): setState 698a51a
I/flutter (14973): [SPM:perf] 698a51a  buildSpan: 792µs
I/flutter (14973): [spm] Performance monitoring completed for 698a51a
I/flutter (14973): setState 698a51a
[spm]: ProfilerData event received.
[spm]: ProfilerData event received.
I/flutter (14973): [SPM:perf] 698a51a  buildSpan: 789µs
I/flutter (14973): [spm] Performance monitoring completed for 698a51a
I/flutter (14973): setState 698a51a
I/flutter (14973): [SPM:perf] 698a51a  buildSpan: 715µs
I/flutter (14973): [spm] Performance monitoring completed for 698a51a
I/flutter (14973): setState 698a51a
[spm]: ProfilerData event received.
[spm]: ProfilerData event received.
I/flutter (14973): [SPM:perf] 698a51a  buildSpan: 773µs
I/flutter (14973): [spm] Performance monitoring completed for 698a51a
I/flutter (14973): setState 698a51a
I/flutter (14973): [SPM:perf] 698a51a  buildSpan: 819µs
I/flutter (14973): [spm] Performance monitoring completed for 698a51a
[spm]: ProfilerData event received.
I/flutter (14973): setState 698a51a
[spm]: ProfilerData event received.
I/flutter (14973): [SPM:perf] 698a51a  buildSpan: 837µs
I/flutter (14973): [spm] Performance monitoring completed for 698a51a
I/flutter (14973): setState 698a51a
[spm]: ProfilerData event received.
I/flutter (14973): [SPM:perf] 698a51a  buildSpan: 793µs
I/flutter (14973): [spm] Performance monitoring completed for 698a51a
I/flutter (14973): setState 698a51a
[spm]: ProfilerData event received.
I/flutter (14973): [SPM:perf] 698a51a  buildSpan: 771µs
I/flutter (14973): [spm] Performance monitoring completed for 698a51a
I/flutter (14973): setState 698a51a
[spm]: ProfilerData event received.
I/flutter (14973): [SPM:perf] 698a51a  buildSpan: 758µs
I/flutter (14973): [spm] Performance monitoring completed for 698a51a
I/flutter (14973): setState 698a51a
I/flutter (14973): [SPM:perf] 698a51a  buildSpan: 736µs
I/flutter (14973): [spm] Performance monitoring completed for 698a51a
I/flutter (14973): setState 698a51a
[spm]: ProfilerData event received.
[spm]: ProfilerData event received.
I/flutter (14973): [SPM:perf] 698a51a  buildSpan: 761µs
I/flutter (14973): [spm] Performance monitoring completed for 698a51a
I/flutter (14973): setState 698a51a
[spm]: ProfilerData event received.
I/flutter (14973): [SPM:perf] 698a51a  buildSpan: 758µs
I/flutter (14973): [spm] Performance monitoring completed for 698a51a
I/flutter (14973): setState 698a51a
[spm]: ProfilerData event received.
I/flutter (14973): [SPM:perf] 698a51a  buildSpan: 891µs
I/flutter (14973): [spm] Performance monitoring completed for 698a51a
I/flutter (14973): setState 698a51a
[spm]: ProfilerData event received.
I/flutter (14973): [SPM:perf] 698a51a  buildSpan: 730µs
I/flutter (14973): [spm] Performance monitoring completed for 698a51a
I/flutter (14973): setState 698a51a
[spm]: ProfilerData event received.
I/flutter (14973): [SPM:perf] 698a51a  buildSpan: 746µs
I/flutter (14973): [spm] Performance monitoring completed for 698a51a
I/flutter (14973): setState 698a51a
I/flutter (14973): [SPM:perf] 698a51a  buildSpan: 724µs
I/flutter (14973): [spm] Performance monitoring completed for 698a51a
I/flutter (14973): setState 698a51a
[spm]: ProfilerData event received.
[spm]: ProfilerData event received.
I/flutter (14973): [SPM:perf] 698a51a  buildSpan: 752µs
I/flutter (14973): [spm] Performance monitoring completed for 698a51a
I/flutter (14973): setState 698a51a
[spm]: ProfilerData event received.
I/flutter (14973): [SPM:perf] 698a51a  buildSpan: 746µs
I/flutter (14973): [spm] Performance monitoring completed for 698a51a
I/flutter (14973): setState 698a51a
I/flutter (14973): [SPM:perf] 698a51a  buildSpan: 783µs
[spm]: ProfilerData event received.
I/flutter (14973): [spm] Performance monitoring completed for 698a51a
I/flutter (14973): setState 698a51a
I/flutter (14973): [SPM:perf] 698a51a  buildSpan: 748µs
[spm]: ProfilerData event received.
I/flutter (14973): [spm] Performance monitoring completed for 698a51a
I/flutter (14973): 01:10 +1: (tearDownAll)
I/flutter (14973): 01:11 +2: All tests passed!
All tests passed.
[spm]: Saved 30 profiler events to <ROOT>/dataset/43/redmi9t/raw/20260815-062755/base/e7.jsonl
[spm]: Reverting injection...
2 issues found. (ran in 0.5s)
WARNING: Your Android app project: app located at: <ROOT>/android/app/build.gradle.kts
applies the Kotlin Gradle Plugin, which will cause build failures in future versions of Flutter. 
Please migrate your app to Built-in Kotlin using this guide: https://docs.flutter.dev/release/breaking-changes/migrate-to-built-in-kotlin/for-app-developers

VMServiceFlutterDriver: Connecting to Flutter application at http://127.0.0.1:36287/oxn5sLj7WY0=/
[spm]: Detected VM service URI: ws://127.0.0.1:36287/oxn5sLj7WY0=/ws
VMServiceFlutterDriver: Isolate found with number: 7164511388298863
VMServiceFlutterDriver: Isolate 7164511388298863 is runnable.
VMServiceFlutterDriver: Isolate is paused at start.
VMServiceFlutterDriver: Attempting to resume isolate
VMServiceFlutterDriver: Connected to Flutter application.