# sample_id=0348/rev_002_ae402f3c exec_index=0 ok=True perf_lines=30 vm_events=30 battery_pct=68 soc_temp_millic=46000 battery_temp_c=33.1 charging=False preflight_started=2026-09-09T14:14:56.323947+00:00 started=2026-09-09T14:14:58.676782+00:00 ts=2026-09-09T14:17:03.176058+00:00
[spm]: Running flutter analyze...
Analyzing lib...                                                

   info • The part-of directive uses a library name. Try converting the directive to use the URI of the library • lib/dependencies.dart:46:1 • use_string_in_part_of_directives
   info • Library names are not necessary. Remove the library name • lib/generated_widget.dart:2:9 • unnecessary_library_name

[spm]: Injecting profiler code...
[spm]: Starting app...
Running Gradle task 'assembleProfile'...                        
Running Gradle task 'assembleProfile'...                           23.9s
✓ Built build/app/outputs/flutter-apk/app-profile.apk (34.5MB)
Installing build/app/outputs/flutter-apk/app-profile.apk...      1,235ms
D/DecorView[](14925): getWindowModeFromSystem  windowmode is 1
D/DecorView[](14925): updateDecorCaptionStatus displayWindowDecor is false
W/Looper  (14925): PerfMonitor looperActivity : package=com.example.benchmark_container/.MainActivity time=379ms latency=348ms running=0ms  procState=-1  historyMsgCount=2 (msgIndex=1 wall=379ms seq=4 late=348ms h=android.app.ActivityThread$H w=159) (msgIndex=2 wall=394ms seq=3 h=android.app.ActivityThread$H w=110)
W/Looper  (14925): PerfMonitor looperActivity : package=com.example.benchmark_container/.MainActivity time=0ms latency=730ms running=0ms  procState=-1  historyMsgCount=4 (msgIndex=2 wall=379ms seq=4 late=348ms h=android.app.ActivityThread$H w=159) (msgIndex=3 wall=394ms seq=3 h=android.app.ActivityThread$H w=110) (msgIndex=4 wall=379ms seq=4 late=348ms h=android.app.ActivityThread$H w=159)
D/SurfaceView(14925): UPDATE null, mIsCastMode = false
W/Looper  (14925): PerfMonitor longMsg : seq=8 plan=17:15:39.748 late=392ms wall=1860ms running=0ms h=android.view.Choreographer$FrameHandler c=android.view.Choreographer$FrameDisplayEventReceiver procState=-1
W/Looper  (14925): PerfMonitor doFrame : time=1860ms vsyncFrame=0 latency=392ms procState=-1 historyMsgCount=7 (msgIndex=2 wall=379ms seq=4 h=android.app.ActivityThread$H w=159) (msgIndex=3 wall=1860ms seq=8 late=392ms h=android.view.Choreographer$FrameHandler c=android.view.Choreographer$FrameDisplayEventReceiver) (msgIndex=4 wall=379ms seq=4 h=android.app.ActivityThread$H w=159)
I/Choreographer(14925): Skipped 104 frames!  The application may be doing too much work on its main thread.
D/SurfaceView(14925): UPDATE Surface(name=SurfaceView[com.example.benchmark_container/com.example.benchmark_container.MainActivity])/@0xca20cbb, mIsProjectionMode = false
W/Looper  (14925): PerfMonitor doFrame : time=3ms vsyncFrame=0 latency=1742ms procState=-1 historyMsgCount=4
[spm]: Connected to Dart VM service.
I/flutter (14925): 00:00 +0: Performance Benchmark
E/hmark_containe(14925): open libmigui.so failed! dlopen - dlopen failed: library "libmigui.so" not found
D/hmark_containe(14925): MiuiProcessManagerServiceStub setSchedFifo
I/MiuiProcessManagerImpl(14925): setSchedFifo pid:14925, mode:3
D/DecorView[](14925): onWindowFocusChanged hasWindowFocus true
D/DecorView[](14925): getWindowModeFromSystem  windowmode is 1
D/DecorView[](14925): updateDecorCaptionStatus displayWindowDecor is false
D/ProfileInstaller(14925): Installing profile for com.example.benchmark_container
[spm]: ProfilerData event received.
I/flutter (14925): [SPM:perf] 698a51a  buildSpan: 2009µs
I/flutter (14925): [spm] Performance monitoring completed for 698a51a
[spm]: ProfilerData event received.
I/flutter (14925): [SPM:perf] 698a51a  buildSpan: 1818µs
I/flutter (14925): [spm] Performance monitoring completed for 698a51a
[spm]: ProfilerData event received.
I/flutter (14925): [SPM:perf] 698a51a  buildSpan: 1791µs
I/flutter (14925): [spm] Performance monitoring completed for 698a51a
I/flutter (14925): [SPM:perf] 698a51a  buildSpan: 1746µs
I/flutter (14925): [spm] Performance monitoring completed for 698a51a
[spm]: ProfilerData event received.
I/flutter (14925): [SPM:perf] 698a51a  buildSpan: 1747µs
[spm]: ProfilerData event received.
I/flutter (14925): [spm] Performance monitoring completed for 698a51a
[spm]: ProfilerData event received.
I/flutter (14925): [SPM:perf] 698a51a  buildSpan: 5677µs
I/flutter (14925): [spm] Performance monitoring completed for 698a51a
[spm]: ProfilerData event received.
I/flutter (14925): [SPM:perf] 698a51a  buildSpan: 2320µs
I/flutter (14925): [spm] Performance monitoring completed for 698a51a
[spm]: ProfilerData event received.
I/flutter (14925): [SPM:perf] 698a51a  buildSpan: 1769µs
I/flutter (14925): [spm] Performance monitoring completed for 698a51a
[spm]: ProfilerData event received.
I/flutter (14925): [SPM:perf] 698a51a  buildSpan: 1763µs
I/flutter (14925): [spm] Performance monitoring completed for 698a51a
[spm]: ProfilerData event received.
I/flutter (14925): [SPM:perf] 698a51a  buildSpan: 1842µs
I/flutter (14925): [spm] Performance monitoring completed for 698a51a
[spm]: ProfilerData event received.
I/flutter (14925): [SPM:perf] 698a51a  buildSpan: 1747µs
I/flutter (14925): [spm] Performance monitoring completed for 698a51a
[spm]: ProfilerData event received.
I/flutter (14925): [SPM:perf] 698a51a  buildSpan: 1819µs
I/flutter (14925): [spm] Performance monitoring completed for 698a51a
[spm]: ProfilerData event received.
I/flutter (14925): [SPM:perf] 698a51a  buildSpan: 1935µs
I/flutter (14925): [spm] Performance monitoring completed for 698a51a
[spm]: ProfilerData event received.
I/flutter (14925): [SPM:perf] 698a51a  buildSpan: 1835µs
I/flutter (14925): [spm] Performance monitoring completed for 698a51a
I/flutter (14925): [SPM:perf] 698a51a  buildSpan: 2335µs
I/flutter (14925): [spm] Performance monitoring completed for 698a51a
[spm]: ProfilerData event received.
[spm]: ProfilerData event received.
I/flutter (14925): [SPM:perf] 698a51a  buildSpan: 1891µs
I/flutter (14925): [spm] Performance monitoring completed for 698a51a
[spm]: ProfilerData event received.
I/flutter (14925): [SPM:perf] 698a51a  buildSpan: 1807µs
I/flutter (14925): [spm] Performance monitoring completed for 698a51a
[spm]: ProfilerData event received.
I/flutter (14925): [SPM:perf] 698a51a  buildSpan: 1763µs
I/flutter (14925): [spm] Performance monitoring completed for 698a51a
[spm]: ProfilerData event received.
I/flutter (14925): [SPM:perf] 698a51a  buildSpan: 1783µs
I/flutter (14925): [spm] Performance monitoring completed for 698a51a
[spm]: ProfilerData event received.
I/flutter (14925): [SPM:perf] 698a51a  buildSpan: 2404µs
I/flutter (14925): [spm] Performance monitoring completed for 698a51a
[spm]: ProfilerData event received.
I/flutter (14925): [SPM:perf] 698a51a  buildSpan: 1891µs
I/flutter (14925): [spm] Performance monitoring completed for 698a51a
[spm]: ProfilerData event received.
I/flutter (14925): [SPM:perf] 698a51a  buildSpan: 1761µs
I/flutter (14925): [spm] Performance monitoring completed for 698a51a
[spm]: ProfilerData event received.
I/flutter (14925): [SPM:perf] 698a51a  buildSpan: 1914µs
I/flutter (14925): [spm] Performance monitoring completed for 698a51a
[spm]: ProfilerData event received.
I/flutter (14925): [SPM:perf] 698a51a  buildSpan: 1830µs
I/flutter (14925): [spm] Performance monitoring completed for 698a51a
[spm]: ProfilerData event received.
I/flutter (14925): [SPM:perf] 698a51a  buildSpan: 1759µs
I/flutter (14925): [spm] Performance monitoring completed for 698a51a
[spm]: ProfilerData event received.
I/flutter (14925): [SPM:perf] 698a51a  buildSpan: 1895µs
I/flutter (14925): [spm] Performance monitoring completed for 698a51a
[spm]: ProfilerData event received.
I/flutter (14925): [SPM:perf] 698a51a  buildSpan: 1894µs
I/flutter (14925): [spm] Performance monitoring completed for 698a51a
[spm]: ProfilerData event received.
I/flutter (14925): [SPM:perf] 698a51a  buildSpan: 1973µs
I/flutter (14925): [spm] Performance monitoring completed for 698a51a
I/flutter (14925): [SPM:perf] 698a51a  buildSpan: 1748µs
[spm]: ProfilerData event received.
I/flutter (14925): [spm] Performance monitoring completed for 698a51a
[spm]: ProfilerData event received.
I/flutter (14925): [SPM:perf] 698a51a  buildSpan: 1809µs
I/flutter (14925): [spm] Performance monitoring completed for 698a51a
I/flutter (14925): 01:10 +1: (tearDownAll)
I/flutter (14925): 01:11 +2: All tests passed!
All tests passed.
[spm]: Saved 30 profiler events to <ROOT>/dataset-new_samples/0348/redmi9t/raw/20260909-162112/rev_002_ae402f3c/e0.jsonl
[spm]: Reverting injection...
2 issues found. (ran in 0.7s)
WARNING: Your Android app project: app located at: <ROOT>/android/app/build.gradle.kts
applies the Kotlin Gradle Plugin, which will cause build failures in future versions of Flutter. 
Please migrate your app to Built-in Kotlin using this guide: https://docs.flutter.dev/release/breaking-changes/migrate-to-built-in-kotlin/for-app-developers

VMServiceFlutterDriver: Connecting to Flutter application at http://127.0.0.1:39361/t3cV3tI4A2Y=/
[spm]: Detected VM service URI: ws://127.0.0.1:39361/t3cV3tI4A2Y=/ws
VMServiceFlutterDriver: Isolate found with number: 5512434884268691
VMServiceFlutterDriver: Isolate 5512434884268691 is runnable.
VMServiceFlutterDriver: Isolate is paused at start.
VMServiceFlutterDriver: Attempting to resume isolate
VMServiceFlutterDriver: Connected to Flutter application.
VMServiceFlutterDriver: request_data message is taking a long time to complete...