# sample_id=0348/rev_002_ae402f3c exec_index=1 ok=True perf_lines=30 vm_events=30 battery_pct=64 soc_temp_millic=44200 battery_temp_c=33.1 charging=False preflight_started=2026-09-09T14:46:14.063608+00:00 started=2026-09-09T14:46:16.396162+00:00 ts=2026-09-09T14:48:20.871264+00:00
[spm]: Running flutter analyze...
Analyzing lib...                                                

   info • The part-of directive uses a library name. Try converting the directive to use the URI of the library • lib/dependencies.dart:46:1 • use_string_in_part_of_directives
   info • Library names are not necessary. Remove the library name • lib/generated_widget.dart:2:9 • unnecessary_library_name

[spm]: Injecting profiler code...
[spm]: Starting app...
Running Gradle task 'assembleProfile'...                        
Running Gradle task 'assembleProfile'...                           23.7s
✓ Built build/app/outputs/flutter-apk/app-profile.apk (34.5MB)
Installing build/app/outputs/flutter-apk/app-profile.apk...      1,221ms
I/hmark_containe(16939): hiddenapi: Accessing hidden method Landroid/view/accessibility/AccessibilityNodeInfo;->getSourceNodeId()J (runtime_flags=0, domain=platform, api=unsupported,test-api) from Lio/flutter/view/AccessibilityViewEmbedder$ReflectionAccessors; (domain=app, TargetSdkVersion=36) using reflection: allowed
I/hmark_containe(16939): hiddenapi: Accessing hidden method Landroid/view/accessibility/AccessibilityRecord;->getSourceNodeId()J (runtime_flags=0, domain=platform, api=unsupported) from Lio/flutter/view/AccessibilityViewEmbedder$ReflectionAccessors; (domain=app, TargetSdkVersion=36) using reflection: allowed
I/hmark_containe(16939): hiddenapi: Accessing hidden field Landroid/view/accessibility/AccessibilityNodeInfo;->mChildNodeIds:Landroid/util/LongArray; (runtime_flags=0, domain=platform, api=unsupported) from Lio/flutter/view/AccessibilityViewEmbedder$ReflectionAccessors; (domain=app, TargetSdkVersion=36) using reflection: allowed
I/hmark_containe(16939): hiddenapi: Accessing hidden method Landroid/util/LongArray;->get(I)J (runtime_flags=0, domain=platform, api=unsupported) from Lio/flutter/view/AccessibilityViewEmbedder$ReflectionAccessors; (domain=app, TargetSdkVersion=36) using reflection: allowed
D/MiuiMultiWindowUtils(16939): freeform resolution args raw data:{  "zizhan":{    "freeform_args": {      "inner":{        "vertical_portrait":{"aspect_ratio":0.626, "original_ratio":0.5643,"original_scale":0.74,"top_margin":0.168,"left_margin":0.484},        "horizontal_portrait":{"aspect_ratio":0.626, "original_ratio":0.5643,"original_scale":0.74,"top_margin":0.1222,"left_margin":0.59745},        "vertical_landscape":{"aspect_ratio":1.6, "original_ratio":1,"original_scale":0.604,"top_margin":0.2596,"left_margin":0.2624},        "horizontal_landscape":{"aspect_ratio":1.6, "original_ratio":1,"original_scale":0.604,"top_margin":0.213,"left_margin":0.3758}      },      "outer":{        "vertical_portrait":{"aspect_ratio":0.626, "original_ratio":1,"original_scale":0.74,"top_margin":0.0753,"left_margin":-1},        "horizontal_portrait":{"aspect_ratio":0.626, "original_ratio":1,"original_scale":0.5756,"top_margin":-1,"left_margin":0.0753},        "vertical_landscape":{"aspect_ratio":1.6, "original_ratio":0.6847,"original_scale":0.587,"top_margin":0.0753,"left_margin":-1},        "horizontal_landscape":{"aspect_ratio":1.6, "original_ratio":0.6847,"original_scale":0.587,"top_margin":-1,"left_margin":0.0753}}    },    "mini_freeform_args":{      "inner":{        "vertical_portrait":{"aspect_ratio":0.626, "original_ratio":0.147},        "horizontal_portrait":{"aspect_ratio":0.626, "original_ratio":0.147},        "vertical_landscape":{"aspect_ratio":1.6, "original_ratio":0.165},        "horizontal_landscape":{"aspect_ratio":1.6, "original_ratio":0.165}      },      "outer":{        "vertical_portrait":{"aspect_ratio":0.626, "original_ratio":0.26},        "horizontal_portrait":{"aspect_ratio":0.626, "original_ratio":0.26},        "vertical_landscape":{"aspect_ratio":1.6, "original_ratio":0.293},        "horizontal_landscape":{"aspect_ratio":1.6, "original_ratio":0.293}}    }  },  "wide_default":{    "freeform_args": {        "vertical_portrait":{"aspect_ratio":0.625, "original_ratio":0.5806,"original_scale":0.7574,"top_margin":0.125,"left_margin":0.392},        "horizontal_portrait":{"aspect_ratio":0.625, "original_ratio":0.5806,"original_scale":0.7574,"top_margin":-1,"left_margin":0.6415},        "vertical_landscape":{"aspect_ratio":1.6, "original_ratio":1,"original_scale":0.5153,"top_margin":0.125,"left_margin":0.206},        "horizontal_landscape":{"aspect_ratio":1.6, "original_ratio":1,"original_scale":0.5153,"top_margin":-1,"left_margin":0.456}    },    "mini_freeform_args":{        "vertical_portrait":{"aspect_ratio":0.5625, "original_ratio":0.144},        "horizontal_portrait":{"aspect_ratio":0.5625, "original_ratio":0.144},        "vertical_landscape":{"aspect_ratio":-1, "original_ratio":0.144},        "horizontal_landscape":{"aspect_ratio":-1, "original_ratio":0.144}    }  },  "narrow_default": {    "freeform_args": {        "vertical_portrait":{"aspect_ratio":0.5625, "original_ratio":1,"original_scale":0.7182,"top_margin":0.142,"left_margin":-1},        "horizontal_portrait":{"aspect_ratio":0.8, "original_ratio":1,"original_scale":0.7182,"top_margin":-1,"left_margin":0.05},        "vertical_landscape":{"aspect_ratio":1.6, "original_ratio":0.6545,"original_scale":0.4473,"top_margin":0.142,"left_margin":-1},        "horizontal_landscape":{"aspect_ratio":1.6, "original_ratio":0.6545,"original_scale":0.4473,"top_margin":-1,"left_margin":0.05}    },    "mini_freeform_args":{        "vertical_portrait":{"aspect_ratio":0.5625, "original_ratio":0.3},        "horizontal_portrait":{"aspect_ratio":0.5625, "original_ratio":0.3},        "vertical_landscape":{"aspect_ratio":1.7778, "original_ratio":0.3},        "horizontal_landscape":{"aspect_ratio":1.7778, "original_ratio":0.3}    }  },  "regular_default": {    "freeform_args": {      "vertical_portrait":{"aspect_ratio":0.625, "original_ratio":1,"original_scale":0.7,"top_margin":0.109,"left_margin":-1},      "horizontal_portrait":{"aspect_ratio":0.6667, "original_ratio":1,"original_scale":0.6102,"top_margin":-1,"left_margin":0.026},      "vertical_landscape":{"asp
E/MiuiMultiWindowUtils(16939): initFreeFormResolutionArgs failed, device is lime
D/IS_CTS_MODE(16939): true
D/MULTI_WINDOW_SWITCH_ENABLED(16939): false
D/IS_CTS_MODE(16939): true
D/MULTI_WINDOW_SWITCH_ENABLED(16939): false
D/IS_CTS_MODE(16939): true
D/MULTI_WINDOW_SWITCH_ENABLED(16939): false
D/DecorView[](16939): getWindowModeFromSystem  windowmode is 1
I/ForceDarkHelperStubImpl(16939): setViewRootImplForceDark: false for com.example.benchmark_container.MainActivity@e6f428d, reason: AppDarkModeEnable
I/ForceDarkHelperStubImpl(16939): setViewRootImplForceDark: false for com.example.benchmark_container.MainActivity@e6f428d, reason: AppDarkModeEnable
D/DecorView[](16939): getWindowModeFromSystem  windowmode is 1
D/DecorView[](16939): updateDecorCaptionStatus displayWindowDecor is false
W/Looper  (16939): PerfMonitor looperActivity : package=com.example.benchmark_container/.MainActivity time=369ms latency=403ms running=0ms  procState=-1  historyMsgCount=3 (msgIndex=3 wall=382ms seq=3 h=android.app.ActivityThread$H w=110)
W/Looper  (16939): PerfMonitor looperActivity : package=com.example.benchmark_container/.MainActivity time=0ms latency=774ms running=0ms  procState=-1  historyMsgCount=4 (msgIndex=3 wall=382ms seq=3 h=android.app.ActivityThread$H w=110) (msgIndex=4 wall=369ms seq=4 late=403ms h=android.app.ActivityThread$H w=159)
D/SurfaceView(16939): UPDATE null, mIsCastMode = false
D/hw-ProcessState(16939): Binder ioctl to enable oneway spam detection failed: Invalid argument
W/Looper  (16939): PerfMonitor longMsg : seq=8 plan=17:46:57.079 late=381ms wall=1710ms running=0ms h=android.view.Choreographer$FrameHandler c=android.view.Choreographer$FrameDisplayEventReceiver procState=-1
W/Looper  (16939): PerfMonitor doFrame : time=1710ms vsyncFrame=0 latency=381ms procState=-1 historyMsgCount=6 (msgIndex=2 wall=1710ms seq=8 late=381ms h=android.view.Choreographer$FrameHandler c=android.view.Choreographer$FrameDisplayEventReceiver) (msgIndex=3 wall=369ms seq=4 h=android.app.ActivityThread$H w=159)
I/Choreographer(16939): Skipped 97 frames!  The application may be doing too much work on its main thread.
D/SurfaceView(16939): UPDATE Surface(name=SurfaceView[com.example.benchmark_container/com.example.benchmark_container.MainActivity])/@0xca20cbb, mIsProjectionMode = false
W/Looper  (16939): PerfMonitor doFrame : time=3ms vsyncFrame=0 latency=1617ms procState=-1 historyMsgCount=4
[spm]: Connected to Dart VM service.
I/flutter (16939): 00:00 +0: Performance Benchmark
E/hmark_containe(16939): open libmigui.so failed! dlopen - dlopen failed: library "libmigui.so" not found
D/hmark_containe(16939): MiuiProcessManagerServiceStub setSchedFifo
I/MiuiProcessManagerImpl(16939): setSchedFifo pid:16939, mode:3
D/DecorView[](16939): onWindowFocusChanged hasWindowFocus true
D/DecorView[](16939): getWindowModeFromSystem  windowmode is 1
D/DecorView[](16939): updateDecorCaptionStatus displayWindowDecor is false
D/ProfileInstaller(16939): Installing profile for com.example.benchmark_container
[spm]: ProfilerData event received.
I/flutter (16939): [SPM:perf] 698a51a  buildSpan: 2041µs
I/flutter (16939): [spm] Performance monitoring completed for 698a51a
[spm]: ProfilerData event received.
I/flutter (16939): [SPM:perf] 698a51a  buildSpan: 1770µs
I/flutter (16939): [spm] Performance monitoring completed for 698a51a
[spm]: ProfilerData event received.
I/flutter (16939): [SPM:perf] 698a51a  buildSpan: 1791µs
I/flutter (16939): [spm] Performance monitoring completed for 698a51a
[spm]: ProfilerData event received.
I/flutter (16939): [SPM:perf] 698a51a  buildSpan: 1749µs
I/flutter (16939): [spm] Performance monitoring completed for 698a51a
[spm]: ProfilerData event received.
I/flutter (16939): [SPM:perf] 698a51a  buildSpan: 1754µs
I/flutter (16939): [spm] Performance monitoring completed for 698a51a
[spm]: ProfilerData event received.
I/flutter (16939): [SPM:perf] 698a51a  buildSpan: 5412µs
I/flutter (16939): [spm] Performance monitoring completed for 698a51a
[spm]: ProfilerData event received.
I/flutter (16939): [SPM:perf] 698a51a  buildSpan: 2078µs
I/flutter (16939): [spm] Performance monitoring completed for 698a51a
[spm]: ProfilerData event received.
I/flutter (16939): [SPM:perf] 698a51a  buildSpan: 1804µs
I/flutter (16939): [spm] Performance monitoring completed for 698a51a
[spm]: ProfilerData event received.
I/flutter (16939): [SPM:perf] 698a51a  buildSpan: 1783µs
I/flutter (16939): [spm] Performance monitoring completed for 698a51a
[spm]: ProfilerData event received.
I/flutter (16939): [SPM:perf] 698a51a  buildSpan: 2024µs
I/flutter (16939): [spm] Performance monitoring completed for 698a51a
[spm]: ProfilerData event received.
I/flutter (16939): [SPM:perf] 698a51a  buildSpan: 1887µs
I/flutter (16939): [spm] Performance monitoring completed for 698a51a
[spm]: ProfilerData event received.
I/flutter (16939): [SPM:perf] 698a51a  buildSpan: 1788µs
I/flutter (16939): [spm] Performance monitoring completed for 698a51a
I/flutter (16939): [SPM:perf] 698a51a  buildSpan: 1766µs
I/flutter (16939): [spm] Performance monitoring completed for 698a51a
[spm]: ProfilerData event received.
[spm]: ProfilerData event received.
I/flutter (16939): [SPM:perf] 698a51a  buildSpan: 1800µs
I/flutter (16939): [spm] Performance monitoring completed for 698a51a
[spm]: ProfilerData event received.
I/flutter (16939): [SPM:perf] 698a51a  buildSpan: 2062µs
I/flutter (16939): [spm] Performance monitoring completed for 698a51a
[spm]: ProfilerData event received.
I/flutter (16939): [SPM:perf] 698a51a  buildSpan: 1874µs
I/flutter (16939): [spm] Performance monitoring completed for 698a51a
I/flutter (16939): [SPM:perf] 698a51a  buildSpan: 1775µs
I/flutter (16939): [spm] Performance monitoring completed for 698a51a
[spm]: ProfilerData event received.
[spm]: ProfilerData event received.
I/flutter (16939): [SPM:perf] 698a51a  buildSpan: 1885µs
I/flutter (16939): [spm] Performance monitoring completed for 698a51a
[spm]: ProfilerData event received.
I/flutter (16939): [SPM:perf] 698a51a  buildSpan: 1767µs
I/flutter (16939): [spm] Performance monitoring completed for 698a51a
[spm]: ProfilerData event received.
I/flutter (16939): [SPM:perf] 698a51a  buildSpan: 1802µs
I/flutter (16939): [spm] Performance monitoring completed for 698a51a
[spm]: ProfilerData event received.
I/flutter (16939): [SPM:perf] 698a51a  buildSpan: 2004µs
I/flutter (16939): [spm] Performance monitoring completed for 698a51a
[spm]: ProfilerData event received.
I/flutter (16939): [SPM:perf] 698a51a  buildSpan: 1771µs
I/flutter (16939): [spm] Performance monitoring completed for 698a51a
[spm]: ProfilerData event received.
I/flutter (16939): [SPM:perf] 698a51a  buildSpan: 2007µs
I/flutter (16939): [spm] Performance monitoring completed for 698a51a
[spm]: ProfilerData event received.
I/flutter (16939): [SPM:perf] 698a51a  buildSpan: 1751µs
I/flutter (16939): [spm] Performance monitoring completed for 698a51a
[spm]: ProfilerData event received.
I/flutter (16939): [SPM:perf] 698a51a  buildSpan: 1864µs
I/flutter (16939): [spm] Performance monitoring completed for 698a51a
[spm]: ProfilerData event received.
I/flutter (16939): [SPM:perf] 698a51a  buildSpan: 1802µs
I/flutter (16939): [spm] Performance monitoring completed for 698a51a
[spm]: ProfilerData event received.
I/flutter (16939): [SPM:perf] 698a51a  buildSpan: 1788µs
I/flutter (16939): [spm] Performance monitoring completed for 698a51a
[spm]: ProfilerData event received.
I/flutter (16939): [SPM:perf] 698a51a  buildSpan: 1763µs
I/flutter (16939): [spm] Performance monitoring completed for 698a51a
[spm]: ProfilerData event received.
I/flutter (16939): [SPM:perf] 698a51a  buildSpan: 1782µs
I/flutter (16939): [spm] Performance monitoring completed for 698a51a
[spm]: ProfilerData event received.
I/flutter (16939): [SPM:perf] 698a51a  buildSpan: 1864µs
I/flutter (16939): [spm] Performance monitoring completed for 698a51a
I/flutter (16939): 01:10 +1: (tearDownAll)
I/flutter (16939): 01:11 +2: All tests passed!
All tests passed.
[spm]: Saved 30 profiler events to <ROOT>/dataset-new_samples/0348/redmi9t/raw/20260909-162112/rev_002_ae402f3c/e1.jsonl
[spm]: Reverting injection...
2 issues found. (ran in 0.6s)
WARNING: Your Android app project: app located at: <ROOT>/android/app/build.gradle.kts
applies the Kotlin Gradle Plugin, which will cause build failures in future versions of Flutter. 
Please migrate your app to Built-in Kotlin using this guide: https://docs.flutter.dev/release/breaking-changes/migrate-to-built-in-kotlin/for-app-developers

VMServiceFlutterDriver: Connecting to Flutter application at http://127.0.0.1:39391/pofri1YtTDI=/
[spm]: Detected VM service URI: ws://127.0.0.1:39391/pofri1YtTDI=/ws
VMServiceFlutterDriver: Isolate found with number: 8574104739284135
VMServiceFlutterDriver: Isolate 8574104739284135 is runnable.
VMServiceFlutterDriver: Isolate is paused at start.
VMServiceFlutterDriver: Attempting to resume isolate
VMServiceFlutterDriver: Connected to Flutter application.
VMServiceFlutterDriver: request_data message is taking a long time to complete...