# sample_id=0348/rev_002_ae402f3c exec_index=11 ok=True perf_lines=30 vm_events=30 battery_pct=70 soc_temp_millic=43600 battery_temp_c=32.9 charging=False preflight_started=2026-09-09T13:51:03.667793+00:00 started=2026-09-09T13:51:06.060397+00:00 ts=2026-09-09T13:53:10.356273+00:00
[spm]: Running flutter analyze...
Analyzing lib...                                                

   info • The part-of directive uses a library name. Try converting the directive to use the URI of the library • lib/dependencies.dart:46:1 • use_string_in_part_of_directives
   info • Library names are not necessary. Remove the library name • lib/generated_widget.dart:2:9 • unnecessary_library_name

[spm]: Injecting profiler code...
[spm]: Starting app...
Running Gradle task 'assembleProfile'...                        
Running Gradle task 'assembleProfile'...                           24.0s
✓ Built build/app/outputs/flutter-apk/app-profile.apk (34.5MB)
Installing build/app/outputs/flutter-apk/app-profile.apk...      1,228ms
I/ForceDarkHelperStubImpl(27315): setViewRootImplForceDark: false for com.example.benchmark_container.MainActivity@e6f428d, reason: AppDarkModeEnable
I/ForceDarkHelperStubImpl(27315): setViewRootImplForceDark: false for com.example.benchmark_container.MainActivity@e6f428d, reason: AppDarkModeEnable
D/DecorView[](27315): getWindowModeFromSystem  windowmode is 1
D/DecorView[](27315): updateDecorCaptionStatus displayWindowDecor is false
W/Looper  (27315): PerfMonitor looperActivity : package=com.example.benchmark_container/.MainActivity time=340ms latency=351ms running=0ms  procState=-1  historyMsgCount=3 (msgIndex=3 wall=346ms seq=3 h=android.app.ActivityThread$H w=110)
W/Looper  (27315): PerfMonitor looperActivity : package=com.example.benchmark_container/.MainActivity time=0ms latency=692ms running=0ms  procState=-1  historyMsgCount=4 (msgIndex=3 wall=346ms seq=3 h=android.app.ActivityThread$H w=110) (msgIndex=4 wall=340ms seq=4 late=351ms h=android.app.ActivityThread$H w=159)
D/SurfaceView(27315): UPDATE null, mIsCastMode = false
D/hw-ProcessState(27315): Binder ioctl to enable oneway spam detection failed: Invalid argument
W/Looper  (27315): PerfMonitor longMsg : seq=8 plan=16:51:47.111 late=349ms wall=1701ms running=0ms h=android.view.Choreographer$FrameHandler c=android.view.Choreographer$FrameDisplayEventReceiver procState=-1
W/Looper  (27315): PerfMonitor doFrame : time=1701ms vsyncFrame=0 latency=349ms procState=-1 historyMsgCount=6 (msgIndex=2 wall=1701ms seq=8 late=349ms h=android.view.Choreographer$FrameHandler c=android.view.Choreographer$FrameDisplayEventReceiver) (msgIndex=3 wall=340ms seq=4 h=android.app.ActivityThread$H w=159)
I/Choreographer(27315): Skipped 96 frames!  The application may be doing too much work on its main thread.
D/SurfaceView(27315): UPDATE Surface(name=SurfaceView[com.example.benchmark_container/com.example.benchmark_container.MainActivity])/@0xca20cbb, mIsProjectionMode = false
W/Looper  (27315): PerfMonitor doFrame : time=2ms vsyncFrame=0 latency=1607ms procState=-1 historyMsgCount=4
[spm]: Connected to Dart VM service.
I/flutter (27315): 00:00 +0: Performance Benchmark
E/hmark_containe(27315): open libmigui.so failed! dlopen - dlopen failed: library "libmigui.so" not found
D/hmark_containe(27315): MiuiProcessManagerServiceStub setSchedFifo
I/MiuiProcessManagerImpl(27315): setSchedFifo pid:27315, mode:3
D/DecorView[](27315): onWindowFocusChanged hasWindowFocus true
D/DecorView[](27315): getWindowModeFromSystem  windowmode is 1
D/DecorView[](27315): updateDecorCaptionStatus displayWindowDecor is false
D/ProfileInstaller(27315): Installing profile for com.example.benchmark_container
[spm]: ProfilerData event received.
I/flutter (27315): [SPM:perf] 698a51a  buildSpan: 3380µs
I/flutter (27315): [spm] Performance monitoring completed for 698a51a
[spm]: ProfilerData event received.
I/flutter (27315): [SPM:perf] 698a51a  buildSpan: 1950µs
I/flutter (27315): [spm] Performance monitoring completed for 698a51a
[spm]: ProfilerData event received.
I/flutter (27315): [SPM:perf] 698a51a  buildSpan: 2415µs
I/flutter (27315): [spm] Performance monitoring completed for 698a51a
[spm]: ProfilerData event received.
I/flutter (27315): [SPM:perf] 698a51a  buildSpan: 1794µs
I/flutter (27315): [spm] Performance monitoring completed for 698a51a
[spm]: ProfilerData event received.
I/flutter (27315): [SPM:perf] 698a51a  buildSpan: 1732µs
I/flutter (27315): [spm] Performance monitoring completed for 698a51a
[spm]: ProfilerData event received.
I/flutter (27315): [SPM:perf] 698a51a  buildSpan: 5326µs
I/flutter (27315): [spm] Performance monitoring completed for 698a51a
[spm]: ProfilerData event received.
I/flutter (27315): [SPM:perf] 698a51a  buildSpan: 2646µs
I/flutter (27315): [spm] Performance monitoring completed for 698a51a
I/flutter (27315): [SPM:perf] 698a51a  buildSpan: 1959µs
[spm]: ProfilerData event received.
I/flutter (27315): [spm] Performance monitoring completed for 698a51a
[spm]: ProfilerData event received.
I/flutter (27315): [SPM:perf] 698a51a  buildSpan: 1764µs
I/flutter (27315): [spm] Performance monitoring completed for 698a51a
[spm]: ProfilerData event received.
I/flutter (27315): [SPM:perf] 698a51a  buildSpan: 1792µs
I/flutter (27315): [spm] Performance monitoring completed for 698a51a
[spm]: ProfilerData event received.
I/flutter (27315): [SPM:perf] 698a51a  buildSpan: 1799µs
I/flutter (27315): [spm] Performance monitoring completed for 698a51a
[spm]: ProfilerData event received.
I/flutter (27315): [SPM:perf] 698a51a  buildSpan: 1780µs
I/flutter (27315): [spm] Performance monitoring completed for 698a51a
[spm]: ProfilerData event received.
I/flutter (27315): [SPM:perf] 698a51a  buildSpan: 1962µs
I/flutter (27315): [spm] Performance monitoring completed for 698a51a
[spm]: ProfilerData event received.
I/flutter (27315): [SPM:perf] 698a51a  buildSpan: 2105µs
I/flutter (27315): [spm] Performance monitoring completed for 698a51a
[spm]: ProfilerData event received.
I/flutter (27315): [SPM:perf] 698a51a  buildSpan: 2477µs
I/flutter (27315): [spm] Performance monitoring completed for 698a51a
[spm]: ProfilerData event received.
I/flutter (27315): [SPM:perf] 698a51a  buildSpan: 1739µs
I/flutter (27315): [spm] Performance monitoring completed for 698a51a
[spm]: ProfilerData event received.
I/flutter (27315): [SPM:perf] 698a51a  buildSpan: 1838µs
I/flutter (27315): [spm] Performance monitoring completed for 698a51a
[spm]: ProfilerData event received.
I/flutter (27315): [SPM:perf] 698a51a  buildSpan: 1886µs
I/flutter (27315): [spm] Performance monitoring completed for 698a51a
[spm]: ProfilerData event received.
I/flutter (27315): [SPM:perf] 698a51a  buildSpan: 1749µs
I/flutter (27315): [spm] Performance monitoring completed for 698a51a
[spm]: ProfilerData event received.
I/flutter (27315): [SPM:perf] 698a51a  buildSpan: 1775µs
I/flutter (27315): [spm] Performance monitoring completed for 698a51a
[spm]: ProfilerData event received.
I/flutter (27315): [SPM:perf] 698a51a  buildSpan: 1808µs
I/flutter (27315): [spm] Performance monitoring completed for 698a51a
[spm]: ProfilerData event received.
I/flutter (27315): [SPM:perf] 698a51a  buildSpan: 1750µs
I/flutter (27315): [spm] Performance monitoring completed for 698a51a
[spm]: ProfilerData event received.
I/flutter (27315): [SPM:perf] 698a51a  buildSpan: 1933µs
I/flutter (27315): [spm] Performance monitoring completed for 698a51a
[spm]: ProfilerData event received.
I/flutter (27315): [SPM:perf] 698a51a  buildSpan: 1843µs
I/flutter (27315): [spm] Performance monitoring completed for 698a51a
[spm]: ProfilerData event received.
I/flutter (27315): [SPM:perf] 698a51a  buildSpan: 1805µs
I/flutter (27315): [spm] Performance monitoring completed for 698a51a
[spm]: ProfilerData event received.
I/flutter (27315): [SPM:perf] 698a51a  buildSpan: 1758µs
I/flutter (27315): [spm] Performance monitoring completed for 698a51a
[spm]: ProfilerData event received.
I/flutter (27315): [SPM:perf] 698a51a  buildSpan: 1878µs
I/flutter (27315): [spm] Performance monitoring completed for 698a51a
[spm]: ProfilerData event received.
I/flutter (27315): [SPM:perf] 698a51a  buildSpan: 2944µs
I/flutter (27315): [spm] Performance monitoring completed for 698a51a
[spm]: ProfilerData event received.
I/flutter (27315): [SPM:perf] 698a51a  buildSpan: 1754µs
I/flutter (27315): [spm] Performance monitoring completed for 698a51a
I/flutter (27315): [SPM:perf] 698a51a  buildSpan: 1975µs
I/flutter (27315): [spm] Performance monitoring completed for 698a51a
[spm]: ProfilerData event received.
I/flutter (27315): 01:10 +1: (tearDownAll)
I/flutter (27315): 01:11 +2: All tests passed!
All tests passed.
[spm]: Saved 30 profiler events to <ROOT>/dataset-new_samples/0348/redmi9t/raw/20260909-162112/rev_002_ae402f3c/e11.jsonl
[spm]: Reverting injection...
2 issues found. (ran in 0.7s)
WARNING: Your Android app project: app located at: <ROOT>/android/app/build.gradle.kts
applies the Kotlin Gradle Plugin, which will cause build failures in future versions of Flutter. 
Please migrate your app to Built-in Kotlin using this guide: https://docs.flutter.dev/release/breaking-changes/migrate-to-built-in-kotlin/for-app-developers

VMServiceFlutterDriver: Connecting to Flutter application at http://127.0.0.1:46059/_O5MRh1F_qo=/
[spm]: Detected VM service URI: ws://127.0.0.1:46059/_O5MRh1F_qo=/ws
VMServiceFlutterDriver: Isolate found with number: 4283462626232707
VMServiceFlutterDriver: Isolate 4283462626232707 is runnable.
VMServiceFlutterDriver: Isolate is paused at start.
VMServiceFlutterDriver: Attempting to resume isolate
VMServiceFlutterDriver: Connected to Flutter application.
VMServiceFlutterDriver: request_data message is taking a long time to complete...