# sample_id=0348/rev_002_ae402f3c exec_index=12 ok=True perf_lines=30 vm_events=30 battery_pct=71 soc_temp_millic=47300 battery_temp_c=32.9 charging=False preflight_started=2026-09-09T13:38:38.788444+00:00 started=2026-09-09T13:38:41.147333+00:00 ts=2026-09-09T13:40:45.913101+00:00
[spm]: Running flutter analyze...
Analyzing lib...                                                

   info • The part-of directive uses a library name. Try converting the directive to use the URI of the library • lib/dependencies.dart:46:1 • use_string_in_part_of_directives
   info • Library names are not necessary. Remove the library name • lib/generated_widget.dart:2:9 • unnecessary_library_name

[spm]: Injecting profiler code...
[spm]: Starting app...
Running Gradle task 'assembleProfile'...                        
Running Gradle task 'assembleProfile'...                           23.9s
✓ Built build/app/outputs/flutter-apk/app-profile.apk (34.5MB)
Installing build/app/outputs/flutter-apk/app-profile.apk...      1,229ms
I/hmark_containe(20260): hiddenapi: Accessing hidden method Landroid/view/accessibility/AccessibilityNodeInfo;->getSourceNodeId()J (runtime_flags=0, domain=platform, api=unsupported,test-api) from Lio/flutter/view/AccessibilityViewEmbedder$ReflectionAccessors; (domain=app, TargetSdkVersion=36) using reflection: allowed
I/hmark_containe(20260): hiddenapi: Accessing hidden method Landroid/view/accessibility/AccessibilityRecord;->getSourceNodeId()J (runtime_flags=0, domain=platform, api=unsupported) from Lio/flutter/view/AccessibilityViewEmbedder$ReflectionAccessors; (domain=app, TargetSdkVersion=36) using reflection: allowed
I/hmark_containe(20260): hiddenapi: Accessing hidden field Landroid/view/accessibility/AccessibilityNodeInfo;->mChildNodeIds:Landroid/util/LongArray; (runtime_flags=0, domain=platform, api=unsupported) from Lio/flutter/view/AccessibilityViewEmbedder$ReflectionAccessors; (domain=app, TargetSdkVersion=36) using reflection: allowed
I/hmark_containe(20260): hiddenapi: Accessing hidden method Landroid/util/LongArray;->get(I)J (runtime_flags=0, domain=platform, api=unsupported) from Lio/flutter/view/AccessibilityViewEmbedder$ReflectionAccessors; (domain=app, TargetSdkVersion=36) using reflection: allowed
D/MiuiMultiWindowUtils(20260): freeform resolution args raw data:{  "zizhan":{    "freeform_args": {      "inner":{        "vertical_portrait":{"aspect_ratio":0.626, "original_ratio":0.5643,"original_scale":0.74,"top_margin":0.168,"left_margin":0.484},        "horizontal_portrait":{"aspect_ratio":0.626, "original_ratio":0.5643,"original_scale":0.74,"top_margin":0.1222,"left_margin":0.59745},        "vertical_landscape":{"aspect_ratio":1.6, "original_ratio":1,"original_scale":0.604,"top_margin":0.2596,"left_margin":0.2624},        "horizontal_landscape":{"aspect_ratio":1.6, "original_ratio":1,"original_scale":0.604,"top_margin":0.213,"left_margin":0.3758}      },      "outer":{        "vertical_portrait":{"aspect_ratio":0.626, "original_ratio":1,"original_scale":0.74,"top_margin":0.0753,"left_margin":-1},        "horizontal_portrait":{"aspect_ratio":0.626, "original_ratio":1,"original_scale":0.5756,"top_margin":-1,"left_margin":0.0753},        "vertical_landscape":{"aspect_ratio":1.6, "original_ratio":0.6847,"original_scale":0.587,"top_margin":0.0753,"left_margin":-1},        "horizontal_landscape":{"aspect_ratio":1.6, "original_ratio":0.6847,"original_scale":0.587,"top_margin":-1,"left_margin":0.0753}}    },    "mini_freeform_args":{      "inner":{        "vertical_portrait":{"aspect_ratio":0.626, "original_ratio":0.147},        "horizontal_portrait":{"aspect_ratio":0.626, "original_ratio":0.147},        "vertical_landscape":{"aspect_ratio":1.6, "original_ratio":0.165},        "horizontal_landscape":{"aspect_ratio":1.6, "original_ratio":0.165}      },      "outer":{        "vertical_portrait":{"aspect_ratio":0.626, "original_ratio":0.26},        "horizontal_portrait":{"aspect_ratio":0.626, "original_ratio":0.26},        "vertical_landscape":{"aspect_ratio":1.6, "original_ratio":0.293},        "horizontal_landscape":{"aspect_ratio":1.6, "original_ratio":0.293}}    }  },  "wide_default":{    "freeform_args": {        "vertical_portrait":{"aspect_ratio":0.625, "original_ratio":0.5806,"original_scale":0.7574,"top_margin":0.125,"left_margin":0.392},        "horizontal_portrait":{"aspect_ratio":0.625, "original_ratio":0.5806,"original_scale":0.7574,"top_margin":-1,"left_margin":0.6415},        "vertical_landscape":{"aspect_ratio":1.6, "original_ratio":1,"original_scale":0.5153,"top_margin":0.125,"left_margin":0.206},        "horizontal_landscape":{"aspect_ratio":1.6, "original_ratio":1,"original_scale":0.5153,"top_margin":-1,"left_margin":0.456}    },    "mini_freeform_args":{        "vertical_portrait":{"aspect_ratio":0.5625, "original_ratio":0.144},        "horizontal_portrait":{"aspect_ratio":0.5625, "original_ratio":0.144},        "vertical_landscape":{"aspect_ratio":-1, "original_ratio":0.144},        "horizontal_landscape":{"aspect_ratio":-1, "original_ratio":0.144}    }  },  "narrow_default": {    "freeform_args": {        "vertical_portrait":{"aspect_ratio":0.5625, "original_ratio":1,"original_scale":0.7182,"top_margin":0.142,"left_margin":-1},        "horizontal_portrait":{"aspect_ratio":0.8, "original_ratio":1,"original_scale":0.7182,"top_margin":-1,"left_margin":0.05},        "vertical_landscape":{"aspect_ratio":1.6, "original_ratio":0.6545,"original_scale":0.4473,"top_margin":0.142,"left_margin":-1},        "horizontal_landscape":{"aspect_ratio":1.6, "original_ratio":0.6545,"original_scale":0.4473,"top_margin":-1,"left_margin":0.05}    },    "mini_freeform_args":{        "vertical_portrait":{"aspect_ratio":0.5625, "original_ratio":0.3},        "horizontal_portrait":{"aspect_ratio":0.5625, "original_ratio":0.3},        "vertical_landscape":{"aspect_ratio":1.7778, "original_ratio":0.3},        "horizontal_landscape":{"aspect_ratio":1.7778, "original_ratio":0.3}    }  },  "regular_default": {    "freeform_args": {      "vertical_portrait":{"aspect_ratio":0.625, "original_ratio":1,"original_scale":0.7,"top_margin":0.109,"left_margin":-1},      "horizontal_portrait":{"aspect_ratio":0.6667, "original_ratio":1,"original_scale":0.6102,"top_margin":-1,"left_margin":0.026},      "vertical_landscape":{"asp
E/MiuiMultiWindowUtils(20260): initFreeFormResolutionArgs failed, device is lime
D/IS_CTS_MODE(20260): true
D/MULTI_WINDOW_SWITCH_ENABLED(20260): false
D/IS_CTS_MODE(20260): true
D/MULTI_WINDOW_SWITCH_ENABLED(20260): false
D/IS_CTS_MODE(20260): true
D/MULTI_WINDOW_SWITCH_ENABLED(20260): false
D/DecorView[](20260): getWindowModeFromSystem  windowmode is 1
I/ForceDarkHelperStubImpl(20260): setViewRootImplForceDark: false for com.example.benchmark_container.MainActivity@e6f428d, reason: AppDarkModeEnable
I/ForceDarkHelperStubImpl(20260): setViewRootImplForceDark: false for com.example.benchmark_container.MainActivity@e6f428d, reason: AppDarkModeEnable
D/DecorView[](20260): getWindowModeFromSystem  windowmode is 1
D/DecorView[](20260): updateDecorCaptionStatus displayWindowDecor is false
W/Looper  (20260): PerfMonitor looperActivity : package=com.example.benchmark_container/.MainActivity time=387ms latency=356ms running=0ms  procState=-1  historyMsgCount=3 (msgIndex=1 wall=387ms seq=4 late=356ms h=android.app.ActivityThread$H w=159) (msgIndex=2 wall=387ms seq=4 late=356ms h=android.app.ActivityThread$H w=159) (msgIndex=3 wall=392ms seq=3 h=android.app.ActivityThread$H w=110)
W/Looper  (20260): PerfMonitor looperActivity : package=com.example.benchmark_container/.MainActivity time=0ms latency=744ms running=0ms  procState=-1  historyMsgCount=4 (msgIndex=1 wall=387ms seq=4 late=356ms h=android.app.ActivityThread$H w=159) (msgIndex=2 wall=387ms seq=4 late=356ms h=android.app.ActivityThread$H w=159) (msgIndex=3 wall=392ms seq=3 h=android.app.ActivityThread$H w=110) (msgIndex=4 wall=387ms seq=4 late=356ms h=android.app.ActivityThread$H w=159)
D/SurfaceView(20260): UPDATE null, mIsCastMode = false
D/hw-ProcessState(20260): Binder ioctl to enable oneway spam detection failed: Invalid argument
W/Looper  (20260): PerfMonitor longMsg : seq=8 plan=16:39:22.237 late=397ms wall=1714ms running=0ms h=android.view.Choreographer$FrameHandler c=android.view.Choreographer$FrameDisplayEventReceiver procState=-1
W/Looper  (20260): PerfMonitor doFrame : time=1714ms vsyncFrame=0 latency=397ms procState=-1 historyMsgCount=7 (msgIndex=1 wall=387ms seq=4 h=android.app.ActivityThread$H w=159) (msgIndex=2 wall=387ms seq=4 h=android.app.ActivityThread$H w=159) (msgIndex=3 wall=1714ms seq=8 late=397ms h=android.view.Choreographer$FrameHandler c=android.view.Choreographer$FrameDisplayEventReceiver) (msgIndex=4 wall=387ms seq=4 h=android.app.ActivityThread$H w=159)
I/Choreographer(20260): Skipped 98 frames!  The application may be doing too much work on its main thread.
D/SurfaceView(20260): UPDATE Surface(name=SurfaceView[com.example.benchmark_container/com.example.benchmark_container.MainActivity])/@0xca20cbb, mIsProjectionMode = false
W/Looper  (20260): PerfMonitor doFrame : time=3ms vsyncFrame=0 latency=1633ms procState=-1 historyMsgCount=4
[spm]: Connected to Dart VM service.
I/flutter (20260): 00:00 +0: Performance Benchmark
E/hmark_containe(20260): open libmigui.so failed! dlopen - dlopen failed: library "libmigui.so" not found
D/hmark_containe(20260): MiuiProcessManagerServiceStub setSchedFifo
I/MiuiProcessManagerImpl(20260): setSchedFifo pid:20260, mode:3
D/DecorView[](20260): onWindowFocusChanged hasWindowFocus true
D/DecorView[](20260): getWindowModeFromSystem  windowmode is 1
D/DecorView[](20260): updateDecorCaptionStatus displayWindowDecor is false
D/ProfileInstaller(20260): Installing profile for com.example.benchmark_container
[spm]: ProfilerData event received.
I/flutter (20260): [SPM:perf] 698a51a  buildSpan: 1826µs
I/flutter (20260): [spm] Performance monitoring completed for 698a51a
I/flutter (20260): [SPM:perf] 698a51a  buildSpan: 1771µs
I/flutter (20260): [spm] Performance monitoring completed for 698a51a
[spm]: ProfilerData event received.
[spm]: ProfilerData event received.
I/flutter (20260): [SPM:perf] 698a51a  buildSpan: 1808µs
I/flutter (20260): [spm] Performance monitoring completed for 698a51a
[spm]: ProfilerData event received.
I/flutter (20260): [SPM:perf] 698a51a  buildSpan: 1767µs
I/flutter (20260): [spm] Performance monitoring completed for 698a51a
[spm]: ProfilerData event received.
I/flutter (20260): [SPM:perf] 698a51a  buildSpan: 1746µs
I/flutter (20260): [spm] Performance monitoring completed for 698a51a
[spm]: ProfilerData event received.
I/flutter (20260): [SPM:perf] 698a51a  buildSpan: 5434µs
I/flutter (20260): [spm] Performance monitoring completed for 698a51a
[spm]: ProfilerData event received.
I/flutter (20260): [SPM:perf] 698a51a  buildSpan: 1882µs
I/flutter (20260): [spm] Performance monitoring completed for 698a51a
[spm]: ProfilerData event received.
I/flutter (20260): [SPM:perf] 698a51a  buildSpan: 1837µs
I/flutter (20260): [spm] Performance monitoring completed for 698a51a
[spm]: ProfilerData event received.
I/flutter (20260): [SPM:perf] 698a51a  buildSpan: 1780µs
I/flutter (20260): [spm] Performance monitoring completed for 698a51a
[spm]: ProfilerData event received.
I/flutter (20260): [SPM:perf] 698a51a  buildSpan: 2124µs
I/flutter (20260): [spm] Performance monitoring completed for 698a51a
[spm]: ProfilerData event received.
I/flutter (20260): [SPM:perf] 698a51a  buildSpan: 1776µs
I/flutter (20260): [spm] Performance monitoring completed for 698a51a
[spm]: ProfilerData event received.
I/flutter (20260): [SPM:perf] 698a51a  buildSpan: 1778µs
I/flutter (20260): [spm] Performance monitoring completed for 698a51a
[spm]: ProfilerData event received.
I/flutter (20260): [SPM:perf] 698a51a  buildSpan: 1925µs
I/flutter (20260): [spm] Performance monitoring completed for 698a51a
[spm]: ProfilerData event received.
I/flutter (20260): [SPM:perf] 698a51a  buildSpan: 1854µs
I/flutter (20260): [spm] Performance monitoring completed for 698a51a
[spm]: ProfilerData event received.
I/flutter (20260): [SPM:perf] 698a51a  buildSpan: 1908µs
I/flutter (20260): [spm] Performance monitoring completed for 698a51a
[spm]: ProfilerData event received.
I/flutter (20260): [SPM:perf] 698a51a  buildSpan: 1882µs
I/flutter (20260): [spm] Performance monitoring completed for 698a51a
[spm]: ProfilerData event received.
I/flutter (20260): [SPM:perf] 698a51a  buildSpan: 1961µs
I/flutter (20260): [spm] Performance monitoring completed for 698a51a
[spm]: ProfilerData event received.
I/flutter (20260): [SPM:perf] 698a51a  buildSpan: 1798µs
I/flutter (20260): [spm] Performance monitoring completed for 698a51a
[spm]: ProfilerData event received.
I/flutter (20260): [SPM:perf] 698a51a  buildSpan: 1747µs
I/flutter (20260): [spm] Performance monitoring completed for 698a51a
[spm]: ProfilerData event received.
I/flutter (20260): [SPM:perf] 698a51a  buildSpan: 1773µs
I/flutter (20260): [spm] Performance monitoring completed for 698a51a
[spm]: ProfilerData event received.
I/flutter (20260): [SPM:perf] 698a51a  buildSpan: 1739µs
I/flutter (20260): [spm] Performance monitoring completed for 698a51a
I/flutter (20260): [SPM:perf] 698a51a  buildSpan: 1738µs
I/flutter (20260): [spm] Performance monitoring completed for 698a51a
[spm]: ProfilerData event received.
[spm]: ProfilerData event received.
I/flutter (20260): [SPM:perf] 698a51a  buildSpan: 1792µs
I/flutter (20260): [spm] Performance monitoring completed for 698a51a
[spm]: ProfilerData event received.
I/flutter (20260): [SPM:perf] 698a51a  buildSpan: 1848µs
I/flutter (20260): [spm] Performance monitoring completed for 698a51a
[spm]: ProfilerData event received.
I/flutter (20260): [SPM:perf] 698a51a  buildSpan: 1892µs
I/flutter (20260): [spm] Performance monitoring completed for 698a51a
[spm]: ProfilerData event received.
I/flutter (20260): [SPM:perf] 698a51a  buildSpan: 1751µs
I/flutter (20260): [spm] Performance monitoring completed for 698a51a
[spm]: ProfilerData event received.
I/flutter (20260): [SPM:perf] 698a51a  buildSpan: 1782µs
I/flutter (20260): [spm] Performance monitoring completed for 698a51a
I/flutter (20260): [SPM:perf] 698a51a  buildSpan: 1793µs
[spm]: ProfilerData event received.
I/flutter (20260): [spm] Performance monitoring completed for 698a51a
[spm]: ProfilerData event received.
I/flutter (20260): [SPM:perf] 698a51a  buildSpan: 1899µs
I/flutter (20260): [spm] Performance monitoring completed for 698a51a
[spm]: ProfilerData event received.
I/flutter (20260): [SPM:perf] 698a51a  buildSpan: 1783µs
I/flutter (20260): [spm] Performance monitoring completed for 698a51a
I/flutter (20260): 01:10 +1: (tearDownAll)
I/flutter (20260): 01:11 +2: All tests passed!
All tests passed.
[spm]: Saved 30 profiler events to <ROOT>/dataset-new_samples/0348/redmi9t/raw/20260909-162112/rev_002_ae402f3c/e12.jsonl
[spm]: Reverting injection...
2 issues found. (ran in 0.7s)
WARNING: Your Android app project: app located at: <ROOT>/android/app/build.gradle.kts
applies the Kotlin Gradle Plugin, which will cause build failures in future versions of Flutter. 
Please migrate your app to Built-in Kotlin using this guide: https://docs.flutter.dev/release/breaking-changes/migrate-to-built-in-kotlin/for-app-developers

VMServiceFlutterDriver: Connecting to Flutter application at http://127.0.0.1:41571/pidaZzUOutM=/
[spm]: Detected VM service URI: ws://127.0.0.1:41571/pidaZzUOutM=/ws
VMServiceFlutterDriver: Isolate found with number: 7835970849113975
VMServiceFlutterDriver: Isolate 7835970849113975 is runnable.
VMServiceFlutterDriver: Isolate is paused at start.
VMServiceFlutterDriver: Attempting to resume isolate
VMServiceFlutterDriver: Connected to Flutter application.
VMServiceFlutterDriver: request_data message is taking a long time to complete...