# sample_id=0348/rev_002_ae402f3c exec_index=14 ok=True perf_lines=30 vm_events=30 battery_pct=65 soc_temp_millic=48200 battery_temp_c=33.0 charging=False preflight_started=2026-09-09T14:40:37.512258+00:00 started=2026-09-09T14:40:39.871540+00:00 ts=2026-09-09T14:42:22.761674+00:00
[spm]: Running flutter analyze...
Analyzing lib...                                                

   info • The part-of directive uses a library name. Try converting the directive to use the URI of the library • lib/dependencies.dart:46:1 • use_string_in_part_of_directives
   info • Library names are not necessary. Remove the library name • lib/generated_widget.dart:2:9 • unnecessary_library_name

[spm]: Injecting profiler code...
[spm]: Starting app...
Running Gradle task 'assembleProfile'...                        
Running Gradle task 'assembleProfile'...                         1,907ms
✓ Built build/app/outputs/flutter-apk/app-profile.apk (34.5MB)
Installing build/app/outputs/flutter-apk/app-profile.apk...      1,228ms
I/hmark_containe(29819): hiddenapi: Accessing hidden method Landroid/view/accessibility/AccessibilityNodeInfo;->getSourceNodeId()J (runtime_flags=0, domain=platform, api=unsupported,test-api) from Lio/flutter/view/AccessibilityViewEmbedder$ReflectionAccessors; (domain=app, TargetSdkVersion=36) using reflection: allowed
I/hmark_containe(29819): hiddenapi: Accessing hidden method Landroid/view/accessibility/AccessibilityRecord;->getSourceNodeId()J (runtime_flags=0, domain=platform, api=unsupported) from Lio/flutter/view/AccessibilityViewEmbedder$ReflectionAccessors; (domain=app, TargetSdkVersion=36) using reflection: allowed
I/hmark_containe(29819): hiddenapi: Accessing hidden field Landroid/view/accessibility/AccessibilityNodeInfo;->mChildNodeIds:Landroid/util/LongArray; (runtime_flags=0, domain=platform, api=unsupported) from Lio/flutter/view/AccessibilityViewEmbedder$ReflectionAccessors; (domain=app, TargetSdkVersion=36) using reflection: allowed
I/hmark_containe(29819): hiddenapi: Accessing hidden method Landroid/util/LongArray;->get(I)J (runtime_flags=0, domain=platform, api=unsupported) from Lio/flutter/view/AccessibilityViewEmbedder$ReflectionAccessors; (domain=app, TargetSdkVersion=36) using reflection: allowed
D/MiuiMultiWindowUtils(29819): freeform resolution args raw data:{  "zizhan":{    "freeform_args": {      "inner":{        "vertical_portrait":{"aspect_ratio":0.626, "original_ratio":0.5643,"original_scale":0.74,"top_margin":0.168,"left_margin":0.484},        "horizontal_portrait":{"aspect_ratio":0.626, "original_ratio":0.5643,"original_scale":0.74,"top_margin":0.1222,"left_margin":0.59745},        "vertical_landscape":{"aspect_ratio":1.6, "original_ratio":1,"original_scale":0.604,"top_margin":0.2596,"left_margin":0.2624},        "horizontal_landscape":{"aspect_ratio":1.6, "original_ratio":1,"original_scale":0.604,"top_margin":0.213,"left_margin":0.3758}      },      "outer":{        "vertical_portrait":{"aspect_ratio":0.626, "original_ratio":1,"original_scale":0.74,"top_margin":0.0753,"left_margin":-1},        "horizontal_portrait":{"aspect_ratio":0.626, "original_ratio":1,"original_scale":0.5756,"top_margin":-1,"left_margin":0.0753},        "vertical_landscape":{"aspect_ratio":1.6, "original_ratio":0.6847,"original_scale":0.587,"top_margin":0.0753,"left_margin":-1},        "horizontal_landscape":{"aspect_ratio":1.6, "original_ratio":0.6847,"original_scale":0.587,"top_margin":-1,"left_margin":0.0753}}    },    "mini_freeform_args":{      "inner":{        "vertical_portrait":{"aspect_ratio":0.626, "original_ratio":0.147},        "horizontal_portrait":{"aspect_ratio":0.626, "original_ratio":0.147},        "vertical_landscape":{"aspect_ratio":1.6, "original_ratio":0.165},        "horizontal_landscape":{"aspect_ratio":1.6, "original_ratio":0.165}      },      "outer":{        "vertical_portrait":{"aspect_ratio":0.626, "original_ratio":0.26},        "horizontal_portrait":{"aspect_ratio":0.626, "original_ratio":0.26},        "vertical_landscape":{"aspect_ratio":1.6, "original_ratio":0.293},        "horizontal_landscape":{"aspect_ratio":1.6, "original_ratio":0.293}}    }  },  "wide_default":{    "freeform_args": {        "vertical_portrait":{"aspect_ratio":0.625, "original_ratio":0.5806,"original_scale":0.7574,"top_margin":0.125,"left_margin":0.392},        "horizontal_portrait":{"aspect_ratio":0.625, "original_ratio":0.5806,"original_scale":0.7574,"top_margin":-1,"left_margin":0.6415},        "vertical_landscape":{"aspect_ratio":1.6, "original_ratio":1,"original_scale":0.5153,"top_margin":0.125,"left_margin":0.206},        "horizontal_landscape":{"aspect_ratio":1.6, "original_ratio":1,"original_scale":0.5153,"top_margin":-1,"left_margin":0.456}    },    "mini_freeform_args":{        "vertical_portrait":{"aspect_ratio":0.5625, "original_ratio":0.144},        "horizontal_portrait":{"aspect_ratio":0.5625, "original_ratio":0.144},        "vertical_landscape":{"aspect_ratio":-1, "original_ratio":0.144},        "horizontal_landscape":{"aspect_ratio":-1, "original_ratio":0.144}    }  },  "narrow_default": {    "freeform_args": {        "vertical_portrait":{"aspect_ratio":0.5625, "original_ratio":1,"original_scale":0.7182,"top_margin":0.142,"left_margin":-1},        "horizontal_portrait":{"aspect_ratio":0.8, "original_ratio":1,"original_scale":0.7182,"top_margin":-1,"left_margin":0.05},        "vertical_landscape":{"aspect_ratio":1.6, "original_ratio":0.6545,"original_scale":0.4473,"top_margin":0.142,"left_margin":-1},        "horizontal_landscape":{"aspect_ratio":1.6, "original_ratio":0.6545,"original_scale":0.4473,"top_margin":-1,"left_margin":0.05}    },    "mini_freeform_args":{        "vertical_portrait":{"aspect_ratio":0.5625, "original_ratio":0.3},        "horizontal_portrait":{"aspect_ratio":0.5625, "original_ratio":0.3},        "vertical_landscape":{"aspect_ratio":1.7778, "original_ratio":0.3},        "horizontal_landscape":{"aspect_ratio":1.7778, "original_ratio":0.3}    }  },  "regular_default": {    "freeform_args": {      "vertical_portrait":{"aspect_ratio":0.625, "original_ratio":1,"original_scale":0.7,"top_margin":0.109,"left_margin":-1},      "horizontal_portrait":{"aspect_ratio":0.6667, "original_ratio":1,"original_scale":0.6102,"top_margin":-1,"left_margin":0.026},      "vertical_landscape":{"asp
E/MiuiMultiWindowUtils(29819): initFreeFormResolutionArgs failed, device is lime
D/IS_CTS_MODE(29819): true
D/MULTI_WINDOW_SWITCH_ENABLED(29819): false
D/IS_CTS_MODE(29819): true
D/MULTI_WINDOW_SWITCH_ENABLED(29819): false
D/IS_CTS_MODE(29819): true
D/MULTI_WINDOW_SWITCH_ENABLED(29819): false
D/DecorView[](29819): getWindowModeFromSystem  windowmode is 1
I/ForceDarkHelperStubImpl(29819): setViewRootImplForceDark: false for com.example.benchmark_container.MainActivity@e6f428d, reason: AppDarkModeEnable
I/ForceDarkHelperStubImpl(29819): setViewRootImplForceDark: false for com.example.benchmark_container.MainActivity@e6f428d, reason: AppDarkModeEnable
D/DecorView[](29819): getWindowModeFromSystem  windowmode is 1
D/DecorView[](29819): updateDecorCaptionStatus displayWindowDecor is false
W/Looper  (29819): PerfMonitor looperActivity : package=com.example.benchmark_container/.MainActivity time=407ms latency=388ms running=0ms  procState=-1  historyMsgCount=3 (msgIndex=1 wall=407ms seq=4 late=388ms h=android.app.ActivityThread$H w=159) (msgIndex=2 wall=407ms seq=4 late=388ms h=android.app.ActivityThread$H w=159) (msgIndex=3 wall=394ms seq=3 h=android.app.ActivityThread$H w=110)
W/Looper  (29819): PerfMonitor looperActivity : package=com.example.benchmark_container/.MainActivity time=0ms latency=795ms running=0ms  procState=-1  historyMsgCount=4 (msgIndex=1 wall=407ms seq=4 late=388ms h=android.app.ActivityThread$H w=159) (msgIndex=2 wall=407ms seq=4 late=388ms h=android.app.ActivityThread$H w=159) (msgIndex=3 wall=394ms seq=3 h=android.app.ActivityThread$H w=110) (msgIndex=4 wall=407ms seq=4 late=388ms h=android.app.ActivityThread$H w=159)
D/SurfaceView(29819): UPDATE null, mIsCastMode = false
D/hw-ProcessState(29819): Binder ioctl to enable oneway spam detection failed: Invalid argument
W/Looper  (29819): PerfMonitor longMsg : seq=8 plan=17:40:58.988 late=420ms wall=1728ms running=0ms h=android.view.Choreographer$FrameHandler c=android.view.Choreographer$FrameDisplayEventReceiver procState=-1
W/Looper  (29819): PerfMonitor doFrame : time=1728ms vsyncFrame=0 latency=420ms procState=-1 historyMsgCount=7 (msgIndex=1 wall=407ms seq=4 h=android.app.ActivityThread$H w=159) (msgIndex=2 wall=407ms seq=4 h=android.app.ActivityThread$H w=159) (msgIndex=3 wall=1728ms seq=8 late=420ms h=android.view.Choreographer$FrameHandler c=android.view.Choreographer$FrameDisplayEventReceiver) (msgIndex=4 wall=407ms seq=4 h=android.app.ActivityThread$H w=159)
I/Choreographer(29819): Skipped 98 frames!  The application may be doing too much work on its main thread.
D/SurfaceView(29819): UPDATE Surface(name=SurfaceView[com.example.benchmark_container/com.example.benchmark_container.MainActivity])/@0xca20cbb, mIsProjectionMode = false
W/Looper  (29819): PerfMonitor doFrame : time=3ms vsyncFrame=0 latency=1640ms procState=-1 historyMsgCount=4
[spm]: Connected to Dart VM service.
I/flutter (29819): 00:00 +0: Performance Benchmark
E/hmark_containe(29819): open libmigui.so failed! dlopen - dlopen failed: library "libmigui.so" not found
D/hmark_containe(29819): MiuiProcessManagerServiceStub setSchedFifo
I/MiuiProcessManagerImpl(29819): setSchedFifo pid:29819, mode:3
D/DecorView[](29819): onWindowFocusChanged hasWindowFocus true
D/DecorView[](29819): getWindowModeFromSystem  windowmode is 1
D/DecorView[](29819): updateDecorCaptionStatus displayWindowDecor is false
D/ProfileInstaller(29819): Installing profile for com.example.benchmark_container
[spm]: ProfilerData event received.
I/flutter (29819): [SPM:perf] 698a51a  buildSpan: 1950µs
I/flutter (29819): [spm] Performance monitoring completed for 698a51a
[spm]: ProfilerData event received.
I/flutter (29819): [SPM:perf] 698a51a  buildSpan: 1911µs
I/flutter (29819): [spm] Performance monitoring completed for 698a51a
[spm]: ProfilerData event received.
I/flutter (29819): [SPM:perf] 698a51a  buildSpan: 1773µs
I/flutter (29819): [spm] Performance monitoring completed for 698a51a
[spm]: ProfilerData event received.
I/flutter (29819): [SPM:perf] 698a51a  buildSpan: 1750µs
I/flutter (29819): [spm] Performance monitoring completed for 698a51a
I/flutter (29819): [SPM:perf] 698a51a  buildSpan: 1770µs
I/flutter (29819): [spm] Performance monitoring completed for 698a51a
[spm]: ProfilerData event received.
[spm]: ProfilerData event received.
I/flutter (29819): [SPM:perf] 698a51a  buildSpan: 5404µs
I/flutter (29819): [spm] Performance monitoring completed for 698a51a
[spm]: ProfilerData event received.
I/flutter (29819): [SPM:perf] 698a51a  buildSpan: 1915µs
I/flutter (29819): [spm] Performance monitoring completed for 698a51a
[spm]: ProfilerData event received.
I/flutter (29819): [SPM:perf] 698a51a  buildSpan: 1831µs
I/flutter (29819): [spm] Performance monitoring completed for 698a51a
[spm]: ProfilerData event received.
I/flutter (29819): [SPM:perf] 698a51a  buildSpan: 1885µs
I/flutter (29819): [spm] Performance monitoring completed for 698a51a
[spm]: ProfilerData event received.
I/flutter (29819): [SPM:perf] 698a51a  buildSpan: 1776µs
I/flutter (29819): [spm] Performance monitoring completed for 698a51a
I/flutter (29819): [SPM:perf] 698a51a  buildSpan: 1759µs
I/flutter (29819): [spm] Performance monitoring completed for 698a51a
[spm]: ProfilerData event received.
I/flutter (29819): [SPM:perf] 698a51a  buildSpan: 1740µs
I/flutter (29819): [spm] Performance monitoring completed for 698a51a
[spm]: ProfilerData event received.
[spm]: ProfilerData event received.
I/flutter (29819): [SPM:perf] 698a51a  buildSpan: 2066µs
I/flutter (29819): [spm] Performance monitoring completed for 698a51a
[spm]: ProfilerData event received.
I/flutter (29819): [SPM:perf] 698a51a  buildSpan: 1777µs
I/flutter (29819): [spm] Performance monitoring completed for 698a51a
[spm]: ProfilerData event received.
I/flutter (29819): [SPM:perf] 698a51a  buildSpan: 1817µs
I/flutter (29819): [spm] Performance monitoring completed for 698a51a
[spm]: ProfilerData event received.
I/flutter (29819): [SPM:perf] 698a51a  buildSpan: 2122µs
I/flutter (29819): [spm] Performance monitoring completed for 698a51a
[spm]: ProfilerData event received.
I/flutter (29819): [SPM:perf] 698a51a  buildSpan: 1765µs
I/flutter (29819): [spm] Performance monitoring completed for 698a51a
[spm]: ProfilerData event received.
I/flutter (29819): [SPM:perf] 698a51a  buildSpan: 1953µs
I/flutter (29819): [spm] Performance monitoring completed for 698a51a
[spm]: ProfilerData event received.
I/flutter (29819): [SPM:perf] 698a51a  buildSpan: 1820µs
I/flutter (29819): [spm] Performance monitoring completed for 698a51a
[spm]: ProfilerData event received.
I/flutter (29819): [SPM:perf] 698a51a  buildSpan: 1904µs
I/flutter (29819): [spm] Performance monitoring completed for 698a51a
[spm]: ProfilerData event received.
I/flutter (29819): [SPM:perf] 698a51a  buildSpan: 1873µs
I/flutter (29819): [spm] Performance monitoring completed for 698a51a
[spm]: ProfilerData event received.
I/flutter (29819): [SPM:perf] 698a51a  buildSpan: 1761µs
I/flutter (29819): [spm] Performance monitoring completed for 698a51a
[spm]: ProfilerData event received.
I/flutter (29819): [SPM:perf] 698a51a  buildSpan: 2561µs
I/flutter (29819): [spm] Performance monitoring completed for 698a51a
I/flutter (29819): [SPM:perf] 698a51a  buildSpan: 1835µs
[spm]: ProfilerData event received.
I/flutter (29819): [spm] Performance monitoring completed for 698a51a
I/flutter (29819): [SPM:perf] 698a51a  buildSpan: 1758µs
I/flutter (29819): [spm] Performance monitoring completed for 698a51a
[spm]: ProfilerData event received.
[spm]: ProfilerData event received.
I/flutter (29819): [SPM:perf] 698a51a  buildSpan: 1761µs
I/flutter (29819): [spm] Performance monitoring completed for 698a51a
[spm]: ProfilerData event received.
I/flutter (29819): [SPM:perf] 698a51a  buildSpan: 1766µs
I/flutter (29819): [spm] Performance monitoring completed for 698a51a
[spm]: ProfilerData event received.
I/flutter (29819): [SPM:perf] 698a51a  buildSpan: 1764µs
I/flutter (29819): [spm] Performance monitoring completed for 698a51a
I/flutter (29819): [SPM:perf] 698a51a  buildSpan: 1789µs
I/flutter (29819): [spm] Performance monitoring completed for 698a51a
[spm]: ProfilerData event received.
[spm]: ProfilerData event received.
I/flutter (29819): [SPM:perf] 698a51a  buildSpan: 1990µs
I/flutter (29819): [spm] Performance monitoring completed for 698a51a
I/flutter (29819): 01:10 +1: (tearDownAll)
I/flutter (29819): 01:11 +2: All tests passed!
All tests passed.
[spm]: Saved 30 profiler events to <ROOT>/dataset-new_samples/0348/redmi9t/raw/20260909-162112/rev_002_ae402f3c/e14.jsonl
[spm]: Reverting injection...
2 issues found. (ran in 0.6s)
WARNING: Your Android app project: app located at: <ROOT>/android/app/build.gradle.kts
applies the Kotlin Gradle Plugin, which will cause build failures in future versions of Flutter. 
Please migrate your app to Built-in Kotlin using this guide: https://docs.flutter.dev/release/breaking-changes/migrate-to-built-in-kotlin/for-app-developers

VMServiceFlutterDriver: Connecting to Flutter application at http://127.0.0.1:36249/CoHJeC5ylHA=/
[spm]: Detected VM service URI: ws://127.0.0.1:36249/CoHJeC5ylHA=/ws
VMServiceFlutterDriver: Isolate found with number: 6445887353653299
VMServiceFlutterDriver: Isolate 6445887353653299 is runnable.
VMServiceFlutterDriver: Isolate is paused at start.
VMServiceFlutterDriver: Attempting to resume isolate
VMServiceFlutterDriver: Connected to Flutter application.
VMServiceFlutterDriver: request_data message is taking a long time to complete...