# sample_id=0837/rev_001_b1973107 exec_index=5 ok=True perf_lines=30 vm_events=30 battery_pct=73 soc_temp_millic=38900 battery_temp_c=31.7 charging=False preflight_started=2026-09-11T22:22:01.621768+00:00 started=2026-09-11T22:22:04.329468+00:00 ts=2026-09-11T22:23:48.970907+00:00
[spm]: Running flutter analyze...
Resolving dependencies...
Downloading packages...
  _fe_analyzer_shared 100.0.0 (108.0.0 available)
  analyzer 13.0.0 (14.4.0 available)
  async 2.13.0 (2.13.1 available)
  clock 1.1.2 (1.1.3 available)
  cupertino_icons 1.0.8 (1.0.9 available)
  glob 2.1.3 (2.2.0 available)
  lints 6.0.0 (6.1.0 available)
  matcher 0.12.19 (0.12.20 available)
  material_color_utilities 0.13.0 (0.13.1 available)
  meta 1.18.0 (1.19.0 available)
  package_config 2.2.0 (3.0.0 available)
  platform 3.1.6 (3.2.0 available)
  process 5.0.5 (5.0.6 available)
  pub_semver 2.2.0 (2.2.1 available)
  source_span 1.10.1 (1.10.2 available)
  stack_trace 1.12.1 (1.12.2 available)
  test_api 0.7.11 (0.7.14 available)
  vector_math 2.2.0 (2.4.2 available)
  vm_service 15.0.2 (15.3.0 available)
  webdriver 3.1.0 (3.2.0 available)
  yaml 3.1.3 (3.1.4 available)
Got dependencies!
21 packages have newer versions incompatible with dependency constraints.
Try `flutter pub outdated` for more information.
Analyzing lib...                                                

   info • The part-of directive uses a library name. Try converting the directive to use the URI of the library • lib/dependencies.dart:46:1 • use_string_in_part_of_directives
   info • Redundant initialization to 'null'. Try removing the initializer • lib/dependencies.dart:80:9 • avoid_init_to_null
   info • Library names are not necessary. Remove the library name • lib/generated_widget.dart:2:9 • unnecessary_library_name

[spm]: Injecting profiler code...
[spm]: Starting app...
Running Gradle task 'assembleProfile'...                        
Running Gradle task 'assembleProfile'...                         1,788ms
✓ Built build/app/outputs/flutter-apk/app-profile.apk (26.8MB)
Installing build/app/outputs/flutter-apk/app-profile.apk...      1,246ms
D/SurfaceView(17654): UPDATE null, mIsCastMode = false
D/hw-ProcessState(17654): Binder ioctl to enable oneway spam detection failed: Invalid argument
W/Looper  (17654): PerfMonitor longMsg : seq=8 plan=01:22:23.374 late=452ms wall=1756ms running=0ms h=android.view.Choreographer$FrameHandler c=android.view.Choreographer$FrameDisplayEventReceiver procState=-1
W/Looper  (17654): PerfMonitor doFrame : time=1756ms vsyncFrame=0 latency=452ms procState=-1 historyMsgCount=4 (msgIndex=1 wall=1756ms seq=8 late=452ms h=android.view.Choreographer$FrameHandler c=android.view.Choreographer$FrameDisplayEventReceiver)
I/Choreographer(17654): Skipped 98 frames!  The application may be doing too much work on its main thread.
D/SurfaceView(17654): UPDATE Surface(name=SurfaceView[com.example.benchmark_container/com.example.benchmark_container.MainActivity])/@0xca20cbb, mIsProjectionMode = false
W/Looper  (17654): PerfMonitor doFrame : time=3ms vsyncFrame=0 latency=1647ms procState=-1 historyMsgCount=4
[spm]: Connected to Dart VM service.
I/flutter (17654): 00:00 +0: Performance Benchmark
E/hmark_containe(17654): open libmigui.so failed! dlopen - dlopen failed: library "libmigui.so" not found
D/hmark_containe(17654): MiuiProcessManagerServiceStub setSchedFifo
I/MiuiProcessManagerImpl(17654): setSchedFifo pid:17654, mode:3
D/DecorView[](17654): onWindowFocusChanged hasWindowFocus true
D/DecorView[](17654): getWindowModeFromSystem  windowmode is 1
D/DecorView[](17654): updateDecorCaptionStatus displayWindowDecor is false
D/ProfileInstaller(17654): Installing profile for com.example.benchmark_container
I/flutter (17654): [SPM:perf] 698a51a  buildSpan: 1815µs
I/flutter (17654): [spm] Performance monitoring completed for 698a51a
[spm]: ProfilerData event received.
[spm]: ProfilerData event received.
I/flutter (17654): [SPM:perf] 698a51a  buildSpan: 1503µs
I/flutter (17654): [spm] Performance monitoring completed for 698a51a
[spm]: ProfilerData event received.
I/flutter (17654): [SPM:perf] 698a51a  buildSpan: 1301µs
I/flutter (17654): [spm] Performance monitoring completed for 698a51a
[spm]: ProfilerData event received.
I/flutter (17654): [SPM:perf] 698a51a  buildSpan: 1295µs
I/flutter (17654): [spm] Performance monitoring completed for 698a51a
[spm]: ProfilerData event received.
I/flutter (17654): [SPM:perf] 698a51a  buildSpan: 1109µs
I/flutter (17654): [spm] Performance monitoring completed for 698a51a
[spm]: ProfilerData event received.
I/flutter (17654): [SPM:perf] 698a51a  buildSpan: 1656µs
I/flutter (17654): [spm] Performance monitoring completed for 698a51a
[spm]: ProfilerData event received.
I/flutter (17654): [SPM:perf] 698a51a  buildSpan: 1589µs
I/flutter (17654): [spm] Performance monitoring completed for 698a51a
[spm]: ProfilerData event received.
I/flutter (17654): [SPM:perf] 698a51a  buildSpan: 1335µs
I/flutter (17654): [spm] Performance monitoring completed for 698a51a
[spm]: ProfilerData event received.
I/flutter (17654): [SPM:perf] 698a51a  buildSpan: 1430µs
I/flutter (17654): [spm] Performance monitoring completed for 698a51a
[spm]: ProfilerData event received.
I/flutter (17654): [SPM:perf] 698a51a  buildSpan: 1157µs
I/flutter (17654): [spm] Performance monitoring completed for 698a51a
[spm]: ProfilerData event received.
I/flutter (17654): [SPM:perf] 698a51a  buildSpan: 1611µs
I/flutter (17654): [spm] Performance monitoring completed for 698a51a
I/flutter (17654): [SPM:perf] 698a51a  buildSpan: 1650µs
I/flutter (17654): [spm] Performance monitoring completed for 698a51a
[spm]: ProfilerData event received.
[spm]: ProfilerData event received.
I/flutter (17654): [SPM:perf] 698a51a  buildSpan: 1150µs
I/flutter (17654): [spm] Performance monitoring completed for 698a51a
[spm]: ProfilerData event received.
I/flutter (17654): [SPM:perf] 698a51a  buildSpan: 1205µs
I/flutter (17654): [spm] Performance monitoring completed for 698a51a
[spm]: ProfilerData event received.
I/flutter (17654): [SPM:perf] 698a51a  buildSpan: 1739µs
I/flutter (17654): [spm] Performance monitoring completed for 698a51a
[spm]: ProfilerData event received.
I/flutter (17654): [SPM:perf] 698a51a  buildSpan: 1650µs
I/flutter (17654): [spm] Performance monitoring completed for 698a51a
[spm]: ProfilerData event received.
I/flutter (17654): [SPM:perf] 698a51a  buildSpan: 934µs
I/flutter (17654): [spm] Performance monitoring completed for 698a51a
[spm]: ProfilerData event received.
I/flutter (17654): [SPM:perf] 698a51a  buildSpan: 1706µs
I/flutter (17654): [spm] Performance monitoring completed for 698a51a
[spm]: ProfilerData event received.
I/flutter (17654): [SPM:perf] 698a51a  buildSpan: 1236µs
I/flutter (17654): [spm] Performance monitoring completed for 698a51a
I/flutter (17654): [SPM:perf] 698a51a  buildSpan: 1576µs
I/flutter (17654): [spm] Performance monitoring completed for 698a51a
[spm]: ProfilerData event received.
[spm]: ProfilerData event received.
I/flutter (17654): [SPM:perf] 698a51a  buildSpan: 969µs
I/flutter (17654): [spm] Performance monitoring completed for 698a51a
[spm]: ProfilerData event received.
I/flutter (17654): [SPM:perf] 698a51a  buildSpan: 967µs
I/flutter (17654): [spm] Performance monitoring completed for 698a51a
[spm]: ProfilerData event received.
I/flutter (17654): [SPM:perf] 698a51a  buildSpan: 1118µs
I/flutter (17654): [spm] Performance monitoring completed for 698a51a
[spm]: ProfilerData event received.
I/flutter (17654): [SPM:perf] 698a51a  buildSpan: 1028µs
I/flutter (17654): [spm] Performance monitoring completed for 698a51a
[spm]: ProfilerData event received.
I/flutter (17654): [SPM:perf] 698a51a  buildSpan: 1274µs
I/flutter (17654): [spm] Performance monitoring completed for 698a51a
[spm]: ProfilerData event received.
I/flutter (17654): [SPM:perf] 698a51a  buildSpan: 917µs
I/flutter (17654): [spm] Performance monitoring completed for 698a51a
[spm]: ProfilerData event received.
I/flutter (17654): [SPM:perf] 698a51a  buildSpan: 1721µs
I/flutter (17654): [spm] Performance monitoring completed for 698a51a
[spm]: ProfilerData event received.
I/flutter (17654): [SPM:perf] 698a51a  buildSpan: 862µs
I/flutter (17654): [spm] Performance monitoring completed for 698a51a
I/flutter (17654): [SPM:perf] 698a51a  buildSpan: 1274µs
[spm]: ProfilerData event received.
I/flutter (17654): [spm] Performance monitoring completed for 698a51a
[spm]: ProfilerData event received.
I/flutter (17654): [SPM:perf] 698a51a  buildSpan: 1578µs
I/flutter (17654): [spm] Performance monitoring completed for 698a51a
I/flutter (17654): 01:10 +1: (tearDownAll)
I/flutter (17654): 01:11 +2: All tests passed!
All tests passed.
[spm]: Saved 30 profiler events to <ROOT>/dataset-new_samples/0837/redmi9t/raw/20260912-010844/rev_001_b1973107/e5.jsonl
[spm]: Reverting injection...
3 issues found. (ran in 0.5s)
WARNING: Your Android app project: app located at: <ROOT>/android/app/build.gradle.kts
applies the Kotlin Gradle Plugin, which will cause build failures in future versions of Flutter. 
Please migrate your app to Built-in Kotlin using this guide: https://docs.flutter.dev/release/breaking-changes/migrate-to-built-in-kotlin/for-app-developers

VMServiceFlutterDriver: Connecting to Flutter application at http://127.0.0.1:35145/WmN_bq85isI=/
[spm]: Detected VM service URI: ws://127.0.0.1:35145/WmN_bq85isI=/ws
VMServiceFlutterDriver: Isolate found with number: 100382542027675
VMServiceFlutterDriver: Isolate 100382542027675 is runnable.
VMServiceFlutterDriver: Isolate is paused at start.
VMServiceFlutterDriver: Attempting to resume isolate
VMServiceFlutterDriver: Connected to Flutter application.
VMServiceFlutterDriver: request_data message is taking a long time to complete...