# sample_id=0837/rev_001_b1973107 exec_index=9 ok=True perf_lines=30 vm_events=30 battery_pct=72 soc_temp_millic=38600 battery_temp_c=31.7 charging=False preflight_started=2026-09-11T22:29:23.560296+00:00 started=2026-09-11T22:29:26.199707+00:00 ts=2026-09-11T22:31:27.054997+00:00
[spm]: Running flutter analyze...
Resolving dependencies...
Downloading packages...
  _fe_analyzer_shared 100.0.0 (108.0.0 available)
  analyzer 13.0.0 (14.4.0 available)
  async 2.13.0 (2.13.1 available)
  clock 1.1.2 (1.1.3 available)
  cupertino_icons 1.0.8 (1.0.9 available)
  glob 2.1.3 (2.2.0 available)
  lints 6.0.0 (6.1.0 available)
  matcher 0.12.19 (0.12.20 available)
  material_color_utilities 0.13.0 (0.13.1 available)
  meta 1.18.0 (1.19.0 available)
  package_config 2.2.0 (3.0.0 available)
  platform 3.1.6 (3.2.0 available)
  process 5.0.5 (5.0.6 available)
  pub_semver 2.2.0 (2.2.1 available)
  source_span 1.10.1 (1.10.2 available)
  stack_trace 1.12.1 (1.12.2 available)
  test_api 0.7.11 (0.7.14 available)
  vector_math 2.2.0 (2.4.2 available)
  vm_service 15.0.2 (15.3.0 available)
  webdriver 3.1.0 (3.2.0 available)
  yaml 3.1.3 (3.1.4 available)
Got dependencies!
21 packages have newer versions incompatible with dependency constraints.
Try `flutter pub outdated` for more information.
Analyzing lib...                                                

   info • The part-of directive uses a library name. Try converting the directive to use the URI of the library • lib/dependencies.dart:46:1 • use_string_in_part_of_directives
   info • Redundant initialization to 'null'. Try removing the initializer • lib/dependencies.dart:80:9 • avoid_init_to_null
   info • Library names are not necessary. Remove the library name • lib/generated_widget.dart:2:9 • unnecessary_library_name

[spm]: Injecting profiler code...
[spm]: Starting app...
Running Gradle task 'assembleProfile'...                        
Running Gradle task 'assembleProfile'...                           19.8s
✓ Built build/app/outputs/flutter-apk/app-profile.apk (26.8MB)
Installing build/app/outputs/flutter-apk/app-profile.apk...      1,217ms
D/DecorView[](13759): getWindowModeFromSystem  windowmode is 1
I/ForceDarkHelperStubImpl(13759): setViewRootImplForceDark: false for com.example.benchmark_container.MainActivity@e6f428d, reason: AppDarkModeEnable
I/ForceDarkHelperStubImpl(13759): setViewRootImplForceDark: false for com.example.benchmark_container.MainActivity@e6f428d, reason: AppDarkModeEnable
D/DecorView[](13759): getWindowModeFromSystem  windowmode is 1
D/DecorView[](13759): updateDecorCaptionStatus displayWindowDecor is false
W/Looper  (13759): PerfMonitor looperActivity : package=com.example.benchmark_container/.MainActivity time=340ms latency=373ms running=0ms  procState=-1  historyMsgCount=3 (msgIndex=3 wall=359ms seq=3 h=android.app.ActivityThread$H w=110)
W/Looper  (13759): PerfMonitor looperActivity : package=com.example.benchmark_container/.MainActivity time=0ms latency=715ms running=0ms  procState=-1  historyMsgCount=4 (msgIndex=3 wall=359ms seq=3 h=android.app.ActivityThread$H w=110) (msgIndex=4 wall=340ms seq=4 h=android.app.ActivityThread$H w=159)
D/SurfaceView(13759): UPDATE null, mIsCastMode = false
D/hw-ProcessState(13759): Binder ioctl to enable oneway spam detection failed: Invalid argument
W/Looper  (13759): PerfMonitor longMsg : seq=8 plan=01:30:03.055 late=341ms wall=1683ms running=0ms h=android.view.Choreographer$FrameHandler c=android.view.Choreographer$FrameDisplayEventReceiver procState=-1
W/Looper  (13759): PerfMonitor doFrame : time=1683ms vsyncFrame=0 latency=341ms procState=-1 historyMsgCount=4 (msgIndex=1 wall=1683ms seq=8 late=341ms h=android.view.Choreographer$FrameHandler c=android.view.Choreographer$FrameDisplayEventReceiver)
I/Choreographer(13759): Skipped 95 frames!  The application may be doing too much work on its main thread.
D/SurfaceView(13759): UPDATE Surface(name=SurfaceView[com.example.benchmark_container/com.example.benchmark_container.MainActivity])/@0xca20cbb, mIsProjectionMode = false
W/Looper  (13759): PerfMonitor doFrame : time=3ms vsyncFrame=0 latency=1597ms procState=-1 historyMsgCount=4
[spm]: Connected to Dart VM service.
I/flutter (13759): 00:00 +0: Performance Benchmark
E/hmark_containe(13759): open libmigui.so failed! dlopen - dlopen failed: library "libmigui.so" not found
D/hmark_containe(13759): MiuiProcessManagerServiceStub setSchedFifo
I/MiuiProcessManagerImpl(13759): setSchedFifo pid:13759, mode:3
D/DecorView[](13759): onWindowFocusChanged hasWindowFocus true
D/DecorView[](13759): getWindowModeFromSystem  windowmode is 1
D/DecorView[](13759): updateDecorCaptionStatus displayWindowDecor is false
D/ProfileInstaller(13759): Installing profile for com.example.benchmark_container
[spm]: ProfilerData event received.
I/flutter (13759): [SPM:perf] 698a51a  buildSpan: 1894µs
I/flutter (13759): [spm] Performance monitoring completed for 698a51a
[spm]: ProfilerData event received.
I/flutter (13759): [SPM:perf] 698a51a  buildSpan: 1643µs
I/flutter (13759): [spm] Performance monitoring completed for 698a51a
I/flutter (13759): [SPM:perf] 698a51a  buildSpan: 1592µs
I/flutter (13759): [spm] Performance monitoring completed for 698a51a
[spm]: ProfilerData event received.
[spm]: ProfilerData event received.
I/flutter (13759): [SPM:perf] 698a51a  buildSpan: 1118µs
I/flutter (13759): [spm] Performance monitoring completed for 698a51a
I/flutter (13759): [SPM:perf] 698a51a  buildSpan: 1627µs
I/flutter (13759): [spm] Performance monitoring completed for 698a51a
[spm]: ProfilerData event received.
I/flutter (13759): [SPM:perf] 698a51a  buildSpan: 1777µs
I/flutter (13759): [spm] Performance monitoring completed for 698a51a
[spm]: ProfilerData event received.
I/flutter (13759): [SPM:perf] 698a51a  buildSpan: 1722µs
I/flutter (13759): [spm] Performance monitoring completed for 698a51a
[spm]: ProfilerData event received.
I/flutter (13759): [SPM:perf] 698a51a  buildSpan: 1610µs
I/flutter (13759): [spm] Performance monitoring completed for 698a51a
[spm]: ProfilerData event received.
[spm]: ProfilerData event received.
I/flutter (13759): [SPM:perf] 698a51a  buildSpan: 1474µs
I/flutter (13759): [spm] Performance monitoring completed for 698a51a
[spm]: ProfilerData event received.
I/flutter (13759): [SPM:perf] 698a51a  buildSpan: 1255µs
I/flutter (13759): [spm] Performance monitoring completed for 698a51a
I/flutter (13759): [SPM:perf] 698a51a  buildSpan: 1679µs
I/flutter (13759): [spm] Performance monitoring completed for 698a51a
[spm]: ProfilerData event received.
I/flutter (13759): [SPM:perf] 698a51a  buildSpan: 1120µs
I/flutter (13759): [spm] Performance monitoring completed for 698a51a
[spm]: ProfilerData event received.
[spm]: ProfilerData event received.
I/flutter (13759): [SPM:perf] 698a51a  buildSpan: 939µs
I/flutter (13759): [spm] Performance monitoring completed for 698a51a
[spm]: ProfilerData event received.
I/flutter (13759): [SPM:perf] 698a51a  buildSpan: 1548µs
I/flutter (13759): [spm] Performance monitoring completed for 698a51a
[spm]: ProfilerData event received.
I/flutter (13759): [SPM:perf] 698a51a  buildSpan: 1247µs
I/flutter (13759): [spm] Performance monitoring completed for 698a51a
[spm]: ProfilerData event received.
I/flutter (13759): [SPM:perf] 698a51a  buildSpan: 1558µs
I/flutter (13759): [spm] Performance monitoring completed for 698a51a
[spm]: ProfilerData event received.
I/flutter (13759): [SPM:perf] 698a51a  buildSpan: 1604µs
I/flutter (13759): [spm] Performance monitoring completed for 698a51a
[spm]: ProfilerData event received.
I/flutter (13759): [SPM:perf] 698a51a  buildSpan: 1566µs
I/flutter (13759): [spm] Performance monitoring completed for 698a51a
[spm]: ProfilerData event received.
I/flutter (13759): [SPM:perf] 698a51a  buildSpan: 1620µs
I/flutter (13759): [spm] Performance monitoring completed for 698a51a
[spm]: ProfilerData event received.
I/flutter (13759): [SPM:perf] 698a51a  buildSpan: 1352µs
I/flutter (13759): [spm] Performance monitoring completed for 698a51a
[spm]: ProfilerData event received.
I/flutter (13759): [SPM:perf] 698a51a  buildSpan: 1700µs
I/flutter (13759): [spm] Performance monitoring completed for 698a51a
[spm]: ProfilerData event received.
I/flutter (13759): [SPM:perf] 698a51a  buildSpan: 1630µs
I/flutter (13759): [spm] Performance monitoring completed for 698a51a
[spm]: ProfilerData event received.
I/flutter (13759): [SPM:perf] 698a51a  buildSpan: 1729µs
I/flutter (13759): [spm] Performance monitoring completed for 698a51a
[spm]: ProfilerData event received.
I/flutter (13759): [SPM:perf] 698a51a  buildSpan: 1588µs
I/flutter (13759): [spm] Performance monitoring completed for 698a51a
I/flutter (13759): [SPM:perf] 698a51a  buildSpan: 1288µs
I/flutter (13759): [spm] Performance monitoring completed for 698a51a
[spm]: ProfilerData event received.
[spm]: ProfilerData event received.
I/flutter (13759): [SPM:perf] 698a51a  buildSpan: 1507µs
I/flutter (13759): [spm] Performance monitoring completed for 698a51a
[spm]: ProfilerData event received.
I/flutter (13759): [SPM:perf] 698a51a  buildSpan: 1711µs
I/flutter (13759): [spm] Performance monitoring completed for 698a51a
I/flutter (13759): [SPM:perf] 698a51a  buildSpan: 1630µs
I/flutter (13759): [spm] Performance monitoring completed for 698a51a
[spm]: ProfilerData event received.
I/flutter (13759): [SPM:perf] 698a51a  buildSpan: 1547µs
[spm]: ProfilerData event received.
I/flutter (13759): [spm] Performance monitoring completed for 698a51a
[spm]: ProfilerData event received.
I/flutter (13759): [SPM:perf] 698a51a  buildSpan: 1587µs
I/flutter (13759): [spm] Performance monitoring completed for 698a51a
I/flutter (13759): 01:10 +1: (tearDownAll)
I/flutter (13759): 01:11 +2: All tests passed!
All tests passed.
[spm]: Saved 30 profiler events to <ROOT>/dataset-new_samples/0837/redmi9t/raw/20260912-010844/rev_001_b1973107/e9.jsonl
[spm]: Reverting injection...
3 issues found. (ran in 0.6s)
WARNING: Your Android app project: app located at: <ROOT>/android/app/build.gradle.kts
applies the Kotlin Gradle Plugin, which will cause build failures in future versions of Flutter. 
Please migrate your app to Built-in Kotlin using this guide: https://docs.flutter.dev/release/breaking-changes/migrate-to-built-in-kotlin/for-app-developers

VMServiceFlutterDriver: Connecting to Flutter application at http://127.0.0.1:36513/Vd4RnsHXbDM=/
[spm]: Detected VM service URI: ws://127.0.0.1:36513/Vd4RnsHXbDM=/ws
VMServiceFlutterDriver: Isolate found with number: 1395512341465727
VMServiceFlutterDriver: Isolate 1395512341465727 is runnable.
VMServiceFlutterDriver: Isolate is paused at start.
VMServiceFlutterDriver: Attempting to resume isolate
VMServiceFlutterDriver: Connected to Flutter application.
VMServiceFlutterDriver: request_data message is taking a long time to complete...