# sample_id=0856/rev_002_5939b95b exec_index=4 ok=True perf_lines=30 vm_events=30 battery_pct=73 soc_temp_millic=37400 battery_temp_c=31.3 charging=False preflight_started=2026-09-11T23:45:58.367960+00:00 started=2026-09-11T23:46:01.083673+00:00 ts=2026-09-11T23:48:03.203250+00:00
[spm]: Running flutter analyze...
Resolving dependencies...
Downloading packages...
  _fe_analyzer_shared 100.0.0 (108.0.0 available)
  analyzer 13.0.0 (14.4.0 available)
  async 2.13.0 (2.13.1 available)
  clock 1.1.2 (1.1.3 available)
  cupertino_icons 1.0.8 (1.0.9 available)
  glob 2.1.3 (2.2.0 available)
  lints 6.0.0 (6.1.0 available)
  matcher 0.12.19 (0.12.20 available)
  material_color_utilities 0.13.0 (0.13.1 available)
  meta 1.18.0 (1.19.0 available)
  package_config 2.2.0 (3.0.0 available)
  platform 3.1.6 (3.2.0 available)
  process 5.0.5 (5.0.6 available)
  pub_semver 2.2.0 (2.2.1 available)
  source_span 1.10.1 (1.10.2 available)
  stack_trace 1.12.1 (1.12.2 available)
  test_api 0.7.11 (0.7.14 available)
  vector_math 2.2.0 (2.4.2 available)
  vm_service 15.0.2 (15.3.0 available)
  webdriver 3.1.0 (3.2.0 available)
  yaml 3.1.3 (3.1.4 available)
Got dependencies!
21 packages have newer versions incompatible with dependency constraints.
Try `flutter pub outdated` for more information.
Analyzing lib...                                                

   info • The part-of directive uses a library name. Try converting the directive to use the URI of the library • lib/dependencies.dart:46:1 • use_string_in_part_of_directives
   info • Library names are not necessary. Remove the library name • lib/generated_widget.dart:2:9 • unnecessary_library_name
   info • Constructors in '@immutable' classes should be declared as 'const'. Try adding 'const' to the constructor declaration • lib/generated_widget.dart:11:3 • prefer_const_constructors_in_immutables

[spm]: Injecting profiler code...
[spm]: Starting app...
Running Gradle task 'assembleProfile'...                        
Running Gradle task 'assembleProfile'...                           19.6s
✓ Built build/app/outputs/flutter-apk/app-profile.apk (26.8MB)
Installing build/app/outputs/flutter-apk/app-profile.apk...      1,362ms
D/MiuiMultiWindowUtils(21819): freeform resolution args raw data:{  "zizhan":{    "freeform_args": {      "inner":{        "vertical_portrait":{"aspect_ratio":0.626, "original_ratio":0.5643,"original_scale":0.74,"top_margin":0.168,"left_margin":0.484},        "horizontal_portrait":{"aspect_ratio":0.626, "original_ratio":0.5643,"original_scale":0.74,"top_margin":0.1222,"left_margin":0.59745},        "vertical_landscape":{"aspect_ratio":1.6, "original_ratio":1,"original_scale":0.604,"top_margin":0.2596,"left_margin":0.2624},        "horizontal_landscape":{"aspect_ratio":1.6, "original_ratio":1,"original_scale":0.604,"top_margin":0.213,"left_margin":0.3758}      },      "outer":{        "vertical_portrait":{"aspect_ratio":0.626, "original_ratio":1,"original_scale":0.74,"top_margin":0.0753,"left_margin":-1},        "horizontal_portrait":{"aspect_ratio":0.626, "original_ratio":1,"original_scale":0.5756,"top_margin":-1,"left_margin":0.0753},        "vertical_landscape":{"aspect_ratio":1.6, "original_ratio":0.6847,"original_scale":0.587,"top_margin":0.0753,"left_margin":-1},        "horizontal_landscape":{"aspect_ratio":1.6, "original_ratio":0.6847,"original_scale":0.587,"top_margin":-1,"left_margin":0.0753}}    },    "mini_freeform_args":{      "inner":{        "vertical_portrait":{"aspect_ratio":0.626, "original_ratio":0.147},        "horizontal_portrait":{"aspect_ratio":0.626, "original_ratio":0.147},        "vertical_landscape":{"aspect_ratio":1.6, "original_ratio":0.165},        "horizontal_landscape":{"aspect_ratio":1.6, "original_ratio":0.165}      },      "outer":{        "vertical_portrait":{"aspect_ratio":0.626, "original_ratio":0.26},        "horizontal_portrait":{"aspect_ratio":0.626, "original_ratio":0.26},        "vertical_landscape":{"aspect_ratio":1.6, "original_ratio":0.293},        "horizontal_landscape":{"aspect_ratio":1.6, "original_ratio":0.293}}    }  },  "wide_default":{    "freeform_args": {        "vertical_portrait":{"aspect_ratio":0.625, "original_ratio":0.5806,"original_scale":0.7574,"top_margin":0.125,"left_margin":0.392},        "horizontal_portrait":{"aspect_ratio":0.625, "original_ratio":0.5806,"original_scale":0.7574,"top_margin":-1,"left_margin":0.6415},        "vertical_landscape":{"aspect_ratio":1.6, "original_ratio":1,"original_scale":0.5153,"top_margin":0.125,"left_margin":0.206},        "horizontal_landscape":{"aspect_ratio":1.6, "original_ratio":1,"original_scale":0.5153,"top_margin":-1,"left_margin":0.456}    },    "mini_freeform_args":{        "vertical_portrait":{"aspect_ratio":0.5625, "original_ratio":0.144},        "horizontal_portrait":{"aspect_ratio":0.5625, "original_ratio":0.144},        "vertical_landscape":{"aspect_ratio":-1, "original_ratio":0.144},        "horizontal_landscape":{"aspect_ratio":-1, "original_ratio":0.144}    }  },  "narrow_default": {    "freeform_args": {        "vertical_portrait":{"aspect_ratio":0.5625, "original_ratio":1,"original_scale":0.7182,"top_margin":0.142,"left_margin":-1},        "horizontal_portrait":{"aspect_ratio":0.8, "original_ratio":1,"original_scale":0.7182,"top_margin":-1,"left_margin":0.05},        "vertical_landscape":{"aspect_ratio":1.6, "original_ratio":0.6545,"original_scale":0.4473,"top_margin":0.142,"left_margin":-1},        "horizontal_landscape":{"aspect_ratio":1.6, "original_ratio":0.6545,"original_scale":0.4473,"top_margin":-1,"left_margin":0.05}    },    "mini_freeform_args":{        "vertical_portrait":{"aspect_ratio":0.5625, "original_ratio":0.3},        "horizontal_portrait":{"aspect_ratio":0.5625, "original_ratio":0.3},        "vertical_landscape":{"aspect_ratio":1.7778, "original_ratio":0.3},        "horizontal_landscape":{"aspect_ratio":1.7778, "original_ratio":0.3}    }  },  "regular_default": {    "freeform_args": {      "vertical_portrait":{"aspect_ratio":0.625, "original_ratio":1,"original_scale":0.7,"top_margin":0.109,"left_margin":-1},      "horizontal_portrait":{"aspect_ratio":0.6667, "original_ratio":1,"original_scale":0.6102,"top_margin":-1,"left_margin":0.026},      "vertical_landscape":{"asp
E/MiuiMultiWindowUtils(21819): initFreeFormResolutionArgs failed, device is lime
D/IS_CTS_MODE(21819): true
D/MULTI_WINDOW_SWITCH_ENABLED(21819): false
D/IS_CTS_MODE(21819): true
D/MULTI_WINDOW_SWITCH_ENABLED(21819): false
D/IS_CTS_MODE(21819): true
D/MULTI_WINDOW_SWITCH_ENABLED(21819): false
D/DecorView[](21819): getWindowModeFromSystem  windowmode is 1
I/ForceDarkHelperStubImpl(21819): setViewRootImplForceDark: false for com.example.benchmark_container.MainActivity@e6f428d, reason: AppDarkModeEnable
I/ForceDarkHelperStubImpl(21819): setViewRootImplForceDark: false for com.example.benchmark_container.MainActivity@e6f428d, reason: AppDarkModeEnable
D/DecorView[](21819): getWindowModeFromSystem  windowmode is 1
D/DecorView[](21819): updateDecorCaptionStatus displayWindowDecor is false
W/Looper  (21819): PerfMonitor looperActivity : package=com.example.benchmark_container/.MainActivity time=346ms latency=344ms running=0ms  procState=-1  historyMsgCount=3 (msgIndex=1 wall=346ms seq=4 late=344ms h=android.app.ActivityThread$H w=159) (msgIndex=2 wall=346ms seq=4 late=344ms h=android.app.ActivityThread$H w=159) (msgIndex=3 wall=346ms seq=3 h=android.app.ActivityThread$H w=110)
W/Looper  (21819): PerfMonitor looperActivity : package=com.example.benchmark_container/.MainActivity time=1ms latency=691ms running=0ms  procState=-1  historyMsgCount=4 (msgIndex=1 wall=346ms seq=4 h=android.app.ActivityThread$H w=159) (msgIndex=2 wall=346ms seq=4 h=android.app.ActivityThread$H w=159) (msgIndex=3 wall=346ms seq=3 h=android.app.ActivityThread$H w=110) (msgIndex=4 wall=346ms seq=4 h=android.app.ActivityThread$H w=159)
D/SurfaceView(21819): UPDATE null, mIsCastMode = false
D/hw-ProcessState(21819): Binder ioctl to enable oneway spam detection failed: Invalid argument
W/Looper  (21819): PerfMonitor longMsg : seq=8 plan=02:46:37.128 late=345ms wall=1683ms running=0ms h=android.view.Choreographer$FrameHandler c=android.view.Choreographer$FrameDisplayEventReceiver procState=-1
W/Looper  (21819): PerfMonitor doFrame : time=1683ms vsyncFrame=0 latency=345ms procState=-1 historyMsgCount=4 (msgIndex=1 wall=1683ms seq=8 late=345ms h=android.view.Choreographer$FrameHandler c=android.view.Choreographer$FrameDisplayEventReceiver)
I/Choreographer(21819): Skipped 96 frames!  The application may be doing too much work on its main thread.
D/SurfaceView(21819): UPDATE Surface(name=SurfaceView[com.example.benchmark_container/com.example.benchmark_container.MainActivity])/@0xca20cbb, mIsProjectionMode = false
W/Looper  (21819): PerfMonitor doFrame : time=4ms vsyncFrame=0 latency=1602ms procState=-1 historyMsgCount=4
[spm]: Connected to Dart VM service.
I/flutter (21819): 00:00 +0: Performance Benchmark
E/hmark_containe(21819): open libmigui.so failed! dlopen - dlopen failed: library "libmigui.so" not found
D/hmark_containe(21819): MiuiProcessManagerServiceStub setSchedFifo
I/MiuiProcessManagerImpl(21819): setSchedFifo pid:21819, mode:3
D/DecorView[](21819): onWindowFocusChanged hasWindowFocus true
D/DecorView[](21819): getWindowModeFromSystem  windowmode is 1
D/DecorView[](21819): updateDecorCaptionStatus displayWindowDecor is false
D/ProfileInstaller(21819): Installing profile for com.example.benchmark_container
[spm]: ProfilerData event received.
I/flutter (21819): [SPM:perf] 698a51a  buildSpan: 3223µs
I/flutter (21819): [spm] Performance monitoring completed for 698a51a
I/flutter (21819): [SPM:perf] 698a51a  buildSpan: 11396µs
I/flutter (21819): [spm] Performance monitoring completed for 698a51a
[spm]: ProfilerData event received.
[spm]: ProfilerData event received.
I/flutter (21819): [SPM:perf] 698a51a  buildSpan: 2773µs
I/flutter (21819): [spm] Performance monitoring completed for 698a51a
[spm]: ProfilerData event received.
I/flutter (21819): [SPM:perf] 698a51a  buildSpan: 3219µs
I/flutter (21819): [spm] Performance monitoring completed for 698a51a
[spm]: ProfilerData event received.
I/flutter (21819): [SPM:perf] 698a51a  buildSpan: 4160µs
I/flutter (21819): [spm] Performance monitoring completed for 698a51a
[spm]: ProfilerData event received.
I/flutter (21819): [SPM:perf] 698a51a  buildSpan: 2627µs
I/flutter (21819): [spm] Performance monitoring completed for 698a51a
[spm]: ProfilerData event received.
I/flutter (21819): [SPM:perf] 698a51a  buildSpan: 3889µs
I/flutter (21819): [spm] Performance monitoring completed for 698a51a
[spm]: ProfilerData event received.
I/flutter (21819): [SPM:perf] 698a51a  buildSpan: 3513µs
I/flutter (21819): [spm] Performance monitoring completed for 698a51a
[spm]: ProfilerData event received.
I/flutter (21819): [SPM:perf] 698a51a  buildSpan: 2974µs
I/flutter (21819): [spm] Performance monitoring completed for 698a51a
[spm]: ProfilerData event received.
I/flutter (21819): [SPM:perf] 698a51a  buildSpan: 4017µs
I/flutter (21819): [spm] Performance monitoring completed for 698a51a
[spm]: ProfilerData event received.
I/flutter (21819): [SPM:perf] 698a51a  buildSpan: 3964µs
I/flutter (21819): [spm] Performance monitoring completed for 698a51a
[spm]: ProfilerData event received.
I/flutter (21819): [SPM:perf] 698a51a  buildSpan: 4141µs
I/flutter (21819): [spm] Performance monitoring completed for 698a51a
[spm]: ProfilerData event received.
I/flutter (21819): [SPM:perf] 698a51a  buildSpan: 3871µs
I/flutter (21819): [spm] Performance monitoring completed for 698a51a
[spm]: ProfilerData event received.
I/flutter (21819): [SPM:perf] 698a51a  buildSpan: 3096µs
I/flutter (21819): [spm] Performance monitoring completed for 698a51a
[spm]: ProfilerData event received.
I/flutter (21819): [SPM:perf] 698a51a  buildSpan: 3868µs
I/flutter (21819): [spm] Performance monitoring completed for 698a51a
[spm]: ProfilerData event received.
I/flutter (21819): [SPM:perf] 698a51a  buildSpan: 4203µs
I/flutter (21819): [spm] Performance monitoring completed for 698a51a
[spm]: ProfilerData event received.
I/flutter (21819): [SPM:perf] 698a51a  buildSpan: 4475µs
I/flutter (21819): [spm] Performance monitoring completed for 698a51a
I/flutter (21819): [SPM:perf] 698a51a  buildSpan: 3961µs
I/flutter (21819): [spm] Performance monitoring completed for 698a51a
[spm]: ProfilerData event received.
[spm]: ProfilerData event received.
I/flutter (21819): [SPM:perf] 698a51a  buildSpan: 2534µs
I/flutter (21819): [spm] Performance monitoring completed for 698a51a
[spm]: ProfilerData event received.
I/flutter (21819): [SPM:perf] 698a51a  buildSpan: 4035µs
I/flutter (21819): [spm] Performance monitoring completed for 698a51a
[spm]: ProfilerData event received.
I/flutter (21819): [SPM:perf] 698a51a  buildSpan: 4035µs
I/flutter (21819): [spm] Performance monitoring completed for 698a51a
[spm]: ProfilerData event received.
I/flutter (21819): [SPM:perf] 698a51a  buildSpan: 3540µs
I/flutter (21819): [spm] Performance monitoring completed for 698a51a
I/flutter (21819): [SPM:perf] 698a51a  buildSpan: 4124µs
[spm]: ProfilerData event received.
I/flutter (21819): [spm] Performance monitoring completed for 698a51a
[spm]: ProfilerData event received.
I/flutter (21819): [SPM:perf] 698a51a  buildSpan: 2683µs
I/flutter (21819): [spm] Performance monitoring completed for 698a51a
[spm]: ProfilerData event received.
I/flutter (21819): [SPM:perf] 698a51a  buildSpan: 3166µs
I/flutter (21819): [spm] Performance monitoring completed for 698a51a
[spm]: ProfilerData event received.
I/flutter (21819): [SPM:perf] 698a51a  buildSpan: 3948µs
I/flutter (21819): [spm] Performance monitoring completed for 698a51a
[spm]: ProfilerData event received.
I/flutter (21819): [SPM:perf] 698a51a  buildSpan: 4028µs
I/flutter (21819): [spm] Performance monitoring completed for 698a51a
[spm]: ProfilerData event received.
I/flutter (21819): [SPM:perf] 698a51a  buildSpan: 2674µs
I/flutter (21819): [spm] Performance monitoring completed for 698a51a
[spm]: ProfilerData event received.
I/flutter (21819): [SPM:perf] 698a51a  buildSpan: 3092µs
I/flutter (21819): [spm] Performance monitoring completed for 698a51a
I/flutter (21819): [SPM:perf] 698a51a  buildSpan: 3226µs
[spm]: ProfilerData event received.
I/flutter (21819): [spm] Performance monitoring completed for 698a51a
I/flutter (21819): 01:12 +1: (tearDownAll)
I/flutter (21819): 01:13 +2: All tests passed!
I/Choreographer(21819): Skipped 60 frames!  The application may be doing too much work on its main thread.
W/Looper  (21819): PerfMonitor doFrame : time=2ms vsyncFrame=0 latency=1005ms procState=-1 historyMsgCount=8
I/OpenGLRenderer(21819): Davey! duration=1015ms; Flags=0, FrameTimelineVsyncId=10421795, IntendedVsync=290702374725344, Vsync=290703374725304, InputEventId=0, HandleInputStart=290703379587542, AnimationStart=290703379593688, PerformTraversalsStart=290703379597021, DrawStart=290703380424260, FrameDeadline=290702391392010, FrameInterval=290703379279208, FrameStartTime=16666666, SyncQueued=290703380786865, SyncStart=290703380913063, IssueDrawCommandsStart=290703381082438, SwapBuffers=290703383253688, FrameCompleted=290703390055563, DequeueBufferDuration=98438, QueueBufferDuration=1323177, GpuCompleted=290703390055563, SwapBuffersCompleted=290703385246500, DisplayPresentTime=35192970040093, 
[SPM:shot] wrote <ROOT>/dataset-new_samples/0856/redmi9t/shots/0856__rev_002_5939b95b.png (130862 bytes)
All tests passed.
[spm]: Saved 30 profiler events to <ROOT>/dataset-new_samples/0856/redmi9t/raw/20260912-024504/rev_002_5939b95b/e4.jsonl
[spm]: Reverting injection...
3 issues found. (ran in 0.8s)
WARNING: Your Android app project: app located at: <ROOT>/android/app/build.gradle.kts
applies the Kotlin Gradle Plugin, which will cause build failures in future versions of Flutter. 
Please migrate your app to Built-in Kotlin using this guide: https://docs.flutter.dev/release/breaking-changes/migrate-to-built-in-kotlin/for-app-developers

VMServiceFlutterDriver: Connecting to Flutter application at http://127.0.0.1:43931/j7pA4XJqlb8=/
[spm]: Detected VM service URI: ws://127.0.0.1:43931/j7pA4XJqlb8=/ws
VMServiceFlutterDriver: Isolate found with number: 4223566449390667
VMServiceFlutterDriver: Isolate 4223566449390667 is runnable.
VMServiceFlutterDriver: Isolate is paused at start.
VMServiceFlutterDriver: Attempting to resume isolate
VMServiceFlutterDriver: Connected to Flutter application.
VMServiceFlutterDriver: request_data message is taking a long time to complete...