# sample_id=1414/rev_004_43b5d4fb exec_index=4 ok=True perf_lines=30 vm_events=30 battery_pct=44 soc_temp_millic=37000 battery_temp_c=29.8 charging=False preflight_started=2026-09-17T23:21:58.914014+00:00 started=2026-09-17T23:22:01.723233+00:00 ts=2026-09-17T23:24:02.494331+00:00
[spm]: Running flutter analyze...
Resolving dependencies...
Downloading packages...
  _fe_analyzer_shared 100.0.0 (108.0.0 available)
  analyzer 13.0.0 (14.4.0 available)
  async 2.13.0 (2.13.1 available)
  clock 1.1.2 (1.1.3 available)
  cupertino_icons 1.0.8 (1.0.9 available)
  glob 2.1.3 (2.2.0 available)
  lints 6.0.0 (6.1.0 available)
  matcher 0.12.19 (0.12.20 available)
  material_color_utilities 0.13.0 (0.13.1 available)
  meta 1.18.0 (1.19.0 available)
  package_config 2.2.0 (3.0.0 available)
  platform 3.1.6 (3.2.0 available)
  process 5.0.5 (5.0.6 available)
  pub_semver 2.2.0 (2.2.1 available)
  source_span 1.10.1 (1.10.2 available)
  stack_trace 1.12.1 (1.12.2 available)
  test_api 0.7.11 (0.7.14 available)
  vector_math 2.2.0 (2.4.2 available)
  vm_service 15.0.2 (15.3.0 available)
  webdriver 3.1.0 (3.2.0 available)
  yaml 3.1.3 (3.1.4 available)
Got dependencies!
21 packages have newer versions incompatible with dependency constraints.
Try `flutter pub outdated` for more information.
Analyzing lib...                                                

   info • The part-of directive uses a library name. Try converting the directive to use the URI of the library • lib/dependencies.dart:46:1 • use_string_in_part_of_directives
   info • Library names are not necessary. Remove the library name • lib/generated_widget.dart:2:9 • unnecessary_library_name

[spm]: Injecting profiler code...
[spm]: Starting app...
Running Gradle task 'assembleProfile'...                        
Running Gradle task 'assembleProfile'...                           20.2s
✓ Built build/app/outputs/flutter-apk/app-profile.apk (26.8MB)
Installing build/app/outputs/flutter-apk/app-profile.apk...      1,252ms
D/DecorView[](25312): getWindowModeFromSystem  windowmode is 1
D/DecorView[](25312): updateDecorCaptionStatus displayWindowDecor is false
W/Looper  (25312): PerfMonitor looperActivity : package=com.example.benchmark_container/.MainActivity time=449ms latency=401ms running=0ms  procState=-1  historyMsgCount=3 (msgIndex=1 wall=449ms seq=4 late=401ms h=android.app.ActivityThread$H w=159) (msgIndex=3 wall=399ms seq=3 h=android.app.ActivityThread$H w=110)
W/Looper  (25312): PerfMonitor looperActivity : package=com.example.benchmark_container/.MainActivity time=1ms latency=851ms running=0ms  procState=-1  historyMsgCount=4 (msgIndex=1 wall=449ms seq=4 late=401ms h=android.app.ActivityThread$H w=159) (msgIndex=3 wall=399ms seq=3 h=android.app.ActivityThread$H w=110) (msgIndex=4 wall=449ms seq=4 late=401ms h=android.app.ActivityThread$H w=159)
I/Choreographer(25312): Skipped 30 frames!  The application may be doing too much work on its main thread.
D/SurfaceView(25312): UPDATE null, mIsCastMode = false
D/hw-ProcessState(25312): Binder ioctl to enable oneway spam detection failed: Invalid argument
W/Looper  (25312): PerfMonitor longMsg : seq=8 plan=02:22:38.131 late=502ms wall=1789ms running=0ms h=android.view.Choreographer$FrameHandler c=android.view.Choreographer$FrameDisplayEventReceiver procState=-1
W/Looper  (25312): PerfMonitor doFrame : time=1789ms vsyncFrame=0 latency=502ms procState=-1 historyMsgCount=7 (msgIndex=1 wall=449ms seq=4 h=android.app.ActivityThread$H w=159) (msgIndex=3 wall=1789ms seq=8 late=502ms h=android.view.Choreographer$FrameHandler c=android.view.Choreographer$FrameDisplayEventReceiver) (msgIndex=4 wall=449ms seq=4 h=android.app.ActivityThread$H w=159)
I/Choreographer(25312): Skipped 100 frames!  The application may be doing too much work on its main thread.
D/SurfaceView(25312): UPDATE Surface(name=SurfaceView[com.example.benchmark_container/com.example.benchmark_container.MainActivity])/@0x9ac515, mIsProjectionMode = false
W/Looper  (25312): PerfMonitor doFrame : time=2ms vsyncFrame=0 latency=1682ms procState=-1 historyMsgCount=4
[spm]: Connected to Dart VM service.
I/flutter (25312): 00:00 +0: Performance Benchmark
E/hmark_containe(25312): open libmigui.so failed! dlopen - dlopen failed: library "libmigui.so" not found
D/hmark_containe(25312): MiuiProcessManagerServiceStub setSchedFifo
I/MiuiProcessManagerImpl(25312): setSchedFifo pid:25312, mode:3
D/DecorView[](25312): onWindowFocusChanged hasWindowFocus true
D/ProfileInstaller(25312): Installing profile for com.example.benchmark_container
D/DecorView[](25312): getWindowModeFromSystem  windowmode is 1
D/DecorView[](25312): updateDecorCaptionStatus displayWindowDecor is false
[spm]: ProfilerData event received.
I/flutter (25312): [SPM:perf] 698a51a  buildSpan: 2043µs
I/flutter (25312): [spm] Performance monitoring completed for 698a51a
[spm]: ProfilerData event received.
I/flutter (25312): [SPM:perf] 698a51a  buildSpan: 1902µs
I/flutter (25312): [spm] Performance monitoring completed for 698a51a
[spm]: ProfilerData event received.
I/flutter (25312): [SPM:perf] 698a51a  buildSpan: 1953µs
I/flutter (25312): [spm] Performance monitoring completed for 698a51a
[spm]: ProfilerData event received.
I/flutter (25312): [SPM:perf] 698a51a  buildSpan: 1838µs
I/flutter (25312): [spm] Performance monitoring completed for 698a51a
[spm]: ProfilerData event received.
I/flutter (25312): [SPM:perf] 698a51a  buildSpan: 1869µs
I/flutter (25312): [spm] Performance monitoring completed for 698a51a
[spm]: ProfilerData event received.
I/flutter (25312): [SPM:perf] 698a51a  buildSpan: 1889µs
I/flutter (25312): [spm] Performance monitoring completed for 698a51a
[spm]: ProfilerData event received.
I/flutter (25312): [SPM:perf] 698a51a  buildSpan: 2048µs
I/flutter (25312): [spm] Performance monitoring completed for 698a51a
[spm]: ProfilerData event received.
I/flutter (25312): [SPM:perf] 698a51a  buildSpan: 1987µs
I/flutter (25312): [spm] Performance monitoring completed for 698a51a
I/flutter (25312): [SPM:perf] 698a51a  buildSpan: 2130µs
I/flutter (25312): [spm] Performance monitoring completed for 698a51a
[spm]: ProfilerData event received.
[spm]: ProfilerData event received.
I/flutter (25312): [SPM:perf] 698a51a  buildSpan: 1914µs
I/flutter (25312): [spm] Performance monitoring completed for 698a51a
I/flutter (25312): [SPM:perf] 698a51a  buildSpan: 1680µs
I/flutter (25312): [spm] Performance monitoring completed for 698a51a
[spm]: ProfilerData event received.
[spm]: ProfilerData event received.
I/flutter (25312): [SPM:perf] 698a51a  buildSpan: 1888µs
I/flutter (25312): [spm] Performance monitoring completed for 698a51a
[spm]: ProfilerData event received.
I/flutter (25312): [SPM:perf] 698a51a  buildSpan: 1905µs
I/flutter (25312): [spm] Performance monitoring completed for 698a51a
I/flutter (25312): [SPM:perf] 698a51a  buildSpan: 1844µs
I/flutter (25312): [spm] Performance monitoring completed for 698a51a
[spm]: ProfilerData event received.
[spm]: ProfilerData event received.
I/flutter (25312): [SPM:perf] 698a51a  buildSpan: 1907µs
I/flutter (25312): [spm] Performance monitoring completed for 698a51a
[spm]: ProfilerData event received.
I/flutter (25312): [SPM:perf] 698a51a  buildSpan: 1973µs
I/flutter (25312): [spm] Performance monitoring completed for 698a51a
I/flutter (25312): [SPM:perf] 698a51a  buildSpan: 2107µs
I/flutter (25312): [spm] Performance monitoring completed for 698a51a
[spm]: ProfilerData event received.
[spm]: ProfilerData event received.
I/flutter (25312): [SPM:perf] 698a51a  buildSpan: 1945µs
I/flutter (25312): [spm] Performance monitoring completed for 698a51a
I/flutter (25312): [SPM:perf] 698a51a  buildSpan: 1927µs
[spm]: ProfilerData event received.
I/flutter (25312): [spm] Performance monitoring completed for 698a51a
I/flutter (25312): [SPM:perf] 698a51a  buildSpan: 1899µs
[spm]: ProfilerData event received.
I/flutter (25312): [spm] Performance monitoring completed for 698a51a
[spm]: ProfilerData event received.
I/flutter (25312): [SPM:perf] 698a51a  buildSpan: 1775µs
I/flutter (25312): [spm] Performance monitoring completed for 698a51a
[spm]: ProfilerData event received.
I/flutter (25312): [SPM:perf] 698a51a  buildSpan: 2023µs
I/flutter (25312): [spm] Performance monitoring completed for 698a51a
[spm]: ProfilerData event received.
I/flutter (25312): [SPM:perf] 698a51a  buildSpan: 1939µs
I/flutter (25312): [spm] Performance monitoring completed for 698a51a
[spm]: ProfilerData event received.
I/flutter (25312): [SPM:perf] 698a51a  buildSpan: 1513µs
I/flutter (25312): [spm] Performance monitoring completed for 698a51a
[spm]: ProfilerData event received.
I/flutter (25312): [SPM:perf] 698a51a  buildSpan: 1974µs
I/flutter (25312): [spm] Performance monitoring completed for 698a51a
[spm]: ProfilerData event received.
I/flutter (25312): [SPM:perf] 698a51a  buildSpan: 1846µs
I/flutter (25312): [spm] Performance monitoring completed for 698a51a
I/flutter (25312): [SPM:perf] 698a51a  buildSpan: 1853µs
[spm]: ProfilerData event received.
I/flutter (25312): [spm] Performance monitoring completed for 698a51a
[spm]: ProfilerData event received.
I/flutter (25312): [SPM:perf] 698a51a  buildSpan: 1869µs
I/flutter (25312): [spm] Performance monitoring completed for 698a51a
[spm]: ProfilerData event received.
I/flutter (25312): [SPM:perf] 698a51a  buildSpan: 1851µs
I/flutter (25312): [spm] Performance monitoring completed for 698a51a
[spm]: ProfilerData event received.
I/flutter (25312): [SPM:perf] 698a51a  buildSpan: 1945µs
I/flutter (25312): [spm] Performance monitoring completed for 698a51a
I/flutter (25312): 01:10 +1: (tearDownAll)
I/flutter (25312): 01:11 +2: All tests passed!
All tests passed.
[spm]: Saved 30 profiler events to <ROOT>/dataset-new_samples/1414/redmi9t/raw/20260918-015038/rev_004_43b5d4fb/e4.jsonl
[spm]: Reverting injection...
2 issues found. (ran in 0.5s)
WARNING: Your Android app project: app located at: <ROOT>/android/app/build.gradle.kts
applies the Kotlin Gradle Plugin, which will cause build failures in future versions of Flutter. 
Please migrate your app to Built-in Kotlin using this guide: https://docs.flutter.dev/release/breaking-changes/migrate-to-built-in-kotlin/for-app-developers

VMServiceFlutterDriver: Connecting to Flutter application at http://127.0.0.1:42235/HFQy9oZQfXs=/
[spm]: Detected VM service URI: ws://127.0.0.1:42235/HFQy9oZQfXs=/ws
VMServiceFlutterDriver: Isolate found with number: 5927771943002135
VMServiceFlutterDriver: Isolate 5927771943002135 is runnable.
VMServiceFlutterDriver: Isolate is paused at start.
VMServiceFlutterDriver: Attempting to resume isolate
VMServiceFlutterDriver: Connected to Flutter application.
VMServiceFlutterDriver: request_data message is taking a long time to complete...