# sample_id=0331/rev_002_15933220 exec_index=11 ok=True perf_lines=30 vm_events=30 battery_pct=33 soc_temp_millic=47300 battery_temp_c=34.5 charging=False preflight_started=2026-09-09T23:10:42.223391+00:00 started=2026-09-09T23:10:44.621448+00:00 ts=2026-09-09T23:12:50.967644+00:00
[spm]: Running flutter analyze...
Analyzing lib...                                                

   info • The part-of directive uses a library name. Try converting the directive to use the URI of the library • lib/dependencies.dart:43:1 • use_string_in_part_of_directives
   info • The type parameter name 'State' matches a visible type name. Try changing the type parameter name to not match an existing type • lib/dependencies.dart:116:19 • avoid_types_as_parameter_names
   info • Library names are not necessary. Remove the library name • lib/generated_widget.dart:2:9 • unnecessary_library_name
   info • Constructors in '@immutable' classes should be declared as 'const'. Try adding 'const' to the constructor declaration • lib/generated_widget.dart:11:3 • prefer_const_constructors_in_immutables
   info • 'withOpacity' is deprecated and shouldn't be used. Use .withValues() to avoid precision loss. Try replacing the use of the deprecated member with the replacement • lib/generated_widget.dart:50:41 • deprecated_member_use
   info • 'withOpacity' is deprecated and shouldn't be used. Use .withValues() to avoid precision loss. Try replacing the use of the deprecated member with the replacement • lib/generated_widget.dart:55:42 • deprecated_member_use

[spm]: Injecting profiler code...
[spm]: Starting app...
Running Gradle task 'assembleProfile'...                        
Running Gradle task 'assembleProfile'...                           23.0s
✓ Built build/app/outputs/flutter-apk/app-profile.apk (26.8MB)
Installing build/app/outputs/flutter-apk/app-profile.apk...      1,036ms
D/DecorView[](26035): getWindowModeFromSystem  windowmode is 1
D/DecorView[](26035): updateDecorCaptionStatus displayWindowDecor is false
W/Looper  (26035): PerfMonitor looperActivity : package=com.example.benchmark_container/.MainActivity time=342ms latency=358ms running=0ms  procState=-1  historyMsgCount=3 (msgIndex=1 wall=342ms seq=4 late=358ms h=android.app.ActivityThread$H w=159) (msgIndex=2 wall=342ms seq=4 late=358ms h=android.app.ActivityThread$H w=159) (msgIndex=3 wall=363ms seq=3 h=android.app.ActivityThread$H w=110)
W/Looper  (26035): PerfMonitor looperActivity : package=com.example.benchmark_container/.MainActivity time=0ms latency=701ms running=0ms  procState=-1  historyMsgCount=4 (msgIndex=1 wall=342ms seq=4 late=358ms h=android.app.ActivityThread$H w=159) (msgIndex=2 wall=342ms seq=4 late=358ms h=android.app.ActivityThread$H w=159) (msgIndex=3 wall=363ms seq=3 h=android.app.ActivityThread$H w=110) (msgIndex=4 wall=342ms seq=4 late=358ms h=android.app.ActivityThread$H w=159)
D/SurfaceView(26035): UPDATE null, mIsCastMode = false
D/hw-ProcessState(26035): Binder ioctl to enable oneway spam detection failed: Invalid argument
W/Looper  (26035): PerfMonitor longMsg : seq=8 plan=02:11:26.345 late=350ms wall=1674ms running=0ms h=android.view.Choreographer$FrameHandler c=android.view.Choreographer$FrameDisplayEventReceiver procState=-1
W/Looper  (26035): PerfMonitor doFrame : time=1674ms vsyncFrame=0 latency=350ms procState=-1 historyMsgCount=7 (msgIndex=1 wall=342ms seq=4 h=android.app.ActivityThread$H w=159) (msgIndex=2 wall=342ms seq=4 h=android.app.ActivityThread$H w=159) (msgIndex=3 wall=1674ms seq=8 late=350ms h=android.view.Choreographer$FrameHandler c=android.view.Choreographer$FrameDisplayEventReceiver) (msgIndex=4 wall=342ms seq=4 h=android.app.ActivityThread$H w=159)
I/Choreographer(26035): Skipped 95 frames!  The application may be doing too much work on its main thread.
D/SurfaceView(26035): UPDATE Surface(name=SurfaceView[com.example.benchmark_container/com.example.benchmark_container.MainActivity])/@0xca20cbb, mIsProjectionMode = false
W/Looper  (26035): PerfMonitor doFrame : time=4ms vsyncFrame=0 latency=1584ms procState=-1 historyMsgCount=4
[spm]: Connected to Dart VM service.
I/flutter (26035): 00:00 +0: Performance Benchmark
E/hmark_containe(26035): open libmigui.so failed! dlopen - dlopen failed: library "libmigui.so" not found
D/hmark_containe(26035): MiuiProcessManagerServiceStub setSchedFifo
I/MiuiProcessManagerImpl(26035): setSchedFifo pid:26035, mode:3
D/DecorView[](26035): onWindowFocusChanged hasWindowFocus true
D/DecorView[](26035): getWindowModeFromSystem  windowmode is 1
D/DecorView[](26035): updateDecorCaptionStatus displayWindowDecor is false
D/ProfileInstaller(26035): Installing profile for com.example.benchmark_container
[spm]: ProfilerData event received.
I/flutter (26035): [SPM:perf] 698a51a  buildSpan: 1714µs
I/flutter (26035): [spm] Performance monitoring completed for 698a51a
I/flutter (26035): [SPM:perf] 698a51a  buildSpan: 1302µs
I/flutter (26035): [spm] Performance monitoring completed for 698a51a
[spm]: ProfilerData event received.
[spm]: ProfilerData event received.
I/flutter (26035): [SPM:perf] 698a51a  buildSpan: 1231µs
I/flutter (26035): [spm] Performance monitoring completed for 698a51a
[spm]: ProfilerData event received.
I/flutter (26035): [SPM:perf] 698a51a  buildSpan: 1254µs
I/flutter (26035): [spm] Performance monitoring completed for 698a51a
[spm]: ProfilerData event received.
I/flutter (26035): [SPM:perf] 698a51a  buildSpan: 1280µs
I/flutter (26035): [spm] Performance monitoring completed for 698a51a
[spm]: ProfilerData event received.
I/flutter (26035): [SPM:perf] 698a51a  buildSpan: 1440µs
I/flutter (26035): [spm] Performance monitoring completed for 698a51a
[spm]: ProfilerData event received.
I/flutter (26035): [SPM:perf] 698a51a  buildSpan: 1275µs
I/flutter (26035): [spm] Performance monitoring completed for 698a51a
[spm]: ProfilerData event received.
I/flutter (26035): [SPM:perf] 698a51a  buildSpan: 1379µs
I/flutter (26035): [spm] Performance monitoring completed for 698a51a
I/flutter (26035): [SPM:perf] 698a51a  buildSpan: 1281µs
[spm]: ProfilerData event received.
I/flutter (26035): [spm] Performance monitoring completed for 698a51a
[spm]: ProfilerData event received.
I/flutter (26035): [SPM:perf] 698a51a  buildSpan: 1265µs
I/flutter (26035): [spm] Performance monitoring completed for 698a51a
[spm]: ProfilerData event received.
I/flutter (26035): [SPM:perf] 698a51a  buildSpan: 1514µs
I/flutter (26035): [spm] Performance monitoring completed for 698a51a
[spm]: ProfilerData event received.
I/flutter (26035): [SPM:perf] 698a51a  buildSpan: 1408µs
I/flutter (26035): [spm] Performance monitoring completed for 698a51a
[spm]: ProfilerData event received.
I/flutter (26035): [SPM:perf] 698a51a  buildSpan: 1270µs
I/flutter (26035): [spm] Performance monitoring completed for 698a51a
[spm]: ProfilerData event received.
I/flutter (26035): [SPM:perf] 698a51a  buildSpan: 1320µs
I/flutter (26035): [spm] Performance monitoring completed for 698a51a
[spm]: ProfilerData event received.
I/flutter (26035): [SPM:perf] 698a51a  buildSpan: 1573µs
I/flutter (26035): [spm] Performance monitoring completed for 698a51a
[spm]: ProfilerData event received.
I/flutter (26035): [SPM:perf] 698a51a  buildSpan: 1270µs
I/flutter (26035): [spm] Performance monitoring completed for 698a51a
[spm]: ProfilerData event received.
I/flutter (26035): [SPM:perf] 698a51a  buildSpan: 1365µs
I/flutter (26035): [spm] Performance monitoring completed for 698a51a
[spm]: ProfilerData event received.
I/flutter (26035): [SPM:perf] 698a51a  buildSpan: 1254µs
I/flutter (26035): [spm] Performance monitoring completed for 698a51a
[spm]: ProfilerData event received.
I/flutter (26035): [SPM:perf] 698a51a  buildSpan: 1289µs
I/flutter (26035): [spm] Performance monitoring completed for 698a51a
[spm]: ProfilerData event received.
I/flutter (26035): [SPM:perf] 698a51a  buildSpan: 1406µs
I/flutter (26035): [spm] Performance monitoring completed for 698a51a
[spm]: ProfilerData event received.
I/flutter (26035): [SPM:perf] 698a51a  buildSpan: 1564µs
I/flutter (26035): [spm] Performance monitoring completed for 698a51a
[spm]: ProfilerData event received.
I/flutter (26035): [SPM:perf] 698a51a  buildSpan: 1451µs
I/flutter (26035): [spm] Performance monitoring completed for 698a51a
[spm]: ProfilerData event received.
I/flutter (26035): [SPM:perf] 698a51a  buildSpan: 1315µs
I/flutter (26035): [spm] Performance monitoring completed for 698a51a
[spm]: ProfilerData event received.
I/flutter (26035): [SPM:perf] 698a51a  buildSpan: 1278µs
I/flutter (26035): [spm] Performance monitoring completed for 698a51a
[spm]: ProfilerData event received.
I/flutter (26035): [SPM:perf] 698a51a  buildSpan: 1285µs
I/flutter (26035): [spm] Performance monitoring completed for 698a51a
[spm]: ProfilerData event received.
I/flutter (26035): [SPM:perf] 698a51a  buildSpan: 1288µs
I/flutter (26035): [spm] Performance monitoring completed for 698a51a
I/flutter (26035): [SPM:perf] 698a51a  buildSpan: 1233µs
I/flutter (26035): [spm] Performance monitoring completed for 698a51a
[spm]: ProfilerData event received.
[spm]: ProfilerData event received.
I/flutter (26035): [SPM:perf] 698a51a  buildSpan: 1292µs
I/flutter (26035): [spm] Performance monitoring completed for 698a51a
[spm]: ProfilerData event received.
I/flutter (26035): [SPM:perf] 698a51a  buildSpan: 1378µs
I/flutter (26035): [spm] Performance monitoring completed for 698a51a
[spm]: ProfilerData event received.
I/flutter (26035): [SPM:perf] 698a51a  buildSpan: 1329µs
I/flutter (26035): [spm] Performance monitoring completed for 698a51a
I/flutter (26035): 01:10 +1: (tearDownAll)
I/flutter (26035): 01:11 +2: All tests passed!
All tests passed.
[spm]: Saved 30 profiler events to <ROOT>/dataset-new_samples/0331/redmi9t/raw/20260910-010209/rev_002_15933220/e11.jsonl
[spm]: Reverting injection...
6 issues found. (ran in 0.8s)
WARNING: Your Android app project: app located at: <ROOT>/android/app/build.gradle.kts
applies the Kotlin Gradle Plugin, which will cause build failures in future versions of Flutter. 
Please migrate your app to Built-in Kotlin using this guide: https://docs.flutter.dev/release/breaking-changes/migrate-to-built-in-kotlin/for-app-developers

VMServiceFlutterDriver: Connecting to Flutter application at http://127.0.0.1:45039/ILYwRZwWEy0=/
[spm]: Detected VM service URI: ws://127.0.0.1:45039/ILYwRZwWEy0=/ws
VMServiceFlutterDriver: Isolate found with number: 928732617794703
VMServiceFlutterDriver: Isolate 928732617794703 is runnable.
VMServiceFlutterDriver: Isolate is paused at start.
VMServiceFlutterDriver: Attempting to resume isolate
VMServiceFlutterDriver: Connected to Flutter application.
VMServiceFlutterDriver: request_data message is taking a long time to complete...