# sample_id=2430/rev_004_de4c350c exec_index=10 ok=True perf_lines=30 vm_events=30 battery_pct=78 soc_temp_millic=39500 battery_temp_c=33.1 charging=False preflight_started=2026-09-13T11:59:57.040462+00:00 started=2026-09-13T12:05:11.517734+00:00 ts=2026-09-13T12:06:55.662346+00:00
[spm]: Running flutter analyze...
Resolving dependencies...
Downloading packages...
  _fe_analyzer_shared 100.0.0 (108.0.0 available)
  analyzer 13.0.0 (14.4.0 available)
  async 2.13.0 (2.13.1 available)
  clock 1.1.2 (1.1.3 available)
  cupertino_icons 1.0.8 (1.0.9 available)
  glob 2.1.3 (2.2.0 available)
  lints 6.0.0 (6.1.0 available)
  matcher 0.12.19 (0.12.20 available)
  material_color_utilities 0.13.0 (0.13.1 available)
  meta 1.18.0 (1.19.0 available)
  package_config 2.2.0 (3.0.0 available)
  platform 3.1.6 (3.2.0 available)
  process 5.0.5 (5.0.6 available)
  pub_semver 2.2.0 (2.2.1 available)
  source_span 1.10.1 (1.10.2 available)
  stack_trace 1.12.1 (1.12.2 available)
  test_api 0.7.11 (0.7.14 available)
  vector_math 2.2.0 (2.4.2 available)
  vm_service 15.0.2 (15.3.0 available)
  webdriver 3.1.0 (3.2.0 available)
  yaml 3.1.3 (3.1.4 available)
Got dependencies!
21 packages have newer versions incompatible with dependency constraints.
Try `flutter pub outdated` for more information.
Analyzing lib...                                                

   info • The part-of directive uses a library name. Try converting the directive to use the URI of the library • lib/dependencies.dart:46:1 • use_string_in_part_of_directives
   info • Library names are not necessary. Remove the library name • lib/generated_widget.dart:2:9 • unnecessary_library_name
   info • Parameter 'key' could be a super parameter. Trying converting 'key' to a super parameter • lib/generated_widget.dart:69:9 • use_super_parameters
   info • Statements in an if should be enclosed in a block. Try wrapping the statement in a block • lib/generated_widget.dart:277:9 • curly_braces_in_flow_control_structures
   info • Statements in an if should be enclosed in a block. Try wrapping the statement in a block • lib/generated_widget.dart:297:9 • curly_braces_in_flow_control_structures
   info • Statements in an if should be enclosed in a block. Try wrapping the statement in a block • lib/generated_widget.dart:310:7 • curly_braces_in_flow_control_structures
warning • This default clause is covered by the previous cases. Try removing the default clause, or restructuring the preceding patterns • lib/generated_widget.dart:351:7 • unreachable_switch_default
   info • Statements in an if should be enclosed in a block. Try wrapping the statement in a block • lib/generated_widget.dart:442:19 • curly_braces_in_flow_control_structures
   info • Statements in an if should be enclosed in a block. Try wrapping the statement in a block • lib/generated_widget.dart:535:23 • curly_braces_in_flow_control_structures
   info • Parameter 'key' could be a super parameter. Trying converting 'key' to a super parameter • lib/generated_widget.dart:551:9 • use_super_parameters
   info • 'red' is deprecated and shouldn't be used. Use (*.r * 255.0).round().clamp(0, 255). Try replacing the use of the deprecated member with the replacement • lib/generated_widget.dart:674:60 • deprecated_member_use
   info • 'withOpacity' is deprecated and shouldn't be used. Use .withValues() to avoid precision loss. Try replacing the use of the deprecated member with the replacement • lib/generated_widget.dart:675:45 • deprecated_member_use
   info • 'green' is deprecated and shouldn't be used. Use (*.g * 255.0).round().clamp(0, 255). Try replacing the use of the deprecated member with the replacement • lib/generated_widget.dart:679:60 • deprecated_member_use
   info • 'withOpacity' is deprecated and shouldn't be used. Use .withValues() to avoid precision loss. Try replacing the use of the deprecated member with the replacement • lib/generated_widget.dart:680:45 • deprecated_member_use
   info • 'blue' is deprecated and shouldn't be used. Use (*.b * 255.0).round().clamp(0, 255). Try replacing the use of the deprecated member with the replacement • lib/generated_widget.dart:684:60 • deprecated_member_use
   info • 'withOpacity' is deprecated and shouldn't be used. Use .withValues() to avoid precision loss. Try replacing the use of the deprecated member with the replacement • lib/generated_widget.dart:685:45 • deprecated_member_use
   info • 'opacity' is deprecated and shouldn't be used. Use .a. Try replacing the use of the deprecated member with the replacement • lib/generated_widget.dart:688:71 • deprecated_member_use
   info • 'withOpacity' is deprecated and shouldn't be used. Use .withValues() to avoid precision loss. Try replacing the use of the deprecated member with the replacement • lib/generated_widget.dart:689:45 • deprecated_member_use
warning • The value of the local variable 'getBox' isn't used. Try removing the variable or using it • lib/generated_widget.dart:719:30 • unused_local_variable
   info • 'withOpacity' is deprecated and shouldn't be used. Use .withValues() to avoid precision loss. Try replacing the use of the deprecated member with the replacement • lib/generated_widget.dart:842:41 • deprecated_member_use
   info • 'withOpacity' is deprecated and shouldn't be used. Use .withValues() to avoid precision loss. Try replacing the use of the deprecated member with the replacement • lib/generated_widget.dart:843:43 • deprecated_member_use
   info • 'withOpacity' is deprecated and shouldn't be used. Use .withValues() to avoid precision loss. Try replacing the use of the deprecated member with the replacement • lib/generated_widget.dart:850:43 • deprecated_member_use
   info • 'withOpacity' is deprecated and shouldn't be used. Use .withValues() to avoid precision loss. Try replacing the use of the deprecated member with the replacement • lib/generated_widget.dart:851:45 • deprecated_member_use
   info • 'withOpacity' is deprecated and shouldn't be used. Use .withValues() to avoid precision loss. Try replacing the use of the deprecated member with the replacement • lib/generated_widget.dart:858:42 • deprecated_member_use
   info • 'withOpacity' is deprecated and shouldn't be used. Use .withValues() to avoid precision loss. Try replacing the use of the deprecated member with the replacement • lib/generated_widget.dart:859:44 • deprecated_member_use
   info • 'withOpacity' is deprecated and shouldn't be used. Use .withValues() to avoid precision loss. Try replacing the use of the deprecated member with the replacement • lib/generated_widget.dart:866:30 • deprecated_member_use
   info • 'withOpacity' is deprecated and shouldn't be used. Use .withValues() to avoid precision loss. Try replacing the use of the deprecated member with the replacement • lib/generated_widget.dart:867:30 • deprecated_member_use
   info • Parameter 'key' could be a super parameter. Trying converting 'key' to a super parameter • lib/generated_widget.dart:923:9 • use_super_parameters
warning • This default clause is covered by the previous cases. Try removing the default clause, or restructuring the preceding patterns • lib/generated_widget.dart:1118:17 • unreachable_switch_default
   info • 'withOpacity' is deprecated and shouldn't be used. Use .withValues() to avoid precision loss. Try replacing the use of the deprecated member with the replacement • lib/generated_widget.dart:1269:37 • deprecated_member_use
   info • 'withOpacity' is deprecated and shouldn't be used. Use .withValues() to avoid precision loss. Try replacing the use of the deprecated member with the replacement • lib/generated_widget.dart:1429:32 • deprecated_member_use
   info • 'withOpacity' is deprecated and shouldn't be used. Use .withValues() to avoid precision loss. Try replacing the use of the deprecated member with the replacement • lib/generated_widget.dart:1436:32 • deprecated_member_use
   info • 'red' is deprecated and shouldn't be used. Use (*.r * 255.0).round().clamp(0, 255). Try replacing the use of the deprecated member with the replacement • lib/generated_widget.dart:1474:30 • deprecated_member_use
   info • 'red' is deprecated and shouldn't be used. Use (*.r * 255.0).round().clamp(0, 255). Try replacing the use of the deprecated member with the replacement • lib/generated_widget.dart:1475:30 • deprecated_member_use
   info • 'red' is deprecated and shouldn't be used. Use (*.r * 255.0).round().clamp(0, 255). Try replacing the use of the deprecated member with the replacement • lib/generated_widget.dart:1482:30 • deprecated_member_use
   info • 'red' is deprecated and shouldn't be used. Use (*.r * 255.0).round().clamp(0, 255). Try replacing the use of the deprecated member with the replacement • lib/generated_widget.dart:1483:30 • deprecated_member_use
   info • 'blue' is deprecated and shouldn't be used. Use (*.b * 255.0).round().clamp(0, 255). Try replacing the use of the deprecated member with the replacement • lib/generated_widget.dart:1496:28 • deprecated_member_use
   info • 'green' is deprecated and shouldn't be used. Use (*.g * 255.0).round().clamp(0, 255). Try replacing the use of the deprecated member with the replacement • lib/generated_widget.dart:1497:34 • deprecated_member_use
   info • 'green' is deprecated and shouldn't be used. Use (*.g * 255.0).round().clamp(0, 255). Try replacing the use of the deprecated member with the replacement • lib/generated_widget.dart:1525:35 • deprecated_member_use
   info • 'green' is deprecated and shouldn't be used. Use (*.g * 255.0).round().clamp(0, 255). Try replacing the use of the deprecated member with the replacement • lib/generated_widget.dart:1526:35 • deprecated_member_use
   info • 'green' is deprecated and shouldn't be used. Use (*.g * 255.0).round().clamp(0, 255). Try replacing the use of the deprecated member with the replacement • lib/generated_widget.dart:1533:35 • deprecated_member_use
   info • 'green' is deprecated and shouldn't be used. Use (*.g * 255.0).round().clamp(0, 255). Try replacing the use of the deprecated member with the replacement • lib/generated_widget.dart:1534:33 • deprecated_member_use
   info • 'blue' is deprecated and shouldn't be used. Use (*.b * 255.0).round().clamp(0, 255). Try replacing the use of the deprecated member with the replacement • lib/generated_widget.dart:1547:28 • deprecated_member_use
   info • 'red' is deprecated and shouldn't be used. Use (*.r * 255.0).round().clamp(0, 255). Try replacing the use of the deprecated member with the replacement • lib/generated_widget.dart:1548:34 • deprecated_member_use
   info • 'blue' is deprecated and shouldn't be used. Use (*.b * 255.0).round().clamp(0, 255). Try replacing the use of the deprecated member with the replacement • lib/generated_widget.dart:1576:38 • deprecated_member_use
   info • 'blue' is deprecated and shouldn't be used. Use (*.b * 255.0).round().clamp(0, 255). Try replacing the use of the deprecated member with the replacement • lib/generated_widget.dart:1577:40 • deprecated_member_use
   info • 'blue' is deprecated and shouldn't be used. Use (*.b * 255.0).round().clamp(0, 255). Try replacing the use of the deprecated member with the replacement • lib/generated_widget.dart:1584:40 • deprecated_member_use
   info • 'blue' is deprecated and shouldn't be used. Use (*.b * 255.0).round().clamp(0, 255). Try replacing the use of the deprecated member with the replacement • lib/generated_widget.dart:1585:38 • deprecated_member_use
   info • 'red' is deprecated and shouldn't be used. Use (*.r * 255.0).round().clamp(0, 255). Try replacing the use of the deprecated member with the replacement • lib/generated_widget.dart:1598:28 • deprecated_member_use
   info • 'green' is deprecated and shouldn't be used. Use (*.g * 255.0).round().clamp(0, 255). Try replacing the use of the deprecated member with the replacement • lib/generated_widget.dart:1599:34 • deprecated_member_use
   info • 'withOpacity' is deprecated and shouldn't be used. Use .withValues() to avoid precision loss. Try replacing the use of the deprecated member with the replacement • lib/generated_widget.dart:1654:37 • deprecated_member_use
   info • Parameter 'key' could be a super parameter. Trying converting 'key' to a super parameter • lib/generated_widget.dart:1682:9 • use_super_parameters
   info • Parameter 'key' could be a super parameter. Trying converting 'key' to a super parameter • lib/generated_widget.dart:1745:9 • use_super_parameters
   info • 'red' is deprecated and shouldn't be used. Use (*.r * 255.0).round().clamp(0, 255). Try replacing the use of the deprecated member with the replacement • lib/generated_widget.dart:1787:15 • deprecated_member_use
   info • 'green' is deprecated and shouldn't be used. Use (*.g * 255.0).round().clamp(0, 255). Try replacing the use of the deprecated member with the replacement • lib/generated_widget.dart:1788:15 • deprecated_member_use
   info • 'blue' is deprecated and shouldn't be used. Use (*.b * 255.0).round().clamp(0, 255). Try replacing the use of the deprecated member with the replacement • lib/generated_widget.dart:1789:15 • deprecated_member_use
   info • 'alpha' is deprecated and shouldn't be used. Use (*.a * 255.0).round().clamp(0, 255). Try replacing the use of the deprecated member with the replacement • lib/generated_widget.dart:1790:15 • deprecated_member_use
   info • 'red' is deprecated and shouldn't be used. Use (*.r * 255.0).round().clamp(0, 255). Try replacing the use of the deprecated member with the replacement • lib/generated_widget.dart:1795:15 • deprecated_member_use
   info • 'green' is deprecated and shouldn't be used. Use (*.g * 255.0).round().clamp(0, 255). Try replacing the use of the deprecated member with the replacement • lib/generated_widget.dart:1796:15 • deprecated_member_use
   info • 'blue' is deprecated and shouldn't be used. Use (*.b * 255.0).round().clamp(0, 255). Try replacing the use of the deprecated member with the replacement • lib/generated_widget.dart:1797:15 • deprecated_member_use
   info • 'opacity' is deprecated and shouldn't be used. Use .a. Try replacing the use of the deprecated member with the replacement • lib/generated_widget.dart:1798:19 • deprecated_member_use
   info • Statements in an if should be enclosed in a block. Try wrapping the statement in a block • lib/generated_widget.dart:1823:7 • curly_braces_in_flow_control_structures
   info • Parameter 'key' could be a super parameter. Trying converting 'key' to a super parameter • lib/generated_widget.dart:1889:9 • use_super_parameters
   info • 'value' is deprecated and shouldn't be used. Use component accessors like .r or .g, or toARGB32 for an explicit conversion. Try replacing the use of the deprecated member with the replacement • lib/generated_widget.dart:1920:36 • deprecated_member_use
   info • Use interpolation to compose strings and values. Try using string interpolation to build the composite string • lib/generated_widget.dart:1923:11 • prefer_interpolation_to_compose_strings
   info • 'red' is deprecated and shouldn't be used. Use (*.r * 255.0).round().clamp(0, 255). Try replacing the use of the deprecated member with the replacement • lib/generated_widget.dart:1924:24 • deprecated_member_use
   info • 'green' is deprecated and shouldn't be used. Use (*.g * 255.0).round().clamp(0, 255). Try replacing the use of the deprecated member with the replacement • lib/generated_widget.dart:1925:24 • deprecated_member_use
   info • 'blue' is deprecated and shouldn't be used. Use (*.b * 255.0).round().clamp(0, 255). Try replacing the use of the deprecated member with the replacement • lib/generated_widget.dart:1926:24 • deprecated_member_use
   info • 'alpha' is deprecated and shouldn't be used. Use (*.a * 255.0).round().clamp(0, 255). Try replacing the use of the deprecated member with the replacement • lib/generated_widget.dart:1928:30 • deprecated_member_use

[spm]: Injecting profiler code...
[spm]: Starting app...
Running Gradle task 'assembleProfile'...                        
Running Gradle task 'assembleProfile'...                         2,151ms
✓ Built build/app/outputs/flutter-apk/app-profile.apk (34.9MB)
Installing build/app/outputs/flutter-apk/app-profile.apk...      1,505ms
D/MiuiMultiWindowUtils(12753): freeform resolution args raw data:{  "zizhan":{    "freeform_args": {      "inner":{        "vertical_portrait":{"aspect_ratio":0.626, "original_ratio":0.5643,"original_scale":0.74,"top_margin":0.168,"left_margin":0.484},        "horizontal_portrait":{"aspect_ratio":0.626, "original_ratio":0.5643,"original_scale":0.74,"top_margin":0.1222,"left_margin":0.59745},        "vertical_landscape":{"aspect_ratio":1.6, "original_ratio":1,"original_scale":0.604,"top_margin":0.2596,"left_margin":0.2624},        "horizontal_landscape":{"aspect_ratio":1.6, "original_ratio":1,"original_scale":0.604,"top_margin":0.213,"left_margin":0.3758}      },      "outer":{        "vertical_portrait":{"aspect_ratio":0.626, "original_ratio":1,"original_scale":0.74,"top_margin":0.0753,"left_margin":-1},        "horizontal_portrait":{"aspect_ratio":0.626, "original_ratio":1,"original_scale":0.5756,"top_margin":-1,"left_margin":0.0753},        "vertical_landscape":{"aspect_ratio":1.6, "original_ratio":0.6847,"original_scale":0.587,"top_margin":0.0753,"left_margin":-1},        "horizontal_landscape":{"aspect_ratio":1.6, "original_ratio":0.6847,"original_scale":0.587,"top_margin":-1,"left_margin":0.0753}}    },    "mini_freeform_args":{      "inner":{        "vertical_portrait":{"aspect_ratio":0.626, "original_ratio":0.147},        "horizontal_portrait":{"aspect_ratio":0.626, "original_ratio":0.147},        "vertical_landscape":{"aspect_ratio":1.6, "original_ratio":0.165},        "horizontal_landscape":{"aspect_ratio":1.6, "original_ratio":0.165}      },      "outer":{        "vertical_portrait":{"aspect_ratio":0.626, "original_ratio":0.26},        "horizontal_portrait":{"aspect_ratio":0.626, "original_ratio":0.26},        "vertical_landscape":{"aspect_ratio":1.6, "original_ratio":0.293},        "horizontal_landscape":{"aspect_ratio":1.6, "original_ratio":0.293}}    }  },  "wide_default":{    "freeform_args": {        "vertical_portrait":{"aspect_ratio":0.625, "original_ratio":0.5806,"original_scale":0.7574,"top_margin":0.125,"left_margin":0.392},        "horizontal_portrait":{"aspect_ratio":0.625, "original_ratio":0.5806,"original_scale":0.7574,"top_margin":-1,"left_margin":0.6415},        "vertical_landscape":{"aspect_ratio":1.6, "original_ratio":1,"original_scale":0.5153,"top_margin":0.125,"left_margin":0.206},        "horizontal_landscape":{"aspect_ratio":1.6, "original_ratio":1,"original_scale":0.5153,"top_margin":-1,"left_margin":0.456}    },    "mini_freeform_args":{        "vertical_portrait":{"aspect_ratio":0.5625, "original_ratio":0.144},        "horizontal_portrait":{"aspect_ratio":0.5625, "original_ratio":0.144},        "vertical_landscape":{"aspect_ratio":-1, "original_ratio":0.144},        "horizontal_landscape":{"aspect_ratio":-1, "original_ratio":0.144}    }  },  "narrow_default": {    "freeform_args": {        "vertical_portrait":{"aspect_ratio":0.5625, "original_ratio":1,"original_scale":0.7182,"top_margin":0.142,"left_margin":-1},        "horizontal_portrait":{"aspect_ratio":0.8, "original_ratio":1,"original_scale":0.7182,"top_margin":-1,"left_margin":0.05},        "vertical_landscape":{"aspect_ratio":1.6, "original_ratio":0.6545,"original_scale":0.4473,"top_margin":0.142,"left_margin":-1},        "horizontal_landscape":{"aspect_ratio":1.6, "original_ratio":0.6545,"original_scale":0.4473,"top_margin":-1,"left_margin":0.05}    },    "mini_freeform_args":{        "vertical_portrait":{"aspect_ratio":0.5625, "original_ratio":0.3},        "horizontal_portrait":{"aspect_ratio":0.5625, "original_ratio":0.3},        "vertical_landscape":{"aspect_ratio":1.7778, "original_ratio":0.3},        "horizontal_landscape":{"aspect_ratio":1.7778, "original_ratio":0.3}    }  },  "regular_default": {    "freeform_args": {      "vertical_portrait":{"aspect_ratio":0.625, "original_ratio":1,"original_scale":0.7,"top_margin":0.109,"left_margin":-1},      "horizontal_portrait":{"aspect_ratio":0.6667, "original_ratio":1,"original_scale":0.6102,"top_margin":-1,"left_margin":0.026},      "vertical_landscape":{"asp
E/MiuiMultiWindowUtils(12753): initFreeFormResolutionArgs failed, device is lime
D/IS_CTS_MODE(12753): true
D/MULTI_WINDOW_SWITCH_ENABLED(12753): false
D/IS_CTS_MODE(12753): true
D/MULTI_WINDOW_SWITCH_ENABLED(12753): false
D/IS_CTS_MODE(12753): true
D/MULTI_WINDOW_SWITCH_ENABLED(12753): false
D/DecorView[](12753): getWindowModeFromSystem  windowmode is 1
D/DecorView[](12753): getWindowModeFromSystem  windowmode is 1
D/DecorView[](12753): updateDecorCaptionStatus displayWindowDecor is false
W/Looper  (12753): PerfMonitor looperActivity : package=com.example.benchmark_container/.MainActivity time=381ms latency=405ms running=0ms  procState=-1  historyMsgCount=2 (msgIndex=1 wall=381ms seq=4 late=405ms h=android.app.ActivityThread$H w=159) (msgIndex=2 wall=408ms seq=3 h=android.app.ActivityThread$H w=110)
W/Looper  (12753): PerfMonitor looperActivity : package=com.example.benchmark_container/.MainActivity time=0ms latency=787ms running=0ms  procState=-1  historyMsgCount=4 (msgIndex=2 wall=381ms seq=4 late=405ms h=android.app.ActivityThread$H w=159) (msgIndex=3 wall=408ms seq=3 h=android.app.ActivityThread$H w=110) (msgIndex=4 wall=381ms seq=4 late=405ms h=android.app.ActivityThread$H w=159)
D/SurfaceView(12753): UPDATE null, mIsCastMode = false
D/hw-ProcessState(12753): Binder ioctl to enable oneway spam detection failed: Invalid argument
W/Looper  (12753): PerfMonitor longMsg : seq=8 plan=15:05:31.239 late=395ms wall=1676ms running=0ms h=android.view.Choreographer$FrameHandler c=android.view.Choreographer$FrameDisplayEventReceiver procState=-1
W/Looper  (12753): PerfMonitor doFrame : time=1676ms vsyncFrame=0 latency=395ms procState=-1 historyMsgCount=7 (msgIndex=2 wall=381ms seq=4 h=android.app.ActivityThread$H w=159) (msgIndex=3 wall=1676ms seq=8 late=395ms h=android.view.Choreographer$FrameHandler c=android.view.Choreographer$FrameDisplayEventReceiver) (msgIndex=4 wall=381ms seq=4 h=android.app.ActivityThread$H w=159)
I/Choreographer(12753): Skipped 95 frames!  The application may be doing too much work on its main thread.
D/SurfaceView(12753): UPDATE Surface(name=SurfaceView[com.example.benchmark_container/com.example.benchmark_container.MainActivity])/@0x739554a, mIsProjectionMode = false
W/Looper  (12753): PerfMonitor doFrame : time=3ms vsyncFrame=0 latency=1595ms procState=-1 historyMsgCount=4
[spm]: Connected to Dart VM service.
I/flutter (12753): 00:00 +0: Performance Benchmark
E/hmark_containe(12753): open libmigui.so failed! dlopen - dlopen failed: library "libmigui.so" not found
D/hmark_containe(12753): MiuiProcessManagerServiceStub setSchedFifo
I/MiuiProcessManagerImpl(12753): setSchedFifo pid:12753, mode:3
D/DecorView[](12753): onWindowFocusChanged hasWindowFocus true
D/DecorView[](12753): getWindowModeFromSystem  windowmode is 1
D/DecorView[](12753): updateDecorCaptionStatus displayWindowDecor is false
D/ProfileInstaller(12753): Installing profile for com.example.benchmark_container
I/flutter (12753): [SPM:perf] 698a51a  buildSpan: 4583µs
I/flutter (12753): [spm] Performance monitoring completed for 698a51a
[spm]: ProfilerData event received.
I/flutter (12753): [SPM:perf] 698a51a  buildSpan: 5489µs
I/flutter (12753): [spm] Performance monitoring completed for 698a51a
[spm]: ProfilerData event received.
[spm]: ProfilerData event received.
I/flutter (12753): [SPM:perf] 698a51a  buildSpan: 4366µs
I/flutter (12753): [spm] Performance monitoring completed for 698a51a
[spm]: ProfilerData event received.
I/flutter (12753): [SPM:perf] 698a51a  buildSpan: 5781µs
I/flutter (12753): [spm] Performance monitoring completed for 698a51a
[spm]: ProfilerData event received.
I/flutter (12753): [SPM:perf] 698a51a  buildSpan: 6061µs
I/flutter (12753): [spm] Performance monitoring completed for 698a51a
[spm]: ProfilerData event received.
I/flutter (12753): [SPM:perf] 698a51a  buildSpan: 4159µs
I/flutter (12753): [spm] Performance monitoring completed for 698a51a
[spm]: ProfilerData event received.
I/flutter (12753): [SPM:perf] 698a51a  buildSpan: 3944µs
I/flutter (12753): [spm] Performance monitoring completed for 698a51a
[spm]: ProfilerData event received.
I/flutter (12753): [SPM:perf] 698a51a  buildSpan: 4495µs
I/flutter (12753): [spm] Performance monitoring completed for 698a51a
[spm]: ProfilerData event received.
I/flutter (12753): [SPM:perf] 698a51a  buildSpan: 5879µs
I/flutter (12753): [spm] Performance monitoring completed for 698a51a
I/flutter (12753): [SPM:perf] 698a51a  buildSpan: 5937µs
I/flutter (12753): [spm] Performance monitoring completed for 698a51a
[spm]: ProfilerData event received.
[spm]: ProfilerData event received.
I/flutter (12753): [SPM:perf] 698a51a  buildSpan: 5475µs
I/flutter (12753): [spm] Performance monitoring completed for 698a51a
[spm]: ProfilerData event received.
I/flutter (12753): [SPM:perf] 698a51a  buildSpan: 4427µs
I/flutter (12753): [spm] Performance monitoring completed for 698a51a
[spm]: ProfilerData event received.
I/flutter (12753): [SPM:perf] 698a51a  buildSpan: 3738µs
I/flutter (12753): [spm] Performance monitoring completed for 698a51a
[spm]: ProfilerData event received.
I/flutter (12753): [SPM:perf] 698a51a  buildSpan: 4652µs
I/flutter (12753): [spm] Performance monitoring completed for 698a51a
[spm]: ProfilerData event received.
I/flutter (12753): [SPM:perf] 698a51a  buildSpan: 5600µs
I/flutter (12753): [spm] Performance monitoring completed for 698a51a
[spm]: ProfilerData event received.
I/flutter (12753): [SPM:perf] 698a51a  buildSpan: 5490µs
I/flutter (12753): [spm] Performance monitoring completed for 698a51a
[spm]: ProfilerData event received.
I/flutter (12753): [SPM:perf] 698a51a  buildSpan: 4618µs
I/flutter (12753): [spm] Performance monitoring completed for 698a51a
[spm]: ProfilerData event received.
I/flutter (12753): [SPM:perf] 698a51a  buildSpan: 5167µs
I/flutter (12753): [spm] Performance monitoring completed for 698a51a
[spm]: ProfilerData event received.
I/flutter (12753): [SPM:perf] 698a51a  buildSpan: 3974µs
I/flutter (12753): [spm] Performance monitoring completed for 698a51a
I/flutter (12753): [SPM:perf] 698a51a  buildSpan: 5396µs
I/flutter (12753): [spm] Performance monitoring completed for 698a51a
[spm]: ProfilerData event received.
I/flutter (12753): [SPM:perf] 698a51a  buildSpan: 5978µs
I/flutter (12753): [spm] Performance monitoring completed for 698a51a
[spm]: ProfilerData event received.
I/flutter (12753): [SPM:perf] 698a51a  buildSpan: 6006µs
I/flutter (12753): [spm] Performance monitoring completed for 698a51a
[spm]: ProfilerData event received.
I/flutter (12753): [SPM:perf] 698a51a  buildSpan: 4384µs
[spm]: ProfilerData event received.
I/flutter (12753): [spm] Performance monitoring completed for 698a51a
[spm]: ProfilerData event received.
I/flutter (12753): [SPM:perf] 698a51a  buildSpan: 4468µs
I/flutter (12753): [spm] Performance monitoring completed for 698a51a
[spm]: ProfilerData event received.
I/flutter (12753): [SPM:perf] 698a51a  buildSpan: 4754µs
I/flutter (12753): [spm] Performance monitoring completed for 698a51a
[spm]: ProfilerData event received.
I/flutter (12753): [SPM:perf] 698a51a  buildSpan: 5806µs
I/flutter (12753): [spm] Performance monitoring completed for 698a51a
[spm]: ProfilerData event received.
I/flutter (12753): [SPM:perf] 698a51a  buildSpan: 4734µs
I/flutter (12753): [spm] Performance monitoring completed for 698a51a
[spm]: ProfilerData event received.
I/flutter (12753): [SPM:perf] 698a51a  buildSpan: 3754µs
I/flutter (12753): [spm] Performance monitoring completed for 698a51a
I/flutter (12753): [SPM:perf] 698a51a  buildSpan: 3968µs
I/flutter (12753): [spm] Performance monitoring completed for 698a51a
[spm]: ProfilerData event received.
[spm]: ProfilerData event received.
I/flutter (12753): [SPM:perf] 698a51a  buildSpan: 4865µs
I/flutter (12753): [spm] Performance monitoring completed for 698a51a
I/flutter (12753): 01:10 +1: (tearDownAll)
I/flutter (12753): 01:11 +2: All tests passed!
All tests passed.
[spm]: Saved 30 profiler events to <ROOT>/dataset-new_samples/2430/redmi9t/raw/20260913-144618/rev_004_de4c350c/e10.jsonl
[spm]: Reverting injection...
69 issues found. (ran in 0.9s)
WARNING: Your Android app project: app located at: <ROOT>/android/app/build.gradle.kts
applies the Kotlin Gradle Plugin, which will cause build failures in future versions of Flutter. 
Please migrate your app to Built-in Kotlin using this guide: https://docs.flutter.dev/release/breaking-changes/migrate-to-built-in-kotlin/for-app-developers

VMServiceFlutterDriver: Connecting to Flutter application at http://127.0.0.1:35933/Zg2PINFHwO4=/
[spm]: Detected VM service URI: ws://127.0.0.1:35933/Zg2PINFHwO4=/ws
VMServiceFlutterDriver: Isolate found with number: 6035272929560283
VMServiceFlutterDriver: Isolate 6035272929560283 is runnable.
VMServiceFlutterDriver: Isolate is paused at start.
VMServiceFlutterDriver: Attempting to resume isolate
VMServiceFlutterDriver: Connected to Flutter application.
VMServiceFlutterDriver: request_data message is taking a long time to complete...