# sample_id=0331/rev_005_65801721 exec_index=2 ok=True perf_lines=30 vm_events=30 battery_pct=74 soc_temp_millic=40500 battery_temp_c=30.1 charging=False preflight_started=2026-09-16T07:23:48.829065+00:00 started=2026-09-16T07:23:51.164156+00:00 ts=2026-09-16T07:25:49.867392+00:00
[spm]: Running flutter analyze...
Resolving dependencies...
Downloading packages...
  _fe_analyzer_shared 100.0.0 (108.0.0 available)
  analyzer 13.0.0 (14.4.0 available)
  async 2.13.0 (2.13.1 available)
  clock 1.1.2 (1.1.3 available)
  cupertino_icons 1.0.8 (1.0.9 available)
  glob 2.1.3 (2.2.0 available)
  lints 6.0.0 (6.1.0 available)
  matcher 0.12.19 (0.12.20 available)
  material_color_utilities 0.13.0 (0.13.1 available)
  meta 1.18.0 (1.19.0 available)
  package_config 2.2.0 (3.0.0 available)
  platform 3.1.6 (3.2.0 available)
  process 5.0.5 (5.0.6 available)
  pub_semver 2.2.0 (2.2.1 available)
  source_span 1.10.1 (1.10.2 available)
  stack_trace 1.12.1 (1.12.2 available)
  test_api 0.7.11 (0.7.14 available)
  vector_math 2.2.0 (2.4.2 available)
  vm_service 15.0.2 (15.3.0 available)
  webdriver 3.1.0 (3.2.0 available)
  yaml 3.1.3 (3.1.4 available)
Got dependencies!
21 packages have newer versions incompatible with dependency constraints.
Try `flutter pub outdated` for more information.
Analyzing lib...                                                

   info • The part-of directive uses a library name. Try converting the directive to use the URI of the library • lib/dependencies.dart:43:1 • use_string_in_part_of_directives
   info • The type parameter name 'State' matches a visible type name. Try changing the type parameter name to not match an existing type • lib/dependencies.dart:116:19 • avoid_types_as_parameter_names
   info • Library names are not necessary. Remove the library name • lib/generated_widget.dart:2:9 • unnecessary_library_name
   info • Constructors in '@immutable' classes should be declared as 'const'. Try adding 'const' to the constructor declaration • lib/generated_widget.dart:11:3 • prefer_const_constructors_in_immutables
   info • 'withOpacity' is deprecated and shouldn't be used. Use .withValues() to avoid precision loss. Try replacing the use of the deprecated member with the replacement • lib/generated_widget.dart:51:43 • deprecated_member_use
   info • 'withOpacity' is deprecated and shouldn't be used. Use .withValues() to avoid precision loss. Try replacing the use of the deprecated member with the replacement • lib/generated_widget.dart:57:44 • deprecated_member_use

[spm]: Injecting profiler code...
[spm]: Starting app...
Running Gradle task 'assembleProfile'...                        
Running Gradle task 'assembleProfile'...                           19.8s
✓ Built build/app/outputs/flutter-apk/app-profile.apk (26.8MB)
Installing build/app/outputs/flutter-apk/app-profile.apk...        993ms
E/MiuiMultiWindowUtils(15985): initFreeFormResolutionArgs failed, device is lime
D/IS_CTS_MODE(15985): true
D/MULTI_WINDOW_SWITCH_ENABLED(15985): false
D/IS_CTS_MODE(15985): true
D/MULTI_WINDOW_SWITCH_ENABLED(15985): false
D/IS_CTS_MODE(15985): true
D/MULTI_WINDOW_SWITCH_ENABLED(15985): false
D/DecorView[](15985): getWindowModeFromSystem  windowmode is 1
D/DecorView[](15985): updateDecorCaptionStatus displayWindowDecor is false
W/Looper  (15985): PerfMonitor looperActivity : package=com.example.benchmark_container/.MainActivity time=399ms latency=353ms running=0ms  procState=-1  historyMsgCount=3 (msgIndex=3 wall=348ms seq=3 h=android.app.ActivityThread$H w=110)
W/Looper  (15985): PerfMonitor looperActivity : package=com.example.benchmark_container/.MainActivity time=0ms latency=754ms running=0ms  procState=-1  historyMsgCount=4 (msgIndex=3 wall=348ms seq=3 h=android.app.ActivityThread$H w=110) (msgIndex=4 wall=399ms seq=4 late=353ms h=android.app.ActivityThread$H w=159)
D/SurfaceView(15985): UPDATE null, mIsCastMode = false
D/hw-ProcessState(15985): Binder ioctl to enable oneway spam detection failed: Invalid argument
W/Looper  (15985): PerfMonitor longMsg : seq=8 plan=10:24:26.267 late=417ms wall=1752ms running=0ms h=android.view.Choreographer$FrameHandler c=android.view.Choreographer$FrameDisplayEventReceiver procState=-1
W/Looper  (15985): PerfMonitor doFrame : time=1752ms vsyncFrame=0 latency=417ms procState=-1 historyMsgCount=6 (msgIndex=2 wall=1752ms seq=8 late=417ms h=android.view.Choreographer$FrameHandler c=android.view.Choreographer$FrameDisplayEventReceiver) (msgIndex=3 wall=399ms seq=4 h=android.app.ActivityThread$H w=159)
I/Choreographer(15985): Skipped 99 frames!  The application may be doing too much work on its main thread.
D/SurfaceView(15985): UPDATE Surface(name=SurfaceView[com.example.benchmark_container/com.example.benchmark_container.MainActivity])/@0x9ac515, mIsProjectionMode = false
W/Looper  (15985): PerfMonitor doFrame : time=2ms vsyncFrame=0 latency=1658ms procState=-1 historyMsgCount=4
[spm]: Connected to Dart VM service.
I/flutter (15985): 00:00 +0: Performance Benchmark
E/hmark_containe(15985): open libmigui.so failed! dlopen - dlopen failed: library "libmigui.so" not found
D/hmark_containe(15985): MiuiProcessManagerServiceStub setSchedFifo
I/MiuiProcessManagerImpl(15985): setSchedFifo pid:15985, mode:3
D/DecorView[](15985): onWindowFocusChanged hasWindowFocus true
D/DecorView[](15985): getWindowModeFromSystem  windowmode is 1
D/DecorView[](15985): updateDecorCaptionStatus displayWindowDecor is false
D/ProfileInstaller(15985): Installing profile for com.example.benchmark_container
[spm]: ProfilerData event received.
I/flutter (15985): [SPM:perf] 698a51a  buildSpan: 2557µs
I/flutter (15985): [spm] Performance monitoring completed for 698a51a
[spm]: ProfilerData event received.
I/flutter (15985): [SPM:perf] 698a51a  buildSpan: 1759µs
I/flutter (15985): [spm] Performance monitoring completed for 698a51a
[spm]: ProfilerData event received.
I/flutter (15985): [SPM:perf] 698a51a  buildSpan: 1773µs
I/flutter (15985): [spm] Performance monitoring completed for 698a51a
[spm]: ProfilerData event received.
I/flutter (15985): [SPM:perf] 698a51a  buildSpan: 1830µs
I/flutter (15985): [spm] Performance monitoring completed for 698a51a
[spm]: ProfilerData event received.
I/flutter (15985): [SPM:perf] 698a51a  buildSpan: 2046µs
I/flutter (15985): [spm] Performance monitoring completed for 698a51a
[spm]: ProfilerData event received.
I/flutter (15985): [SPM:perf] 698a51a  buildSpan: 1915µs
I/flutter (15985): [spm] Performance monitoring completed for 698a51a
[spm]: ProfilerData event received.
I/flutter (15985): [SPM:perf] 698a51a  buildSpan: 1819µs
I/flutter (15985): [spm] Performance monitoring completed for 698a51a
[spm]: ProfilerData event received.
I/flutter (15985): [SPM:perf] 698a51a  buildSpan: 1768µs
I/flutter (15985): [spm] Performance monitoring completed for 698a51a
[spm]: ProfilerData event received.
I/flutter (15985): [SPM:perf] 698a51a  buildSpan: 1785µs
I/flutter (15985): [spm] Performance monitoring completed for 698a51a
[spm]: ProfilerData event received.
I/flutter (15985): [SPM:perf] 698a51a  buildSpan: 1781µs
I/flutter (15985): [spm] Performance monitoring completed for 698a51a
[spm]: ProfilerData event received.
I/flutter (15985): [SPM:perf] 698a51a  buildSpan: 1922µs
I/flutter (15985): [spm] Performance monitoring completed for 698a51a
I/flutter (15985): [SPM:perf] 698a51a  buildSpan: 2272µs
I/flutter (15985): [spm] Performance monitoring completed for 698a51a
[spm]: ProfilerData event received.
[spm]: ProfilerData event received.
I/flutter (15985): [SPM:perf] 698a51a  buildSpan: 1906µs
I/flutter (15985): [spm] Performance monitoring completed for 698a51a
[spm]: ProfilerData event received.
I/flutter (15985): [SPM:perf] 698a51a  buildSpan: 1803µs
I/flutter (15985): [spm] Performance monitoring completed for 698a51a
[spm]: ProfilerData event received.
I/flutter (15985): [SPM:perf] 698a51a  buildSpan: 1785µs
I/flutter (15985): [spm] Performance monitoring completed for 698a51a
[spm]: ProfilerData event received.
I/flutter (15985): [SPM:perf] 698a51a  buildSpan: 2153µs
I/flutter (15985): [spm] Performance monitoring completed for 698a51a
[spm]: ProfilerData event received.
I/flutter (15985): [SPM:perf] 698a51a  buildSpan: 1793µs
I/flutter (15985): [spm] Performance monitoring completed for 698a51a
[spm]: ProfilerData event received.
I/flutter (15985): [SPM:perf] 698a51a  buildSpan: 1840µs
I/flutter (15985): [spm] Performance monitoring completed for 698a51a
[spm]: ProfilerData event received.
I/flutter (15985): [SPM:perf] 698a51a  buildSpan: 1791µs
I/flutter (15985): [spm] Performance monitoring completed for 698a51a
[spm]: ProfilerData event received.
I/flutter (15985): [SPM:perf] 698a51a  buildSpan: 1910µs
I/flutter (15985): [spm] Performance monitoring completed for 698a51a
I/flutter (15985): [SPM:perf] 698a51a  buildSpan: 1912µs
[spm]: ProfilerData event received.
I/flutter (15985): [spm] Performance monitoring completed for 698a51a
[spm]: ProfilerData event received.
I/flutter (15985): [SPM:perf] 698a51a  buildSpan: 1804µs
I/flutter (15985): [spm] Performance monitoring completed for 698a51a
[spm]: ProfilerData event received.
I/flutter (15985): [SPM:perf] 698a51a  buildSpan: 1833µs
I/flutter (15985): [spm] Performance monitoring completed for 698a51a
[spm]: ProfilerData event received.
I/flutter (15985): [SPM:perf] 698a51a  buildSpan: 1824µs
I/flutter (15985): [spm] Performance monitoring completed for 698a51a
[spm]: ProfilerData event received.
I/flutter (15985): [SPM:perf] 698a51a  buildSpan: 1791µs
I/flutter (15985): [spm] Performance monitoring completed for 698a51a
[spm]: ProfilerData event received.
I/flutter (15985): [SPM:perf] 698a51a  buildSpan: 1810µs
I/flutter (15985): [spm] Performance monitoring completed for 698a51a
[spm]: ProfilerData event received.
I/flutter (15985): [SPM:perf] 698a51a  buildSpan: 2119µs
I/flutter (15985): [spm] Performance monitoring completed for 698a51a
I/flutter (15985): [SPM:perf] 698a51a  buildSpan: 1791µs
[spm]: ProfilerData event received.
I/flutter (15985): [spm] Performance monitoring completed for 698a51a
[spm]: ProfilerData event received.
I/flutter (15985): [SPM:perf] 698a51a  buildSpan: 1776µs
I/flutter (15985): [spm] Performance monitoring completed for 698a51a
I/flutter (15985): [SPM:perf] 698a51a  buildSpan: 1870µs
[spm]: ProfilerData event received.
I/flutter (15985): [spm] Performance monitoring completed for 698a51a
I/flutter (15985): 01:10 +1: (tearDownAll)
I/flutter (15985): 01:11 +2: All tests passed!
All tests passed.
[spm]: Saved 30 profiler events to <ROOT>/dataset-new_samples/0331/redmi9t/raw/20260916-083304/rev_005_65801721/e2.jsonl
[spm]: Reverting injection...
6 issues found. (ran in 0.7s)
WARNING: Your Android app project: app located at: <ROOT>/android/app/build.gradle.kts
applies the Kotlin Gradle Plugin, which will cause build failures in future versions of Flutter. 
Please migrate your app to Built-in Kotlin using this guide: https://docs.flutter.dev/release/breaking-changes/migrate-to-built-in-kotlin/for-app-developers

VMServiceFlutterDriver: Connecting to Flutter application at http://127.0.0.1:36519/7k2P3RY_KOM=/
[spm]: Detected VM service URI: ws://127.0.0.1:36519/7k2P3RY_KOM=/ws
VMServiceFlutterDriver: Isolate found with number: 5727359294418947
VMServiceFlutterDriver: Isolate 5727359294418947 is runnable.
VMServiceFlutterDriver: Isolate is paused at start.
VMServiceFlutterDriver: Attempting to resume isolate
VMServiceFlutterDriver: Connected to Flutter application.
VMServiceFlutterDriver: request_data message is taking a long time to complete...