# sample_id=0331/rev_005_65801721 exec_index=3 ok=True perf_lines=30 vm_events=30 battery_pct=77 soc_temp_millic=39800 battery_temp_c=30.0 charging=False preflight_started=2026-09-16T06:41:09.030237+00:00 started=2026-09-16T06:41:11.390276+00:00 ts=2026-09-16T06:43:09.266040+00:00
[spm]: Running flutter analyze...
Resolving dependencies...
Downloading packages...
  _fe_analyzer_shared 100.0.0 (108.0.0 available)
  analyzer 13.0.0 (14.4.0 available)
  async 2.13.0 (2.13.1 available)
  clock 1.1.2 (1.1.3 available)
  cupertino_icons 1.0.8 (1.0.9 available)
  glob 2.1.3 (2.2.0 available)
  lints 6.0.0 (6.1.0 available)
  matcher 0.12.19 (0.12.20 available)
  material_color_utilities 0.13.0 (0.13.1 available)
  meta 1.18.0 (1.19.0 available)
  package_config 2.2.0 (3.0.0 available)
  platform 3.1.6 (3.2.0 available)
  process 5.0.5 (5.0.6 available)
  pub_semver 2.2.0 (2.2.1 available)
  source_span 1.10.1 (1.10.2 available)
  stack_trace 1.12.1 (1.12.2 available)
  test_api 0.7.11 (0.7.14 available)
  vector_math 2.2.0 (2.4.2 available)
  vm_service 15.0.2 (15.3.0 available)
  webdriver 3.1.0 (3.2.0 available)
  yaml 3.1.3 (3.1.4 available)
Got dependencies!
21 packages have newer versions incompatible with dependency constraints.
Try `flutter pub outdated` for more information.
Analyzing lib...                                                

   info • The part-of directive uses a library name. Try converting the directive to use the URI of the library • lib/dependencies.dart:43:1 • use_string_in_part_of_directives
   info • The type parameter name 'State' matches a visible type name. Try changing the type parameter name to not match an existing type • lib/dependencies.dart:116:19 • avoid_types_as_parameter_names
   info • Library names are not necessary. Remove the library name • lib/generated_widget.dart:2:9 • unnecessary_library_name
   info • Constructors in '@immutable' classes should be declared as 'const'. Try adding 'const' to the constructor declaration • lib/generated_widget.dart:11:3 • prefer_const_constructors_in_immutables
   info • 'withOpacity' is deprecated and shouldn't be used. Use .withValues() to avoid precision loss. Try replacing the use of the deprecated member with the replacement • lib/generated_widget.dart:51:43 • deprecated_member_use
   info • 'withOpacity' is deprecated and shouldn't be used. Use .withValues() to avoid precision loss. Try replacing the use of the deprecated member with the replacement • lib/generated_widget.dart:57:44 • deprecated_member_use

[spm]: Injecting profiler code...
[spm]: Starting app...
Running Gradle task 'assembleProfile'...                        
Running Gradle task 'assembleProfile'...                           19.3s
✓ Built build/app/outputs/flutter-apk/app-profile.apk (26.8MB)
Installing build/app/outputs/flutter-apk/app-profile.apk...        981ms
E/MiuiMultiWindowUtils(31024): initFreeFormResolutionArgs failed, device is lime
D/IS_CTS_MODE(31024): true
D/MULTI_WINDOW_SWITCH_ENABLED(31024): false
D/IS_CTS_MODE(31024): true
D/MULTI_WINDOW_SWITCH_ENABLED(31024): false
D/IS_CTS_MODE(31024): true
D/MULTI_WINDOW_SWITCH_ENABLED(31024): false
D/DecorView[](31024): getWindowModeFromSystem  windowmode is 1
D/DecorView[](31024): getWindowModeFromSystem  windowmode is 1
D/DecorView[](31024): updateDecorCaptionStatus displayWindowDecor is false
W/Looper  (31024): PerfMonitor looperActivity : package=com.example.benchmark_container/.MainActivity time=439ms latency=429ms running=0ms  procState=-1  historyMsgCount=3 (msgIndex=3 wall=425ms seq=3 h=android.app.ActivityThread$H w=110)
W/Looper  (31024): PerfMonitor looperActivity : package=com.example.benchmark_container/.MainActivity time=1ms latency=869ms running=0ms  procState=-1  historyMsgCount=4 (msgIndex=3 wall=425ms seq=3 h=android.app.ActivityThread$H w=110) (msgIndex=4 wall=439ms seq=4 late=429ms h=android.app.ActivityThread$H w=159)
I/Choreographer(31024): Skipped 30 frames!  The application may be doing too much work on its main thread.
D/SurfaceView(31024): UPDATE null, mIsCastMode = false
D/hw-ProcessState(31024): Binder ioctl to enable oneway spam detection failed: Invalid argument
W/Looper  (31024): PerfMonitor longMsg : seq=8 plan=09:41:46.108 late=507ms wall=1776ms running=0ms h=android.view.Choreographer$FrameHandler c=android.view.Choreographer$FrameDisplayEventReceiver procState=-1
W/Looper  (31024): PerfMonitor doFrame : time=1776ms vsyncFrame=0 latency=507ms procState=-1 historyMsgCount=6 (msgIndex=2 wall=1776ms seq=8 late=507ms h=android.view.Choreographer$FrameHandler c=android.view.Choreographer$FrameDisplayEventReceiver) (msgIndex=3 wall=439ms seq=4 h=android.app.ActivityThread$H w=159)
I/Choreographer(31024): Skipped 100 frames!  The application may be doing too much work on its main thread.
D/SurfaceView(31024): UPDATE Surface(name=SurfaceView[com.example.benchmark_container/com.example.benchmark_container.MainActivity])/@0x9ac515, mIsProjectionMode = false
W/Looper  (31024): PerfMonitor doFrame : time=3ms vsyncFrame=0 latency=1672ms procState=-1 historyMsgCount=4
[spm]: Connected to Dart VM service.
I/flutter (31024): 00:00 +0: Performance Benchmark
E/hmark_containe(31024): open libmigui.so failed! dlopen - dlopen failed: library "libmigui.so" not found
D/hmark_containe(31024): MiuiProcessManagerServiceStub setSchedFifo
I/MiuiProcessManagerImpl(31024): setSchedFifo pid:31024, mode:3
D/DecorView[](31024): onWindowFocusChanged hasWindowFocus true
D/DecorView[](31024): getWindowModeFromSystem  windowmode is 1
D/DecorView[](31024): updateDecorCaptionStatus displayWindowDecor is false
D/ProfileInstaller(31024): Installing profile for com.example.benchmark_container
[spm]: ProfilerData event received.
I/flutter (31024): [SPM:perf] 698a51a  buildSpan: 1900µs
I/flutter (31024): [spm] Performance monitoring completed for 698a51a
[spm]: ProfilerData event received.
I/flutter (31024): [SPM:perf] 698a51a  buildSpan: 1807µs
I/flutter (31024): [spm] Performance monitoring completed for 698a51a
[spm]: ProfilerData event received.
I/flutter (31024): [SPM:perf] 698a51a  buildSpan: 1870µs
I/flutter (31024): [spm] Performance monitoring completed for 698a51a
[spm]: ProfilerData event received.
I/flutter (31024): [SPM:perf] 698a51a  buildSpan: 1947µs
I/flutter (31024): [spm] Performance monitoring completed for 698a51a
[spm]: ProfilerData event received.
I/flutter (31024): [SPM:perf] 698a51a  buildSpan: 1809µs
I/flutter (31024): [spm] Performance monitoring completed for 698a51a
[spm]: ProfilerData event received.
I/flutter (31024): [SPM:perf] 698a51a  buildSpan: 1902µs
I/flutter (31024): [spm] Performance monitoring completed for 698a51a
[spm]: ProfilerData event received.
I/flutter (31024): [SPM:perf] 698a51a  buildSpan: 1847µs
I/flutter (31024): [spm] Performance monitoring completed for 698a51a
[spm]: ProfilerData event received.
I/flutter (31024): [SPM:perf] 698a51a  buildSpan: 1767µs
I/flutter (31024): [spm] Performance monitoring completed for 698a51a
[spm]: ProfilerData event received.
I/flutter (31024): [SPM:perf] 698a51a  buildSpan: 1870µs
I/flutter (31024): [spm] Performance monitoring completed for 698a51a
[spm]: ProfilerData event received.
I/flutter (31024): [SPM:perf] 698a51a  buildSpan: 1793µs
I/flutter (31024): [spm] Performance monitoring completed for 698a51a
I/flutter (31024): [SPM:perf] 698a51a  buildSpan: 2052µs
I/flutter (31024): [spm] Performance monitoring completed for 698a51a
[spm]: ProfilerData event received.
[spm]: ProfilerData event received.
I/flutter (31024): [SPM:perf] 698a51a  buildSpan: 1852µs
I/flutter (31024): [spm] Performance monitoring completed for 698a51a
[spm]: ProfilerData event received.
I/flutter (31024): [SPM:perf] 698a51a  buildSpan: 1834µs
I/flutter (31024): [spm] Performance monitoring completed for 698a51a
[spm]: ProfilerData event received.
I/flutter (31024): [SPM:perf] 698a51a  buildSpan: 1767µs
I/flutter (31024): [spm] Performance monitoring completed for 698a51a
[spm]: ProfilerData event received.
I/flutter (31024): [SPM:perf] 698a51a  buildSpan: 1770µs
I/flutter (31024): [spm] Performance monitoring completed for 698a51a
I/flutter (31024): [SPM:perf] 698a51a  buildSpan: 1818µs
I/flutter (31024): [spm] Performance monitoring completed for 698a51a
[spm]: ProfilerData event received.
[spm]: ProfilerData event received.
I/flutter (31024): [SPM:perf] 698a51a  buildSpan: 1770µs
I/flutter (31024): [spm] Performance monitoring completed for 698a51a
[spm]: ProfilerData event received.
I/flutter (31024): [SPM:perf] 698a51a  buildSpan: 1932µs
I/flutter (31024): [spm] Performance monitoring completed for 698a51a
[spm]: ProfilerData event received.
I/flutter (31024): [SPM:perf] 698a51a  buildSpan: 1853µs
I/flutter (31024): [spm] Performance monitoring completed for 698a51a
[spm]: ProfilerData event received.
I/flutter (31024): [SPM:perf] 698a51a  buildSpan: 1819µs
I/flutter (31024): [spm] Performance monitoring completed for 698a51a
[spm]: ProfilerData event received.
I/flutter (31024): [SPM:perf] 698a51a  buildSpan: 1830µs
I/flutter (31024): [spm] Performance monitoring completed for 698a51a
[spm]: ProfilerData event received.
I/flutter (31024): [SPM:perf] 698a51a  buildSpan: 1785µs
I/flutter (31024): [spm] Performance monitoring completed for 698a51a
I/flutter (31024): [SPM:perf] 698a51a  buildSpan: 1980µs
[spm]: ProfilerData event received.
I/flutter (31024): [spm] Performance monitoring completed for 698a51a
[spm]: ProfilerData event received.
I/flutter (31024): [SPM:perf] 698a51a  buildSpan: 1900µs
I/flutter (31024): [spm] Performance monitoring completed for 698a51a
[spm]: ProfilerData event received.
I/flutter (31024): [SPM:perf] 698a51a  buildSpan: 1872µs
I/flutter (31024): [spm] Performance monitoring completed for 698a51a
[spm]: ProfilerData event received.
I/flutter (31024): [SPM:perf] 698a51a  buildSpan: 1801µs
I/flutter (31024): [spm] Performance monitoring completed for 698a51a
[spm]: ProfilerData event received.
I/flutter (31024): [SPM:perf] 698a51a  buildSpan: 1794µs
I/flutter (31024): [spm] Performance monitoring completed for 698a51a
[spm]: ProfilerData event received.
I/flutter (31024): [SPM:perf] 698a51a  buildSpan: 2086µs
I/flutter (31024): [spm] Performance monitoring completed for 698a51a
[spm]: ProfilerData event received.
I/flutter (31024): [SPM:perf] 698a51a  buildSpan: 1778µs
I/flutter (31024): [spm] Performance monitoring completed for 698a51a
I/flutter (31024): [SPM:perf] 698a51a  buildSpan: 1822µs
I/flutter (31024): [spm] Performance monitoring completed for 698a51a
[spm]: ProfilerData event received.
I/flutter (31024): 01:10 +1: (tearDownAll)
I/flutter (31024): 01:11 +2: All tests passed!
All tests passed.
[spm]: Saved 30 profiler events to <ROOT>/dataset-new_samples/0331/redmi9t/raw/20260916-083304/rev_005_65801721/e3.jsonl
[spm]: Reverting injection...
6 issues found. (ran in 0.7s)
WARNING: Your Android app project: app located at: <ROOT>/android/app/build.gradle.kts
applies the Kotlin Gradle Plugin, which will cause build failures in future versions of Flutter. 
Please migrate your app to Built-in Kotlin using this guide: https://docs.flutter.dev/release/breaking-changes/migrate-to-built-in-kotlin/for-app-developers

VMServiceFlutterDriver: Connecting to Flutter application at http://127.0.0.1:39433/dbqaphSN_Gc=/
[spm]: Detected VM service URI: ws://127.0.0.1:39433/dbqaphSN_Gc=/ws
VMServiceFlutterDriver: Isolate found with number: 5172589776944403
VMServiceFlutterDriver: Isolate 5172589776944403 is runnable.
VMServiceFlutterDriver: Isolate is paused at start.
VMServiceFlutterDriver: Attempting to resume isolate
VMServiceFlutterDriver: Connected to Flutter application.
VMServiceFlutterDriver: request_data message is taking a long time to complete...