# sample_id=0331/rev_005_65801721 exec_index=9 ok=True perf_lines=30 vm_events=30 battery_pct=80 soc_temp_millic=38900 battery_temp_c=29.7 charging=False preflight_started=2026-09-16T05:38:04.651699+00:00 started=2026-09-16T05:38:06.993430+00:00 ts=2026-09-16T05:40:07.700776+00:00
[spm]: Running flutter analyze...
Resolving dependencies...
Downloading packages...
  _fe_analyzer_shared 100.0.0 (108.0.0 available)
  analyzer 13.0.0 (14.4.0 available)
  async 2.13.0 (2.13.1 available)
  clock 1.1.2 (1.1.3 available)
  cupertino_icons 1.0.8 (1.0.9 available)
  glob 2.1.3 (2.2.0 available)
  lints 6.0.0 (6.1.0 available)
  matcher 0.12.19 (0.12.20 available)
  material_color_utilities 0.13.0 (0.13.1 available)
  meta 1.18.0 (1.19.0 available)
  package_config 2.2.0 (3.0.0 available)
  platform 3.1.6 (3.2.0 available)
  process 5.0.5 (5.0.6 available)
  pub_semver 2.2.0 (2.2.1 available)
  source_span 1.10.1 (1.10.2 available)
  stack_trace 1.12.1 (1.12.2 available)
  test_api 0.7.11 (0.7.14 available)
  vector_math 2.2.0 (2.4.2 available)
  vm_service 15.0.2 (15.3.0 available)
  webdriver 3.1.0 (3.2.0 available)
  yaml 3.1.3 (3.1.4 available)
Got dependencies!
21 packages have newer versions incompatible with dependency constraints.
Try `flutter pub outdated` for more information.
Analyzing lib...                                                

   info • The part-of directive uses a library name. Try converting the directive to use the URI of the library • lib/dependencies.dart:43:1 • use_string_in_part_of_directives
   info • The type parameter name 'State' matches a visible type name. Try changing the type parameter name to not match an existing type • lib/dependencies.dart:116:19 • avoid_types_as_parameter_names
   info • Library names are not necessary. Remove the library name • lib/generated_widget.dart:2:9 • unnecessary_library_name
   info • Constructors in '@immutable' classes should be declared as 'const'. Try adding 'const' to the constructor declaration • lib/generated_widget.dart:11:3 • prefer_const_constructors_in_immutables
   info • 'withOpacity' is deprecated and shouldn't be used. Use .withValues() to avoid precision loss. Try replacing the use of the deprecated member with the replacement • lib/generated_widget.dart:51:43 • deprecated_member_use
   info • 'withOpacity' is deprecated and shouldn't be used. Use .withValues() to avoid precision loss. Try replacing the use of the deprecated member with the replacement • lib/generated_widget.dart:57:44 • deprecated_member_use

[spm]: Injecting profiler code...
[spm]: Starting app...
Running Gradle task 'assembleProfile'...                        
Running Gradle task 'assembleProfile'...                           19.1s
✓ Built build/app/outputs/flutter-apk/app-profile.apk (26.8MB)
Installing build/app/outputs/flutter-apk/app-profile.apk...      1,004ms
D/DecorView[](29599): getWindowModeFromSystem  windowmode is 1
D/DecorView[](29599): updateDecorCaptionStatus displayWindowDecor is false
W/Looper  (29599): PerfMonitor looperActivity : package=com.example.benchmark_container/.MainActivity time=363ms latency=326ms running=0ms  procState=-1  historyMsgCount=3 (msgIndex=1 wall=363ms seq=4 late=326ms h=android.app.ActivityThread$H w=159) (msgIndex=2 wall=363ms seq=4 late=326ms h=android.app.ActivityThread$H w=159) (msgIndex=3 wall=330ms seq=3 h=android.app.ActivityThread$H w=110)
W/Looper  (29599): PerfMonitor looperActivity : package=com.example.benchmark_container/.MainActivity time=0ms latency=691ms running=0ms  procState=-1  historyMsgCount=4 (msgIndex=1 wall=363ms seq=4 late=326ms h=android.app.ActivityThread$H w=159) (msgIndex=2 wall=363ms seq=4 late=326ms h=android.app.ActivityThread$H w=159) (msgIndex=3 wall=330ms seq=3 h=android.app.ActivityThread$H w=110) (msgIndex=4 wall=363ms seq=4 late=326ms h=android.app.ActivityThread$H w=159)
D/SurfaceView(29599): UPDATE null, mIsCastMode = false
D/hw-ProcessState(29599): Binder ioctl to enable oneway spam detection failed: Invalid argument
W/Looper  (29599): PerfMonitor longMsg : seq=8 plan=08:38:41.573 late=391ms wall=1814ms running=0ms h=android.view.Choreographer$FrameHandler c=android.view.Choreographer$FrameDisplayEventReceiver procState=-1
W/Looper  (29599): PerfMonitor doFrame : time=1814ms vsyncFrame=0 latency=391ms procState=-1 historyMsgCount=7 (msgIndex=1 wall=363ms seq=4 h=android.app.ActivityThread$H w=159) (msgIndex=2 wall=363ms seq=4 h=android.app.ActivityThread$H w=159) (msgIndex=3 wall=1814ms seq=8 late=391ms h=android.view.Choreographer$FrameHandler c=android.view.Choreographer$FrameDisplayEventReceiver) (msgIndex=4 wall=363ms seq=4 h=android.app.ActivityThread$H w=159)
I/Choreographer(29599): Skipped 102 frames!  The application may be doing too much work on its main thread.
D/SurfaceView(29599): UPDATE Surface(name=SurfaceView[com.example.benchmark_container/com.example.benchmark_container.MainActivity])/@0x9ac515, mIsProjectionMode = false
W/Looper  (29599): PerfMonitor doFrame : time=2ms vsyncFrame=0 latency=1712ms procState=-1 historyMsgCount=4
[spm]: Connected to Dart VM service.
I/flutter (29599): 00:00 +0: Performance Benchmark
E/hmark_containe(29599): open libmigui.so failed! dlopen - dlopen failed: library "libmigui.so" not found
D/hmark_containe(29599): MiuiProcessManagerServiceStub setSchedFifo
I/MiuiProcessManagerImpl(29599): setSchedFifo pid:29599, mode:3
D/DecorView[](29599): onWindowFocusChanged hasWindowFocus true
D/DecorView[](29599): getWindowModeFromSystem  windowmode is 1
D/DecorView[](29599): updateDecorCaptionStatus displayWindowDecor is false
D/ProfileInstaller(29599): Installing profile for com.example.benchmark_container
[spm]: ProfilerData event received.
I/flutter (29599): [SPM:perf] 698a51a  buildSpan: 1895µs
I/flutter (29599): [spm] Performance monitoring completed for 698a51a
[spm]: ProfilerData event received.
I/flutter (29599): [SPM:perf] 698a51a  buildSpan: 1754µs
I/flutter (29599): [spm] Performance monitoring completed for 698a51a
I/flutter (29599): [SPM:perf] 698a51a  buildSpan: 1773µs
[spm]: ProfilerData event received.
I/flutter (29599): [spm] Performance monitoring completed for 698a51a
[spm]: ProfilerData event received.
I/flutter (29599): [SPM:perf] 698a51a  buildSpan: 1959µs
I/flutter (29599): [spm] Performance monitoring completed for 698a51a
[spm]: ProfilerData event received.
I/flutter (29599): [SPM:perf] 698a51a  buildSpan: 1801µs
I/flutter (29599): [spm] Performance monitoring completed for 698a51a
[spm]: ProfilerData event received.
I/flutter (29599): [SPM:perf] 698a51a  buildSpan: 1855µs
I/flutter (29599): [spm] Performance monitoring completed for 698a51a
I/flutter (29599): [SPM:perf] 698a51a  buildSpan: 1931µs
[spm]: ProfilerData event received.
I/flutter (29599): [spm] Performance monitoring completed for 698a51a
[spm]: ProfilerData event received.
I/flutter (29599): [SPM:perf] 698a51a  buildSpan: 1946µs
I/flutter (29599): [spm] Performance monitoring completed for 698a51a
[spm]: ProfilerData event received.
I/flutter (29599): [SPM:perf] 698a51a  buildSpan: 1800µs
I/flutter (29599): [spm] Performance monitoring completed for 698a51a
[spm]: ProfilerData event received.
I/flutter (29599): [SPM:perf] 698a51a  buildSpan: 1803µs
I/flutter (29599): [spm] Performance monitoring completed for 698a51a
[spm]: ProfilerData event received.
I/flutter (29599): [SPM:perf] 698a51a  buildSpan: 1811µs
I/flutter (29599): [spm] Performance monitoring completed for 698a51a
[spm]: ProfilerData event received.
I/flutter (29599): [SPM:perf] 698a51a  buildSpan: 1880µs
I/flutter (29599): [spm] Performance monitoring completed for 698a51a
[spm]: ProfilerData event received.
I/flutter (29599): [SPM:perf] 698a51a  buildSpan: 1791µs
I/flutter (29599): [spm] Performance monitoring completed for 698a51a
[spm]: ProfilerData event received.
I/flutter (29599): [SPM:perf] 698a51a  buildSpan: 1798µs
I/flutter (29599): [spm] Performance monitoring completed for 698a51a
[spm]: ProfilerData event received.
I/flutter (29599): [SPM:perf] 698a51a  buildSpan: 1842µs
I/flutter (29599): [spm] Performance monitoring completed for 698a51a
[spm]: ProfilerData event received.
I/flutter (29599): [SPM:perf] 698a51a  buildSpan: 3077µs
I/flutter (29599): [spm] Performance monitoring completed for 698a51a
[spm]: ProfilerData event received.
I/flutter (29599): [SPM:perf] 698a51a  buildSpan: 1835µs
I/flutter (29599): [spm] Performance monitoring completed for 698a51a
I/flutter (29599): [SPM:perf] 698a51a  buildSpan: 1848µs
[spm]: ProfilerData event received.
I/flutter (29599): [spm] Performance monitoring completed for 698a51a
[spm]: ProfilerData event received.
I/flutter (29599): [SPM:perf] 698a51a  buildSpan: 1788µs
I/flutter (29599): [spm] Performance monitoring completed for 698a51a
[spm]: ProfilerData event received.
I/flutter (29599): [SPM:perf] 698a51a  buildSpan: 1841µs
I/flutter (29599): [spm] Performance monitoring completed for 698a51a
[spm]: ProfilerData event received.
I/flutter (29599): [SPM:perf] 698a51a  buildSpan: 1776µs
I/flutter (29599): [spm] Performance monitoring completed for 698a51a
[spm]: ProfilerData event received.
I/flutter (29599): [SPM:perf] 698a51a  buildSpan: 1939µs
I/flutter (29599): [spm] Performance monitoring completed for 698a51a
[spm]: ProfilerData event received.
I/flutter (29599): [SPM:perf] 698a51a  buildSpan: 1767µs
I/flutter (29599): [spm] Performance monitoring completed for 698a51a
I/flutter (29599): [SPM:perf] 698a51a  buildSpan: 1902µs
[spm]: ProfilerData event received.
I/flutter (29599): [spm] Performance monitoring completed for 698a51a
[spm]: ProfilerData event received.
I/flutter (29599): [SPM:perf] 698a51a  buildSpan: 1882µs
I/flutter (29599): [spm] Performance monitoring completed for 698a51a
[spm]: ProfilerData event received.
I/flutter (29599): [SPM:perf] 698a51a  buildSpan: 1825µs
I/flutter (29599): [spm] Performance monitoring completed for 698a51a
[spm]: ProfilerData event received.
I/flutter (29599): [SPM:perf] 698a51a  buildSpan: 1827µs
I/flutter (29599): [spm] Performance monitoring completed for 698a51a
[spm]: ProfilerData event received.
I/flutter (29599): [SPM:perf] 698a51a  buildSpan: 1791µs
I/flutter (29599): [spm] Performance monitoring completed for 698a51a
[spm]: ProfilerData event received.
I/flutter (29599): [SPM:perf] 698a51a  buildSpan: 1946µs
I/flutter (29599): [spm] Performance monitoring completed for 698a51a
[spm]: ProfilerData event received.
I/flutter (29599): [SPM:perf] 698a51a  buildSpan: 1836µs
I/flutter (29599): [spm] Performance monitoring completed for 698a51a
I/flutter (29599): 01:12 +1: (tearDownAll)
I/flutter (29599): 01:13 +2: All tests passed!
I/Choreographer(29599): Skipped 57 frames!  The application may be doing too much work on its main thread.
W/Looper  (29599): PerfMonitor doFrame : time=3ms vsyncFrame=0 latency=959ms procState=-1 historyMsgCount=8
I/OpenGLRenderer(29599): Davey! duration=963ms; Flags=0, FrameTimelineVsyncId=1382019, IntendedVsync=94685598561253, Vsync=94686548561215, InputEventId=0, HandleInputStart=94686557518304, AnimationStart=94686557524138, PerformTraversalsStart=94686557527367, DrawStart=94686558720700, FrameDeadline=94685615227919, FrameInterval=94686557151013, FrameStartTime=16666666, SyncQueued=94686559430492, SyncStart=94686559610857, IssueDrawCommandsStart=94686559776065, SwapBuffers=94686560883461, FrameCompleted=94686562145179, DequeueBufferDuration=68177, QueueBufferDuration=693021, GpuCompleted=94686562145179, SwapBuffersCompleted=94686562145179, DisplayPresentTime=0, 
[SPM:shot] wrote <ROOT>/dataset-new_samples/0331/redmi9t/shots/0331__rev_005_65801721.png (70013 bytes)
All tests passed.
[spm]: Saved 30 profiler events to <ROOT>/dataset-new_samples/0331/redmi9t/raw/20260916-083304/rev_005_65801721/e9.jsonl
[spm]: Reverting injection...
6 issues found. (ran in 0.7s)
WARNING: Your Android app project: app located at: <ROOT>/android/app/build.gradle.kts
applies the Kotlin Gradle Plugin, which will cause build failures in future versions of Flutter. 
Please migrate your app to Built-in Kotlin using this guide: https://docs.flutter.dev/release/breaking-changes/migrate-to-built-in-kotlin/for-app-developers

VMServiceFlutterDriver: Connecting to Flutter application at http://127.0.0.1:36451/SXaEdgiQT_o=/
[spm]: Detected VM service URI: ws://127.0.0.1:36451/SXaEdgiQT_o=/ws
VMServiceFlutterDriver: Isolate found with number: 1396557188034767
VMServiceFlutterDriver: Isolate 1396557188034767 is runnable.
VMServiceFlutterDriver: Isolate is paused at start.
VMServiceFlutterDriver: Attempting to resume isolate
VMServiceFlutterDriver: Connected to Flutter application.
VMServiceFlutterDriver: request_data message is taking a long time to complete...