# sample_id=2382/rev_006_464290cc exec_index=3 ok=True perf_lines=30 vm_events=30 battery_pct=39 soc_temp_millic=37100 battery_temp_c=31.2 charging=False preflight_started=2026-09-12T22:49:16.055629+00:00 started=2026-09-12T22:49:18.868542+00:00 ts=2026-09-12T22:51:24.560566+00:00
[spm]: Running flutter analyze...
Resolving dependencies...
Downloading packages...
  _fe_analyzer_shared 100.0.0 (108.0.0 available)
  analyzer 13.0.0 (14.4.0 available)
  async 2.13.0 (2.13.1 available)
  clock 1.1.2 (1.1.3 available)
  cupertino_icons 1.0.8 (1.0.9 available)
  glob 2.1.3 (2.2.0 available)
  lints 6.0.0 (6.1.0 available)
  matcher 0.12.19 (0.12.20 available)
  material_color_utilities 0.13.0 (0.13.1 available)
  meta 1.18.0 (1.19.0 available)
  package_config 2.2.0 (3.0.0 available)
  platform 3.1.6 (3.2.0 available)
  process 5.0.5 (5.0.6 available)
  pub_semver 2.2.0 (2.2.1 available)
  source_span 1.10.1 (1.10.2 available)
  stack_trace 1.12.1 (1.12.2 available)
  test_api 0.7.11 (0.7.14 available)
  vector_math 2.2.0 (2.4.2 available)
  vm_service 15.0.2 (15.3.0 available)
  webdriver 3.1.0 (3.2.0 available)
  yaml 3.1.3 (3.1.4 available)
Got dependencies!
21 packages have newer versions incompatible with dependency constraints.
Try `flutter pub outdated` for more information.
Analyzing lib...                                                

   info • The part-of directive uses a library name. Try converting the directive to use the URI of the library • lib/dependencies.dart:46:1 • use_string_in_part_of_directives
   info • Library names are not necessary. Remove the library name • lib/generated_widget.dart:2:9 • unnecessary_library_name
   info • Constructors in '@immutable' classes should be declared as 'const'. Try adding 'const' to the constructor declaration • lib/generated_widget.dart:12:3 • prefer_const_constructors_in_immutables

[spm]: Injecting profiler code...
[spm]: Starting app...
Running Gradle task 'assembleProfile'...                        
Running Gradle task 'assembleProfile'...                           21.8s
✓ Built build/app/outputs/flutter-apk/app-profile.apk (26.8MB)
Installing build/app/outputs/flutter-apk/app-profile.apk...      1,140ms
D/DecorView[](12485): getWindowModeFromSystem  windowmode is 1
D/DecorView[](12485): updateDecorCaptionStatus displayWindowDecor is false
W/Looper  (12485): PerfMonitor looperActivity : package=com.example.benchmark_container/.MainActivity time=346ms latency=324ms running=0ms  procState=-1  historyMsgCount=2 (msgIndex=1 wall=346ms seq=4 late=324ms h=android.app.ActivityThread$H w=159) (msgIndex=2 wall=335ms seq=3 h=android.app.ActivityThread$H w=110)
W/Looper  (12485): PerfMonitor looperActivity : package=com.example.benchmark_container/.MainActivity time=1ms latency=672ms running=0ms  procState=-1  historyMsgCount=4 (msgIndex=2 wall=346ms seq=4 h=android.app.ActivityThread$H w=159) (msgIndex=3 wall=335ms seq=3 h=android.app.ActivityThread$H w=110) (msgIndex=4 wall=346ms seq=4 h=android.app.ActivityThread$H w=159)
D/SurfaceView(12485): UPDATE null, mIsCastMode = false
D/hw-ProcessState(12485): Binder ioctl to enable oneway spam detection failed: Invalid argument
W/Looper  (12485): PerfMonitor longMsg : seq=8 plan=01:49:59.163 late=347ms wall=1674ms running=0ms h=android.view.Choreographer$FrameHandler c=android.view.Choreographer$FrameDisplayEventReceiver procState=-1
W/Looper  (12485): PerfMonitor doFrame : time=1674ms vsyncFrame=0 latency=347ms procState=-1 historyMsgCount=4 (msgIndex=1 wall=1674ms seq=8 late=347ms h=android.view.Choreographer$FrameHandler c=android.view.Choreographer$FrameDisplayEventReceiver)
I/Choreographer(12485): Skipped 95 frames!  The application may be doing too much work on its main thread.
D/SurfaceView(12485): UPDATE Surface(name=SurfaceView[com.example.benchmark_container/com.example.benchmark_container.MainActivity])/@0x739554a, mIsProjectionMode = false
W/Looper  (12485): PerfMonitor doFrame : time=3ms vsyncFrame=0 latency=1594ms procState=-1 historyMsgCount=4
[spm]: Connected to Dart VM service.
I/flutter (12485): 00:00 +0: Performance Benchmark
E/hmark_containe(12485): open libmigui.so failed! dlopen - dlopen failed: library "libmigui.so" not found
D/hmark_containe(12485): MiuiProcessManagerServiceStub setSchedFifo
I/MiuiProcessManagerImpl(12485): setSchedFifo pid:12485, mode:3
D/DecorView[](12485): onWindowFocusChanged hasWindowFocus true
D/DecorView[](12485): getWindowModeFromSystem  windowmode is 1
D/DecorView[](12485): updateDecorCaptionStatus displayWindowDecor is false
D/ProfileInstaller(12485): Installing profile for com.example.benchmark_container
[spm]: ProfilerData event received.
I/flutter (12485): [SPM:perf] 698a51a  buildSpan: 1624µs
I/flutter (12485): [spm] Performance monitoring completed for 698a51a
[spm]: ProfilerData event received.
I/flutter (12485): [SPM:perf] 698a51a  buildSpan: 1560µs
I/flutter (12485): [spm] Performance monitoring completed for 698a51a
[spm]: ProfilerData event received.
I/flutter (12485): [SPM:perf] 698a51a  buildSpan: 1971µs
I/flutter (12485): [spm] Performance monitoring completed for 698a51a
[spm]: ProfilerData event received.
I/flutter (12485): [SPM:perf] 698a51a  buildSpan: 2083µs
I/flutter (12485): [spm] Performance monitoring completed for 698a51a
[spm]: ProfilerData event received.
I/flutter (12485): [SPM:perf] 698a51a  buildSpan: 2065µs
I/flutter (12485): [spm] Performance monitoring completed for 698a51a
[spm]: ProfilerData event received.
I/flutter (12485): [SPM:perf] 698a51a  buildSpan: 6292µs
I/flutter (12485): [spm] Performance monitoring completed for 698a51a
[spm]: ProfilerData event received.
I/flutter (12485): [SPM:perf] 698a51a  buildSpan: 1930µs
I/flutter (12485): [spm] Performance monitoring completed for 698a51a
[spm]: ProfilerData event received.
I/flutter (12485): [SPM:perf] 698a51a  buildSpan: 1964µs
I/flutter (12485): [spm] Performance monitoring completed for 698a51a
[spm]: ProfilerData event received.
I/flutter (12485): [SPM:perf] 698a51a  buildSpan: 1884µs
I/flutter (12485): [spm] Performance monitoring completed for 698a51a
[spm]: ProfilerData event received.
I/flutter (12485): [SPM:perf] 698a51a  buildSpan: 1600µs
I/flutter (12485): [spm] Performance monitoring completed for 698a51a
[spm]: ProfilerData event received.
I/flutter (12485): [SPM:perf] 698a51a  buildSpan: 1377µs
I/flutter (12485): [spm] Performance monitoring completed for 698a51a
[spm]: ProfilerData event received.
I/flutter (12485): [SPM:perf] 698a51a  buildSpan: 1814µs
I/flutter (12485): [spm] Performance monitoring completed for 698a51a
[spm]: ProfilerData event received.
I/flutter (12485): [SPM:perf] 698a51a  buildSpan: 1612µs
I/flutter (12485): [spm] Performance monitoring completed for 698a51a
[spm]: ProfilerData event received.
I/flutter (12485): [SPM:perf] 698a51a  buildSpan: 1755µs
I/flutter (12485): [spm] Performance monitoring completed for 698a51a
I/flutter (12485): [SPM:perf] 698a51a  buildSpan: 1938µs
I/flutter (12485): [spm] Performance monitoring completed for 698a51a
[spm]: ProfilerData event received.
[spm]: ProfilerData event received.
I/flutter (12485): [SPM:perf] 698a51a  buildSpan: 2135µs
I/flutter (12485): [spm] Performance monitoring completed for 698a51a
[spm]: ProfilerData event received.
I/flutter (12485): [SPM:perf] 698a51a  buildSpan: 1657µs
I/flutter (12485): [spm] Performance monitoring completed for 698a51a
[spm]: ProfilerData event received.
I/flutter (12485): [SPM:perf] 698a51a  buildSpan: 2079µs
I/flutter (12485): [spm] Performance monitoring completed for 698a51a
[spm]: ProfilerData event received.
I/flutter (12485): [SPM:perf] 698a51a  buildSpan: 2025µs
I/flutter (12485): [spm] Performance monitoring completed for 698a51a
I/flutter (12485): [SPM:perf] 698a51a  buildSpan: 2106µs
I/flutter (12485): [spm] Performance monitoring completed for 698a51a
[spm]: ProfilerData event received.
[spm]: ProfilerData event received.
I/flutter (12485): [SPM:perf] 698a51a  buildSpan: 1839µs
I/flutter (12485): [spm] Performance monitoring completed for 698a51a
[spm]: ProfilerData event received.
I/flutter (12485): [SPM:perf] 698a51a  buildSpan: 2053µs
I/flutter (12485): [spm] Performance monitoring completed for 698a51a
[spm]: ProfilerData event received.
I/flutter (12485): [SPM:perf] 698a51a  buildSpan: 2155µs
I/flutter (12485): [spm] Performance monitoring completed for 698a51a
[spm]: ProfilerData event received.
I/flutter (12485): [SPM:perf] 698a51a  buildSpan: 1511µs
I/flutter (12485): [spm] Performance monitoring completed for 698a51a
[spm]: ProfilerData event received.
I/flutter (12485): [SPM:perf] 698a51a  buildSpan: 1991µs
I/flutter (12485): [spm] Performance monitoring completed for 698a51a
[spm]: ProfilerData event received.
I/flutter (12485): [SPM:perf] 698a51a  buildSpan: 2034µs
I/flutter (12485): [spm] Performance monitoring completed for 698a51a
I/flutter (12485): [SPM:perf] 698a51a  buildSpan: 1377µs
I/flutter (12485): [spm] Performance monitoring completed for 698a51a
[spm]: ProfilerData event received.
I/flutter (12485): [SPM:perf] 698a51a  buildSpan: 2055µs
[spm]: ProfilerData event received.
I/flutter (12485): [spm] Performance monitoring completed for 698a51a
I/flutter (12485): [SPM:perf] 698a51a  buildSpan: 1981µs
I/flutter (12485): [spm] Performance monitoring completed for 698a51a
[spm]: ProfilerData event received.
[spm]: ProfilerData event received.
I/flutter (12485): [SPM:perf] 698a51a  buildSpan: 2081µs
I/flutter (12485): [spm] Performance monitoring completed for 698a51a
I/flutter (12485): 01:10 +1: (tearDownAll)
I/flutter (12485): 01:11 +2: All tests passed!
All tests passed.
[spm]: Saved 30 profiler events to <ROOT>/dataset-new_samples/2382/redmi9t/raw/20260913-000259/rev_006_464290cc/e3.jsonl
[spm]: Reverting injection...
3 issues found. (ran in 0.6s)
WARNING: Your Android app project: app located at: <ROOT>/android/app/build.gradle.kts
applies the Kotlin Gradle Plugin, which will cause build failures in future versions of Flutter. 
Please migrate your app to Built-in Kotlin using this guide: https://docs.flutter.dev/release/breaking-changes/migrate-to-built-in-kotlin/for-app-developers

VMServiceFlutterDriver: Connecting to Flutter application at http://127.0.0.1:40195/XdwnIWkbAlI=/
[spm]: Detected VM service URI: ws://127.0.0.1:40195/XdwnIWkbAlI=/ws
VMServiceFlutterDriver: Isolate found with number: 2502985500254831
VMServiceFlutterDriver: Isolate 2502985500254831 is runnable.
VMServiceFlutterDriver: Isolate is paused at start.
VMServiceFlutterDriver: Attempting to resume isolate
VMServiceFlutterDriver: Connected to Flutter application.
VMServiceFlutterDriver: request_data message is taking a long time to complete...