# sample_id=2382/rev_006_464290cc exec_index=7 ok=True perf_lines=30 vm_events=30 battery_pct=70 soc_temp_millic=37000 battery_temp_c=29.3 charging=False preflight_started=2026-09-13T03:36:30.643155+00:00 started=2026-09-13T03:36:33.408750+00:00 ts=2026-09-13T03:38:35.858278+00:00
[spm]: Running flutter analyze...
Resolving dependencies...
Downloading packages...
  _fe_analyzer_shared 100.0.0 (108.0.0 available)
  analyzer 13.0.0 (14.4.0 available)
  async 2.13.0 (2.13.1 available)
  clock 1.1.2 (1.1.3 available)
  cupertino_icons 1.0.8 (1.0.9 available)
  glob 2.1.3 (2.2.0 available)
  lints 6.0.0 (6.1.0 available)
  matcher 0.12.19 (0.12.20 available)
  material_color_utilities 0.13.0 (0.13.1 available)
  meta 1.18.0 (1.19.0 available)
  package_config 2.2.0 (3.0.0 available)
  platform 3.1.6 (3.2.0 available)
  process 5.0.5 (5.0.6 available)
  pub_semver 2.2.0 (2.2.1 available)
  source_span 1.10.1 (1.10.2 available)
  stack_trace 1.12.1 (1.12.2 available)
  test_api 0.7.11 (0.7.14 available)
  vector_math 2.2.0 (2.4.2 available)
  vm_service 15.0.2 (15.3.0 available)
  webdriver 3.1.0 (3.2.0 available)
  yaml 3.1.3 (3.1.4 available)
Got dependencies!
21 packages have newer versions incompatible with dependency constraints.
Try `flutter pub outdated` for more information.
Analyzing lib...                                                

   info • The part-of directive uses a library name. Try converting the directive to use the URI of the library • lib/dependencies.dart:46:1 • use_string_in_part_of_directives
   info • Library names are not necessary. Remove the library name • lib/generated_widget.dart:2:9 • unnecessary_library_name
   info • Constructors in '@immutable' classes should be declared as 'const'. Try adding 'const' to the constructor declaration • lib/generated_widget.dart:12:3 • prefer_const_constructors_in_immutables

[spm]: Injecting profiler code...
[spm]: Starting app...
Running Gradle task 'assembleProfile'...                        
Running Gradle task 'assembleProfile'...                           20.2s
✓ Built build/app/outputs/flutter-apk/app-profile.apk (26.8MB)
Installing build/app/outputs/flutter-apk/app-profile.apk...      1,138ms
E/MiuiMultiWindowUtils(17429): initFreeFormResolutionArgs failed, device is lime
D/IS_CTS_MODE(17429): true
D/MULTI_WINDOW_SWITCH_ENABLED(17429): false
D/IS_CTS_MODE(17429): true
D/MULTI_WINDOW_SWITCH_ENABLED(17429): false
D/IS_CTS_MODE(17429): true
D/MULTI_WINDOW_SWITCH_ENABLED(17429): false
D/DecorView[](17429): getWindowModeFromSystem  windowmode is 1
D/DecorView[](17429): getWindowModeFromSystem  windowmode is 1
D/DecorView[](17429): updateDecorCaptionStatus displayWindowDecor is false
W/Looper  (17429): PerfMonitor looperActivity : package=com.example.benchmark_container/.MainActivity time=375ms latency=358ms running=0ms  procState=-1  historyMsgCount=3 (msgIndex=3 wall=345ms seq=3 h=android.app.ActivityThread$H w=110)
W/Looper  (17429): PerfMonitor looperActivity : package=com.example.benchmark_container/.MainActivity time=0ms latency=735ms running=0ms  procState=-1  historyMsgCount=4 (msgIndex=3 wall=345ms seq=3 h=android.app.ActivityThread$H w=110) (msgIndex=4 wall=375ms seq=4 late=358ms h=android.app.ActivityThread$H w=159)
D/SurfaceView(17429): UPDATE null, mIsCastMode = false
D/hw-ProcessState(17429): Binder ioctl to enable oneway spam detection failed: Invalid argument
W/Looper  (17429): PerfMonitor longMsg : seq=8 plan=06:37:11.092 late=383ms wall=1729ms running=0ms h=android.view.Choreographer$FrameHandler c=android.view.Choreographer$FrameDisplayEventReceiver procState=-1
W/Looper  (17429): PerfMonitor doFrame : time=1729ms vsyncFrame=0 latency=383ms procState=-1 historyMsgCount=6 (msgIndex=2 wall=1729ms seq=8 late=383ms h=android.view.Choreographer$FrameHandler c=android.view.Choreographer$FrameDisplayEventReceiver) (msgIndex=3 wall=375ms seq=4 h=android.app.ActivityThread$H w=159)
I/Choreographer(17429): Skipped 96 frames!  The application may be doing too much work on its main thread.
D/SurfaceView(17429): UPDATE Surface(name=SurfaceView[com.example.benchmark_container/com.example.benchmark_container.MainActivity])/@0x739554a, mIsProjectionMode = false
W/Looper  (17429): PerfMonitor doFrame : time=3ms vsyncFrame=0 latency=1601ms procState=-1 historyMsgCount=4
[spm]: Connected to Dart VM service.
I/flutter (17429): 00:00 +0: Performance Benchmark
E/hmark_containe(17429): open libmigui.so failed! dlopen - dlopen failed: library "libmigui.so" not found
D/hmark_containe(17429): MiuiProcessManagerServiceStub setSchedFifo
I/MiuiProcessManagerImpl(17429): setSchedFifo pid:17429, mode:3
D/DecorView[](17429): onWindowFocusChanged hasWindowFocus true
D/DecorView[](17429): getWindowModeFromSystem  windowmode is 1
D/DecorView[](17429): updateDecorCaptionStatus displayWindowDecor is false
D/ProfileInstaller(17429): Installing profile for com.example.benchmark_container
[spm]: ProfilerData event received.
I/flutter (17429): [SPM:perf] 698a51a  buildSpan: 1443µs
I/flutter (17429): [spm] Performance monitoring completed for 698a51a
[spm]: ProfilerData event received.
I/flutter (17429): [SPM:perf] 698a51a  buildSpan: 2037µs
I/flutter (17429): [spm] Performance monitoring completed for 698a51a
[spm]: ProfilerData event received.
I/flutter (17429): [SPM:perf] 698a51a  buildSpan: 1585µs
I/flutter (17429): [spm] Performance monitoring completed for 698a51a
[spm]: ProfilerData event received.
I/flutter (17429): [SPM:perf] 698a51a  buildSpan: 2027µs
I/flutter (17429): [spm] Performance monitoring completed for 698a51a
[spm]: ProfilerData event received.
I/flutter (17429): [SPM:perf] 698a51a  buildSpan: 1977µs
I/flutter (17429): [spm] Performance monitoring completed for 698a51a
[spm]: ProfilerData event received.
I/flutter (17429): [SPM:perf] 698a51a  buildSpan: 2029µs
I/flutter (17429): [spm] Performance monitoring completed for 698a51a
[spm]: ProfilerData event received.
I/flutter (17429): [SPM:perf] 698a51a  buildSpan: 1837µs
I/flutter (17429): [spm] Performance monitoring completed for 698a51a
[spm]: ProfilerData event received.
I/flutter (17429): [SPM:perf] 698a51a  buildSpan: 1958µs
I/flutter (17429): [spm] Performance monitoring completed for 698a51a
I/flutter (17429): [SPM:perf] 698a51a  buildSpan: 2012µs
[spm]: ProfilerData event received.
I/flutter (17429): [spm] Performance monitoring completed for 698a51a
I/flutter (17429): [SPM:perf] 698a51a  buildSpan: 2049µs
I/flutter (17429): [spm] Performance monitoring completed for 698a51a
[spm]: ProfilerData event received.
[spm]: ProfilerData event received.
I/flutter (17429): [SPM:perf] 698a51a  buildSpan: 2115µs
I/flutter (17429): [spm] Performance monitoring completed for 698a51a
I/flutter (17429): [SPM:perf] 698a51a  buildSpan: 2135µs
I/flutter (17429): [spm] Performance monitoring completed for 698a51a
[spm]: ProfilerData event received.
[spm]: ProfilerData event received.
I/flutter (17429): [SPM:perf] 698a51a  buildSpan: 2011µs
I/flutter (17429): [spm] Performance monitoring completed for 698a51a
I/flutter (17429): [SPM:perf] 698a51a  buildSpan: 2091µs
I/flutter (17429): [spm] Performance monitoring completed for 698a51a
[spm]: ProfilerData event received.
[spm]: ProfilerData event received.
I/flutter (17429): [SPM:perf] 698a51a  buildSpan: 1959µs
I/flutter (17429): [spm] Performance monitoring completed for 698a51a
I/flutter (17429): [SPM:perf] 698a51a  buildSpan: 2151µs
[spm]: ProfilerData event received.
I/flutter (17429): [spm] Performance monitoring completed for 698a51a
[spm]: ProfilerData event received.
I/flutter (17429): [SPM:perf] 698a51a  buildSpan: 2340µs
I/flutter (17429): [spm] Performance monitoring completed for 698a51a
[spm]: ProfilerData event received.
I/flutter (17429): [SPM:perf] 698a51a  buildSpan: 1567µs
I/flutter (17429): [spm] Performance monitoring completed for 698a51a
[spm]: ProfilerData event received.
I/flutter (17429): [SPM:perf] 698a51a  buildSpan: 2042µs
I/flutter (17429): [spm] Performance monitoring completed for 698a51a
[spm]: ProfilerData event received.
I/flutter (17429): [SPM:perf] 698a51a  buildSpan: 2009µs
I/flutter (17429): [spm] Performance monitoring completed for 698a51a
[spm]: ProfilerData event received.
I/flutter (17429): [SPM:perf] 698a51a  buildSpan: 1990µs
I/flutter (17429): [spm] Performance monitoring completed for 698a51a
[spm]: ProfilerData event received.
I/flutter (17429): [SPM:perf] 698a51a  buildSpan: 2055µs
I/flutter (17429): [spm] Performance monitoring completed for 698a51a
[spm]: ProfilerData event received.
I/flutter (17429): [SPM:perf] 698a51a  buildSpan: 1420µs
I/flutter (17429): [spm] Performance monitoring completed for 698a51a
[spm]: ProfilerData event received.
I/flutter (17429): [SPM:perf] 698a51a  buildSpan: 1964µs
I/flutter (17429): [spm] Performance monitoring completed for 698a51a
I/flutter (17429): [SPM:perf] 698a51a  buildSpan: 1939µs
I/flutter (17429): [spm] Performance monitoring completed for 698a51a
[spm]: ProfilerData event received.
[spm]: ProfilerData event received.
I/flutter (17429): [SPM:perf] 698a51a  buildSpan: 2001µs
I/flutter (17429): [spm] Performance monitoring completed for 698a51a
[spm]: ProfilerData event received.
I/flutter (17429): [SPM:perf] 698a51a  buildSpan: 2335µs
I/flutter (17429): [spm] Performance monitoring completed for 698a51a
I/flutter (17429): [SPM:perf] 698a51a  buildSpan: 2010µs
I/flutter (17429): [spm] Performance monitoring completed for 698a51a
[spm]: ProfilerData event received.
I/flutter (17429): [SPM:perf] 698a51a  buildSpan: 1567µs
[spm]: ProfilerData event received.
I/flutter (17429): [spm] Performance monitoring completed for 698a51a
I/flutter (17429): [SPM:perf] 698a51a  buildSpan: 2103µs
I/flutter (17429): [spm] Performance monitoring completed for 698a51a
[spm]: ProfilerData event received.
I/flutter (17429): 01:10 +1: (tearDownAll)
I/flutter (17429): 01:11 +2: All tests passed!
All tests passed.
[spm]: Saved 30 profiler events to <ROOT>/dataset-new_samples/2382/redmi9t/raw/20260913-000259/rev_006_464290cc/e7.jsonl
[spm]: Reverting injection...
3 issues found. (ran in 0.7s)
WARNING: Your Android app project: app located at: <ROOT>/android/app/build.gradle.kts
applies the Kotlin Gradle Plugin, which will cause build failures in future versions of Flutter. 
Please migrate your app to Built-in Kotlin using this guide: https://docs.flutter.dev/release/breaking-changes/migrate-to-built-in-kotlin/for-app-developers

VMServiceFlutterDriver: Connecting to Flutter application at http://127.0.0.1:35153/Vg8ZiLjF58I=/
[spm]: Detected VM service URI: ws://127.0.0.1:35153/Vg8ZiLjF58I=/ws
VMServiceFlutterDriver: Isolate found with number: 6734005900247403
VMServiceFlutterDriver: Isolate 6734005900247403 is runnable.
VMServiceFlutterDriver: Isolate is paused at start.
VMServiceFlutterDriver: Attempting to resume isolate
VMServiceFlutterDriver: Connected to Flutter application.
VMServiceFlutterDriver: request_data message is taking a long time to complete...