# sample_id=40/base exec_index=10 ok=True perf_lines=30 vm_events=30 battery_pct=60 soc_temp_millic=47600 battery_temp_c=33.3 charging=False preflight_started=2026-08-14T10:15:54.542780+00:00 started=2026-08-14T10:15:57.189874+00:00 ts=2026-08-14T10:17:55.320377+00:00
[spm]: Running flutter analyze...
Analyzing lib...                                                
No issues found! (ran in 0.6s)
[spm]: Injecting profiler code...
[spm]: Starting app...
Running Gradle task 'assembleProfile'...                        
Running Gradle task 'assembleProfile'...                           20.1s
✓ Built build/app/outputs/flutter-apk/app-profile.apk (61.8MB)
Installing build/app/outputs/flutter-apk/app-profile.apk...      1,921ms
I/ForceDarkHelperStubImpl(29760): setViewRootImplForceDark: false for com.example.benchmark_container.MainActivity@facf14f, reason: AppDarkModeEnable
I/ForceDarkHelperStubImpl(29760): setViewRootImplForceDark: false for com.example.benchmark_container.MainActivity@facf14f, reason: AppDarkModeEnable
D/DecorView[](29760): getWindowModeFromSystem  windowmode is 1
D/DecorView[](29760): updateDecorCaptionStatus displayWindowDecor is false
W/Looper  (29760): PerfMonitor looperActivity : package=com.example.benchmark_container/.MainActivity time=464ms latency=374ms running=0ms  procState=-1  historyMsgCount=2 (msgIndex=1 wall=464ms seq=4 late=374ms h=android.app.ActivityThread$H w=159) (msgIndex=2 wall=423ms seq=3 h=android.app.ActivityThread$H w=110)
W/Looper  (29760): PerfMonitor looperActivity : package=com.example.benchmark_container/.MainActivity time=1ms latency=838ms running=0ms  procState=-1  historyMsgCount=4 (msgIndex=2 wall=464ms seq=4 late=374ms h=android.app.ActivityThread$H w=159) (msgIndex=3 wall=423ms seq=3 h=android.app.ActivityThread$H w=110) (msgIndex=4 wall=464ms seq=4 late=374ms h=android.app.ActivityThread$H w=159)
D/SurfaceView(29760): UPDATE null, mIsCastMode = false
D/hw-ProcessState(29760): Binder ioctl to enable oneway spam detection failed: Invalid argument
W/Looper  (29760): PerfMonitor longMsg : seq=8 plan=13:16:32.845 late=479ms wall=1748ms running=0ms h=android.view.Choreographer$FrameHandler c=android.view.Choreographer$FrameDisplayEventReceiver procState=-1
W/Looper  (29760): PerfMonitor doFrame : time=1748ms vsyncFrame=0 latency=479ms procState=-1 historyMsgCount=7 (msgIndex=2 wall=464ms seq=4 h=android.app.ActivityThread$H w=159) (msgIndex=3 wall=1748ms seq=8 late=479ms h=android.view.Choreographer$FrameHandler c=android.view.Choreographer$FrameDisplayEventReceiver) (msgIndex=4 wall=464ms seq=4 h=android.app.ActivityThread$H w=159)
I/Choreographer(29760): Skipped 99 frames!  The application may be doing too much work on its main thread.
D/SurfaceView(29760): UPDATE Surface(name=SurfaceView[com.example.benchmark_container/com.example.benchmark_container.MainActivity])/@0xf0ce70d, mIsProjectionMode = false
W/Looper  (29760): PerfMonitor doFrame : time=2ms vsyncFrame=0 latency=1652ms procState=-1 historyMsgCount=4
[spm]: Connected to Dart VM service.
I/flutter (29760): 00:00 +0: Performance Benchmark
E/hmark_containe(29760): open libmigui.so failed! dlopen - dlopen failed: library "libmigui.so" not found
D/hmark_containe(29760): MiuiProcessManagerServiceStub setSchedFifo
I/MiuiProcessManagerImpl(29760): setSchedFifo pid:29760, mode:3
D/DecorView[](29760): onWindowFocusChanged hasWindowFocus true
D/DecorView[](29760): getWindowModeFromSystem  windowmode is 1
D/DecorView[](29760): updateDecorCaptionStatus displayWindowDecor is false
D/ProfileInstaller(29760): Installing profile for com.example.benchmark_container
I/flutter (29760): setState 698a51a
[spm]: ProfilerData event received.
I/flutter (29760): [SPM:perf] 698a51a  buildSpan: 1052µs
I/flutter (29760): [spm] Performance monitoring completed for 698a51a
I/flutter (29760): setState 698a51a
[spm]: ProfilerData event received.
I/flutter (29760): [SPM:perf] 698a51a  buildSpan: 723µs
I/flutter (29760): [spm] Performance monitoring completed for 698a51a
I/flutter (29760): setState 698a51a
[spm]: ProfilerData event received.
I/flutter (29760): [SPM:perf] 698a51a  buildSpan: 691µs
I/flutter (29760): [spm] Performance monitoring completed for 698a51a
I/flutter (29760): setState 698a51a
[spm]: ProfilerData event received.
I/flutter (29760): [SPM:perf] 698a51a  buildSpan: 642µs
I/flutter (29760): [spm] Performance monitoring completed for 698a51a
I/flutter (29760): setState 698a51a
I/flutter (29760): [SPM:perf] 698a51a  buildSpan: 675µs
I/flutter (29760): [spm] Performance monitoring completed for 698a51a
I/flutter (29760): setState 698a51a
[spm]: ProfilerData event received.
[spm]: ProfilerData event received.
I/flutter (29760): [SPM:perf] 698a51a  buildSpan: 673µs
I/flutter (29760): [spm] Performance monitoring completed for 698a51a
I/flutter (29760): setState 698a51a
[spm]: ProfilerData event received.
I/flutter (29760): [SPM:perf] 698a51a  buildSpan: 703µs
I/flutter (29760): [spm] Performance monitoring completed for 698a51a
I/flutter (29760): setState 698a51a
[spm]: ProfilerData event received.
I/flutter (29760): [SPM:perf] 698a51a  buildSpan: 697µs
I/flutter (29760): [spm] Performance monitoring completed for 698a51a
I/flutter (29760): setState 698a51a
[spm]: ProfilerData event received.
I/flutter (29760): [SPM:perf] 698a51a  buildSpan: 733µs
I/flutter (29760): [spm] Performance monitoring completed for 698a51a
I/flutter (29760): setState 698a51a
[spm]: ProfilerData event received.
I/flutter (29760): [SPM:perf] 698a51a  buildSpan: 652µs
I/flutter (29760): [spm] Performance monitoring completed for 698a51a
I/flutter (29760): setState 698a51a
[spm]: ProfilerData event received.
I/flutter (29760): [SPM:perf] 698a51a  buildSpan: 655µs
I/flutter (29760): [spm] Performance monitoring completed for 698a51a
I/flutter (29760): setState 698a51a
[spm]: ProfilerData event received.
I/flutter (29760): [SPM:perf] 698a51a  buildSpan: 683µs
I/flutter (29760): [spm] Performance monitoring completed for 698a51a
I/flutter (29760): setState 698a51a
[spm]: ProfilerData event received.
I/flutter (29760): [SPM:perf] 698a51a  buildSpan: 913µs
I/flutter (29760): [spm] Performance monitoring completed for 698a51a
I/flutter (29760): setState 698a51a
[spm]: ProfilerData event received.
I/flutter (29760): [SPM:perf] 698a51a  buildSpan: 667µs
I/flutter (29760): [spm] Performance monitoring completed for 698a51a
I/flutter (29760): setState 698a51a
[spm]: ProfilerData event received.
I/flutter (29760): [SPM:perf] 698a51a  buildSpan: 707µs
I/flutter (29760): [spm] Performance monitoring completed for 698a51a
I/flutter (29760): setState 698a51a
I/flutter (29760): [SPM:perf] 698a51a  buildSpan: 714µs
I/flutter (29760): [spm] Performance monitoring completed for 698a51a
I/flutter (29760): setState 698a51a
[spm]: ProfilerData event received.
[spm]: ProfilerData event received.
I/flutter (29760): [SPM:perf] 698a51a  buildSpan: 798µs
I/flutter (29760): [spm] Performance monitoring completed for 698a51a
I/flutter (29760): setState 698a51a
I/flutter (29760): [SPM:perf] 698a51a  buildSpan: 799µs
I/flutter (29760): [spm] Performance monitoring completed for 698a51a
I/flutter (29760): setState 698a51a
[spm]: ProfilerData event received.
[spm]: ProfilerData event received.
I/flutter (29760): [SPM:perf] 698a51a  buildSpan: 735µs
I/flutter (29760): [spm] Performance monitoring completed for 698a51a
I/flutter (29760): setState 698a51a
I/flutter (29760): [SPM:perf] 698a51a  buildSpan: 791µs
I/flutter (29760): [spm] Performance monitoring completed for 698a51a
I/flutter (29760): setState 698a51a
[spm]: ProfilerData event received.
I/flutter (29760): [SPM:perf] 698a51a  buildSpan: 696µs
[spm]: ProfilerData event received.
I/flutter (29760): [spm] Performance monitoring completed for 698a51a
I/flutter (29760): setState 698a51a
[spm]: ProfilerData event received.
I/flutter (29760): [SPM:perf] 698a51a  buildSpan: 698µs
I/flutter (29760): [spm] Performance monitoring completed for 698a51a
I/flutter (29760): setState 698a51a
[spm]: ProfilerData event received.
I/flutter (29760): [SPM:perf] 698a51a  buildSpan: 774µs
I/flutter (29760): [spm] Performance monitoring completed for 698a51a
I/flutter (29760): setState 698a51a
I/flutter (29760): [SPM:perf] 698a51a  buildSpan: 709µs
[spm]: ProfilerData event received.
I/flutter (29760): [spm] Performance monitoring completed for 698a51a
I/flutter (29760): setState 698a51a
[spm]: ProfilerData event received.
I/flutter (29760): [SPM:perf] 698a51a  buildSpan: 720µs
I/flutter (29760): [spm] Performance monitoring completed for 698a51a
I/flutter (29760): setState 698a51a
[spm]: ProfilerData event received.
I/flutter (29760): [SPM:perf] 698a51a  buildSpan: 684µs
I/flutter (29760): [spm] Performance monitoring completed for 698a51a
I/flutter (29760): setState 698a51a
[spm]: ProfilerData event received.
I/flutter (29760): [SPM:perf] 698a51a  buildSpan: 664µs
I/flutter (29760): [spm] Performance monitoring completed for 698a51a
I/flutter (29760): setState 698a51a
I/flutter (29760): [SPM:perf] 698a51a  buildSpan: 775µs
[spm]: ProfilerData event received.
I/flutter (29760): [spm] Performance monitoring completed for 698a51a
I/flutter (29760): setState 698a51a
[spm]: ProfilerData event received.
I/flutter (29760): [SPM:perf] 698a51a  buildSpan: 662µs
I/flutter (29760): [spm] Performance monitoring completed for 698a51a
I/flutter (29760): setState 698a51a
I/flutter (29760): [SPM:perf] 698a51a  buildSpan: 694µs
I/flutter (29760): [spm] Performance monitoring completed for 698a51a
[spm]: ProfilerData event received.
I/flutter (29760): 01:10 +1: (tearDownAll)
I/flutter (29760): 01:11 +2: All tests passed!
All tests passed.
[spm]: Saved 30 profiler events to <ROOT>/dataset/40/redmi9t/raw/20260814-103056/base/e10.jsonl
[spm]: Reverting injection...
WARNING: Your Android app project: app located at: <ROOT>/android/app/build.gradle.kts
applies the Kotlin Gradle Plugin, which will cause build failures in future versions of Flutter. 
Please migrate your app to Built-in Kotlin using this guide: https://docs.flutter.dev/release/breaking-changes/migrate-to-built-in-kotlin/for-app-developers

VMServiceFlutterDriver: Connecting to Flutter application at http://127.0.0.1:37325/ayuyvNIJkZc=/
[spm]: Detected VM service URI: ws://127.0.0.1:37325/ayuyvNIJkZc=/ws
VMServiceFlutterDriver: Isolate found with number: 8602929639089167
VMServiceFlutterDriver: Isolate 8602929639089167 is runnable.
VMServiceFlutterDriver: Isolate is paused at start.
VMServiceFlutterDriver: Attempting to resume isolate
VMServiceFlutterDriver: Connected to Flutter application.