# sample_id=40/base exec_index=8 ok=True perf_lines=30 vm_events=30 battery_pct=61 soc_temp_millic=46000 battery_temp_c=33.3 charging=False preflight_started=2026-08-14T10:03:48.983452+00:00 started=2026-08-14T10:03:51.406675+00:00 ts=2026-08-14T10:05:49.434146+00:00
[spm]: Running flutter analyze...
Analyzing lib...                                                
No issues found! (ran in 0.6s)
[spm]: Injecting profiler code...
[spm]: Starting app...
Running Gradle task 'assembleProfile'...                        
Running Gradle task 'assembleProfile'...                           19.5s
✓ Built build/app/outputs/flutter-apk/app-profile.apk (61.8MB)
Installing build/app/outputs/flutter-apk/app-profile.apk...      1,973ms
I/ForceDarkHelperStubImpl(16744): setViewRootImplForceDark: false for com.example.benchmark_container.MainActivity@facf14f, reason: AppDarkModeEnable
I/ForceDarkHelperStubImpl(16744): setViewRootImplForceDark: false for com.example.benchmark_container.MainActivity@facf14f, reason: AppDarkModeEnable
D/DecorView[](16744): getWindowModeFromSystem  windowmode is 1
D/DecorView[](16744): updateDecorCaptionStatus displayWindowDecor is false
W/Looper  (16744): PerfMonitor looperActivity : package=com.example.benchmark_container/.MainActivity time=584ms latency=448ms running=0ms  procState=-1  historyMsgCount=3 (msgIndex=1 wall=584ms seq=4 late=448ms h=android.app.ActivityThread$H w=159) (msgIndex=2 wall=584ms seq=4 late=448ms h=android.app.ActivityThread$H w=159) (msgIndex=3 wall=451ms seq=3 h=android.app.ActivityThread$H w=110)
W/Looper  (16744): PerfMonitor looperActivity : package=com.example.benchmark_container/.MainActivity time=0ms latency=1034ms running=0ms  procState=-1  historyMsgCount=4 (msgIndex=1 wall=584ms seq=4 late=448ms h=android.app.ActivityThread$H w=159) (msgIndex=2 wall=584ms seq=4 late=448ms h=android.app.ActivityThread$H w=159) (msgIndex=3 wall=451ms seq=3 h=android.app.ActivityThread$H w=110) (msgIndex=4 wall=584ms seq=4 late=448ms h=android.app.ActivityThread$H w=159)
I/Choreographer(16744): Skipped 35 frames!  The application may be doing too much work on its main thread.
D/SurfaceView(16744): UPDATE null, mIsCastMode = false
D/hw-ProcessState(16744): Binder ioctl to enable oneway spam detection failed: Invalid argument
W/Looper  (16744): PerfMonitor longMsg : seq=8 plan=13:04:26.307 late=596ms wall=1957ms running=0ms h=android.view.Choreographer$FrameHandler c=android.view.Choreographer$FrameDisplayEventReceiver procState=-1
W/Looper  (16744): PerfMonitor doFrame : time=1957ms vsyncFrame=0 latency=596ms procState=-1 historyMsgCount=7 (msgIndex=1 wall=584ms seq=4 h=android.app.ActivityThread$H w=159) (msgIndex=2 wall=584ms seq=4 h=android.app.ActivityThread$H w=159) (msgIndex=3 wall=1957ms seq=8 late=596ms h=android.view.Choreographer$FrameHandler c=android.view.Choreographer$FrameDisplayEventReceiver) (msgIndex=4 wall=584ms seq=4 h=android.app.ActivityThread$H w=159)
I/Choreographer(16744): Skipped 109 frames!  The application may be doing too much work on its main thread.
D/SurfaceView(16744): UPDATE Surface(name=SurfaceView[com.example.benchmark_container/com.example.benchmark_container.MainActivity])/@0xf0ce70d, mIsProjectionMode = false
W/Looper  (16744): PerfMonitor doFrame : time=3ms vsyncFrame=0 latency=1828ms procState=-1 historyMsgCount=5
[spm]: Connected to Dart VM service.
I/flutter (16744): 00:00 +0: Performance Benchmark
E/hmark_containe(16744): open libmigui.so failed! dlopen - dlopen failed: library "libmigui.so" not found
D/hmark_containe(16744): MiuiProcessManagerServiceStub setSchedFifo
I/MiuiProcessManagerImpl(16744): setSchedFifo pid:16744, mode:3
D/DecorView[](16744): onWindowFocusChanged hasWindowFocus true
D/DecorView[](16744): getWindowModeFromSystem  windowmode is 1
D/DecorView[](16744): updateDecorCaptionStatus displayWindowDecor is false
D/ProfileInstaller(16744): Installing profile for com.example.benchmark_container
I/flutter (16744): setState 698a51a
[spm]: ProfilerData event received.
I/flutter (16744): [SPM:perf] 698a51a  buildSpan: 670µs
I/flutter (16744): [spm] Performance monitoring completed for 698a51a
I/flutter (16744): setState 698a51a
[spm]: ProfilerData event received.
I/flutter (16744): [SPM:perf] 698a51a  buildSpan: 710µs
I/flutter (16744): [spm] Performance monitoring completed for 698a51a
I/flutter (16744): setState 698a51a
[spm]: ProfilerData event received.
I/flutter (16744): [SPM:perf] 698a51a  buildSpan: 869µs
I/flutter (16744): [spm] Performance monitoring completed for 698a51a
I/flutter (16744): setState 698a51a
[spm]: ProfilerData event received.
I/flutter (16744): [SPM:perf] 698a51a  buildSpan: 741µs
I/flutter (16744): [spm] Performance monitoring completed for 698a51a
I/flutter (16744): setState 698a51a
[spm]: ProfilerData event received.
I/flutter (16744): [SPM:perf] 698a51a  buildSpan: 671µs
I/flutter (16744): [spm] Performance monitoring completed for 698a51a
I/flutter (16744): setState 698a51a
[spm]: ProfilerData event received.
I/flutter (16744): [SPM:perf] 698a51a  buildSpan: 678µs
I/flutter (16744): [spm] Performance monitoring completed for 698a51a
I/flutter (16744): setState 698a51a
[spm]: ProfilerData event received.
I/flutter (16744): [SPM:perf] 698a51a  buildSpan: 754µs
I/flutter (16744): [spm] Performance monitoring completed for 698a51a
I/flutter (16744): setState 698a51a
[spm]: ProfilerData event received.
I/flutter (16744): [SPM:perf] 698a51a  buildSpan: 708µs
I/flutter (16744): [spm] Performance monitoring completed for 698a51a
I/flutter (16744): setState 698a51a
[spm]: ProfilerData event received.
I/flutter (16744): [SPM:perf] 698a51a  buildSpan: 637µs
I/flutter (16744): [spm] Performance monitoring completed for 698a51a
I/flutter (16744): setState 698a51a
[spm]: ProfilerData event received.
I/flutter (16744): [SPM:perf] 698a51a  buildSpan: 868µs
I/flutter (16744): [spm] Performance monitoring completed for 698a51a
I/flutter (16744): setState 698a51a
I/flutter (16744): [SPM:perf] 698a51a  buildSpan: 873µs
I/flutter (16744): [spm] Performance monitoring completed for 698a51a
I/flutter (16744): setState 698a51a
[spm]: ProfilerData event received.
[spm]: ProfilerData event received.
I/flutter (16744): [SPM:perf] 698a51a  buildSpan: 714µs
I/flutter (16744): [spm] Performance monitoring completed for 698a51a
I/flutter (16744): setState 698a51a
I/flutter (16744): [SPM:perf] 698a51a  buildSpan: 659µs
[spm]: ProfilerData event received.
I/flutter (16744): [spm] Performance monitoring completed for 698a51a
I/flutter (16744): setState 698a51a
[spm]: ProfilerData event received.
I/flutter (16744): [SPM:perf] 698a51a  buildSpan: 670µs
I/flutter (16744): [spm] Performance monitoring completed for 698a51a
I/flutter (16744): setState 698a51a
[spm]: ProfilerData event received.
I/flutter (16744): [SPM:perf] 698a51a  buildSpan: 882µs
I/flutter (16744): [spm] Performance monitoring completed for 698a51a
I/flutter (16744): setState 698a51a
I/flutter (16744): [SPM:perf] 698a51a  buildSpan: 677µs
I/flutter (16744): [spm] Performance monitoring completed for 698a51a
I/flutter (16744): setState 698a51a
[spm]: ProfilerData event received.
[spm]: ProfilerData event received.
I/flutter (16744): [SPM:perf] 698a51a  buildSpan: 672µs
I/flutter (16744): [spm] Performance monitoring completed for 698a51a
I/flutter (16744): setState 698a51a
[spm]: ProfilerData event received.
I/flutter (16744): [SPM:perf] 698a51a  buildSpan: 687µs
I/flutter (16744): [spm] Performance monitoring completed for 698a51a
I/flutter (16744): setState 698a51a
[spm]: ProfilerData event received.
I/flutter (16744): [SPM:perf] 698a51a  buildSpan: 733µs
I/flutter (16744): [spm] Performance monitoring completed for 698a51a
I/flutter (16744): setState 698a51a
[spm]: ProfilerData event received.
I/flutter (16744): [SPM:perf] 698a51a  buildSpan: 674µs
I/flutter (16744): [spm] Performance monitoring completed for 698a51a
I/flutter (16744): setState 698a51a
I/flutter (16744): [SPM:perf] 698a51a  buildSpan: 711µs
I/flutter (16744): [spm] Performance monitoring completed for 698a51a
I/flutter (16744): setState 698a51a
[spm]: ProfilerData event received.
[spm]: ProfilerData event received.
I/flutter (16744): [SPM:perf] 698a51a  buildSpan: 758µs
I/flutter (16744): [spm] Performance monitoring completed for 698a51a
I/flutter (16744): setState 698a51a
[spm]: ProfilerData event received.
I/flutter (16744): [SPM:perf] 698a51a  buildSpan: 712µs
I/flutter (16744): [spm] Performance monitoring completed for 698a51a
I/flutter (16744): setState 698a51a
I/flutter (16744): [SPM:perf] 698a51a  buildSpan: 715µs
I/flutter (16744): [spm] Performance monitoring completed for 698a51a
I/flutter (16744): setState 698a51a
[spm]: ProfilerData event received.
[spm]: ProfilerData event received.
I/flutter (16744): [SPM:perf] 698a51a  buildSpan: 711µs
I/flutter (16744): [spm] Performance monitoring completed for 698a51a
I/flutter (16744): setState 698a51a
I/flutter (16744): [SPM:perf] 698a51a  buildSpan: 695µs
[spm]: ProfilerData event received.
I/flutter (16744): [spm] Performance monitoring completed for 698a51a
I/flutter (16744): setState 698a51a
[spm]: ProfilerData event received.
I/flutter (16744): [SPM:perf] 698a51a  buildSpan: 895µs
I/flutter (16744): [spm] Performance monitoring completed for 698a51a
I/flutter (16744): setState 698a51a
[spm]: ProfilerData event received.
I/flutter (16744): [SPM:perf] 698a51a  buildSpan: 694µs
I/flutter (16744): [spm] Performance monitoring completed for 698a51a
I/flutter (16744): setState 698a51a
[spm]: ProfilerData event received.
I/flutter (16744): [SPM:perf] 698a51a  buildSpan: 683µs
I/flutter (16744): [spm] Performance monitoring completed for 698a51a
I/flutter (16744): setState 698a51a
I/flutter (16744): [SPM:perf] 698a51a  buildSpan: 705µs
I/flutter (16744): [spm] Performance monitoring completed for 698a51a
[spm]: ProfilerData event received.
I/flutter (16744): 01:10 +1: (tearDownAll)
I/flutter (16744): 01:11 +2: All tests passed!
All tests passed.
[spm]: Saved 30 profiler events to <ROOT>/dataset/40/redmi9t/raw/20260814-103056/base/e8.jsonl
[spm]: Reverting injection...
WARNING: Your Android app project: app located at: <ROOT>/android/app/build.gradle.kts
applies the Kotlin Gradle Plugin, which will cause build failures in future versions of Flutter. 
Please migrate your app to Built-in Kotlin using this guide: https://docs.flutter.dev/release/breaking-changes/migrate-to-built-in-kotlin/for-app-developers

VMServiceFlutterDriver: Connecting to Flutter application at http://127.0.0.1:43215/1pT2uzLgcAM=/
[spm]: Detected VM service URI: ws://127.0.0.1:43215/1pT2uzLgcAM=/ws
VMServiceFlutterDriver: Isolate found with number: 1177408309362823
VMServiceFlutterDriver: Isolate 1177408309362823 is runnable.
VMServiceFlutterDriver: Isolate is paused at start.
VMServiceFlutterDriver: Attempting to resume isolate
VMServiceFlutterDriver: Connected to Flutter application.