# sample_id=40/base exec_index=9 ok=True perf_lines=30 vm_events=30 battery_pct=75 soc_temp_millic=48800 battery_temp_c=35.8 charging=False preflight_started=2026-08-14T07:37:20.268622+00:00 started=2026-08-14T07:37:22.726309+00:00 ts=2026-08-14T07:39:21.665092+00:00
[spm]: Running flutter analyze...
Analyzing lib...                                                
No issues found! (ran in 0.8s)
[spm]: Injecting profiler code...
[spm]: Starting app...
Running Gradle task 'assembleProfile'...                        
Running Gradle task 'assembleProfile'...                           20.8s
✓ Built build/app/outputs/flutter-apk/app-profile.apk (61.8MB)
Installing build/app/outputs/flutter-apk/app-profile.apk...      1,895ms
I/hmark_containe(10189): hiddenapi: Accessing hidden method Landroid/util/LongArray;->get(I)J (runtime_flags=0, domain=platform, api=unsupported) from Lio/flutter/view/AccessibilityViewEmbedder$ReflectionAccessors; (domain=app, TargetSdkVersion=36) using reflection: allowed
D/MiuiMultiWindowUtils(10189): freeform resolution args raw data:{  "zizhan":{    "freeform_args": {      "inner":{        "vertical_portrait":{"aspect_ratio":0.626, "original_ratio":0.5643,"original_scale":0.74,"top_margin":0.168,"left_margin":0.484},        "horizontal_portrait":{"aspect_ratio":0.626, "original_ratio":0.5643,"original_scale":0.74,"top_margin":0.1222,"left_margin":0.59745},        "vertical_landscape":{"aspect_ratio":1.6, "original_ratio":1,"original_scale":0.604,"top_margin":0.2596,"left_margin":0.2624},        "horizontal_landscape":{"aspect_ratio":1.6, "original_ratio":1,"original_scale":0.604,"top_margin":0.213,"left_margin":0.3758}      },      "outer":{        "vertical_portrait":{"aspect_ratio":0.626, "original_ratio":1,"original_scale":0.74,"top_margin":0.0753,"left_margin":-1},        "horizontal_portrait":{"aspect_ratio":0.626, "original_ratio":1,"original_scale":0.5756,"top_margin":-1,"left_margin":0.0753},        "vertical_landscape":{"aspect_ratio":1.6, "original_ratio":0.6847,"original_scale":0.587,"top_margin":0.0753,"left_margin":-1},        "horizontal_landscape":{"aspect_ratio":1.6, "original_ratio":0.6847,"original_scale":0.587,"top_margin":-1,"left_margin":0.0753}}    },    "mini_freeform_args":{      "inner":{        "vertical_portrait":{"aspect_ratio":0.626, "original_ratio":0.147},        "horizontal_portrait":{"aspect_ratio":0.626, "original_ratio":0.147},        "vertical_landscape":{"aspect_ratio":1.6, "original_ratio":0.165},        "horizontal_landscape":{"aspect_ratio":1.6, "original_ratio":0.165}      },      "outer":{        "vertical_portrait":{"aspect_ratio":0.626, "original_ratio":0.26},        "horizontal_portrait":{"aspect_ratio":0.626, "original_ratio":0.26},        "vertical_landscape":{"aspect_ratio":1.6, "original_ratio":0.293},        "horizontal_landscape":{"aspect_ratio":1.6, "original_ratio":0.293}}    }  },  "wide_default":{    "freeform_args": {        "vertical_portrait":{"aspect_ratio":0.625, "original_ratio":0.5806,"original_scale":0.7574,"top_margin":0.125,"left_margin":0.392},        "horizontal_portrait":{"aspect_ratio":0.625, "original_ratio":0.5806,"original_scale":0.7574,"top_margin":-1,"left_margin":0.6415},        "vertical_landscape":{"aspect_ratio":1.6, "original_ratio":1,"original_scale":0.5153,"top_margin":0.125,"left_margin":0.206},        "horizontal_landscape":{"aspect_ratio":1.6, "original_ratio":1,"original_scale":0.5153,"top_margin":-1,"left_margin":0.456}    },    "mini_freeform_args":{        "vertical_portrait":{"aspect_ratio":0.5625, "original_ratio":0.144},        "horizontal_portrait":{"aspect_ratio":0.5625, "original_ratio":0.144},        "vertical_landscape":{"aspect_ratio":-1, "original_ratio":0.144},        "horizontal_landscape":{"aspect_ratio":-1, "original_ratio":0.144}    }  },  "narrow_default": {    "freeform_args": {        "vertical_portrait":{"aspect_ratio":0.5625, "original_ratio":1,"original_scale":0.7182,"top_margin":0.142,"left_margin":-1},        "horizontal_portrait":{"aspect_ratio":0.8, "original_ratio":1,"original_scale":0.7182,"top_margin":-1,"left_margin":0.05},        "vertical_landscape":{"aspect_ratio":1.6, "original_ratio":0.6545,"original_scale":0.4473,"top_margin":0.142,"left_margin":-1},        "horizontal_landscape":{"aspect_ratio":1.6, "original_ratio":0.6545,"original_scale":0.4473,"top_margin":-1,"left_margin":0.05}    },    "mini_freeform_args":{        "vertical_portrait":{"aspect_ratio":0.5625, "original_ratio":0.3},        "horizontal_portrait":{"aspect_ratio":0.5625, "original_ratio":0.3},        "vertical_landscape":{"aspect_ratio":1.7778, "original_ratio":0.3},        "horizontal_landscape":{"aspect_ratio":1.7778, "original_ratio":0.3}    }  },  "regular_default": {    "freeform_args": {      "vertical_portrait":{"aspect_ratio":0.625, "original_ratio":1,"original_scale":0.7,"top_margin":0.109,"left_margin":-1},      "horizontal_portrait":{"aspect_ratio":0.6667, "original_ratio":1,"original_scale":0.6102,"top_margin":-1,"left_margin":0.026},      "vertical_landscape":{"asp
E/MiuiMultiWindowUtils(10189): initFreeFormResolutionArgs failed, device is lime
D/IS_CTS_MODE(10189): true
D/MULTI_WINDOW_SWITCH_ENABLED(10189): false
D/IS_CTS_MODE(10189): true
D/MULTI_WINDOW_SWITCH_ENABLED(10189): false
D/IS_CTS_MODE(10189): true
D/MULTI_WINDOW_SWITCH_ENABLED(10189): false
D/DecorView[](10189): getWindowModeFromSystem  windowmode is 1
I/ForceDarkHelperStubImpl(10189): setViewRootImplForceDark: false for com.example.benchmark_container.MainActivity@facf14f, reason: AppDarkModeEnable
I/ForceDarkHelperStubImpl(10189): setViewRootImplForceDark: false for com.example.benchmark_container.MainActivity@facf14f, reason: AppDarkModeEnable
D/DecorView[](10189): getWindowModeFromSystem  windowmode is 1
D/DecorView[](10189): updateDecorCaptionStatus displayWindowDecor is false
W/Looper  (10189): PerfMonitor looperActivity : package=com.example.benchmark_container/.MainActivity time=424ms latency=430ms running=0ms  procState=-1  historyMsgCount=3 (msgIndex=3 wall=417ms seq=3 h=android.app.ActivityThread$H w=110)
W/Looper  (10189): PerfMonitor looperActivity : package=com.example.benchmark_container/.MainActivity time=1ms latency=855ms running=0ms  procState=-1  historyMsgCount=4 (msgIndex=3 wall=417ms seq=3 h=android.app.ActivityThread$H w=110) (msgIndex=4 wall=424ms seq=4 h=android.app.ActivityThread$H w=159)
D/SurfaceView(10189): UPDATE null, mIsCastMode = false
D/hw-ProcessState(10189): Binder ioctl to enable oneway spam detection failed: Invalid argument
W/Looper  (10189): PerfMonitor longMsg : seq=8 plan=10:37:59.378 late=428ms wall=1707ms running=0ms h=android.view.Choreographer$FrameHandler c=android.view.Choreographer$FrameDisplayEventReceiver procState=-1
W/Looper  (10189): PerfMonitor doFrame : time=1707ms vsyncFrame=0 latency=428ms procState=-1 historyMsgCount=4 (msgIndex=1 wall=1707ms seq=8 late=428ms h=android.view.Choreographer$FrameHandler c=android.view.Choreographer$FrameDisplayEventReceiver)
I/Choreographer(10189): Skipped 97 frames!  The application may be doing too much work on its main thread.
D/SurfaceView(10189): UPDATE Surface(name=SurfaceView[com.example.benchmark_container/com.example.benchmark_container.MainActivity])/@0xf0ce70d, mIsProjectionMode = false
W/Looper  (10189): PerfMonitor doFrame : time=3ms vsyncFrame=0 latency=1624ms procState=-1 historyMsgCount=4
[spm]: Connected to Dart VM service.
I/flutter (10189): 00:00 +0: Performance Benchmark
E/hmark_containe(10189): open libmigui.so failed! dlopen - dlopen failed: library "libmigui.so" not found
D/hmark_containe(10189): MiuiProcessManagerServiceStub setSchedFifo
I/MiuiProcessManagerImpl(10189): setSchedFifo pid:10189, mode:3
D/DecorView[](10189): onWindowFocusChanged hasWindowFocus true
D/DecorView[](10189): getWindowModeFromSystem  windowmode is 1
D/DecorView[](10189): updateDecorCaptionStatus displayWindowDecor is false
D/ProfileInstaller(10189): Installing profile for com.example.benchmark_container
I/flutter (10189): setState 698a51a
[spm]: ProfilerData event received.
I/flutter (10189): [SPM:perf] 698a51a  buildSpan: 684µs
I/flutter (10189): [spm] Performance monitoring completed for 698a51a
I/flutter (10189): setState 698a51a
[spm]: ProfilerData event received.
I/flutter (10189): [SPM:perf] 698a51a  buildSpan: 697µs
I/flutter (10189): [spm] Performance monitoring completed for 698a51a
I/flutter (10189): setState 698a51a
[spm]: ProfilerData event received.
I/flutter (10189): [SPM:perf] 698a51a  buildSpan: 655µs
I/flutter (10189): [spm] Performance monitoring completed for 698a51a
I/flutter (10189): setState 698a51a
[spm]: ProfilerData event received.
I/flutter (10189): [SPM:perf] 698a51a  buildSpan: 723µs
I/flutter (10189): [spm] Performance monitoring completed for 698a51a
I/flutter (10189): setState 698a51a
[spm]: ProfilerData event received.
I/flutter (10189): [SPM:perf] 698a51a  buildSpan: 649µs
I/flutter (10189): [spm] Performance monitoring completed for 698a51a
I/flutter (10189): setState 698a51a
[spm]: ProfilerData event received.
I/flutter (10189): [SPM:perf] 698a51a  buildSpan: 753µs
I/flutter (10189): [spm] Performance monitoring completed for 698a51a
I/flutter (10189): setState 698a51a
[spm]: ProfilerData event received.
I/flutter (10189): [SPM:perf] 698a51a  buildSpan: 861µs
I/flutter (10189): [spm] Performance monitoring completed for 698a51a
I/flutter (10189): setState 698a51a
[spm]: ProfilerData event received.
I/flutter (10189): [SPM:perf] 698a51a  buildSpan: 669µs
I/flutter (10189): [spm] Performance monitoring completed for 698a51a
I/flutter (10189): setState 698a51a
[spm]: ProfilerData event received.
I/flutter (10189): [SPM:perf] 698a51a  buildSpan: 808µs
I/flutter (10189): [spm] Performance monitoring completed for 698a51a
I/flutter (10189): setState 698a51a
[spm]: ProfilerData event received.
I/flutter (10189): [SPM:perf] 698a51a  buildSpan: 701µs
I/flutter (10189): [spm] Performance monitoring completed for 698a51a
I/flutter (10189): setState 698a51a
I/flutter (10189): [SPM:perf] 698a51a  buildSpan: 701µs
I/flutter (10189): [spm] Performance monitoring completed for 698a51a
I/flutter (10189): setState 698a51a
[spm]: ProfilerData event received.
[spm]: ProfilerData event received.
I/flutter (10189): [SPM:perf] 698a51a  buildSpan: 683µs
I/flutter (10189): [spm] Performance monitoring completed for 698a51a
I/flutter (10189): setState 698a51a
[spm]: ProfilerData event received.
I/flutter (10189): [SPM:perf] 698a51a  buildSpan: 671µs
I/flutter (10189): [spm] Performance monitoring completed for 698a51a
I/flutter (10189): setState 698a51a
[spm]: ProfilerData event received.
I/flutter (10189): [SPM:perf] 698a51a  buildSpan: 781µs
I/flutter (10189): [spm] Performance monitoring completed for 698a51a
I/flutter (10189): setState 698a51a
[spm]: ProfilerData event received.
I/flutter (10189): [SPM:perf] 698a51a  buildSpan: 662µs
I/flutter (10189): [spm] Performance monitoring completed for 698a51a
I/flutter (10189): setState 698a51a
[spm]: ProfilerData event received.
I/flutter (10189): [SPM:perf] 698a51a  buildSpan: 710µs
I/flutter (10189): [spm] Performance monitoring completed for 698a51a
I/flutter (10189): setState 698a51a
I/flutter (10189): [SPM:perf] 698a51a  buildSpan: 795µs
I/flutter (10189): [spm] Performance monitoring completed for 698a51a
I/flutter (10189): setState 698a51a
[spm]: ProfilerData event received.
I/flutter (10189): [SPM:perf] 698a51a  buildSpan: 744µs
[spm]: ProfilerData event received.
I/flutter (10189): [spm] Performance monitoring completed for 698a51a
I/flutter (10189): setState 698a51a
[spm]: ProfilerData event received.
I/flutter (10189): [SPM:perf] 698a51a  buildSpan: 697µs
I/flutter (10189): [spm] Performance monitoring completed for 698a51a
I/flutter (10189): setState 698a51a
[spm]: ProfilerData event received.
I/flutter (10189): [SPM:perf] 698a51a  buildSpan: 680µs
I/flutter (10189): [spm] Performance monitoring completed for 698a51a
I/flutter (10189): setState 698a51a
[spm]: ProfilerData event received.
I/flutter (10189): [SPM:perf] 698a51a  buildSpan: 750µs
I/flutter (10189): [spm] Performance monitoring completed for 698a51a
I/flutter (10189): setState 698a51a
[spm]: ProfilerData event received.
I/flutter (10189): [SPM:perf] 698a51a  buildSpan: 881µs
I/flutter (10189): [spm] Performance monitoring completed for 698a51a
I/flutter (10189): setState 698a51a
I/flutter (10189): [SPM:perf] 698a51a  buildSpan: 656µs
I/flutter (10189): [spm] Performance monitoring completed for 698a51a
I/flutter (10189): setState 698a51a
[spm]: ProfilerData event received.
[spm]: ProfilerData event received.
I/flutter (10189): [SPM:perf] 698a51a  buildSpan: 707µs
I/flutter (10189): [spm] Performance monitoring completed for 698a51a
I/flutter (10189): setState 698a51a
[spm]: ProfilerData event received.
I/flutter (10189): [SPM:perf] 698a51a  buildSpan: 671µs
I/flutter (10189): [spm] Performance monitoring completed for 698a51a
I/flutter (10189): setState 698a51a
[spm]: ProfilerData event received.
I/flutter (10189): [SPM:perf] 698a51a  buildSpan: 653µs
I/flutter (10189): [spm] Performance monitoring completed for 698a51a
I/flutter (10189): setState 698a51a
[spm]: ProfilerData event received.
I/flutter (10189): [SPM:perf] 698a51a  buildSpan: 663µs
I/flutter (10189): [spm] Performance monitoring completed for 698a51a
I/flutter (10189): setState 698a51a
[spm]: ProfilerData event received.
I/flutter (10189): [SPM:perf] 698a51a  buildSpan: 734µs
I/flutter (10189): [spm] Performance monitoring completed for 698a51a
I/flutter (10189): setState 698a51a
[spm]: ProfilerData event received.
I/flutter (10189): [SPM:perf] 698a51a  buildSpan: 1034µs
I/flutter (10189): [spm] Performance monitoring completed for 698a51a
I/flutter (10189): setState 698a51a
[spm]: ProfilerData event received.
I/flutter (10189): [SPM:perf] 698a51a  buildSpan: 1005µs
I/flutter (10189): [spm] Performance monitoring completed for 698a51a
I/flutter (10189): 01:10 +1: (tearDownAll)
I/flutter (10189): 01:11 +2: All tests passed!
All tests passed.
[spm]: Saved 30 profiler events to <ROOT>/dataset/40/redmi9t/raw/20260814-103056/base/e9.jsonl
[spm]: Reverting injection...
WARNING: Your Android app project: app located at: <ROOT>/android/app/build.gradle.kts
applies the Kotlin Gradle Plugin, which will cause build failures in future versions of Flutter. 
Please migrate your app to Built-in Kotlin using this guide: https://docs.flutter.dev/release/breaking-changes/migrate-to-built-in-kotlin/for-app-developers

VMServiceFlutterDriver: Connecting to Flutter application at http://127.0.0.1:34883/QFceG0K2NoY=/
[spm]: Detected VM service URI: ws://127.0.0.1:34883/QFceG0K2NoY=/ws
VMServiceFlutterDriver: Isolate found with number: 1113819421287291
VMServiceFlutterDriver: Isolate 1113819421287291 is runnable.
VMServiceFlutterDriver: Isolate is paused at start.
VMServiceFlutterDriver: Attempting to resume isolate
VMServiceFlutterDriver: Connected to Flutter application.