# sample_id=2382/rev_008_3d913995 exec_index=9 ok=True perf_lines=30 vm_events=30 battery_pct=66 soc_temp_millic=37000 battery_temp_c=29.3 charging=False preflight_started=2026-09-19T00:49:32.175044+00:00 started=2026-09-19T00:49:34.927304+00:00 ts=2026-09-19T00:51:31.947329+00:00
[spm]: Running flutter analyze...
Resolving dependencies...
Downloading packages...
  _fe_analyzer_shared 100.0.0 (108.0.0 available)
  analyzer 13.0.0 (14.4.0 available)
  async 2.13.0 (2.13.1 available)
  clock 1.1.2 (1.1.3 available)
  cupertino_icons 1.0.8 (1.0.9 available)
  glob 2.1.3 (2.2.0 available)
  lints 6.0.0 (6.1.0 available)
  matcher 0.12.19 (0.12.20 available)
  material_color_utilities 0.13.0 (0.13.1 available)
  meta 1.18.0 (1.19.0 available)
  package_config 2.2.0 (3.0.0 available)
  platform 3.1.6 (3.2.0 available)
  process 5.0.5 (5.0.6 available)
  pub_semver 2.2.0 (2.2.1 available)
  source_span 1.10.1 (1.10.2 available)
  stack_trace 1.12.1 (1.12.2 available)
  test_api 0.7.11 (0.7.14 available)
  vector_math 2.2.0 (2.4.2 available)
  vm_service 15.0.2 (15.3.0 available)
  webdriver 3.1.0 (3.2.0 available)
  yaml 3.1.3 (3.1.4 available)
Got dependencies!
21 packages have newer versions incompatible with dependency constraints.
Try `flutter pub outdated` for more information.
Analyzing lib...                                                

   info • The part-of directive uses a library name. Try converting the directive to use the URI of the library • lib/dependencies.dart:46:1 • use_string_in_part_of_directives
   info • Library names are not necessary. Remove the library name • lib/generated_widget.dart:2:9 • unnecessary_library_name
   info • Constructors in '@immutable' classes should be declared as 'const'. Try adding 'const' to the constructor declaration • lib/generated_widget.dart:12:3 • prefer_const_constructors_in_immutables

[spm]: Injecting profiler code...
[spm]: Starting app...
Running Gradle task 'assembleProfile'...                        
Running Gradle task 'assembleProfile'...                           18.2s
✓ Built build/app/outputs/flutter-apk/app-profile.apk (26.8MB)
Installing build/app/outputs/flutter-apk/app-profile.apk...      1,209ms
D/DecorView[]( 9766): getWindowModeFromSystem  windowmode is 1
D/DecorView[]( 9766): updateDecorCaptionStatus displayWindowDecor is false
W/Looper  ( 9766): PerfMonitor looperActivity : package=com.example.benchmark_container/.MainActivity time=410ms latency=416ms running=0ms  procState=-1  historyMsgCount=3 (msgIndex=3 wall=407ms seq=3 h=android.app.ActivityThread$H w=110)
W/Looper  ( 9766): PerfMonitor looperActivity : package=com.example.benchmark_container/.MainActivity time=0ms latency=827ms running=0ms  procState=-1  historyMsgCount=4 (msgIndex=3 wall=407ms seq=3 h=android.app.ActivityThread$H w=110) (msgIndex=4 wall=410ms seq=4 late=416ms h=android.app.ActivityThread$H w=159)
D/SurfaceView( 9766): UPDATE null, mIsCastMode = false
D/hw-ProcessState( 9766): Binder ioctl to enable oneway spam detection failed: Invalid argument
W/Looper  ( 9766): PerfMonitor longMsg : seq=8 plan=03:50:08.073 late=435ms wall=1822ms running=0ms h=android.view.Choreographer$FrameHandler c=android.view.Choreographer$FrameDisplayEventReceiver procState=-1
W/Looper  ( 9766): PerfMonitor doFrame : time=1822ms vsyncFrame=0 latency=435ms procState=-1 historyMsgCount=6 (msgIndex=2 wall=1822ms seq=8 late=435ms h=android.view.Choreographer$FrameHandler c=android.view.Choreographer$FrameDisplayEventReceiver) (msgIndex=3 wall=410ms seq=4 h=android.app.ActivityThread$H w=159)
I/Choreographer( 9766): Skipped 102 frames!  The application may be doing too much work on its main thread.
D/SurfaceView( 9766): UPDATE Surface(name=SurfaceView[com.example.benchmark_container/com.example.benchmark_container.MainActivity])/@0xd30802a, mIsProjectionMode = false
W/Looper  ( 9766): PerfMonitor doFrame : time=2ms vsyncFrame=0 latency=1716ms procState=-1 historyMsgCount=4
[spm]: Connected to Dart VM service.
I/flutter ( 9766): 00:00 +0: Performance Benchmark
E/hmark_containe( 9766): open libmigui.so failed! dlopen - dlopen failed: library "libmigui.so" not found
D/hmark_containe( 9766): MiuiProcessManagerServiceStub setSchedFifo
I/MiuiProcessManagerImpl( 9766): setSchedFifo pid:9766, mode:3
D/DecorView[]( 9766): onWindowFocusChanged hasWindowFocus true
D/ProfileInstaller( 9766): Installing profile for com.example.benchmark_container
D/DecorView[]( 9766): getWindowModeFromSystem  windowmode is 1
D/DecorView[]( 9766): updateDecorCaptionStatus displayWindowDecor is false
[spm]: ProfilerData event received.
I/flutter ( 9766): [SPM:perf] 698a51a  buildSpan: 2198µs
I/flutter ( 9766): [spm] Performance monitoring completed for 698a51a
[spm]: ProfilerData event received.
I/flutter ( 9766): [SPM:perf] 698a51a  buildSpan: 2109µs
I/flutter ( 9766): [spm] Performance monitoring completed for 698a51a
[spm]: ProfilerData event received.
I/flutter ( 9766): [SPM:perf] 698a51a  buildSpan: 1919µs
I/flutter ( 9766): [spm] Performance monitoring completed for 698a51a
I/flutter ( 9766): [SPM:perf] 698a51a  buildSpan: 1975µs
I/flutter ( 9766): [spm] Performance monitoring completed for 698a51a
[spm]: ProfilerData event received.
[spm]: ProfilerData event received.
I/flutter ( 9766): [SPM:perf] 698a51a  buildSpan: 1956µs
I/flutter ( 9766): [spm] Performance monitoring completed for 698a51a
[spm]: ProfilerData event received.
I/flutter ( 9766): [SPM:perf] 698a51a  buildSpan: 7711µs
I/flutter ( 9766): [spm] Performance monitoring completed for 698a51a
[spm]: ProfilerData event received.
I/flutter ( 9766): [SPM:perf] 698a51a  buildSpan: 1767µs
I/flutter ( 9766): [spm] Performance monitoring completed for 698a51a
[spm]: ProfilerData event received.
I/flutter ( 9766): [SPM:perf] 698a51a  buildSpan: 1931µs
I/flutter ( 9766): [spm] Performance monitoring completed for 698a51a
[spm]: ProfilerData event received.
I/flutter ( 9766): [SPM:perf] 698a51a  buildSpan: 2011µs
I/flutter ( 9766): [spm] Performance monitoring completed for 698a51a
[spm]: ProfilerData event received.
I/flutter ( 9766): [SPM:perf] 698a51a  buildSpan: 2089µs
I/flutter ( 9766): [spm] Performance monitoring completed for 698a51a
[spm]: ProfilerData event received.
I/flutter ( 9766): [SPM:perf] 698a51a  buildSpan: 2018µs
I/flutter ( 9766): [spm] Performance monitoring completed for 698a51a
[spm]: ProfilerData event received.
I/flutter ( 9766): [SPM:perf] 698a51a  buildSpan: 2225µs
I/flutter ( 9766): [spm] Performance monitoring completed for 698a51a
[spm]: ProfilerData event received.
I/flutter ( 9766): [SPM:perf] 698a51a  buildSpan: 2029µs
I/flutter ( 9766): [spm] Performance monitoring completed for 698a51a
[spm]: ProfilerData event received.
I/flutter ( 9766): [SPM:perf] 698a51a  buildSpan: 1945µs
I/flutter ( 9766): [spm] Performance monitoring completed for 698a51a
I/flutter ( 9766): [SPM:perf] 698a51a  buildSpan: 2021µs
I/flutter ( 9766): [spm] Performance monitoring completed for 698a51a
[spm]: ProfilerData event received.
[spm]: ProfilerData event received.
I/flutter ( 9766): [SPM:perf] 698a51a  buildSpan: 2007µs
I/flutter ( 9766): [spm] Performance monitoring completed for 698a51a
[spm]: ProfilerData event received.
I/flutter ( 9766): [SPM:perf] 698a51a  buildSpan: 1585µs
I/flutter ( 9766): [spm] Performance monitoring completed for 698a51a
I/flutter ( 9766): [SPM:perf] 698a51a  buildSpan: 1987µs
I/flutter ( 9766): [spm] Performance monitoring completed for 698a51a
[spm]: ProfilerData event received.
[spm]: ProfilerData event received.
I/flutter ( 9766): [SPM:perf] 698a51a  buildSpan: 2480µs
I/flutter ( 9766): [spm] Performance monitoring completed for 698a51a
I/flutter ( 9766): [SPM:perf] 698a51a  buildSpan: 1731µs
I/flutter ( 9766): [spm] Performance monitoring completed for 698a51a
[spm]: ProfilerData event received.
I/flutter ( 9766): [SPM:perf] 698a51a  buildSpan: 2188µs
[spm]: ProfilerData event received.
I/flutter ( 9766): [spm] Performance monitoring completed for 698a51a
[spm]: ProfilerData event received.
I/flutter ( 9766): [SPM:perf] 698a51a  buildSpan: 2206µs
I/flutter ( 9766): [spm] Performance monitoring completed for 698a51a
[spm]: ProfilerData event received.
I/flutter ( 9766): [SPM:perf] 698a51a  buildSpan: 2099µs
I/flutter ( 9766): [spm] Performance monitoring completed for 698a51a
[spm]: ProfilerData event received.
I/flutter ( 9766): [SPM:perf] 698a51a  buildSpan: 2011µs
I/flutter ( 9766): [spm] Performance monitoring completed for 698a51a
I/flutter ( 9766): [SPM:perf] 698a51a  buildSpan: 2041µs
[spm]: ProfilerData event received.
I/flutter ( 9766): [spm] Performance monitoring completed for 698a51a
[spm]: ProfilerData event received.
I/flutter ( 9766): [SPM:perf] 698a51a  buildSpan: 2174µs
I/flutter ( 9766): [spm] Performance monitoring completed for 698a51a
[spm]: ProfilerData event received.
I/flutter ( 9766): [SPM:perf] 698a51a  buildSpan: 2257µs
I/flutter ( 9766): [spm] Performance monitoring completed for 698a51a
[spm]: ProfilerData event received.
I/flutter ( 9766): [SPM:perf] 698a51a  buildSpan: 1977µs
I/flutter ( 9766): [spm] Performance monitoring completed for 698a51a
[spm]: ProfilerData event received.
I/flutter ( 9766): [SPM:perf] 698a51a  buildSpan: 1994µs
I/flutter ( 9766): [spm] Performance monitoring completed for 698a51a
[spm]: ProfilerData event received.
I/flutter ( 9766): [SPM:perf] 698a51a  buildSpan: 2122µs
I/flutter ( 9766): [spm] Performance monitoring completed for 698a51a
I/flutter ( 9766): 01:10 +1: (tearDownAll)
I/flutter ( 9766): 01:11 +2: All tests passed!
All tests passed.
[spm]: Saved 30 profiler events to <ROOT>/dataset-new_samples/2382/redmi9t/raw/20260918-150519/rev_008_3d913995/e9.jsonl
[spm]: Reverting injection...
3 issues found. (ran in 0.5s)
WARNING: Your Android app project: app located at: <ROOT>/android/app/build.gradle.kts
applies the Kotlin Gradle Plugin, which will cause build failures in future versions of Flutter. 
Please migrate your app to Built-in Kotlin using this guide: https://docs.flutter.dev/release/breaking-changes/migrate-to-built-in-kotlin/for-app-developers

VMServiceFlutterDriver: Connecting to Flutter application at http://127.0.0.1:45659/-aHZOSnFRWc=/
[spm]: Detected VM service URI: ws://127.0.0.1:45659/-aHZOSnFRWc=/ws
VMServiceFlutterDriver: Isolate found with number: 1297550414803655
VMServiceFlutterDriver: Isolate 1297550414803655 is runnable.
VMServiceFlutterDriver: Isolate is paused at start.
VMServiceFlutterDriver: Attempting to resume isolate
VMServiceFlutterDriver: Connected to Flutter application.
VMServiceFlutterDriver: request_data message is taking a long time to complete...