# sample_id=0591/rev_005_880d0464 exec_index=1 ok=True perf_lines=30 vm_events=30 battery_pct=57 soc_temp_millic=38300 battery_temp_c=31.8 charging=False preflight_started=2026-09-11T04:54:39.662266+00:00 started=2026-09-11T04:54:42.420338+00:00 ts=2026-09-11T04:56:45.088905+00:00
[spm]: Running flutter analyze...
Analyzing lib...                                                

   info • The part-of directive uses a library name. Try converting the directive to use the URI of the library • lib/dependencies.dart:46:1 • use_string_in_part_of_directives
   info • Redundant initialization to 'null'. Try removing the initializer • lib/dependencies.dart:65:9 • avoid_init_to_null
   info • Constructors in '@immutable' classes should be declared as 'const'. Try adding 'const' to the constructor declaration • lib/dependencies.dart:83:3 • prefer_const_constructors_in_immutables
   info • Constructors in '@immutable' classes should be declared as 'const'. Try adding 'const' to the constructor declaration • lib/dependencies.dart:91:3 • prefer_const_constructors_in_immutables
   info • Library names are not necessary. Remove the library name • lib/generated_widget.dart:2:9 • unnecessary_library_name
   info • Constructors in '@immutable' classes should be declared as 'const'. Try adding 'const' to the constructor declaration • lib/generated_widget.dart:12:3 • prefer_const_constructors_in_immutables

[spm]: Injecting profiler code...
[spm]: Starting app...
Running Gradle task 'assembleProfile'...                        
Running Gradle task 'assembleProfile'...                           20.8s
✓ Built build/app/outputs/flutter-apk/app-profile.apk (26.8MB)
Installing build/app/outputs/flutter-apk/app-profile.apk...      1,247ms
D/DecorView[](17429): getWindowModeFromSystem  windowmode is 1
D/DecorView[](17429): updateDecorCaptionStatus displayWindowDecor is false
W/Looper  (17429): PerfMonitor looperActivity : package=com.example.benchmark_container/.MainActivity time=408ms latency=407ms running=0ms  procState=-1  historyMsgCount=3 (msgIndex=3 wall=392ms seq=3 h=android.app.ActivityThread$H w=110)
W/Looper  (17429): PerfMonitor looperActivity : package=com.example.benchmark_container/.MainActivity time=0ms latency=817ms running=0ms  procState=-1  historyMsgCount=4 (msgIndex=3 wall=392ms seq=3 h=android.app.ActivityThread$H w=110) (msgIndex=4 wall=408ms seq=4 h=android.app.ActivityThread$H w=159)
D/SurfaceView(17429): UPDATE null, mIsCastMode = false
D/hw-ProcessState(17429): Binder ioctl to enable oneway spam detection failed: Invalid argument
W/Looper  (17429): PerfMonitor longMsg : seq=8 plan=07:55:20.726 late=416ms wall=1792ms running=0ms h=android.view.Choreographer$FrameHandler c=android.view.Choreographer$FrameDisplayEventReceiver procState=-1
W/Looper  (17429): PerfMonitor doFrame : time=1792ms vsyncFrame=0 latency=416ms procState=-1 historyMsgCount=4 (msgIndex=1 wall=1792ms seq=8 late=416ms h=android.view.Choreographer$FrameHandler c=android.view.Choreographer$FrameDisplayEventReceiver)
I/Choreographer(17429): Skipped 102 frames!  The application may be doing too much work on its main thread.
D/SurfaceView(17429): UPDATE Surface(name=SurfaceView[com.example.benchmark_container/com.example.benchmark_container.MainActivity])/@0x739554a, mIsProjectionMode = false
W/Looper  (17429): PerfMonitor doFrame : time=3ms vsyncFrame=0 latency=1716ms procState=-1 historyMsgCount=4
[spm]: Connected to Dart VM service.
I/flutter (17429): 00:00 +0: Performance Benchmark
E/hmark_containe(17429): open libmigui.so failed! dlopen - dlopen failed: library "libmigui.so" not found
D/hmark_containe(17429): MiuiProcessManagerServiceStub setSchedFifo
I/MiuiProcessManagerImpl(17429): setSchedFifo pid:17429, mode:3
D/DecorView[](17429): onWindowFocusChanged hasWindowFocus true
D/DecorView[](17429): getWindowModeFromSystem  windowmode is 1
D/DecorView[](17429): updateDecorCaptionStatus displayWindowDecor is false
D/ProfileInstaller(17429): Installing profile for com.example.benchmark_container
[spm]: ProfilerData event received.
I/flutter (17429): [SPM:perf] 698a51a  buildSpan: 12994µs
I/flutter (17429): [spm] Performance monitoring completed for 698a51a
[spm]: ProfilerData event received.
I/flutter (17429): [SPM:perf] 698a51a  buildSpan: 5042µs
I/flutter (17429): [spm] Performance monitoring completed for 698a51a
[spm]: ProfilerData event received.
I/flutter (17429): [SPM:perf] 698a51a  buildSpan: 3521µs
I/flutter (17429): [spm] Performance monitoring completed for 698a51a
[spm]: ProfilerData event received.
I/flutter (17429): [SPM:perf] 698a51a  buildSpan: 4487µs
I/flutter (17429): [spm] Performance monitoring completed for 698a51a
[spm]: ProfilerData event received.
I/flutter (17429): [SPM:perf] 698a51a  buildSpan: 5151µs
I/flutter (17429): [spm] Performance monitoring completed for 698a51a
[spm]: ProfilerData event received.
I/flutter (17429): [SPM:perf] 698a51a  buildSpan: 5104µs
I/flutter (17429): [spm] Performance monitoring completed for 698a51a
[spm]: ProfilerData event received.
I/flutter (17429): [SPM:perf] 698a51a  buildSpan: 4481µs
I/flutter (17429): [spm] Performance monitoring completed for 698a51a
[spm]: ProfilerData event received.
I/flutter (17429): [SPM:perf] 698a51a  buildSpan: 3691µs
I/flutter (17429): [spm] Performance monitoring completed for 698a51a
[spm]: ProfilerData event received.
I/flutter (17429): [SPM:perf] 698a51a  buildSpan: 5045µs
I/flutter (17429): [spm] Performance monitoring completed for 698a51a
I/flutter (17429): [SPM:perf] 698a51a  buildSpan: 4484µs
I/flutter (17429): [spm] Performance monitoring completed for 698a51a
[spm]: ProfilerData event received.
I/flutter (17429): [SPM:perf] 698a51a  buildSpan: 5237µs
I/flutter (17429): [spm] Performance monitoring completed for 698a51a
[spm]: ProfilerData event received.
I/flutter (17429): [SPM:perf] 698a51a  buildSpan: 5069µs
I/flutter (17429): [spm] Performance monitoring completed for 698a51a
[spm]: ProfilerData event received.
[spm]: ProfilerData event received.
I/flutter (17429): [SPM:perf] 698a51a  buildSpan: 5165µs
I/flutter (17429): [spm] Performance monitoring completed for 698a51a
I/flutter (17429): [SPM:perf] 698a51a  buildSpan: 4127µs
I/flutter (17429): [spm] Performance monitoring completed for 698a51a
[spm]: ProfilerData event received.
[spm]: ProfilerData event received.
I/flutter (17429): [SPM:perf] 698a51a  buildSpan: 4980µs
I/flutter (17429): [spm] Performance monitoring completed for 698a51a
[spm]: ProfilerData event received.
I/flutter (17429): [SPM:perf] 698a51a  buildSpan: 5129µs
I/flutter (17429): [spm] Performance monitoring completed for 698a51a
[spm]: ProfilerData event received.
I/flutter (17429): [SPM:perf] 698a51a  buildSpan: 5166µs
I/flutter (17429): [spm] Performance monitoring completed for 698a51a
[spm]: ProfilerData event received.
I/flutter (17429): [SPM:perf] 698a51a  buildSpan: 4859µs
I/flutter (17429): [spm] Performance monitoring completed for 698a51a
[spm]: ProfilerData event received.
I/flutter (17429): [SPM:perf] 698a51a  buildSpan: 4492µs
I/flutter (17429): [spm] Performance monitoring completed for 698a51a
[spm]: ProfilerData event received.
I/flutter (17429): [SPM:perf] 698a51a  buildSpan: 5013µs
I/flutter (17429): [spm] Performance monitoring completed for 698a51a
[spm]: ProfilerData event received.
I/flutter (17429): [SPM:perf] 698a51a  buildSpan: 4169µs
I/flutter (17429): [spm] Performance monitoring completed for 698a51a
I/flutter (17429): [SPM:perf] 698a51a  buildSpan: 4439µs
I/flutter (17429): [spm] Performance monitoring completed for 698a51a
[spm]: ProfilerData event received.
[spm]: ProfilerData event received.
I/flutter (17429): [SPM:perf] 698a51a  buildSpan: 4075µs
I/flutter (17429): [spm] Performance monitoring completed for 698a51a
[spm]: ProfilerData event received.
I/flutter (17429): [SPM:perf] 698a51a  buildSpan: 4407µs
I/flutter (17429): [spm] Performance monitoring completed for 698a51a
[spm]: ProfilerData event received.
I/flutter (17429): [SPM:perf] 698a51a  buildSpan: 5280µs
I/flutter (17429): [spm] Performance monitoring completed for 698a51a
I/flutter (17429): [SPM:perf] 698a51a  buildSpan: 5191µs
I/flutter (17429): [spm] Performance monitoring completed for 698a51a
[spm]: ProfilerData event received.
[spm]: ProfilerData event received.
I/flutter (17429): [SPM:perf] 698a51a  buildSpan: 4997µs
I/flutter (17429): [spm] Performance monitoring completed for 698a51a
[spm]: ProfilerData event received.
I/flutter (17429): [SPM:perf] 698a51a  buildSpan: 4977µs
I/flutter (17429): [spm] Performance monitoring completed for 698a51a
[spm]: ProfilerData event received.
I/flutter (17429): [SPM:perf] 698a51a  buildSpan: 4897µs
I/flutter (17429): [spm] Performance monitoring completed for 698a51a
I/flutter (17429): [SPM:perf] 698a51a  buildSpan: 5031µs
I/flutter (17429): [spm] Performance monitoring completed for 698a51a
[spm]: ProfilerData event received.
I/flutter (17429): 01:10 +1: (tearDownAll)
I/flutter (17429): 01:11 +2: All tests passed!
All tests passed.
[spm]: Saved 30 profiler events to <ROOT>/dataset-new_samples/0591/redmi9t/raw/20260911-074045/rev_005_880d0464/e1.jsonl
[spm]: Reverting injection...
6 issues found. (ran in 0.6s)
WARNING: Your Android app project: app located at: <ROOT>/android/app/build.gradle.kts
applies the Kotlin Gradle Plugin, which will cause build failures in future versions of Flutter. 
Please migrate your app to Built-in Kotlin using this guide: https://docs.flutter.dev/release/breaking-changes/migrate-to-built-in-kotlin/for-app-developers

VMServiceFlutterDriver: Connecting to Flutter application at http://127.0.0.1:42165/h0vJnsC4bRA=/
[spm]: Detected VM service URI: ws://127.0.0.1:42165/h0vJnsC4bRA=/ws
VMServiceFlutterDriver: Isolate found with number: 3458554997420411
VMServiceFlutterDriver: Isolate 3458554997420411 is runnable.
VMServiceFlutterDriver: Isolate is paused at start.
VMServiceFlutterDriver: Attempting to resume isolate
VMServiceFlutterDriver: Connected to Flutter application.
VMServiceFlutterDriver: request_data message is taking a long time to complete...