# sample_id=0591/rev_005_880d0464 exec_index=12 ok=True perf_lines=30 vm_events=30 battery_pct=54 soc_temp_millic=38300 battery_temp_c=31.8 charging=False preflight_started=2026-09-11T05:35:55.278399+00:00 started=2026-09-11T05:35:58.012886+00:00 ts=2026-09-11T05:38:00.366318+00:00
[spm]: Running flutter analyze...
Analyzing lib...                                                

   info • The part-of directive uses a library name. Try converting the directive to use the URI of the library • lib/dependencies.dart:46:1 • use_string_in_part_of_directives
   info • Redundant initialization to 'null'. Try removing the initializer • lib/dependencies.dart:65:9 • avoid_init_to_null
   info • Constructors in '@immutable' classes should be declared as 'const'. Try adding 'const' to the constructor declaration • lib/dependencies.dart:83:3 • prefer_const_constructors_in_immutables
   info • Constructors in '@immutable' classes should be declared as 'const'. Try adding 'const' to the constructor declaration • lib/dependencies.dart:91:3 • prefer_const_constructors_in_immutables
   info • Library names are not necessary. Remove the library name • lib/generated_widget.dart:2:9 • unnecessary_library_name
   info • Constructors in '@immutable' classes should be declared as 'const'. Try adding 'const' to the constructor declaration • lib/generated_widget.dart:12:3 • prefer_const_constructors_in_immutables

[spm]: Injecting profiler code...
[spm]: Starting app...
Running Gradle task 'assembleProfile'...                        
Running Gradle task 'assembleProfile'...                           21.2s
✓ Built build/app/outputs/flutter-apk/app-profile.apk (26.8MB)
Installing build/app/outputs/flutter-apk/app-profile.apk...      1,279ms
D/DecorView[](24722): getWindowModeFromSystem  windowmode is 1
D/DecorView[](24722): updateDecorCaptionStatus displayWindowDecor is false
W/Looper  (24722): PerfMonitor looperActivity : package=com.example.benchmark_container/.MainActivity time=389ms latency=395ms running=0ms  procState=-1  historyMsgCount=3 (msgIndex=3 wall=380ms seq=3 h=android.app.ActivityThread$H w=110)
W/Looper  (24722): PerfMonitor looperActivity : package=com.example.benchmark_container/.MainActivity time=1ms latency=786ms running=0ms  procState=-1  historyMsgCount=4 (msgIndex=3 wall=380ms seq=3 h=android.app.ActivityThread$H w=110) (msgIndex=4 wall=389ms seq=4 h=android.app.ActivityThread$H w=159)
D/SurfaceView(24722): UPDATE null, mIsCastMode = false
D/hw-ProcessState(24722): Binder ioctl to enable oneway spam detection failed: Invalid argument
W/Looper  (24722): PerfMonitor longMsg : seq=8 plan=08:36:36.219 late=394ms wall=1662ms running=0ms h=android.view.Choreographer$FrameHandler c=android.view.Choreographer$FrameDisplayEventReceiver procState=-1
W/Looper  (24722): PerfMonitor doFrame : time=1662ms vsyncFrame=0 latency=394ms procState=-1 historyMsgCount=4 (msgIndex=1 wall=1662ms seq=8 late=394ms h=android.view.Choreographer$FrameHandler c=android.view.Choreographer$FrameDisplayEventReceiver)
I/Choreographer(24722): Skipped 94 frames!  The application may be doing too much work on its main thread.
D/SurfaceView(24722): UPDATE Surface(name=SurfaceView[com.example.benchmark_container/com.example.benchmark_container.MainActivity])/@0x739554a, mIsProjectionMode = false
W/Looper  (24722): PerfMonitor doFrame : time=2ms vsyncFrame=0 latency=1580ms procState=-1 historyMsgCount=4
[spm]: Connected to Dart VM service.
I/flutter (24722): 00:00 +0: Performance Benchmark
E/hmark_containe(24722): open libmigui.so failed! dlopen - dlopen failed: library "libmigui.so" not found
D/hmark_containe(24722): MiuiProcessManagerServiceStub setSchedFifo
I/MiuiProcessManagerImpl(24722): setSchedFifo pid:24722, mode:3
D/DecorView[](24722): onWindowFocusChanged hasWindowFocus true
D/DecorView[](24722): getWindowModeFromSystem  windowmode is 1
D/DecorView[](24722): updateDecorCaptionStatus displayWindowDecor is false
D/ProfileInstaller(24722): Installing profile for com.example.benchmark_container
[spm]: ProfilerData event received.
I/flutter (24722): [SPM:perf] 698a51a  buildSpan: 12205µs
I/flutter (24722): [spm] Performance monitoring completed for 698a51a
I/flutter (24722): [SPM:perf] 698a51a  buildSpan: 4082µs
I/flutter (24722): [spm] Performance monitoring completed for 698a51a
[spm]: ProfilerData event received.
[spm]: ProfilerData event received.
I/flutter (24722): [SPM:perf] 698a51a  buildSpan: 3192µs
I/flutter (24722): [spm] Performance monitoring completed for 698a51a
[spm]: ProfilerData event received.
I/flutter (24722): [SPM:perf] 698a51a  buildSpan: 4321µs
I/flutter (24722): [spm] Performance monitoring completed for 698a51a
[spm]: ProfilerData event received.
I/flutter (24722): [SPM:perf] 698a51a  buildSpan: 5065µs
I/flutter (24722): [spm] Performance monitoring completed for 698a51a
[spm]: ProfilerData event received.
I/flutter (24722): [SPM:perf] 698a51a  buildSpan: 5188µs
I/flutter (24722): [spm] Performance monitoring completed for 698a51a
[spm]: ProfilerData event received.
I/flutter (24722): [SPM:perf] 698a51a  buildSpan: 4884µs
I/flutter (24722): [spm] Performance monitoring completed for 698a51a
[spm]: ProfilerData event received.
I/flutter (24722): [SPM:perf] 698a51a  buildSpan: 4457µs
I/flutter (24722): [spm] Performance monitoring completed for 698a51a
[spm]: ProfilerData event received.
I/flutter (24722): [SPM:perf] 698a51a  buildSpan: 4317µs
I/flutter (24722): [spm] Performance monitoring completed for 698a51a
[spm]: ProfilerData event received.
I/flutter (24722): [SPM:perf] 698a51a  buildSpan: 5229µs
I/flutter (24722): [spm] Performance monitoring completed for 698a51a
I/flutter (24722): [SPM:perf] 698a51a  buildSpan: 5015µs
I/flutter (24722): [spm] Performance monitoring completed for 698a51a
[spm]: ProfilerData event received.
[spm]: ProfilerData event received.
I/flutter (24722): [SPM:perf] 698a51a  buildSpan: 4456µs
I/flutter (24722): [spm] Performance monitoring completed for 698a51a
[spm]: ProfilerData event received.
I/flutter (24722): [SPM:perf] 698a51a  buildSpan: 4190µs
I/flutter (24722): [spm] Performance monitoring completed for 698a51a
[spm]: ProfilerData event received.
I/flutter (24722): [SPM:perf] 698a51a  buildSpan: 4458µs
I/flutter (24722): [spm] Performance monitoring completed for 698a51a
I/flutter (24722): [SPM:perf] 698a51a  buildSpan: 4914µs
I/flutter (24722): [spm] Performance monitoring completed for 698a51a
[spm]: ProfilerData event received.
[spm]: ProfilerData event received.
I/flutter (24722): [SPM:perf] 698a51a  buildSpan: 5137µs
I/flutter (24722): [spm] Performance monitoring completed for 698a51a
[spm]: ProfilerData event received.
I/flutter (24722): [SPM:perf] 698a51a  buildSpan: 4739µs
I/flutter (24722): [spm] Performance monitoring completed for 698a51a
[spm]: ProfilerData event received.
I/flutter (24722): [SPM:perf] 698a51a  buildSpan: 3989µs
I/flutter (24722): [spm] Performance monitoring completed for 698a51a
[spm]: ProfilerData event received.
I/flutter (24722): [SPM:perf] 698a51a  buildSpan: 4068µs
I/flutter (24722): [spm] Performance monitoring completed for 698a51a
[spm]: ProfilerData event received.
I/flutter (24722): [SPM:perf] 698a51a  buildSpan: 3871µs
I/flutter (24722): [spm] Performance monitoring completed for 698a51a
[spm]: ProfilerData event received.
I/flutter (24722): [SPM:perf] 698a51a  buildSpan: 4617µs
I/flutter (24722): [spm] Performance monitoring completed for 698a51a
[spm]: ProfilerData event received.
I/flutter (24722): [SPM:perf] 698a51a  buildSpan: 5094µs
I/flutter (24722): [spm] Performance monitoring completed for 698a51a
[spm]: ProfilerData event received.
I/flutter (24722): [SPM:perf] 698a51a  buildSpan: 3875µs
I/flutter (24722): [spm] Performance monitoring completed for 698a51a
[spm]: ProfilerData event received.
I/flutter (24722): [SPM:perf] 698a51a  buildSpan: 3259µs
I/flutter (24722): [spm] Performance monitoring completed for 698a51a
[spm]: ProfilerData event received.
I/flutter (24722): [SPM:perf] 698a51a  buildSpan: 3764µs
I/flutter (24722): [spm] Performance monitoring completed for 698a51a
[spm]: ProfilerData event received.
I/flutter (24722): [SPM:perf] 698a51a  buildSpan: 3342µs
I/flutter (24722): [spm] Performance monitoring completed for 698a51a
[spm]: ProfilerData event received.
I/flutter (24722): [SPM:perf] 698a51a  buildSpan: 4867µs
I/flutter (24722): [spm] Performance monitoring completed for 698a51a
I/flutter (24722): [SPM:perf] 698a51a  buildSpan: 3845µs
[spm]: ProfilerData event received.
I/flutter (24722): [spm] Performance monitoring completed for 698a51a
[spm]: ProfilerData event received.
I/flutter (24722): [SPM:perf] 698a51a  buildSpan: 5144µs
I/flutter (24722): [spm] Performance monitoring completed for 698a51a
[spm]: ProfilerData event received.
I/flutter (24722): [SPM:perf] 698a51a  buildSpan: 4299µs
I/flutter (24722): [spm] Performance monitoring completed for 698a51a
I/flutter (24722): 01:10 +1: (tearDownAll)
I/flutter (24722): 01:11 +2: All tests passed!
All tests passed.
[spm]: Saved 30 profiler events to <ROOT>/dataset-new_samples/0591/redmi9t/raw/20260911-074045/rev_005_880d0464/e12.jsonl
[spm]: Reverting injection...
6 issues found. (ran in 0.5s)
WARNING: Your Android app project: app located at: <ROOT>/android/app/build.gradle.kts
applies the Kotlin Gradle Plugin, which will cause build failures in future versions of Flutter. 
Please migrate your app to Built-in Kotlin using this guide: https://docs.flutter.dev/release/breaking-changes/migrate-to-built-in-kotlin/for-app-developers

VMServiceFlutterDriver: Connecting to Flutter application at http://127.0.0.1:33037/xDimecSxR4k=/
[spm]: Detected VM service URI: ws://127.0.0.1:33037/xDimecSxR4k=/ws
VMServiceFlutterDriver: Isolate found with number: 8383784484607607
VMServiceFlutterDriver: Isolate 8383784484607607 is runnable.
VMServiceFlutterDriver: Isolate is paused at start.
VMServiceFlutterDriver: Attempting to resume isolate
VMServiceFlutterDriver: Connected to Flutter application.
VMServiceFlutterDriver: request_data message is taking a long time to complete...