# sample_id=0591/rev_005_880d0464 exec_index=14 ok=True perf_lines=30 vm_events=30 battery_pct=56 soc_temp_millic=37700 battery_temp_c=31.8 charging=False preflight_started=2026-09-11T05:12:48.136308+00:00 started=2026-09-11T05:12:50.931986+00:00 ts=2026-09-11T05:14:53.506951+00:00
[spm]: Running flutter analyze...
Analyzing lib...                                                

   info • The part-of directive uses a library name. Try converting the directive to use the URI of the library • lib/dependencies.dart:46:1 • use_string_in_part_of_directives
   info • Redundant initialization to 'null'. Try removing the initializer • lib/dependencies.dart:65:9 • avoid_init_to_null
   info • Constructors in '@immutable' classes should be declared as 'const'. Try adding 'const' to the constructor declaration • lib/dependencies.dart:83:3 • prefer_const_constructors_in_immutables
   info • Constructors in '@immutable' classes should be declared as 'const'. Try adding 'const' to the constructor declaration • lib/dependencies.dart:91:3 • prefer_const_constructors_in_immutables
   info • Library names are not necessary. Remove the library name • lib/generated_widget.dart:2:9 • unnecessary_library_name
   info • Constructors in '@immutable' classes should be declared as 'const'. Try adding 'const' to the constructor declaration • lib/generated_widget.dart:12:3 • prefer_const_constructors_in_immutables

[spm]: Injecting profiler code...
[spm]: Starting app...
Running Gradle task 'assembleProfile'...                        
Running Gradle task 'assembleProfile'...                           21.2s
✓ Built build/app/outputs/flutter-apk/app-profile.apk (26.8MB)
Installing build/app/outputs/flutter-apk/app-profile.apk...      1,297ms
E/MiuiMultiWindowUtils(10238): initFreeFormResolutionArgs failed, device is lime
D/IS_CTS_MODE(10238): true
D/MULTI_WINDOW_SWITCH_ENABLED(10238): false
D/IS_CTS_MODE(10238): true
D/MULTI_WINDOW_SWITCH_ENABLED(10238): false
D/IS_CTS_MODE(10238): true
D/MULTI_WINDOW_SWITCH_ENABLED(10238): false
D/DecorView[](10238): getWindowModeFromSystem  windowmode is 1
D/DecorView[](10238): getWindowModeFromSystem  windowmode is 1
D/DecorView[](10238): updateDecorCaptionStatus displayWindowDecor is false
W/Looper  (10238): PerfMonitor looperActivity : package=com.example.benchmark_container/.MainActivity time=339ms latency=355ms running=0ms  procState=-1  historyMsgCount=3 (msgIndex=3 wall=348ms seq=3 h=android.app.ActivityThread$H w=110)
W/Looper  (10238): PerfMonitor looperActivity : package=com.example.benchmark_container/.MainActivity time=0ms latency=696ms running=0ms  procState=-1  historyMsgCount=4 (msgIndex=3 wall=348ms seq=3 h=android.app.ActivityThread$H w=110) (msgIndex=4 wall=339ms seq=4 h=android.app.ActivityThread$H w=159)
D/SurfaceView(10238): UPDATE null, mIsCastMode = false
D/hw-ProcessState(10238): Binder ioctl to enable oneway spam detection failed: Invalid argument
W/Looper  (10238): PerfMonitor longMsg : seq=8 plan=08:13:29.441 late=337ms wall=1660ms running=0ms h=android.view.Choreographer$FrameHandler c=android.view.Choreographer$FrameDisplayEventReceiver procState=-1
W/Looper  (10238): PerfMonitor doFrame : time=1660ms vsyncFrame=0 latency=337ms procState=-1 historyMsgCount=4 (msgIndex=1 wall=1660ms seq=8 late=337ms h=android.view.Choreographer$FrameHandler c=android.view.Choreographer$FrameDisplayEventReceiver)
I/Choreographer(10238): Skipped 94 frames!  The application may be doing too much work on its main thread.
D/SurfaceView(10238): UPDATE Surface(name=SurfaceView[com.example.benchmark_container/com.example.benchmark_container.MainActivity])/@0x739554a, mIsProjectionMode = false
W/Looper  (10238): PerfMonitor doFrame : time=2ms vsyncFrame=0 latency=1573ms procState=-1 historyMsgCount=4
[spm]: Connected to Dart VM service.
I/flutter (10238): 00:00 +0: Performance Benchmark
E/hmark_containe(10238): open libmigui.so failed! dlopen - dlopen failed: library "libmigui.so" not found
D/hmark_containe(10238): MiuiProcessManagerServiceStub setSchedFifo
I/MiuiProcessManagerImpl(10238): setSchedFifo pid:10238, mode:3
D/DecorView[](10238): onWindowFocusChanged hasWindowFocus true
D/DecorView[](10238): getWindowModeFromSystem  windowmode is 1
D/DecorView[](10238): updateDecorCaptionStatus displayWindowDecor is false
D/ProfileInstaller(10238): Installing profile for com.example.benchmark_container
[spm]: ProfilerData event received.
I/flutter (10238): [SPM:perf] 698a51a  buildSpan: 11001µs
I/flutter (10238): [spm] Performance monitoring completed for 698a51a
[spm]: ProfilerData event received.
I/flutter (10238): [SPM:perf] 698a51a  buildSpan: 4291µs
I/flutter (10238): [spm] Performance monitoring completed for 698a51a
I/flutter (10238): [SPM:perf] 698a51a  buildSpan: 3642µs
I/flutter (10238): [spm] Performance monitoring completed for 698a51a
[spm]: ProfilerData event received.
[spm]: ProfilerData event received.
I/flutter (10238): [SPM:perf] 698a51a  buildSpan: 5147µs
I/flutter (10238): [spm] Performance monitoring completed for 698a51a
[spm]: ProfilerData event received.
I/flutter (10238): [SPM:perf] 698a51a  buildSpan: 4950µs
I/flutter (10238): [spm] Performance monitoring completed for 698a51a
[spm]: ProfilerData event received.
I/flutter (10238): [SPM:perf] 698a51a  buildSpan: 3621µs
I/flutter (10238): [spm] Performance monitoring completed for 698a51a
I/flutter (10238): [SPM:perf] 698a51a  buildSpan: 5006µs
I/flutter (10238): [spm] Performance monitoring completed for 698a51a
[spm]: ProfilerData event received.
[spm]: ProfilerData event received.
I/flutter (10238): [SPM:perf] 698a51a  buildSpan: 5315µs
I/flutter (10238): [spm] Performance monitoring completed for 698a51a
I/flutter (10238): [SPM:perf] 698a51a  buildSpan: 3533µs
I/flutter (10238): [spm] Performance monitoring completed for 698a51a
[spm]: ProfilerData event received.
[spm]: ProfilerData event received.
I/flutter (10238): [SPM:perf] 698a51a  buildSpan: 5204µs
I/flutter (10238): [spm] Performance monitoring completed for 698a51a
[spm]: ProfilerData event received.
I/flutter (10238): [SPM:perf] 698a51a  buildSpan: 5150µs
I/flutter (10238): [spm] Performance monitoring completed for 698a51a
I/flutter (10238): [SPM:perf] 698a51a  buildSpan: 4965µs
I/flutter (10238): [spm] Performance monitoring completed for 698a51a
[spm]: ProfilerData event received.
[spm]: ProfilerData event received.
I/flutter (10238): [SPM:perf] 698a51a  buildSpan: 5114µs
I/flutter (10238): [spm] Performance monitoring completed for 698a51a
[spm]: ProfilerData event received.
I/flutter (10238): [SPM:perf] 698a51a  buildSpan: 3746µs
I/flutter (10238): [spm] Performance monitoring completed for 698a51a
[spm]: ProfilerData event received.
I/flutter (10238): [SPM:perf] 698a51a  buildSpan: 4928µs
I/flutter (10238): [spm] Performance monitoring completed for 698a51a
I/flutter (10238): [SPM:perf] 698a51a  buildSpan: 5239µs
I/flutter (10238): [spm] Performance monitoring completed for 698a51a
[spm]: ProfilerData event received.
[spm]: ProfilerData event received.
I/flutter (10238): [SPM:perf] 698a51a  buildSpan: 5442µs
I/flutter (10238): [spm] Performance monitoring completed for 698a51a
[spm]: ProfilerData event received.
I/flutter (10238): [SPM:perf] 698a51a  buildSpan: 5032µs
I/flutter (10238): [spm] Performance monitoring completed for 698a51a
[spm]: ProfilerData event received.
I/flutter (10238): [SPM:perf] 698a51a  buildSpan: 3771µs
I/flutter (10238): [spm] Performance monitoring completed for 698a51a
I/flutter (10238): [SPM:perf] 698a51a  buildSpan: 5228µs
I/flutter (10238): [spm] Performance monitoring completed for 698a51a
[spm]: ProfilerData event received.
[spm]: ProfilerData event received.
I/flutter (10238): [SPM:perf] 698a51a  buildSpan: 4472µs
I/flutter (10238): [spm] Performance monitoring completed for 698a51a
[spm]: ProfilerData event received.
I/flutter (10238): [SPM:perf] 698a51a  buildSpan: 5217µs
I/flutter (10238): [spm] Performance monitoring completed for 698a51a
I/flutter (10238): [SPM:perf] 698a51a  buildSpan: 4861µs
I/flutter (10238): [spm] Performance monitoring completed for 698a51a
[spm]: ProfilerData event received.
[spm]: ProfilerData event received.
I/flutter (10238): [SPM:perf] 698a51a  buildSpan: 5176µs
I/flutter (10238): [spm] Performance monitoring completed for 698a51a
I/flutter (10238): [SPM:perf] 698a51a  buildSpan: 3838µs
I/flutter (10238): [spm] Performance monitoring completed for 698a51a
[spm]: ProfilerData event received.
[spm]: ProfilerData event received.
I/flutter (10238): [SPM:perf] 698a51a  buildSpan: 5217µs
I/flutter (10238): [spm] Performance monitoring completed for 698a51a
I/flutter (10238): [SPM:perf] 698a51a  buildSpan: 5045µs
I/flutter (10238): [spm] Performance monitoring completed for 698a51a
[spm]: ProfilerData event received.
[spm]: ProfilerData event received.
I/flutter (10238): [SPM:perf] 698a51a  buildSpan: 4957µs
I/flutter (10238): [spm] Performance monitoring completed for 698a51a
[spm]: ProfilerData event received.
I/flutter (10238): [SPM:perf] 698a51a  buildSpan: 4978µs
I/flutter (10238): [spm] Performance monitoring completed for 698a51a
[spm]: ProfilerData event received.
I/flutter (10238): [SPM:perf] 698a51a  buildSpan: 4143µs
I/flutter (10238): [spm] Performance monitoring completed for 698a51a
I/flutter (10238): 01:10 +1: (tearDownAll)
I/flutter (10238): 01:11 +2: All tests passed!
All tests passed.
[spm]: Saved 30 profiler events to <ROOT>/dataset-new_samples/0591/redmi9t/raw/20260911-074045/rev_005_880d0464/e14.jsonl
[spm]: Reverting injection...
6 issues found. (ran in 0.6s)
WARNING: Your Android app project: app located at: <ROOT>/android/app/build.gradle.kts
applies the Kotlin Gradle Plugin, which will cause build failures in future versions of Flutter. 
Please migrate your app to Built-in Kotlin using this guide: https://docs.flutter.dev/release/breaking-changes/migrate-to-built-in-kotlin/for-app-developers

VMServiceFlutterDriver: Connecting to Flutter application at http://127.0.0.1:45063/BhYGhORnEGo=/
[spm]: Detected VM service URI: ws://127.0.0.1:45063/BhYGhORnEGo=/ws
VMServiceFlutterDriver: Isolate found with number: 3250607007361767
VMServiceFlutterDriver: Isolate 3250607007361767 is runnable.
VMServiceFlutterDriver: Isolate is paused at start.
VMServiceFlutterDriver: Attempting to resume isolate
VMServiceFlutterDriver: Connected to Flutter application.
VMServiceFlutterDriver: request_data message is taking a long time to complete...