# sample_id=0591/rev_005_880d0464 exec_index=6 ok=True perf_lines=30 vm_events=30 battery_pct=56 soc_temp_millic=37400 battery_temp_c=31.8 charging=False preflight_started=2026-09-11T05:08:37.370951+00:00 started=2026-09-11T05:08:40.126993+00:00 ts=2026-09-11T05:10:42.516438+00:00
[spm]: Running flutter analyze...
Analyzing lib...                                                

   info • The part-of directive uses a library name. Try converting the directive to use the URI of the library • lib/dependencies.dart:46:1 • use_string_in_part_of_directives
   info • Redundant initialization to 'null'. Try removing the initializer • lib/dependencies.dart:65:9 • avoid_init_to_null
   info • Constructors in '@immutable' classes should be declared as 'const'. Try adding 'const' to the constructor declaration • lib/dependencies.dart:83:3 • prefer_const_constructors_in_immutables
   info • Constructors in '@immutable' classes should be declared as 'const'. Try adding 'const' to the constructor declaration • lib/dependencies.dart:91:3 • prefer_const_constructors_in_immutables
   info • Library names are not necessary. Remove the library name • lib/generated_widget.dart:2:9 • unnecessary_library_name
   info • Constructors in '@immutable' classes should be declared as 'const'. Try adding 'const' to the constructor declaration • lib/generated_widget.dart:12:3 • prefer_const_constructors_in_immutables

[spm]: Injecting profiler code...
[spm]: Starting app...
Running Gradle task 'assembleProfile'...                        
Running Gradle task 'assembleProfile'...                           21.0s
✓ Built build/app/outputs/flutter-apk/app-profile.apk (26.8MB)
Installing build/app/outputs/flutter-apk/app-profile.apk...      1,251ms
D/MiuiMultiWindowUtils(26303): freeform resolution args raw data:{  "zizhan":{    "freeform_args": {      "inner":{        "vertical_portrait":{"aspect_ratio":0.626, "original_ratio":0.5643,"original_scale":0.74,"top_margin":0.168,"left_margin":0.484},        "horizontal_portrait":{"aspect_ratio":0.626, "original_ratio":0.5643,"original_scale":0.74,"top_margin":0.1222,"left_margin":0.59745},        "vertical_landscape":{"aspect_ratio":1.6, "original_ratio":1,"original_scale":0.604,"top_margin":0.2596,"left_margin":0.2624},        "horizontal_landscape":{"aspect_ratio":1.6, "original_ratio":1,"original_scale":0.604,"top_margin":0.213,"left_margin":0.3758}      },      "outer":{        "vertical_portrait":{"aspect_ratio":0.626, "original_ratio":1,"original_scale":0.74,"top_margin":0.0753,"left_margin":-1},        "horizontal_portrait":{"aspect_ratio":0.626, "original_ratio":1,"original_scale":0.5756,"top_margin":-1,"left_margin":0.0753},        "vertical_landscape":{"aspect_ratio":1.6, "original_ratio":0.6847,"original_scale":0.587,"top_margin":0.0753,"left_margin":-1},        "horizontal_landscape":{"aspect_ratio":1.6, "original_ratio":0.6847,"original_scale":0.587,"top_margin":-1,"left_margin":0.0753}}    },    "mini_freeform_args":{      "inner":{        "vertical_portrait":{"aspect_ratio":0.626, "original_ratio":0.147},        "horizontal_portrait":{"aspect_ratio":0.626, "original_ratio":0.147},        "vertical_landscape":{"aspect_ratio":1.6, "original_ratio":0.165},        "horizontal_landscape":{"aspect_ratio":1.6, "original_ratio":0.165}      },      "outer":{        "vertical_portrait":{"aspect_ratio":0.626, "original_ratio":0.26},        "horizontal_portrait":{"aspect_ratio":0.626, "original_ratio":0.26},        "vertical_landscape":{"aspect_ratio":1.6, "original_ratio":0.293},        "horizontal_landscape":{"aspect_ratio":1.6, "original_ratio":0.293}}    }  },  "wide_default":{    "freeform_args": {        "vertical_portrait":{"aspect_ratio":0.625, "original_ratio":0.5806,"original_scale":0.7574,"top_margin":0.125,"left_margin":0.392},        "horizontal_portrait":{"aspect_ratio":0.625, "original_ratio":0.5806,"original_scale":0.7574,"top_margin":-1,"left_margin":0.6415},        "vertical_landscape":{"aspect_ratio":1.6, "original_ratio":1,"original_scale":0.5153,"top_margin":0.125,"left_margin":0.206},        "horizontal_landscape":{"aspect_ratio":1.6, "original_ratio":1,"original_scale":0.5153,"top_margin":-1,"left_margin":0.456}    },    "mini_freeform_args":{        "vertical_portrait":{"aspect_ratio":0.5625, "original_ratio":0.144},        "horizontal_portrait":{"aspect_ratio":0.5625, "original_ratio":0.144},        "vertical_landscape":{"aspect_ratio":-1, "original_ratio":0.144},        "horizontal_landscape":{"aspect_ratio":-1, "original_ratio":0.144}    }  },  "narrow_default": {    "freeform_args": {        "vertical_portrait":{"aspect_ratio":0.5625, "original_ratio":1,"original_scale":0.7182,"top_margin":0.142,"left_margin":-1},        "horizontal_portrait":{"aspect_ratio":0.8, "original_ratio":1,"original_scale":0.7182,"top_margin":-1,"left_margin":0.05},        "vertical_landscape":{"aspect_ratio":1.6, "original_ratio":0.6545,"original_scale":0.4473,"top_margin":0.142,"left_margin":-1},        "horizontal_landscape":{"aspect_ratio":1.6, "original_ratio":0.6545,"original_scale":0.4473,"top_margin":-1,"left_margin":0.05}    },    "mini_freeform_args":{        "vertical_portrait":{"aspect_ratio":0.5625, "original_ratio":0.3},        "horizontal_portrait":{"aspect_ratio":0.5625, "original_ratio":0.3},        "vertical_landscape":{"aspect_ratio":1.7778, "original_ratio":0.3},        "horizontal_landscape":{"aspect_ratio":1.7778, "original_ratio":0.3}    }  },  "regular_default": {    "freeform_args": {      "vertical_portrait":{"aspect_ratio":0.625, "original_ratio":1,"original_scale":0.7,"top_margin":0.109,"left_margin":-1},      "horizontal_portrait":{"aspect_ratio":0.6667, "original_ratio":1,"original_scale":0.6102,"top_margin":-1,"left_margin":0.026},      "vertical_landscape":{"asp
E/MiuiMultiWindowUtils(26303): initFreeFormResolutionArgs failed, device is lime
D/IS_CTS_MODE(26303): true
D/MULTI_WINDOW_SWITCH_ENABLED(26303): false
D/IS_CTS_MODE(26303): true
D/MULTI_WINDOW_SWITCH_ENABLED(26303): false
D/IS_CTS_MODE(26303): true
D/MULTI_WINDOW_SWITCH_ENABLED(26303): false
D/DecorView[](26303): getWindowModeFromSystem  windowmode is 1
D/DecorView[](26303): getWindowModeFromSystem  windowmode is 1
D/DecorView[](26303): updateDecorCaptionStatus displayWindowDecor is false
W/Looper  (26303): PerfMonitor looperActivity : package=com.example.benchmark_container/.MainActivity time=370ms latency=375ms running=0ms  procState=-1  historyMsgCount=3 (msgIndex=3 wall=362ms seq=3 h=android.app.ActivityThread$H w=110)
W/Looper  (26303): PerfMonitor looperActivity : package=com.example.benchmark_container/.MainActivity time=0ms latency=749ms running=0ms  procState=-1  historyMsgCount=4 (msgIndex=3 wall=362ms seq=3 h=android.app.ActivityThread$H w=110) (msgIndex=4 wall=370ms seq=4 h=android.app.ActivityThread$H w=159)
D/SurfaceView(26303): UPDATE null, mIsCastMode = false
D/hw-ProcessState(26303): Binder ioctl to enable oneway spam detection failed: Invalid argument
W/Looper  (26303): PerfMonitor longMsg : seq=8 plan=08:09:18.321 late=372ms wall=1679ms running=0ms h=android.view.Choreographer$FrameHandler c=android.view.Choreographer$FrameDisplayEventReceiver procState=-1
W/Looper  (26303): PerfMonitor doFrame : time=1679ms vsyncFrame=0 latency=372ms procState=-1 historyMsgCount=4 (msgIndex=1 wall=1679ms seq=8 late=372ms h=android.view.Choreographer$FrameHandler c=android.view.Choreographer$FrameDisplayEventReceiver)
I/Choreographer(26303): Skipped 95 frames!  The application may be doing too much work on its main thread.
D/SurfaceView(26303): UPDATE Surface(name=SurfaceView[com.example.benchmark_container/com.example.benchmark_container.MainActivity])/@0x739554a, mIsProjectionMode = false
W/Looper  (26303): PerfMonitor doFrame : time=3ms vsyncFrame=0 latency=1590ms procState=-1 historyMsgCount=4
[spm]: Connected to Dart VM service.
I/flutter (26303): 00:00 +0: Performance Benchmark
E/hmark_containe(26303): open libmigui.so failed! dlopen - dlopen failed: library "libmigui.so" not found
D/hmark_containe(26303): MiuiProcessManagerServiceStub setSchedFifo
I/MiuiProcessManagerImpl(26303): setSchedFifo pid:26303, mode:3
D/DecorView[](26303): onWindowFocusChanged hasWindowFocus true
D/DecorView[](26303): getWindowModeFromSystem  windowmode is 1
D/DecorView[](26303): updateDecorCaptionStatus displayWindowDecor is false
D/ProfileInstaller(26303): Installing profile for com.example.benchmark_container
[spm]: ProfilerData event received.
I/flutter (26303): [SPM:perf] 698a51a  buildSpan: 11121µs
I/flutter (26303): [spm] Performance monitoring completed for 698a51a
[spm]: ProfilerData event received.
I/flutter (26303): [SPM:perf] 698a51a  buildSpan: 4009µs
I/flutter (26303): [spm] Performance monitoring completed for 698a51a
[spm]: ProfilerData event received.
I/flutter (26303): [SPM:perf] 698a51a  buildSpan: 4983µs
I/flutter (26303): [spm] Performance monitoring completed for 698a51a
[spm]: ProfilerData event received.
I/flutter (26303): [SPM:perf] 698a51a  buildSpan: 4982µs
I/flutter (26303): [spm] Performance monitoring completed for 698a51a
I/flutter (26303): [SPM:perf] 698a51a  buildSpan: 3932µs
I/flutter (26303): [spm] Performance monitoring completed for 698a51a
[spm]: ProfilerData event received.
[spm]: ProfilerData event received.
I/flutter (26303): [SPM:perf] 698a51a  buildSpan: 5048µs
I/flutter (26303): [spm] Performance monitoring completed for 698a51a
[spm]: ProfilerData event received.
I/flutter (26303): [SPM:perf] 698a51a  buildSpan: 4041µs
I/flutter (26303): [spm] Performance monitoring completed for 698a51a
[spm]: ProfilerData event received.
I/flutter (26303): [SPM:perf] 698a51a  buildSpan: 4866µs
I/flutter (26303): [spm] Performance monitoring completed for 698a51a
[spm]: ProfilerData event received.
I/flutter (26303): [SPM:perf] 698a51a  buildSpan: 4979µs
I/flutter (26303): [spm] Performance monitoring completed for 698a51a
I/flutter (26303): [SPM:perf] 698a51a  buildSpan: 4172µs
I/flutter (26303): [spm] Performance monitoring completed for 698a51a
[spm]: ProfilerData event received.
[spm]: ProfilerData event received.
I/flutter (26303): [SPM:perf] 698a51a  buildSpan: 5029µs
I/flutter (26303): [spm] Performance monitoring completed for 698a51a
I/flutter (26303): [SPM:perf] 698a51a  buildSpan: 4291µs
[spm]: ProfilerData event received.
I/flutter (26303): [spm] Performance monitoring completed for 698a51a
[spm]: ProfilerData event received.
I/flutter (26303): [SPM:perf] 698a51a  buildSpan: 5095µs
I/flutter (26303): [spm] Performance monitoring completed for 698a51a
[spm]: ProfilerData event received.
I/flutter (26303): [SPM:perf] 698a51a  buildSpan: 5069µs
I/flutter (26303): [spm] Performance monitoring completed for 698a51a
[spm]: ProfilerData event received.
I/flutter (26303): [SPM:perf] 698a51a  buildSpan: 4783µs
I/flutter (26303): [spm] Performance monitoring completed for 698a51a
[spm]: ProfilerData event received.
I/flutter (26303): [SPM:perf] 698a51a  buildSpan: 4044µs
I/flutter (26303): [spm] Performance monitoring completed for 698a51a
I/flutter (26303): [SPM:perf] 698a51a  buildSpan: 5178µs
[spm]: ProfilerData event received.
I/flutter (26303): [spm] Performance monitoring completed for 698a51a
[spm]: ProfilerData event received.
I/flutter (26303): [SPM:perf] 698a51a  buildSpan: 4368µs
I/flutter (26303): [spm] Performance monitoring completed for 698a51a
[spm]: ProfilerData event received.
I/flutter (26303): [SPM:perf] 698a51a  buildSpan: 5198µs
I/flutter (26303): [spm] Performance monitoring completed for 698a51a
[spm]: ProfilerData event received.
I/flutter (26303): [SPM:perf] 698a51a  buildSpan: 3848µs
I/flutter (26303): [spm] Performance monitoring completed for 698a51a
[spm]: ProfilerData event received.
I/flutter (26303): [SPM:perf] 698a51a  buildSpan: 3952µs
I/flutter (26303): [spm] Performance monitoring completed for 698a51a
[spm]: ProfilerData event received.
I/flutter (26303): [SPM:perf] 698a51a  buildSpan: 5244µs
I/flutter (26303): [spm] Performance monitoring completed for 698a51a
[spm]: ProfilerData event received.
I/flutter (26303): [SPM:perf] 698a51a  buildSpan: 3482µs
I/flutter (26303): [spm] Performance monitoring completed for 698a51a
I/flutter (26303): [SPM:perf] 698a51a  buildSpan: 5060µs
I/flutter (26303): [spm] Performance monitoring completed for 698a51a
[spm]: ProfilerData event received.
[spm]: ProfilerData event received.
I/flutter (26303): [SPM:perf] 698a51a  buildSpan: 4596µs
I/flutter (26303): [spm] Performance monitoring completed for 698a51a
[spm]: ProfilerData event received.
I/flutter (26303): [SPM:perf] 698a51a  buildSpan: 4990µs
I/flutter (26303): [spm] Performance monitoring completed for 698a51a
I/flutter (26303): [SPM:perf] 698a51a  buildSpan: 4420µs
I/flutter (26303): [spm] Performance monitoring completed for 698a51a
[spm]: ProfilerData event received.
[spm]: ProfilerData event received.
I/flutter (26303): [SPM:perf] 698a51a  buildSpan: 4188µs
I/flutter (26303): [spm] Performance monitoring completed for 698a51a
[spm]: ProfilerData event received.
I/flutter (26303): [SPM:perf] 698a51a  buildSpan: 5004µs
I/flutter (26303): [spm] Performance monitoring completed for 698a51a
[spm]: ProfilerData event received.
I/flutter (26303): [SPM:perf] 698a51a  buildSpan: 3813µs
I/flutter (26303): [spm] Performance monitoring completed for 698a51a
I/flutter (26303): 01:10 +1: (tearDownAll)
I/flutter (26303): 01:11 +2: All tests passed!
All tests passed.
[spm]: Saved 30 profiler events to <ROOT>/dataset-new_samples/0591/redmi9t/raw/20260911-074045/rev_005_880d0464/e6.jsonl
[spm]: Reverting injection...
6 issues found. (ran in 0.5s)
WARNING: Your Android app project: app located at: <ROOT>/android/app/build.gradle.kts
applies the Kotlin Gradle Plugin, which will cause build failures in future versions of Flutter. 
Please migrate your app to Built-in Kotlin using this guide: https://docs.flutter.dev/release/breaking-changes/migrate-to-built-in-kotlin/for-app-developers

VMServiceFlutterDriver: Connecting to Flutter application at http://127.0.0.1:38785/Xm5QMqhPVZY=/
[spm]: Detected VM service URI: ws://127.0.0.1:38785/Xm5QMqhPVZY=/ws
VMServiceFlutterDriver: Isolate found with number: 6959764900178303
VMServiceFlutterDriver: Isolate 6959764900178303 is runnable.
VMServiceFlutterDriver: Isolate is paused at start.
VMServiceFlutterDriver: Attempting to resume isolate
VMServiceFlutterDriver: Connected to Flutter application.
VMServiceFlutterDriver: request_data message is taking a long time to complete...