# sample_id=2052/rev_005_facfde4c exec_index=4 ok=True perf_lines=30 vm_events=30 battery_pct=82 soc_temp_millic=45400 battery_temp_c=34.2 charging=False preflight_started=2026-09-12T13:34:21.197057+00:00 started=2026-09-12T13:34:23.830819+00:00 ts=2026-09-12T13:36:11.354875+00:00
[spm]: Running flutter analyze...
Resolving dependencies...
Downloading packages...
  _fe_analyzer_shared 100.0.0 (108.0.0 available)
  analyzer 13.0.0 (14.4.0 available)
  async 2.13.0 (2.13.1 available)
  clock 1.1.2 (1.1.3 available)
  cupertino_icons 1.0.8 (1.0.9 available)
  glob 2.1.3 (2.2.0 available)
  lints 6.0.0 (6.1.0 available)
  matcher 0.12.19 (0.12.20 available)
  material_color_utilities 0.13.0 (0.13.1 available)
  meta 1.18.0 (1.19.0 available)
  package_config 2.2.0 (3.0.0 available)
  platform 3.1.6 (3.2.0 available)
  process 5.0.5 (5.0.6 available)
  pub_semver 2.2.0 (2.2.1 available)
  source_span 1.10.1 (1.10.2 available)
  stack_trace 1.12.1 (1.12.2 available)
  test_api 0.7.11 (0.7.14 available)
  vector_math 2.2.0 (2.4.2 available)
  vm_service 15.0.2 (15.3.0 available)
  webdriver 3.1.0 (3.2.0 available)
  yaml 3.1.3 (3.1.4 available)
Got dependencies!
21 packages have newer versions incompatible with dependency constraints.
Try `flutter pub outdated` for more information.
Analyzing lib...                                                

   info • The part-of directive uses a library name. Try converting the directive to use the URI of the library • lib/dependencies.dart:46:1 • use_string_in_part_of_directives
   info • The type parameter name 'State' matches a visible type name. Try changing the type parameter name to not match an existing type • lib/dependencies.dart:183:19 • avoid_types_as_parameter_names
   info • Library names are not necessary. Remove the library name • lib/generated_widget.dart:2:9 • unnecessary_library_name
   info • Constructors in '@immutable' classes should be declared as 'const'. Try adding 'const' to the constructor declaration • lib/generated_widget.dart:11:3 • prefer_const_constructors_in_immutables
warning • The value of the local variable 'ctrl' isn't used. Try removing the variable or using it • lib/generated_widget.dart:29:11 • unused_local_variable

[spm]: Injecting profiler code...
[spm]: Starting app...
Running Gradle task 'assembleProfile'...                        
Running Gradle task 'assembleProfile'...                            3.2s
✓ Built build/app/outputs/flutter-apk/app-profile.apk (26.8MB)
Installing build/app/outputs/flutter-apk/app-profile.apk...      1,220ms
I/ForceDarkHelperStubImpl(13005): setViewRootImplForceDark: false for com.example.benchmark_container.MainActivity@e6f428d, reason: AppDarkModeEnable
I/ForceDarkHelperStubImpl(13005): setViewRootImplForceDark: false for com.example.benchmark_container.MainActivity@e6f428d, reason: AppDarkModeEnable
D/DecorView[](13005): getWindowModeFromSystem  windowmode is 1
D/DecorView[](13005): updateDecorCaptionStatus displayWindowDecor is false
W/Looper  (13005): PerfMonitor looperActivity : package=com.example.benchmark_container/.MainActivity time=445ms latency=385ms running=0ms  procState=-1  historyMsgCount=3 (msgIndex=1 wall=445ms seq=4 late=385ms h=android.app.ActivityThread$H w=159) (msgIndex=2 wall=445ms seq=4 late=385ms h=android.app.ActivityThread$H w=159) (msgIndex=3 wall=391ms seq=3 h=android.app.ActivityThread$H w=110)
W/Looper  (13005): PerfMonitor looperActivity : package=com.example.benchmark_container/.MainActivity time=1ms latency=832ms running=0ms  procState=-1  historyMsgCount=4 (msgIndex=1 wall=445ms seq=4 late=385ms h=android.app.ActivityThread$H w=159) (msgIndex=2 wall=445ms seq=4 late=385ms h=android.app.ActivityThread$H w=159) (msgIndex=3 wall=391ms seq=3 h=android.app.ActivityThread$H w=110) (msgIndex=4 wall=445ms seq=4 late=385ms h=android.app.ActivityThread$H w=159)
D/SurfaceView(13005): UPDATE null, mIsCastMode = false
D/hw-ProcessState(13005): Binder ioctl to enable oneway spam detection failed: Invalid argument
W/Looper  (13005): PerfMonitor longMsg : seq=8 plan=16:34:43.435 late=455ms wall=1761ms running=0ms h=android.view.Choreographer$FrameHandler c=android.view.Choreographer$FrameDisplayEventReceiver procState=-1
W/Looper  (13005): PerfMonitor doFrame : time=1761ms vsyncFrame=0 latency=455ms procState=-1 historyMsgCount=7 (msgIndex=1 wall=445ms seq=4 h=android.app.ActivityThread$H w=159) (msgIndex=2 wall=445ms seq=4 h=android.app.ActivityThread$H w=159) (msgIndex=3 wall=1761ms seq=8 late=455ms h=android.view.Choreographer$FrameHandler c=android.view.Choreographer$FrameDisplayEventReceiver) (msgIndex=4 wall=445ms seq=4 h=android.app.ActivityThread$H w=159)
I/Choreographer(13005): Skipped 99 frames!  The application may be doing too much work on its main thread.
D/SurfaceView(13005): UPDATE Surface(name=SurfaceView[com.example.benchmark_container/com.example.benchmark_container.MainActivity])/@0xca20cbb, mIsProjectionMode = false
W/Looper  (13005): PerfMonitor doFrame : time=3ms vsyncFrame=0 latency=1655ms procState=-1 historyMsgCount=4
[spm]: Connected to Dart VM service.
I/flutter (13005): 00:00 +0: Performance Benchmark
E/hmark_containe(13005): open libmigui.so failed! dlopen - dlopen failed: library "libmigui.so" not found
D/hmark_containe(13005): MiuiProcessManagerServiceStub setSchedFifo
I/MiuiProcessManagerImpl(13005): setSchedFifo pid:13005, mode:3
D/DecorView[](13005): onWindowFocusChanged hasWindowFocus true
D/DecorView[](13005): getWindowModeFromSystem  windowmode is 1
D/DecorView[](13005): updateDecorCaptionStatus displayWindowDecor is false
D/ProfileInstaller(13005): Installing profile for com.example.benchmark_container
I/flutter (13005): [SPM:perf] 698a51a  buildSpan: 1478µs
[spm]: ProfilerData event received.
I/flutter (13005): [spm] Performance monitoring completed for 698a51a
[spm]: ProfilerData event received.
I/flutter (13005): [SPM:perf] 698a51a  buildSpan: 832µs
I/flutter (13005): [spm] Performance monitoring completed for 698a51a
[spm]: ProfilerData event received.
I/flutter (13005): [SPM:perf] 698a51a  buildSpan: 988µs
I/flutter (13005): [spm] Performance monitoring completed for 698a51a
I/flutter (13005): [SPM:perf] 698a51a  buildSpan: 887µs
I/flutter (13005): [spm] Performance monitoring completed for 698a51a
[spm]: ProfilerData event received.
[spm]: ProfilerData event received.
I/flutter (13005): [SPM:perf] 698a51a  buildSpan: 1551µs
I/flutter (13005): [spm] Performance monitoring completed for 698a51a
[spm]: ProfilerData event received.
I/flutter (13005): [SPM:perf] 698a51a  buildSpan: 1381µs
I/flutter (13005): [spm] Performance monitoring completed for 698a51a
[spm]: ProfilerData event received.
I/flutter (13005): [SPM:perf] 698a51a  buildSpan: 1399µs
I/flutter (13005): [spm] Performance monitoring completed for 698a51a
[spm]: ProfilerData event received.
I/flutter (13005): [SPM:perf] 698a51a  buildSpan: 1055µs
I/flutter (13005): [spm] Performance monitoring completed for 698a51a
[spm]: ProfilerData event received.
I/flutter (13005): [SPM:perf] 698a51a  buildSpan: 843µs
I/flutter (13005): [spm] Performance monitoring completed for 698a51a
[spm]: ProfilerData event received.
I/flutter (13005): [SPM:perf] 698a51a  buildSpan: 1548µs
I/flutter (13005): [spm] Performance monitoring completed for 698a51a
I/flutter (13005): [SPM:perf] 698a51a  buildSpan: 7131µs
I/flutter (13005): [spm] Performance monitoring completed for 698a51a
[spm]: ProfilerData event received.
[spm]: ProfilerData event received.
I/flutter (13005): [SPM:perf] 698a51a  buildSpan: 1326µs
I/flutter (13005): [spm] Performance monitoring completed for 698a51a
[spm]: ProfilerData event received.
I/flutter (13005): [SPM:perf] 698a51a  buildSpan: 1540µs
I/flutter (13005): [spm] Performance monitoring completed for 698a51a
[spm]: ProfilerData event received.
I/flutter (13005): [SPM:perf] 698a51a  buildSpan: 995µs
I/flutter (13005): [spm] Performance monitoring completed for 698a51a
[spm]: ProfilerData event received.
I/flutter (13005): [SPM:perf] 698a51a  buildSpan: 861µs
I/flutter (13005): [spm] Performance monitoring completed for 698a51a
[spm]: ProfilerData event received.
I/flutter (13005): [SPM:perf] 698a51a  buildSpan: 1010µs
I/flutter (13005): [spm] Performance monitoring completed for 698a51a
I/flutter (13005): [SPM:perf] 698a51a  buildSpan: 1013µs
I/flutter (13005): [spm] Performance monitoring completed for 698a51a
[spm]: ProfilerData event received.
I/flutter (13005): [SPM:perf] 698a51a  buildSpan: 1203µs
I/flutter (13005): [spm] Performance monitoring completed for 698a51a
[spm]: ProfilerData event received.
[spm]: ProfilerData event received.
I/flutter (13005): [SPM:perf] 698a51a  buildSpan: 1434µs
I/flutter (13005): [spm] Performance monitoring completed for 698a51a
I/flutter (13005): [SPM:perf] 698a51a  buildSpan: 931µs
[spm]: ProfilerData event received.
I/flutter (13005): [spm] Performance monitoring completed for 698a51a
[spm]: ProfilerData event received.
I/flutter (13005): [SPM:perf] 698a51a  buildSpan: 1370µs
I/flutter (13005): [spm] Performance monitoring completed for 698a51a
[spm]: ProfilerData event received.
I/flutter (13005): [SPM:perf] 698a51a  buildSpan: 1293µs
I/flutter (13005): [spm] Performance monitoring completed for 698a51a
[spm]: ProfilerData event received.
I/flutter (13005): [SPM:perf] 698a51a  buildSpan: 1618µs
I/flutter (13005): [spm] Performance monitoring completed for 698a51a
[spm]: ProfilerData event received.
I/flutter (13005): [SPM:perf] 698a51a  buildSpan: 1396µs
I/flutter (13005): [spm] Performance monitoring completed for 698a51a
[spm]: ProfilerData event received.
I/flutter (13005): [SPM:perf] 698a51a  buildSpan: 1058µs
I/flutter (13005): [spm] Performance monitoring completed for 698a51a
[spm]: ProfilerData event received.
I/flutter (13005): [SPM:perf] 698a51a  buildSpan: 1600µs
I/flutter (13005): [spm] Performance monitoring completed for 698a51a
[spm]: ProfilerData event received.
I/flutter (13005): [SPM:perf] 698a51a  buildSpan: 1396µs
I/flutter (13005): [spm] Performance monitoring completed for 698a51a
[spm]: ProfilerData event received.
I/flutter (13005): [SPM:perf] 698a51a  buildSpan: 1002µs
I/flutter (13005): [spm] Performance monitoring completed for 698a51a
[spm]: ProfilerData event received.
I/flutter (13005): [SPM:perf] 698a51a  buildSpan: 697µs
I/flutter (13005): [spm] Performance monitoring completed for 698a51a
[spm]: ProfilerData event received.
I/flutter (13005): [SPM:perf] 698a51a  buildSpan: 761µs
I/flutter (13005): [spm] Performance monitoring completed for 698a51a
I/flutter (13005): 01:12 +1: (tearDownAll)
I/flutter (13005): 01:13 +2: All tests passed!
I/Choreographer(13005): Skipped 58 frames!  The application may be doing too much work on its main thread.
W/Looper  (13005): PerfMonitor doFrame : time=5ms vsyncFrame=0 latency=984ms procState=-1 historyMsgCount=8
I/OpenGLRenderer(13005): Davey! duration=995ms; Flags=0, FrameTimelineVsyncId=11044681, IntendedVsync=340387998981228, Vsync=340388965647856, InputEventId=0, HandleInputStart=340388982585202, AnimationStart=340388982590150, PerformTraversalsStart=340388982593275, DrawStart=340388984311296, FrameDeadline=340388015647894, FrameInterval=340388982114473, FrameStartTime=16666666, SyncQueued=340388985102025, SyncStart=340388985219369, IssueDrawCommandsStart=340388985322234, SwapBuffers=340388986437338, FrameCompleted=340388994397338, DequeueBufferDuration=40729, QueueBufferDuration=1441094, GpuCompleted=340388994397338, SwapBuffersCompleted=340388988666088, DisplayPresentTime=0, 
[SPM:shot] wrote <ROOT>/dataset-new_samples/2052/redmi9t/shots/2052__rev_005_facfde4c.png (28818 bytes)
All tests passed.
[spm]: Saved 30 profiler events to <ROOT>/dataset-new_samples/2052/redmi9t/raw/20260912-163321/rev_005_facfde4c/e4.jsonl
[spm]: Reverting injection...
5 issues found. (ran in 0.5s)
WARNING: Your Android app project: app located at: <ROOT>/android/app/build.gradle.kts
applies the Kotlin Gradle Plugin, which will cause build failures in future versions of Flutter. 
Please migrate your app to Built-in Kotlin using this guide: https://docs.flutter.dev/release/breaking-changes/migrate-to-built-in-kotlin/for-app-developers

VMServiceFlutterDriver: Connecting to Flutter application at http://127.0.0.1:32815/KG_Lpg4hM5A=/
[spm]: Detected VM service URI: ws://127.0.0.1:32815/KG_Lpg4hM5A=/ws
VMServiceFlutterDriver: Isolate found with number: 3153584207064515
VMServiceFlutterDriver: Isolate 3153584207064515 is runnable.
VMServiceFlutterDriver: Isolate is paused at start.
VMServiceFlutterDriver: Attempting to resume isolate
VMServiceFlutterDriver: Connected to Flutter application.
VMServiceFlutterDriver: request_data message is taking a long time to complete...