# sample_id=0348/rev_003_2b387dd1 exec_index=2 ok=True perf_lines=30 vm_events=30 battery_pct=64 soc_temp_millic=45100 battery_temp_c=33.1 charging=False preflight_started=2026-09-09T14:44:29.458417+00:00 started=2026-09-09T14:44:31.800239+00:00 ts=2026-09-09T14:46:14.062986+00:00
[spm]: Running flutter analyze...
Analyzing lib...                                                

   info • The part-of directive uses a library name. Try converting the directive to use the URI of the library • lib/dependencies.dart:46:1 • use_string_in_part_of_directives
   info • Library names are not necessary. Remove the library name • lib/generated_widget.dart:2:9 • unnecessary_library_name

[spm]: Injecting profiler code...
[spm]: Starting app...
Running Gradle task 'assembleProfile'...                        
Running Gradle task 'assembleProfile'...                         1,898ms
✓ Built build/app/outputs/flutter-apk/app-profile.apk (34.5MB)
Installing build/app/outputs/flutter-apk/app-profile.apk...      1,229ms
D/MiuiMultiWindowUtils(10993): freeform resolution args raw data:{  "zizhan":{    "freeform_args": {      "inner":{        "vertical_portrait":{"aspect_ratio":0.626, "original_ratio":0.5643,"original_scale":0.74,"top_margin":0.168,"left_margin":0.484},        "horizontal_portrait":{"aspect_ratio":0.626, "original_ratio":0.5643,"original_scale":0.74,"top_margin":0.1222,"left_margin":0.59745},        "vertical_landscape":{"aspect_ratio":1.6, "original_ratio":1,"original_scale":0.604,"top_margin":0.2596,"left_margin":0.2624},        "horizontal_landscape":{"aspect_ratio":1.6, "original_ratio":1,"original_scale":0.604,"top_margin":0.213,"left_margin":0.3758}      },      "outer":{        "vertical_portrait":{"aspect_ratio":0.626, "original_ratio":1,"original_scale":0.74,"top_margin":0.0753,"left_margin":-1},        "horizontal_portrait":{"aspect_ratio":0.626, "original_ratio":1,"original_scale":0.5756,"top_margin":-1,"left_margin":0.0753},        "vertical_landscape":{"aspect_ratio":1.6, "original_ratio":0.6847,"original_scale":0.587,"top_margin":0.0753,"left_margin":-1},        "horizontal_landscape":{"aspect_ratio":1.6, "original_ratio":0.6847,"original_scale":0.587,"top_margin":-1,"left_margin":0.0753}}    },    "mini_freeform_args":{      "inner":{        "vertical_portrait":{"aspect_ratio":0.626, "original_ratio":0.147},        "horizontal_portrait":{"aspect_ratio":0.626, "original_ratio":0.147},        "vertical_landscape":{"aspect_ratio":1.6, "original_ratio":0.165},        "horizontal_landscape":{"aspect_ratio":1.6, "original_ratio":0.165}      },      "outer":{        "vertical_portrait":{"aspect_ratio":0.626, "original_ratio":0.26},        "horizontal_portrait":{"aspect_ratio":0.626, "original_ratio":0.26},        "vertical_landscape":{"aspect_ratio":1.6, "original_ratio":0.293},        "horizontal_landscape":{"aspect_ratio":1.6, "original_ratio":0.293}}    }  },  "wide_default":{    "freeform_args": {        "vertical_portrait":{"aspect_ratio":0.625, "original_ratio":0.5806,"original_scale":0.7574,"top_margin":0.125,"left_margin":0.392},        "horizontal_portrait":{"aspect_ratio":0.625, "original_ratio":0.5806,"original_scale":0.7574,"top_margin":-1,"left_margin":0.6415},        "vertical_landscape":{"aspect_ratio":1.6, "original_ratio":1,"original_scale":0.5153,"top_margin":0.125,"left_margin":0.206},        "horizontal_landscape":{"aspect_ratio":1.6, "original_ratio":1,"original_scale":0.5153,"top_margin":-1,"left_margin":0.456}    },    "mini_freeform_args":{        "vertical_portrait":{"aspect_ratio":0.5625, "original_ratio":0.144},        "horizontal_portrait":{"aspect_ratio":0.5625, "original_ratio":0.144},        "vertical_landscape":{"aspect_ratio":-1, "original_ratio":0.144},        "horizontal_landscape":{"aspect_ratio":-1, "original_ratio":0.144}    }  },  "narrow_default": {    "freeform_args": {        "vertical_portrait":{"aspect_ratio":0.5625, "original_ratio":1,"original_scale":0.7182,"top_margin":0.142,"left_margin":-1},        "horizontal_portrait":{"aspect_ratio":0.8, "original_ratio":1,"original_scale":0.7182,"top_margin":-1,"left_margin":0.05},        "vertical_landscape":{"aspect_ratio":1.6, "original_ratio":0.6545,"original_scale":0.4473,"top_margin":0.142,"left_margin":-1},        "horizontal_landscape":{"aspect_ratio":1.6, "original_ratio":0.6545,"original_scale":0.4473,"top_margin":-1,"left_margin":0.05}    },    "mini_freeform_args":{        "vertical_portrait":{"aspect_ratio":0.5625, "original_ratio":0.3},        "horizontal_portrait":{"aspect_ratio":0.5625, "original_ratio":0.3},        "vertical_landscape":{"aspect_ratio":1.7778, "original_ratio":0.3},        "horizontal_landscape":{"aspect_ratio":1.7778, "original_ratio":0.3}    }  },  "regular_default": {    "freeform_args": {      "vertical_portrait":{"aspect_ratio":0.625, "original_ratio":1,"original_scale":0.7,"top_margin":0.109,"left_margin":-1},      "horizontal_portrait":{"aspect_ratio":0.6667, "original_ratio":1,"original_scale":0.6102,"top_margin":-1,"left_margin":0.026},      "vertical_landscape":{"asp
E/MiuiMultiWindowUtils(10993): initFreeFormResolutionArgs failed, device is lime
D/IS_CTS_MODE(10993): true
D/MULTI_WINDOW_SWITCH_ENABLED(10993): false
D/IS_CTS_MODE(10993): true
D/MULTI_WINDOW_SWITCH_ENABLED(10993): false
D/IS_CTS_MODE(10993): true
D/MULTI_WINDOW_SWITCH_ENABLED(10993): false
D/DecorView[](10993): getWindowModeFromSystem  windowmode is 1
I/ForceDarkHelperStubImpl(10993): setViewRootImplForceDark: false for com.example.benchmark_container.MainActivity@e6f428d, reason: AppDarkModeEnable
I/ForceDarkHelperStubImpl(10993): setViewRootImplForceDark: false for com.example.benchmark_container.MainActivity@e6f428d, reason: AppDarkModeEnable
D/DecorView[](10993): getWindowModeFromSystem  windowmode is 1
D/DecorView[](10993): updateDecorCaptionStatus displayWindowDecor is false
W/Looper  (10993): PerfMonitor looperActivity : package=com.example.benchmark_container/.MainActivity time=377ms latency=368ms running=0ms  procState=-1  historyMsgCount=3 (msgIndex=1 wall=377ms seq=4 late=368ms h=android.app.ActivityThread$H w=159) (msgIndex=2 wall=377ms seq=4 late=368ms h=android.app.ActivityThread$H w=159) (msgIndex=3 wall=371ms seq=3 h=android.app.ActivityThread$H w=110)
W/Looper  (10993): PerfMonitor looperActivity : package=com.example.benchmark_container/.MainActivity time=0ms latency=746ms running=0ms  procState=-1  historyMsgCount=4 (msgIndex=1 wall=377ms seq=4 late=368ms h=android.app.ActivityThread$H w=159) (msgIndex=2 wall=377ms seq=4 late=368ms h=android.app.ActivityThread$H w=159) (msgIndex=3 wall=371ms seq=3 h=android.app.ActivityThread$H w=110) (msgIndex=4 wall=377ms seq=4 late=368ms h=android.app.ActivityThread$H w=159)
D/SurfaceView(10993): UPDATE null, mIsCastMode = false
D/hw-ProcessState(10993): Binder ioctl to enable oneway spam detection failed: Invalid argument
W/Looper  (10993): PerfMonitor longMsg : seq=8 plan=17:44:50.752 late=387ms wall=1700ms running=0ms h=android.view.Choreographer$FrameHandler c=android.view.Choreographer$FrameDisplayEventReceiver procState=-1
W/Looper  (10993): PerfMonitor doFrame : time=1700ms vsyncFrame=0 latency=387ms procState=-1 historyMsgCount=7 (msgIndex=1 wall=377ms seq=4 h=android.app.ActivityThread$H w=159) (msgIndex=2 wall=377ms seq=4 h=android.app.ActivityThread$H w=159) (msgIndex=3 wall=1700ms seq=8 late=387ms h=android.view.Choreographer$FrameHandler c=android.view.Choreographer$FrameDisplayEventReceiver) (msgIndex=4 wall=377ms seq=4 h=android.app.ActivityThread$H w=159)
I/Choreographer(10993): Skipped 96 frames!  The application may be doing too much work on its main thread.
D/SurfaceView(10993): UPDATE Surface(name=SurfaceView[com.example.benchmark_container/com.example.benchmark_container.MainActivity])/@0xca20cbb, mIsProjectionMode = false
W/Looper  (10993): PerfMonitor doFrame : time=2ms vsyncFrame=0 latency=1614ms procState=-1 historyMsgCount=4
[spm]: Connected to Dart VM service.
I/flutter (10993): 00:00 +0: Performance Benchmark
E/hmark_containe(10993): open libmigui.so failed! dlopen - dlopen failed: library "libmigui.so" not found
D/hmark_containe(10993): MiuiProcessManagerServiceStub setSchedFifo
I/MiuiProcessManagerImpl(10993): setSchedFifo pid:10993, mode:3
D/DecorView[](10993): onWindowFocusChanged hasWindowFocus true
D/DecorView[](10993): getWindowModeFromSystem  windowmode is 1
D/DecorView[](10993): updateDecorCaptionStatus displayWindowDecor is false
D/ProfileInstaller(10993): Installing profile for com.example.benchmark_container
[spm]: ProfilerData event received.
I/flutter (10993): [SPM:perf] 698a51a  buildSpan: 1824µs
I/flutter (10993): [spm] Performance monitoring completed for 698a51a
[spm]: ProfilerData event received.
I/flutter (10993): [SPM:perf] 698a51a  buildSpan: 1984µs
I/flutter (10993): [spm] Performance monitoring completed for 698a51a
[spm]: ProfilerData event received.
I/flutter (10993): [SPM:perf] 698a51a  buildSpan: 1790µs
I/flutter (10993): [spm] Performance monitoring completed for 698a51a
I/flutter (10993): [SPM:perf] 698a51a  buildSpan: 1774µs
[spm]: ProfilerData event received.
I/flutter (10993): [spm] Performance monitoring completed for 698a51a
[spm]: ProfilerData event received.
I/flutter (10993): [SPM:perf] 698a51a  buildSpan: 1788µs
I/flutter (10993): [spm] Performance monitoring completed for 698a51a
I/flutter (10993): [SPM:perf] 698a51a  buildSpan: 5867µs
I/flutter (10993): [spm] Performance monitoring completed for 698a51a
[spm]: ProfilerData event received.
[spm]: ProfilerData event received.
I/flutter (10993): [SPM:perf] 698a51a  buildSpan: 1790µs
I/flutter (10993): [spm] Performance monitoring completed for 698a51a
I/flutter (10993): [SPM:perf] 698a51a  buildSpan: 1824µs
[spm]: ProfilerData event received.
I/flutter (10993): [spm] Performance monitoring completed for 698a51a
I/flutter (10993): [SPM:perf] 698a51a  buildSpan: 1942µs
I/flutter (10993): [spm] Performance monitoring completed for 698a51a
[spm]: ProfilerData event received.
I/flutter (10993): [SPM:perf] 698a51a  buildSpan: 1785µs
I/flutter (10993): [spm] Performance monitoring completed for 698a51a
[spm]: ProfilerData event received.
[spm]: ProfilerData event received.
I/flutter (10993): [SPM:perf] 698a51a  buildSpan: 1749µs
I/flutter (10993): [spm] Performance monitoring completed for 698a51a
[spm]: ProfilerData event received.
I/flutter (10993): [SPM:perf] 698a51a  buildSpan: 1784µs
I/flutter (10993): [spm] Performance monitoring completed for 698a51a
[spm]: ProfilerData event received.
I/flutter (10993): [SPM:perf] 698a51a  buildSpan: 1821µs
I/flutter (10993): [spm] Performance monitoring completed for 698a51a
I/flutter (10993): [SPM:perf] 698a51a  buildSpan: 1895µs
[spm]: ProfilerData event received.
I/flutter (10993): [spm] Performance monitoring completed for 698a51a
[spm]: ProfilerData event received.
I/flutter (10993): [SPM:perf] 698a51a  buildSpan: 1807µs
I/flutter (10993): [spm] Performance monitoring completed for 698a51a
[spm]: ProfilerData event received.
I/flutter (10993): [SPM:perf] 698a51a  buildSpan: 2517µs
I/flutter (10993): [spm] Performance monitoring completed for 698a51a
[spm]: ProfilerData event received.
I/flutter (10993): [SPM:perf] 698a51a  buildSpan: 1839µs
I/flutter (10993): [spm] Performance monitoring completed for 698a51a
[spm]: ProfilerData event received.
I/flutter (10993): [SPM:perf] 698a51a  buildSpan: 1794µs
I/flutter (10993): [spm] Performance monitoring completed for 698a51a
I/flutter (10993): [SPM:perf] 698a51a  buildSpan: 1784µs
[spm]: ProfilerData event received.
I/flutter (10993): [spm] Performance monitoring completed for 698a51a
[spm]: ProfilerData event received.
I/flutter (10993): [SPM:perf] 698a51a  buildSpan: 1769µs
I/flutter (10993): [spm] Performance monitoring completed for 698a51a
[spm]: ProfilerData event received.
I/flutter (10993): [SPM:perf] 698a51a  buildSpan: 1752µs
I/flutter (10993): [spm] Performance monitoring completed for 698a51a
I/flutter (10993): [SPM:perf] 698a51a  buildSpan: 1726µs
[spm]: ProfilerData event received.
I/flutter (10993): [spm] Performance monitoring completed for 698a51a
[spm]: ProfilerData event received.
I/flutter (10993): [SPM:perf] 698a51a  buildSpan: 2314µs
I/flutter (10993): [spm] Performance monitoring completed for 698a51a
[spm]: ProfilerData event received.
I/flutter (10993): [SPM:perf] 698a51a  buildSpan: 2179µs
I/flutter (10993): [spm] Performance monitoring completed for 698a51a
I/flutter (10993): [SPM:perf] 698a51a  buildSpan: 2017µs
I/flutter (10993): [spm] Performance monitoring completed for 698a51a
[spm]: ProfilerData event received.
[spm]: ProfilerData event received.
I/flutter (10993): [SPM:perf] 698a51a  buildSpan: 1741µs
I/flutter (10993): [spm] Performance monitoring completed for 698a51a
[spm]: ProfilerData event received.
I/flutter (10993): [SPM:perf] 698a51a  buildSpan: 1845µs
I/flutter (10993): [spm] Performance monitoring completed for 698a51a
I/flutter (10993): [SPM:perf] 698a51a  buildSpan: 1772µs
I/flutter (10993): [spm] Performance monitoring completed for 698a51a
[spm]: ProfilerData event received.
[spm]: ProfilerData event received.
I/flutter (10993): [SPM:perf] 698a51a  buildSpan: 1775µs
I/flutter (10993): [spm] Performance monitoring completed for 698a51a
[spm]: ProfilerData event received.
I/flutter (10993): [SPM:perf] 698a51a  buildSpan: 1800µs
I/flutter (10993): [spm] Performance monitoring completed for 698a51a
I/flutter (10993): 01:10 +1: (tearDownAll)
I/flutter (10993): 01:11 +2: All tests passed!
All tests passed.
[spm]: Saved 30 profiler events to <ROOT>/dataset-new_samples/0348/redmi9t/raw/20260909-162112/rev_003_2b387dd1/e2.jsonl
[spm]: Reverting injection...
2 issues found. (ran in 0.5s)
WARNING: Your Android app project: app located at: <ROOT>/android/app/build.gradle.kts
applies the Kotlin Gradle Plugin, which will cause build failures in future versions of Flutter. 
Please migrate your app to Built-in Kotlin using this guide: https://docs.flutter.dev/release/breaking-changes/migrate-to-built-in-kotlin/for-app-developers

VMServiceFlutterDriver: Connecting to Flutter application at http://127.0.0.1:39311/1_qlbTMmq6E=/
[spm]: Detected VM service URI: ws://127.0.0.1:39311/1_qlbTMmq6E=/ws
VMServiceFlutterDriver: Isolate found with number: 6626113404214247
VMServiceFlutterDriver: Isolate 6626113404214247 is runnable.
VMServiceFlutterDriver: Isolate is paused at start.
VMServiceFlutterDriver: Attempting to resume isolate
VMServiceFlutterDriver: Connected to Flutter application.
VMServiceFlutterDriver: request_data message is taking a long time to complete...