# sample_id=25/base exec_index=2 ok=True perf_lines=30 vm_events=30 battery_pct=76 soc_temp_millic=41700 battery_temp_c=33.2 charging=False preflight_started=2026-08-03T17:54:24.423561+00:00 started=2026-08-03T17:54:27.138950+00:00 ts=2026-08-03T17:56:23.806213+00:00
[spm]: Running flutter analyze...
Analyzing lib...                                                

   info • Invalid use of a private type in a public API. Try making the private type public, or making the API that uses the private type also be private • lib/dependencies.dart:6:3 • library_private_types_in_public_api

[spm]: Injecting profiler code...
[spm]: Starting app...
Running Gradle task 'assembleProfile'...                        
Running Gradle task 'assembleProfile'...                           19.3s
✓ Built build/app/outputs/flutter-apk/app-profile.apk (61.8MB)
Installing build/app/outputs/flutter-apk/app-profile.apk...      2,272ms
D/MiuiMultiWindowUtils(31059): freeform resolution args raw data:{  "zizhan":{    "freeform_args": {      "inner":{        "vertical_portrait":{"aspect_ratio":0.626, "original_ratio":0.5643,"original_scale":0.74,"top_margin":0.168,"left_margin":0.484},        "horizontal_portrait":{"aspect_ratio":0.626, "original_ratio":0.5643,"original_scale":0.74,"top_margin":0.1222,"left_margin":0.59745},        "vertical_landscape":{"aspect_ratio":1.6, "original_ratio":1,"original_scale":0.604,"top_margin":0.2596,"left_margin":0.2624},        "horizontal_landscape":{"aspect_ratio":1.6, "original_ratio":1,"original_scale":0.604,"top_margin":0.213,"left_margin":0.3758}      },      "outer":{        "vertical_portrait":{"aspect_ratio":0.626, "original_ratio":1,"original_scale":0.74,"top_margin":0.0753,"left_margin":-1},        "horizontal_portrait":{"aspect_ratio":0.626, "original_ratio":1,"original_scale":0.5756,"top_margin":-1,"left_margin":0.0753},        "vertical_landscape":{"aspect_ratio":1.6, "original_ratio":0.6847,"original_scale":0.587,"top_margin":0.0753,"left_margin":-1},        "horizontal_landscape":{"aspect_ratio":1.6, "original_ratio":0.6847,"original_scale":0.587,"top_margin":-1,"left_margin":0.0753}}    },    "mini_freeform_args":{      "inner":{        "vertical_portrait":{"aspect_ratio":0.626, "original_ratio":0.147},        "horizontal_portrait":{"aspect_ratio":0.626, "original_ratio":0.147},        "vertical_landscape":{"aspect_ratio":1.6, "original_ratio":0.165},        "horizontal_landscape":{"aspect_ratio":1.6, "original_ratio":0.165}      },      "outer":{        "vertical_portrait":{"aspect_ratio":0.626, "original_ratio":0.26},        "horizontal_portrait":{"aspect_ratio":0.626, "original_ratio":0.26},        "vertical_landscape":{"aspect_ratio":1.6, "original_ratio":0.293},        "horizontal_landscape":{"aspect_ratio":1.6, "original_ratio":0.293}}    }  },  "wide_default":{    "freeform_args": {        "vertical_portrait":{"aspect_ratio":0.625, "original_ratio":0.5806,"original_scale":0.7574,"top_margin":0.125,"left_margin":0.392},        "horizontal_portrait":{"aspect_ratio":0.625, "original_ratio":0.5806,"original_scale":0.7574,"top_margin":-1,"left_margin":0.6415},        "vertical_landscape":{"aspect_ratio":1.6, "original_ratio":1,"original_scale":0.5153,"top_margin":0.125,"left_margin":0.206},        "horizontal_landscape":{"aspect_ratio":1.6, "original_ratio":1,"original_scale":0.5153,"top_margin":-1,"left_margin":0.456}    },    "mini_freeform_args":{        "vertical_portrait":{"aspect_ratio":0.5625, "original_ratio":0.144},        "horizontal_portrait":{"aspect_ratio":0.5625, "original_ratio":0.144},        "vertical_landscape":{"aspect_ratio":-1, "original_ratio":0.144},        "horizontal_landscape":{"aspect_ratio":-1, "original_ratio":0.144}    }  },  "narrow_default": {    "freeform_args": {        "vertical_portrait":{"aspect_ratio":0.5625, "original_ratio":1,"original_scale":0.7182,"top_margin":0.142,"left_margin":-1},        "horizontal_portrait":{"aspect_ratio":0.8, "original_ratio":1,"original_scale":0.7182,"top_margin":-1,"left_margin":0.05},        "vertical_landscape":{"aspect_ratio":1.6, "original_ratio":0.6545,"original_scale":0.4473,"top_margin":0.142,"left_margin":-1},        "horizontal_landscape":{"aspect_ratio":1.6, "original_ratio":0.6545,"original_scale":0.4473,"top_margin":-1,"left_margin":0.05}    },    "mini_freeform_args":{        "vertical_portrait":{"aspect_ratio":0.5625, "original_ratio":0.3},        "horizontal_portrait":{"aspect_ratio":0.5625, "original_ratio":0.3},        "vertical_landscape":{"aspect_ratio":1.7778, "original_ratio":0.3},        "horizontal_landscape":{"aspect_ratio":1.7778, "original_ratio":0.3}    }  },  "regular_default": {    "freeform_args": {      "vertical_portrait":{"aspect_ratio":0.625, "original_ratio":1,"original_scale":0.7,"top_margin":0.109,"left_margin":-1},      "horizontal_portrait":{"aspect_ratio":0.6667, "original_ratio":1,"original_scale":0.6102,"top_margin":-1,"left_margin":0.026},      "vertical_landscape":{"asp
E/MiuiMultiWindowUtils(31059): initFreeFormResolutionArgs failed, device is lime
D/IS_CTS_MODE(31059): true
D/MULTI_WINDOW_SWITCH_ENABLED(31059): false
D/IS_CTS_MODE(31059): true
D/MULTI_WINDOW_SWITCH_ENABLED(31059): false
D/IS_CTS_MODE(31059): true
D/MULTI_WINDOW_SWITCH_ENABLED(31059): false
D/DecorView[](31059): getWindowModeFromSystem  windowmode is 1
I/ForceDarkHelperStubImpl(31059): setViewRootImplForceDark: false for com.example.benchmark_container.MainActivity@c97a48, reason: AppDarkModeEnable
I/ForceDarkHelperStubImpl(31059): setViewRootImplForceDark: false for com.example.benchmark_container.MainActivity@c97a48, reason: AppDarkModeEnable
D/DecorView[](31059): getWindowModeFromSystem  windowmode is 1
D/DecorView[](31059): updateDecorCaptionStatus displayWindowDecor is false
W/Looper  (31059): PerfMonitor looperActivity : package=com.example.benchmark_container/.MainActivity time=361ms latency=375ms running=0ms  procState=-1  historyMsgCount=3 (msgIndex=3 wall=359ms seq=3 h=android.app.ActivityThread$H w=110)
W/Looper  (31059): PerfMonitor looperActivity : package=com.example.benchmark_container/.MainActivity time=0ms latency=738ms running=0ms  procState=-1  historyMsgCount=4 (msgIndex=3 wall=359ms seq=3 h=android.app.ActivityThread$H w=110) (msgIndex=4 wall=361ms seq=4 late=375ms h=android.app.ActivityThread$H w=159)
D/SurfaceView(31059): UPDATE null, mIsCastMode = false
D/hw-ProcessState(31059): Binder ioctl to enable oneway spam detection failed: Invalid argument
W/Looper  (31059): PerfMonitor longMsg : seq=8 plan=20:55:01.769 late=373ms wall=1647ms running=0ms h=android.view.Choreographer$FrameHandler c=android.view.Choreographer$FrameDisplayEventReceiver procState=-1
W/Looper  (31059): PerfMonitor doFrame : time=1647ms vsyncFrame=0 latency=373ms procState=-1 historyMsgCount=6 (msgIndex=2 wall=1647ms seq=8 late=373ms h=android.view.Choreographer$FrameHandler c=android.view.Choreographer$FrameDisplayEventReceiver) (msgIndex=3 wall=361ms seq=4 h=android.app.ActivityThread$H w=159)
I/Choreographer(31059): Skipped 93 frames!  The application may be doing too much work on its main thread.
D/SurfaceView(31059): UPDATE Surface(name=SurfaceView[com.example.benchmark_container/com.example.benchmark_container.MainActivity])/@0x693748e, mIsProjectionMode = false
W/Looper  (31059): PerfMonitor doFrame : time=3ms vsyncFrame=0 latency=1560ms procState=-1 historyMsgCount=4
[spm]: Connected to Dart VM service.
I/flutter (31059): 00:00 +0: Performance Benchmark
E/hmark_containe(31059): open libmigui.so failed! dlopen - dlopen failed: library "libmigui.so" not found
D/hmark_containe(31059): MiuiProcessManagerServiceStub setSchedFifo
I/MiuiProcessManagerImpl(31059): setSchedFifo pid:31059, mode:3
D/DecorView[](31059): onWindowFocusChanged hasWindowFocus true
D/DecorView[](31059): getWindowModeFromSystem  windowmode is 1
D/DecorView[](31059): updateDecorCaptionStatus displayWindowDecor is false
D/ProfileInstaller(31059): Installing profile for com.example.benchmark_container
I/flutter (31059): setState 698a51a
[spm]: ProfilerData event received.
I/flutter (31059): [SPM:perf] 698a51a  buildSpan: 892µs
I/flutter (31059): [spm] Performance monitoring completed for 698a51a
I/flutter (31059): setState 698a51a
[spm]: ProfilerData event received.
I/flutter (31059): [SPM:perf] 698a51a  buildSpan: 472µs
I/flutter (31059): [spm] Performance monitoring completed for 698a51a
I/flutter (31059): setState 698a51a
[spm]: ProfilerData event received.
I/flutter (31059): [SPM:perf] 698a51a  buildSpan: 437µs
I/flutter (31059): [spm] Performance monitoring completed for 698a51a
I/flutter (31059): setState 698a51a
I/flutter (31059): [SPM:perf] 698a51a  buildSpan: 628µs
I/flutter (31059): [spm] Performance monitoring completed for 698a51a
I/flutter (31059): setState 698a51a
[spm]: ProfilerData event received.
[spm]: ProfilerData event received.
I/flutter (31059): [SPM:perf] 698a51a  buildSpan: 500µs
I/flutter (31059): [spm] Performance monitoring completed for 698a51a
I/flutter (31059): setState 698a51a
[spm]: ProfilerData event received.
I/flutter (31059): [SPM:perf] 698a51a  buildSpan: 598µs
I/flutter (31059): [spm] Performance monitoring completed for 698a51a
I/flutter (31059): setState 698a51a
[spm]: ProfilerData event received.
I/flutter (31059): [SPM:perf] 698a51a  buildSpan: 492µs
I/flutter (31059): [spm] Performance monitoring completed for 698a51a
I/flutter (31059): setState 698a51a
I/flutter (31059): [SPM:perf] 698a51a  buildSpan: 635µs
I/flutter (31059): [spm] Performance monitoring completed for 698a51a
I/flutter (31059): setState 698a51a
[spm]: ProfilerData event received.
[spm]: ProfilerData event received.
I/flutter (31059): [SPM:perf] 698a51a  buildSpan: 623µs
I/flutter (31059): [spm] Performance monitoring completed for 698a51a
I/flutter (31059): setState 698a51a
[spm]: ProfilerData event received.
I/flutter (31059): [SPM:perf] 698a51a  buildSpan: 468µs
I/flutter (31059): [spm] Performance monitoring completed for 698a51a
I/flutter (31059): setState 698a51a
I/flutter (31059): [SPM:perf] 698a51a  buildSpan: 278µs
I/flutter (31059): [spm] Performance monitoring completed for 698a51a
I/flutter (31059): setState 698a51a
[spm]: ProfilerData event received.
[spm]: ProfilerData event received.
I/flutter (31059): [SPM:perf] 698a51a  buildSpan: 537µs
I/flutter (31059): [spm] Performance monitoring completed for 698a51a
I/flutter (31059): setState 698a51a
[spm]: ProfilerData event received.
I/flutter (31059): [SPM:perf] 698a51a  buildSpan: 411µs
I/flutter (31059): [spm] Performance monitoring completed for 698a51a
I/flutter (31059): setState 698a51a
[spm]: ProfilerData event received.
I/flutter (31059): [SPM:perf] 698a51a  buildSpan: 458µs
I/flutter (31059): [spm] Performance monitoring completed for 698a51a
I/flutter (31059): setState 698a51a
[spm]: ProfilerData event received.
I/flutter (31059): [SPM:perf] 698a51a  buildSpan: 431µs
I/flutter (31059): [spm] Performance monitoring completed for 698a51a
I/flutter (31059): setState 698a51a
[spm]: ProfilerData event received.
I/flutter (31059): [SPM:perf] 698a51a  buildSpan: 602µs
I/flutter (31059): [spm] Performance monitoring completed for 698a51a
I/flutter (31059): setState 698a51a
[spm]: ProfilerData event received.
I/flutter (31059): [SPM:perf] 698a51a  buildSpan: 546µs
I/flutter (31059): [spm] Performance monitoring completed for 698a51a
I/flutter (31059): setState 698a51a
[spm]: ProfilerData event received.
I/flutter (31059): [SPM:perf] 698a51a  buildSpan: 418µs
I/flutter (31059): [spm] Performance monitoring completed for 698a51a
I/flutter (31059): setState 698a51a
[spm]: ProfilerData event received.
I/flutter (31059): [SPM:perf] 698a51a  buildSpan: 738µs
I/flutter (31059): [spm] Performance monitoring completed for 698a51a
I/flutter (31059): setState 698a51a
[spm]: ProfilerData event received.
I/flutter (31059): [SPM:perf] 698a51a  buildSpan: 628µs
I/flutter (31059): [spm] Performance monitoring completed for 698a51a
I/flutter (31059): setState 698a51a
[spm]: ProfilerData event received.
I/flutter (31059): [SPM:perf] 698a51a  buildSpan: 596µs
I/flutter (31059): [spm] Performance monitoring completed for 698a51a
I/flutter (31059): setState 698a51a
[spm]: ProfilerData event received.
I/flutter (31059): [SPM:perf] 698a51a  buildSpan: 754µs
I/flutter (31059): [spm] Performance monitoring completed for 698a51a
I/flutter (31059): setState 698a51a
[spm]: ProfilerData event received.
I/flutter (31059): [SPM:perf] 698a51a  buildSpan: 716µs
I/flutter (31059): [spm] Performance monitoring completed for 698a51a
I/flutter (31059): setState 698a51a
I/flutter (31059): [SPM:perf] 698a51a  buildSpan: 616µs
I/flutter (31059): [spm] Performance monitoring completed for 698a51a
I/flutter (31059): setState 698a51a
[spm]: ProfilerData event received.
I/flutter (31059): [SPM:perf] 698a51a  buildSpan: 614µs
[spm]: ProfilerData event received.
I/flutter (31059): [spm] Performance monitoring completed for 698a51a
I/flutter (31059): setState 698a51a
[spm]: ProfilerData event received.
I/flutter (31059): [SPM:perf] 698a51a  buildSpan: 775µs
I/flutter (31059): [spm] Performance monitoring completed for 698a51a
I/flutter (31059): setState 698a51a
I/flutter (31059): [SPM:perf] 698a51a  buildSpan: 601µs
[spm]: ProfilerData event received.
I/flutter (31059): [spm] Performance monitoring completed for 698a51a
I/flutter (31059): setState 698a51a
[spm]: ProfilerData event received.
I/flutter (31059): [SPM:perf] 698a51a  buildSpan: 761µs
I/flutter (31059): [spm] Performance monitoring completed for 698a51a
I/flutter (31059): setState 698a51a
[spm]: ProfilerData event received.
I/flutter (31059): [SPM:perf] 698a51a  buildSpan: 494µs
I/flutter (31059): [spm] Performance monitoring completed for 698a51a
I/flutter (31059): setState 698a51a
[spm]: ProfilerData event received.
I/flutter (31059): [SPM:perf] 698a51a  buildSpan: 526µs
I/flutter (31059): [spm] Performance monitoring completed for 698a51a
I/flutter (31059): 01:10 +1: (tearDownAll)
I/flutter (31059): 01:11 +2: All tests passed!
All tests passed.
[spm]: Saved 30 profiler events to <ROOT>/dataset/25/redmi9t/raw/20260803-193022/base/e2.jsonl
[spm]: Reverting injection...
1 issue found. (ran in 0.7s)
WARNING: Your Android app project: app located at: <ROOT>/android/app/build.gradle.kts
applies the Kotlin Gradle Plugin, which will cause build failures in future versions of Flutter. 
Please migrate your app to Built-in Kotlin using this guide: https://docs.flutter.dev/release/breaking-changes/migrate-to-built-in-kotlin/for-app-developers

VMServiceFlutterDriver: Connecting to Flutter application at http://127.0.0.1:35125/wFuX3G1siYY=/
[spm]: Detected VM service URI: ws://127.0.0.1:35125/wFuX3G1siYY=/ws
VMServiceFlutterDriver: Isolate found with number: 8280311569301011
VMServiceFlutterDriver: Isolate 8280311569301011 is runnable.
VMServiceFlutterDriver: Isolate is paused at start.
VMServiceFlutterDriver: Attempting to resume isolate
VMServiceFlutterDriver: Connected to Flutter application.