# sample_id=1468/rev_002_bf09593e exec_index=14 ok=True perf_lines=30 vm_events=30 battery_pct=81 soc_temp_millic=40200 battery_temp_c=32.8 charging=False preflight_started=2026-09-12T12:00:30.016290+00:00 started=2026-09-12T12:00:32.647991+00:00 ts=2026-09-12T12:02:35.101776+00:00
[spm]: Running flutter analyze...
Resolving dependencies...
Downloading packages...
  _fe_analyzer_shared 100.0.0 (108.0.0 available)
  analyzer 13.0.0 (14.4.0 available)
  async 2.13.0 (2.13.1 available)
  clock 1.1.2 (1.1.3 available)
  cupertino_icons 1.0.8 (1.0.9 available)
  glob 2.1.3 (2.2.0 available)
  lints 6.0.0 (6.1.0 available)
  matcher 0.12.19 (0.12.20 available)
  material_color_utilities 0.13.0 (0.13.1 available)
  meta 1.18.0 (1.19.0 available)
  package_config 2.2.0 (3.0.0 available)
  platform 3.1.6 (3.2.0 available)
  process 5.0.5 (5.0.6 available)
  pub_semver 2.2.0 (2.2.1 available)
  source_span 1.10.1 (1.10.2 available)
  stack_trace 1.12.1 (1.12.2 available)
  test_api 0.7.11 (0.7.14 available)
  vector_math 2.2.0 (2.4.2 available)
  vm_service 15.0.2 (15.3.0 available)
  webdriver 3.1.0 (3.2.0 available)
  yaml 3.1.3 (3.1.4 available)
Got dependencies!
21 packages have newer versions incompatible with dependency constraints.
Try `flutter pub outdated` for more information.
Analyzing lib...                                                

   info • The part-of directive uses a library name. Try converting the directive to use the URI of the library • lib/dependencies.dart:46:1 • use_string_in_part_of_directives
   info • Library names are not necessary. Remove the library name • lib/generated_widget.dart:2:9 • unnecessary_library_name
   info • Constructors in '@immutable' classes should be declared as 'const'. Try adding 'const' to the constructor declaration • lib/generated_widget.dart:12:3 • prefer_const_constructors_in_immutables

[spm]: Injecting profiler code...
[spm]: Starting app...
Running Gradle task 'assembleProfile'...                        
Running Gradle task 'assembleProfile'...                           20.8s
✓ Built build/app/outputs/flutter-apk/app-profile.apk (26.8MB)
Installing build/app/outputs/flutter-apk/app-profile.apk...      1,183ms
D/DecorView[](12108): getWindowModeFromSystem  windowmode is 1
I/ForceDarkHelperStubImpl(12108): setViewRootImplForceDark: false for com.example.benchmark_container.MainActivity@e6f428d, reason: AppDarkModeEnable
I/ForceDarkHelperStubImpl(12108): setViewRootImplForceDark: false for com.example.benchmark_container.MainActivity@e6f428d, reason: AppDarkModeEnable
D/DecorView[](12108): getWindowModeFromSystem  windowmode is 1
D/DecorView[](12108): updateDecorCaptionStatus displayWindowDecor is false
W/Looper  (12108): PerfMonitor looperActivity : package=com.example.benchmark_container/.MainActivity time=388ms latency=388ms running=0ms  procState=-1  historyMsgCount=3 (msgIndex=1 wall=388ms seq=4 late=388ms h=android.app.ActivityThread$H w=159) (msgIndex=2 wall=388ms seq=4 late=388ms h=android.app.ActivityThread$H w=159) (msgIndex=3 wall=392ms seq=3 h=android.app.ActivityThread$H w=110)
W/Looper  (12108): PerfMonitor looperActivity : package=com.example.benchmark_container/.MainActivity time=1ms latency=777ms running=0ms  procState=-1  historyMsgCount=4 (msgIndex=1 wall=388ms seq=4 late=388ms h=android.app.ActivityThread$H w=159) (msgIndex=2 wall=388ms seq=4 late=388ms h=android.app.ActivityThread$H w=159) (msgIndex=3 wall=392ms seq=3 h=android.app.ActivityThread$H w=110) (msgIndex=4 wall=388ms seq=4 late=388ms h=android.app.ActivityThread$H w=159)
D/SurfaceView(12108): UPDATE null, mIsCastMode = false
D/hw-ProcessState(12108): Binder ioctl to enable oneway spam detection failed: Invalid argument
W/Looper  (12108): PerfMonitor longMsg : seq=8 plan=15:01:10.462 late=396ms wall=1672ms running=0ms h=android.view.Choreographer$FrameHandler c=android.view.Choreographer$FrameDisplayEventReceiver procState=-1
W/Looper  (12108): PerfMonitor doFrame : time=1672ms vsyncFrame=0 latency=396ms procState=-1 historyMsgCount=7 (msgIndex=1 wall=388ms seq=4 h=android.app.ActivityThread$H w=159) (msgIndex=2 wall=388ms seq=4 h=android.app.ActivityThread$H w=159) (msgIndex=3 wall=1672ms seq=8 late=396ms h=android.view.Choreographer$FrameHandler c=android.view.Choreographer$FrameDisplayEventReceiver) (msgIndex=4 wall=388ms seq=4 h=android.app.ActivityThread$H w=159)
I/Choreographer(12108): Skipped 95 frames!  The application may be doing too much work on its main thread.
D/SurfaceView(12108): UPDATE Surface(name=SurfaceView[com.example.benchmark_container/com.example.benchmark_container.MainActivity])/@0xca20cbb, mIsProjectionMode = false
W/Looper  (12108): PerfMonitor doFrame : time=4ms vsyncFrame=0 latency=1590ms procState=-1 historyMsgCount=4
[spm]: Connected to Dart VM service.
I/flutter (12108): 00:00 +0: Performance Benchmark
E/hmark_containe(12108): open libmigui.so failed! dlopen - dlopen failed: library "libmigui.so" not found
D/hmark_containe(12108): MiuiProcessManagerServiceStub setSchedFifo
I/MiuiProcessManagerImpl(12108): setSchedFifo pid:12108, mode:3
D/DecorView[](12108): onWindowFocusChanged hasWindowFocus true
D/DecorView[](12108): getWindowModeFromSystem  windowmode is 1
D/DecorView[](12108): updateDecorCaptionStatus displayWindowDecor is false
D/ProfileInstaller(12108): Installing profile for com.example.benchmark_container
I/flutter (12108): [SPM:perf] 698a51a  buildSpan: 2575µs
I/flutter (12108): [spm] Performance monitoring completed for 698a51a
[spm]: ProfilerData event received.
[spm]: ProfilerData event received.
I/flutter (12108): [SPM:perf] 698a51a  buildSpan: 3114µs
I/flutter (12108): [spm] Performance monitoring completed for 698a51a
[spm]: ProfilerData event received.
I/flutter (12108): [SPM:perf] 698a51a  buildSpan: 2979µs
I/flutter (12108): [spm] Performance monitoring completed for 698a51a
[spm]: ProfilerData event received.
I/flutter (12108): [SPM:perf] 698a51a  buildSpan: 3129µs
I/flutter (12108): [spm] Performance monitoring completed for 698a51a
[spm]: ProfilerData event received.
I/flutter (12108): [SPM:perf] 698a51a  buildSpan: 3027µs
I/flutter (12108): [spm] Performance monitoring completed for 698a51a
[spm]: ProfilerData event received.
I/flutter (12108): [SPM:perf] 698a51a  buildSpan: 7511µs
I/flutter (12108): [spm] Performance monitoring completed for 698a51a
[spm]: ProfilerData event received.
I/flutter (12108): [SPM:perf] 698a51a  buildSpan: 3117µs
I/flutter (12108): [spm] Performance monitoring completed for 698a51a
[spm]: ProfilerData event received.
I/flutter (12108): [SPM:perf] 698a51a  buildSpan: 3785µs
I/flutter (12108): [spm] Performance monitoring completed for 698a51a
[spm]: ProfilerData event received.
I/flutter (12108): [SPM:perf] 698a51a  buildSpan: 3049µs
I/flutter (12108): [spm] Performance monitoring completed for 698a51a
[spm]: ProfilerData event received.
I/flutter (12108): [SPM:perf] 698a51a  buildSpan: 3080µs
I/flutter (12108): [spm] Performance monitoring completed for 698a51a
[spm]: ProfilerData event received.
I/flutter (12108): [SPM:perf] 698a51a  buildSpan: 2731µs
I/flutter (12108): [spm] Performance monitoring completed for 698a51a
I/flutter (12108): [SPM:perf] 698a51a  buildSpan: 3091µs
I/flutter (12108): [spm] Performance monitoring completed for 698a51a
[spm]: ProfilerData event received.
I/flutter (12108): [SPM:perf] 698a51a  buildSpan: 3347µs
I/flutter (12108): [spm] Performance monitoring completed for 698a51a
[spm]: ProfilerData event received.
I/flutter (12108): [SPM:perf] 698a51a  buildSpan: 2986µs
[spm]: ProfilerData event received.
I/flutter (12108): [spm] Performance monitoring completed for 698a51a
[spm]: ProfilerData event received.
I/flutter (12108): [SPM:perf] 698a51a  buildSpan: 3085µs
I/flutter (12108): [spm] Performance monitoring completed for 698a51a
[spm]: ProfilerData event received.
I/flutter (12108): [SPM:perf] 698a51a  buildSpan: 2469µs
I/flutter (12108): [spm] Performance monitoring completed for 698a51a
I/flutter (12108): [SPM:perf] 698a51a  buildSpan: 2767µs
I/flutter (12108): [spm] Performance monitoring completed for 698a51a
[spm]: ProfilerData event received.
[spm]: ProfilerData event received.
I/flutter (12108): [SPM:perf] 698a51a  buildSpan: 1909µs
I/flutter (12108): [spm] Performance monitoring completed for 698a51a
[spm]: ProfilerData event received.
I/flutter (12108): [SPM:perf] 698a51a  buildSpan: 1854µs
I/flutter (12108): [spm] Performance monitoring completed for 698a51a
[spm]: ProfilerData event received.
I/flutter (12108): [SPM:perf] 698a51a  buildSpan: 2149µs
I/flutter (12108): [spm] Performance monitoring completed for 698a51a
[spm]: ProfilerData event received.
I/flutter (12108): [SPM:perf] 698a51a  buildSpan: 2850µs
I/flutter (12108): [spm] Performance monitoring completed for 698a51a
I/flutter (12108): [SPM:perf] 698a51a  buildSpan: 2971µs
I/flutter (12108): [spm] Performance monitoring completed for 698a51a
[spm]: ProfilerData event received.
[spm]: ProfilerData event received.
I/flutter (12108): [SPM:perf] 698a51a  buildSpan: 3229µs
I/flutter (12108): [spm] Performance monitoring completed for 698a51a
[spm]: ProfilerData event received.
I/flutter (12108): [SPM:perf] 698a51a  buildSpan: 2495µs
I/flutter (12108): [spm] Performance monitoring completed for 698a51a
I/flutter (12108): [SPM:perf] 698a51a  buildSpan: 2796µs
[spm]: ProfilerData event received.
I/flutter (12108): [spm] Performance monitoring completed for 698a51a
[spm]: ProfilerData event received.
I/flutter (12108): [SPM:perf] 698a51a  buildSpan: 3117µs
I/flutter (12108): [spm] Performance monitoring completed for 698a51a
[spm]: ProfilerData event received.
I/flutter (12108): [SPM:perf] 698a51a  buildSpan: 3200µs
I/flutter (12108): [spm] Performance monitoring completed for 698a51a
I/flutter (12108): [SPM:perf] 698a51a  buildSpan: 3083µs
[spm]: ProfilerData event received.
I/flutter (12108): [spm] Performance monitoring completed for 698a51a
[spm]: ProfilerData event received.
I/flutter (12108): [SPM:perf] 698a51a  buildSpan: 3023µs
I/flutter (12108): [spm] Performance monitoring completed for 698a51a
[spm]: ProfilerData event received.
I/flutter (12108): [SPM:perf] 698a51a  buildSpan: 3208µs
I/flutter (12108): [spm] Performance monitoring completed for 698a51a
I/flutter (12108): 01:10 +1: (tearDownAll)
I/flutter (12108): 01:11 +2: All tests passed!
All tests passed.
[spm]: Saved 30 profiler events to <ROOT>/dataset-new_samples/1468/redmi9t/raw/20260912-142038/rev_002_bf09593e/e14.jsonl
[spm]: Reverting injection...
3 issues found. (ran in 0.6s)
WARNING: Your Android app project: app located at: <ROOT>/android/app/build.gradle.kts
applies the Kotlin Gradle Plugin, which will cause build failures in future versions of Flutter. 
Please migrate your app to Built-in Kotlin using this guide: https://docs.flutter.dev/release/breaking-changes/migrate-to-built-in-kotlin/for-app-developers

VMServiceFlutterDriver: Connecting to Flutter application at http://127.0.0.1:41337/HuL8RL-p3Io=/
[spm]: Detected VM service URI: ws://127.0.0.1:41337/HuL8RL-p3Io=/ws
VMServiceFlutterDriver: Isolate found with number: 3429719535296915
VMServiceFlutterDriver: Isolate 3429719535296915 is runnable.
VMServiceFlutterDriver: Isolate is paused at start.
VMServiceFlutterDriver: Attempting to resume isolate
VMServiceFlutterDriver: Connected to Flutter application.
VMServiceFlutterDriver: request_data message is taking a long time to complete...