# sample_id=1468/rev_002_bf09593e exec_index=9 ok=True perf_lines=30 vm_events=30 battery_pct=81 soc_temp_millic=39800 battery_temp_c=32.9 charging=False preflight_started=2026-09-12T11:48:20.029307+00:00 started=2026-09-12T11:48:22.797211+00:00 ts=2026-09-12T11:50:25.942924+00:00
[spm]: Running flutter analyze...
Resolving dependencies...
Downloading packages...
  _fe_analyzer_shared 100.0.0 (108.0.0 available)
  analyzer 13.0.0 (14.4.0 available)
  async 2.13.0 (2.13.1 available)
  clock 1.1.2 (1.1.3 available)
  cupertino_icons 1.0.8 (1.0.9 available)
  glob 2.1.3 (2.2.0 available)
  lints 6.0.0 (6.1.0 available)
  matcher 0.12.19 (0.12.20 available)
  material_color_utilities 0.13.0 (0.13.1 available)
  meta 1.18.0 (1.19.0 available)
  package_config 2.2.0 (3.0.0 available)
  platform 3.1.6 (3.2.0 available)
  process 5.0.5 (5.0.6 available)
  pub_semver 2.2.0 (2.2.1 available)
  source_span 1.10.1 (1.10.2 available)
  stack_trace 1.12.1 (1.12.2 available)
  test_api 0.7.11 (0.7.14 available)
  vector_math 2.2.0 (2.4.2 available)
  vm_service 15.0.2 (15.3.0 available)
  webdriver 3.1.0 (3.2.0 available)
  yaml 3.1.3 (3.1.4 available)
Got dependencies!
21 packages have newer versions incompatible with dependency constraints.
Try `flutter pub outdated` for more information.
Analyzing lib...                                                

   info • The part-of directive uses a library name. Try converting the directive to use the URI of the library • lib/dependencies.dart:46:1 • use_string_in_part_of_directives
   info • Library names are not necessary. Remove the library name • lib/generated_widget.dart:2:9 • unnecessary_library_name
   info • Constructors in '@immutable' classes should be declared as 'const'. Try adding 'const' to the constructor declaration • lib/generated_widget.dart:12:3 • prefer_const_constructors_in_immutables

[spm]: Injecting profiler code...
[spm]: Starting app...
Running Gradle task 'assembleProfile'...                        
Running Gradle task 'assembleProfile'...                           21.1s
✓ Built build/app/outputs/flutter-apk/app-profile.apk (26.8MB)
Installing build/app/outputs/flutter-apk/app-profile.apk...      1,209ms
D/DecorView[](30433): getWindowModeFromSystem  windowmode is 1
I/ForceDarkHelperStubImpl(30433): setViewRootImplForceDark: false for com.example.benchmark_container.MainActivity@e6f428d, reason: AppDarkModeEnable
I/ForceDarkHelperStubImpl(30433): setViewRootImplForceDark: false for com.example.benchmark_container.MainActivity@e6f428d, reason: AppDarkModeEnable
D/DecorView[](30433): getWindowModeFromSystem  windowmode is 1
D/DecorView[](30433): updateDecorCaptionStatus displayWindowDecor is false
W/Looper  (30433): PerfMonitor looperActivity : package=com.example.benchmark_container/.MainActivity time=346ms latency=351ms running=0ms  procState=-1  historyMsgCount=3 (msgIndex=1 wall=346ms seq=4 late=351ms h=android.app.ActivityThread$H w=159) (msgIndex=2 wall=346ms seq=4 late=351ms h=android.app.ActivityThread$H w=159) (msgIndex=3 wall=358ms seq=3 h=android.app.ActivityThread$H w=110)
W/Looper  (30433): PerfMonitor looperActivity : package=com.example.benchmark_container/.MainActivity time=1ms latency=699ms running=0ms  procState=-1  historyMsgCount=4 (msgIndex=1 wall=346ms seq=4 late=351ms h=android.app.ActivityThread$H w=159) (msgIndex=2 wall=346ms seq=4 late=351ms h=android.app.ActivityThread$H w=159) (msgIndex=3 wall=358ms seq=3 h=android.app.ActivityThread$H w=110) (msgIndex=4 wall=346ms seq=4 late=351ms h=android.app.ActivityThread$H w=159)
D/SurfaceView(30433): UPDATE null, mIsCastMode = false
D/hw-ProcessState(30433): Binder ioctl to enable oneway spam detection failed: Invalid argument
W/Looper  (30433): PerfMonitor longMsg : seq=8 plan=14:49:01.857 late=355ms wall=1653ms running=0ms h=android.view.Choreographer$FrameHandler c=android.view.Choreographer$FrameDisplayEventReceiver procState=-1
W/Looper  (30433): PerfMonitor doFrame : time=1653ms vsyncFrame=0 latency=355ms procState=-1 historyMsgCount=7 (msgIndex=1 wall=346ms seq=4 h=android.app.ActivityThread$H w=159) (msgIndex=2 wall=346ms seq=4 h=android.app.ActivityThread$H w=159) (msgIndex=3 wall=1653ms seq=8 late=355ms h=android.view.Choreographer$FrameHandler c=android.view.Choreographer$FrameDisplayEventReceiver) (msgIndex=4 wall=346ms seq=4 h=android.app.ActivityThread$H w=159)
I/Choreographer(30433): Skipped 94 frames!  The application may be doing too much work on its main thread.
D/SurfaceView(30433): UPDATE Surface(name=SurfaceView[com.example.benchmark_container/com.example.benchmark_container.MainActivity])/@0xca20cbb, mIsProjectionMode = false
W/Looper  (30433): PerfMonitor doFrame : time=3ms vsyncFrame=0 latency=1582ms procState=-1 historyMsgCount=4
[spm]: Connected to Dart VM service.
I/flutter (30433): 00:00 +0: Performance Benchmark
E/hmark_containe(30433): open libmigui.so failed! dlopen - dlopen failed: library "libmigui.so" not found
D/hmark_containe(30433): MiuiProcessManagerServiceStub setSchedFifo
I/MiuiProcessManagerImpl(30433): setSchedFifo pid:30433, mode:3
D/DecorView[](30433): onWindowFocusChanged hasWindowFocus true
D/DecorView[](30433): getWindowModeFromSystem  windowmode is 1
D/DecorView[](30433): updateDecorCaptionStatus displayWindowDecor is false
D/ProfileInstaller(30433): Installing profile for com.example.benchmark_container
[spm]: ProfilerData event received.
I/flutter (30433): [SPM:perf] 698a51a  buildSpan: 3126µs
I/flutter (30433): [spm] Performance monitoring completed for 698a51a
[spm]: ProfilerData event received.
I/flutter (30433): [SPM:perf] 698a51a  buildSpan: 2878µs
I/flutter (30433): [spm] Performance monitoring completed for 698a51a
[spm]: ProfilerData event received.
I/flutter (30433): [SPM:perf] 698a51a  buildSpan: 2029µs
I/flutter (30433): [spm] Performance monitoring completed for 698a51a
[spm]: ProfilerData event received.
I/flutter (30433): [SPM:perf] 698a51a  buildSpan: 2530µs
I/flutter (30433): [spm] Performance monitoring completed for 698a51a
[spm]: ProfilerData event received.
I/flutter (30433): [SPM:perf] 698a51a  buildSpan: 2104µs
I/flutter (30433): [spm] Performance monitoring completed for 698a51a
[spm]: ProfilerData event received.
I/flutter (30433): [SPM:perf] 698a51a  buildSpan: 7877µs
I/flutter (30433): [spm] Performance monitoring completed for 698a51a
I/flutter (30433): [SPM:perf] 698a51a  buildSpan: 1989µs
[spm]: ProfilerData event received.
I/flutter (30433): [spm] Performance monitoring completed for 698a51a
[spm]: ProfilerData event received.
I/flutter (30433): [SPM:perf] 698a51a  buildSpan: 2132µs
I/flutter (30433): [spm] Performance monitoring completed for 698a51a
[spm]: ProfilerData event received.
I/flutter (30433): [SPM:perf] 698a51a  buildSpan: 1963µs
I/flutter (30433): [spm] Performance monitoring completed for 698a51a
[spm]: ProfilerData event received.
I/flutter (30433): [SPM:perf] 698a51a  buildSpan: 3000µs
I/flutter (30433): [spm] Performance monitoring completed for 698a51a
I/flutter (30433): [SPM:perf] 698a51a  buildSpan: 3035µs
I/flutter (30433): [spm] Performance monitoring completed for 698a51a
[spm]: ProfilerData event received.
[spm]: ProfilerData event received.
I/flutter (30433): [SPM:perf] 698a51a  buildSpan: 2547µs
I/flutter (30433): [spm] Performance monitoring completed for 698a51a
[spm]: ProfilerData event received.
I/flutter (30433): [SPM:perf] 698a51a  buildSpan: 3238µs
I/flutter (30433): [spm] Performance monitoring completed for 698a51a
[spm]: ProfilerData event received.
I/flutter (30433): [SPM:perf] 698a51a  buildSpan: 2487µs
I/flutter (30433): [spm] Performance monitoring completed for 698a51a
[spm]: ProfilerData event received.
I/flutter (30433): [SPM:perf] 698a51a  buildSpan: 3097µs
I/flutter (30433): [spm] Performance monitoring completed for 698a51a
[spm]: ProfilerData event received.
I/flutter (30433): [SPM:perf] 698a51a  buildSpan: 3034µs
I/flutter (30433): [spm] Performance monitoring completed for 698a51a
I/flutter (30433): [SPM:perf] 698a51a  buildSpan: 3233µs
[spm]: ProfilerData event received.
I/flutter (30433): [spm] Performance monitoring completed for 698a51a
[spm]: ProfilerData event received.
I/flutter (30433): [SPM:perf] 698a51a  buildSpan: 3040µs
I/flutter (30433): [spm] Performance monitoring completed for 698a51a
I/flutter (30433): [SPM:perf] 698a51a  buildSpan: 2420µs
I/flutter (30433): [spm] Performance monitoring completed for 698a51a
[spm]: ProfilerData event received.
[spm]: ProfilerData event received.
I/flutter (30433): [SPM:perf] 698a51a  buildSpan: 3163µs
I/flutter (30433): [spm] Performance monitoring completed for 698a51a
[spm]: ProfilerData event received.
I/flutter (30433): [SPM:perf] 698a51a  buildSpan: 3111µs
I/flutter (30433): [spm] Performance monitoring completed for 698a51a
[spm]: ProfilerData event received.
I/flutter (30433): [SPM:perf] 698a51a  buildSpan: 2561µs
I/flutter (30433): [spm] Performance monitoring completed for 698a51a
[spm]: ProfilerData event received.
I/flutter (30433): [SPM:perf] 698a51a  buildSpan: 3152µs
I/flutter (30433): [spm] Performance monitoring completed for 698a51a
I/flutter (30433): [SPM:perf] 698a51a  buildSpan: 2254µs
I/flutter (30433): [spm] Performance monitoring completed for 698a51a
[spm]: ProfilerData event received.
I/flutter (30433): [SPM:perf] 698a51a  buildSpan: 2930µs
I/flutter (30433): [spm] Performance monitoring completed for 698a51a
[spm]: ProfilerData event received.
[spm]: ProfilerData event received.
I/flutter (30433): [SPM:perf] 698a51a  buildSpan: 3033µs
I/flutter (30433): [spm] Performance monitoring completed for 698a51a
[spm]: ProfilerData event received.
I/flutter (30433): [SPM:perf] 698a51a  buildSpan: 3012µs
I/flutter (30433): [spm] Performance monitoring completed for 698a51a
[spm]: ProfilerData event received.
I/flutter (30433): [SPM:perf] 698a51a  buildSpan: 3048µs
I/flutter (30433): [spm] Performance monitoring completed for 698a51a
I/flutter (30433): [SPM:perf] 698a51a  buildSpan: 2175µs
[spm]: ProfilerData event received.
I/flutter (30433): [spm] Performance monitoring completed for 698a51a
[spm]: ProfilerData event received.
I/flutter (30433): [SPM:perf] 698a51a  buildSpan: 2087µs
I/flutter (30433): [spm] Performance monitoring completed for 698a51a
I/flutter (30433): 01:10 +1: (tearDownAll)
I/flutter (30433): 01:11 +2: All tests passed!
All tests passed.
[spm]: Saved 30 profiler events to <ROOT>/dataset-new_samples/1468/redmi9t/raw/20260912-142038/rev_002_bf09593e/e9.jsonl
[spm]: Reverting injection...
3 issues found. (ran in 0.7s)
WARNING: Your Android app project: app located at: <ROOT>/android/app/build.gradle.kts
applies the Kotlin Gradle Plugin, which will cause build failures in future versions of Flutter. 
Please migrate your app to Built-in Kotlin using this guide: https://docs.flutter.dev/release/breaking-changes/migrate-to-built-in-kotlin/for-app-developers

VMServiceFlutterDriver: Connecting to Flutter application at http://127.0.0.1:43261/FbXLzaNPiQ0=/
[spm]: Detected VM service URI: ws://127.0.0.1:43261/FbXLzaNPiQ0=/ws
VMServiceFlutterDriver: Isolate found with number: 4706304390125075
VMServiceFlutterDriver: Isolate 4706304390125075 is runnable.
VMServiceFlutterDriver: Isolate is paused at start.
VMServiceFlutterDriver: Attempting to resume isolate
VMServiceFlutterDriver: Connected to Flutter application.
VMServiceFlutterDriver: request_data message is taking a long time to complete...