# sample_id=27/base exec_index=14 ok=True perf_lines=30 vm_events=30 battery_pct=51 soc_temp_millic=43900 battery_temp_c=33.2 charging=False preflight_started=2026-08-04T13:05:04.536530+00:00 started=2026-08-04T13:05:06.876104+00:00 ts=2026-08-04T13:06:44.951921+00:00
[spm]: Running flutter analyze...
Analyzing lib...                                                

   info • The variable name 'add_class_table_dialog_title' isn't a lowerCamelCase identifier. Try changing the name to follow the lowerCamelCase style • lib/dependencies.dart:12:14 • non_constant_identifier_names
   info • Parameters ''key', 'onPressed', 'onLongPress', 'onHover', 'onFocusChange', 'focusNode', 'autofocus', and 'child'' could be super parameters. Trying converting ''key', 'onPressed', 'onLongPress', 'onHover', 'onFocusChange', 'focusNode', 'autofocus', and 'child'' to super parameters • lib/dependencies.dart:22:3 • use_super_parameters
   info • Parameter 'key' could be a super parameter. Trying converting 'key' to a super parameter • lib/generated_widget.dart:6:9 • use_super_parameters
   info • Parameter 'key' could be a super parameter. Trying converting 'key' to a super parameter • lib/generated_widget.dart:55:9 • use_super_parameters

[spm]: Injecting profiler code...
[spm]: Starting app...
Running Gradle task 'assembleProfile'...                        
Running Gradle task 'assembleProfile'...                         2,247ms
✓ Built build/app/outputs/flutter-apk/app-profile.apk (61.8MB)
Installing build/app/outputs/flutter-apk/app-profile.apk...      1,990ms
I/hmark_containe(21622): hiddenapi: Accessing hidden method Landroid/view/accessibility/AccessibilityNodeInfo;->getSourceNodeId()J (runtime_flags=0, domain=platform, api=unsupported,test-api) from Lio/flutter/view/AccessibilityViewEmbedder$ReflectionAccessors; (domain=app, TargetSdkVersion=36) using reflection: allowed
I/hmark_containe(21622): hiddenapi: Accessing hidden method Landroid/view/accessibility/AccessibilityRecord;->getSourceNodeId()J (runtime_flags=0, domain=platform, api=unsupported) from Lio/flutter/view/AccessibilityViewEmbedder$ReflectionAccessors; (domain=app, TargetSdkVersion=36) using reflection: allowed
I/hmark_containe(21622): hiddenapi: Accessing hidden field Landroid/view/accessibility/AccessibilityNodeInfo;->mChildNodeIds:Landroid/util/LongArray; (runtime_flags=0, domain=platform, api=unsupported) from Lio/flutter/view/AccessibilityViewEmbedder$ReflectionAccessors; (domain=app, TargetSdkVersion=36) using reflection: allowed
I/hmark_containe(21622): hiddenapi: Accessing hidden method Landroid/util/LongArray;->get(I)J (runtime_flags=0, domain=platform, api=unsupported) from Lio/flutter/view/AccessibilityViewEmbedder$ReflectionAccessors; (domain=app, TargetSdkVersion=36) using reflection: allowed
D/MiuiMultiWindowUtils(21622): freeform resolution args raw data:{  "zizhan":{    "freeform_args": {      "inner":{        "vertical_portrait":{"aspect_ratio":0.626, "original_ratio":0.5643,"original_scale":0.74,"top_margin":0.168,"left_margin":0.484},        "horizontal_portrait":{"aspect_ratio":0.626, "original_ratio":0.5643,"original_scale":0.74,"top_margin":0.1222,"left_margin":0.59745},        "vertical_landscape":{"aspect_ratio":1.6, "original_ratio":1,"original_scale":0.604,"top_margin":0.2596,"left_margin":0.2624},        "horizontal_landscape":{"aspect_ratio":1.6, "original_ratio":1,"original_scale":0.604,"top_margin":0.213,"left_margin":0.3758}      },      "outer":{        "vertical_portrait":{"aspect_ratio":0.626, "original_ratio":1,"original_scale":0.74,"top_margin":0.0753,"left_margin":-1},        "horizontal_portrait":{"aspect_ratio":0.626, "original_ratio":1,"original_scale":0.5756,"top_margin":-1,"left_margin":0.0753},        "vertical_landscape":{"aspect_ratio":1.6, "original_ratio":0.6847,"original_scale":0.587,"top_margin":0.0753,"left_margin":-1},        "horizontal_landscape":{"aspect_ratio":1.6, "original_ratio":0.6847,"original_scale":0.587,"top_margin":-1,"left_margin":0.0753}}    },    "mini_freeform_args":{      "inner":{        "vertical_portrait":{"aspect_ratio":0.626, "original_ratio":0.147},        "horizontal_portrait":{"aspect_ratio":0.626, "original_ratio":0.147},        "vertical_landscape":{"aspect_ratio":1.6, "original_ratio":0.165},        "horizontal_landscape":{"aspect_ratio":1.6, "original_ratio":0.165}      },      "outer":{        "vertical_portrait":{"aspect_ratio":0.626, "original_ratio":0.26},        "horizontal_portrait":{"aspect_ratio":0.626, "original_ratio":0.26},        "vertical_landscape":{"aspect_ratio":1.6, "original_ratio":0.293},        "horizontal_landscape":{"aspect_ratio":1.6, "original_ratio":0.293}}    }  },  "wide_default":{    "freeform_args": {        "vertical_portrait":{"aspect_ratio":0.625, "original_ratio":0.5806,"original_scale":0.7574,"top_margin":0.125,"left_margin":0.392},        "horizontal_portrait":{"aspect_ratio":0.625, "original_ratio":0.5806,"original_scale":0.7574,"top_margin":-1,"left_margin":0.6415},        "vertical_landscape":{"aspect_ratio":1.6, "original_ratio":1,"original_scale":0.5153,"top_margin":0.125,"left_margin":0.206},        "horizontal_landscape":{"aspect_ratio":1.6, "original_ratio":1,"original_scale":0.5153,"top_margin":-1,"left_margin":0.456}    },    "mini_freeform_args":{        "vertical_portrait":{"aspect_ratio":0.5625, "original_ratio":0.144},        "horizontal_portrait":{"aspect_ratio":0.5625, "original_ratio":0.144},        "vertical_landscape":{"aspect_ratio":-1, "original_ratio":0.144},        "horizontal_landscape":{"aspect_ratio":-1, "original_ratio":0.144}    }  },  "narrow_default": {    "freeform_args": {        "vertical_portrait":{"aspect_ratio":0.5625, "original_ratio":1,"original_scale":0.7182,"top_margin":0.142,"left_margin":-1},        "horizontal_portrait":{"aspect_ratio":0.8, "original_ratio":1,"original_scale":0.7182,"top_margin":-1,"left_margin":0.05},        "vertical_landscape":{"aspect_ratio":1.6, "original_ratio":0.6545,"original_scale":0.4473,"top_margin":0.142,"left_margin":-1},        "horizontal_landscape":{"aspect_ratio":1.6, "original_ratio":0.6545,"original_scale":0.4473,"top_margin":-1,"left_margin":0.05}    },    "mini_freeform_args":{        "vertical_portrait":{"aspect_ratio":0.5625, "original_ratio":0.3},        "horizontal_portrait":{"aspect_ratio":0.5625, "original_ratio":0.3},        "vertical_landscape":{"aspect_ratio":1.7778, "original_ratio":0.3},        "horizontal_landscape":{"aspect_ratio":1.7778, "original_ratio":0.3}    }  },  "regular_default": {    "freeform_args": {      "vertical_portrait":{"aspect_ratio":0.625, "original_ratio":1,"original_scale":0.7,"top_margin":0.109,"left_margin":-1},      "horizontal_portrait":{"aspect_ratio":0.6667, "original_ratio":1,"original_scale":0.6102,"top_margin":-1,"left_margin":0.026},      "vertical_landscape":{"asp
E/MiuiMultiWindowUtils(21622): initFreeFormResolutionArgs failed, device is lime
D/IS_CTS_MODE(21622): true
D/MULTI_WINDOW_SWITCH_ENABLED(21622): false
D/IS_CTS_MODE(21622): true
D/MULTI_WINDOW_SWITCH_ENABLED(21622): false
D/IS_CTS_MODE(21622): true
D/MULTI_WINDOW_SWITCH_ENABLED(21622): false
D/DecorView[](21622): getWindowModeFromSystem  windowmode is 1
D/DecorView[](21622): getWindowModeFromSystem  windowmode is 1
D/DecorView[](21622): updateDecorCaptionStatus displayWindowDecor is false
W/Looper  (21622): PerfMonitor looperActivity : package=com.example.benchmark_container/.MainActivity time=359ms latency=352ms running=0ms  procState=-1  historyMsgCount=3 (msgIndex=1 wall=359ms seq=4 late=352ms h=android.app.ActivityThread$H w=159) (msgIndex=2 wall=359ms seq=4 late=352ms h=android.app.ActivityThread$H w=159) (msgIndex=3 wall=356ms seq=3 h=android.app.ActivityThread$H w=110)
W/Looper  (21622): PerfMonitor looperActivity : package=com.example.benchmark_container/.MainActivity time=1ms latency=712ms running=0ms  procState=-1  historyMsgCount=4 (msgIndex=1 wall=359ms seq=4 h=android.app.ActivityThread$H w=159) (msgIndex=2 wall=359ms seq=4 h=android.app.ActivityThread$H w=159) (msgIndex=3 wall=356ms seq=3 h=android.app.ActivityThread$H w=110) (msgIndex=4 wall=359ms seq=4 h=android.app.ActivityThread$H w=159)
D/SurfaceView(21622): UPDATE null, mIsCastMode = false
D/hw-ProcessState(21622): Binder ioctl to enable oneway spam detection failed: Invalid argument
W/Looper  (21622): PerfMonitor longMsg : seq=8 plan=16:05:23.390 late=363ms wall=1709ms running=0ms h=android.view.Choreographer$FrameHandler c=android.view.Choreographer$FrameDisplayEventReceiver procState=-1
W/Looper  (21622): PerfMonitor doFrame : time=1709ms vsyncFrame=0 latency=363ms procState=-1 historyMsgCount=4 (msgIndex=1 wall=1709ms seq=8 late=363ms h=android.view.Choreographer$FrameHandler c=android.view.Choreographer$FrameDisplayEventReceiver)
I/Choreographer(21622): Skipped 97 frames!  The application may be doing too much work on its main thread.
D/SurfaceView(21622): UPDATE Surface(name=SurfaceView[com.example.benchmark_container/com.example.benchmark_container.MainActivity])/@0xf40fc89, mIsProjectionMode = false
W/Looper  (21622): PerfMonitor doFrame : time=3ms vsyncFrame=0 latency=1630ms procState=-1 historyMsgCount=4
[spm]: Connected to Dart VM service.
I/flutter (21622): 00:00 +0: Performance Benchmark
E/hmark_containe(21622): open libmigui.so failed! dlopen - dlopen failed: library "libmigui.so" not found
D/hmark_containe(21622): MiuiProcessManagerServiceStub setSchedFifo
I/MiuiProcessManagerImpl(21622): setSchedFifo pid:21622, mode:3
D/DecorView[](21622): onWindowFocusChanged hasWindowFocus true
D/DecorView[](21622): getWindowModeFromSystem  windowmode is 1
D/DecorView[](21622): updateDecorCaptionStatus displayWindowDecor is false
D/ProfileInstaller(21622): Installing profile for com.example.benchmark_container
I/flutter (21622): setState 698a51a
[spm]: ProfilerData event received.
I/flutter (21622): [SPM:perf] 698a51a  buildSpan: 2375µs
I/flutter (21622): [spm] Performance monitoring completed for 698a51a
I/flutter (21622): setState 698a51a
[spm]: ProfilerData event received.
I/flutter (21622): [SPM:perf] 698a51a  buildSpan: 2574µs
I/flutter (21622): [spm] Performance monitoring completed for 698a51a
I/flutter (21622): setState 698a51a
[spm]: ProfilerData event received.
I/flutter (21622): [SPM:perf] 698a51a  buildSpan: 3088µs
I/flutter (21622): [spm] Performance monitoring completed for 698a51a
I/flutter (21622): setState 698a51a
[spm]: ProfilerData event received.
I/flutter (21622): [SPM:perf] 698a51a  buildSpan: 2200µs
I/flutter (21622): [spm] Performance monitoring completed for 698a51a
I/flutter (21622): setState 698a51a
I/flutter (21622): [SPM:perf] 698a51a  buildSpan: 2233µs
I/flutter (21622): [spm] Performance monitoring completed for 698a51a
I/flutter (21622): setState 698a51a
[spm]: ProfilerData event received.
[spm]: ProfilerData event received.
I/flutter (21622): [SPM:perf] 698a51a  buildSpan: 2281µs
I/flutter (21622): [spm] Performance monitoring completed for 698a51a
I/flutter (21622): setState 698a51a
[spm]: ProfilerData event received.
I/flutter (21622): [SPM:perf] 698a51a  buildSpan: 2186µs
I/flutter (21622): [spm] Performance monitoring completed for 698a51a
I/flutter (21622): setState 698a51a
[spm]: ProfilerData event received.
I/flutter (21622): [SPM:perf] 698a51a  buildSpan: 2242µs
I/flutter (21622): [spm] Performance monitoring completed for 698a51a
I/flutter (21622): setState 698a51a
[spm]: ProfilerData event received.
I/flutter (21622): [SPM:perf] 698a51a  buildSpan: 2296µs
I/flutter (21622): [spm] Performance monitoring completed for 698a51a
I/flutter (21622): setState 698a51a
[spm]: ProfilerData event received.
I/flutter (21622): [SPM:perf] 698a51a  buildSpan: 3111µs
I/flutter (21622): [spm] Performance monitoring completed for 698a51a
I/flutter (21622): setState 698a51a
[spm]: ProfilerData event received.
I/flutter (21622): [SPM:perf] 698a51a  buildSpan: 2421µs
I/flutter (21622): [spm] Performance monitoring completed for 698a51a
I/flutter (21622): setState 698a51a
[spm]: ProfilerData event received.
I/flutter (21622): [SPM:perf] 698a51a  buildSpan: 2269µs
I/flutter (21622): [spm] Performance monitoring completed for 698a51a
I/flutter (21622): setState 698a51a
[spm]: ProfilerData event received.
I/flutter (21622): [SPM:perf] 698a51a  buildSpan: 2205µs
I/flutter (21622): [spm] Performance monitoring completed for 698a51a
I/flutter (21622): setState 698a51a
[spm]: ProfilerData event received.
I/flutter (21622): [SPM:perf] 698a51a  buildSpan: 2201µs
I/flutter (21622): [spm] Performance monitoring completed for 698a51a
I/flutter (21622): setState 698a51a
[spm]: ProfilerData event received.
I/flutter (21622): [SPM:perf] 698a51a  buildSpan: 2156µs
I/flutter (21622): [spm] Performance monitoring completed for 698a51a
I/flutter (21622): setState 698a51a
[spm]: ProfilerData event received.
I/flutter (21622): [SPM:perf] 698a51a  buildSpan: 2184µs
I/flutter (21622): [spm] Performance monitoring completed for 698a51a
I/flutter (21622): setState 698a51a
[spm]: ProfilerData event received.
I/flutter (21622): [SPM:perf] 698a51a  buildSpan: 2440µs
I/flutter (21622): [spm] Performance monitoring completed for 698a51a
I/flutter (21622): setState 698a51a
[spm]: ProfilerData event received.
I/flutter (21622): [SPM:perf] 698a51a  buildSpan: 3276µs
I/flutter (21622): [spm] Performance monitoring completed for 698a51a
I/flutter (21622): setState 698a51a
I/flutter (21622): [SPM:perf] 698a51a  buildSpan: 2203µs
I/flutter (21622): [spm] Performance monitoring completed for 698a51a
I/flutter (21622): setState 698a51a
[spm]: ProfilerData event received.
[spm]: ProfilerData event received.
I/flutter (21622): [SPM:perf] 698a51a  buildSpan: 2208µs
I/flutter (21622): [spm] Performance monitoring completed for 698a51a
I/flutter (21622): setState 698a51a
[spm]: ProfilerData event received.
I/flutter (21622): [SPM:perf] 698a51a  buildSpan: 2152µs
I/flutter (21622): [spm] Performance monitoring completed for 698a51a
I/flutter (21622): setState 698a51a
I/flutter (21622): [SPM:perf] 698a51a  buildSpan: 2184µs
I/flutter (21622): [spm] Performance monitoring completed for 698a51a
I/flutter (21622): setState 698a51a
[spm]: ProfilerData event received.
[spm]: ProfilerData event received.
I/flutter (21622): [SPM:perf] 698a51a  buildSpan: 2233µs
I/flutter (21622): [spm] Performance monitoring completed for 698a51a
I/flutter (21622): setState 698a51a
[spm]: ProfilerData event received.
I/flutter (21622): [SPM:perf] 698a51a  buildSpan: 2474µs
I/flutter (21622): [spm] Performance monitoring completed for 698a51a
I/flutter (21622): setState 698a51a
[spm]: ProfilerData event received.
I/flutter (21622): [SPM:perf] 698a51a  buildSpan: 2187µs
I/flutter (21622): [spm] Performance monitoring completed for 698a51a
I/flutter (21622): setState 698a51a
I/flutter (21622): [SPM:perf] 698a51a  buildSpan: 2215µs
[spm]: ProfilerData event received.
I/flutter (21622): [spm] Performance monitoring completed for 698a51a
I/flutter (21622): setState 698a51a
[spm]: ProfilerData event received.
I/flutter (21622): [SPM:perf] 698a51a  buildSpan: 2587µs
I/flutter (21622): [spm] Performance monitoring completed for 698a51a
I/flutter (21622): setState 698a51a
[spm]: ProfilerData event received.
I/flutter (21622): [SPM:perf] 698a51a  buildSpan: 2181µs
I/flutter (21622): [spm] Performance monitoring completed for 698a51a
I/flutter (21622): setState 698a51a
[spm]: ProfilerData event received.
I/flutter (21622): [SPM:perf] 698a51a  buildSpan: 2204µs
I/flutter (21622): [spm] Performance monitoring completed for 698a51a
I/flutter (21622): setState 698a51a
I/flutter (21622): [SPM:perf] 698a51a  buildSpan: 2209µs
I/flutter (21622): [spm] Performance monitoring completed for 698a51a
[spm]: ProfilerData event received.
I/flutter (21622): 01:10 +1: (tearDownAll)
I/flutter (21622): 01:11 +2: All tests passed!
All tests passed.
[spm]: Saved 30 profiler events to <ROOT>/dataset/27/redmi9t/raw/20260804-113740/base/e14.jsonl
[spm]: Reverting injection...
4 issues found. (ran in 0.5s)
WARNING: Your Android app project: app located at: <ROOT>/android/app/build.gradle.kts
applies the Kotlin Gradle Plugin, which will cause build failures in future versions of Flutter. 
Please migrate your app to Built-in Kotlin using this guide: https://docs.flutter.dev/release/breaking-changes/migrate-to-built-in-kotlin/for-app-developers

VMServiceFlutterDriver: Connecting to Flutter application at http://127.0.0.1:46631/h8XZFuhGp4Q=/
[spm]: Detected VM service URI: ws://127.0.0.1:46631/h8XZFuhGp4Q=/ws
VMServiceFlutterDriver: Isolate found with number: 7442888356380691
VMServiceFlutterDriver: Isolate 7442888356380691 is runnable.
VMServiceFlutterDriver: Isolate is paused at start.
VMServiceFlutterDriver: Attempting to resume isolate
VMServiceFlutterDriver: Connected to Flutter application.