# sample_id=27/base exec_index=5 ok=True perf_lines=30 vm_events=30 battery_pct=62 soc_temp_millic=46700 battery_temp_c=32.7 charging=False preflight_started=2026-08-04T11:19:29.095120+00:00 started=2026-08-04T11:19:31.698798+00:00 ts=2026-08-04T11:21:29.497036+00:00
[spm]: Running flutter analyze...
Analyzing lib...                                                

   info • The variable name 'add_class_table_dialog_title' isn't a lowerCamelCase identifier. Try changing the name to follow the lowerCamelCase style • lib/dependencies.dart:12:14 • non_constant_identifier_names
   info • Parameters ''key', 'onPressed', 'onLongPress', 'onHover', 'onFocusChange', 'focusNode', 'autofocus', and 'child'' could be super parameters. Trying converting ''key', 'onPressed', 'onLongPress', 'onHover', 'onFocusChange', 'focusNode', 'autofocus', and 'child'' to super parameters • lib/dependencies.dart:22:3 • use_super_parameters
   info • Parameter 'key' could be a super parameter. Trying converting 'key' to a super parameter • lib/generated_widget.dart:6:9 • use_super_parameters
   info • Parameter 'key' could be a super parameter. Trying converting 'key' to a super parameter • lib/generated_widget.dart:55:9 • use_super_parameters

[spm]: Injecting profiler code...
[spm]: Starting app...
Running Gradle task 'assembleProfile'...                        
Running Gradle task 'assembleProfile'...                           21.6s
✓ Built build/app/outputs/flutter-apk/app-profile.apk (61.8MB)
Installing build/app/outputs/flutter-apk/app-profile.apk...      1,997ms
D/MiuiMultiWindowUtils(22362): freeform resolution args raw data:{  "zizhan":{    "freeform_args": {      "inner":{        "vertical_portrait":{"aspect_ratio":0.626, "original_ratio":0.5643,"original_scale":0.74,"top_margin":0.168,"left_margin":0.484},        "horizontal_portrait":{"aspect_ratio":0.626, "original_ratio":0.5643,"original_scale":0.74,"top_margin":0.1222,"left_margin":0.59745},        "vertical_landscape":{"aspect_ratio":1.6, "original_ratio":1,"original_scale":0.604,"top_margin":0.2596,"left_margin":0.2624},        "horizontal_landscape":{"aspect_ratio":1.6, "original_ratio":1,"original_scale":0.604,"top_margin":0.213,"left_margin":0.3758}      },      "outer":{        "vertical_portrait":{"aspect_ratio":0.626, "original_ratio":1,"original_scale":0.74,"top_margin":0.0753,"left_margin":-1},        "horizontal_portrait":{"aspect_ratio":0.626, "original_ratio":1,"original_scale":0.5756,"top_margin":-1,"left_margin":0.0753},        "vertical_landscape":{"aspect_ratio":1.6, "original_ratio":0.6847,"original_scale":0.587,"top_margin":0.0753,"left_margin":-1},        "horizontal_landscape":{"aspect_ratio":1.6, "original_ratio":0.6847,"original_scale":0.587,"top_margin":-1,"left_margin":0.0753}}    },    "mini_freeform_args":{      "inner":{        "vertical_portrait":{"aspect_ratio":0.626, "original_ratio":0.147},        "horizontal_portrait":{"aspect_ratio":0.626, "original_ratio":0.147},        "vertical_landscape":{"aspect_ratio":1.6, "original_ratio":0.165},        "horizontal_landscape":{"aspect_ratio":1.6, "original_ratio":0.165}      },      "outer":{        "vertical_portrait":{"aspect_ratio":0.626, "original_ratio":0.26},        "horizontal_portrait":{"aspect_ratio":0.626, "original_ratio":0.26},        "vertical_landscape":{"aspect_ratio":1.6, "original_ratio":0.293},        "horizontal_landscape":{"aspect_ratio":1.6, "original_ratio":0.293}}    }  },  "wide_default":{    "freeform_args": {        "vertical_portrait":{"aspect_ratio":0.625, "original_ratio":0.5806,"original_scale":0.7574,"top_margin":0.125,"left_margin":0.392},        "horizontal_portrait":{"aspect_ratio":0.625, "original_ratio":0.5806,"original_scale":0.7574,"top_margin":-1,"left_margin":0.6415},        "vertical_landscape":{"aspect_ratio":1.6, "original_ratio":1,"original_scale":0.5153,"top_margin":0.125,"left_margin":0.206},        "horizontal_landscape":{"aspect_ratio":1.6, "original_ratio":1,"original_scale":0.5153,"top_margin":-1,"left_margin":0.456}    },    "mini_freeform_args":{        "vertical_portrait":{"aspect_ratio":0.5625, "original_ratio":0.144},        "horizontal_portrait":{"aspect_ratio":0.5625, "original_ratio":0.144},        "vertical_landscape":{"aspect_ratio":-1, "original_ratio":0.144},        "horizontal_landscape":{"aspect_ratio":-1, "original_ratio":0.144}    }  },  "narrow_default": {    "freeform_args": {        "vertical_portrait":{"aspect_ratio":0.5625, "original_ratio":1,"original_scale":0.7182,"top_margin":0.142,"left_margin":-1},        "horizontal_portrait":{"aspect_ratio":0.8, "original_ratio":1,"original_scale":0.7182,"top_margin":-1,"left_margin":0.05},        "vertical_landscape":{"aspect_ratio":1.6, "original_ratio":0.6545,"original_scale":0.4473,"top_margin":0.142,"left_margin":-1},        "horizontal_landscape":{"aspect_ratio":1.6, "original_ratio":0.6545,"original_scale":0.4473,"top_margin":-1,"left_margin":0.05}    },    "mini_freeform_args":{        "vertical_portrait":{"aspect_ratio":0.5625, "original_ratio":0.3},        "horizontal_portrait":{"aspect_ratio":0.5625, "original_ratio":0.3},        "vertical_landscape":{"aspect_ratio":1.7778, "original_ratio":0.3},        "horizontal_landscape":{"aspect_ratio":1.7778, "original_ratio":0.3}    }  },  "regular_default": {    "freeform_args": {      "vertical_portrait":{"aspect_ratio":0.625, "original_ratio":1,"original_scale":0.7,"top_margin":0.109,"left_margin":-1},      "horizontal_portrait":{"aspect_ratio":0.6667, "original_ratio":1,"original_scale":0.6102,"top_margin":-1,"left_margin":0.026},      "vertical_landscape":{"asp
E/MiuiMultiWindowUtils(22362): initFreeFormResolutionArgs failed, device is lime
D/IS_CTS_MODE(22362): true
D/MULTI_WINDOW_SWITCH_ENABLED(22362): false
D/IS_CTS_MODE(22362): true
D/MULTI_WINDOW_SWITCH_ENABLED(22362): false
D/IS_CTS_MODE(22362): true
D/MULTI_WINDOW_SWITCH_ENABLED(22362): false
D/DecorView[](22362): getWindowModeFromSystem  windowmode is 1
D/DecorView[](22362): getWindowModeFromSystem  windowmode is 1
D/DecorView[](22362): updateDecorCaptionStatus displayWindowDecor is false
W/Looper  (22362): PerfMonitor looperActivity : package=com.example.benchmark_container/.MainActivity time=381ms latency=358ms running=0ms  procState=-1  historyMsgCount=3 (msgIndex=1 wall=381ms seq=4 late=358ms h=android.app.ActivityThread$H w=159) (msgIndex=2 wall=381ms seq=4 late=358ms h=android.app.ActivityThread$H w=159) (msgIndex=3 wall=360ms seq=3 h=android.app.ActivityThread$H w=110)
W/Looper  (22362): PerfMonitor looperActivity : package=com.example.benchmark_container/.MainActivity time=1ms latency=740ms running=0ms  procState=-1  historyMsgCount=4 (msgIndex=1 wall=381ms seq=4 late=358ms h=android.app.ActivityThread$H w=159) (msgIndex=2 wall=381ms seq=4 late=358ms h=android.app.ActivityThread$H w=159) (msgIndex=3 wall=360ms seq=3 h=android.app.ActivityThread$H w=110) (msgIndex=4 wall=381ms seq=4 late=358ms h=android.app.ActivityThread$H w=159)
D/SurfaceView(22362): UPDATE null, mIsCastMode = false
D/hw-ProcessState(22362): Binder ioctl to enable oneway spam detection failed: Invalid argument
W/Looper  (22362): PerfMonitor longMsg : seq=8 plan=14:20:07.876 late=390ms wall=1670ms running=0ms h=android.view.Choreographer$FrameHandler c=android.view.Choreographer$FrameDisplayEventReceiver procState=-1
W/Looper  (22362): PerfMonitor doFrame : time=1670ms vsyncFrame=0 latency=390ms procState=-1 historyMsgCount=7 (msgIndex=1 wall=381ms seq=4 h=android.app.ActivityThread$H w=159) (msgIndex=2 wall=381ms seq=4 h=android.app.ActivityThread$H w=159) (msgIndex=3 wall=1670ms seq=8 late=390ms h=android.view.Choreographer$FrameHandler c=android.view.Choreographer$FrameDisplayEventReceiver) (msgIndex=4 wall=381ms seq=4 h=android.app.ActivityThread$H w=159)
I/Choreographer(22362): Skipped 94 frames!  The application may be doing too much work on its main thread.
D/SurfaceView(22362): UPDATE Surface(name=SurfaceView[com.example.benchmark_container/com.example.benchmark_container.MainActivity])/@0xf40fc89, mIsProjectionMode = false
W/Looper  (22362): PerfMonitor doFrame : time=3ms vsyncFrame=0 latency=1582ms procState=-1 historyMsgCount=4
[spm]: Connected to Dart VM service.
I/flutter (22362): 00:00 +0: Performance Benchmark
E/hmark_containe(22362): open libmigui.so failed! dlopen - dlopen failed: library "libmigui.so" not found
D/hmark_containe(22362): MiuiProcessManagerServiceStub setSchedFifo
I/MiuiProcessManagerImpl(22362): setSchedFifo pid:22362, mode:3
D/DecorView[](22362): onWindowFocusChanged hasWindowFocus true
D/DecorView[](22362): getWindowModeFromSystem  windowmode is 1
D/DecorView[](22362): updateDecorCaptionStatus displayWindowDecor is false
D/ProfileInstaller(22362): Installing profile for com.example.benchmark_container
I/flutter (22362): setState 698a51a
[spm]: ProfilerData event received.
I/flutter (22362): [SPM:perf] 698a51a  buildSpan: 3230µs
I/flutter (22362): [spm] Performance monitoring completed for 698a51a
I/flutter (22362): setState 698a51a
[spm]: ProfilerData event received.
I/flutter (22362): [SPM:perf] 698a51a  buildSpan: 2218µs
I/flutter (22362): [spm] Performance monitoring completed for 698a51a
I/flutter (22362): setState 698a51a
[spm]: ProfilerData event received.
I/flutter (22362): [SPM:perf] 698a51a  buildSpan: 2628µs
I/flutter (22362): [spm] Performance monitoring completed for 698a51a
I/flutter (22362): setState 698a51a
[spm]: ProfilerData event received.
I/flutter (22362): [SPM:perf] 698a51a  buildSpan: 2332µs
I/flutter (22362): [spm] Performance monitoring completed for 698a51a
I/flutter (22362): setState 698a51a
[spm]: ProfilerData event received.
I/flutter (22362): [SPM:perf] 698a51a  buildSpan: 2566µs
I/flutter (22362): [spm] Performance monitoring completed for 698a51a
I/flutter (22362): setState 698a51a
[spm]: ProfilerData event received.
I/flutter (22362): [SPM:perf] 698a51a  buildSpan: 2286µs
I/flutter (22362): [spm] Performance monitoring completed for 698a51a
I/flutter (22362): setState 698a51a
[spm]: ProfilerData event received.
I/flutter (22362): [SPM:perf] 698a51a  buildSpan: 2221µs
I/flutter (22362): [spm] Performance monitoring completed for 698a51a
I/flutter (22362): setState 698a51a
[spm]: ProfilerData event received.
I/flutter (22362): [SPM:perf] 698a51a  buildSpan: 2548µs
I/flutter (22362): [spm] Performance monitoring completed for 698a51a
I/flutter (22362): setState 698a51a
[spm]: ProfilerData event received.
I/flutter (22362): [SPM:perf] 698a51a  buildSpan: 2210µs
I/flutter (22362): [spm] Performance monitoring completed for 698a51a
I/flutter (22362): setState 698a51a
[spm]: ProfilerData event received.
I/flutter (22362): [SPM:perf] 698a51a  buildSpan: 2178µs
I/flutter (22362): [spm] Performance monitoring completed for 698a51a
I/flutter (22362): setState 698a51a
[spm]: ProfilerData event received.
I/flutter (22362): [SPM:perf] 698a51a  buildSpan: 2201µs
I/flutter (22362): [spm] Performance monitoring completed for 698a51a
I/flutter (22362): setState 698a51a
[spm]: ProfilerData event received.
I/flutter (22362): [SPM:perf] 698a51a  buildSpan: 2224µs
I/flutter (22362): [spm] Performance monitoring completed for 698a51a
I/flutter (22362): setState 698a51a
[spm]: ProfilerData event received.
I/flutter (22362): [SPM:perf] 698a51a  buildSpan: 2428µs
I/flutter (22362): [spm] Performance monitoring completed for 698a51a
I/flutter (22362): setState 698a51a
I/flutter (22362): [SPM:perf] 698a51a  buildSpan: 2184µs
I/flutter (22362): [spm] Performance monitoring completed for 698a51a
I/flutter (22362): setState 698a51a
[spm]: ProfilerData event received.
[spm]: ProfilerData event received.
I/flutter (22362): [SPM:perf] 698a51a  buildSpan: 2263µs
I/flutter (22362): [spm] Performance monitoring completed for 698a51a
I/flutter (22362): setState 698a51a
I/flutter (22362): [SPM:perf] 698a51a  buildSpan: 2166µs
[spm]: ProfilerData event received.
I/flutter (22362): [spm] Performance monitoring completed for 698a51a
I/flutter (22362): setState 698a51a
I/flutter (22362): [SPM:perf] 698a51a  buildSpan: 2379µs
I/flutter (22362): [spm] Performance monitoring completed for 698a51a
I/flutter (22362): setState 698a51a
[spm]: ProfilerData event received.
[spm]: ProfilerData event received.
I/flutter (22362): [SPM:perf] 698a51a  buildSpan: 2241µs
I/flutter (22362): [spm] Performance monitoring completed for 698a51a
I/flutter (22362): setState 698a51a
[spm]: ProfilerData event received.
I/flutter (22362): [SPM:perf] 698a51a  buildSpan: 2334µs
I/flutter (22362): [spm] Performance monitoring completed for 698a51a
I/flutter (22362): setState 698a51a
[spm]: ProfilerData event received.
I/flutter (22362): [SPM:perf] 698a51a  buildSpan: 2211µs
I/flutter (22362): [spm] Performance monitoring completed for 698a51a
I/flutter (22362): setState 698a51a
[spm]: ProfilerData event received.
I/flutter (22362): [SPM:perf] 698a51a  buildSpan: 2244µs
I/flutter (22362): [spm] Performance monitoring completed for 698a51a
I/flutter (22362): setState 698a51a
[spm]: ProfilerData event received.
I/flutter (22362): [SPM:perf] 698a51a  buildSpan: 2335µs
I/flutter (22362): [spm] Performance monitoring completed for 698a51a
I/flutter (22362): setState 698a51a
[spm]: ProfilerData event received.
I/flutter (22362): [SPM:perf] 698a51a  buildSpan: 2205µs
I/flutter (22362): [spm] Performance monitoring completed for 698a51a
I/flutter (22362): setState 698a51a
[spm]: ProfilerData event received.
I/flutter (22362): [SPM:perf] 698a51a  buildSpan: 2212µs
I/flutter (22362): [spm] Performance monitoring completed for 698a51a
I/flutter (22362): setState 698a51a
I/flutter (22362): [SPM:perf] 698a51a  buildSpan: 2177µs
I/flutter (22362): [spm] Performance monitoring completed for 698a51a
I/flutter (22362): setState 698a51a
[spm]: ProfilerData event received.
[spm]: ProfilerData event received.
I/flutter (22362): [SPM:perf] 698a51a  buildSpan: 2194µs
I/flutter (22362): [spm] Performance monitoring completed for 698a51a
I/flutter (22362): setState 698a51a
I/flutter (22362): [SPM:perf] 698a51a  buildSpan: 2370µs
I/flutter (22362): [spm] Performance monitoring completed for 698a51a
I/flutter (22362): setState 698a51a
[spm]: ProfilerData event received.
[spm]: ProfilerData event received.
I/flutter (22362): [SPM:perf] 698a51a  buildSpan: 2234µs
I/flutter (22362): [spm] Performance monitoring completed for 698a51a
I/flutter (22362): setState 698a51a
[spm]: ProfilerData event received.
I/flutter (22362): [SPM:perf] 698a51a  buildSpan: 2615µs
I/flutter (22362): [spm] Performance monitoring completed for 698a51a
I/flutter (22362): setState 698a51a
[spm]: ProfilerData event received.
I/flutter (22362): [SPM:perf] 698a51a  buildSpan: 2418µs
I/flutter (22362): [spm] Performance monitoring completed for 698a51a
I/flutter (22362): 01:10 +1: (tearDownAll)
I/flutter (22362): 01:11 +2: All tests passed!
All tests passed.
[spm]: Saved 30 profiler events to <ROOT>/dataset/27/redmi9t/raw/20260804-113740/base/e5.jsonl
[spm]: Reverting injection...
4 issues found. (ran in 0.6s)
WARNING: Your Android app project: app located at: <ROOT>/android/app/build.gradle.kts
applies the Kotlin Gradle Plugin, which will cause build failures in future versions of Flutter. 
Please migrate your app to Built-in Kotlin using this guide: https://docs.flutter.dev/release/breaking-changes/migrate-to-built-in-kotlin/for-app-developers

VMServiceFlutterDriver: Connecting to Flutter application at http://127.0.0.1:33777/ByWMClxmK5M=/
[spm]: Detected VM service URI: ws://127.0.0.1:33777/ByWMClxmK5M=/ws
VMServiceFlutterDriver: Isolate found with number: 3794852496446463
VMServiceFlutterDriver: Isolate 3794852496446463 is runnable.
VMServiceFlutterDriver: Isolate is paused at start.
VMServiceFlutterDriver: Attempting to resume isolate
VMServiceFlutterDriver: Connected to Flutter application.