# sample_id=2446/rev_002_704cf1b0 exec_index=12 ok=True perf_lines=30 vm_events=30 battery_pct=65 soc_temp_millic=39200 battery_temp_c=32.9 charging=False preflight_started=2026-09-13T14:27:26.457234+00:00 started=2026-09-13T14:27:29.204285+00:00 ts=2026-09-13T14:29:14.869345+00:00
[spm]: Running flutter analyze...
Resolving dependencies...
Downloading packages...
  _fe_analyzer_shared 100.0.0 (108.0.0 available)
  analyzer 13.0.0 (14.4.0 available)
  async 2.13.0 (2.13.1 available)
  clock 1.1.2 (1.1.3 available)
  cupertino_icons 1.0.8 (1.0.9 available)
  glob 2.1.3 (2.2.0 available)
  lints 6.0.0 (6.1.0 available)
  matcher 0.12.19 (0.12.20 available)
  material_color_utilities 0.13.0 (0.13.1 available)
  meta 1.18.0 (1.19.0 available)
  package_config 2.2.0 (3.0.0 available)
  platform 3.1.6 (3.2.0 available)
  process 5.0.5 (5.0.6 available)
  pub_semver 2.2.0 (2.2.1 available)
  source_span 1.10.1 (1.10.2 available)
  stack_trace 1.12.1 (1.12.2 available)
  test_api 0.7.11 (0.7.14 available)
  vector_math 2.2.0 (2.4.2 available)
  vm_service 15.0.2 (15.3.0 available)
  webdriver 3.1.0 (3.2.0 available)
  yaml 3.1.3 (3.1.4 available)
Got dependencies!
21 packages have newer versions incompatible with dependency constraints.
Try `flutter pub outdated` for more information.
Analyzing lib...                                                

   info • The part-of directive uses a library name. Try converting the directive to use the URI of the library • lib/dependencies.dart:46:1 • use_string_in_part_of_directives
   info • Unnecessary 'late' modifier. Try removing the 'late' • lib/dependencies.dart:54:1 • unnecessary_late
   info • Redundant initialization to 'null'. Try removing the initializer • lib/dependencies.dart:74:9 • avoid_init_to_null
   info • Library names are not necessary. Remove the library name • lib/generated_widget.dart:2:9 • unnecessary_library_name

[spm]: Injecting profiler code...
[spm]: Starting app...
Running Gradle task 'assembleProfile'...                        
Running Gradle task 'assembleProfile'...                         2,074ms
✓ Built build/app/outputs/flutter-apk/app-profile.apk (34.3MB)
Installing build/app/outputs/flutter-apk/app-profile.apk...      1,439ms
E/MiuiMultiWindowUtils(28353): initFreeFormResolutionArgs failed, device is lime
D/IS_CTS_MODE(28353): true
D/MULTI_WINDOW_SWITCH_ENABLED(28353): false
D/IS_CTS_MODE(28353): true
D/MULTI_WINDOW_SWITCH_ENABLED(28353): false
D/IS_CTS_MODE(28353): true
D/MULTI_WINDOW_SWITCH_ENABLED(28353): false
D/DecorView[](28353): getWindowModeFromSystem  windowmode is 1
D/DecorView[](28353): getWindowModeFromSystem  windowmode is 1
D/DecorView[](28353): updateDecorCaptionStatus displayWindowDecor is false
W/Looper  (28353): PerfMonitor looperActivity : package=com.example.benchmark_container/.MainActivity time=366ms latency=354ms running=0ms  procState=-1  historyMsgCount=3 (msgIndex=1 wall=361ms seq=3 h=android.app.ActivityThread$H w=110) (msgIndex=2 wall=361ms seq=3 h=android.app.ActivityThread$H w=110) (msgIndex=3 wall=361ms seq=3 h=android.app.ActivityThread$H w=110)
W/Looper  (28353): PerfMonitor looperActivity : package=com.example.benchmark_container/.MainActivity time=1ms latency=723ms running=0ms  procState=-1  historyMsgCount=4 (msgIndex=1 wall=361ms seq=3 h=android.app.ActivityThread$H w=110) (msgIndex=2 wall=361ms seq=3 h=android.app.ActivityThread$H w=110) (msgIndex=3 wall=361ms seq=3 h=android.app.ActivityThread$H w=110) (msgIndex=4 wall=366ms seq=4 h=android.app.ActivityThread$H w=159)
D/SurfaceView(28353): UPDATE null, mIsCastMode = false
D/hw-ProcessState(28353): Binder ioctl to enable oneway spam detection failed: Invalid argument
W/Looper  (28353): PerfMonitor longMsg : seq=8 plan=17:27:49.515 late=371ms wall=1662ms running=0ms h=android.view.Choreographer$FrameHandler c=android.view.Choreographer$FrameDisplayEventReceiver procState=-1
W/Looper  (28353): PerfMonitor doFrame : time=1662ms vsyncFrame=0 latency=371ms procState=-1 historyMsgCount=4 (msgIndex=1 wall=1662ms seq=8 late=371ms h=android.view.Choreographer$FrameHandler c=android.view.Choreographer$FrameDisplayEventReceiver)
I/Choreographer(28353): Skipped 94 frames!  The application may be doing too much work on its main thread.
D/SurfaceView(28353): UPDATE Surface(name=SurfaceView[com.example.benchmark_container/com.example.benchmark_container.MainActivity])/@0x739554a, mIsProjectionMode = false
W/Looper  (28353): PerfMonitor doFrame : time=3ms vsyncFrame=0 latency=1574ms procState=-1 historyMsgCount=4
[spm]: Connected to Dart VM service.
I/flutter (28353): 00:00 +0: Performance Benchmark
E/hmark_containe(28353): open libmigui.so failed! dlopen - dlopen failed: library "libmigui.so" not found
D/hmark_containe(28353): MiuiProcessManagerServiceStub setSchedFifo
I/MiuiProcessManagerImpl(28353): setSchedFifo pid:28353, mode:3
D/DecorView[](28353): onWindowFocusChanged hasWindowFocus true
D/DecorView[](28353): getWindowModeFromSystem  windowmode is 1
D/DecorView[](28353): updateDecorCaptionStatus displayWindowDecor is false
D/ProfileInstaller(28353): Installing profile for com.example.benchmark_container
[spm]: ProfilerData event received.
I/flutter (28353): [SPM:perf] 698a51a  buildSpan: 3063µs
I/flutter (28353): [spm] Performance monitoring completed for 698a51a
[spm]: ProfilerData event received.
I/flutter (28353): [SPM:perf] 698a51a  buildSpan: 2852µs
I/flutter (28353): [spm] Performance monitoring completed for 698a51a
[spm]: ProfilerData event received.
I/flutter (28353): [SPM:perf] 698a51a  buildSpan: 3851µs
I/flutter (28353): [spm] Performance monitoring completed for 698a51a
[spm]: ProfilerData event received.
I/flutter (28353): [SPM:perf] 698a51a  buildSpan: 9425µs
I/flutter (28353): [spm] Performance monitoring completed for 698a51a
I/flutter (28353): [SPM:perf] 698a51a  buildSpan: 3210µs
I/flutter (28353): [spm] Performance monitoring completed for 698a51a
[spm]: ProfilerData event received.
[spm]: ProfilerData event received.
I/flutter (28353): [SPM:perf] 698a51a  buildSpan: 4170µs
I/flutter (28353): [spm] Performance monitoring completed for 698a51a
[spm]: ProfilerData event received.
I/flutter (28353): [SPM:perf] 698a51a  buildSpan: 3026µs
I/flutter (28353): [spm] Performance monitoring completed for 698a51a
[spm]: ProfilerData event received.
I/flutter (28353): [SPM:perf] 698a51a  buildSpan: 4071µs
I/flutter (28353): [spm] Performance monitoring completed for 698a51a
[spm]: ProfilerData event received.
I/flutter (28353): [SPM:perf] 698a51a  buildSpan: 3825µs
I/flutter (28353): [spm] Performance monitoring completed for 698a51a
[spm]: ProfilerData event received.
I/flutter (28353): [SPM:perf] 698a51a  buildSpan: 3805µs
I/flutter (28353): [spm] Performance monitoring completed for 698a51a
[spm]: ProfilerData event received.
I/flutter (28353): [SPM:perf] 698a51a  buildSpan: 3146µs
I/flutter (28353): [spm] Performance monitoring completed for 698a51a
[spm]: ProfilerData event received.
I/flutter (28353): [SPM:perf] 698a51a  buildSpan: 3002µs
I/flutter (28353): [spm] Performance monitoring completed for 698a51a
[spm]: ProfilerData event received.
I/flutter (28353): [SPM:perf] 698a51a  buildSpan: 3755µs
I/flutter (28353): [spm] Performance monitoring completed for 698a51a
[spm]: ProfilerData event received.
I/flutter (28353): [SPM:perf] 698a51a  buildSpan: 3917µs
I/flutter (28353): [spm] Performance monitoring completed for 698a51a
[spm]: ProfilerData event received.
I/flutter (28353): [SPM:perf] 698a51a  buildSpan: 3768µs
I/flutter (28353): [spm] Performance monitoring completed for 698a51a
[spm]: ProfilerData event received.
I/flutter (28353): [SPM:perf] 698a51a  buildSpan: 4101µs
I/flutter (28353): [spm] Performance monitoring completed for 698a51a
[spm]: ProfilerData event received.
I/flutter (28353): [SPM:perf] 698a51a  buildSpan: 2769µs
I/flutter (28353): [spm] Performance monitoring completed for 698a51a
[spm]: ProfilerData event received.
I/flutter (28353): [SPM:perf] 698a51a  buildSpan: 3999µs
I/flutter (28353): [spm] Performance monitoring completed for 698a51a
[spm]: ProfilerData event received.
I/flutter (28353): [SPM:perf] 698a51a  buildSpan: 3817µs
I/flutter (28353): [spm] Performance monitoring completed for 698a51a
[spm]: ProfilerData event received.
I/flutter (28353): [SPM:perf] 698a51a  buildSpan: 3957µs
I/flutter (28353): [spm] Performance monitoring completed for 698a51a
I/flutter (28353): [SPM:perf] 698a51a  buildSpan: 4000µs
[spm]: ProfilerData event received.
I/flutter (28353): [spm] Performance monitoring completed for 698a51a
[spm]: ProfilerData event received.
I/flutter (28353): [SPM:perf] 698a51a  buildSpan: 2838µs
I/flutter (28353): [spm] Performance monitoring completed for 698a51a
I/flutter (28353): [SPM:perf] 698a51a  buildSpan: 3045µs
I/flutter (28353): [spm] Performance monitoring completed for 698a51a
[spm]: ProfilerData event received.
[spm]: ProfilerData event received.
I/flutter (28353): [SPM:perf] 698a51a  buildSpan: 3990µs
I/flutter (28353): [spm] Performance monitoring completed for 698a51a
[spm]: ProfilerData event received.
I/flutter (28353): [SPM:perf] 698a51a  buildSpan: 3826µs
I/flutter (28353): [spm] Performance monitoring completed for 698a51a
I/flutter (28353): [SPM:perf] 698a51a  buildSpan: 3179µs
I/flutter (28353): [spm] Performance monitoring completed for 698a51a
[spm]: ProfilerData event received.
[spm]: ProfilerData event received.
I/flutter (28353): [SPM:perf] 698a51a  buildSpan: 3654µs
I/flutter (28353): [spm] Performance monitoring completed for 698a51a
[spm]: ProfilerData event received.
I/flutter (28353): [SPM:perf] 698a51a  buildSpan: 2316µs
I/flutter (28353): [spm] Performance monitoring completed for 698a51a
[spm]: ProfilerData event received.
I/flutter (28353): [SPM:perf] 698a51a  buildSpan: 3043µs
I/flutter (28353): [spm] Performance monitoring completed for 698a51a
[spm]: ProfilerData event received.
I/flutter (28353): [SPM:perf] 698a51a  buildSpan: 3803µs
I/flutter (28353): [spm] Performance monitoring completed for 698a51a
I/flutter (28353): 01:10 +1: (tearDownAll)
I/flutter (28353): 01:11 +2: All tests passed!
All tests passed.
[spm]: Saved 30 profiler events to <ROOT>/dataset-new_samples/2446/redmi9t/raw/20260913-170633/rev_002_704cf1b0/e12.jsonl
[spm]: Reverting injection...
4 issues found. (ran in 0.7s)
WARNING: Your Android app project: app located at: <ROOT>/android/app/build.gradle.kts
applies the Kotlin Gradle Plugin, which will cause build failures in future versions of Flutter. 
Please migrate your app to Built-in Kotlin using this guide: https://docs.flutter.dev/release/breaking-changes/migrate-to-built-in-kotlin/for-app-developers

VMServiceFlutterDriver: Connecting to Flutter application at http://127.0.0.1:44283/A7Yy8YfrgQc=/
[spm]: Detected VM service URI: ws://127.0.0.1:44283/A7Yy8YfrgQc=/ws
VMServiceFlutterDriver: Isolate found with number: 2380508176620415
VMServiceFlutterDriver: Isolate 2380508176620415 is runnable.
VMServiceFlutterDriver: Isolate is paused at start.
VMServiceFlutterDriver: Attempting to resume isolate
VMServiceFlutterDriver: Connected to Flutter application.
VMServiceFlutterDriver: request_data message is taking a long time to complete...