# sample_id=2446/rev_002_704cf1b0 exec_index=2 ok=True perf_lines=30 vm_events=30 battery_pct=62 soc_temp_millic=42000 battery_temp_c=32.7 charging=False preflight_started=2026-09-13T14:55:58.394355+00:00 started=2026-09-13T14:56:01.118265+00:00 ts=2026-09-13T14:58:09.612934+00:00
[spm]: Running flutter analyze...
Resolving dependencies...
Downloading packages...
  _fe_analyzer_shared 100.0.0 (108.0.0 available)
  analyzer 13.0.0 (14.4.0 available)
  async 2.13.0 (2.13.1 available)
  clock 1.1.2 (1.1.3 available)
  cupertino_icons 1.0.8 (1.0.9 available)
  glob 2.1.3 (2.2.0 available)
  lints 6.0.0 (6.1.0 available)
  matcher 0.12.19 (0.12.20 available)
  material_color_utilities 0.13.0 (0.13.1 available)
  meta 1.18.0 (1.19.0 available)
  package_config 2.2.0 (3.0.0 available)
  platform 3.1.6 (3.2.0 available)
  process 5.0.5 (5.0.6 available)
  pub_semver 2.2.0 (2.2.1 available)
  source_span 1.10.1 (1.10.2 available)
  stack_trace 1.12.1 (1.12.2 available)
  test_api 0.7.11 (0.7.14 available)
  vector_math 2.2.0 (2.4.2 available)
  vm_service 15.0.2 (15.3.0 available)
  webdriver 3.1.0 (3.2.0 available)
  yaml 3.1.3 (3.1.4 available)
Got dependencies!
21 packages have newer versions incompatible with dependency constraints.
Try `flutter pub outdated` for more information.
Analyzing lib...                                                

   info • The part-of directive uses a library name. Try converting the directive to use the URI of the library • lib/dependencies.dart:46:1 • use_string_in_part_of_directives
   info • Unnecessary 'late' modifier. Try removing the 'late' • lib/dependencies.dart:54:1 • unnecessary_late
   info • Redundant initialization to 'null'. Try removing the initializer • lib/dependencies.dart:74:9 • avoid_init_to_null
   info • Library names are not necessary. Remove the library name • lib/generated_widget.dart:2:9 • unnecessary_library_name

[spm]: Injecting profiler code...
[spm]: Starting app...
Running Gradle task 'assembleProfile'...                        
Running Gradle task 'assembleProfile'...                           24.0s
✓ Built build/app/outputs/flutter-apk/app-profile.apk (34.3MB)
Installing build/app/outputs/flutter-apk/app-profile.apk...      1,404ms
D/DecorView[](23073): getWindowModeFromSystem  windowmode is 1
D/DecorView[](23073): getWindowModeFromSystem  windowmode is 1
D/DecorView[](23073): updateDecorCaptionStatus displayWindowDecor is false
W/Looper  (23073): PerfMonitor looperActivity : package=com.example.benchmark_container/.MainActivity time=396ms latency=370ms running=0ms  procState=-1  historyMsgCount=3 (msgIndex=3 wall=365ms seq=3 h=android.app.ActivityThread$H w=110)
W/Looper  (23073): PerfMonitor looperActivity : package=com.example.benchmark_container/.MainActivity time=1ms latency=767ms running=0ms  procState=-1  historyMsgCount=4 (msgIndex=3 wall=365ms seq=3 h=android.app.ActivityThread$H w=110) (msgIndex=4 wall=396ms seq=4 late=370ms h=android.app.ActivityThread$H w=159)
D/SurfaceView(23073): UPDATE null, mIsCastMode = false
D/hw-ProcessState(23073): Binder ioctl to enable oneway spam detection failed: Invalid argument
W/Looper  (23073): PerfMonitor longMsg : seq=8 plan=17:56:43.766 late=407ms wall=1650ms running=0ms h=android.view.Choreographer$FrameHandler c=android.view.Choreographer$FrameDisplayEventReceiver procState=-1
W/Looper  (23073): PerfMonitor doFrame : time=1650ms vsyncFrame=0 latency=407ms procState=-1 historyMsgCount=6 (msgIndex=2 wall=1650ms seq=8 late=407ms h=android.view.Choreographer$FrameHandler c=android.view.Choreographer$FrameDisplayEventReceiver) (msgIndex=3 wall=396ms seq=4 h=android.app.ActivityThread$H w=159)
I/Choreographer(23073): Skipped 93 frames!  The application may be doing too much work on its main thread.
D/SurfaceView(23073): UPDATE Surface(name=SurfaceView[com.example.benchmark_container/com.example.benchmark_container.MainActivity])/@0x739554a, mIsProjectionMode = false
W/Looper  (23073): PerfMonitor doFrame : time=2ms vsyncFrame=0 latency=1563ms procState=-1 historyMsgCount=4
[spm]: Connected to Dart VM service.
I/flutter (23073): 00:00 +0: Performance Benchmark
E/hmark_containe(23073): open libmigui.so failed! dlopen - dlopen failed: library "libmigui.so" not found
D/hmark_containe(23073): MiuiProcessManagerServiceStub setSchedFifo
I/MiuiProcessManagerImpl(23073): setSchedFifo pid:23073, mode:3
D/DecorView[](23073): onWindowFocusChanged hasWindowFocus true
D/DecorView[](23073): getWindowModeFromSystem  windowmode is 1
D/DecorView[](23073): updateDecorCaptionStatus displayWindowDecor is false
D/ProfileInstaller(23073): Installing profile for com.example.benchmark_container
I/flutter (23073): [SPM:perf] 698a51a  buildSpan: 3955µs
I/flutter (23073): [spm] Performance monitoring completed for 698a51a
[spm]: ProfilerData event received.
[spm]: ProfilerData event received.
I/flutter (23073): [SPM:perf] 698a51a  buildSpan: 3029µs
I/flutter (23073): [spm] Performance monitoring completed for 698a51a
[spm]: ProfilerData event received.
I/flutter (23073): [SPM:perf] 698a51a  buildSpan: 3659µs
I/flutter (23073): [spm] Performance monitoring completed for 698a51a
I/flutter (23073): [SPM:perf] 698a51a  buildSpan: 9992µs
[spm]: ProfilerData event received.
I/flutter (23073): [spm] Performance monitoring completed for 698a51a
[spm]: ProfilerData event received.
I/flutter (23073): [SPM:perf] 698a51a  buildSpan: 3734µs
I/flutter (23073): [spm] Performance monitoring completed for 698a51a
[spm]: ProfilerData event received.
I/flutter (23073): [SPM:perf] 698a51a  buildSpan: 3947µs
I/flutter (23073): [spm] Performance monitoring completed for 698a51a
[spm]: ProfilerData event received.
I/flutter (23073): [SPM:perf] 698a51a  buildSpan: 3754µs
I/flutter (23073): [spm] Performance monitoring completed for 698a51a
[spm]: ProfilerData event received.
I/flutter (23073): [SPM:perf] 698a51a  buildSpan: 2574µs
I/flutter (23073): [spm] Performance monitoring completed for 698a51a
[spm]: ProfilerData event received.
I/flutter (23073): [SPM:perf] 698a51a  buildSpan: 3782µs
I/flutter (23073): [spm] Performance monitoring completed for 698a51a
I/flutter (23073): [SPM:perf] 698a51a  buildSpan: 3811µs
[spm]: ProfilerData event received.
I/flutter (23073): [spm] Performance monitoring completed for 698a51a
I/flutter (23073): [SPM:perf] 698a51a  buildSpan: 3351µs
I/flutter (23073): [spm] Performance monitoring completed for 698a51a
[spm]: ProfilerData event received.
I/flutter (23073): [SPM:perf] 698a51a  buildSpan: 3763µs
I/flutter (23073): [spm] Performance monitoring completed for 698a51a
[spm]: ProfilerData event received.
[spm]: ProfilerData event received.
I/flutter (23073): [SPM:perf] 698a51a  buildSpan: 2936µs
I/flutter (23073): [spm] Performance monitoring completed for 698a51a
[spm]: ProfilerData event received.
I/flutter (23073): [SPM:perf] 698a51a  buildSpan: 2567µs
I/flutter (23073): [spm] Performance monitoring completed for 698a51a
[spm]: ProfilerData event received.
I/flutter (23073): [SPM:perf] 698a51a  buildSpan: 2949µs
I/flutter (23073): [spm] Performance monitoring completed for 698a51a
[spm]: ProfilerData event received.
I/flutter (23073): [SPM:perf] 698a51a  buildSpan: 4053µs
I/flutter (23073): [spm] Performance monitoring completed for 698a51a
I/flutter (23073): [SPM:perf] 698a51a  buildSpan: 3650µs
I/flutter (23073): [spm] Performance monitoring completed for 698a51a
[spm]: ProfilerData event received.
I/flutter (23073): [SPM:perf] 698a51a  buildSpan: 3801µs
I/flutter (23073): [spm] Performance monitoring completed for 698a51a
[spm]: ProfilerData event received.
[spm]: ProfilerData event received.
I/flutter (23073): [SPM:perf] 698a51a  buildSpan: 2921µs
I/flutter (23073): [spm] Performance monitoring completed for 698a51a
[spm]: ProfilerData event received.
I/flutter (23073): [SPM:perf] 698a51a  buildSpan: 3846µs
I/flutter (23073): [spm] Performance monitoring completed for 698a51a
[spm]: ProfilerData event received.
I/flutter (23073): [SPM:perf] 698a51a  buildSpan: 2861µs
I/flutter (23073): [spm] Performance monitoring completed for 698a51a
[spm]: ProfilerData event received.
I/flutter (23073): [SPM:perf] 698a51a  buildSpan: 2551µs
I/flutter (23073): [spm] Performance monitoring completed for 698a51a
[spm]: ProfilerData event received.
I/flutter (23073): [SPM:perf] 698a51a  buildSpan: 3068µs
I/flutter (23073): [spm] Performance monitoring completed for 698a51a
[spm]: ProfilerData event received.
I/flutter (23073): [SPM:perf] 698a51a  buildSpan: 2122µs
I/flutter (23073): [spm] Performance monitoring completed for 698a51a
I/flutter (23073): [SPM:perf] 698a51a  buildSpan: 3899µs
I/flutter (23073): [spm] Performance monitoring completed for 698a51a
[spm]: ProfilerData event received.
[spm]: ProfilerData event received.
I/flutter (23073): [SPM:perf] 698a51a  buildSpan: 3723µs
I/flutter (23073): [spm] Performance monitoring completed for 698a51a
[spm]: ProfilerData event received.
I/flutter (23073): [SPM:perf] 698a51a  buildSpan: 4281µs
I/flutter (23073): [spm] Performance monitoring completed for 698a51a
[spm]: ProfilerData event received.
I/flutter (23073): [SPM:perf] 698a51a  buildSpan: 3773µs
I/flutter (23073): [spm] Performance monitoring completed for 698a51a
[spm]: ProfilerData event received.
I/flutter (23073): [SPM:perf] 698a51a  buildSpan: 3854µs
I/flutter (23073): [spm] Performance monitoring completed for 698a51a
I/flutter (23073): [SPM:perf] 698a51a  buildSpan: 3114µs
I/flutter (23073): [spm] Performance monitoring completed for 698a51a
[spm]: ProfilerData event received.
I/flutter (23073): 01:10 +1: (tearDownAll)
I/flutter (23073): 01:11 +2: All tests passed!
All tests passed.
[spm]: Saved 30 profiler events to <ROOT>/dataset-new_samples/2446/redmi9t/raw/20260913-170633/rev_002_704cf1b0/e2.jsonl
[spm]: Reverting injection...
4 issues found. (ran in 0.8s)
WARNING: Your Android app project: app located at: <ROOT>/android/app/build.gradle.kts
applies the Kotlin Gradle Plugin, which will cause build failures in future versions of Flutter. 
Please migrate your app to Built-in Kotlin using this guide: https://docs.flutter.dev/release/breaking-changes/migrate-to-built-in-kotlin/for-app-developers

VMServiceFlutterDriver: Connecting to Flutter application at http://127.0.0.1:43941/oxHv3Fmm3WM=/
[spm]: Detected VM service URI: ws://127.0.0.1:43941/oxHv3Fmm3WM=/ws
VMServiceFlutterDriver: Isolate found with number: 6153420328111915
VMServiceFlutterDriver: Isolate 6153420328111915 is runnable.
VMServiceFlutterDriver: Isolate is paused at start.
VMServiceFlutterDriver: Attempting to resume isolate
VMServiceFlutterDriver: Connected to Flutter application.
VMServiceFlutterDriver: request_data message is taking a long time to complete...