# sample_id=2446/rev_002_704cf1b0 exec_index=6 ok=True perf_lines=30 vm_events=30 battery_pct=66 soc_temp_millic=41400 battery_temp_c=33.2 charging=False preflight_started=2026-09-13T14:18:13.521430+00:00 started=2026-09-13T14:18:16.257628+00:00 ts=2026-09-13T14:20:25.348245+00:00
[spm]: Running flutter analyze...
Resolving dependencies...
Downloading packages...
  _fe_analyzer_shared 100.0.0 (108.0.0 available)
  analyzer 13.0.0 (14.4.0 available)
  async 2.13.0 (2.13.1 available)
  clock 1.1.2 (1.1.3 available)
  cupertino_icons 1.0.8 (1.0.9 available)
  glob 2.1.3 (2.2.0 available)
  lints 6.0.0 (6.1.0 available)
  matcher 0.12.19 (0.12.20 available)
  material_color_utilities 0.13.0 (0.13.1 available)
  meta 1.18.0 (1.19.0 available)
  package_config 2.2.0 (3.0.0 available)
  platform 3.1.6 (3.2.0 available)
  process 5.0.5 (5.0.6 available)
  pub_semver 2.2.0 (2.2.1 available)
  source_span 1.10.1 (1.10.2 available)
  stack_trace 1.12.1 (1.12.2 available)
  test_api 0.7.11 (0.7.14 available)
  vector_math 2.2.0 (2.4.2 available)
  vm_service 15.0.2 (15.3.0 available)
  webdriver 3.1.0 (3.2.0 available)
  yaml 3.1.3 (3.1.4 available)
Got dependencies!
21 packages have newer versions incompatible with dependency constraints.
Try `flutter pub outdated` for more information.
Analyzing lib...                                                

   info • The part-of directive uses a library name. Try converting the directive to use the URI of the library • lib/dependencies.dart:46:1 • use_string_in_part_of_directives
   info • Unnecessary 'late' modifier. Try removing the 'late' • lib/dependencies.dart:54:1 • unnecessary_late
   info • Redundant initialization to 'null'. Try removing the initializer • lib/dependencies.dart:74:9 • avoid_init_to_null
   info • Library names are not necessary. Remove the library name • lib/generated_widget.dart:2:9 • unnecessary_library_name

[spm]: Injecting profiler code...
[spm]: Starting app...
Running Gradle task 'assembleProfile'...                        
Running Gradle task 'assembleProfile'...                           24.4s
✓ Built build/app/outputs/flutter-apk/app-profile.apk (34.3MB)
Installing build/app/outputs/flutter-apk/app-profile.apk...      1,400ms
W/Looper  (31078): PerfMonitor longMsg : seq=8 plan=17:18:59.603 late=474ms wall=1739ms running=0ms h=android.view.Choreographer$FrameHandler c=android.view.Choreographer$FrameDisplayEventReceiver procState=-1
W/Looper  (31078): PerfMonitor doFrame : time=1739ms vsyncFrame=0 latency=474ms procState=-1 historyMsgCount=6 (msgIndex=2 wall=1739ms seq=8 late=474ms h=android.view.Choreographer$FrameHandler c=android.view.Choreographer$FrameDisplayEventReceiver) (msgIndex=3 wall=458ms seq=4 h=android.app.ActivityThread$H w=159)
I/Choreographer(31078): Skipped 98 frames!  The application may be doing too much work on its main thread.
D/SurfaceView(31078): UPDATE Surface(name=SurfaceView[com.example.benchmark_container/com.example.benchmark_container.MainActivity])/@0x739554a, mIsProjectionMode = false
W/Looper  (31078): PerfMonitor doFrame : time=2ms vsyncFrame=0 latency=1638ms procState=-1 historyMsgCount=5
[spm]: Connected to Dart VM service.
I/flutter (31078): 00:00 +0: Performance Benchmark
E/hmark_containe(31078): open libmigui.so failed! dlopen - dlopen failed: library "libmigui.so" not found
D/hmark_containe(31078): MiuiProcessManagerServiceStub setSchedFifo
I/MiuiProcessManagerImpl(31078): setSchedFifo pid:31078, mode:3
D/DecorView[](31078): onWindowFocusChanged hasWindowFocus true
D/DecorView[](31078): getWindowModeFromSystem  windowmode is 1
D/DecorView[](31078): updateDecorCaptionStatus displayWindowDecor is false
D/ProfileInstaller(31078): Installing profile for com.example.benchmark_container
[spm]: ProfilerData event received.
I/flutter (31078): [SPM:perf] 698a51a  buildSpan: 4044µs
I/flutter (31078): [spm] Performance monitoring completed for 698a51a
[spm]: ProfilerData event received.
I/flutter (31078): [SPM:perf] 698a51a  buildSpan: 2764µs
I/flutter (31078): [spm] Performance monitoring completed for 698a51a
[spm]: ProfilerData event received.
I/flutter (31078): [SPM:perf] 698a51a  buildSpan: 3699µs
I/flutter (31078): [spm] Performance monitoring completed for 698a51a
[spm]: ProfilerData event received.
I/flutter (31078): [SPM:perf] 698a51a  buildSpan: 10922µs
I/flutter (31078): [spm] Performance monitoring completed for 698a51a
[spm]: ProfilerData event received.
I/flutter (31078): [SPM:perf] 698a51a  buildSpan: 3925µs
I/flutter (31078): [spm] Performance monitoring completed for 698a51a
[spm]: ProfilerData event received.
I/flutter (31078): [SPM:perf] 698a51a  buildSpan: 3709µs
I/flutter (31078): [spm] Performance monitoring completed for 698a51a
[spm]: ProfilerData event received.
I/flutter (31078): [SPM:perf] 698a51a  buildSpan: 3338µs
I/flutter (31078): [spm] Performance monitoring completed for 698a51a
[spm]: ProfilerData event received.
I/flutter (31078): [SPM:perf] 698a51a  buildSpan: 2233µs
I/flutter (31078): [spm] Performance monitoring completed for 698a51a
I/flutter (31078): [SPM:perf] 698a51a  buildSpan: 3816µs
[spm]: ProfilerData event received.
I/flutter (31078): [spm] Performance monitoring completed for 698a51a
[spm]: ProfilerData event received.
I/flutter (31078): [SPM:perf] 698a51a  buildSpan: 3909µs
I/flutter (31078): [spm] Performance monitoring completed for 698a51a
I/flutter (31078): [SPM:perf] 698a51a  buildSpan: 3369µs
I/flutter (31078): [spm] Performance monitoring completed for 698a51a
[spm]: ProfilerData event received.
[spm]: ProfilerData event received.
I/flutter (31078): [SPM:perf] 698a51a  buildSpan: 3823µs
I/flutter (31078): [spm] Performance monitoring completed for 698a51a
I/flutter (31078): [SPM:perf] 698a51a  buildSpan: 2938µs
I/flutter (31078): [spm] Performance monitoring completed for 698a51a
[spm]: ProfilerData event received.
I/flutter (31078): [SPM:perf] 698a51a  buildSpan: 3963µs
I/flutter (31078): [spm] Performance monitoring completed for 698a51a
[spm]: ProfilerData event received.
[spm]: ProfilerData event received.
I/flutter (31078): [SPM:perf] 698a51a  buildSpan: 2685µs
I/flutter (31078): [spm] Performance monitoring completed for 698a51a
[spm]: ProfilerData event received.
I/flutter (31078): [SPM:perf] 698a51a  buildSpan: 3898µs
I/flutter (31078): [spm] Performance monitoring completed for 698a51a
[spm]: ProfilerData event received.
I/flutter (31078): [SPM:perf] 698a51a  buildSpan: 3895µs
I/flutter (31078): [spm] Performance monitoring completed for 698a51a
[spm]: ProfilerData event received.
I/flutter (31078): [SPM:perf] 698a51a  buildSpan: 2943µs
I/flutter (31078): [spm] Performance monitoring completed for 698a51a
I/flutter (31078): [SPM:perf] 698a51a  buildSpan: 3732µs
I/flutter (31078): [spm] Performance monitoring completed for 698a51a
[spm]: ProfilerData event received.
I/flutter (31078): [SPM:perf] 698a51a  buildSpan: 3948µs
I/flutter (31078): [spm] Performance monitoring completed for 698a51a
[spm]: ProfilerData event received.
[spm]: ProfilerData event received.
I/flutter (31078): [SPM:perf] 698a51a  buildSpan: 3448µs
I/flutter (31078): [spm] Performance monitoring completed for 698a51a
I/flutter (31078): [SPM:perf] 698a51a  buildSpan: 3821µs
I/flutter (31078): [spm] Performance monitoring completed for 698a51a
[spm]: ProfilerData event received.
[spm]: ProfilerData event received.
I/flutter (31078): [SPM:perf] 698a51a  buildSpan: 2972µs
I/flutter (31078): [spm] Performance monitoring completed for 698a51a
[spm]: ProfilerData event received.
I/flutter (31078): [SPM:perf] 698a51a  buildSpan: 3895µs
I/flutter (31078): [spm] Performance monitoring completed for 698a51a
[spm]: ProfilerData event received.
I/flutter (31078): [SPM:perf] 698a51a  buildSpan: 3923µs
I/flutter (31078): [spm] Performance monitoring completed for 698a51a
I/flutter (31078): [SPM:perf] 698a51a  buildSpan: 2896µs
I/flutter (31078): [spm] Performance monitoring completed for 698a51a
[spm]: ProfilerData event received.
I/flutter (31078): [SPM:perf] 698a51a  buildSpan: 3813µs
I/flutter (31078): [spm] Performance monitoring completed for 698a51a
[spm]: ProfilerData event received.
I/flutter (31078): [SPM:perf] 698a51a  buildSpan: 2598µs
I/flutter (31078): [spm] Performance monitoring completed for 698a51a
[spm]: ProfilerData event received.
I/flutter (31078): [SPM:perf] 698a51a  buildSpan: 3138µs
I/flutter (31078): [spm] Performance monitoring completed for 698a51a
[spm]: ProfilerData event received.
[spm]: ProfilerData event received.
I/flutter (31078): [SPM:perf] 698a51a  buildSpan: 3060µs
I/flutter (31078): [spm] Performance monitoring completed for 698a51a
I/flutter (31078): 01:10 +1: (tearDownAll)
I/flutter (31078): 01:11 +2: All tests passed!
All tests passed.
[spm]: Saved 30 profiler events to <ROOT>/dataset-new_samples/2446/redmi9t/raw/20260913-170633/rev_002_704cf1b0/e6.jsonl
[spm]: Reverting injection...
4 issues found. (ran in 0.8s)
WARNING: Your Android app project: app located at: <ROOT>/android/app/build.gradle.kts
applies the Kotlin Gradle Plugin, which will cause build failures in future versions of Flutter. 
Please migrate your app to Built-in Kotlin using this guide: https://docs.flutter.dev/release/breaking-changes/migrate-to-built-in-kotlin/for-app-developers

VMServiceFlutterDriver: Connecting to Flutter application at http://127.0.0.1:36713/YmkN1S11YgI=/
[spm]: Detected VM service URI: ws://127.0.0.1:36713/YmkN1S11YgI=/ws
VMServiceFlutterDriver: Isolate found with number: 3860541572859667
VMServiceFlutterDriver: Isolate 3860541572859667 is runnable.
VMServiceFlutterDriver: Isolate is paused at start.
VMServiceFlutterDriver: Attempting to resume isolate
VMServiceFlutterDriver: Connected to Flutter application.
VMServiceFlutterDriver: request_data message is taking a long time to complete...