# sample_id=2962/rev_002_6a56bffb exec_index=11 ok=True perf_lines=30 vm_events=30 battery_pct=62 soc_temp_millic=37700 battery_temp_c=31.1 charging=False preflight_started=2026-09-14T16:36:51.142104+00:00 started=2026-09-14T16:36:53.899424+00:00 ts=2026-09-14T16:39:05.675376+00:00
[spm]: Running flutter analyze...
Resolving dependencies...
Downloading packages...
  _fe_analyzer_shared 100.0.0 (108.0.0 available)
  analyzer 13.0.0 (14.4.0 available)
  async 2.13.0 (2.13.1 available)
  clock 1.1.2 (1.1.3 available)
  cupertino_icons 1.0.8 (1.0.9 available)
  glob 2.1.3 (2.2.0 available)
  lints 6.0.0 (6.1.0 available)
  matcher 0.12.19 (0.12.20 available)
  material_color_utilities 0.13.0 (0.13.1 available)
  meta 1.18.0 (1.19.0 available)
  package_config 2.2.0 (3.0.0 available)
  platform 3.1.6 (3.2.0 available)
  process 5.0.5 (5.0.6 available)
  pub_semver 2.2.0 (2.2.1 available)
  source_span 1.10.1 (1.10.2 available)
  stack_trace 1.12.1 (1.12.2 available)
  test_api 0.7.11 (0.7.14 available)
  vector_math 2.2.0 (2.4.2 available)
  vm_service 15.0.2 (15.3.0 available)
  webdriver 3.1.0 (3.2.0 available)
  yaml 3.1.3 (3.1.4 available)
Got dependencies!
21 packages have newer versions incompatible with dependency constraints.
Try `flutter pub outdated` for more information.
Analyzing lib...                                                

   info • The part-of directive uses a library name. Try converting the directive to use the URI of the library • lib/dependencies.dart:46:1 • use_string_in_part_of_directives
   info • The variable name 'EEEE' isn't a lowerCamelCase identifier. Try changing the name to follow the lowerCamelCase style • lib/dependencies.dart:74:14 • non_constant_identifier_names
   info • The variable name 'EEEEE' isn't a lowerCamelCase identifier. Try changing the name to follow the lowerCamelCase style • lib/dependencies.dart:75:14 • non_constant_identifier_names
   info • The variable name 'LLL' isn't a lowerCamelCase identifier. Try changing the name to follow the lowerCamelCase style • lib/dependencies.dart:76:14 • non_constant_identifier_names
   info • The variable name 'LLLL' isn't a lowerCamelCase identifier. Try changing the name to follow the lowerCamelCase style • lib/dependencies.dart:77:14 • non_constant_identifier_names
   info • The variable name 'Md' isn't a lowerCamelCase identifier. Try changing the name to follow the lowerCamelCase style • lib/dependencies.dart:79:14 • non_constant_identifier_names
   info • The variable name 'MEd' isn't a lowerCamelCase identifier. Try changing the name to follow the lowerCamelCase style • lib/dependencies.dart:80:14 • non_constant_identifier_names
   info • The variable name 'MMM' isn't a lowerCamelCase identifier. Try changing the name to follow the lowerCamelCase style • lib/dependencies.dart:81:14 • non_constant_identifier_names
   info • The variable name 'MMMd' isn't a lowerCamelCase identifier. Try changing the name to follow the lowerCamelCase style • lib/dependencies.dart:82:14 • non_constant_identifier_names
   info • The variable name 'MMMEd' isn't a lowerCamelCase identifier. Try changing the name to follow the lowerCamelCase style • lib/dependencies.dart:83:14 • non_constant_identifier_names
   info • The variable name 'MMMM' isn't a lowerCamelCase identifier. Try changing the name to follow the lowerCamelCase style • lib/dependencies.dart:84:14 • non_constant_identifier_names
   info • The variable name 'MMMMd' isn't a lowerCamelCase identifier. Try changing the name to follow the lowerCamelCase style • lib/dependencies.dart:85:14 • non_constant_identifier_names
   info • The variable name 'MMMMEEEEd' isn't a lowerCamelCase identifier. Try changing the name to follow the lowerCamelCase style • lib/dependencies.dart:86:14 • non_constant_identifier_names
   info • The variable name 'QQQ' isn't a lowerCamelCase identifier. Try changing the name to follow the lowerCamelCase style • lib/dependencies.dart:87:14 • non_constant_identifier_names
   info • The variable name 'QQQQ' isn't a lowerCamelCase identifier. Try changing the name to follow the lowerCamelCase style • lib/dependencies.dart:88:14 • non_constant_identifier_names
   info • The variable name 'Hm' isn't a lowerCamelCase identifier. Try changing the name to follow the lowerCamelCase style • lib/dependencies.dart:102:14 • non_constant_identifier_names
   info • The variable name 'Hms' isn't a lowerCamelCase identifier. Try changing the name to follow the lowerCamelCase style • lib/dependencies.dart:103:14 • non_constant_identifier_names
   info • Constructors in '@immutable' classes should be declared as 'const'. Try adding 'const' to the constructor declaration • lib/dependencies.dart:140:3 • prefer_const_constructors_in_immutables
   info • Constructors in '@immutable' classes should be declared as 'const'. Try adding 'const' to the constructor declaration • lib/dependencies.dart:161:3 • prefer_const_constructors_in_immutables
   info • Constructors in '@immutable' classes should be declared as 'const'. Try adding 'const' to the constructor declaration • lib/dependencies.dart:182:3 • prefer_const_constructors_in_immutables
   info • Constructors in '@immutable' classes should be declared as 'const'. Try adding 'const' to the constructor declaration • lib/dependencies.dart:201:3 • prefer_const_constructors_in_immutables
   info • Constructors in '@immutable' classes should be declared as 'const'. Try adding 'const' to the constructor declaration • lib/dependencies.dart:220:3 • prefer_const_constructors_in_immutables
   info • Library names are not necessary. Remove the library name • lib/generated_widget.dart:2:9 • unnecessary_library_name
   info • Constructors in '@immutable' classes should be declared as 'const'. Try adding 'const' to the constructor declaration • lib/generated_widget.dart:11:3 • prefer_const_constructors_in_immutables
   info • The local variable '_onNavBarTap' starts with an underscore. Try renaming the variable to not start with an underscore • lib/generated_widget.dart:46:10 • no_leading_underscores_for_local_identifiers
   info • The private field _selectedIndex could be 'final'. Try making the field 'final' • lib/generated_widget.dart:79:7 • prefer_final_fields
   info • The private field _isActive could be 'final'. Try making the field 'final' • lib/generated_widget.dart:404:8 • prefer_final_fields
   info • The private field _isActive could be 'final'. Try making the field 'final' • lib/generated_widget.dart:545:8 • prefer_final_fields
   info • 'withOpacity' is deprecated and shouldn't be used. Use .withValues() to avoid precision loss. Try replacing the use of the deprecated member with the replacement • lib/generated_widget.dart:557:55 • deprecated_member_use
   info • 'activeColor' is deprecated and shouldn't be used. Use activeThumbColor instead. This feature was deprecated after v3.31.0-2.0.pre. Try replacing the use of the deprecated member with the replacement • lib/generated_widget.dart:558:7 • deprecated_member_use

[spm]: Injecting profiler code...
[spm]: Starting app...
Running Gradle task 'assembleProfile'...                        
Running Gradle task 'assembleProfile'...                           24.9s
✓ Built build/app/outputs/flutter-apk/app-profile.apk (26.8MB)
Installing build/app/outputs/flutter-apk/app-profile.apk...      1,222ms
D/MiuiMultiWindowUtils(21327): freeform resolution args raw data:{  "zizhan":{    "freeform_args": {      "inner":{        "vertical_portrait":{"aspect_ratio":0.626, "original_ratio":0.5643,"original_scale":0.74,"top_margin":0.168,"left_margin":0.484},        "horizontal_portrait":{"aspect_ratio":0.626, "original_ratio":0.5643,"original_scale":0.74,"top_margin":0.1222,"left_margin":0.59745},        "vertical_landscape":{"aspect_ratio":1.6, "original_ratio":1,"original_scale":0.604,"top_margin":0.2596,"left_margin":0.2624},        "horizontal_landscape":{"aspect_ratio":1.6, "original_ratio":1,"original_scale":0.604,"top_margin":0.213,"left_margin":0.3758}      },      "outer":{        "vertical_portrait":{"aspect_ratio":0.626, "original_ratio":1,"original_scale":0.74,"top_margin":0.0753,"left_margin":-1},        "horizontal_portrait":{"aspect_ratio":0.626, "original_ratio":1,"original_scale":0.5756,"top_margin":-1,"left_margin":0.0753},        "vertical_landscape":{"aspect_ratio":1.6, "original_ratio":0.6847,"original_scale":0.587,"top_margin":0.0753,"left_margin":-1},        "horizontal_landscape":{"aspect_ratio":1.6, "original_ratio":0.6847,"original_scale":0.587,"top_margin":-1,"left_margin":0.0753}}    },    "mini_freeform_args":{      "inner":{        "vertical_portrait":{"aspect_ratio":0.626, "original_ratio":0.147},        "horizontal_portrait":{"aspect_ratio":0.626, "original_ratio":0.147},        "vertical_landscape":{"aspect_ratio":1.6, "original_ratio":0.165},        "horizontal_landscape":{"aspect_ratio":1.6, "original_ratio":0.165}      },      "outer":{        "vertical_portrait":{"aspect_ratio":0.626, "original_ratio":0.26},        "horizontal_portrait":{"aspect_ratio":0.626, "original_ratio":0.26},        "vertical_landscape":{"aspect_ratio":1.6, "original_ratio":0.293},        "horizontal_landscape":{"aspect_ratio":1.6, "original_ratio":0.293}}    }  },  "wide_default":{    "freeform_args": {        "vertical_portrait":{"aspect_ratio":0.625, "original_ratio":0.5806,"original_scale":0.7574,"top_margin":0.125,"left_margin":0.392},        "horizontal_portrait":{"aspect_ratio":0.625, "original_ratio":0.5806,"original_scale":0.7574,"top_margin":-1,"left_margin":0.6415},        "vertical_landscape":{"aspect_ratio":1.6, "original_ratio":1,"original_scale":0.5153,"top_margin":0.125,"left_margin":0.206},        "horizontal_landscape":{"aspect_ratio":1.6, "original_ratio":1,"original_scale":0.5153,"top_margin":-1,"left_margin":0.456}    },    "mini_freeform_args":{        "vertical_portrait":{"aspect_ratio":0.5625, "original_ratio":0.144},        "horizontal_portrait":{"aspect_ratio":0.5625, "original_ratio":0.144},        "vertical_landscape":{"aspect_ratio":-1, "original_ratio":0.144},        "horizontal_landscape":{"aspect_ratio":-1, "original_ratio":0.144}    }  },  "narrow_default": {    "freeform_args": {        "vertical_portrait":{"aspect_ratio":0.5625, "original_ratio":1,"original_scale":0.7182,"top_margin":0.142,"left_margin":-1},        "horizontal_portrait":{"aspect_ratio":0.8, "original_ratio":1,"original_scale":0.7182,"top_margin":-1,"left_margin":0.05},        "vertical_landscape":{"aspect_ratio":1.6, "original_ratio":0.6545,"original_scale":0.4473,"top_margin":0.142,"left_margin":-1},        "horizontal_landscape":{"aspect_ratio":1.6, "original_ratio":0.6545,"original_scale":0.4473,"top_margin":-1,"left_margin":0.05}    },    "mini_freeform_args":{        "vertical_portrait":{"aspect_ratio":0.5625, "original_ratio":0.3},        "horizontal_portrait":{"aspect_ratio":0.5625, "original_ratio":0.3},        "vertical_landscape":{"aspect_ratio":1.7778, "original_ratio":0.3},        "horizontal_landscape":{"aspect_ratio":1.7778, "original_ratio":0.3}    }  },  "regular_default": {    "freeform_args": {      "vertical_portrait":{"aspect_ratio":0.625, "original_ratio":1,"original_scale":0.7,"top_margin":0.109,"left_margin":-1},      "horizontal_portrait":{"aspect_ratio":0.6667, "original_ratio":1,"original_scale":0.6102,"top_margin":-1,"left_margin":0.026},      "vertical_landscape":{"asp
E/MiuiMultiWindowUtils(21327): initFreeFormResolutionArgs failed, device is lime
D/IS_CTS_MODE(21327): true
D/MULTI_WINDOW_SWITCH_ENABLED(21327): false
D/IS_CTS_MODE(21327): true
D/MULTI_WINDOW_SWITCH_ENABLED(21327): false
D/IS_CTS_MODE(21327): true
D/MULTI_WINDOW_SWITCH_ENABLED(21327): false
D/DecorView[](21327): getWindowModeFromSystem  windowmode is 1
D/DecorView[](21327): getWindowModeFromSystem  windowmode is 1
D/DecorView[](21327): updateDecorCaptionStatus displayWindowDecor is false
W/Looper  (21327): PerfMonitor looperActivity : package=com.example.benchmark_container/.MainActivity time=376ms latency=411ms running=0ms  procState=-1  historyMsgCount=3 (msgIndex=1 wall=376ms seq=4 late=411ms h=android.app.ActivityThread$H w=159) (msgIndex=2 wall=376ms seq=4 late=411ms h=android.app.ActivityThread$H w=159) (msgIndex=3 wall=413ms seq=3 h=android.app.ActivityThread$H w=110)
W/Looper  (21327): PerfMonitor looperActivity : package=com.example.benchmark_container/.MainActivity time=0ms latency=789ms running=0ms  procState=-1  historyMsgCount=4 (msgIndex=1 wall=376ms seq=4 h=android.app.ActivityThread$H w=159) (msgIndex=2 wall=376ms seq=4 h=android.app.ActivityThread$H w=159) (msgIndex=3 wall=413ms seq=3 h=android.app.ActivityThread$H w=110) (msgIndex=4 wall=376ms seq=4 h=android.app.ActivityThread$H w=159)
D/SurfaceView(21327): UPDATE null, mIsCastMode = false
D/hw-ProcessState(21327): Binder ioctl to enable oneway spam detection failed: Invalid argument
W/Looper  (21327): PerfMonitor longMsg : seq=8 plan=19:37:39.231 late=379ms wall=1705ms running=0ms h=android.view.Choreographer$FrameHandler c=android.view.Choreographer$FrameDisplayEventReceiver procState=-1
W/Looper  (21327): PerfMonitor doFrame : time=1705ms vsyncFrame=0 latency=379ms procState=-1 historyMsgCount=4 (msgIndex=1 wall=1705ms seq=8 late=379ms h=android.view.Choreographer$FrameHandler c=android.view.Choreographer$FrameDisplayEventReceiver)
I/Choreographer(21327): Skipped 97 frames!  The application may be doing too much work on its main thread.
D/SurfaceView(21327): UPDATE Surface(name=SurfaceView[com.example.benchmark_container/com.example.benchmark_container.MainActivity])/@0x739554a, mIsProjectionMode = false
W/Looper  (21327): PerfMonitor doFrame : time=3ms vsyncFrame=0 latency=1625ms procState=-1 historyMsgCount=4
[spm]: Connected to Dart VM service.
I/flutter (21327): 00:00 +0: Performance Benchmark
E/hmark_containe(21327): open libmigui.so failed! dlopen - dlopen failed: library "libmigui.so" not found
D/hmark_containe(21327): MiuiProcessManagerServiceStub setSchedFifo
I/MiuiProcessManagerImpl(21327): setSchedFifo pid:21327, mode:3
D/DecorView[](21327): onWindowFocusChanged hasWindowFocus true
D/DecorView[](21327): getWindowModeFromSystem  windowmode is 1
D/DecorView[](21327): updateDecorCaptionStatus displayWindowDecor is false
D/ProfileInstaller(21327): Installing profile for com.example.benchmark_container
[spm]: ProfilerData event received.
I/flutter (21327): [SPM:perf] 698a51a  buildSpan: 3156µs
I/flutter (21327): [spm] Performance monitoring completed for 698a51a
[spm]: ProfilerData event received.
I/flutter (21327): [SPM:perf] 698a51a  buildSpan: 2859µs
I/flutter (21327): [spm] Performance monitoring completed for 698a51a
[spm]: ProfilerData event received.
I/flutter (21327): [SPM:perf] 698a51a  buildSpan: 2087µs
I/flutter (21327): [spm] Performance monitoring completed for 698a51a
[spm]: ProfilerData event received.
I/flutter (21327): [SPM:perf] 698a51a  buildSpan: 2124µs
I/flutter (21327): [spm] Performance monitoring completed for 698a51a
[spm]: ProfilerData event received.
I/flutter (21327): [SPM:perf] 698a51a  buildSpan: 2540µs
I/flutter (21327): [spm] Performance monitoring completed for 698a51a
[spm]: ProfilerData event received.
I/flutter (21327): [SPM:perf] 698a51a  buildSpan: 3001µs
I/flutter (21327): [spm] Performance monitoring completed for 698a51a
[spm]: ProfilerData event received.
I/flutter (21327): [SPM:perf] 698a51a  buildSpan: 2610µs
I/flutter (21327): [spm] Performance monitoring completed for 698a51a
[spm]: ProfilerData event received.
I/flutter (21327): [SPM:perf] 698a51a  buildSpan: 2923µs
I/flutter (21327): [spm] Performance monitoring completed for 698a51a
[spm]: ProfilerData event received.
I/flutter (21327): [SPM:perf] 698a51a  buildSpan: 2818µs
I/flutter (21327): [spm] Performance monitoring completed for 698a51a
I/flutter (21327): [SPM:perf] 698a51a  buildSpan: 2884µs
I/flutter (21327): [spm] Performance monitoring completed for 698a51a
[spm]: ProfilerData event received.
[spm]: ProfilerData event received.
I/flutter (21327): [SPM:perf] 698a51a  buildSpan: 2176µs
I/flutter (21327): [spm] Performance monitoring completed for 698a51a
I/flutter (21327): [SPM:perf] 698a51a  buildSpan: 3127µs
[spm]: ProfilerData event received.
I/flutter (21327): [spm] Performance monitoring completed for 698a51a
[spm]: ProfilerData event received.
I/flutter (21327): [SPM:perf] 698a51a  buildSpan: 3002µs
I/flutter (21327): [spm] Performance monitoring completed for 698a51a
I/flutter (21327): [SPM:perf] 698a51a  buildSpan: 2601µs
[spm]: ProfilerData event received.
I/flutter (21327): [spm] Performance monitoring completed for 698a51a
[spm]: ProfilerData event received.
I/flutter (21327): [SPM:perf] 698a51a  buildSpan: 4559µs
I/flutter (21327): [spm] Performance monitoring completed for 698a51a
[spm]: ProfilerData event received.
I/flutter (21327): [SPM:perf] 698a51a  buildSpan: 2038µs
I/flutter (21327): [spm] Performance monitoring completed for 698a51a
I/flutter (21327): [SPM:perf] 698a51a  buildSpan: 2434µs
I/flutter (21327): [spm] Performance monitoring completed for 698a51a
[spm]: ProfilerData event received.
[spm]: ProfilerData event received.
I/flutter (21327): [SPM:perf] 698a51a  buildSpan: 2437µs
I/flutter (21327): [spm] Performance monitoring completed for 698a51a
[spm]: ProfilerData event received.
I/flutter (21327): [SPM:perf] 698a51a  buildSpan: 1755µs
I/flutter (21327): [spm] Performance monitoring completed for 698a51a
[spm]: ProfilerData event received.
I/flutter (21327): [SPM:perf] 698a51a  buildSpan: 2689µs
I/flutter (21327): [spm] Performance monitoring completed for 698a51a
I/flutter (21327): [SPM:perf] 698a51a  buildSpan: 1884µs
[spm]: ProfilerData event received.
I/flutter (21327): [spm] Performance monitoring completed for 698a51a
[spm]: ProfilerData event received.
I/flutter (21327): [SPM:perf] 698a51a  buildSpan: 2861µs
I/flutter (21327): [spm] Performance monitoring completed for 698a51a
I/flutter (21327): [SPM:perf] 698a51a  buildSpan: 3184µs
[spm]: ProfilerData event received.
I/flutter (21327): [spm] Performance monitoring completed for 698a51a
[spm]: ProfilerData event received.
I/flutter (21327): [SPM:perf] 698a51a  buildSpan: 3157µs
I/flutter (21327): [spm] Performance monitoring completed for 698a51a
[spm]: ProfilerData event received.
I/flutter (21327): [SPM:perf] 698a51a  buildSpan: 2144µs
I/flutter (21327): [spm] Performance monitoring completed for 698a51a
I/flutter (21327): [SPM:perf] 698a51a  buildSpan: 2856µs
I/flutter (21327): [spm] Performance monitoring completed for 698a51a
[spm]: ProfilerData event received.
I/flutter (21327): [SPM:perf] 698a51a  buildSpan: 2846µs
I/flutter (21327): [spm] Performance monitoring completed for 698a51a
[spm]: ProfilerData event received.
I/flutter (21327): [SPM:perf] 698a51a  buildSpan: 2430µs
I/flutter (21327): [spm] Performance monitoring completed for 698a51a
[spm]: ProfilerData event received.
I/flutter (21327): [SPM:perf] 698a51a  buildSpan: 2893µs
I/flutter (21327): [spm] Performance monitoring completed for 698a51a
[spm]: ProfilerData event received.
[spm]: ProfilerData event received.
I/flutter (21327): [SPM:perf] 698a51a  buildSpan: 2463µs
I/flutter (21327): [spm] Performance monitoring completed for 698a51a
I/flutter (21327): 01:10 +1: (tearDownAll)
I/flutter (21327): 01:11 +2: All tests passed!
All tests passed.
[spm]: Saved 30 profiler events to <ROOT>/dataset-new_samples/2962/redmi9t/raw/20260913-234251/rev_002_6a56bffb/e11.jsonl
[spm]: Reverting injection...
30 issues found. (ran in 1.4s)
WARNING: Your Android app project: app located at: <ROOT>/android/app/build.gradle.kts
applies the Kotlin Gradle Plugin, which will cause build failures in future versions of Flutter. 
Please migrate your app to Built-in Kotlin using this guide: https://docs.flutter.dev/release/breaking-changes/migrate-to-built-in-kotlin/for-app-developers

VMServiceFlutterDriver: Connecting to Flutter application at http://127.0.0.1:41873/ylkyXuJ9uls=/
[spm]: Detected VM service URI: ws://127.0.0.1:41873/ylkyXuJ9uls=/ws
VMServiceFlutterDriver: Isolate found with number: 1548874811214643
VMServiceFlutterDriver: Isolate 1548874811214643 is runnable.
VMServiceFlutterDriver: Isolate is paused at start.
VMServiceFlutterDriver: Attempting to resume isolate
VMServiceFlutterDriver: Connected to Flutter application.
VMServiceFlutterDriver: request_data message is taking a long time to complete...