# sample_id=0529/rev_001_14993d48 exec_index=5 ok=True perf_lines=30 vm_events=30 battery_pct=37 soc_temp_millic=39500 battery_temp_c=32.6 charging=False preflight_started=2026-09-10T23:51:14.784129+00:00 started=2026-09-10T23:51:17.540526+00:00 ts=2026-09-10T23:53:25.724465+00:00
[spm]: Running flutter analyze...
Analyzing lib...                                                

   info • The part-of directive uses a library name. Try converting the directive to use the URI of the library • lib/dependencies.dart:46:1 • use_string_in_part_of_directives
   info • Library names are not necessary. Remove the library name • lib/generated_widget.dart:2:9 • unnecessary_library_name
   info • Constructors in '@immutable' classes should be declared as 'const'. Try adding 'const' to the constructor declaration • lib/generated_widget.dart:11:3 • prefer_const_constructors_in_immutables

[spm]: Injecting profiler code...
[spm]: Starting app...
Running Gradle task 'assembleProfile'...                        
Running Gradle task 'assembleProfile'...                           23.5s
✓ Built build/app/outputs/flutter-apk/app-profile.apk (26.8MB)
Installing build/app/outputs/flutter-apk/app-profile.apk...      1,220ms
D/DecorView[]( 3730): getWindowModeFromSystem  windowmode is 1
D/DecorView[]( 3730): getWindowModeFromSystem  windowmode is 1
D/DecorView[]( 3730): updateDecorCaptionStatus displayWindowDecor is false
W/Looper  ( 3730): PerfMonitor looperActivity : package=com.example.benchmark_container/.MainActivity time=362ms latency=354ms running=0ms  procState=-1  historyMsgCount=2 (msgIndex=1 wall=362ms seq=4 late=354ms h=android.app.ActivityThread$H w=159) (msgIndex=2 wall=360ms seq=3 h=android.app.ActivityThread$H w=110)
W/Looper  ( 3730): PerfMonitor looperActivity : package=com.example.benchmark_container/.MainActivity time=0ms latency=718ms running=0ms  procState=-1  historyMsgCount=4 (msgIndex=2 wall=362ms seq=4 late=354ms h=android.app.ActivityThread$H w=159) (msgIndex=3 wall=360ms seq=3 h=android.app.ActivityThread$H w=110) (msgIndex=4 wall=362ms seq=4 late=354ms h=android.app.ActivityThread$H w=159)
D/SurfaceView( 3730): UPDATE null, mIsCastMode = false
D/hw-ProcessState( 3730): Binder ioctl to enable oneway spam detection failed: Invalid argument
W/Looper  ( 3730): PerfMonitor longMsg : seq=7 plan=02:52:00.253 late=372ms wall=1670ms running=0ms h=android.view.Choreographer$FrameHandler c=android.view.Choreographer$FrameDisplayEventReceiver procState=-1
W/Looper  ( 3730): PerfMonitor doFrame : time=1670ms vsyncFrame=0 latency=372ms procState=-1 historyMsgCount=6 (msgIndex=2 wall=362ms seq=4 late=354ms h=android.app.ActivityThread$H w=159) (msgIndex=3 wall=1670ms seq=7 late=372ms h=android.view.Choreographer$FrameHandler c=android.view.Choreographer$FrameDisplayEventReceiver) (msgIndex=4 wall=362ms seq=4 late=354ms h=android.app.ActivityThread$H w=159)
I/Choreographer( 3730): Skipped 94 frames!  The application may be doing too much work on its main thread.
D/SurfaceView( 3730): UPDATE Surface(name=SurfaceView[com.example.benchmark_container/com.example.benchmark_container.MainActivity])/@0x739554a, mIsProjectionMode = false
W/Looper  ( 3730): PerfMonitor doFrame : time=3ms vsyncFrame=0 latency=1582ms procState=-1 historyMsgCount=4
[spm]: Connected to Dart VM service.
I/flutter ( 3730): 00:00 +0: Performance Benchmark
E/hmark_containe( 3730): open libmigui.so failed! dlopen - dlopen failed: library "libmigui.so" not found
D/hmark_containe( 3730): MiuiProcessManagerServiceStub setSchedFifo
I/MiuiProcessManagerImpl( 3730): setSchedFifo pid:3730, mode:3
D/DecorView[]( 3730): onWindowFocusChanged hasWindowFocus true
D/ProfileInstaller( 3730): Installing profile for com.example.benchmark_container
D/DecorView[]( 3730): getWindowModeFromSystem  windowmode is 1
D/DecorView[]( 3730): updateDecorCaptionStatus displayWindowDecor is false
[spm]: ProfilerData event received.
I/flutter ( 3730): [SPM:perf] 698a51a  buildSpan: 4065µs
I/flutter ( 3730): [spm] Performance monitoring completed for 698a51a
[spm]: ProfilerData event received.
I/flutter ( 3730): [SPM:perf] 698a51a  buildSpan: 3801µs
I/flutter ( 3730): [spm] Performance monitoring completed for 698a51a
[spm]: ProfilerData event received.
I/flutter ( 3730): [SPM:perf] 698a51a  buildSpan: 3545µs
I/flutter ( 3730): [spm] Performance monitoring completed for 698a51a
[spm]: ProfilerData event received.
I/flutter ( 3730): [SPM:perf] 698a51a  buildSpan: 2514µs
I/flutter ( 3730): [spm] Performance monitoring completed for 698a51a
[spm]: ProfilerData event received.
I/flutter ( 3730): [SPM:perf] 698a51a  buildSpan: 3602µs
I/flutter ( 3730): [spm] Performance monitoring completed for 698a51a
[spm]: ProfilerData event received.
I/flutter ( 3730): [SPM:perf] 698a51a  buildSpan: 3934µs
I/flutter ( 3730): [spm] Performance monitoring completed for 698a51a
[spm]: ProfilerData event received.
I/flutter ( 3730): [SPM:perf] 698a51a  buildSpan: 4040µs
I/flutter ( 3730): [spm] Performance monitoring completed for 698a51a
[spm]: ProfilerData event received.
I/flutter ( 3730): [SPM:perf] 698a51a  buildSpan: 3592µs
I/flutter ( 3730): [spm] Performance monitoring completed for 698a51a
[spm]: ProfilerData event received.
I/flutter ( 3730): [SPM:perf] 698a51a  buildSpan: 3408µs
I/flutter ( 3730): [spm] Performance monitoring completed for 698a51a
[spm]: ProfilerData event received.
I/flutter ( 3730): [SPM:perf] 698a51a  buildSpan: 2768µs
I/flutter ( 3730): [spm] Performance monitoring completed for 698a51a
[spm]: ProfilerData event received.
I/flutter ( 3730): [SPM:perf] 698a51a  buildSpan: 3502µs
I/flutter ( 3730): [spm] Performance monitoring completed for 698a51a
[spm]: ProfilerData event received.
I/flutter ( 3730): [SPM:perf] 698a51a  buildSpan: 3544µs
I/flutter ( 3730): [spm] Performance monitoring completed for 698a51a
[spm]: ProfilerData event received.
I/flutter ( 3730): [SPM:perf] 698a51a  buildSpan: 3595µs
I/flutter ( 3730): [spm] Performance monitoring completed for 698a51a
[spm]: ProfilerData event received.
I/flutter ( 3730): [SPM:perf] 698a51a  buildSpan: 3682µs
I/flutter ( 3730): [spm] Performance monitoring completed for 698a51a
[spm]: ProfilerData event received.
I/flutter ( 3730): [SPM:perf] 698a51a  buildSpan: 3039µs
I/flutter ( 3730): [spm] Performance monitoring completed for 698a51a
[spm]: ProfilerData event received.
I/flutter ( 3730): [SPM:perf] 698a51a  buildSpan: 2750µs
I/flutter ( 3730): [spm] Performance monitoring completed for 698a51a
[spm]: ProfilerData event received.
I/flutter ( 3730): [SPM:perf] 698a51a  buildSpan: 2485µs
I/flutter ( 3730): [spm] Performance monitoring completed for 698a51a
I/flutter ( 3730): [SPM:perf] 698a51a  buildSpan: 2200µs
[spm]: ProfilerData event received.
I/flutter ( 3730): [spm] Performance monitoring completed for 698a51a
[spm]: ProfilerData event received.
I/flutter ( 3730): [SPM:perf] 698a51a  buildSpan: 3643µs
I/flutter ( 3730): [spm] Performance monitoring completed for 698a51a
[spm]: ProfilerData event received.
I/flutter ( 3730): [SPM:perf] 698a51a  buildSpan: 3363µs
I/flutter ( 3730): [spm] Performance monitoring completed for 698a51a
[spm]: ProfilerData event received.
I/flutter ( 3730): [SPM:perf] 698a51a  buildSpan: 3510µs
I/flutter ( 3730): [spm] Performance monitoring completed for 698a51a
I/flutter ( 3730): [SPM:perf] 698a51a  buildSpan: 2818µs
I/flutter ( 3730): [spm] Performance monitoring completed for 698a51a
[spm]: ProfilerData event received.
I/flutter ( 3730): [SPM:perf] 698a51a  buildSpan: 3340µs
I/flutter ( 3730): [spm] Performance monitoring completed for 698a51a
[spm]: ProfilerData event received.
[spm]: ProfilerData event received.
I/flutter ( 3730): [SPM:perf] 698a51a  buildSpan: 3608µs
I/flutter ( 3730): [spm] Performance monitoring completed for 698a51a
[spm]: ProfilerData event received.
I/flutter ( 3730): [SPM:perf] 698a51a  buildSpan: 3636µs
I/flutter ( 3730): [spm] Performance monitoring completed for 698a51a
[spm]: ProfilerData event received.
I/flutter ( 3730): [SPM:perf] 698a51a  buildSpan: 3825µs
I/flutter ( 3730): [spm] Performance monitoring completed for 698a51a
[spm]: ProfilerData event received.
I/flutter ( 3730): [SPM:perf] 698a51a  buildSpan: 3485µs
I/flutter ( 3730): [spm] Performance monitoring completed for 698a51a
[spm]: ProfilerData event received.
I/flutter ( 3730): [SPM:perf] 698a51a  buildSpan: 3550µs
I/flutter ( 3730): [spm] Performance monitoring completed for 698a51a
[spm]: ProfilerData event received.
I/flutter ( 3730): [SPM:perf] 698a51a  buildSpan: 3684µs
I/flutter ( 3730): [spm] Performance monitoring completed for 698a51a
[spm]: ProfilerData event received.
I/flutter ( 3730): [SPM:perf] 698a51a  buildSpan: 3946µs
I/flutter ( 3730): [spm] Performance monitoring completed for 698a51a
I/flutter ( 3730): 01:10 +1: (tearDownAll)
I/flutter ( 3730): 01:11 +2: All tests passed!
All tests passed.
[spm]: Saved 30 profiler events to <ROOT>/dataset-new_samples/0529/redmi9t/raw/20260911-010034/rev_001_14993d48/e5.jsonl
[spm]: Reverting injection...
3 issues found. (ran in 0.8s)
WARNING: Your Android app project: app located at: <ROOT>/android/app/build.gradle.kts
applies the Kotlin Gradle Plugin, which will cause build failures in future versions of Flutter. 
Please migrate your app to Built-in Kotlin using this guide: https://docs.flutter.dev/release/breaking-changes/migrate-to-built-in-kotlin/for-app-developers

VMServiceFlutterDriver: Connecting to Flutter application at http://127.0.0.1:35987/Jz5jTlM6j2I=/
[spm]: Detected VM service URI: ws://127.0.0.1:35987/Jz5jTlM6j2I=/ws
VMServiceFlutterDriver: Isolate found with number: 8469004411250255
VMServiceFlutterDriver: Isolate 8469004411250255 is runnable.
VMServiceFlutterDriver: Isolate is paused at start.
VMServiceFlutterDriver: Attempting to resume isolate
VMServiceFlutterDriver: Connected to Flutter application.
VMServiceFlutterDriver: request_data message is taking a long time to complete...