# sample_id=0529/rev_001_14993d48 exec_index=9 ok=True perf_lines=30 vm_events=30 battery_pct=36 soc_temp_millic=38900 battery_temp_c=32.4 charging=False preflight_started=2026-09-11T00:01:41.387275+00:00 started=2026-09-11T00:01:44.099325+00:00 ts=2026-09-11T00:03:48.966946+00:00
[spm]: Running flutter analyze...
Analyzing lib...                                                

   info • The part-of directive uses a library name. Try converting the directive to use the URI of the library • lib/dependencies.dart:46:1 • use_string_in_part_of_directives
   info • Library names are not necessary. Remove the library name • lib/generated_widget.dart:2:9 • unnecessary_library_name
   info • Constructors in '@immutable' classes should be declared as 'const'. Try adding 'const' to the constructor declaration • lib/generated_widget.dart:11:3 • prefer_const_constructors_in_immutables

[spm]: Injecting profiler code...
[spm]: Starting app...
Running Gradle task 'assembleProfile'...                        
Running Gradle task 'assembleProfile'...                           22.0s
✓ Built build/app/outputs/flutter-apk/app-profile.apk (26.8MB)
Installing build/app/outputs/flutter-apk/app-profile.apk...      1,200ms
D/DecorView[]( 6663): getWindowModeFromSystem  windowmode is 1
D/DecorView[]( 6663): getWindowModeFromSystem  windowmode is 1
D/DecorView[]( 6663): updateDecorCaptionStatus displayWindowDecor is false
W/Looper  ( 6663): PerfMonitor looperActivity : package=com.example.benchmark_container/.MainActivity time=387ms latency=378ms running=0ms  procState=-1  historyMsgCount=2 (msgIndex=1 wall=387ms seq=4 late=378ms h=android.app.ActivityThread$H w=159) (msgIndex=2 wall=385ms seq=3 h=android.app.ActivityThread$H w=110)
W/Looper  ( 6663): PerfMonitor looperActivity : package=com.example.benchmark_container/.MainActivity time=0ms latency=762ms running=0ms  procState=-1  historyMsgCount=4 (msgIndex=2 wall=387ms seq=4 h=android.app.ActivityThread$H w=159) (msgIndex=3 wall=385ms seq=3 h=android.app.ActivityThread$H w=110) (msgIndex=4 wall=387ms seq=4 h=android.app.ActivityThread$H w=159)
D/SurfaceView( 6663): UPDATE null, mIsCastMode = false
D/hw-ProcessState( 6663): Binder ioctl to enable oneway spam detection failed: Invalid argument
W/Looper  ( 6663): PerfMonitor longMsg : seq=8 plan=03:02:24.068 late=386ms wall=1652ms running=0ms h=android.view.Choreographer$FrameHandler c=android.view.Choreographer$FrameDisplayEventReceiver procState=-1
W/Looper  ( 6663): PerfMonitor doFrame : time=1652ms vsyncFrame=0 latency=386ms procState=-1 historyMsgCount=4 (msgIndex=1 wall=1652ms seq=8 late=386ms h=android.view.Choreographer$FrameHandler c=android.view.Choreographer$FrameDisplayEventReceiver)
I/Choreographer( 6663): Skipped 94 frames!  The application may be doing too much work on its main thread.
D/SurfaceView( 6663): UPDATE Surface(name=SurfaceView[com.example.benchmark_container/com.example.benchmark_container.MainActivity])/@0x739554a, mIsProjectionMode = false
W/Looper  ( 6663): PerfMonitor doFrame : time=4ms vsyncFrame=0 latency=1582ms procState=-1 historyMsgCount=4
[spm]: Connected to Dart VM service.
I/flutter ( 6663): 00:00 +0: Performance Benchmark
E/hmark_containe( 6663): open libmigui.so failed! dlopen - dlopen failed: library "libmigui.so" not found
D/hmark_containe( 6663): MiuiProcessManagerServiceStub setSchedFifo
I/MiuiProcessManagerImpl( 6663): setSchedFifo pid:6663, mode:3
D/DecorView[]( 6663): onWindowFocusChanged hasWindowFocus true
D/DecorView[]( 6663): getWindowModeFromSystem  windowmode is 1
D/DecorView[]( 6663): updateDecorCaptionStatus displayWindowDecor is false
D/ProfileInstaller( 6663): Installing profile for com.example.benchmark_container
[spm]: ProfilerData event received.
I/flutter ( 6663): [SPM:perf] 698a51a  buildSpan: 3922µs
I/flutter ( 6663): [spm] Performance monitoring completed for 698a51a
[spm]: ProfilerData event received.
I/flutter ( 6663): [SPM:perf] 698a51a  buildSpan: 2854µs
I/flutter ( 6663): [spm] Performance monitoring completed for 698a51a
[spm]: ProfilerData event received.
I/flutter ( 6663): [SPM:perf] 698a51a  buildSpan: 8733µs
I/flutter ( 6663): [spm] Performance monitoring completed for 698a51a
[spm]: ProfilerData event received.
I/flutter ( 6663): [SPM:perf] 698a51a  buildSpan: 3084µs
I/flutter ( 6663): [spm] Performance monitoring completed for 698a51a
[spm]: ProfilerData event received.
I/flutter ( 6663): [SPM:perf] 698a51a  buildSpan: 3282µs
I/flutter ( 6663): [spm] Performance monitoring completed for 698a51a
[spm]: ProfilerData event received.
I/flutter ( 6663): [SPM:perf] 698a51a  buildSpan: 3840µs
I/flutter ( 6663): [spm] Performance monitoring completed for 698a51a
[spm]: ProfilerData event received.
I/flutter ( 6663): [SPM:perf] 698a51a  buildSpan: 3823µs
I/flutter ( 6663): [spm] Performance monitoring completed for 698a51a
[spm]: ProfilerData event received.
I/flutter ( 6663): [SPM:perf] 698a51a  buildSpan: 2925µs
I/flutter ( 6663): [spm] Performance monitoring completed for 698a51a
I/flutter ( 6663): [SPM:perf] 698a51a  buildSpan: 3699µs
[spm]: ProfilerData event received.
I/flutter ( 6663): [spm] Performance monitoring completed for 698a51a
[spm]: ProfilerData event received.
I/flutter ( 6663): [SPM:perf] 698a51a  buildSpan: 3713µs
I/flutter ( 6663): [spm] Performance monitoring completed for 698a51a
[spm]: ProfilerData event received.
I/flutter ( 6663): [SPM:perf] 698a51a  buildSpan: 3483µs
I/flutter ( 6663): [spm] Performance monitoring completed for 698a51a
[spm]: ProfilerData event received.
I/flutter ( 6663): [SPM:perf] 698a51a  buildSpan: 2853µs
I/flutter ( 6663): [spm] Performance monitoring completed for 698a51a
[spm]: ProfilerData event received.
I/flutter ( 6663): [SPM:perf] 698a51a  buildSpan: 3030µs
I/flutter ( 6663): [spm] Performance monitoring completed for 698a51a
[spm]: ProfilerData event received.
I/flutter ( 6663): [SPM:perf] 698a51a  buildSpan: 2934µs
I/flutter ( 6663): [spm] Performance monitoring completed for 698a51a
[spm]: ProfilerData event received.
I/flutter ( 6663): [SPM:perf] 698a51a  buildSpan: 3594µs
I/flutter ( 6663): [spm] Performance monitoring completed for 698a51a
[spm]: ProfilerData event received.
I/flutter ( 6663): [SPM:perf] 698a51a  buildSpan: 3536µs
I/flutter ( 6663): [spm] Performance monitoring completed for 698a51a
I/flutter ( 6663): [SPM:perf] 698a51a  buildSpan: 2405µs
I/flutter ( 6663): [spm] Performance monitoring completed for 698a51a
[spm]: ProfilerData event received.
[spm]: ProfilerData event received.
I/flutter ( 6663): [SPM:perf] 698a51a  buildSpan: 3506µs
I/flutter ( 6663): [spm] Performance monitoring completed for 698a51a
[spm]: ProfilerData event received.
I/flutter ( 6663): [SPM:perf] 698a51a  buildSpan: 2920µs
I/flutter ( 6663): [spm] Performance monitoring completed for 698a51a
[spm]: ProfilerData event received.
I/flutter ( 6663): [SPM:perf] 698a51a  buildSpan: 3593µs
I/flutter ( 6663): [spm] Performance monitoring completed for 698a51a
[spm]: ProfilerData event received.
I/flutter ( 6663): [SPM:perf] 698a51a  buildSpan: 3200µs
I/flutter ( 6663): [spm] Performance monitoring completed for 698a51a
[spm]: ProfilerData event received.
I/flutter ( 6663): [SPM:perf] 698a51a  buildSpan: 2188µs
I/flutter ( 6663): [spm] Performance monitoring completed for 698a51a
[spm]: ProfilerData event received.
I/flutter ( 6663): [SPM:perf] 698a51a  buildSpan: 3032µs
I/flutter ( 6663): [spm] Performance monitoring completed for 698a51a
I/flutter ( 6663): [SPM:perf] 698a51a  buildSpan: 2009µs
I/flutter ( 6663): [spm] Performance monitoring completed for 698a51a
[spm]: ProfilerData event received.
[spm]: ProfilerData event received.
I/flutter ( 6663): [SPM:perf] 698a51a  buildSpan: 3566µs
I/flutter ( 6663): [spm] Performance monitoring completed for 698a51a
I/flutter ( 6663): [SPM:perf] 698a51a  buildSpan: 3698µs
I/flutter ( 6663): [spm] Performance monitoring completed for 698a51a
[spm]: ProfilerData event received.
[spm]: ProfilerData event received.
I/flutter ( 6663): [SPM:perf] 698a51a  buildSpan: 3313µs
I/flutter ( 6663): [spm] Performance monitoring completed for 698a51a
I/flutter ( 6663): [SPM:perf] 698a51a  buildSpan: 3595µs
I/flutter ( 6663): [spm] Performance monitoring completed for 698a51a
[spm]: ProfilerData event received.
[spm]: ProfilerData event received.
I/flutter ( 6663): [SPM:perf] 698a51a  buildSpan: 3291µs
I/flutter ( 6663): [spm] Performance monitoring completed for 698a51a
[spm]: ProfilerData event received.
I/flutter ( 6663): [SPM:perf] 698a51a  buildSpan: 3135µs
I/flutter ( 6663): [spm] Performance monitoring completed for 698a51a
I/flutter ( 6663): 01:10 +1: (tearDownAll)
I/flutter ( 6663): 01:11 +2: All tests passed!
All tests passed.
[spm]: Saved 30 profiler events to <ROOT>/dataset-new_samples/0529/redmi9t/raw/20260911-010034/rev_001_14993d48/e9.jsonl
[spm]: Reverting injection...
3 issues found. (ran in 0.6s)
WARNING: Your Android app project: app located at: <ROOT>/android/app/build.gradle.kts
applies the Kotlin Gradle Plugin, which will cause build failures in future versions of Flutter. 
Please migrate your app to Built-in Kotlin using this guide: https://docs.flutter.dev/release/breaking-changes/migrate-to-built-in-kotlin/for-app-developers

VMServiceFlutterDriver: Connecting to Flutter application at http://127.0.0.1:46347/NB2n56QKlbU=/
[spm]: Detected VM service URI: ws://127.0.0.1:46347/NB2n56QKlbU=/ws
VMServiceFlutterDriver: Isolate found with number: 8046699202721575
VMServiceFlutterDriver: Isolate 8046699202721575 is runnable.
VMServiceFlutterDriver: Isolate is paused at start.
VMServiceFlutterDriver: Attempting to resume isolate
VMServiceFlutterDriver: Connected to Flutter application.
VMServiceFlutterDriver: request_data message is taking a long time to complete...