# sample_id=0314/rev_002_df5ca135 exec_index=2 ok=True perf_lines=30 vm_events=30 battery_pct=82 soc_temp_millic=40500 battery_temp_c=29.7 charging=False preflight_started=2026-09-16T05:09:59.883271+00:00 started=2026-09-16T05:10:02.221940+00:00 ts=2026-09-16T05:12:02.274385+00:00
[spm]: Running flutter analyze...
Resolving dependencies...
Downloading packages...
  _fe_analyzer_shared 100.0.0 (108.0.0 available)
  analyzer 13.0.0 (14.4.0 available)
  async 2.13.0 (2.13.1 available)
  clock 1.1.2 (1.1.3 available)
  cupertino_icons 1.0.8 (1.0.9 available)
  glob 2.1.3 (2.2.0 available)
  lints 6.0.0 (6.1.0 available)
  matcher 0.12.19 (0.12.20 available)
  material_color_utilities 0.13.0 (0.13.1 available)
  meta 1.18.0 (1.19.0 available)
  package_config 2.2.0 (3.0.0 available)
  platform 3.1.6 (3.2.0 available)
  process 5.0.5 (5.0.6 available)
  pub_semver 2.2.0 (2.2.1 available)
  source_span 1.10.1 (1.10.2 available)
  stack_trace 1.12.1 (1.12.2 available)
  test_api 0.7.11 (0.7.14 available)
  vector_math 2.2.0 (2.4.2 available)
  vm_service 15.0.2 (15.3.0 available)
  webdriver 3.1.0 (3.2.0 available)
  yaml 3.1.3 (3.1.4 available)
Got dependencies!
21 packages have newer versions incompatible with dependency constraints.
Try `flutter pub outdated` for more information.
Analyzing lib...                                                

   info • The part-of directive uses a library name. Try converting the directive to use the URI of the library • lib/dependencies.dart:43:1 • use_string_in_part_of_directives
   info • The variable name 'checkmark_outline' isn't a lowerCamelCase identifier. Try changing the name to follow the lowerCamelCase style • lib/dependencies.dart:72:22 • non_constant_identifier_names
   info • The variable name 'radio_button' isn't a lowerCamelCase identifier. Try changing the name to follow the lowerCamelCase style • lib/dependencies.dart:73:22 • non_constant_identifier_names
   info • The variable name 'pin_filled' isn't a lowerCamelCase identifier. Try changing the name to follow the lowerCamelCase style • lib/dependencies.dart:74:22 • non_constant_identifier_names
   info • The type parameter name 'State' matches a visible type name. Try changing the type parameter name to not match an existing type • lib/dependencies.dart:128:19 • avoid_types_as_parameter_names
   info • Library names are not necessary. Remove the library name • lib/generated_widget.dart:2:9 • unnecessary_library_name
   info • Constructors in '@immutable' classes should be declared as 'const'. Try adding 'const' to the constructor declaration • lib/generated_widget.dart:11:3 • prefer_const_constructors_in_immutables
   info • 'withOpacity' is deprecated and shouldn't be used. Use .withValues() to avoid precision loss. Try replacing the use of the deprecated member with the replacement • lib/generated_widget.dart:66:53 • deprecated_member_use
   info • 'withOpacity' is deprecated and shouldn't be used. Use .withValues() to avoid precision loss. Try replacing the use of the deprecated member with the replacement • lib/generated_widget.dart:109:51 • deprecated_member_use

[spm]: Injecting profiler code...
[spm]: Starting app...
Running Gradle task 'assembleProfile'...                        
Running Gradle task 'assembleProfile'...                           21.1s
✓ Built build/app/outputs/flutter-apk/app-profile.apk (34.3MB)
Installing build/app/outputs/flutter-apk/app-profile.apk...      1,215ms
D/DecorView[]( 2579): getWindowModeFromSystem  windowmode is 1
D/DecorView[]( 2579): getWindowModeFromSystem  windowmode is 1
D/DecorView[]( 2579): updateDecorCaptionStatus displayWindowDecor is false
W/Looper  ( 2579): PerfMonitor looperActivity : package=com.example.benchmark_container/.MainActivity time=393ms latency=344ms running=0ms  procState=-1  historyMsgCount=3 (msgIndex=1 wall=393ms seq=4 late=344ms h=android.app.ActivityThread$H w=159) (msgIndex=2 wall=393ms seq=4 late=344ms h=android.app.ActivityThread$H w=159) (msgIndex=3 wall=358ms seq=3 h=android.app.ActivityThread$H w=110)
W/Looper  ( 2579): PerfMonitor looperActivity : package=com.example.benchmark_container/.MainActivity time=0ms latency=740ms running=0ms  procState=-1  historyMsgCount=4 (msgIndex=1 wall=393ms seq=4 late=344ms h=android.app.ActivityThread$H w=159) (msgIndex=2 wall=393ms seq=4 late=344ms h=android.app.ActivityThread$H w=159) (msgIndex=3 wall=358ms seq=3 h=android.app.ActivityThread$H w=110) (msgIndex=4 wall=393ms seq=4 late=344ms h=android.app.ActivityThread$H w=159)
D/SurfaceView( 2579): UPDATE null, mIsCastMode = false
D/hw-ProcessState( 2579): Binder ioctl to enable oneway spam detection failed: Invalid argument
W/Looper  ( 2579): PerfMonitor longMsg : seq=8 plan=08:10:38.899 late=424ms wall=1793ms running=0ms h=android.view.Choreographer$FrameHandler c=android.view.Choreographer$FrameDisplayEventReceiver procState=-1
W/Looper  ( 2579): PerfMonitor doFrame : time=1793ms vsyncFrame=0 latency=424ms procState=-1 historyMsgCount=7 (msgIndex=1 wall=393ms seq=4 h=android.app.ActivityThread$H w=159) (msgIndex=2 wall=393ms seq=4 h=android.app.ActivityThread$H w=159) (msgIndex=3 wall=1793ms seq=8 late=424ms h=android.view.Choreographer$FrameHandler c=android.view.Choreographer$FrameDisplayEventReceiver) (msgIndex=4 wall=393ms seq=4 h=android.app.ActivityThread$H w=159)
I/Choreographer( 2579): Skipped 102 frames!  The application may be doing too much work on its main thread.
D/SurfaceView( 2579): UPDATE Surface(name=SurfaceView[com.example.benchmark_container/com.example.benchmark_container.MainActivity])/@0x9ac515, mIsProjectionMode = false
W/Looper  ( 2579): PerfMonitor doFrame : time=3ms vsyncFrame=0 latency=1706ms procState=-1 historyMsgCount=4
[spm]: Connected to Dart VM service.
I/flutter ( 2579): 00:00 +0: Performance Benchmark
E/hmark_containe( 2579): open libmigui.so failed! dlopen - dlopen failed: library "libmigui.so" not found
D/hmark_containe( 2579): MiuiProcessManagerServiceStub setSchedFifo
I/MiuiProcessManagerImpl( 2579): setSchedFifo pid:2579, mode:3
D/DecorView[]( 2579): onWindowFocusChanged hasWindowFocus true
D/DecorView[]( 2579): getWindowModeFromSystem  windowmode is 1
D/DecorView[]( 2579): updateDecorCaptionStatus displayWindowDecor is false
D/ProfileInstaller( 2579): Installing profile for com.example.benchmark_container
[spm]: ProfilerData event received.
I/flutter ( 2579): [SPM:perf] 698a51a  buildSpan: 876µs
I/flutter ( 2579): [spm] Performance monitoring completed for 698a51a
[spm]: ProfilerData event received.
I/flutter ( 2579): [SPM:perf] 698a51a  buildSpan: 755µs
I/flutter ( 2579): [spm] Performance monitoring completed for 698a51a
[spm]: ProfilerData event received.
I/flutter ( 2579): [SPM:perf] 698a51a  buildSpan: 799µs
I/flutter ( 2579): [spm] Performance monitoring completed for 698a51a
[spm]: ProfilerData event received.
I/flutter ( 2579): [SPM:perf] 698a51a  buildSpan: 775µs
I/flutter ( 2579): [spm] Performance monitoring completed for 698a51a
[spm]: ProfilerData event received.
I/flutter ( 2579): [SPM:perf] 698a51a  buildSpan: 780µs
I/flutter ( 2579): [spm] Performance monitoring completed for 698a51a
[spm]: ProfilerData event received.
I/flutter ( 2579): [SPM:perf] 698a51a  buildSpan: 773µs
I/flutter ( 2579): [spm] Performance monitoring completed for 698a51a
[spm]: ProfilerData event received.
I/flutter ( 2579): [SPM:perf] 698a51a  buildSpan: 766µs
I/flutter ( 2579): [spm] Performance monitoring completed for 698a51a
[spm]: ProfilerData event received.
I/flutter ( 2579): [SPM:perf] 698a51a  buildSpan: 817µs
I/flutter ( 2579): [spm] Performance monitoring completed for 698a51a
I/flutter ( 2579): [SPM:perf] 698a51a  buildSpan: 820µs
I/flutter ( 2579): [spm] Performance monitoring completed for 698a51a
[spm]: ProfilerData event received.
[spm]: ProfilerData event received.
I/flutter ( 2579): [SPM:perf] 698a51a  buildSpan: 721µs
I/flutter ( 2579): [spm] Performance monitoring completed for 698a51a
I/flutter ( 2579): [SPM:perf] 698a51a  buildSpan: 911µs
I/flutter ( 2579): [spm] Performance monitoring completed for 698a51a
[spm]: ProfilerData event received.
[spm]: ProfilerData event received.
I/flutter ( 2579): [SPM:perf] 698a51a  buildSpan: 814µs
I/flutter ( 2579): [spm] Performance monitoring completed for 698a51a
[spm]: ProfilerData event received.
I/flutter ( 2579): [SPM:perf] 698a51a  buildSpan: 801µs
I/flutter ( 2579): [spm] Performance monitoring completed for 698a51a
[spm]: ProfilerData event received.
I/flutter ( 2579): [SPM:perf] 698a51a  buildSpan: 755µs
I/flutter ( 2579): [spm] Performance monitoring completed for 698a51a
I/flutter ( 2579): [SPM:perf] 698a51a  buildSpan: 762µs
I/flutter ( 2579): [spm] Performance monitoring completed for 698a51a
[spm]: ProfilerData event received.
[spm]: ProfilerData event received.
I/flutter ( 2579): [SPM:perf] 698a51a  buildSpan: 782µs
I/flutter ( 2579): [spm] Performance monitoring completed for 698a51a
[spm]: ProfilerData event received.
I/flutter ( 2579): [SPM:perf] 698a51a  buildSpan: 780µs
I/flutter ( 2579): [spm] Performance monitoring completed for 698a51a
I/flutter ( 2579): [SPM:perf] 698a51a  buildSpan: 882µs
[spm]: ProfilerData event received.
I/flutter ( 2579): [spm] Performance monitoring completed for 698a51a
[spm]: ProfilerData event received.
I/flutter ( 2579): [SPM:perf] 698a51a  buildSpan: 811µs
I/flutter ( 2579): [spm] Performance monitoring completed for 698a51a
[spm]: ProfilerData event received.
I/flutter ( 2579): [SPM:perf] 698a51a  buildSpan: 786µs
I/flutter ( 2579): [spm] Performance monitoring completed for 698a51a
[spm]: ProfilerData event received.
I/flutter ( 2579): [SPM:perf] 698a51a  buildSpan: 802µs
I/flutter ( 2579): [spm] Performance monitoring completed for 698a51a
I/flutter ( 2579): [SPM:perf] 698a51a  buildSpan: 780µs
I/flutter ( 2579): [spm] Performance monitoring completed for 698a51a
[spm]: ProfilerData event received.
I/flutter ( 2579): [SPM:perf] 698a51a  buildSpan: 813µs
I/flutter ( 2579): [spm] Performance monitoring completed for 698a51a
[spm]: ProfilerData event received.
[spm]: ProfilerData event received.
I/flutter ( 2579): [SPM:perf] 698a51a  buildSpan: 732µs
I/flutter ( 2579): [spm] Performance monitoring completed for 698a51a
[spm]: ProfilerData event received.
I/flutter ( 2579): [SPM:perf] 698a51a  buildSpan: 905µs
I/flutter ( 2579): [spm] Performance monitoring completed for 698a51a
[spm]: ProfilerData event received.
I/flutter ( 2579): [SPM:perf] 698a51a  buildSpan: 883µs
I/flutter ( 2579): [spm] Performance monitoring completed for 698a51a
[spm]: ProfilerData event received.
I/flutter ( 2579): [SPM:perf] 698a51a  buildSpan: 754µs
I/flutter ( 2579): [spm] Performance monitoring completed for 698a51a
[spm]: ProfilerData event received.
I/flutter ( 2579): [SPM:perf] 698a51a  buildSpan: 818µs
I/flutter ( 2579): [spm] Performance monitoring completed for 698a51a
I/flutter ( 2579): [SPM:perf] 698a51a  buildSpan: 940µs
I/flutter ( 2579): [spm] Performance monitoring completed for 698a51a
[spm]: ProfilerData event received.
[spm]: ProfilerData event received.
I/flutter ( 2579): [SPM:perf] 698a51a  buildSpan: 772µs
I/flutter ( 2579): [spm] Performance monitoring completed for 698a51a
I/flutter ( 2579): 01:10 +1: (tearDownAll)
I/flutter ( 2579): 01:11 +2: All tests passed!
All tests passed.
[spm]: Saved 30 profiler events to <ROOT>/dataset-new_samples/0314/redmi9t/raw/20260916-070441/rev_002_df5ca135/e2.jsonl
[spm]: Reverting injection...
9 issues found. (ran in 0.5s)
WARNING: Your Android app project: app located at: <ROOT>/android/app/build.gradle.kts
applies the Kotlin Gradle Plugin, which will cause build failures in future versions of Flutter. 
Please migrate your app to Built-in Kotlin using this guide: https://docs.flutter.dev/release/breaking-changes/migrate-to-built-in-kotlin/for-app-developers

VMServiceFlutterDriver: Connecting to Flutter application at http://127.0.0.1:43273/BXc8UCNAcqE=/
[spm]: Detected VM service URI: ws://127.0.0.1:43273/BXc8UCNAcqE=/ws
VMServiceFlutterDriver: Isolate found with number: 1101164157211371
VMServiceFlutterDriver: Isolate 1101164157211371 is runnable.
VMServiceFlutterDriver: Isolate is paused at start.
VMServiceFlutterDriver: Attempting to resume isolate
VMServiceFlutterDriver: Connected to Flutter application.
VMServiceFlutterDriver: request_data message is taking a long time to complete...