# sample_id=0344/rev_003_759046c6 exec_index=10 ok=True perf_lines=30 vm_events=30 battery_pct=74 soc_temp_millic=42600 battery_temp_c=32.0 charging=False preflight_started=2026-09-09T17:01:25.607444+00:00 started=2026-09-09T17:01:27.998462+00:00 ts=2026-09-09T17:03:34.168096+00:00
[spm]: Running flutter analyze...
Analyzing lib...                                                

   info • Constructors in '@immutable' classes should be declared as 'const'. Try adding 'const' to the constructor declaration • lib/generated_widget.dart:6:3 • prefer_const_constructors_in_immutables

[spm]: Injecting profiler code...
[spm]: Starting app...
Running Gradle task 'assembleProfile'...                        
Running Gradle task 'assembleProfile'...                           22.5s
✓ Built build/app/outputs/flutter-apk/app-profile.apk (26.8MB)
Installing build/app/outputs/flutter-apk/app-profile.apk...        997ms
D/SurfaceView(25718): UPDATE null, mIsCastMode = false
D/hw-ProcessState(25718): Binder ioctl to enable oneway spam detection failed: Invalid argument
W/Looper  (25718): PerfMonitor longMsg : seq=8 plan=20:02:08.866 late=362ms wall=1800ms running=0ms h=android.view.Choreographer$FrameHandler c=android.view.Choreographer$FrameDisplayEventReceiver procState=-1
W/Looper  (25718): PerfMonitor doFrame : time=1800ms vsyncFrame=0 latency=362ms procState=-1 historyMsgCount=4 (msgIndex=1 wall=1800ms seq=8 late=362ms h=android.view.Choreographer$FrameHandler c=android.view.Choreographer$FrameDisplayEventReceiver)
I/Choreographer(25718): Skipped 102 frames!  The application may be doing too much work on its main thread.
D/SurfaceView(25718): UPDATE Surface(name=SurfaceView[com.example.benchmark_container/com.example.benchmark_container.MainActivity])/@0xca20cbb, mIsProjectionMode = false
W/Looper  (25718): PerfMonitor doFrame : time=3ms vsyncFrame=0 latency=1704ms procState=-1 historyMsgCount=4
[spm]: Connected to Dart VM service.
I/flutter (25718): 00:00 +0: Performance Benchmark
E/hmark_containe(25718): open libmigui.so failed! dlopen - dlopen failed: library "libmigui.so" not found
D/hmark_containe(25718): MiuiProcessManagerServiceStub setSchedFifo
I/MiuiProcessManagerImpl(25718): setSchedFifo pid:25718, mode:3
D/DecorView[](25718): onWindowFocusChanged hasWindowFocus true
D/DecorView[](25718): getWindowModeFromSystem  windowmode is 1
D/DecorView[](25718): updateDecorCaptionStatus displayWindowDecor is false
D/ProfileInstaller(25718): Installing profile for com.example.benchmark_container
[spm]: ProfilerData event received.
I/flutter (25718): [SPM:perf] 698a51a  buildSpan: 664µs
I/flutter (25718): [spm] Performance monitoring completed for 698a51a
[spm]: ProfilerData event received.
I/flutter (25718): [SPM:perf] 698a51a  buildSpan: 668µs
I/flutter (25718): [spm] Performance monitoring completed for 698a51a
[spm]: ProfilerData event received.
I/flutter (25718): [SPM:perf] 698a51a  buildSpan: 685µs
I/flutter (25718): [spm] Performance monitoring completed for 698a51a
[spm]: ProfilerData event received.
I/flutter (25718): [SPM:perf] 698a51a  buildSpan: 672µs
I/flutter (25718): [spm] Performance monitoring completed for 698a51a
[spm]: ProfilerData event received.
I/flutter (25718): [SPM:perf] 698a51a  buildSpan: 754µs
I/flutter (25718): [spm] Performance monitoring completed for 698a51a
[spm]: ProfilerData event received.
I/flutter (25718): [SPM:perf] 698a51a  buildSpan: 668µs
I/flutter (25718): [spm] Performance monitoring completed for 698a51a
[spm]: ProfilerData event received.
I/flutter (25718): [SPM:perf] 698a51a  buildSpan: 641µs
I/flutter (25718): [spm] Performance monitoring completed for 698a51a
[spm]: ProfilerData event received.
I/flutter (25718): [SPM:perf] 698a51a  buildSpan: 657µs
I/flutter (25718): [spm] Performance monitoring completed for 698a51a
[spm]: ProfilerData event received.
I/flutter (25718): [SPM:perf] 698a51a  buildSpan: 675µs
I/flutter (25718): [spm] Performance monitoring completed for 698a51a
[spm]: ProfilerData event received.
I/flutter (25718): [SPM:perf] 698a51a  buildSpan: 652µs
I/flutter (25718): [spm] Performance monitoring completed for 698a51a
[spm]: ProfilerData event received.
I/flutter (25718): [SPM:perf] 698a51a  buildSpan: 652µs
I/flutter (25718): [spm] Performance monitoring completed for 698a51a
I/flutter (25718): [SPM:perf] 698a51a  buildSpan: 619µs
I/flutter (25718): [spm] Performance monitoring completed for 698a51a
[spm]: ProfilerData event received.
[spm]: ProfilerData event received.
I/flutter (25718): [SPM:perf] 698a51a  buildSpan: 682µs
I/flutter (25718): [spm] Performance monitoring completed for 698a51a
[spm]: ProfilerData event received.
I/flutter (25718): [SPM:perf] 698a51a  buildSpan: 764µs
I/flutter (25718): [spm] Performance monitoring completed for 698a51a
[spm]: ProfilerData event received.
I/flutter (25718): [SPM:perf] 698a51a  buildSpan: 656µs
I/flutter (25718): [spm] Performance monitoring completed for 698a51a
[spm]: ProfilerData event received.
I/flutter (25718): [SPM:perf] 698a51a  buildSpan: 682µs
I/flutter (25718): [spm] Performance monitoring completed for 698a51a
[spm]: ProfilerData event received.
I/flutter (25718): [SPM:perf] 698a51a  buildSpan: 634µs
I/flutter (25718): [spm] Performance monitoring completed for 698a51a
[spm]: ProfilerData event received.
I/flutter (25718): [SPM:perf] 698a51a  buildSpan: 860µs
I/flutter (25718): [spm] Performance monitoring completed for 698a51a
[spm]: ProfilerData event received.
I/flutter (25718): [SPM:perf] 698a51a  buildSpan: 730µs
I/flutter (25718): [spm] Performance monitoring completed for 698a51a
[spm]: ProfilerData event received.
I/flutter (25718): [SPM:perf] 698a51a  buildSpan: 653µs
I/flutter (25718): [spm] Performance monitoring completed for 698a51a
[spm]: ProfilerData event received.
I/flutter (25718): [SPM:perf] 698a51a  buildSpan: 649µs
I/flutter (25718): [spm] Performance monitoring completed for 698a51a
[spm]: ProfilerData event received.
I/flutter (25718): [SPM:perf] 698a51a  buildSpan: 721µs
I/flutter (25718): [spm] Performance monitoring completed for 698a51a
[spm]: ProfilerData event received.
I/flutter (25718): [SPM:perf] 698a51a  buildSpan: 686µs
I/flutter (25718): [spm] Performance monitoring completed for 698a51a
[spm]: ProfilerData event received.
I/flutter (25718): [SPM:perf] 698a51a  buildSpan: 633µs
I/flutter (25718): [spm] Performance monitoring completed for 698a51a
[spm]: ProfilerData event received.
I/flutter (25718): [SPM:perf] 698a51a  buildSpan: 689µs
I/flutter (25718): [spm] Performance monitoring completed for 698a51a
[spm]: ProfilerData event received.
I/flutter (25718): [SPM:perf] 698a51a  buildSpan: 773µs
I/flutter (25718): [spm] Performance monitoring completed for 698a51a
[spm]: ProfilerData event received.
I/flutter (25718): [SPM:perf] 698a51a  buildSpan: 761µs
I/flutter (25718): [spm] Performance monitoring completed for 698a51a
[spm]: ProfilerData event received.
I/flutter (25718): [SPM:perf] 698a51a  buildSpan: 667µs
I/flutter (25718): [spm] Performance monitoring completed for 698a51a
[spm]: ProfilerData event received.
I/flutter (25718): [SPM:perf] 698a51a  buildSpan: 678µs
I/flutter (25718): [spm] Performance monitoring completed for 698a51a
[spm]: ProfilerData event received.
I/flutter (25718): [SPM:perf] 698a51a  buildSpan: 759µs
I/flutter (25718): [spm] Performance monitoring completed for 698a51a
I/flutter (25718): 01:10 +1: (tearDownAll)
I/flutter (25718): 01:11 +2: All tests passed!
All tests passed.
[spm]: Saved 30 profiler events to <ROOT>/dataset-new_samples/0344/redmi9t/raw/20260909-194357/rev_003_759046c6/e10.jsonl
[spm]: Reverting injection...
1 issue found. (ran in 0.6s)
WARNING: Your Android app project: app located at: <ROOT>/android/app/build.gradle.kts
applies the Kotlin Gradle Plugin, which will cause build failures in future versions of Flutter. 
Please migrate your app to Built-in Kotlin using this guide: https://docs.flutter.dev/release/breaking-changes/migrate-to-built-in-kotlin/for-app-developers

VMServiceFlutterDriver: Connecting to Flutter application at http://127.0.0.1:34089/vgVh49aR3OM=/
[spm]: Detected VM service URI: ws://127.0.0.1:34089/vgVh49aR3OM=/ws
VMServiceFlutterDriver: Isolate found with number: 6731548547416615
VMServiceFlutterDriver: Isolate 6731548547416615 is runnable.
VMServiceFlutterDriver: Isolate is paused at start.
VMServiceFlutterDriver: Attempting to resume isolate
VMServiceFlutterDriver: Connected to Flutter application.
VMServiceFlutterDriver: request_data message is taking a long time to complete...