# sample_id=0344/rev_003_759046c6 exec_index=6 ok=True perf_lines=30 vm_events=30 battery_pct=68 soc_temp_millic=42300 battery_temp_c=31.9 charging=False preflight_started=2026-09-09T18:01:49.092654+00:00 started=2026-09-09T18:01:51.478535+00:00 ts=2026-09-09T18:04:00.418334+00:00
[spm]: Running flutter analyze...
Analyzing lib...                                                

   info • Constructors in '@immutable' classes should be declared as 'const'. Try adding 'const' to the constructor declaration • lib/generated_widget.dart:6:3 • prefer_const_constructors_in_immutables

[spm]: Injecting profiler code...
[spm]: Starting app...
Running Gradle task 'assembleProfile'...                        
Running Gradle task 'assembleProfile'...                           23.7s
✓ Built build/app/outputs/flutter-apk/app-profile.apk (26.8MB)
Installing build/app/outputs/flutter-apk/app-profile.apk...        969ms
D/MiuiMultiWindowUtils(22143): freeform resolution args raw data:{  "zizhan":{    "freeform_args": {      "inner":{        "vertical_portrait":{"aspect_ratio":0.626, "original_ratio":0.5643,"original_scale":0.74,"top_margin":0.168,"left_margin":0.484},        "horizontal_portrait":{"aspect_ratio":0.626, "original_ratio":0.5643,"original_scale":0.74,"top_margin":0.1222,"left_margin":0.59745},        "vertical_landscape":{"aspect_ratio":1.6, "original_ratio":1,"original_scale":0.604,"top_margin":0.2596,"left_margin":0.2624},        "horizontal_landscape":{"aspect_ratio":1.6, "original_ratio":1,"original_scale":0.604,"top_margin":0.213,"left_margin":0.3758}      },      "outer":{        "vertical_portrait":{"aspect_ratio":0.626, "original_ratio":1,"original_scale":0.74,"top_margin":0.0753,"left_margin":-1},        "horizontal_portrait":{"aspect_ratio":0.626, "original_ratio":1,"original_scale":0.5756,"top_margin":-1,"left_margin":0.0753},        "vertical_landscape":{"aspect_ratio":1.6, "original_ratio":0.6847,"original_scale":0.587,"top_margin":0.0753,"left_margin":-1},        "horizontal_landscape":{"aspect_ratio":1.6, "original_ratio":0.6847,"original_scale":0.587,"top_margin":-1,"left_margin":0.0753}}    },    "mini_freeform_args":{      "inner":{        "vertical_portrait":{"aspect_ratio":0.626, "original_ratio":0.147},        "horizontal_portrait":{"aspect_ratio":0.626, "original_ratio":0.147},        "vertical_landscape":{"aspect_ratio":1.6, "original_ratio":0.165},        "horizontal_landscape":{"aspect_ratio":1.6, "original_ratio":0.165}      },      "outer":{        "vertical_portrait":{"aspect_ratio":0.626, "original_ratio":0.26},        "horizontal_portrait":{"aspect_ratio":0.626, "original_ratio":0.26},        "vertical_landscape":{"aspect_ratio":1.6, "original_ratio":0.293},        "horizontal_landscape":{"aspect_ratio":1.6, "original_ratio":0.293}}    }  },  "wide_default":{    "freeform_args": {        "vertical_portrait":{"aspect_ratio":0.625, "original_ratio":0.5806,"original_scale":0.7574,"top_margin":0.125,"left_margin":0.392},        "horizontal_portrait":{"aspect_ratio":0.625, "original_ratio":0.5806,"original_scale":0.7574,"top_margin":-1,"left_margin":0.6415},        "vertical_landscape":{"aspect_ratio":1.6, "original_ratio":1,"original_scale":0.5153,"top_margin":0.125,"left_margin":0.206},        "horizontal_landscape":{"aspect_ratio":1.6, "original_ratio":1,"original_scale":0.5153,"top_margin":-1,"left_margin":0.456}    },    "mini_freeform_args":{        "vertical_portrait":{"aspect_ratio":0.5625, "original_ratio":0.144},        "horizontal_portrait":{"aspect_ratio":0.5625, "original_ratio":0.144},        "vertical_landscape":{"aspect_ratio":-1, "original_ratio":0.144},        "horizontal_landscape":{"aspect_ratio":-1, "original_ratio":0.144}    }  },  "narrow_default": {    "freeform_args": {        "vertical_portrait":{"aspect_ratio":0.5625, "original_ratio":1,"original_scale":0.7182,"top_margin":0.142,"left_margin":-1},        "horizontal_portrait":{"aspect_ratio":0.8, "original_ratio":1,"original_scale":0.7182,"top_margin":-1,"left_margin":0.05},        "vertical_landscape":{"aspect_ratio":1.6, "original_ratio":0.6545,"original_scale":0.4473,"top_margin":0.142,"left_margin":-1},        "horizontal_landscape":{"aspect_ratio":1.6, "original_ratio":0.6545,"original_scale":0.4473,"top_margin":-1,"left_margin":0.05}    },    "mini_freeform_args":{        "vertical_portrait":{"aspect_ratio":0.5625, "original_ratio":0.3},        "horizontal_portrait":{"aspect_ratio":0.5625, "original_ratio":0.3},        "vertical_landscape":{"aspect_ratio":1.7778, "original_ratio":0.3},        "horizontal_landscape":{"aspect_ratio":1.7778, "original_ratio":0.3}    }  },  "regular_default": {    "freeform_args": {      "vertical_portrait":{"aspect_ratio":0.625, "original_ratio":1,"original_scale":0.7,"top_margin":0.109,"left_margin":-1},      "horizontal_portrait":{"aspect_ratio":0.6667, "original_ratio":1,"original_scale":0.6102,"top_margin":-1,"left_margin":0.026},      "vertical_landscape":{"asp
E/MiuiMultiWindowUtils(22143): initFreeFormResolutionArgs failed, device is lime
D/IS_CTS_MODE(22143): true
D/MULTI_WINDOW_SWITCH_ENABLED(22143): false
D/IS_CTS_MODE(22143): true
D/MULTI_WINDOW_SWITCH_ENABLED(22143): false
D/IS_CTS_MODE(22143): true
D/MULTI_WINDOW_SWITCH_ENABLED(22143): false
D/DecorView[](22143): getWindowModeFromSystem  windowmode is 1
I/ForceDarkHelperStubImpl(22143): setViewRootImplForceDark: false for com.example.benchmark_container.MainActivity@e6f428d, reason: AppDarkModeEnable
I/ForceDarkHelperStubImpl(22143): setViewRootImplForceDark: false for com.example.benchmark_container.MainActivity@e6f428d, reason: AppDarkModeEnable
D/DecorView[](22143): getWindowModeFromSystem  windowmode is 1
D/DecorView[](22143): updateDecorCaptionStatus displayWindowDecor is false
W/Looper  (22143): PerfMonitor looperActivity : package=com.example.benchmark_container/.MainActivity time=373ms latency=358ms running=0ms  procState=-1  historyMsgCount=3 (msgIndex=1 wall=373ms seq=4 late=358ms h=android.app.ActivityThread$H w=159) (msgIndex=2 wall=373ms seq=4 late=358ms h=android.app.ActivityThread$H w=159) (msgIndex=3 wall=375ms seq=3 h=android.app.ActivityThread$H w=110)
W/Looper  (22143): PerfMonitor looperActivity : package=com.example.benchmark_container/.MainActivity time=0ms latency=733ms running=0ms  procState=-1  historyMsgCount=4 (msgIndex=1 wall=373ms seq=4 h=android.app.ActivityThread$H w=159) (msgIndex=2 wall=373ms seq=4 h=android.app.ActivityThread$H w=159) (msgIndex=3 wall=375ms seq=3 h=android.app.ActivityThread$H w=110) (msgIndex=4 wall=373ms seq=4 h=android.app.ActivityThread$H w=159)
D/SurfaceView(22143): UPDATE null, mIsCastMode = false
D/hw-ProcessState(22143): Binder ioctl to enable oneway spam detection failed: Invalid argument
W/Looper  (22143): PerfMonitor longMsg : seq=8 plan=21:02:34.551 late=377ms wall=1687ms running=0ms h=android.view.Choreographer$FrameHandler c=android.view.Choreographer$FrameDisplayEventReceiver procState=-1
W/Looper  (22143): PerfMonitor doFrame : time=1687ms vsyncFrame=0 latency=377ms procState=-1 historyMsgCount=4 (msgIndex=1 wall=1687ms seq=8 late=377ms h=android.view.Choreographer$FrameHandler c=android.view.Choreographer$FrameDisplayEventReceiver)
I/Choreographer(22143): Skipped 96 frames!  The application may be doing too much work on its main thread.
D/SurfaceView(22143): UPDATE Surface(name=SurfaceView[com.example.benchmark_container/com.example.benchmark_container.MainActivity])/@0xca20cbb, mIsProjectionMode = false
W/Looper  (22143): PerfMonitor doFrame : time=2ms vsyncFrame=0 latency=1603ms procState=-1 historyMsgCount=4
[spm]: Connected to Dart VM service.
I/flutter (22143): 00:00 +0: Performance Benchmark
E/hmark_containe(22143): open libmigui.so failed! dlopen - dlopen failed: library "libmigui.so" not found
D/hmark_containe(22143): MiuiProcessManagerServiceStub setSchedFifo
I/MiuiProcessManagerImpl(22143): setSchedFifo pid:22143, mode:3
D/DecorView[](22143): onWindowFocusChanged hasWindowFocus true
D/DecorView[](22143): getWindowModeFromSystem  windowmode is 1
D/DecorView[](22143): updateDecorCaptionStatus displayWindowDecor is false
D/ProfileInstaller(22143): Installing profile for com.example.benchmark_container
[spm]: ProfilerData event received.
I/flutter (22143): [SPM:perf] 698a51a  buildSpan: 671µs
I/flutter (22143): [spm] Performance monitoring completed for 698a51a
[spm]: ProfilerData event received.
I/flutter (22143): [SPM:perf] 698a51a  buildSpan: 681µs
I/flutter (22143): [spm] Performance monitoring completed for 698a51a
[spm]: ProfilerData event received.
I/flutter (22143): [SPM:perf] 698a51a  buildSpan: 625µs
I/flutter (22143): [spm] Performance monitoring completed for 698a51a
[spm]: ProfilerData event received.
I/flutter (22143): [SPM:perf] 698a51a  buildSpan: 674µs
I/flutter (22143): [spm] Performance monitoring completed for 698a51a
I/flutter (22143): [SPM:perf] 698a51a  buildSpan: 668µs
I/flutter (22143): [spm] Performance monitoring completed for 698a51a
[spm]: ProfilerData event received.
[spm]: ProfilerData event received.
I/flutter (22143): [SPM:perf] 698a51a  buildSpan: 656µs
I/flutter (22143): [spm] Performance monitoring completed for 698a51a
[spm]: ProfilerData event received.
I/flutter (22143): [SPM:perf] 698a51a  buildSpan: 765µs
I/flutter (22143): [spm] Performance monitoring completed for 698a51a
[spm]: ProfilerData event received.
I/flutter (22143): [SPM:perf] 698a51a  buildSpan: 693µs
I/flutter (22143): [spm] Performance monitoring completed for 698a51a
[spm]: ProfilerData event received.
I/flutter (22143): [SPM:perf] 698a51a  buildSpan: 658µs
I/flutter (22143): [spm] Performance monitoring completed for 698a51a
[spm]: ProfilerData event received.
I/flutter (22143): [SPM:perf] 698a51a  buildSpan: 683µs
I/flutter (22143): [spm] Performance monitoring completed for 698a51a
[spm]: ProfilerData event received.
I/flutter (22143): [SPM:perf] 698a51a  buildSpan: 631µs
I/flutter (22143): [spm] Performance monitoring completed for 698a51a
[spm]: ProfilerData event received.
I/flutter (22143): [SPM:perf] 698a51a  buildSpan: 665µs
I/flutter (22143): [spm] Performance monitoring completed for 698a51a
[spm]: ProfilerData event received.
I/flutter (22143): [SPM:perf] 698a51a  buildSpan: 762µs
I/flutter (22143): [spm] Performance monitoring completed for 698a51a
[spm]: ProfilerData event received.
I/flutter (22143): [SPM:perf] 698a51a  buildSpan: 878µs
I/flutter (22143): [spm] Performance monitoring completed for 698a51a
[spm]: ProfilerData event received.
I/flutter (22143): [SPM:perf] 698a51a  buildSpan: 773µs
I/flutter (22143): [spm] Performance monitoring completed for 698a51a
[spm]: ProfilerData event received.
I/flutter (22143): [SPM:perf] 698a51a  buildSpan: 713µs
I/flutter (22143): [spm] Performance monitoring completed for 698a51a
[spm]: ProfilerData event received.
I/flutter (22143): [SPM:perf] 698a51a  buildSpan: 641µs
I/flutter (22143): [spm] Performance monitoring completed for 698a51a
[spm]: ProfilerData event received.
I/flutter (22143): [SPM:perf] 698a51a  buildSpan: 649µs
I/flutter (22143): [spm] Performance monitoring completed for 698a51a
[spm]: ProfilerData event received.
I/flutter (22143): [SPM:perf] 698a51a  buildSpan: 648µs
I/flutter (22143): [spm] Performance monitoring completed for 698a51a
[spm]: ProfilerData event received.
I/flutter (22143): [SPM:perf] 698a51a  buildSpan: 719µs
I/flutter (22143): [spm] Performance monitoring completed for 698a51a
[spm]: ProfilerData event received.
I/flutter (22143): [SPM:perf] 698a51a  buildSpan: 736µs
I/flutter (22143): [spm] Performance monitoring completed for 698a51a
[spm]: ProfilerData event received.
I/flutter (22143): [SPM:perf] 698a51a  buildSpan: 661µs
I/flutter (22143): [spm] Performance monitoring completed for 698a51a
[spm]: ProfilerData event received.
I/flutter (22143): [SPM:perf] 698a51a  buildSpan: 691µs
I/flutter (22143): [spm] Performance monitoring completed for 698a51a
[spm]: ProfilerData event received.
I/flutter (22143): [SPM:perf] 698a51a  buildSpan: 706µs
I/flutter (22143): [spm] Performance monitoring completed for 698a51a
I/flutter (22143): [SPM:perf] 698a51a  buildSpan: 822µs
I/flutter (22143): [spm] Performance monitoring completed for 698a51a
[spm]: ProfilerData event received.
[spm]: ProfilerData event received.
I/flutter (22143): [SPM:perf] 698a51a  buildSpan: 638µs
I/flutter (22143): [spm] Performance monitoring completed for 698a51a
[spm]: ProfilerData event received.
I/flutter (22143): [SPM:perf] 698a51a  buildSpan: 652µs
I/flutter (22143): [spm] Performance monitoring completed for 698a51a
[spm]: ProfilerData event received.
I/flutter (22143): [SPM:perf] 698a51a  buildSpan: 651µs
I/flutter (22143): [spm] Performance monitoring completed for 698a51a
[spm]: ProfilerData event received.
I/flutter (22143): [SPM:perf] 698a51a  buildSpan: 749µs
I/flutter (22143): [spm] Performance monitoring completed for 698a51a
[spm]: ProfilerData event received.
I/flutter (22143): [SPM:perf] 698a51a  buildSpan: 708µs
I/flutter (22143): [spm] Performance monitoring completed for 698a51a
I/flutter (22143): 01:10 +1: (tearDownAll)
I/flutter (22143): 01:11 +2: All tests passed!
All tests passed.
[spm]: Saved 30 profiler events to <ROOT>/dataset-new_samples/0344/redmi9t/raw/20260909-194357/rev_003_759046c6/e6.jsonl
[spm]: Reverting injection...
1 issue found. (ran in 0.6s)
WARNING: Your Android app project: app located at: <ROOT>/android/app/build.gradle.kts
applies the Kotlin Gradle Plugin, which will cause build failures in future versions of Flutter. 
Please migrate your app to Built-in Kotlin using this guide: https://docs.flutter.dev/release/breaking-changes/migrate-to-built-in-kotlin/for-app-developers

VMServiceFlutterDriver: Connecting to Flutter application at http://127.0.0.1:33059/N5dVPQ1Md7o=/
[spm]: Detected VM service URI: ws://127.0.0.1:33059/N5dVPQ1Md7o=/ws
VMServiceFlutterDriver: Isolate found with number: 4285979417056523
VMServiceFlutterDriver: Isolate 4285979417056523 is runnable.
VMServiceFlutterDriver: Isolate is paused at start.
VMServiceFlutterDriver: Attempting to resume isolate
VMServiceFlutterDriver: Connected to Flutter application.
VMServiceFlutterDriver: request_data message is taking a long time to complete...