# sample_id=0344/rev_003_759046c6 exec_index=7 ok=True perf_lines=30 vm_events=30 battery_pct=70 soc_temp_millic=43600 battery_temp_c=32.0 charging=False preflight_started=2026-09-09T17:38:25.546256+00:00 started=2026-09-09T17:38:27.908661+00:00 ts=2026-09-09T17:40:35.790643+00:00
[spm]: Running flutter analyze...
Analyzing lib...                                                

   info • Constructors in '@immutable' classes should be declared as 'const'. Try adding 'const' to the constructor declaration • lib/generated_widget.dart:6:3 • prefer_const_constructors_in_immutables

[spm]: Injecting profiler code...
[spm]: Starting app...
Running Gradle task 'assembleProfile'...                        
Running Gradle task 'assembleProfile'...                           23.7s
✓ Built build/app/outputs/flutter-apk/app-profile.apk (26.8MB)
Installing build/app/outputs/flutter-apk/app-profile.apk...        962ms
I/ForceDarkHelperStubImpl(12254): setViewRootImplForceDark: false for com.example.benchmark_container.MainActivity@e6f428d, reason: AppDarkModeEnable
I/ForceDarkHelperStubImpl(12254): setViewRootImplForceDark: false for com.example.benchmark_container.MainActivity@e6f428d, reason: AppDarkModeEnable
D/DecorView[](12254): getWindowModeFromSystem  windowmode is 1
D/DecorView[](12254): updateDecorCaptionStatus displayWindowDecor is false
W/Looper  (12254): PerfMonitor looperActivity : package=com.example.benchmark_container/.MainActivity time=376ms latency=382ms running=0ms  procState=-1  historyMsgCount=3 (msgIndex=1 wall=376ms seq=4 late=382ms h=android.app.ActivityThread$H w=159) (msgIndex=2 wall=376ms seq=4 late=382ms h=android.app.ActivityThread$H w=159) (msgIndex=3 wall=384ms seq=3 h=android.app.ActivityThread$H w=110)
W/Looper  (12254): PerfMonitor looperActivity : package=com.example.benchmark_container/.MainActivity time=0ms latency=759ms running=0ms  procState=-1  historyMsgCount=4 (msgIndex=1 wall=376ms seq=4 late=382ms h=android.app.ActivityThread$H w=159) (msgIndex=2 wall=376ms seq=4 late=382ms h=android.app.ActivityThread$H w=159) (msgIndex=3 wall=384ms seq=3 h=android.app.ActivityThread$H w=110) (msgIndex=4 wall=376ms seq=4 late=382ms h=android.app.ActivityThread$H w=159)
D/SurfaceView(12254): UPDATE null, mIsCastMode = false
D/hw-ProcessState(12254): Binder ioctl to enable oneway spam detection failed: Invalid argument
W/Looper  (12254): PerfMonitor longMsg : seq=8 plan=20:39:10.237 late=402ms wall=1729ms running=0ms h=android.view.Choreographer$FrameHandler c=android.view.Choreographer$FrameDisplayEventReceiver procState=-1
W/Looper  (12254): PerfMonitor doFrame : time=1729ms vsyncFrame=0 latency=402ms procState=-1 historyMsgCount=7 (msgIndex=1 wall=376ms seq=4 h=android.app.ActivityThread$H w=159) (msgIndex=2 wall=376ms seq=4 h=android.app.ActivityThread$H w=159) (msgIndex=3 wall=1729ms seq=8 late=402ms h=android.view.Choreographer$FrameHandler c=android.view.Choreographer$FrameDisplayEventReceiver) (msgIndex=4 wall=376ms seq=4 h=android.app.ActivityThread$H w=159)
I/Choreographer(12254): Skipped 98 frames!  The application may be doing too much work on its main thread.
D/SurfaceView(12254): UPDATE Surface(name=SurfaceView[com.example.benchmark_container/com.example.benchmark_container.MainActivity])/@0xca20cbb, mIsProjectionMode = false
W/Looper  (12254): PerfMonitor doFrame : time=2ms vsyncFrame=0 latency=1644ms procState=-1 historyMsgCount=4
[spm]: Connected to Dart VM service.
I/flutter (12254): 00:00 +0: Performance Benchmark
E/hmark_containe(12254): open libmigui.so failed! dlopen - dlopen failed: library "libmigui.so" not found
D/hmark_containe(12254): MiuiProcessManagerServiceStub setSchedFifo
I/MiuiProcessManagerImpl(12254): setSchedFifo pid:12254, mode:3
D/DecorView[](12254): onWindowFocusChanged hasWindowFocus true
D/DecorView[](12254): getWindowModeFromSystem  windowmode is 1
D/DecorView[](12254): updateDecorCaptionStatus displayWindowDecor is false
D/ProfileInstaller(12254): Installing profile for com.example.benchmark_container
[spm]: ProfilerData event received.
I/flutter (12254): [SPM:perf] 698a51a  buildSpan: 667µs
I/flutter (12254): [spm] Performance monitoring completed for 698a51a
[spm]: ProfilerData event received.
I/flutter (12254): [SPM:perf] 698a51a  buildSpan: 722µs
I/flutter (12254): [spm] Performance monitoring completed for 698a51a
I/flutter (12254): [SPM:perf] 698a51a  buildSpan: 767µs
[spm]: ProfilerData event received.
I/flutter (12254): [spm] Performance monitoring completed for 698a51a
[spm]: ProfilerData event received.
I/flutter (12254): [SPM:perf] 698a51a  buildSpan: 638µs
I/flutter (12254): [spm] Performance monitoring completed for 698a51a
[spm]: ProfilerData event received.
I/flutter (12254): [SPM:perf] 698a51a  buildSpan: 745µs
I/flutter (12254): [spm] Performance monitoring completed for 698a51a
[spm]: ProfilerData event received.
I/flutter (12254): [SPM:perf] 698a51a  buildSpan: 660µs
I/flutter (12254): [spm] Performance monitoring completed for 698a51a
[spm]: ProfilerData event received.
I/flutter (12254): [SPM:perf] 698a51a  buildSpan: 702µs
I/flutter (12254): [spm] Performance monitoring completed for 698a51a
[spm]: ProfilerData event received.
I/flutter (12254): [SPM:perf] 698a51a  buildSpan: 677µs
I/flutter (12254): [spm] Performance monitoring completed for 698a51a
[spm]: ProfilerData event received.
I/flutter (12254): [SPM:perf] 698a51a  buildSpan: 729µs
I/flutter (12254): [spm] Performance monitoring completed for 698a51a
I/flutter (12254): [SPM:perf] 698a51a  buildSpan: 743µs
I/flutter (12254): [spm] Performance monitoring completed for 698a51a
[spm]: ProfilerData event received.
[spm]: ProfilerData event received.
I/flutter (12254): [SPM:perf] 698a51a  buildSpan: 787µs
I/flutter (12254): [spm] Performance monitoring completed for 698a51a
[spm]: ProfilerData event received.
I/flutter (12254): [SPM:perf] 698a51a  buildSpan: 664µs
I/flutter (12254): [spm] Performance monitoring completed for 698a51a
[spm]: ProfilerData event received.
I/flutter (12254): [SPM:perf] 698a51a  buildSpan: 674µs
I/flutter (12254): [spm] Performance monitoring completed for 698a51a
[spm]: ProfilerData event received.
I/flutter (12254): [SPM:perf] 698a51a  buildSpan: 666µs
I/flutter (12254): [spm] Performance monitoring completed for 698a51a
[spm]: ProfilerData event received.
I/flutter (12254): [SPM:perf] 698a51a  buildSpan: 775µs
I/flutter (12254): [spm] Performance monitoring completed for 698a51a
[spm]: ProfilerData event received.
I/flutter (12254): [SPM:perf] 698a51a  buildSpan: 894µs
I/flutter (12254): [spm] Performance monitoring completed for 698a51a
[spm]: ProfilerData event received.
I/flutter (12254): [SPM:perf] 698a51a  buildSpan: 662µs
I/flutter (12254): [spm] Performance monitoring completed for 698a51a
[spm]: ProfilerData event received.
I/flutter (12254): [SPM:perf] 698a51a  buildSpan: 642µs
I/flutter (12254): [spm] Performance monitoring completed for 698a51a
[spm]: ProfilerData event received.
I/flutter (12254): [SPM:perf] 698a51a  buildSpan: 759µs
I/flutter (12254): [spm] Performance monitoring completed for 698a51a
[spm]: ProfilerData event received.
I/flutter (12254): [SPM:perf] 698a51a  buildSpan: 1133µs
I/flutter (12254): [spm] Performance monitoring completed for 698a51a
[spm]: ProfilerData event received.
I/flutter (12254): [SPM:perf] 698a51a  buildSpan: 759µs
I/flutter (12254): [spm] Performance monitoring completed for 698a51a
[spm]: ProfilerData event received.
I/flutter (12254): [SPM:perf] 698a51a  buildSpan: 662µs
I/flutter (12254): [spm] Performance monitoring completed for 698a51a
[spm]: ProfilerData event received.
I/flutter (12254): [SPM:perf] 698a51a  buildSpan: 660µs
I/flutter (12254): [spm] Performance monitoring completed for 698a51a
[spm]: ProfilerData event received.
I/flutter (12254): [SPM:perf] 698a51a  buildSpan: 802µs
I/flutter (12254): [spm] Performance monitoring completed for 698a51a
[spm]: ProfilerData event received.
I/flutter (12254): [SPM:perf] 698a51a  buildSpan: 849µs
I/flutter (12254): [spm] Performance monitoring completed for 698a51a
I/flutter (12254): [SPM:perf] 698a51a  buildSpan: 717µs
I/flutter (12254): [spm] Performance monitoring completed for 698a51a
[spm]: ProfilerData event received.
[spm]: ProfilerData event received.
I/flutter (12254): [SPM:perf] 698a51a  buildSpan: 1032µs
I/flutter (12254): [spm] Performance monitoring completed for 698a51a
[spm]: ProfilerData event received.
I/flutter (12254): [SPM:perf] 698a51a  buildSpan: 728µs
I/flutter (12254): [spm] Performance monitoring completed for 698a51a
I/flutter (12254): [SPM:perf] 698a51a  buildSpan: 716µs
I/flutter (12254): [spm] Performance monitoring completed for 698a51a
[spm]: ProfilerData event received.
[spm]: ProfilerData event received.
I/flutter (12254): [SPM:perf] 698a51a  buildSpan: 719µs
I/flutter (12254): [spm] Performance monitoring completed for 698a51a
I/flutter (12254): 01:10 +1: (tearDownAll)
I/flutter (12254): 01:11 +2: All tests passed!
All tests passed.
[spm]: Saved 30 profiler events to <ROOT>/dataset-new_samples/0344/redmi9t/raw/20260909-194357/rev_003_759046c6/e7.jsonl
[spm]: Reverting injection...
1 issue found. (ran in 0.6s)
WARNING: Your Android app project: app located at: <ROOT>/android/app/build.gradle.kts
applies the Kotlin Gradle Plugin, which will cause build failures in future versions of Flutter. 
Please migrate your app to Built-in Kotlin using this guide: https://docs.flutter.dev/release/breaking-changes/migrate-to-built-in-kotlin/for-app-developers

VMServiceFlutterDriver: Connecting to Flutter application at http://127.0.0.1:40885/lhWLIsRMWoE=/
[spm]: Detected VM service URI: ws://127.0.0.1:40885/lhWLIsRMWoE=/ws
VMServiceFlutterDriver: Isolate found with number: 1589604978117759
VMServiceFlutterDriver: Isolate 1589604978117759 is runnable.
VMServiceFlutterDriver: Isolate is paused at start.
VMServiceFlutterDriver: Attempting to resume isolate
VMServiceFlutterDriver: Connected to Flutter application.
VMServiceFlutterDriver: request_data message is taking a long time to complete...