# sample_id=0508/rev_014_84de200d exec_index=12 ok=True perf_lines=30 vm_events=30 battery_pct=58 soc_temp_millic=44500 battery_temp_c=32.4 charging=False preflight_started=2026-09-10T19:52:18.425091+00:00 started=2026-09-10T19:52:20.988826+00:00 ts=2026-09-10T19:54:26.508990+00:00
[spm]: Running flutter analyze...
Analyzing lib...                                                

   info • The part-of directive uses a library name. Try converting the directive to use the URI of the library • lib/dependencies.dart:43:1 • use_string_in_part_of_directives
   info • Library names are not necessary. Remove the library name • lib/generated_widget.dart:2:9 • unnecessary_library_name
   info • Constructors in '@immutable' classes should be declared as 'const'. Try adding 'const' to the constructor declaration • lib/generated_widget.dart:11:3 • prefer_const_constructors_in_immutables
   info • Use 'isEmpty' instead of 'length' to test whether the collection is empty. Try rewriting the expression to use 'isEmpty' • lib/generated_widget.dart:51:9 • prefer_is_empty
   info • Use a 'SizedBox' to add whitespace to a layout. Try using a 'SizedBox' rather than a 'Container' • lib/generated_widget.dart:165:40 • sized_box_for_whitespace
   info • The 'child' argument should be last in widget constructor invocations. Try moving the argument to the end of the argument list • lib/generated_widget.dart:166:35 • sort_child_properties_last
   info • The 'children' argument should be last in widget constructor invocations. Try moving the argument to the end of the argument list • lib/generated_widget.dart:371:35 • sort_child_properties_last
   info • Parameter 'key' could be a super parameter. Trying converting 'key' to a super parameter • lib/generated_widget.dart:414:9 • use_super_parameters
   info • Field overrides a field inherited from 'Widget'. Try removing the field, overriding the getter and setter if necessary • lib/generated_widget.dart:447:14 • overridden_fields
   info • The member 'key' overrides an inherited member but isn't annotated with '@override'. Try adding the '@override' annotation • lib/generated_widget.dart:447:14 • annotate_overrides

[spm]: Injecting profiler code...
[spm]: Starting app...
Running Gradle task 'assembleProfile'...                        
Running Gradle task 'assembleProfile'...                           21.2s
✓ Built build/app/outputs/flutter-apk/app-profile.apk (26.8MB)
Installing build/app/outputs/flutter-apk/app-profile.apk...      1,191ms
I/ForceDarkHelperStubImpl(14008): setViewRootImplForceDark: false for com.example.benchmark_container.MainActivity@e6f428d, reason: AppDarkModeEnable
I/ForceDarkHelperStubImpl(14008): setViewRootImplForceDark: false for com.example.benchmark_container.MainActivity@e6f428d, reason: AppDarkModeEnable
D/DecorView[](14008): getWindowModeFromSystem  windowmode is 1
D/DecorView[](14008): updateDecorCaptionStatus displayWindowDecor is false
W/Looper  (14008): PerfMonitor looperActivity : package=com.example.benchmark_container/.MainActivity time=336ms latency=324ms running=0ms  procState=-1  historyMsgCount=2 (msgIndex=1 wall=336ms seq=4 late=324ms h=android.app.ActivityThread$H w=159) (msgIndex=2 wall=324ms seq=3 h=android.app.ActivityThread$H w=110)
W/Looper  (14008): PerfMonitor looperActivity : package=com.example.benchmark_container/.MainActivity time=0ms latency=661ms running=0ms  procState=-1  historyMsgCount=4 (msgIndex=2 wall=336ms seq=4 h=android.app.ActivityThread$H w=159) (msgIndex=3 wall=324ms seq=3 h=android.app.ActivityThread$H w=110) (msgIndex=4 wall=336ms seq=4 h=android.app.ActivityThread$H w=159)
D/SurfaceView(14008): UPDATE null, mIsCastMode = false
D/hw-ProcessState(14008): Binder ioctl to enable oneway spam detection failed: Invalid argument
W/Looper  (14008): PerfMonitor longMsg : seq=8 plan=22:53:01.780 late=335ms wall=1666ms running=0ms h=android.view.Choreographer$FrameHandler c=android.view.Choreographer$FrameDisplayEventReceiver procState=-1
W/Looper  (14008): PerfMonitor doFrame : time=1666ms vsyncFrame=0 latency=335ms procState=-1 historyMsgCount=4 (msgIndex=1 wall=1666ms seq=8 late=335ms h=android.view.Choreographer$FrameHandler c=android.view.Choreographer$FrameDisplayEventReceiver)
I/Choreographer(14008): Skipped 95 frames!  The application may be doing too much work on its main thread.
D/SurfaceView(14008): UPDATE Surface(name=SurfaceView[com.example.benchmark_container/com.example.benchmark_container.MainActivity])/@0xca20cbb, mIsProjectionMode = false
W/Looper  (14008): PerfMonitor doFrame : time=2ms vsyncFrame=0 latency=1590ms procState=-1 historyMsgCount=4
[spm]: Connected to Dart VM service.
I/flutter (14008): 00:00 +0: Performance Benchmark
E/hmark_containe(14008): open libmigui.so failed! dlopen - dlopen failed: library "libmigui.so" not found
D/hmark_containe(14008): MiuiProcessManagerServiceStub setSchedFifo
I/MiuiProcessManagerImpl(14008): setSchedFifo pid:14008, mode:3
D/DecorView[](14008): onWindowFocusChanged hasWindowFocus true
D/DecorView[](14008): getWindowModeFromSystem  windowmode is 1
D/DecorView[](14008): updateDecorCaptionStatus displayWindowDecor is false
D/ProfileInstaller(14008): Installing profile for com.example.benchmark_container
[spm]: ProfilerData event received.
I/flutter (14008): [SPM:perf] 698a51a  buildSpan: 486µs
I/flutter (14008): [spm] Performance monitoring completed for 698a51a
[spm]: ProfilerData event received.
I/flutter (14008): [SPM:perf] 698a51a  buildSpan: 516µs
I/flutter (14008): [spm] Performance monitoring completed for 698a51a
[spm]: ProfilerData event received.
I/flutter (14008): [SPM:perf] 698a51a  buildSpan: 268µs
I/flutter (14008): [spm] Performance monitoring completed for 698a51a
[spm]: ProfilerData event received.
I/flutter (14008): [SPM:perf] 698a51a  buildSpan: 362µs
I/flutter (14008): [spm] Performance monitoring completed for 698a51a
[spm]: ProfilerData event received.
I/flutter (14008): [SPM:perf] 698a51a  buildSpan: 307µs
I/flutter (14008): [spm] Performance monitoring completed for 698a51a
[spm]: ProfilerData event received.
I/flutter (14008): [SPM:perf] 698a51a  buildSpan: 682µs
I/flutter (14008): [spm] Performance monitoring completed for 698a51a
[spm]: ProfilerData event received.
I/flutter (14008): [SPM:perf] 698a51a  buildSpan: 459µs
I/flutter (14008): [spm] Performance monitoring completed for 698a51a
[spm]: ProfilerData event received.
I/flutter (14008): [SPM:perf] 698a51a  buildSpan: 442µs
I/flutter (14008): [spm] Performance monitoring completed for 698a51a
[spm]: ProfilerData event received.
I/flutter (14008): [SPM:perf] 698a51a  buildSpan: 318µs
I/flutter (14008): [spm] Performance monitoring completed for 698a51a
[spm]: ProfilerData event received.
I/flutter (14008): [SPM:perf] 698a51a  buildSpan: 469µs
I/flutter (14008): [spm] Performance monitoring completed for 698a51a
[spm]: ProfilerData event received.
I/flutter (14008): [SPM:perf] 698a51a  buildSpan: 466µs
I/flutter (14008): [spm] Performance monitoring completed for 698a51a
I/flutter (14008): [SPM:perf] 698a51a  buildSpan: 481µs
[spm]: ProfilerData event received.
I/flutter (14008): [spm] Performance monitoring completed for 698a51a
[spm]: ProfilerData event received.
I/flutter (14008): [SPM:perf] 698a51a  buildSpan: 463µs
I/flutter (14008): [spm] Performance monitoring completed for 698a51a
I/flutter (14008): [SPM:perf] 698a51a  buildSpan: 428µs
[spm]: ProfilerData event received.
I/flutter (14008): [spm] Performance monitoring completed for 698a51a
I/flutter (14008): [SPM:perf] 698a51a  buildSpan: 447µs
[spm]: ProfilerData event received.
I/flutter (14008): [spm] Performance monitoring completed for 698a51a
[spm]: ProfilerData event received.
I/flutter (14008): [SPM:perf] 698a51a  buildSpan: 661µs
I/flutter (14008): [spm] Performance monitoring completed for 698a51a
[spm]: ProfilerData event received.
I/flutter (14008): [SPM:perf] 698a51a  buildSpan: 500µs
I/flutter (14008): [spm] Performance monitoring completed for 698a51a
[spm]: ProfilerData event received.
I/flutter (14008): [SPM:perf] 698a51a  buildSpan: 486µs
I/flutter (14008): [spm] Performance monitoring completed for 698a51a
I/flutter (14008): [SPM:perf] 698a51a  buildSpan: 315µs
I/flutter (14008): [spm] Performance monitoring completed for 698a51a
[spm]: ProfilerData event received.
[spm]: ProfilerData event received.
I/flutter (14008): [SPM:perf] 698a51a  buildSpan: 523µs
I/flutter (14008): [spm] Performance monitoring completed for 698a51a
[spm]: ProfilerData event received.
I/flutter (14008): [SPM:perf] 698a51a  buildSpan: 339µs
I/flutter (14008): [spm] Performance monitoring completed for 698a51a
I/flutter (14008): [SPM:perf] 698a51a  buildSpan: 669µs
[spm]: ProfilerData event received.
I/flutter (14008): [spm] Performance monitoring completed for 698a51a
[spm]: ProfilerData event received.
I/flutter (14008): [SPM:perf] 698a51a  buildSpan: 451µs
I/flutter (14008): [spm] Performance monitoring completed for 698a51a
I/flutter (14008): [SPM:perf] 698a51a  buildSpan: 470µs
I/flutter (14008): [spm] Performance monitoring completed for 698a51a
[spm]: ProfilerData event received.
[spm]: ProfilerData event received.
I/flutter (14008): [SPM:perf] 698a51a  buildSpan: 370µs
I/flutter (14008): [spm] Performance monitoring completed for 698a51a
[spm]: ProfilerData event received.
I/flutter (14008): [SPM:perf] 698a51a  buildSpan: 499µs
I/flutter (14008): [spm] Performance monitoring completed for 698a51a
I/flutter (14008): [SPM:perf] 698a51a  buildSpan: 562µs
[spm]: ProfilerData event received.
I/flutter (14008): [spm] Performance monitoring completed for 698a51a
[spm]: ProfilerData event received.
I/flutter (14008): [SPM:perf] 698a51a  buildSpan: 501µs
I/flutter (14008): [spm] Performance monitoring completed for 698a51a
[spm]: ProfilerData event received.
I/flutter (14008): [SPM:perf] 698a51a  buildSpan: 448µs
I/flutter (14008): [spm] Performance monitoring completed for 698a51a
I/flutter (14008): [SPM:perf] 698a51a  buildSpan: 444µs
I/flutter (14008): [spm] Performance monitoring completed for 698a51a
[spm]: ProfilerData event received.
I/flutter (14008): 01:10 +1: (tearDownAll)
I/flutter (14008): 01:11 +2: All tests passed!
All tests passed.
[spm]: Saved 30 profiler events to <ROOT>/dataset-new_samples/0508/redmi9t/raw/20260910-192307/rev_014_84de200d/e12.jsonl
[spm]: Reverting injection...
10 issues found. (ran in 0.7s)
WARNING: Your Android app project: app located at: <ROOT>/android/app/build.gradle.kts
applies the Kotlin Gradle Plugin, which will cause build failures in future versions of Flutter. 
Please migrate your app to Built-in Kotlin using this guide: https://docs.flutter.dev/release/breaking-changes/migrate-to-built-in-kotlin/for-app-developers

VMServiceFlutterDriver: Connecting to Flutter application at http://127.0.0.1:39871/gOW9INiir7E=/
[spm]: Detected VM service URI: ws://127.0.0.1:39871/gOW9INiir7E=/ws
VMServiceFlutterDriver: Isolate found with number: 4777826819218067
VMServiceFlutterDriver: Isolate 4777826819218067 is runnable.
VMServiceFlutterDriver: Isolate is paused at start.
VMServiceFlutterDriver: Attempting to resume isolate
VMServiceFlutterDriver: Connected to Flutter application.
VMServiceFlutterDriver: request_data message is taking a long time to complete...