# sample_id=0508/rev_014_84de200d exec_index=14 ok=True perf_lines=30 vm_events=30 battery_pct=60 soc_temp_millic=39800 battery_temp_c=34.0 charging=False preflight_started=2026-09-10T19:37:34.820378+00:00 started=2026-09-10T19:37:37.559999+00:00 ts=2026-09-10T19:39:42.962936+00:00
[spm]: Running flutter analyze...
Analyzing lib...                                                

   info • The part-of directive uses a library name. Try converting the directive to use the URI of the library • lib/dependencies.dart:43:1 • use_string_in_part_of_directives
   info • Library names are not necessary. Remove the library name • lib/generated_widget.dart:2:9 • unnecessary_library_name
   info • Constructors in '@immutable' classes should be declared as 'const'. Try adding 'const' to the constructor declaration • lib/generated_widget.dart:11:3 • prefer_const_constructors_in_immutables
   info • Use 'isEmpty' instead of 'length' to test whether the collection is empty. Try rewriting the expression to use 'isEmpty' • lib/generated_widget.dart:51:9 • prefer_is_empty
   info • Use a 'SizedBox' to add whitespace to a layout. Try using a 'SizedBox' rather than a 'Container' • lib/generated_widget.dart:165:40 • sized_box_for_whitespace
   info • The 'child' argument should be last in widget constructor invocations. Try moving the argument to the end of the argument list • lib/generated_widget.dart:166:35 • sort_child_properties_last
   info • The 'children' argument should be last in widget constructor invocations. Try moving the argument to the end of the argument list • lib/generated_widget.dart:371:35 • sort_child_properties_last
   info • Parameter 'key' could be a super parameter. Trying converting 'key' to a super parameter • lib/generated_widget.dart:414:9 • use_super_parameters
   info • Field overrides a field inherited from 'Widget'. Try removing the field, overriding the getter and setter if necessary • lib/generated_widget.dart:447:14 • overridden_fields
   info • The member 'key' overrides an inherited member but isn't annotated with '@override'. Try adding the '@override' annotation • lib/generated_widget.dart:447:14 • annotate_overrides

[spm]: Injecting profiler code...
[spm]: Starting app...
Running Gradle task 'assembleProfile'...                        
Running Gradle task 'assembleProfile'...                           20.8s
✓ Built build/app/outputs/flutter-apk/app-profile.apk (26.8MB)
Installing build/app/outputs/flutter-apk/app-profile.apk...      1,282ms
E/MiuiMultiWindowUtils(26673): initFreeFormResolutionArgs failed, device is lime
D/IS_CTS_MODE(26673): true
D/MULTI_WINDOW_SWITCH_ENABLED(26673): false
D/IS_CTS_MODE(26673): true
D/MULTI_WINDOW_SWITCH_ENABLED(26673): false
D/IS_CTS_MODE(26673): true
D/MULTI_WINDOW_SWITCH_ENABLED(26673): false
D/DecorView[](26673): getWindowModeFromSystem  windowmode is 1
I/ForceDarkHelperStubImpl(26673): setViewRootImplForceDark: false for com.example.benchmark_container.MainActivity@e6f428d, reason: AppDarkModeEnable
I/ForceDarkHelperStubImpl(26673): setViewRootImplForceDark: false for com.example.benchmark_container.MainActivity@e6f428d, reason: AppDarkModeEnable
D/DecorView[](26673): getWindowModeFromSystem  windowmode is 1
D/DecorView[](26673): updateDecorCaptionStatus displayWindowDecor is false
W/Looper  (26673): PerfMonitor looperActivity : package=com.example.benchmark_container/.MainActivity time=412ms latency=408ms running=0ms  procState=-1  historyMsgCount=2 (msgIndex=1 wall=412ms seq=4 late=408ms h=android.app.ActivityThread$H w=159) (msgIndex=2 wall=411ms seq=3 h=android.app.ActivityThread$H w=110)
W/Looper  (26673): PerfMonitor looperActivity : package=com.example.benchmark_container/.MainActivity time=0ms latency=819ms running=0ms  procState=-1  historyMsgCount=4 (msgIndex=2 wall=412ms seq=4 late=408ms h=android.app.ActivityThread$H w=159) (msgIndex=3 wall=411ms seq=3 h=android.app.ActivityThread$H w=110) (msgIndex=4 wall=412ms seq=4 late=408ms h=android.app.ActivityThread$H w=159)
D/SurfaceView(26673): UPDATE null, mIsCastMode = false
D/hw-ProcessState(26673): Binder ioctl to enable oneway spam detection failed: Invalid argument
W/Looper  (26673): PerfMonitor longMsg : seq=8 plan=22:38:17.960 late=422ms wall=1673ms running=0ms h=android.view.Choreographer$FrameHandler c=android.view.Choreographer$FrameDisplayEventReceiver procState=-1
W/Looper  (26673): PerfMonitor doFrame : time=1673ms vsyncFrame=0 latency=422ms procState=-1 historyMsgCount=7 (msgIndex=2 wall=412ms seq=4 h=android.app.ActivityThread$H w=159) (msgIndex=3 wall=1673ms seq=8 late=422ms h=android.view.Choreographer$FrameHandler c=android.view.Choreographer$FrameDisplayEventReceiver) (msgIndex=4 wall=412ms seq=4 h=android.app.ActivityThread$H w=159)
I/Choreographer(26673): Skipped 95 frames!  The application may be doing too much work on its main thread.
D/SurfaceView(26673): UPDATE Surface(name=SurfaceView[com.example.benchmark_container/com.example.benchmark_container.MainActivity])/@0xca20cbb, mIsProjectionMode = false
W/Looper  (26673): PerfMonitor doFrame : time=3ms vsyncFrame=0 latency=1586ms procState=-1 historyMsgCount=4
[spm]: Connected to Dart VM service.
I/flutter (26673): 00:00 +0: Performance Benchmark
E/hmark_containe(26673): open libmigui.so failed! dlopen - dlopen failed: library "libmigui.so" not found
D/hmark_containe(26673): MiuiProcessManagerServiceStub setSchedFifo
I/MiuiProcessManagerImpl(26673): setSchedFifo pid:26673, mode:3
D/DecorView[](26673): onWindowFocusChanged hasWindowFocus true
D/DecorView[](26673): getWindowModeFromSystem  windowmode is 1
D/DecorView[](26673): updateDecorCaptionStatus displayWindowDecor is false
D/ProfileInstaller(26673): Installing profile for com.example.benchmark_container
I/flutter (26673): [SPM:perf] 698a51a  buildSpan: 669µs
I/flutter (26673): [spm] Performance monitoring completed for 698a51a
[spm]: ProfilerData event received.
[spm]: ProfilerData event received.
I/flutter (26673): [SPM:perf] 698a51a  buildSpan: 688µs
I/flutter (26673): [spm] Performance monitoring completed for 698a51a
[spm]: ProfilerData event received.
I/flutter (26673): [SPM:perf] 698a51a  buildSpan: 368µs
I/flutter (26673): [spm] Performance monitoring completed for 698a51a
[spm]: ProfilerData event received.
I/flutter (26673): [SPM:perf] 698a51a  buildSpan: 469µs
I/flutter (26673): [spm] Performance monitoring completed for 698a51a
[spm]: ProfilerData event received.
I/flutter (26673): [SPM:perf] 698a51a  buildSpan: 484µs
I/flutter (26673): [spm] Performance monitoring completed for 698a51a
[spm]: ProfilerData event received.
I/flutter (26673): [SPM:perf] 698a51a  buildSpan: 513µs
I/flutter (26673): [spm] Performance monitoring completed for 698a51a
[spm]: ProfilerData event received.
I/flutter (26673): [SPM:perf] 698a51a  buildSpan: 675µs
I/flutter (26673): [spm] Performance monitoring completed for 698a51a
[spm]: ProfilerData event received.
I/flutter (26673): [SPM:perf] 698a51a  buildSpan: 393µs
I/flutter (26673): [spm] Performance monitoring completed for 698a51a
I/flutter (26673): [SPM:perf] 698a51a  buildSpan: 391µs
[spm]: ProfilerData event received.
I/flutter (26673): [spm] Performance monitoring completed for 698a51a
[spm]: ProfilerData event received.
I/flutter (26673): [SPM:perf] 698a51a  buildSpan: 461µs
I/flutter (26673): [spm] Performance monitoring completed for 698a51a
I/flutter (26673): [SPM:perf] 698a51a  buildSpan: 493µs
[spm]: ProfilerData event received.
I/flutter (26673): [spm] Performance monitoring completed for 698a51a
[spm]: ProfilerData event received.
I/flutter (26673): [SPM:perf] 698a51a  buildSpan: 476µs
I/flutter (26673): [spm] Performance monitoring completed for 698a51a
I/flutter (26673): [SPM:perf] 698a51a  buildSpan: 471µs
I/flutter (26673): [spm] Performance monitoring completed for 698a51a
[spm]: ProfilerData event received.
[spm]: ProfilerData event received.
I/flutter (26673): [SPM:perf] 698a51a  buildSpan: 667µs
I/flutter (26673): [spm] Performance monitoring completed for 698a51a
[spm]: ProfilerData event received.
I/flutter (26673): [SPM:perf] 698a51a  buildSpan: 461µs
I/flutter (26673): [spm] Performance monitoring completed for 698a51a
[spm]: ProfilerData event received.
I/flutter (26673): [SPM:perf] 698a51a  buildSpan: 495µs
I/flutter (26673): [spm] Performance monitoring completed for 698a51a
[spm]: ProfilerData event received.
I/flutter (26673): [SPM:perf] 698a51a  buildSpan: 463µs
I/flutter (26673): [spm] Performance monitoring completed for 698a51a
[spm]: ProfilerData event received.
I/flutter (26673): [SPM:perf] 698a51a  buildSpan: 470µs
I/flutter (26673): [spm] Performance monitoring completed for 698a51a
[spm]: ProfilerData event received.
I/flutter (26673): [SPM:perf] 698a51a  buildSpan: 380µs
I/flutter (26673): [spm] Performance monitoring completed for 698a51a
[spm]: ProfilerData event received.
I/flutter (26673): [SPM:perf] 698a51a  buildSpan: 416µs
I/flutter (26673): [spm] Performance monitoring completed for 698a51a
I/flutter (26673): [SPM:perf] 698a51a  buildSpan: 312µs
[spm]: ProfilerData event received.
I/flutter (26673): [spm] Performance monitoring completed for 698a51a
[spm]: ProfilerData event received.
I/flutter (26673): [SPM:perf] 698a51a  buildSpan: 338µs
I/flutter (26673): [spm] Performance monitoring completed for 698a51a
I/flutter (26673): [SPM:perf] 698a51a  buildSpan: 325µs
[spm]: ProfilerData event received.
I/flutter (26673): [spm] Performance monitoring completed for 698a51a
[spm]: ProfilerData event received.
I/flutter (26673): [SPM:perf] 698a51a  buildSpan: 478µs
I/flutter (26673): [spm] Performance monitoring completed for 698a51a
I/flutter (26673): [SPM:perf] 698a51a  buildSpan: 296µs
[spm]: ProfilerData event received.
I/flutter (26673): [spm] Performance monitoring completed for 698a51a
[spm]: ProfilerData event received.
I/flutter (26673): [SPM:perf] 698a51a  buildSpan: 454µs
I/flutter (26673): [spm] Performance monitoring completed for 698a51a
[spm]: ProfilerData event received.
I/flutter (26673): [SPM:perf] 698a51a  buildSpan: 501µs
I/flutter (26673): [spm] Performance monitoring completed for 698a51a
I/flutter (26673): [SPM:perf] 698a51a  buildSpan: 478µs
I/flutter (26673): [spm] Performance monitoring completed for 698a51a
[spm]: ProfilerData event received.
[spm]: ProfilerData event received.
I/flutter (26673): [SPM:perf] 698a51a  buildSpan: 497µs
I/flutter (26673): [spm] Performance monitoring completed for 698a51a
[spm]: ProfilerData event received.
I/flutter (26673): [SPM:perf] 698a51a  buildSpan: 364µs
I/flutter (26673): [spm] Performance monitoring completed for 698a51a
I/flutter (26673): 01:10 +1: (tearDownAll)
I/flutter (26673): 01:11 +2: All tests passed!
All tests passed.
[spm]: Saved 30 profiler events to <ROOT>/dataset-new_samples/0508/redmi9t/raw/20260910-192307/rev_014_84de200d/e14.jsonl
[spm]: Reverting injection...
10 issues found. (ran in 0.8s)
WARNING: Your Android app project: app located at: <ROOT>/android/app/build.gradle.kts
applies the Kotlin Gradle Plugin, which will cause build failures in future versions of Flutter. 
Please migrate your app to Built-in Kotlin using this guide: https://docs.flutter.dev/release/breaking-changes/migrate-to-built-in-kotlin/for-app-developers

VMServiceFlutterDriver: Connecting to Flutter application at http://127.0.0.1:43083/ywnI8IXfLFg=/
[spm]: Detected VM service URI: ws://127.0.0.1:43083/ywnI8IXfLFg=/ws
VMServiceFlutterDriver: Isolate found with number: 7300840028135851
VMServiceFlutterDriver: Isolate 7300840028135851 is runnable.
VMServiceFlutterDriver: Isolate is paused at start.
VMServiceFlutterDriver: Attempting to resume isolate
VMServiceFlutterDriver: Connected to Flutter application.
VMServiceFlutterDriver: request_data message is taking a long time to complete...