# sample_id=0331/rev_004_058037db exec_index=14 ok=True perf_lines=30 vm_events=30 battery_pct=35 soc_temp_millic=46000 battery_temp_c=34.5 charging=False preflight_started=2026-09-09T22:58:13.282739+00:00 started=2026-09-09T22:58:15.648962+00:00 ts=2026-09-09T23:00:21.671092+00:00
[spm]: Running flutter analyze...
Analyzing lib...                                                

   info • The part-of directive uses a library name. Try converting the directive to use the URI of the library • lib/dependencies.dart:43:1 • use_string_in_part_of_directives
   info • The type parameter name 'State' matches a visible type name. Try changing the type parameter name to not match an existing type • lib/dependencies.dart:116:19 • avoid_types_as_parameter_names
   info • Library names are not necessary. Remove the library name • lib/generated_widget.dart:2:9 • unnecessary_library_name
   info • Constructors in '@immutable' classes should be declared as 'const'. Try adding 'const' to the constructor declaration • lib/generated_widget.dart:11:3 • prefer_const_constructors_in_immutables
   info • 'withOpacity' is deprecated and shouldn't be used. Use .withValues() to avoid precision loss. Try replacing the use of the deprecated member with the replacement • lib/generated_widget.dart:50:41 • deprecated_member_use
   info • 'withOpacity' is deprecated and shouldn't be used. Use .withValues() to avoid precision loss. Try replacing the use of the deprecated member with the replacement • lib/generated_widget.dart:55:42 • deprecated_member_use

[spm]: Injecting profiler code...
[spm]: Starting app...
Running Gradle task 'assembleProfile'...                        
Running Gradle task 'assembleProfile'...                           22.5s
✓ Built build/app/outputs/flutter-apk/app-profile.apk (26.8MB)
Installing build/app/outputs/flutter-apk/app-profile.apk...      1,018ms
D/DecorView[](20062): getWindowModeFromSystem  windowmode is 1
I/ForceDarkHelperStubImpl(20062): setViewRootImplForceDark: false for com.example.benchmark_container.MainActivity@e6f428d, reason: AppDarkModeEnable
I/ForceDarkHelperStubImpl(20062): setViewRootImplForceDark: false for com.example.benchmark_container.MainActivity@e6f428d, reason: AppDarkModeEnable
D/DecorView[](20062): getWindowModeFromSystem  windowmode is 1
D/DecorView[](20062): updateDecorCaptionStatus displayWindowDecor is false
W/Looper  (20062): PerfMonitor looperActivity : package=com.example.benchmark_container/.MainActivity time=352ms latency=405ms running=0ms  procState=-1  historyMsgCount=2 (msgIndex=1 wall=352ms seq=4 late=405ms h=android.app.ActivityThread$H w=159) (msgIndex=2 wall=418ms seq=3 h=android.app.ActivityThread$H w=110)
W/Looper  (20062): PerfMonitor looperActivity : package=com.example.benchmark_container/.MainActivity time=1ms latency=758ms running=0ms  procState=-1  historyMsgCount=4 (msgIndex=2 wall=352ms seq=4 late=405ms h=android.app.ActivityThread$H w=159) (msgIndex=3 wall=418ms seq=3 h=android.app.ActivityThread$H w=110) (msgIndex=4 wall=352ms seq=4 late=405ms h=android.app.ActivityThread$H w=159)
D/SurfaceView(20062): UPDATE null, mIsCastMode = false
D/hw-ProcessState(20062): Binder ioctl to enable oneway spam detection failed: Invalid argument
W/Looper  (20062): PerfMonitor longMsg : seq=7 plan=01:58:56.535 late=363ms wall=1685ms running=0ms h=android.view.Choreographer$FrameHandler c=android.view.Choreographer$FrameDisplayEventReceiver procState=-1
W/Looper  (20062): PerfMonitor doFrame : time=1685ms vsyncFrame=0 latency=363ms procState=-1 historyMsgCount=6 (msgIndex=2 wall=352ms seq=4 late=405ms h=android.app.ActivityThread$H w=159) (msgIndex=3 wall=1685ms seq=7 late=363ms h=android.view.Choreographer$FrameHandler c=android.view.Choreographer$FrameDisplayEventReceiver) (msgIndex=4 wall=352ms seq=4 late=405ms h=android.app.ActivityThread$H w=159)
I/Choreographer(20062): Skipped 96 frames!  The application may be doing too much work on its main thread.
D/SurfaceView(20062): UPDATE Surface(name=SurfaceView[com.example.benchmark_container/com.example.benchmark_container.MainActivity])/@0xca20cbb, mIsProjectionMode = false
W/Looper  (20062): PerfMonitor doFrame : time=3ms vsyncFrame=0 latency=1607ms procState=-1 historyMsgCount=4
[spm]: Connected to Dart VM service.
I/flutter (20062): 00:00 +0: Performance Benchmark
E/hmark_containe(20062): open libmigui.so failed! dlopen - dlopen failed: library "libmigui.so" not found
D/hmark_containe(20062): MiuiProcessManagerServiceStub setSchedFifo
I/MiuiProcessManagerImpl(20062): setSchedFifo pid:20062, mode:3
D/DecorView[](20062): onWindowFocusChanged hasWindowFocus true
D/DecorView[](20062): getWindowModeFromSystem  windowmode is 1
D/DecorView[](20062): updateDecorCaptionStatus displayWindowDecor is false
D/ProfileInstaller(20062): Installing profile for com.example.benchmark_container
[spm]: ProfilerData event received.
I/flutter (20062): [SPM:perf] 698a51a  buildSpan: 1454µs
I/flutter (20062): [spm] Performance monitoring completed for 698a51a
[spm]: ProfilerData event received.
I/flutter (20062): [SPM:perf] 698a51a  buildSpan: 1339µs
I/flutter (20062): [spm] Performance monitoring completed for 698a51a
[spm]: ProfilerData event received.
I/flutter (20062): [SPM:perf] 698a51a  buildSpan: 1231µs
I/flutter (20062): [spm] Performance monitoring completed for 698a51a
[spm]: ProfilerData event received.
I/flutter (20062): [SPM:perf] 698a51a  buildSpan: 1256µs
I/flutter (20062): [spm] Performance monitoring completed for 698a51a
[spm]: ProfilerData event received.
I/flutter (20062): [SPM:perf] 698a51a  buildSpan: 1325µs
I/flutter (20062): [spm] Performance monitoring completed for 698a51a
[spm]: ProfilerData event received.
I/flutter (20062): [SPM:perf] 698a51a  buildSpan: 1383µs
I/flutter (20062): [spm] Performance monitoring completed for 698a51a
[spm]: ProfilerData event received.
I/flutter (20062): [SPM:perf] 698a51a  buildSpan: 1241µs
I/flutter (20062): [spm] Performance monitoring completed for 698a51a
[spm]: ProfilerData event received.
I/flutter (20062): [SPM:perf] 698a51a  buildSpan: 1326µs
I/flutter (20062): [spm] Performance monitoring completed for 698a51a
I/flutter (20062): [SPM:perf] 698a51a  buildSpan: 1319µs
I/flutter (20062): [spm] Performance monitoring completed for 698a51a
[spm]: ProfilerData event received.
[spm]: ProfilerData event received.
I/flutter (20062): [SPM:perf] 698a51a  buildSpan: 1263µs
I/flutter (20062): [spm] Performance monitoring completed for 698a51a
[spm]: ProfilerData event received.
I/flutter (20062): [SPM:perf] 698a51a  buildSpan: 1328µs
I/flutter (20062): [spm] Performance monitoring completed for 698a51a
I/flutter (20062): [SPM:perf] 698a51a  buildSpan: 1723µs
[spm]: ProfilerData event received.
I/flutter (20062): [spm] Performance monitoring completed for 698a51a
I/flutter (20062): [SPM:perf] 698a51a  buildSpan: 1266µs
I/flutter (20062): [spm] Performance monitoring completed for 698a51a
[spm]: ProfilerData event received.
[spm]: ProfilerData event received.
I/flutter (20062): [SPM:perf] 698a51a  buildSpan: 1479µs
I/flutter (20062): [spm] Performance monitoring completed for 698a51a
[spm]: ProfilerData event received.
I/flutter (20062): [SPM:perf] 698a51a  buildSpan: 1443µs
I/flutter (20062): [spm] Performance monitoring completed for 698a51a
[spm]: ProfilerData event received.
I/flutter (20062): [SPM:perf] 698a51a  buildSpan: 1346µs
I/flutter (20062): [spm] Performance monitoring completed for 698a51a
I/flutter (20062): [SPM:perf] 698a51a  buildSpan: 1302µs
I/flutter (20062): [spm] Performance monitoring completed for 698a51a
[spm]: ProfilerData event received.
[spm]: ProfilerData event received.
I/flutter (20062): [SPM:perf] 698a51a  buildSpan: 1360µs
I/flutter (20062): [spm] Performance monitoring completed for 698a51a
I/flutter (20062): [SPM:perf] 698a51a  buildSpan: 1425µs
I/flutter (20062): [spm] Performance monitoring completed for 698a51a
[spm]: ProfilerData event received.
[spm]: ProfilerData event received.
I/flutter (20062): [SPM:perf] 698a51a  buildSpan: 1231µs
I/flutter (20062): [spm] Performance monitoring completed for 698a51a
[spm]: ProfilerData event received.
I/flutter (20062): [SPM:perf] 698a51a  buildSpan: 1244µs
I/flutter (20062): [spm] Performance monitoring completed for 698a51a
[spm]: ProfilerData event received.
I/flutter (20062): [SPM:perf] 698a51a  buildSpan: 1400µs
I/flutter (20062): [spm] Performance monitoring completed for 698a51a
[spm]: ProfilerData event received.
I/flutter (20062): [SPM:perf] 698a51a  buildSpan: 1753µs
I/flutter (20062): [spm] Performance monitoring completed for 698a51a
[spm]: ProfilerData event received.
I/flutter (20062): [SPM:perf] 698a51a  buildSpan: 1495µs
I/flutter (20062): [spm] Performance monitoring completed for 698a51a
[spm]: ProfilerData event received.
I/flutter (20062): [SPM:perf] 698a51a  buildSpan: 1275µs
I/flutter (20062): [spm] Performance monitoring completed for 698a51a
I/flutter (20062): [SPM:perf] 698a51a  buildSpan: 1384µs
I/flutter (20062): [spm] Performance monitoring completed for 698a51a
[spm]: ProfilerData event received.
[spm]: ProfilerData event received.
I/flutter (20062): [SPM:perf] 698a51a  buildSpan: 1309µs
I/flutter (20062): [spm] Performance monitoring completed for 698a51a
[spm]: ProfilerData event received.
I/flutter (20062): [SPM:perf] 698a51a  buildSpan: 1293µs
I/flutter (20062): [spm] Performance monitoring completed for 698a51a
[spm]: ProfilerData event received.
I/flutter (20062): [SPM:perf] 698a51a  buildSpan: 1395µs
I/flutter (20062): [spm] Performance monitoring completed for 698a51a
[spm]: ProfilerData event received.
I/flutter (20062): [SPM:perf] 698a51a  buildSpan: 1448µs
I/flutter (20062): [spm] Performance monitoring completed for 698a51a
I/flutter (20062): 01:10 +1: (tearDownAll)
I/flutter (20062): 01:11 +2: All tests passed!
All tests passed.
[spm]: Saved 30 profiler events to <ROOT>/dataset-new_samples/0331/redmi9t/raw/20260910-010209/rev_004_058037db/e14.jsonl
[spm]: Reverting injection...
6 issues found. (ran in 0.9s)
WARNING: Your Android app project: app located at: <ROOT>/android/app/build.gradle.kts
applies the Kotlin Gradle Plugin, which will cause build failures in future versions of Flutter. 
Please migrate your app to Built-in Kotlin using this guide: https://docs.flutter.dev/release/breaking-changes/migrate-to-built-in-kotlin/for-app-developers

VMServiceFlutterDriver: Connecting to Flutter application at http://127.0.0.1:33783/L1T0fGSoyII=/
[spm]: Detected VM service URI: ws://127.0.0.1:33783/L1T0fGSoyII=/ws
VMServiceFlutterDriver: Isolate found with number: 4884324730256647
VMServiceFlutterDriver: Isolate 4884324730256647 is runnable.
VMServiceFlutterDriver: Isolate is paused at start.
VMServiceFlutterDriver: Attempting to resume isolate
VMServiceFlutterDriver: Connected to Flutter application.
VMServiceFlutterDriver: request_data message is taking a long time to complete...