# sample_id=0331/rev_004_058037db exec_index=5 ok=True perf_lines=30 vm_events=30 battery_pct=33 soc_temp_millic=45100 battery_temp_c=34.4 charging=False preflight_started=2026-09-09T23:17:08.442903+00:00 started=2026-09-09T23:17:10.825329+00:00 ts=2026-09-09T23:19:16.542629+00:00
[spm]: Running flutter analyze...
Analyzing lib...                                                

   info • The part-of directive uses a library name. Try converting the directive to use the URI of the library • lib/dependencies.dart:43:1 • use_string_in_part_of_directives
   info • The type parameter name 'State' matches a visible type name. Try changing the type parameter name to not match an existing type • lib/dependencies.dart:116:19 • avoid_types_as_parameter_names
   info • Library names are not necessary. Remove the library name • lib/generated_widget.dart:2:9 • unnecessary_library_name
   info • Constructors in '@immutable' classes should be declared as 'const'. Try adding 'const' to the constructor declaration • lib/generated_widget.dart:11:3 • prefer_const_constructors_in_immutables
   info • 'withOpacity' is deprecated and shouldn't be used. Use .withValues() to avoid precision loss. Try replacing the use of the deprecated member with the replacement • lib/generated_widget.dart:50:41 • deprecated_member_use
   info • 'withOpacity' is deprecated and shouldn't be used. Use .withValues() to avoid precision loss. Try replacing the use of the deprecated member with the replacement • lib/generated_widget.dart:55:42 • deprecated_member_use

[spm]: Injecting profiler code...
[spm]: Starting app...
Running Gradle task 'assembleProfile'...                        
Running Gradle task 'assembleProfile'...                           22.3s
✓ Built build/app/outputs/flutter-apk/app-profile.apk (26.8MB)
Installing build/app/outputs/flutter-apk/app-profile.apk...      1,025ms
D/DecorView[](15077): getWindowModeFromSystem  windowmode is 1
I/ForceDarkHelperStubImpl(15077): setViewRootImplForceDark: false for com.example.benchmark_container.MainActivity@e6f428d, reason: AppDarkModeEnable
I/ForceDarkHelperStubImpl(15077): setViewRootImplForceDark: false for com.example.benchmark_container.MainActivity@e6f428d, reason: AppDarkModeEnable
D/DecorView[](15077): getWindowModeFromSystem  windowmode is 1
D/DecorView[](15077): updateDecorCaptionStatus displayWindowDecor is false
W/Looper  (15077): PerfMonitor looperActivity : package=com.example.benchmark_container/.MainActivity time=428ms latency=426ms running=0ms  procState=-1  historyMsgCount=3 (msgIndex=3 wall=407ms seq=3 h=android.app.ActivityThread$H w=110)
W/Looper  (15077): PerfMonitor looperActivity : package=com.example.benchmark_container/.MainActivity time=0ms latency=855ms running=0ms  procState=-1  historyMsgCount=4 (msgIndex=3 wall=407ms seq=3 h=android.app.ActivityThread$H w=110) (msgIndex=4 wall=428ms seq=4 late=426ms h=android.app.ActivityThread$H w=159)
D/SurfaceView(15077): UPDATE null, mIsCastMode = false
D/hw-ProcessState(15077): Binder ioctl to enable oneway spam detection failed: Invalid argument
W/Looper  (15077): PerfMonitor longMsg : seq=8 plan=02:17:51.742 late=441ms wall=1713ms running=0ms h=android.view.Choreographer$FrameHandler c=android.view.Choreographer$FrameDisplayEventReceiver procState=-1
W/Looper  (15077): PerfMonitor doFrame : time=1713ms vsyncFrame=0 latency=441ms procState=-1 historyMsgCount=6 (msgIndex=2 wall=1713ms seq=8 late=441ms h=android.view.Choreographer$FrameHandler c=android.view.Choreographer$FrameDisplayEventReceiver) (msgIndex=3 wall=428ms seq=4 h=android.app.ActivityThread$H w=159)
I/Choreographer(15077): Skipped 97 frames!  The application may be doing too much work on its main thread.
D/SurfaceView(15077): UPDATE Surface(name=SurfaceView[com.example.benchmark_container/com.example.benchmark_container.MainActivity])/@0xca20cbb, mIsProjectionMode = false
W/Looper  (15077): PerfMonitor doFrame : time=3ms vsyncFrame=0 latency=1628ms procState=-1 historyMsgCount=4
[spm]: Connected to Dart VM service.
I/flutter (15077): 00:00 +0: Performance Benchmark
E/hmark_containe(15077): open libmigui.so failed! dlopen - dlopen failed: library "libmigui.so" not found
D/hmark_containe(15077): MiuiProcessManagerServiceStub setSchedFifo
I/MiuiProcessManagerImpl(15077): setSchedFifo pid:15077, mode:3
D/DecorView[](15077): onWindowFocusChanged hasWindowFocus true
D/DecorView[](15077): getWindowModeFromSystem  windowmode is 1
D/DecorView[](15077): updateDecorCaptionStatus displayWindowDecor is false
D/ProfileInstaller(15077): Installing profile for com.example.benchmark_container
[spm]: ProfilerData event received.
I/flutter (15077): [SPM:perf] 698a51a  buildSpan: 1334µs
I/flutter (15077): [spm] Performance monitoring completed for 698a51a
I/flutter (15077): [SPM:perf] 698a51a  buildSpan: 1300µs
I/flutter (15077): [spm] Performance monitoring completed for 698a51a
[spm]: ProfilerData event received.
[spm]: ProfilerData event received.
I/flutter (15077): [SPM:perf] 698a51a  buildSpan: 1342µs
I/flutter (15077): [spm] Performance monitoring completed for 698a51a
I/flutter (15077): [SPM:perf] 698a51a  buildSpan: 1223µs
I/flutter (15077): [spm] Performance monitoring completed for 698a51a
[spm]: ProfilerData event received.
[spm]: ProfilerData event received.
I/flutter (15077): [SPM:perf] 698a51a  buildSpan: 1259µs
I/flutter (15077): [spm] Performance monitoring completed for 698a51a
I/flutter (15077): [SPM:perf] 698a51a  buildSpan: 1820µs
I/flutter (15077): [spm] Performance monitoring completed for 698a51a
[spm]: ProfilerData event received.
[spm]: ProfilerData event received.
I/flutter (15077): [SPM:perf] 698a51a  buildSpan: 1280µs
I/flutter (15077): [spm] Performance monitoring completed for 698a51a
I/flutter (15077): [SPM:perf] 698a51a  buildSpan: 1292µs
I/flutter (15077): [spm] Performance monitoring completed for 698a51a
[spm]: ProfilerData event received.
[spm]: ProfilerData event received.
I/flutter (15077): [SPM:perf] 698a51a  buildSpan: 1282µs
I/flutter (15077): [spm] Performance monitoring completed for 698a51a
[spm]: ProfilerData event received.
I/flutter (15077): [SPM:perf] 698a51a  buildSpan: 1374µs
I/flutter (15077): [spm] Performance monitoring completed for 698a51a
[spm]: ProfilerData event received.
I/flutter (15077): [SPM:perf] 698a51a  buildSpan: 1426µs
I/flutter (15077): [spm] Performance monitoring completed for 698a51a
[spm]: ProfilerData event received.
I/flutter (15077): [SPM:perf] 698a51a  buildSpan: 1342µs
I/flutter (15077): [spm] Performance monitoring completed for 698a51a
I/flutter (15077): [SPM:perf] 698a51a  buildSpan: 1292µs
I/flutter (15077): [spm] Performance monitoring completed for 698a51a
[spm]: ProfilerData event received.
[spm]: ProfilerData event received.
I/flutter (15077): [SPM:perf] 698a51a  buildSpan: 1271µs
I/flutter (15077): [spm] Performance monitoring completed for 698a51a
[spm]: ProfilerData event received.
I/flutter (15077): [SPM:perf] 698a51a  buildSpan: 1579µs
I/flutter (15077): [spm] Performance monitoring completed for 698a51a
[spm]: ProfilerData event received.
I/flutter (15077): [SPM:perf] 698a51a  buildSpan: 1277µs
I/flutter (15077): [spm] Performance monitoring completed for 698a51a
[spm]: ProfilerData event received.
I/flutter (15077): [SPM:perf] 698a51a  buildSpan: 1302µs
I/flutter (15077): [spm] Performance monitoring completed for 698a51a
[spm]: ProfilerData event received.
I/flutter (15077): [SPM:perf] 698a51a  buildSpan: 1420µs
I/flutter (15077): [spm] Performance monitoring completed for 698a51a
[spm]: ProfilerData event received.
I/flutter (15077): [SPM:perf] 698a51a  buildSpan: 1271µs
I/flutter (15077): [spm] Performance monitoring completed for 698a51a
I/flutter (15077): [SPM:perf] 698a51a  buildSpan: 1251µs
I/flutter (15077): [spm] Performance monitoring completed for 698a51a
[spm]: ProfilerData event received.
[spm]: ProfilerData event received.
I/flutter (15077): [SPM:perf] 698a51a  buildSpan: 1300µs
I/flutter (15077): [spm] Performance monitoring completed for 698a51a
[spm]: ProfilerData event received.
I/flutter (15077): [SPM:perf] 698a51a  buildSpan: 1230µs
I/flutter (15077): [spm] Performance monitoring completed for 698a51a
[spm]: ProfilerData event received.
I/flutter (15077): [SPM:perf] 698a51a  buildSpan: 1381µs
I/flutter (15077): [spm] Performance monitoring completed for 698a51a
[spm]: ProfilerData event received.
I/flutter (15077): [SPM:perf] 698a51a  buildSpan: 1456µs
I/flutter (15077): [spm] Performance monitoring completed for 698a51a
I/flutter (15077): [SPM:perf] 698a51a  buildSpan: 1431µs
I/flutter (15077): [spm] Performance monitoring completed for 698a51a
[spm]: ProfilerData event received.
[spm]: ProfilerData event received.
I/flutter (15077): [SPM:perf] 698a51a  buildSpan: 1528µs
I/flutter (15077): [spm] Performance monitoring completed for 698a51a
I/flutter (15077): [SPM:perf] 698a51a  buildSpan: 1440µs
I/flutter (15077): [spm] Performance monitoring completed for 698a51a
[spm]: ProfilerData event received.
[spm]: ProfilerData event received.
I/flutter (15077): [SPM:perf] 698a51a  buildSpan: 1406µs
I/flutter (15077): [spm] Performance monitoring completed for 698a51a
[spm]: ProfilerData event received.
I/flutter (15077): [SPM:perf] 698a51a  buildSpan: 1375µs
I/flutter (15077): [spm] Performance monitoring completed for 698a51a
I/flutter (15077): [SPM:perf] 698a51a  buildSpan: 1564µs
[spm]: ProfilerData event received.
I/flutter (15077): [spm] Performance monitoring completed for 698a51a
I/flutter (15077): 01:10 +1: (tearDownAll)
I/flutter (15077): 01:11 +2: All tests passed!
All tests passed.
[spm]: Saved 30 profiler events to <ROOT>/dataset-new_samples/0331/redmi9t/raw/20260910-010209/rev_004_058037db/e5.jsonl
[spm]: Reverting injection...
6 issues found. (ran in 0.9s)
WARNING: Your Android app project: app located at: <ROOT>/android/app/build.gradle.kts
applies the Kotlin Gradle Plugin, which will cause build failures in future versions of Flutter. 
Please migrate your app to Built-in Kotlin using this guide: https://docs.flutter.dev/release/breaking-changes/migrate-to-built-in-kotlin/for-app-developers

VMServiceFlutterDriver: Connecting to Flutter application at http://127.0.0.1:46073/r1_A17Go6Gw=/
[spm]: Detected VM service URI: ws://127.0.0.1:46073/r1_A17Go6Gw=/ws
VMServiceFlutterDriver: Isolate found with number: 2693259880651023
VMServiceFlutterDriver: Isolate 2693259880651023 is runnable.
VMServiceFlutterDriver: Isolate is paused at start.
VMServiceFlutterDriver: Attempting to resume isolate
VMServiceFlutterDriver: Connected to Flutter application.
VMServiceFlutterDriver: request_data message is taking a long time to complete...