# sample_id=2449/rev_001_c7520466 exec_index=11 ok=True perf_lines=30 vm_events=30 battery_pct=57 soc_temp_millic=45400 battery_temp_c=32.2 charging=False preflight_started=2026-09-13T15:44:42.152291+00:00 started=2026-09-13T15:44:44.721093+00:00 ts=2026-09-13T15:46:50.463348+00:00
[spm]: Running flutter analyze...
Resolving dependencies...
Downloading packages...
  _fe_analyzer_shared 100.0.0 (108.0.0 available)
  analyzer 13.0.0 (14.4.0 available)
  async 2.13.0 (2.13.1 available)
  clock 1.1.2 (1.1.3 available)
  cupertino_icons 1.0.8 (1.0.9 available)
  glob 2.1.3 (2.2.0 available)
  lints 6.0.0 (6.1.0 available)
  matcher 0.12.19 (0.12.20 available)
  material_color_utilities 0.13.0 (0.13.1 available)
  meta 1.18.0 (1.19.0 available)
  package_config 2.2.0 (3.0.0 available)
  platform 3.1.6 (3.2.0 available)
  process 5.0.5 (5.0.6 available)
  pub_semver 2.2.0 (2.2.1 available)
  source_span 1.10.1 (1.10.2 available)
  stack_trace 1.12.1 (1.12.2 available)
  test_api 0.7.11 (0.7.14 available)
  vector_math 2.2.0 (2.4.2 available)
  vm_service 15.0.2 (15.3.0 available)
  webdriver 3.1.0 (3.2.0 available)
  yaml 3.1.3 (3.1.4 available)
Got dependencies!
21 packages have newer versions incompatible with dependency constraints.
Try `flutter pub outdated` for more information.
Analyzing lib...                                                

   info • Constructors in '@immutable' classes should be declared as 'const'. Try adding 'const' to the constructor declaration • lib/generated_widget.dart:7:3 • prefer_const_constructors_in_immutables

[spm]: Injecting profiler code...
[spm]: Starting app...
Running Gradle task 'assembleProfile'...                        
Running Gradle task 'assembleProfile'...                           21.8s
✓ Built build/app/outputs/flutter-apk/app-profile.apk (26.8MB)
Installing build/app/outputs/flutter-apk/app-profile.apk...      1,202ms
D/DecorView[](32657): getWindowModeFromSystem  windowmode is 1
D/DecorView[](32657): getWindowModeFromSystem  windowmode is 1
D/DecorView[](32657): updateDecorCaptionStatus displayWindowDecor is false
W/Looper  (32657): PerfMonitor looperActivity : package=com.example.benchmark_container/.MainActivity time=351ms latency=391ms running=0ms  procState=-1  historyMsgCount=3 (msgIndex=1 wall=351ms seq=4 late=391ms h=android.app.ActivityThread$H w=159) (msgIndex=2 wall=351ms seq=4 late=391ms h=android.app.ActivityThread$H w=159) (msgIndex=3 wall=395ms seq=3 h=android.app.ActivityThread$H w=110)
W/Looper  (32657): PerfMonitor looperActivity : package=com.example.benchmark_container/.MainActivity time=0ms latency=744ms running=0ms  procState=-1  historyMsgCount=4 (msgIndex=1 wall=351ms seq=4 h=android.app.ActivityThread$H w=159) (msgIndex=2 wall=351ms seq=4 h=android.app.ActivityThread$H w=159) (msgIndex=3 wall=395ms seq=3 h=android.app.ActivityThread$H w=110) (msgIndex=4 wall=351ms seq=4 h=android.app.ActivityThread$H w=159)
D/SurfaceView(32657): UPDATE null, mIsCastMode = false
D/hw-ProcessState(32657): Binder ioctl to enable oneway spam detection failed: Invalid argument
W/Looper  (32657): PerfMonitor longMsg : seq=8 plan=18:45:25.352 late=355ms wall=1679ms running=0ms h=android.view.Choreographer$FrameHandler c=android.view.Choreographer$FrameDisplayEventReceiver procState=-1
W/Looper  (32657): PerfMonitor doFrame : time=1679ms vsyncFrame=0 latency=355ms procState=-1 historyMsgCount=4 (msgIndex=1 wall=1679ms seq=8 late=355ms h=android.view.Choreographer$FrameHandler c=android.view.Choreographer$FrameDisplayEventReceiver)
I/Choreographer(32657): Skipped 96 frames!  The application may be doing too much work on its main thread.
D/SurfaceView(32657): UPDATE Surface(name=SurfaceView[com.example.benchmark_container/com.example.benchmark_container.MainActivity])/@0x739554a, mIsProjectionMode = false
W/Looper  (32657): PerfMonitor doFrame : time=3ms vsyncFrame=0 latency=1607ms procState=-1 historyMsgCount=4
[spm]: Connected to Dart VM service.
I/flutter (32657): 00:00 +0: Performance Benchmark
E/hmark_containe(32657): open libmigui.so failed! dlopen - dlopen failed: library "libmigui.so" not found
D/hmark_containe(32657): MiuiProcessManagerServiceStub setSchedFifo
I/MiuiProcessManagerImpl(32657): setSchedFifo pid:32657, mode:3
D/DecorView[](32657): onWindowFocusChanged hasWindowFocus true
D/DecorView[](32657): getWindowModeFromSystem  windowmode is 1
D/DecorView[](32657): updateDecorCaptionStatus displayWindowDecor is false
D/ProfileInstaller(32657): Installing profile for com.example.benchmark_container
[spm]: ProfilerData event received.
I/flutter (32657): [SPM:perf] 698a51a  buildSpan: 1186µs
I/flutter (32657): [spm] Performance monitoring completed for 698a51a
[spm]: ProfilerData event received.
I/flutter (32657): [SPM:perf] 698a51a  buildSpan: 1537µs
I/flutter (32657): [spm] Performance monitoring completed for 698a51a
[spm]: ProfilerData event received.
I/flutter (32657): [SPM:perf] 698a51a  buildSpan: 1083µs
I/flutter (32657): [spm] Performance monitoring completed for 698a51a
[spm]: ProfilerData event received.
I/flutter (32657): [SPM:perf] 698a51a  buildSpan: 1479µs
I/flutter (32657): [spm] Performance monitoring completed for 698a51a
[spm]: ProfilerData event received.
I/flutter (32657): [SPM:perf] 698a51a  buildSpan: 1489µs
I/flutter (32657): [spm] Performance monitoring completed for 698a51a
[spm]: ProfilerData event received.
I/flutter (32657): [SPM:perf] 698a51a  buildSpan: 1273µs
I/flutter (32657): [spm] Performance monitoring completed for 698a51a
[spm]: ProfilerData event received.
I/flutter (32657): [SPM:perf] 698a51a  buildSpan: 1610µs
I/flutter (32657): [spm] Performance monitoring completed for 698a51a
[spm]: ProfilerData event received.
I/flutter (32657): [SPM:perf] 698a51a  buildSpan: 1488µs
I/flutter (32657): [spm] Performance monitoring completed for 698a51a
I/flutter (32657): [SPM:perf] 698a51a  buildSpan: 1401µs
I/flutter (32657): [spm] Performance monitoring completed for 698a51a
[spm]: ProfilerData event received.
[spm]: ProfilerData event received.
I/flutter (32657): [SPM:perf] 698a51a  buildSpan: 1353µs
I/flutter (32657): [spm] Performance monitoring completed for 698a51a
I/flutter (32657): [SPM:perf] 698a51a  buildSpan: 1454µs
I/flutter (32657): [spm] Performance monitoring completed for 698a51a
[spm]: ProfilerData event received.
I/flutter (32657): [SPM:perf] 698a51a  buildSpan: 1577µs
I/flutter (32657): [spm] Performance monitoring completed for 698a51a
[spm]: ProfilerData event received.
I/flutter (32657): [SPM:perf] 698a51a  buildSpan: 1472µs
[spm]: ProfilerData event received.
I/flutter (32657): [spm] Performance monitoring completed for 698a51a
[spm]: ProfilerData event received.
I/flutter (32657): [SPM:perf] 698a51a  buildSpan: 1481µs
I/flutter (32657): [spm] Performance monitoring completed for 698a51a
I/flutter (32657): [SPM:perf] 698a51a  buildSpan: 1027µs
I/flutter (32657): [spm] Performance monitoring completed for 698a51a
[spm]: ProfilerData event received.
[spm]: ProfilerData event received.
I/flutter (32657): [SPM:perf] 698a51a  buildSpan: 1875µs
I/flutter (32657): [spm] Performance monitoring completed for 698a51a
[spm]: ProfilerData event received.
I/flutter (32657): [SPM:perf] 698a51a  buildSpan: 1451µs
I/flutter (32657): [spm] Performance monitoring completed for 698a51a
[spm]: ProfilerData event received.
I/flutter (32657): [SPM:perf] 698a51a  buildSpan: 1428µs
I/flutter (32657): [spm] Performance monitoring completed for 698a51a
I/flutter (32657): [SPM:perf] 698a51a  buildSpan: 1568µs
[spm]: ProfilerData event received.
I/flutter (32657): [spm] Performance monitoring completed for 698a51a
[spm]: ProfilerData event received.
I/flutter (32657): [SPM:perf] 698a51a  buildSpan: 981µs
I/flutter (32657): [spm] Performance monitoring completed for 698a51a
I/flutter (32657): [SPM:perf] 698a51a  buildSpan: 1074µs
I/flutter (32657): [spm] Performance monitoring completed for 698a51a
[spm]: ProfilerData event received.
I/flutter (32657): [SPM:perf] 698a51a  buildSpan: 1640µs
I/flutter (32657): [spm] Performance monitoring completed for 698a51a
[spm]: ProfilerData event received.
[spm]: ProfilerData event received.
I/flutter (32657): [SPM:perf] 698a51a  buildSpan: 1483µs
I/flutter (32657): [spm] Performance monitoring completed for 698a51a
[spm]: ProfilerData event received.
I/flutter (32657): [SPM:perf] 698a51a  buildSpan: 1436µs
I/flutter (32657): [spm] Performance monitoring completed for 698a51a
[spm]: ProfilerData event received.
I/flutter (32657): [SPM:perf] 698a51a  buildSpan: 1407µs
I/flutter (32657): [spm] Performance monitoring completed for 698a51a
[spm]: ProfilerData event received.
I/flutter (32657): [SPM:perf] 698a51a  buildSpan: 1258µs
I/flutter (32657): [spm] Performance monitoring completed for 698a51a
I/flutter (32657): [SPM:perf] 698a51a  buildSpan: 1631µs
I/flutter (32657): [spm] Performance monitoring completed for 698a51a
[spm]: ProfilerData event received.
I/flutter (32657): [SPM:perf] 698a51a  buildSpan: 1431µs
I/flutter (32657): [spm] Performance monitoring completed for 698a51a
[spm]: ProfilerData event received.
[spm]: ProfilerData event received.
I/flutter (32657): [SPM:perf] 698a51a  buildSpan: 1499µs
I/flutter (32657): [spm] Performance monitoring completed for 698a51a
[spm]: ProfilerData event received.
I/flutter (32657): [SPM:perf] 698a51a  buildSpan: 1423µs
I/flutter (32657): [spm] Performance monitoring completed for 698a51a
I/flutter (32657): 01:10 +1: (tearDownAll)
I/flutter (32657): 01:11 +2: All tests passed!
All tests passed.
[spm]: Saved 30 profiler events to <ROOT>/dataset-new_samples/2449/redmi9t/raw/20260913-181855/rev_001_c7520466/e11.jsonl
[spm]: Reverting injection...
1 issue found. (ran in 0.9s)
WARNING: Your Android app project: app located at: <ROOT>/android/app/build.gradle.kts
applies the Kotlin Gradle Plugin, which will cause build failures in future versions of Flutter. 
Please migrate your app to Built-in Kotlin using this guide: https://docs.flutter.dev/release/breaking-changes/migrate-to-built-in-kotlin/for-app-developers

VMServiceFlutterDriver: Connecting to Flutter application at http://127.0.0.1:42449/mQ6iYb_xXG4=/
[spm]: Detected VM service URI: ws://127.0.0.1:42449/mQ6iYb_xXG4=/ws
VMServiceFlutterDriver: Isolate found with number: 4715960740812439
VMServiceFlutterDriver: Isolate 4715960740812439 is runnable.
VMServiceFlutterDriver: Isolate is paused at start.
VMServiceFlutterDriver: Attempting to resume isolate
VMServiceFlutterDriver: Connected to Flutter application.
VMServiceFlutterDriver: request_data message is taking a long time to complete...