# sample_id=0331/rev_005_65801721 exec_index=14 ok=True perf_lines=30 vm_events=30 battery_pct=36 soc_temp_millic=45400 battery_temp_c=34.6 charging=False preflight_started=2026-09-09T22:47:30.143505+00:00 started=2026-09-09T22:47:32.530191+00:00 ts=2026-09-09T22:49:39.296932+00:00
[spm]: Running flutter analyze...
Analyzing lib...                                                

   info • The part-of directive uses a library name. Try converting the directive to use the URI of the library • lib/dependencies.dart:43:1 • use_string_in_part_of_directives
   info • The type parameter name 'State' matches a visible type name. Try changing the type parameter name to not match an existing type • lib/dependencies.dart:116:19 • avoid_types_as_parameter_names
   info • Library names are not necessary. Remove the library name • lib/generated_widget.dart:2:9 • unnecessary_library_name
   info • Constructors in '@immutable' classes should be declared as 'const'. Try adding 'const' to the constructor declaration • lib/generated_widget.dart:11:3 • prefer_const_constructors_in_immutables
   info • 'withOpacity' is deprecated and shouldn't be used. Use .withValues() to avoid precision loss. Try replacing the use of the deprecated member with the replacement • lib/generated_widget.dart:51:43 • deprecated_member_use
   info • 'withOpacity' is deprecated and shouldn't be used. Use .withValues() to avoid precision loss. Try replacing the use of the deprecated member with the replacement • lib/generated_widget.dart:57:44 • deprecated_member_use

[spm]: Injecting profiler code...
[spm]: Starting app...
Running Gradle task 'assembleProfile'...                        
Running Gradle task 'assembleProfile'...                           22.9s
✓ Built build/app/outputs/flutter-apk/app-profile.apk (26.8MB)
Installing build/app/outputs/flutter-apk/app-profile.apk...      1,007ms
I/ForceDarkHelperStubImpl(18820): setViewRootImplForceDark: false for com.example.benchmark_container.MainActivity@e6f428d, reason: AppDarkModeEnable
I/ForceDarkHelperStubImpl(18820): setViewRootImplForceDark: false for com.example.benchmark_container.MainActivity@e6f428d, reason: AppDarkModeEnable
D/DecorView[](18820): getWindowModeFromSystem  windowmode is 1
D/DecorView[](18820): updateDecorCaptionStatus displayWindowDecor is false
W/Looper  (18820): PerfMonitor looperActivity : package=com.example.benchmark_container/.MainActivity time=378ms latency=334ms running=0ms  procState=-1  historyMsgCount=3 (msgIndex=1 wall=371ms seq=3 h=android.app.ActivityThread$H w=110) (msgIndex=2 wall=371ms seq=3 h=android.app.ActivityThread$H w=110) (msgIndex=3 wall=371ms seq=3 h=android.app.ActivityThread$H w=110)
W/Looper  (18820): PerfMonitor looperActivity : package=com.example.benchmark_container/.MainActivity time=1ms latency=713ms running=0ms  procState=-1  historyMsgCount=4 (msgIndex=1 wall=371ms seq=3 h=android.app.ActivityThread$H w=110) (msgIndex=2 wall=371ms seq=3 h=android.app.ActivityThread$H w=110) (msgIndex=3 wall=371ms seq=3 h=android.app.ActivityThread$H w=110) (msgIndex=4 wall=378ms seq=4 h=android.app.ActivityThread$H w=159)
D/SurfaceView(18820): UPDATE null, mIsCastMode = false
D/hw-ProcessState(18820): Binder ioctl to enable oneway spam detection failed: Invalid argument
W/Looper  (18820): PerfMonitor longMsg : seq=8 plan=01:48:14.266 late=380ms wall=1678ms running=0ms h=android.view.Choreographer$FrameHandler c=android.view.Choreographer$FrameDisplayEventReceiver procState=-1
W/Looper  (18820): PerfMonitor doFrame : time=1678ms vsyncFrame=0 latency=380ms procState=-1 historyMsgCount=4 (msgIndex=1 wall=1678ms seq=8 late=380ms h=android.view.Choreographer$FrameHandler c=android.view.Choreographer$FrameDisplayEventReceiver)
I/Choreographer(18820): Skipped 94 frames!  The application may be doing too much work on its main thread.
D/SurfaceView(18820): UPDATE Surface(name=SurfaceView[com.example.benchmark_container/com.example.benchmark_container.MainActivity])/@0xca20cbb, mIsProjectionMode = false
W/Looper  (18820): PerfMonitor doFrame : time=2ms vsyncFrame=0 latency=1581ms procState=-1 historyMsgCount=4
[spm]: Connected to Dart VM service.
I/flutter (18820): 00:00 +0: Performance Benchmark
E/hmark_containe(18820): open libmigui.so failed! dlopen - dlopen failed: library "libmigui.so" not found
D/hmark_containe(18820): MiuiProcessManagerServiceStub setSchedFifo
I/MiuiProcessManagerImpl(18820): setSchedFifo pid:18820, mode:3
D/DecorView[](18820): onWindowFocusChanged hasWindowFocus true
D/DecorView[](18820): getWindowModeFromSystem  windowmode is 1
D/DecorView[](18820): updateDecorCaptionStatus displayWindowDecor is false
D/ProfileInstaller(18820): Installing profile for com.example.benchmark_container
[spm]: ProfilerData event received.
I/flutter (18820): [SPM:perf] 698a51a  buildSpan: 2012µs
I/flutter (18820): [spm] Performance monitoring completed for 698a51a
[spm]: ProfilerData event received.
I/flutter (18820): [SPM:perf] 698a51a  buildSpan: 1880µs
I/flutter (18820): [spm] Performance monitoring completed for 698a51a
I/flutter (18820): [SPM:perf] 698a51a  buildSpan: 1989µs
[spm]: ProfilerData event received.
I/flutter (18820): [spm] Performance monitoring completed for 698a51a
[spm]: ProfilerData event received.
I/flutter (18820): [SPM:perf] 698a51a  buildSpan: 1879µs
I/flutter (18820): [spm] Performance monitoring completed for 698a51a
[spm]: ProfilerData event received.
I/flutter (18820): [SPM:perf] 698a51a  buildSpan: 2098µs
I/flutter (18820): [spm] Performance monitoring completed for 698a51a
[spm]: ProfilerData event received.
I/flutter (18820): [SPM:perf] 698a51a  buildSpan: 2191µs
I/flutter (18820): [spm] Performance monitoring completed for 698a51a
I/flutter (18820): [SPM:perf] 698a51a  buildSpan: 1912µs
I/flutter (18820): [spm] Performance monitoring completed for 698a51a
[spm]: ProfilerData event received.
[spm]: ProfilerData event received.
I/flutter (18820): [SPM:perf] 698a51a  buildSpan: 1875µs
I/flutter (18820): [spm] Performance monitoring completed for 698a51a
[spm]: ProfilerData event received.
I/flutter (18820): [SPM:perf] 698a51a  buildSpan: 1887µs
I/flutter (18820): [spm] Performance monitoring completed for 698a51a
[spm]: ProfilerData event received.
I/flutter (18820): [SPM:perf] 698a51a  buildSpan: 2094µs
I/flutter (18820): [spm] Performance monitoring completed for 698a51a
[spm]: ProfilerData event received.
I/flutter (18820): [SPM:perf] 698a51a  buildSpan: 1946µs
I/flutter (18820): [spm] Performance monitoring completed for 698a51a
[spm]: ProfilerData event received.
I/flutter (18820): [SPM:perf] 698a51a  buildSpan: 1983µs
I/flutter (18820): [spm] Performance monitoring completed for 698a51a
[spm]: ProfilerData event received.
I/flutter (18820): [SPM:perf] 698a51a  buildSpan: 2306µs
I/flutter (18820): [spm] Performance monitoring completed for 698a51a
[spm]: ProfilerData event received.
I/flutter (18820): [SPM:perf] 698a51a  buildSpan: 2124µs
I/flutter (18820): [spm] Performance monitoring completed for 698a51a
I/flutter (18820): [SPM:perf] 698a51a  buildSpan: 1892µs
[spm]: ProfilerData event received.
I/flutter (18820): [spm] Performance monitoring completed for 698a51a
[spm]: ProfilerData event received.
I/flutter (18820): [SPM:perf] 698a51a  buildSpan: 1890µs
I/flutter (18820): [spm] Performance monitoring completed for 698a51a
[spm]: ProfilerData event received.
I/flutter (18820): [SPM:perf] 698a51a  buildSpan: 1877µs
I/flutter (18820): [spm] Performance monitoring completed for 698a51a
[spm]: ProfilerData event received.
I/flutter (18820): [SPM:perf] 698a51a  buildSpan: 1902µs
I/flutter (18820): [spm] Performance monitoring completed for 698a51a
[spm]: ProfilerData event received.
I/flutter (18820): [SPM:perf] 698a51a  buildSpan: 2051µs
I/flutter (18820): [spm] Performance monitoring completed for 698a51a
[spm]: ProfilerData event received.
I/flutter (18820): [SPM:perf] 698a51a  buildSpan: 1913µs
I/flutter (18820): [spm] Performance monitoring completed for 698a51a
I/flutter (18820): [SPM:perf] 698a51a  buildSpan: 1932µs
[spm]: ProfilerData event received.
I/flutter (18820): [spm] Performance monitoring completed for 698a51a
I/flutter (18820): [SPM:perf] 698a51a  buildSpan: 2164µs
[spm]: ProfilerData event received.
I/flutter (18820): [spm] Performance monitoring completed for 698a51a
[spm]: ProfilerData event received.
I/flutter (18820): [SPM:perf] 698a51a  buildSpan: 1863µs
I/flutter (18820): [spm] Performance monitoring completed for 698a51a
[spm]: ProfilerData event received.
I/flutter (18820): [SPM:perf] 698a51a  buildSpan: 2124µs
I/flutter (18820): [spm] Performance monitoring completed for 698a51a
[spm]: ProfilerData event received.
I/flutter (18820): [SPM:perf] 698a51a  buildSpan: 1889µs
I/flutter (18820): [spm] Performance monitoring completed for 698a51a
I/flutter (18820): [SPM:perf] 698a51a  buildSpan: 1863µs
[spm]: ProfilerData event received.
I/flutter (18820): [spm] Performance monitoring completed for 698a51a
[spm]: ProfilerData event received.
I/flutter (18820): [SPM:perf] 698a51a  buildSpan: 1881µs
I/flutter (18820): [spm] Performance monitoring completed for 698a51a
[spm]: ProfilerData event received.
I/flutter (18820): [SPM:perf] 698a51a  buildSpan: 1910µs
I/flutter (18820): [spm] Performance monitoring completed for 698a51a
I/flutter (18820): [SPM:perf] 698a51a  buildSpan: 1858µs
I/flutter (18820): [spm] Performance monitoring completed for 698a51a
[spm]: ProfilerData event received.
[spm]: ProfilerData event received.
I/flutter (18820): [SPM:perf] 698a51a  buildSpan: 2189µs
I/flutter (18820): [spm] Performance monitoring completed for 698a51a
I/flutter (18820): 01:10 +1: (tearDownAll)
I/flutter (18820): 01:11 +2: All tests passed!
All tests passed.
[spm]: Saved 30 profiler events to <ROOT>/dataset-new_samples/0331/redmi9t/raw/20260910-010209/rev_005_65801721/e14.jsonl
[spm]: Reverting injection...
6 issues found. (ran in 0.8s)
WARNING: Your Android app project: app located at: <ROOT>/android/app/build.gradle.kts
applies the Kotlin Gradle Plugin, which will cause build failures in future versions of Flutter. 
Please migrate your app to Built-in Kotlin using this guide: https://docs.flutter.dev/release/breaking-changes/migrate-to-built-in-kotlin/for-app-developers

VMServiceFlutterDriver: Connecting to Flutter application at http://127.0.0.1:34775/p2UEgago9Cw=/
[spm]: Detected VM service URI: ws://127.0.0.1:34775/p2UEgago9Cw=/ws
VMServiceFlutterDriver: Isolate found with number: 6624038020391419
VMServiceFlutterDriver: Isolate 6624038020391419 is runnable.
VMServiceFlutterDriver: Isolate is paused at start.
VMServiceFlutterDriver: Attempting to resume isolate
VMServiceFlutterDriver: Connected to Flutter application.
VMServiceFlutterDriver: request_data message is taking a long time to complete...