# sample_id=0331/rev_005_65801721 exec_index=6 ok=True perf_lines=30 vm_events=30 battery_pct=30 soc_temp_millic=46700 battery_temp_c=34.3 charging=False preflight_started=2026-09-09T23:41:45.056725+00:00 started=2026-09-09T23:41:47.456823+00:00 ts=2026-09-09T23:43:52.427442+00:00
[spm]: Running flutter analyze...
Analyzing lib...                                                

   info • The part-of directive uses a library name. Try converting the directive to use the URI of the library • lib/dependencies.dart:43:1 • use_string_in_part_of_directives
   info • The type parameter name 'State' matches a visible type name. Try changing the type parameter name to not match an existing type • lib/dependencies.dart:116:19 • avoid_types_as_parameter_names
   info • Library names are not necessary. Remove the library name • lib/generated_widget.dart:2:9 • unnecessary_library_name
   info • Constructors in '@immutable' classes should be declared as 'const'. Try adding 'const' to the constructor declaration • lib/generated_widget.dart:11:3 • prefer_const_constructors_in_immutables
   info • 'withOpacity' is deprecated and shouldn't be used. Use .withValues() to avoid precision loss. Try replacing the use of the deprecated member with the replacement • lib/generated_widget.dart:51:43 • deprecated_member_use
   info • 'withOpacity' is deprecated and shouldn't be used. Use .withValues() to avoid precision loss. Try replacing the use of the deprecated member with the replacement • lib/generated_widget.dart:57:44 • deprecated_member_use

[spm]: Injecting profiler code...
[spm]: Starting app...
Running Gradle task 'assembleProfile'...                        
Running Gradle task 'assembleProfile'...                           22.4s
✓ Built build/app/outputs/flutter-apk/app-profile.apk (26.8MB)
Installing build/app/outputs/flutter-apk/app-profile.apk...      1,003ms
D/IS_CTS_MODE(29149): true
D/MULTI_WINDOW_SWITCH_ENABLED(29149): false
D/IS_CTS_MODE(29149): true
D/MULTI_WINDOW_SWITCH_ENABLED(29149): false
D/DecorView[](29149): getWindowModeFromSystem  windowmode is 1
I/ForceDarkHelperStubImpl(29149): setViewRootImplForceDark: false for com.example.benchmark_container.MainActivity@e6f428d, reason: AppDarkModeEnable
I/ForceDarkHelperStubImpl(29149): setViewRootImplForceDark: false for com.example.benchmark_container.MainActivity@e6f428d, reason: AppDarkModeEnable
D/DecorView[](29149): getWindowModeFromSystem  windowmode is 1
D/DecorView[](29149): updateDecorCaptionStatus displayWindowDecor is false
W/Looper  (29149): PerfMonitor looperActivity : package=com.example.benchmark_container/.MainActivity time=408ms latency=376ms running=0ms  procState=-1  historyMsgCount=2 (msgIndex=1 wall=408ms seq=4 late=376ms h=android.app.ActivityThread$H w=159) (msgIndex=2 wall=383ms seq=3 h=android.app.ActivityThread$H w=110)
W/Looper  (29149): PerfMonitor looperActivity : package=com.example.benchmark_container/.MainActivity time=1ms latency=785ms running=0ms  procState=-1  historyMsgCount=4 (msgIndex=2 wall=408ms seq=4 late=376ms h=android.app.ActivityThread$H w=159) (msgIndex=3 wall=383ms seq=3 h=android.app.ActivityThread$H w=110) (msgIndex=4 wall=408ms seq=4 late=376ms h=android.app.ActivityThread$H w=159)
D/SurfaceView(29149): UPDATE null, mIsCastMode = false
D/hw-ProcessState(29149): Binder ioctl to enable oneway spam detection failed: Invalid argument
W/Looper  (29149): PerfMonitor longMsg : seq=8 plan=02:42:27.873 late=417ms wall=1680ms running=0ms h=android.view.Choreographer$FrameHandler c=android.view.Choreographer$FrameDisplayEventReceiver procState=-1
W/Looper  (29149): PerfMonitor doFrame : time=1680ms vsyncFrame=0 latency=417ms procState=-1 historyMsgCount=7 (msgIndex=2 wall=408ms seq=4 h=android.app.ActivityThread$H w=159) (msgIndex=3 wall=1680ms seq=8 late=417ms h=android.view.Choreographer$FrameHandler c=android.view.Choreographer$FrameDisplayEventReceiver) (msgIndex=4 wall=408ms seq=4 h=android.app.ActivityThread$H w=159)
I/Choreographer(29149): Skipped 95 frames!  The application may be doing too much work on its main thread.
D/SurfaceView(29149): UPDATE Surface(name=SurfaceView[com.example.benchmark_container/com.example.benchmark_container.MainActivity])/@0xca20cbb, mIsProjectionMode = false
W/Looper  (29149): PerfMonitor doFrame : time=2ms vsyncFrame=0 latency=1587ms procState=-1 historyMsgCount=4
[spm]: Connected to Dart VM service.
I/flutter (29149): 00:00 +0: Performance Benchmark
E/hmark_containe(29149): open libmigui.so failed! dlopen - dlopen failed: library "libmigui.so" not found
D/hmark_containe(29149): MiuiProcessManagerServiceStub setSchedFifo
I/MiuiProcessManagerImpl(29149): setSchedFifo pid:29149, mode:3
D/DecorView[](29149): onWindowFocusChanged hasWindowFocus true
D/DecorView[](29149): getWindowModeFromSystem  windowmode is 1
D/DecorView[](29149): updateDecorCaptionStatus displayWindowDecor is false
D/ProfileInstaller(29149): Installing profile for com.example.benchmark_container
[spm]: ProfilerData event received.
I/flutter (29149): [SPM:perf] 698a51a  buildSpan: 2016µs
I/flutter (29149): [spm] Performance monitoring completed for 698a51a
[spm]: ProfilerData event received.
I/flutter (29149): [SPM:perf] 698a51a  buildSpan: 1873µs
I/flutter (29149): [spm] Performance monitoring completed for 698a51a
I/flutter (29149): [SPM:perf] 698a51a  buildSpan: 2630µs
I/flutter (29149): [spm] Performance monitoring completed for 698a51a
[spm]: ProfilerData event received.
[spm]: ProfilerData event received.
I/flutter (29149): [SPM:perf] 698a51a  buildSpan: 2061µs
I/flutter (29149): [spm] Performance monitoring completed for 698a51a
[spm]: ProfilerData event received.
I/flutter (29149): [SPM:perf] 698a51a  buildSpan: 1882µs
I/flutter (29149): [spm] Performance monitoring completed for 698a51a
[spm]: ProfilerData event received.
I/flutter (29149): [SPM:perf] 698a51a  buildSpan: 1954µs
I/flutter (29149): [spm] Performance monitoring completed for 698a51a
I/flutter (29149): [SPM:perf] 698a51a  buildSpan: 1882µs
I/flutter (29149): [spm] Performance monitoring completed for 698a51a
[spm]: ProfilerData event received.
[spm]: ProfilerData event received.
I/flutter (29149): [SPM:perf] 698a51a  buildSpan: 1848µs
I/flutter (29149): [spm] Performance monitoring completed for 698a51a
[spm]: ProfilerData event received.
I/flutter (29149): [SPM:perf] 698a51a  buildSpan: 1849µs
I/flutter (29149): [spm] Performance monitoring completed for 698a51a
[spm]: ProfilerData event received.
I/flutter (29149): [SPM:perf] 698a51a  buildSpan: 2066µs
I/flutter (29149): [spm] Performance monitoring completed for 698a51a
[spm]: ProfilerData event received.
I/flutter (29149): [SPM:perf] 698a51a  buildSpan: 3110µs
I/flutter (29149): [spm] Performance monitoring completed for 698a51a
[spm]: ProfilerData event received.
I/flutter (29149): [SPM:perf] 698a51a  buildSpan: 2090µs
I/flutter (29149): [spm] Performance monitoring completed for 698a51a
[spm]: ProfilerData event received.
I/flutter (29149): [SPM:perf] 698a51a  buildSpan: 1856µs
I/flutter (29149): [spm] Performance monitoring completed for 698a51a
I/flutter (29149): [SPM:perf] 698a51a  buildSpan: 1869µs
[spm]: ProfilerData event received.
I/flutter (29149): [spm] Performance monitoring completed for 698a51a
[spm]: ProfilerData event received.
I/flutter (29149): [SPM:perf] 698a51a  buildSpan: 1930µs
I/flutter (29149): [spm] Performance monitoring completed for 698a51a
[spm]: ProfilerData event received.
I/flutter (29149): [SPM:perf] 698a51a  buildSpan: 1849µs
I/flutter (29149): [spm] Performance monitoring completed for 698a51a
[spm]: ProfilerData event received.
I/flutter (29149): [SPM:perf] 698a51a  buildSpan: 1894µs
I/flutter (29149): [spm] Performance monitoring completed for 698a51a
[spm]: ProfilerData event received.
I/flutter (29149): [SPM:perf] 698a51a  buildSpan: 1968µs
I/flutter (29149): [spm] Performance monitoring completed for 698a51a
[spm]: ProfilerData event received.
I/flutter (29149): [SPM:perf] 698a51a  buildSpan: 1900µs
I/flutter (29149): [spm] Performance monitoring completed for 698a51a
I/flutter (29149): [SPM:perf] 698a51a  buildSpan: 2220µs
[spm]: ProfilerData event received.
I/flutter (29149): [spm] Performance monitoring completed for 698a51a
[spm]: ProfilerData event received.
I/flutter (29149): [SPM:perf] 698a51a  buildSpan: 2045µs
I/flutter (29149): [spm] Performance monitoring completed for 698a51a
[spm]: ProfilerData event received.
I/flutter (29149): [SPM:perf] 698a51a  buildSpan: 1853µs
I/flutter (29149): [spm] Performance monitoring completed for 698a51a
[spm]: ProfilerData event received.
I/flutter (29149): [SPM:perf] 698a51a  buildSpan: 1858µs
I/flutter (29149): [spm] Performance monitoring completed for 698a51a
[spm]: ProfilerData event received.
I/flutter (29149): [SPM:perf] 698a51a  buildSpan: 1946µs
I/flutter (29149): [spm] Performance monitoring completed for 698a51a
[spm]: ProfilerData event received.
I/flutter (29149): [SPM:perf] 698a51a  buildSpan: 2268µs
I/flutter (29149): [spm] Performance monitoring completed for 698a51a
[spm]: ProfilerData event received.
I/flutter (29149): [SPM:perf] 698a51a  buildSpan: 1854µs
I/flutter (29149): [spm] Performance monitoring completed for 698a51a
[spm]: ProfilerData event received.
I/flutter (29149): [SPM:perf] 698a51a  buildSpan: 1910µs
I/flutter (29149): [spm] Performance monitoring completed for 698a51a
I/flutter (29149): [SPM:perf] 698a51a  buildSpan: 2096µs
I/flutter (29149): [spm] Performance monitoring completed for 698a51a
[spm]: ProfilerData event received.
I/flutter (29149): [SPM:perf] 698a51a  buildSpan: 1858µs
[spm]: ProfilerData event received.
I/flutter (29149): [spm] Performance monitoring completed for 698a51a
[spm]: ProfilerData event received.
I/flutter (29149): [SPM:perf] 698a51a  buildSpan: 1901µs
I/flutter (29149): [spm] Performance monitoring completed for 698a51a
I/flutter (29149): 01:10 +1: (tearDownAll)
I/flutter (29149): 01:11 +2: All tests passed!
All tests passed.
[spm]: Saved 30 profiler events to <ROOT>/dataset-new_samples/0331/redmi9t/raw/20260910-010209/rev_005_65801721/e6.jsonl
[spm]: Reverting injection...
6 issues found. (ran in 0.9s)
WARNING: Your Android app project: app located at: <ROOT>/android/app/build.gradle.kts
applies the Kotlin Gradle Plugin, which will cause build failures in future versions of Flutter. 
Please migrate your app to Built-in Kotlin using this guide: https://docs.flutter.dev/release/breaking-changes/migrate-to-built-in-kotlin/for-app-developers

VMServiceFlutterDriver: Connecting to Flutter application at http://127.0.0.1:33067/nOr5zVytUv0=/
[spm]: Detected VM service URI: ws://127.0.0.1:33067/nOr5zVytUv0=/ws
VMServiceFlutterDriver: Isolate found with number: 5784651916656015
VMServiceFlutterDriver: Isolate 5784651916656015 is runnable.
VMServiceFlutterDriver: Isolate is paused at start.
VMServiceFlutterDriver: Attempting to resume isolate
VMServiceFlutterDriver: Connected to Flutter application.
VMServiceFlutterDriver: request_data message is taking a long time to complete...