# sample_id=2380/rev_003_ad140f38 exec_index=6 ok=True perf_lines=30 vm_events=30 battery_pct=52 soc_temp_millic=39500 battery_temp_c=29.8 charging=False preflight_started=2026-09-18T09:52:36.334336+00:00 started=2026-09-18T09:57:49.113358+00:00 ts=2026-09-18T09:59:27.956041+00:00
[spm]: Running flutter analyze...
Resolving dependencies...
Downloading packages...
  _fe_analyzer_shared 100.0.0 (108.0.0 available)
  analyzer 13.0.0 (14.4.0 available)
  async 2.13.0 (2.13.1 available)
  clock 1.1.2 (1.1.3 available)
  cupertino_icons 1.0.8 (1.0.9 available)
  glob 2.1.3 (2.2.0 available)
  lints 6.0.0 (6.1.0 available)
  matcher 0.12.19 (0.12.20 available)
  material_color_utilities 0.13.0 (0.13.1 available)
  meta 1.18.0 (1.19.0 available)
  package_config 2.2.0 (3.0.0 available)
  platform 3.1.6 (3.2.0 available)
  process 5.0.5 (5.0.6 available)
  pub_semver 2.2.0 (2.2.1 available)
  source_span 1.10.1 (1.10.2 available)
  stack_trace 1.12.1 (1.12.2 available)
  test_api 0.7.11 (0.7.14 available)
  vector_math 2.2.0 (2.4.2 available)
  vm_service 15.0.2 (15.3.0 available)
  webdriver 3.1.0 (3.2.0 available)
  yaml 3.1.3 (3.1.4 available)
Got dependencies!
21 packages have newer versions incompatible with dependency constraints.
Try `flutter pub outdated` for more information.
Analyzing lib...                                                

   info • The part-of directive uses a library name. Try converting the directive to use the URI of the library • lib/dependencies.dart:46:1 • use_string_in_part_of_directives
   info • The variable name 'Hive' isn't a lowerCamelCase identifier. Try changing the name to follow the lowerCamelCase style • lib/dependencies.dart:169:9 • non_constant_identifier_names
   info • Library names are not necessary. Remove the library name • lib/generated_widget.dart:2:9 • unnecessary_library_name
   info • Constructors in '@immutable' classes should be declared as 'const'. Try adding 'const' to the constructor declaration • lib/generated_widget.dart:12:3 • prefer_const_constructors_in_immutables

[spm]: Injecting profiler code...
[spm]: Starting app...
Running Gradle task 'assembleProfile'...                        
Running Gradle task 'assembleProfile'...                         1,775ms
✓ Built build/app/outputs/flutter-apk/app-profile.apk (34.5MB)
Installing build/app/outputs/flutter-apk/app-profile.apk...      1,216ms
D/IS_CTS_MODE( 3913): true
D/MULTI_WINDOW_SWITCH_ENABLED( 3913): false
D/IS_CTS_MODE( 3913): true
D/MULTI_WINDOW_SWITCH_ENABLED( 3913): false
D/DecorView[]( 3913): getWindowModeFromSystem  windowmode is 1
D/DecorView[]( 3913): getWindowModeFromSystem  windowmode is 1
D/DecorView[]( 3913): updateDecorCaptionStatus displayWindowDecor is false
W/Looper  ( 3913): PerfMonitor looperActivity : package=com.example.benchmark_container/.MainActivity time=335ms latency=316ms running=0ms  procState=-1  historyMsgCount=3 (msgIndex=1 wall=335ms seq=4 late=316ms h=android.app.ActivityThread$H w=159) (msgIndex=2 wall=335ms seq=4 late=316ms h=android.app.ActivityThread$H w=159) (msgIndex=3 wall=318ms seq=3 h=android.app.ActivityThread$H w=110)
W/Looper  ( 3913): PerfMonitor looperActivity : package=com.example.benchmark_container/.MainActivity time=0ms latency=652ms running=0ms  procState=-1  historyMsgCount=4 (msgIndex=1 wall=335ms seq=4 late=316ms h=android.app.ActivityThread$H w=159) (msgIndex=2 wall=335ms seq=4 late=316ms h=android.app.ActivityThread$H w=159) (msgIndex=3 wall=318ms seq=3 h=android.app.ActivityThread$H w=110) (msgIndex=4 wall=335ms seq=4 late=316ms h=android.app.ActivityThread$H w=159)
D/SurfaceView( 3913): UPDATE null, mIsCastMode = false
D/hw-ProcessState( 3913): Binder ioctl to enable oneway spam detection failed: Invalid argument
W/Looper  ( 3913): PerfMonitor longMsg : seq=8 plan=12:58:05.917 late=352ms wall=1704ms running=0ms h=android.view.Choreographer$FrameHandler c=android.view.Choreographer$FrameDisplayEventReceiver procState=-1
W/Looper  ( 3913): PerfMonitor doFrame : time=1704ms vsyncFrame=0 latency=352ms procState=-1 historyMsgCount=7 (msgIndex=1 wall=335ms seq=4 h=android.app.ActivityThread$H w=159) (msgIndex=2 wall=335ms seq=4 h=android.app.ActivityThread$H w=159) (msgIndex=3 wall=1704ms seq=8 late=352ms h=android.view.Choreographer$FrameHandler c=android.view.Choreographer$FrameDisplayEventReceiver) (msgIndex=4 wall=335ms seq=4 h=android.app.ActivityThread$H w=159)
I/Choreographer( 3913): Skipped 97 frames!  The application may be doing too much work on its main thread.
D/SurfaceView( 3913): UPDATE Surface(name=SurfaceView[com.example.benchmark_container/com.example.benchmark_container.MainActivity])/@0x9ac515, mIsProjectionMode = false
W/Looper  ( 3913): PerfMonitor doFrame : time=3ms vsyncFrame=0 latency=1618ms procState=-1 historyMsgCount=4
[spm]: Connected to Dart VM service.
I/flutter ( 3913): 00:00 +0: Performance Benchmark
E/hmark_containe( 3913): open libmigui.so failed! dlopen - dlopen failed: library "libmigui.so" not found
D/hmark_containe( 3913): MiuiProcessManagerServiceStub setSchedFifo
I/MiuiProcessManagerImpl( 3913): setSchedFifo pid:3913, mode:3
D/DecorView[]( 3913): onWindowFocusChanged hasWindowFocus true
D/DecorView[]( 3913): getWindowModeFromSystem  windowmode is 1
D/DecorView[]( 3913): updateDecorCaptionStatus displayWindowDecor is false
D/ProfileInstaller( 3913): Installing profile for com.example.benchmark_container
[spm]: ProfilerData event received.
I/flutter ( 3913): [SPM:perf] 698a51a  buildSpan: 3252µs
I/flutter ( 3913): [spm] Performance monitoring completed for 698a51a
[spm]: ProfilerData event received.
I/flutter ( 3913): [SPM:perf] 698a51a  buildSpan: 3199µs
I/flutter ( 3913): [spm] Performance monitoring completed for 698a51a
[spm]: ProfilerData event received.
I/flutter ( 3913): [SPM:perf] 698a51a  buildSpan: 3239µs
I/flutter ( 3913): [spm] Performance monitoring completed for 698a51a
I/flutter ( 3913): [SPM:perf] 698a51a  buildSpan: 3233µs
I/flutter ( 3913): [spm] Performance monitoring completed for 698a51a
[spm]: ProfilerData event received.
[spm]: ProfilerData event received.
I/flutter ( 3913): [SPM:perf] 698a51a  buildSpan: 3177µs
I/flutter ( 3913): [spm] Performance monitoring completed for 698a51a
I/flutter ( 3913): [SPM:perf] 698a51a  buildSpan: 3138µs
I/flutter ( 3913): [spm] Performance monitoring completed for 698a51a
[spm]: ProfilerData event received.
[spm]: ProfilerData event received.
I/flutter ( 3913): [SPM:perf] 698a51a  buildSpan: 3092µs
I/flutter ( 3913): [spm] Performance monitoring completed for 698a51a
[spm]: ProfilerData event received.
I/flutter ( 3913): [SPM:perf] 698a51a  buildSpan: 3086µs
I/flutter ( 3913): [spm] Performance monitoring completed for 698a51a
[spm]: ProfilerData event received.
I/flutter ( 3913): [SPM:perf] 698a51a  buildSpan: 3150µs
I/flutter ( 3913): [spm] Performance monitoring completed for 698a51a
[spm]: ProfilerData event received.
I/flutter ( 3913): [SPM:perf] 698a51a  buildSpan: 3252µs
I/flutter ( 3913): [spm] Performance monitoring completed for 698a51a
[spm]: ProfilerData event received.
I/flutter ( 3913): [SPM:perf] 698a51a  buildSpan: 3133µs
I/flutter ( 3913): [spm] Performance monitoring completed for 698a51a
[spm]: ProfilerData event received.
I/flutter ( 3913): [SPM:perf] 698a51a  buildSpan: 3234µs
I/flutter ( 3913): [spm] Performance monitoring completed for 698a51a
[spm]: ProfilerData event received.
I/flutter ( 3913): [SPM:perf] 698a51a  buildSpan: 3348µs
I/flutter ( 3913): [spm] Performance monitoring completed for 698a51a
[spm]: ProfilerData event received.
I/flutter ( 3913): [SPM:perf] 698a51a  buildSpan: 3072µs
I/flutter ( 3913): [spm] Performance monitoring completed for 698a51a
[spm]: ProfilerData event received.
I/flutter ( 3913): [SPM:perf] 698a51a  buildSpan: 3150µs
I/flutter ( 3913): [spm] Performance monitoring completed for 698a51a
[spm]: ProfilerData event received.
I/flutter ( 3913): [SPM:perf] 698a51a  buildSpan: 3303µs
I/flutter ( 3913): [spm] Performance monitoring completed for 698a51a
[spm]: ProfilerData event received.
I/flutter ( 3913): [SPM:perf] 698a51a  buildSpan: 3245µs
I/flutter ( 3913): [spm] Performance monitoring completed for 698a51a
I/flutter ( 3913): [SPM:perf] 698a51a  buildSpan: 3139µs
I/flutter ( 3913): [spm] Performance monitoring completed for 698a51a
[spm]: ProfilerData event received.
[spm]: ProfilerData event received.
I/flutter ( 3913): [SPM:perf] 698a51a  buildSpan: 3093µs
I/flutter ( 3913): [spm] Performance monitoring completed for 698a51a
I/flutter ( 3913): [SPM:perf] 698a51a  buildSpan: 3272µs
I/flutter ( 3913): [spm] Performance monitoring completed for 698a51a
[spm]: ProfilerData event received.
[spm]: ProfilerData event received.
I/flutter ( 3913): [SPM:perf] 698a51a  buildSpan: 3037µs
I/flutter ( 3913): [spm] Performance monitoring completed for 698a51a
[spm]: ProfilerData event received.
I/flutter ( 3913): [SPM:perf] 698a51a  buildSpan: 3195µs
I/flutter ( 3913): [spm] Performance monitoring completed for 698a51a
I/flutter ( 3913): [SPM:perf] 698a51a  buildSpan: 3059µs
[spm]: ProfilerData event received.
I/flutter ( 3913): [spm] Performance monitoring completed for 698a51a
[spm]: ProfilerData event received.
I/flutter ( 3913): [SPM:perf] 698a51a  buildSpan: 3238µs
I/flutter ( 3913): [spm] Performance monitoring completed for 698a51a
[spm]: ProfilerData event received.
I/flutter ( 3913): [SPM:perf] 698a51a  buildSpan: 3110µs
I/flutter ( 3913): [spm] Performance monitoring completed for 698a51a
[spm]: ProfilerData event received.
I/flutter ( 3913): [SPM:perf] 698a51a  buildSpan: 3201µs
I/flutter ( 3913): [spm] Performance monitoring completed for 698a51a
[spm]: ProfilerData event received.
I/flutter ( 3913): [SPM:perf] 698a51a  buildSpan: 3746µs
I/flutter ( 3913): [spm] Performance monitoring completed for 698a51a
[spm]: ProfilerData event received.
I/flutter ( 3913): [SPM:perf] 698a51a  buildSpan: 3117µs
I/flutter ( 3913): [spm] Performance monitoring completed for 698a51a
I/flutter ( 3913): [SPM:perf] 698a51a  buildSpan: 3677µs
I/flutter ( 3913): [spm] Performance monitoring completed for 698a51a
[spm]: ProfilerData event received.
I/flutter ( 3913): [SPM:perf] 698a51a  buildSpan: 3160µs
I/flutter ( 3913): [spm] Performance monitoring completed for 698a51a
[spm]: ProfilerData event received.
I/flutter ( 3913): 01:10 +1: (tearDownAll)
I/flutter ( 3913): 01:11 +2: All tests passed!
All tests passed.
[spm]: Saved 30 profiler events to <ROOT>/dataset-new_samples/2380/redmi9t/raw/20260918-112735/rev_003_ad140f38/e6.jsonl
[spm]: Reverting injection...
4 issues found. (ran in 0.9s)
WARNING: Your Android app project: app located at: <ROOT>/android/app/build.gradle.kts
applies the Kotlin Gradle Plugin, which will cause build failures in future versions of Flutter. 
Please migrate your app to Built-in Kotlin using this guide: https://docs.flutter.dev/release/breaking-changes/migrate-to-built-in-kotlin/for-app-developers

VMServiceFlutterDriver: Connecting to Flutter application at http://127.0.0.1:42099/kVIMPYq4xFY=/
[spm]: Detected VM service URI: ws://127.0.0.1:42099/kVIMPYq4xFY=/ws
VMServiceFlutterDriver: Isolate found with number: 4535336443518707
VMServiceFlutterDriver: Isolate 4535336443518707 is runnable.
VMServiceFlutterDriver: Isolate is paused at start.
VMServiceFlutterDriver: Attempting to resume isolate
VMServiceFlutterDriver: Connected to Flutter application.
VMServiceFlutterDriver: request_data message is taking a long time to complete...