# sample_id=0529/rev_010_9ed8fc40 exec_index=9 ok=True perf_lines=30 vm_events=30 battery_pct=73 soc_temp_millic=44200 battery_temp_c=33.7 charging=False preflight_started=2026-09-11T01:16:23.107217+00:00 started=2026-09-11T01:16:25.883894+00:00 ts=2026-09-11T01:18:35.888138+00:00
[spm]: Running flutter analyze...
Analyzing lib...                                                

   info • The part-of directive uses a library name. Try converting the directive to use the URI of the library • lib/dependencies.dart:46:1 • use_string_in_part_of_directives
   info • Library names are not necessary. Remove the library name • lib/generated_widget.dart:2:9 • unnecessary_library_name
   info • Constructors in '@immutable' classes should be declared as 'const'. Try adding 'const' to the constructor declaration • lib/generated_widget.dart:11:3 • prefer_const_constructors_in_immutables

[spm]: Injecting profiler code...
[spm]: Starting app...
Running Gradle task 'assembleProfile'...                        
Running Gradle task 'assembleProfile'...                           23.5s
✓ Built build/app/outputs/flutter-apk/app-profile.apk (26.8MB)
Installing build/app/outputs/flutter-apk/app-profile.apk...      1,221ms
D/DecorView[](23744): getWindowModeFromSystem  windowmode is 1
D/DecorView[](23744): updateDecorCaptionStatus displayWindowDecor is false
W/Looper  (23744): PerfMonitor looperActivity : package=com.example.benchmark_container/.MainActivity time=350ms latency=379ms running=0ms  procState=-1  historyMsgCount=3 (msgIndex=3 wall=347ms seq=3 h=android.app.ActivityThread$H w=110)
W/Looper  (23744): PerfMonitor looperActivity : package=com.example.benchmark_container/.MainActivity time=1ms latency=730ms running=0ms  procState=-1  historyMsgCount=4 (msgIndex=3 wall=347ms seq=3 h=android.app.ActivityThread$H w=110) (msgIndex=4 wall=350ms seq=4 late=379ms h=android.app.ActivityThread$H w=159)
D/SurfaceView(23744): UPDATE null, mIsCastMode = false
D/hw-ProcessState(23744): Binder ioctl to enable oneway spam detection failed: Invalid argument
W/Looper  (23744): PerfMonitor longMsg : seq=8 plan=04:17:10.036 late=371ms wall=1669ms running=0ms h=android.view.Choreographer$FrameHandler c=android.view.Choreographer$FrameDisplayEventReceiver procState=-1
W/Looper  (23744): PerfMonitor doFrame : time=1669ms vsyncFrame=0 latency=371ms procState=-1 historyMsgCount=6 (msgIndex=2 wall=1669ms seq=8 late=371ms h=android.view.Choreographer$FrameHandler c=android.view.Choreographer$FrameDisplayEventReceiver) (msgIndex=3 wall=350ms seq=4 h=android.app.ActivityThread$H w=159)
I/Choreographer(23744): Skipped 95 frames!  The application may be doing too much work on its main thread.
D/SurfaceView(23744): UPDATE Surface(name=SurfaceView[com.example.benchmark_container/com.example.benchmark_container.MainActivity])/@0x739554a, mIsProjectionMode = false
W/Looper  (23744): PerfMonitor doFrame : time=2ms vsyncFrame=0 latency=1599ms procState=-1 historyMsgCount=4
[spm]: Connected to Dart VM service.
I/flutter (23744): 00:00 +0: Performance Benchmark
E/hmark_containe(23744): open libmigui.so failed! dlopen - dlopen failed: library "libmigui.so" not found
D/hmark_containe(23744): MiuiProcessManagerServiceStub setSchedFifo
I/MiuiProcessManagerImpl(23744): setSchedFifo pid:23744, mode:3
D/DecorView[](23744): onWindowFocusChanged hasWindowFocus true
D/DecorView[](23744): getWindowModeFromSystem  windowmode is 1
D/DecorView[](23744): updateDecorCaptionStatus displayWindowDecor is false
D/ProfileInstaller(23744): Installing profile for com.example.benchmark_container
[spm]: ProfilerData event received.
I/flutter (23744): [SPM:perf] 698a51a  buildSpan: 3407µs
I/flutter (23744): [spm] Performance monitoring completed for 698a51a
I/flutter (23744): [SPM:perf] 698a51a  buildSpan: 3353µs
I/flutter (23744): [spm] Performance monitoring completed for 698a51a
[spm]: ProfilerData event received.
[spm]: ProfilerData event received.
I/flutter (23744): [SPM:perf] 698a51a  buildSpan: 2763µs
I/flutter (23744): [spm] Performance monitoring completed for 698a51a
[spm]: ProfilerData event received.
I/flutter (23744): [SPM:perf] 698a51a  buildSpan: 9354µs
I/flutter (23744): [spm] Performance monitoring completed for 698a51a
[spm]: ProfilerData event received.
I/flutter (23744): [SPM:perf] 698a51a  buildSpan: 3019µs
I/flutter (23744): [spm] Performance monitoring completed for 698a51a
[spm]: ProfilerData event received.
I/flutter (23744): [SPM:perf] 698a51a  buildSpan: 2905µs
I/flutter (23744): [spm] Performance monitoring completed for 698a51a
I/flutter (23744): [SPM:perf] 698a51a  buildSpan: 2685µs
[spm]: ProfilerData event received.
I/flutter (23744): [spm] Performance monitoring completed for 698a51a
[spm]: ProfilerData event received.
I/flutter (23744): [SPM:perf] 698a51a  buildSpan: 2614µs
I/flutter (23744): [spm] Performance monitoring completed for 698a51a
I/flutter (23744): [SPM:perf] 698a51a  buildSpan: 2696µs
I/flutter (23744): [spm] Performance monitoring completed for 698a51a
[spm]: ProfilerData event received.
[spm]: ProfilerData event received.
I/flutter (23744): [SPM:perf] 698a51a  buildSpan: 3287µs
I/flutter (23744): [spm] Performance monitoring completed for 698a51a
[spm]: ProfilerData event received.
I/flutter (23744): [SPM:perf] 698a51a  buildSpan: 2729µs
I/flutter (23744): [spm] Performance monitoring completed for 698a51a
[spm]: ProfilerData event received.
I/flutter (23744): [SPM:perf] 698a51a  buildSpan: 3010µs
I/flutter (23744): [spm] Performance monitoring completed for 698a51a
I/flutter (23744): [SPM:perf] 698a51a  buildSpan: 3553µs
I/flutter (23744): [spm] Performance monitoring completed for 698a51a
[spm]: ProfilerData event received.
[spm]: ProfilerData event received.
I/flutter (23744): [SPM:perf] 698a51a  buildSpan: 2722µs
I/flutter (23744): [spm] Performance monitoring completed for 698a51a
[spm]: ProfilerData event received.
I/flutter (23744): [SPM:perf] 698a51a  buildSpan: 3200µs
I/flutter (23744): [spm] Performance monitoring completed for 698a51a
[spm]: ProfilerData event received.
I/flutter (23744): [SPM:perf] 698a51a  buildSpan: 2613µs
I/flutter (23744): [spm] Performance monitoring completed for 698a51a
[spm]: ProfilerData event received.
I/flutter (23744): [SPM:perf] 698a51a  buildSpan: 2781µs
I/flutter (23744): [spm] Performance monitoring completed for 698a51a
I/flutter (23744): [SPM:perf] 698a51a  buildSpan: 3181µs
[spm]: ProfilerData event received.
I/flutter (23744): [spm] Performance monitoring completed for 698a51a
[spm]: ProfilerData event received.
I/flutter (23744): [SPM:perf] 698a51a  buildSpan: 2583µs
I/flutter (23744): [spm] Performance monitoring completed for 698a51a
[spm]: ProfilerData event received.
I/flutter (23744): [SPM:perf] 698a51a  buildSpan: 3473µs
I/flutter (23744): [spm] Performance monitoring completed for 698a51a
I/flutter (23744): [SPM:perf] 698a51a  buildSpan: 3228µs
I/flutter (23744): [spm] Performance monitoring completed for 698a51a
[spm]: ProfilerData event received.
I/flutter (23744): [SPM:perf] 698a51a  buildSpan: 2183µs
[spm]: ProfilerData event received.
I/flutter (23744): [spm] Performance monitoring completed for 698a51a
[spm]: ProfilerData event received.
I/flutter (23744): [SPM:perf] 698a51a  buildSpan: 3226µs
I/flutter (23744): [spm] Performance monitoring completed for 698a51a
[spm]: ProfilerData event received.
I/flutter (23744): [SPM:perf] 698a51a  buildSpan: 2352µs
I/flutter (23744): [spm] Performance monitoring completed for 698a51a
I/flutter (23744): [SPM:perf] 698a51a  buildSpan: 2702µs
[spm]: ProfilerData event received.
I/flutter (23744): [spm] Performance monitoring completed for 698a51a
I/flutter (23744): [SPM:perf] 698a51a  buildSpan: 3145µs
[spm]: ProfilerData event received.
I/flutter (23744): [spm] Performance monitoring completed for 698a51a
I/flutter (23744): [SPM:perf] 698a51a  buildSpan: 2881µs
I/flutter (23744): [spm] Performance monitoring completed for 698a51a
[spm]: ProfilerData event received.
[spm]: ProfilerData event received.
I/flutter (23744): [SPM:perf] 698a51a  buildSpan: 3196µs
I/flutter (23744): [spm] Performance monitoring completed for 698a51a
[spm]: ProfilerData event received.
I/flutter (23744): [SPM:perf] 698a51a  buildSpan: 3254µs
I/flutter (23744): [spm] Performance monitoring completed for 698a51a
I/flutter (23744): [SPM:perf] 698a51a  buildSpan: 2230µs
[spm]: ProfilerData event received.
I/flutter (23744): [spm] Performance monitoring completed for 698a51a
I/flutter (23744): 01:10 +1: (tearDownAll)
I/flutter (23744): 01:11 +2: All tests passed!
All tests passed.
[spm]: Saved 30 profiler events to <ROOT>/dataset-new_samples/0529/redmi9t/raw/20260911-010034/rev_010_9ed8fc40/e9.jsonl
[spm]: Reverting injection...
3 issues found. (ran in 0.9s)
WARNING: Your Android app project: app located at: <ROOT>/android/app/build.gradle.kts
applies the Kotlin Gradle Plugin, which will cause build failures in future versions of Flutter. 
Please migrate your app to Built-in Kotlin using this guide: https://docs.flutter.dev/release/breaking-changes/migrate-to-built-in-kotlin/for-app-developers

VMServiceFlutterDriver: Connecting to Flutter application at http://127.0.0.1:39281/eqmeBfeTXQo=/
[spm]: Detected VM service URI: ws://127.0.0.1:39281/eqmeBfeTXQo=/ws
VMServiceFlutterDriver: Isolate found with number: 6277426987528671
VMServiceFlutterDriver: Isolate 6277426987528671 is runnable.
VMServiceFlutterDriver: Isolate is paused at start.
VMServiceFlutterDriver: Attempting to resume isolate
VMServiceFlutterDriver: Connected to Flutter application.
VMServiceFlutterDriver: request_data message is taking a long time to complete...