# sample_id=0463/rev_002_23caef43 exec_index=0 ok=True perf_lines=30 vm_events=30 battery_pct=74 soc_temp_millic=37000 battery_temp_c=29.3 charging=False preflight_started=2026-09-16T21:56:17.876772+00:00 started=2026-09-16T21:56:20.599032+00:00 ts=2026-09-16T21:58:22.062650+00:00
[spm]: Running flutter analyze...
Resolving dependencies...
Downloading packages...
  _fe_analyzer_shared 100.0.0 (108.0.0 available)
  analyzer 13.0.0 (14.4.0 available)
  async 2.13.0 (2.13.1 available)
  clock 1.1.2 (1.1.3 available)
  cupertino_icons 1.0.8 (1.0.9 available)
  glob 2.1.3 (2.2.0 available)
  lints 6.0.0 (6.1.0 available)
  matcher 0.12.19 (0.12.20 available)
  material_color_utilities 0.13.0 (0.13.1 available)
  meta 1.18.0 (1.19.0 available)
  package_config 2.2.0 (3.0.0 available)
  platform 3.1.6 (3.2.0 available)
  process 5.0.5 (5.0.6 available)
  pub_semver 2.2.0 (2.2.1 available)
  source_span 1.10.1 (1.10.2 available)
  stack_trace 1.12.1 (1.12.2 available)
  test_api 0.7.11 (0.7.14 available)
  vector_math 2.2.0 (2.4.2 available)
  vm_service 15.0.2 (15.3.0 available)
  webdriver 3.1.0 (3.2.0 available)
  yaml 3.1.3 (3.1.4 available)
Got dependencies!
21 packages have newer versions incompatible with dependency constraints.
Try `flutter pub outdated` for more information.
Analyzing lib...                                                

   info • The part-of directive uses a library name. Try converting the directive to use the URI of the library • lib/dependencies.dart:46:1 • use_string_in_part_of_directives
   info • Unnecessary 'late' modifier. Try removing the 'late' • lib/dependencies.dart:54:1 • unnecessary_late
   info • The variable name 'CupertinoTheme' isn't a lowerCamelCase identifier. Try changing the name to follow the lowerCamelCase style • lib/dependencies.dart:75:9 • non_constant_identifier_names
   info • Library names are not necessary. Remove the library name • lib/generated_widget.dart:2:9 • unnecessary_library_name
   info • The import of 'dart:ui' is unnecessary because all of the used elements are also provided by the import of 'package:flutter/material.dart'. Try removing the import directive • lib/generated_widget.dart:6:8 • unnecessary_import
   info • Parameter 'key' could be a super parameter. Trying converting 'key' to a super parameter • lib/generated_widget.dart:500:9 • use_super_parameters
   info • Invalid use of a private type in a public API. Try making the private type public, or making the API that uses the private type also be private • lib/generated_widget.dart:591:3 • library_private_types_in_public_api
   info • Use a 'SizedBox' to add whitespace to a layout. Try using a 'SizedBox' rather than a 'Container' • lib/generated_widget.dart:639:12 • sized_box_for_whitespace
   info • 'textScaleFactorOf' is deprecated and shouldn't be used. Use textScalerOf instead. Use of textScaleFactor was deprecated in preparation for the upcoming nonlinear text scaling support. This feature was deprecated after v3.12.0-2.0.pre. Try replacing the use of the deprecated member with the replacement • lib/generated_widget.dart:707:32 • deprecated_member_use
   info • Statements in an if should be enclosed in a block. Try wrapping the statement in a block • lib/generated_widget.dart:781:9 • curly_braces_in_flow_control_structures
   info • Statements in an if should be enclosed in a block. Try wrapping the statement in a block • lib/generated_widget.dart:783:9 • curly_braces_in_flow_control_structures
   info • 'textScaleFactor' is deprecated and shouldn't be used. Use textScaler instead. Use of textScaleFactor was deprecated in preparation for the upcoming nonlinear text scaling support. This feature was deprecated after v3.12.0-2.0.pre. Try replacing the use of the deprecated member with the replacement • lib/generated_widget.dart:789:9 • deprecated_member_use
   info • The local variable '_width' starts with an underscore. Try renaming the variable to not start with an underscore • lib/generated_widget.dart:796:14 • no_leading_underscores_for_local_identifiers
   info • Use 'isNotEmpty' instead of 'length' to test whether the collection is empty. Try rewriting the expression to use 'isNotEmpty' • lib/generated_widget.dart:809:9 • prefer_is_empty
   info • 'textScaleFactor' is deprecated and shouldn't be used. Use textScaler instead. Use of textScaleFactor was deprecated in preparation for the upcoming nonlinear text scaling support. This feature was deprecated after v3.12.0-2.0.pre. Try replacing the use of the deprecated member with the replacement • lib/generated_widget.dart:834:7 • deprecated_member_use
   info • The local variable '_width' starts with an underscore. Try renaming the variable to not start with an underscore • lib/generated_widget.dart:841:12 • no_leading_underscores_for_local_identifiers
   info • The local variable '_height' starts with an underscore. Try renaming the variable to not start with an underscore • lib/generated_widget.dart:845:12 • no_leading_underscores_for_local_identifiers

[spm]: Injecting profiler code...
[spm]: Starting app...
Running Gradle task 'assembleProfile'...                        
Running Gradle task 'assembleProfile'...                           21.1s
✓ Built build/app/outputs/flutter-apk/app-profile.apk (26.8MB)
Installing build/app/outputs/flutter-apk/app-profile.apk...      1,281ms
W/Looper  (13828): PerfMonitor longMsg : seq=8 plan=00:56:57.395 late=398ms wall=1841ms running=0ms h=android.view.Choreographer$FrameHandler c=android.view.Choreographer$FrameDisplayEventReceiver procState=-1
W/Looper  (13828): PerfMonitor doFrame : time=1841ms vsyncFrame=0 latency=398ms procState=-1 historyMsgCount=7 (msgIndex=2 wall=376ms seq=4 h=android.app.ActivityThread$H w=159) (msgIndex=3 wall=1841ms seq=8 late=398ms h=android.view.Choreographer$FrameHandler c=android.view.Choreographer$FrameDisplayEventReceiver) (msgIndex=4 wall=376ms seq=4 h=android.app.ActivityThread$H w=159)
I/Choreographer(13828): Skipped 104 frames!  The application may be doing too much work on its main thread.
D/SurfaceView(13828): UPDATE Surface(name=SurfaceView[com.example.benchmark_container/com.example.benchmark_container.MainActivity])/@0x9ac515, mIsProjectionMode = false
W/Looper  (13828): PerfMonitor doFrame : time=2ms vsyncFrame=0 latency=1745ms procState=-1 historyMsgCount=4
[spm]: Connected to Dart VM service.
I/flutter (13828): 00:00 +0: Performance Benchmark
E/hmark_containe(13828): open libmigui.so failed! dlopen - dlopen failed: library "libmigui.so" not found
D/hmark_containe(13828): MiuiProcessManagerServiceStub setSchedFifo
I/MiuiProcessManagerImpl(13828): setSchedFifo pid:13828, mode:3
D/DecorView[](13828): onWindowFocusChanged hasWindowFocus true
D/ProfileInstaller(13828): Installing profile for com.example.benchmark_container
D/DecorView[](13828): getWindowModeFromSystem  windowmode is 1
D/DecorView[](13828): updateDecorCaptionStatus displayWindowDecor is false
[spm]: ProfilerData event received.
I/flutter (13828): [SPM:perf] 698a51a  buildSpan: 4183µs
I/flutter (13828): [spm] Performance monitoring completed for 698a51a
[spm]: ProfilerData event received.
I/flutter (13828): [SPM:perf] 698a51a  buildSpan: 3742µs
I/flutter (13828): [spm] Performance monitoring completed for 698a51a
[spm]: ProfilerData event received.
I/flutter (13828): [SPM:perf] 698a51a  buildSpan: 3676µs
I/flutter (13828): [spm] Performance monitoring completed for 698a51a
[spm]: ProfilerData event received.
I/flutter (13828): [SPM:perf] 698a51a  buildSpan: 3908µs
I/flutter (13828): [spm] Performance monitoring completed for 698a51a
I/flutter (13828): [SPM:perf] 698a51a  buildSpan: 3782µs
I/flutter (13828): [spm] Performance monitoring completed for 698a51a
[spm]: ProfilerData event received.
[spm]: ProfilerData event received.
I/flutter (13828): [SPM:perf] 698a51a  buildSpan: 3847µs
I/flutter (13828): [spm] Performance monitoring completed for 698a51a
[spm]: ProfilerData event received.
I/flutter (13828): [SPM:perf] 698a51a  buildSpan: 4036µs
I/flutter (13828): [spm] Performance monitoring completed for 698a51a
[spm]: ProfilerData event received.
I/flutter (13828): [SPM:perf] 698a51a  buildSpan: 3882µs
I/flutter (13828): [spm] Performance monitoring completed for 698a51a
[spm]: ProfilerData event received.
I/flutter (13828): [SPM:perf] 698a51a  buildSpan: 2891µs
I/flutter (13828): [spm] Performance monitoring completed for 698a51a
[spm]: ProfilerData event received.
I/flutter (13828): [SPM:perf] 698a51a  buildSpan: 3646µs
I/flutter (13828): [spm] Performance monitoring completed for 698a51a
I/flutter (13828): [SPM:perf] 698a51a  buildSpan: 3714µs
I/flutter (13828): [spm] Performance monitoring completed for 698a51a
[spm]: ProfilerData event received.
[spm]: ProfilerData event received.
I/flutter (13828): [SPM:perf] 698a51a  buildSpan: 3944µs
I/flutter (13828): [spm] Performance monitoring completed for 698a51a
[spm]: ProfilerData event received.
I/flutter (13828): [SPM:perf] 698a51a  buildSpan: 3945µs
I/flutter (13828): [spm] Performance monitoring completed for 698a51a
I/flutter (13828): [SPM:perf] 698a51a  buildSpan: 3676µs
I/flutter (13828): [spm] Performance monitoring completed for 698a51a
[spm]: ProfilerData event received.
[spm]: ProfilerData event received.
I/flutter (13828): [SPM:perf] 698a51a  buildSpan: 3783µs
I/flutter (13828): [spm] Performance monitoring completed for 698a51a
[spm]: ProfilerData event received.
I/flutter (13828): [SPM:perf] 698a51a  buildSpan: 3666µs
I/flutter (13828): [spm] Performance monitoring completed for 698a51a
I/flutter (13828): [SPM:perf] 698a51a  buildSpan: 4122µs
I/flutter (13828): [spm] Performance monitoring completed for 698a51a
[spm]: ProfilerData event received.
[spm]: ProfilerData event received.
I/flutter (13828): [SPM:perf] 698a51a  buildSpan: 3897µs
I/flutter (13828): [spm] Performance monitoring completed for 698a51a
I/flutter (13828): [SPM:perf] 698a51a  buildSpan: 3302µs
I/flutter (13828): [spm] Performance monitoring completed for 698a51a
[spm]: ProfilerData event received.
I/flutter (13828): [SPM:perf] 698a51a  buildSpan: 3659µs
I/flutter (13828): [spm] Performance monitoring completed for 698a51a
[spm]: ProfilerData event received.
[spm]: ProfilerData event received.
I/flutter (13828): [SPM:perf] 698a51a  buildSpan: 3733µs
I/flutter (13828): [spm] Performance monitoring completed for 698a51a
I/flutter (13828): [SPM:perf] 698a51a  buildSpan: 3995µs
I/flutter (13828): [spm] Performance monitoring completed for 698a51a
[spm]: ProfilerData event received.
[spm]: ProfilerData event received.
I/flutter (13828): [SPM:perf] 698a51a  buildSpan: 3625µs
I/flutter (13828): [spm] Performance monitoring completed for 698a51a
I/flutter (13828): [SPM:perf] 698a51a  buildSpan: 3769µs
I/flutter (13828): [spm] Performance monitoring completed for 698a51a
[spm]: ProfilerData event received.
[spm]: ProfilerData event received.
I/flutter (13828): [SPM:perf] 698a51a  buildSpan: 3671µs
I/flutter (13828): [spm] Performance monitoring completed for 698a51a
[spm]: ProfilerData event received.
I/flutter (13828): [SPM:perf] 698a51a  buildSpan: 3767µs
I/flutter (13828): [spm] Performance monitoring completed for 698a51a
I/flutter (13828): [SPM:perf] 698a51a  buildSpan: 3607µs
[spm]: ProfilerData event received.
I/flutter (13828): [spm] Performance monitoring completed for 698a51a
[spm]: ProfilerData event received.
I/flutter (13828): [SPM:perf] 698a51a  buildSpan: 3982µs
I/flutter (13828): [spm] Performance monitoring completed for 698a51a
[spm]: ProfilerData event received.
I/flutter (13828): [SPM:perf] 698a51a  buildSpan: 3612µs
I/flutter (13828): [spm] Performance monitoring completed for 698a51a
I/flutter (13828): [SPM:perf] 698a51a  buildSpan: 4001µs
I/flutter (13828): [spm] Performance monitoring completed for 698a51a
[spm]: ProfilerData event received.
I/flutter (13828): 01:10 +1: (tearDownAll)
I/flutter (13828): 01:11 +2: All tests passed!
All tests passed.
[spm]: Saved 30 profiler events to <ROOT>/dataset-new_samples/0463/redmi9t/raw/20260917-000252/rev_002_23caef43/e0.jsonl
[spm]: Reverting injection...
17 issues found. (ran in 0.5s)
WARNING: Your Android app project: app located at: <ROOT>/android/app/build.gradle.kts
applies the Kotlin Gradle Plugin, which will cause build failures in future versions of Flutter. 
Please migrate your app to Built-in Kotlin using this guide: https://docs.flutter.dev/release/breaking-changes/migrate-to-built-in-kotlin/for-app-developers

VMServiceFlutterDriver: Connecting to Flutter application at http://127.0.0.1:34265/bL0DX65z_lU=/
[spm]: Detected VM service URI: ws://127.0.0.1:34265/bL0DX65z_lU=/ws
VMServiceFlutterDriver: Isolate found with number: 2872232576612111
VMServiceFlutterDriver: Isolate 2872232576612111 is runnable.
VMServiceFlutterDriver: Isolate is paused at start.
VMServiceFlutterDriver: Attempting to resume isolate
VMServiceFlutterDriver: Connected to Flutter application.
VMServiceFlutterDriver: request_data message is taking a long time to complete...