# sample_id=01/base exec_index=14 ok=True perf_lines=30 vm_events=30 battery_pct=76 soc_temp_millic=42900 battery_temp_c=30.9 charging=False ts=2026-07-28T04:39:45.282038+00:00
[spm]: Running flutter analyze...
Analyzing lib...                                                

   info • Invalid use of a private type in a public API. Try making the private type public, or making the API that uses the private type also be private • lib/dependencies.dart:76:7 • library_private_types_in_public_api
   info • Invalid use of a private type in a public API. Try making the private type public, or making the API that uses the private type also be private • lib/dependencies.dart:77:6 • library_private_types_in_public_api
   info • The variable name 'ERC_20' isn't a lowerCamelCase identifier. Try changing the name to follow the lowerCamelCase style • lib/dependencies.dart:118:14 • non_constant_identifier_names
   info • Invalid use of a private type in a public API. Try making the private type public, or making the API that uses the private type also be private • lib/dependencies.dart:123:40 • library_private_types_in_public_api
   info • Missing type annotation. Try adding a type annotation • lib/generated_widget.dart:23:3 • strict_top_level_inference
   info • Unnecessary 'this.' qualifier. Try removing 'this.' • lib/generated_widget.dart:24:29 • unnecessary_this
   info • Statements in an if should be enclosed in a block. Try wrapping the statement in a block • lib/generated_widget.dart:25:7 • curly_braces_in_flow_control_structures
   info • Unnecessary 'this.' qualifier. Try removing 'this.' • lib/generated_widget.dart:25:20 • unnecessary_this
   info • Constructors for public widgets should have a named 'key' parameter. Try adding a named parameter to the constructor • lib/generated_widget.dart:73:3 • use_key_in_widget_constructors
   info • Constructors in '@immutable' classes should be declared as 'const'. Try adding 'const' to the constructor declaration • lib/generated_widget.dart:73:3 • prefer_const_constructors_in_immutables
   info • Unnecessary 'this.' qualifier. Try removing 'this.' • lib/generated_widget.dart:86:12 • unnecessary_this
   info • Unnecessary 'this.' qualifier. Try removing 'this.' • lib/generated_widget.dart:87:11 • unnecessary_this
   info • Unnecessary 'this.' qualifier. Try removing 'this.' • lib/generated_widget.dart:89:26 • unnecessary_this
   info • Unnecessary 'this.' qualifier. Try removing 'this.' • lib/generated_widget.dart:91:33 • unnecessary_this
   info • Unnecessary 'this.' qualifier. Try removing 'this.' • lib/generated_widget.dart:93:35 • unnecessary_this
   info • Unnecessary 'this.' qualifier. Try removing 'this.' • lib/generated_widget.dart:94:28 • unnecessary_this
   info • Unnecessary 'this.' qualifier. Try removing 'this.' • lib/generated_widget.dart:99:33 • unnecessary_this
   info • Unnecessary 'this.' qualifier. Try removing 'this.' • lib/generated_widget.dart:100:26 • unnecessary_this
   info • Unnecessary 'this.' qualifier. Try removing 'this.' • lib/generated_widget.dart:111:17 • unnecessary_this
   info • Unnecessary 'this.' qualifier. Try removing 'this.' • lib/generated_widget.dart:111:39 • unnecessary_this
   info • Unnecessary 'this.' qualifier. Try removing 'this.' • lib/generated_widget.dart:111:64 • unnecessary_this
   info • Unnecessary 'this.' qualifier. Try removing 'this.' • lib/generated_widget.dart:112:23 • unnecessary_this
   info • Unnecessary 'this.' qualifier. Try removing 'this.' • lib/generated_widget.dart:114:16 • unnecessary_this
   info • Unnecessary 'this.' qualifier. Try removing 'this.' • lib/generated_widget.dart:120:25 • unnecessary_this
   info • Unnecessary 'this.' qualifier. Try removing 'this.' • lib/generated_widget.dart:128:23 • unnecessary_this
   info • Unnecessary 'this.' qualifier. Try removing 'this.' • lib/generated_widget.dart:131:21 • unnecessary_this
   info • Unnecessary 'this.' qualifier. Try removing 'this.' • lib/generated_widget.dart:151:26 • unnecessary_this
   info • Unnecessary 'this.' qualifier. Try removing 'this.' • lib/generated_widget.dart:156:19 • unnecessary_this
   info • Unnecessary 'this.' qualifier. Try removing 'this.' • lib/generated_widget.dart:160:28 • unnecessary_this
   info • Unnecessary 'this.' qualifier. Try removing 'this.' • lib/generated_widget.dart:169:15 • unnecessary_this
   info • Unnecessary 'this.' qualifier. Try removing 'this.' • lib/generated_widget.dart:174:27 • unnecessary_this
   info • Unnecessary 'this.' qualifier. Try removing 'this.' • lib/generated_widget.dart:183:11 • unnecessary_this
   info • Constructors for public widgets should have a named 'key' parameter. Try adding a named parameter to the constructor • lib/generated_widget.dart:202:3 • use_key_in_widget_constructors
   info • Constructors in '@immutable' classes should be declared as 'const'. Try adding 'const' to the constructor declaration • lib/generated_widget.dart:202:3 • prefer_const_constructors_in_immutables
   info • Unnecessary 'this.' qualifier. Try removing 'this.' • lib/generated_widget.dart:217:22 • unnecessary_this
   info • Unnecessary 'this.' qualifier. Try removing 'this.' • lib/generated_widget.dart:217:59 • unnecessary_this
   info • Unnecessary 'this.' qualifier. Try removing 'this.' • lib/generated_widget.dart:221:20 • unnecessary_this
   info • Unnecessary 'this.' qualifier. Try removing 'this.' • lib/generated_widget.dart:223:20 • unnecessary_this
   info • Unnecessary 'this.' qualifier. Try removing 'this.' • lib/generated_widget.dart:224:21 • unnecessary_this
   info • Unnecessary 'this.' qualifier. Try removing 'this.' • lib/generated_widget.dart:228:62 • unnecessary_this
   info • Unnecessary 'this.' qualifier. Try removing 'this.' • lib/generated_widget.dart:235:34 • unnecessary_this
   info • Unnecessary 'this.' qualifier. Try removing 'this.' • lib/generated_widget.dart:236:35 • unnecessary_this
   info • Unnecessary 'this.' qualifier. Try removing 'this.' • lib/generated_widget.dart:240:9 • unnecessary_this
   info • Unnecessary 'this.' qualifier. Try removing 'this.' • lib/generated_widget.dart:240:47 • unnecessary_this
   info • Unnecessary 'this.' qualifier. Try removing 'this.' • lib/generated_widget.dart:242:22 • unnecessary_this
   info • Unnecessary 'this.' qualifier. Try removing 'this.' • lib/generated_widget.dart:243:24 • unnecessary_this
   info • Unnecessary 'this.' qualifier. Try removing 'this.' • lib/generated_widget.dart:245:26 • unnecessary_this
   info • Unnecessary 'this.' qualifier. Try removing 'this.' • lib/generated_widget.dart:246:27 • unnecessary_this
warning • This class (or a class that this class inherits from) is marked as '@immutable', but one or more of its instance fields aren't final: Label.text, Label.overflow • lib/generated_widget.dart:261:7 • must_be_immutable
   info • Constructors for public widgets should have a named 'key' parameter. Try adding a named parameter to the constructor • lib/generated_widget.dart:278:3 • use_key_in_widget_constructors
warning • This default clause is covered by the previous cases. Try removing the default clause, or restructuring the preceding patterns • lib/generated_widget.dart:335:7 • unreachable_switch_default
   info • Unnecessary 'this.' qualifier. Try removing 'this.' • lib/generated_widget.dart:367:12 • unnecessary_this
   info • Unnecessary 'this.' qualifier. Try removing 'this.' • lib/generated_widget.dart:369:51 • unnecessary_this

[spm]: Injecting profiler code...
[spm]: Starting app...
Resolving dependencies...
Downloading packages...
  _fe_analyzer_shared 100.0.0 (105.0.0 available)
  analyzer 13.0.0 (14.1.0 available)
  async 2.13.0 (2.13.1 available)
  cupertino_icons 1.0.8 (1.0.9 available)
  lints 6.0.0 (6.1.0 available)
  matcher 0.12.19 (0.12.20 available)
  meta 1.18.0 (1.19.0 available)
  package_config 2.2.0 (3.0.0 available)
  source_span 1.10.1 (1.10.2 available)
  test_api 0.7.11 (0.7.13 available)
  vector_math 2.2.0 (2.4.1 available)
  vm_service 15.0.2 (15.2.0 available)
Got dependencies!
12 packages have newer versions incompatible with dependency constraints.
Try `flutter pub outdated` for more information.
Running Gradle task 'assembleProfile'...                        
Running Gradle task 'assembleProfile'...                           21.6s
✓ Built build/app/outputs/flutter-apk/app-profile.apk (61.8MB)
Installing build/app/outputs/flutter-apk/app-profile.apk...      2,414ms
D/MiuiMultiWindowUtils(16585): freeform resolution args raw data:{  "zizhan":{    "freeform_args": {      "inner":{        "vertical_portrait":{"aspect_ratio":0.626, "original_ratio":0.5643,"original_scale":0.74,"top_margin":0.168,"left_margin":0.484},        "horizontal_portrait":{"aspect_ratio":0.626, "original_ratio":0.5643,"original_scale":0.74,"top_margin":0.1222,"left_margin":0.59745},        "vertical_landscape":{"aspect_ratio":1.6, "original_ratio":1,"original_scale":0.604,"top_margin":0.2596,"left_margin":0.2624},        "horizontal_landscape":{"aspect_ratio":1.6, "original_ratio":1,"original_scale":0.604,"top_margin":0.213,"left_margin":0.3758}      },      "outer":{        "vertical_portrait":{"aspect_ratio":0.626, "original_ratio":1,"original_scale":0.74,"top_margin":0.0753,"left_margin":-1},        "horizontal_portrait":{"aspect_ratio":0.626, "original_ratio":1,"original_scale":0.5756,"top_margin":-1,"left_margin":0.0753},        "vertical_landscape":{"aspect_ratio":1.6, "original_ratio":0.6847,"original_scale":0.587,"top_margin":0.0753,"left_margin":-1},        "horizontal_landscape":{"aspect_ratio":1.6, "original_ratio":0.6847,"original_scale":0.587,"top_margin":-1,"left_margin":0.0753}}    },    "mini_freeform_args":{      "inner":{        "vertical_portrait":{"aspect_ratio":0.626, "original_ratio":0.147},        "horizontal_portrait":{"aspect_ratio":0.626, "original_ratio":0.147},        "vertical_landscape":{"aspect_ratio":1.6, "original_ratio":0.165},        "horizontal_landscape":{"aspect_ratio":1.6, "original_ratio":0.165}      },      "outer":{        "vertical_portrait":{"aspect_ratio":0.626, "original_ratio":0.26},        "horizontal_portrait":{"aspect_ratio":0.626, "original_ratio":0.26},        "vertical_landscape":{"aspect_ratio":1.6, "original_ratio":0.293},        "horizontal_landscape":{"aspect_ratio":1.6, "original_ratio":0.293}}    }  },  "wide_default":{    "freeform_args": {        "vertical_portrait":{"aspect_ratio":0.625, "original_ratio":0.5806,"original_scale":0.7574,"top_margin":0.125,"left_margin":0.392},        "horizontal_portrait":{"aspect_ratio":0.625, "original_ratio":0.5806,"original_scale":0.7574,"top_margin":-1,"left_margin":0.6415},        "vertical_landscape":{"aspect_ratio":1.6, "original_ratio":1,"original_scale":0.5153,"top_margin":0.125,"left_margin":0.206},        "horizontal_landscape":{"aspect_ratio":1.6, "original_ratio":1,"original_scale":0.5153,"top_margin":-1,"left_margin":0.456}    },    "mini_freeform_args":{        "vertical_portrait":{"aspect_ratio":0.5625, "original_ratio":0.144},        "horizontal_portrait":{"aspect_ratio":0.5625, "original_ratio":0.144},        "vertical_landscape":{"aspect_ratio":-1, "original_ratio":0.144},        "horizontal_landscape":{"aspect_ratio":-1, "original_ratio":0.144}    }  },  "narrow_default": {    "freeform_args": {        "vertical_portrait":{"aspect_ratio":0.5625, "original_ratio":1,"original_scale":0.7182,"top_margin":0.142,"left_margin":-1},        "horizontal_portrait":{"aspect_ratio":0.8, "original_ratio":1,"original_scale":0.7182,"top_margin":-1,"left_margin":0.05},        "vertical_landscape":{"aspect_ratio":1.6, "original_ratio":0.6545,"original_scale":0.4473,"top_margin":0.142,"left_margin":-1},        "horizontal_landscape":{"aspect_ratio":1.6, "original_ratio":0.6545,"original_scale":0.4473,"top_margin":-1,"left_margin":0.05}    },    "mini_freeform_args":{        "vertical_portrait":{"aspect_ratio":0.5625, "original_ratio":0.3},        "horizontal_portrait":{"aspect_ratio":0.5625, "original_ratio":0.3},        "vertical_landscape":{"aspect_ratio":1.7778, "original_ratio":0.3},        "horizontal_landscape":{"aspect_ratio":1.7778, "original_ratio":0.3}    }  },  "regular_default": {    "freeform_args": {      "vertical_portrait":{"aspect_ratio":0.625, "original_ratio":1,"original_scale":0.7,"top_margin":0.109,"left_margin":-1},      "horizontal_portrait":{"aspect_ratio":0.6667, "original_ratio":1,"original_scale":0.6102,"top_margin":-1,"left_margin":0.026},      "vertical_landscape":{"asp
E/MiuiMultiWindowUtils(16585): initFreeFormResolutionArgs failed, device is lime
D/IS_CTS_MODE(16585): true
D/MULTI_WINDOW_SWITCH_ENABLED(16585): false
D/IS_CTS_MODE(16585): true
D/MULTI_WINDOW_SWITCH_ENABLED(16585): false
D/IS_CTS_MODE(16585): true
D/MULTI_WINDOW_SWITCH_ENABLED(16585): false
D/DecorView[](16585): getWindowModeFromSystem  windowmode is 1
I/ForceDarkHelperStubImpl(16585): setViewRootImplForceDark: false for com.example.benchmark_container.MainActivity@4db2a21, reason: AppDarkModeEnable
I/ForceDarkHelperStubImpl(16585): setViewRootImplForceDark: false for com.example.benchmark_container.MainActivity@4db2a21, reason: AppDarkModeEnable
D/DecorView[](16585): getWindowModeFromSystem  windowmode is 1
D/DecorView[](16585): updateDecorCaptionStatus displayWindowDecor is false
W/Looper  (16585): PerfMonitor looperActivity : package=com.example.benchmark_container/.MainActivity time=533ms latency=442ms running=0ms  procState=-1  historyMsgCount=3 (msgIndex=3 wall=434ms seq=3 h=android.app.ActivityThread$H w=110)
W/Looper  (16585): PerfMonitor looperActivity : package=com.example.benchmark_container/.MainActivity time=1ms latency=976ms running=0ms  procState=-1  historyMsgCount=4 (msgIndex=3 wall=434ms seq=3 h=android.app.ActivityThread$H w=110) (msgIndex=4 wall=533ms seq=4 late=442ms h=android.app.ActivityThread$H w=159)
I/Choreographer(16585): Skipped 33 frames!  The application may be doing too much work on its main thread.
D/SurfaceView(16585): UPDATE null, mIsCastMode = false
D/hw-ProcessState(16585): Binder ioctl to enable oneway spam detection failed: Invalid argument
W/Looper  (16585): PerfMonitor longMsg : seq=8 plan=07:38:22.229 late=554ms wall=1681ms running=0ms h=android.view.Choreographer$FrameHandler c=android.view.Choreographer$FrameDisplayEventReceiver procState=-1
W/Looper  (16585): PerfMonitor doFrame : time=1681ms vsyncFrame=0 latency=554ms procState=-1 historyMsgCount=6 (msgIndex=2 wall=1681ms seq=8 late=554ms h=android.view.Choreographer$FrameHandler c=android.view.Choreographer$FrameDisplayEventReceiver) (msgIndex=3 wall=533ms seq=4 h=android.app.ActivityThread$H w=159)
I/Choreographer(16585): Skipped 95 frames!  The application may be doing too much work on its main thread.
D/SurfaceView(16585): UPDATE Surface(name=SurfaceView[com.example.benchmark_container/com.example.benchmark_container.MainActivity])/@0x6a147ef, mIsProjectionMode = false
W/Looper  (16585): PerfMonitor doFrame : time=4ms vsyncFrame=0 latency=1592ms procState=-1 historyMsgCount=5
[spm]: Connected to Dart VM service.
I/flutter (16585): 00:00 +0: Performance Benchmark
E/hmark_containe(16585): open libmigui.so failed! dlopen - dlopen failed: library "libmigui.so" not found
D/hmark_containe(16585): MiuiProcessManagerServiceStub setSchedFifo
I/MiuiProcessManagerImpl(16585): setSchedFifo pid:16585, mode:3
D/DecorView[](16585): onWindowFocusChanged hasWindowFocus true
D/DecorView[](16585): getWindowModeFromSystem  windowmode is 1
D/DecorView[](16585): updateDecorCaptionStatus displayWindowDecor is false
D/ProfileInstaller(16585): Installing profile for com.example.benchmark_container
I/flutter (16585): setState 698a51a
[spm]: ProfilerData event received.
I/flutter (16585): [SPM:perf] 698a51a  buildSpan: 2973µs
I/flutter (16585): [spm] Performance monitoring completed for 698a51a
I/flutter (16585): setState 698a51a
[spm]: ProfilerData event received.
I/flutter (16585): [SPM:perf] 698a51a  buildSpan: 2244µs
I/flutter (16585): [spm] Performance monitoring completed for 698a51a
I/flutter (16585): setState 698a51a
I/flutter (16585): [SPM:perf] 698a51a  buildSpan: 2463µs
I/flutter (16585): [spm] Performance monitoring completed for 698a51a
[spm]: ProfilerData event received.
I/flutter (16585): setState 698a51a
[spm]: ProfilerData event received.
I/flutter (16585): [SPM:perf] 698a51a  buildSpan: 2057µs
I/flutter (16585): [spm] Performance monitoring completed for 698a51a
I/flutter (16585): setState 698a51a
[spm]: ProfilerData event received.
I/flutter (16585): [SPM:perf] 698a51a  buildSpan: 6533µs
I/flutter (16585): [spm] Performance monitoring completed for 698a51a
I/flutter (16585): setState 698a51a
[spm]: ProfilerData event received.
I/flutter (16585): [SPM:perf] 698a51a  buildSpan: 1727µs
I/flutter (16585): [spm] Performance monitoring completed for 698a51a
I/flutter (16585): setState 698a51a
[spm]: ProfilerData event received.
I/flutter (16585): [SPM:perf] 698a51a  buildSpan: 2291µs
I/flutter (16585): [spm] Performance monitoring completed for 698a51a
I/flutter (16585): setState 698a51a
[spm]: ProfilerData event received.
I/flutter (16585): [SPM:perf] 698a51a  buildSpan: 2094µs
I/flutter (16585): [spm] Performance monitoring completed for 698a51a
I/flutter (16585): setState 698a51a
[spm]: ProfilerData event received.
I/flutter (16585): [SPM:perf] 698a51a  buildSpan: 2645µs
I/flutter (16585): [spm] Performance monitoring completed for 698a51a
I/flutter (16585): setState 698a51a
[spm]: ProfilerData event received.
I/flutter (16585): [SPM:perf] 698a51a  buildSpan: 2771µs
I/flutter (16585): [spm] Performance monitoring completed for 698a51a
I/flutter (16585): setState 698a51a
[spm]: ProfilerData event received.
I/flutter (16585): [SPM:perf] 698a51a  buildSpan: 2662µs
I/flutter (16585): [spm] Performance monitoring completed for 698a51a
I/flutter (16585): setState 698a51a
[spm]: ProfilerData event received.
I/flutter (16585): [SPM:perf] 698a51a  buildSpan: 2777µs
I/flutter (16585): [spm] Performance monitoring completed for 698a51a
I/flutter (16585): setState 698a51a
[spm]: ProfilerData event received.
I/flutter (16585): [SPM:perf] 698a51a  buildSpan: 2126µs
I/flutter (16585): [spm] Performance monitoring completed for 698a51a
I/flutter (16585): setState 698a51a
[spm]: ProfilerData event received.
I/flutter (16585): [SPM:perf] 698a51a  buildSpan: 2723µs
I/flutter (16585): [spm] Performance monitoring completed for 698a51a
I/flutter (16585): setState 698a51a
[spm]: ProfilerData event received.
I/flutter (16585): [SPM:perf] 698a51a  buildSpan: 2629µs
I/flutter (16585): [spm] Performance monitoring completed for 698a51a
I/flutter (16585): setState 698a51a
I/flutter (16585): [SPM:perf] 698a51a  buildSpan: 2122µs
I/flutter (16585): [spm] Performance monitoring completed for 698a51a
I/flutter (16585): setState 698a51a
[spm]: ProfilerData event received.
[spm]: ProfilerData event received.
I/flutter (16585): [SPM:perf] 698a51a  buildSpan: 1879µs
I/flutter (16585): [spm] Performance monitoring completed for 698a51a
I/flutter (16585): setState 698a51a
[spm]: ProfilerData event received.
I/flutter (16585): [SPM:perf] 698a51a  buildSpan: 2742µs
I/flutter (16585): [spm] Performance monitoring completed for 698a51a
I/flutter (16585): setState 698a51a
[spm]: ProfilerData event received.
I/flutter (16585): [SPM:perf] 698a51a  buildSpan: 2118µs
I/flutter (16585): [spm] Performance monitoring completed for 698a51a
I/flutter (16585): setState 698a51a
I/flutter (16585): [SPM:perf] 698a51a  buildSpan: 2714µs
I/flutter (16585): [spm] Performance monitoring completed for 698a51a
I/flutter (16585): setState 698a51a
[spm]: ProfilerData event received.
[spm]: ProfilerData event received.
I/flutter (16585): [SPM:perf] 698a51a  buildSpan: 2619µs
I/flutter (16585): [spm] Performance monitoring completed for 698a51a
I/flutter (16585): setState 698a51a
I/flutter (16585): [SPM:perf] 698a51a  buildSpan: 2117µs
[spm]: ProfilerData event received.
I/flutter (16585): [spm] Performance monitoring completed for 698a51a
I/flutter (16585): setState 698a51a
[spm]: ProfilerData event received.
I/flutter (16585): [SPM:perf] 698a51a  buildSpan: 1598µs
I/flutter (16585): [spm] Performance monitoring completed for 698a51a
I/flutter (16585): setState 698a51a
[spm]: ProfilerData event received.
I/flutter (16585): [SPM:perf] 698a51a  buildSpan: 1764µs
I/flutter (16585): [spm] Performance monitoring completed for 698a51a
I/flutter (16585): setState 698a51a
[spm]: ProfilerData event received.
I/flutter (16585): [SPM:perf] 698a51a  buildSpan: 2053µs
I/flutter (16585): [spm] Performance monitoring completed for 698a51a
I/flutter (16585): setState 698a51a
[spm]: ProfilerData event received.
I/flutter (16585): [SPM:perf] 698a51a  buildSpan: 2714µs
I/flutter (16585): [spm] Performance monitoring completed for 698a51a
I/flutter (16585): setState 698a51a
[spm]: ProfilerData event received.
I/flutter (16585): [SPM:perf] 698a51a  buildSpan: 1995µs
I/flutter (16585): [spm] Performance monitoring completed for 698a51a
I/flutter (16585): setState 698a51a
[spm]: ProfilerData event received.
I/flutter (16585): [SPM:perf] 698a51a  buildSpan: 1656µs
I/flutter (16585): [spm] Performance monitoring completed for 698a51a
I/flutter (16585): setState 698a51a
[spm]: ProfilerData event received.
I/flutter (16585): [SPM:perf] 698a51a  buildSpan: 2160µs
I/flutter (16585): [spm] Performance monitoring completed for 698a51a
I/flutter (16585): setState 698a51a
[spm]: ProfilerData event received.
I/flutter (16585): [SPM:perf] 698a51a  buildSpan: 2851µs
I/flutter (16585): [spm] Performance monitoring completed for 698a51a
I/flutter (16585): 01:10 +1: (tearDownAll)
I/flutter (16585): 01:11 +2: All tests passed!
All tests passed.
[spm]: Saved 30 profiler events to <ROOT>/dataset/01/redmi9t/raw/20260728-061535/base/e14.jsonl
[spm]: Reverting injection...
53 issues found. (ran in 0.6s)
WARNING: Your Android app project: app located at: <ROOT>/android/app/build.gradle.kts
applies the Kotlin Gradle Plugin, which will cause build failures in future versions of Flutter. 
Please migrate your app to Built-in Kotlin using this guide: https://docs.flutter.dev/release/breaking-changes/migrate-to-built-in-kotlin/for-app-developers

VMServiceFlutterDriver: Connecting to Flutter application at http://127.0.0.1:42027/iexhI2_Rhok=/
[spm]: Detected VM service URI: ws://127.0.0.1:42027/iexhI2_Rhok=/ws
VMServiceFlutterDriver: Isolate found with number: 3328282081768555
VMServiceFlutterDriver: Isolate 3328282081768555 is runnable.
VMServiceFlutterDriver: Isolate is paused at start.
VMServiceFlutterDriver: Attempting to resume isolate
VMServiceFlutterDriver: Connected to Flutter application.