# sample_id=2449/rev_002_6d2c9fd0 exec_index=5 ok=True perf_lines=30 vm_events=30 battery_pct=56 soc_temp_millic=41700 battery_temp_c=31.6 charging=False preflight_started=2026-09-13T15:59:58.335878+00:00 started=2026-09-13T16:00:01.028574+00:00 ts=2026-09-13T16:01:47.197035+00:00
[spm]: Running flutter analyze...
Resolving dependencies...
Downloading packages...
  _fe_analyzer_shared 100.0.0 (108.0.0 available)
  analyzer 13.0.0 (14.4.0 available)
  async 2.13.0 (2.13.1 available)
  clock 1.1.2 (1.1.3 available)
  cupertino_icons 1.0.8 (1.0.9 available)
  glob 2.1.3 (2.2.0 available)
  lints 6.0.0 (6.1.0 available)
  matcher 0.12.19 (0.12.20 available)
  material_color_utilities 0.13.0 (0.13.1 available)
  meta 1.18.0 (1.19.0 available)
  package_config 2.2.0 (3.0.0 available)
  platform 3.1.6 (3.2.0 available)
  process 5.0.5 (5.0.6 available)
  pub_semver 2.2.0 (2.2.1 available)
  source_span 1.10.1 (1.10.2 available)
  stack_trace 1.12.1 (1.12.2 available)
  test_api 0.7.11 (0.7.14 available)
  vector_math 2.2.0 (2.4.2 available)
  vm_service 15.0.2 (15.3.0 available)
  webdriver 3.1.0 (3.2.0 available)
  yaml 3.1.3 (3.1.4 available)
Got dependencies!
21 packages have newer versions incompatible with dependency constraints.
Try `flutter pub outdated` for more information.
Analyzing lib...                                                

   info • Constructors in '@immutable' classes should be declared as 'const'. Try adding 'const' to the constructor declaration • lib/generated_widget.dart:7:3 • prefer_const_constructors_in_immutables

[spm]: Injecting profiler code...
[spm]: Starting app...
Running Gradle task 'assembleProfile'...                        
Running Gradle task 'assembleProfile'...                         2,120ms
✓ Built build/app/outputs/flutter-apk/app-profile.apk (26.8MB)
Installing build/app/outputs/flutter-apk/app-profile.apk...      1,210ms
D/MiuiMultiWindowUtils(18376): freeform resolution args raw data:{  "zizhan":{    "freeform_args": {      "inner":{        "vertical_portrait":{"aspect_ratio":0.626, "original_ratio":0.5643,"original_scale":0.74,"top_margin":0.168,"left_margin":0.484},        "horizontal_portrait":{"aspect_ratio":0.626, "original_ratio":0.5643,"original_scale":0.74,"top_margin":0.1222,"left_margin":0.59745},        "vertical_landscape":{"aspect_ratio":1.6, "original_ratio":1,"original_scale":0.604,"top_margin":0.2596,"left_margin":0.2624},        "horizontal_landscape":{"aspect_ratio":1.6, "original_ratio":1,"original_scale":0.604,"top_margin":0.213,"left_margin":0.3758}      },      "outer":{        "vertical_portrait":{"aspect_ratio":0.626, "original_ratio":1,"original_scale":0.74,"top_margin":0.0753,"left_margin":-1},        "horizontal_portrait":{"aspect_ratio":0.626, "original_ratio":1,"original_scale":0.5756,"top_margin":-1,"left_margin":0.0753},        "vertical_landscape":{"aspect_ratio":1.6, "original_ratio":0.6847,"original_scale":0.587,"top_margin":0.0753,"left_margin":-1},        "horizontal_landscape":{"aspect_ratio":1.6, "original_ratio":0.6847,"original_scale":0.587,"top_margin":-1,"left_margin":0.0753}}    },    "mini_freeform_args":{      "inner":{        "vertical_portrait":{"aspect_ratio":0.626, "original_ratio":0.147},        "horizontal_portrait":{"aspect_ratio":0.626, "original_ratio":0.147},        "vertical_landscape":{"aspect_ratio":1.6, "original_ratio":0.165},        "horizontal_landscape":{"aspect_ratio":1.6, "original_ratio":0.165}      },      "outer":{        "vertical_portrait":{"aspect_ratio":0.626, "original_ratio":0.26},        "horizontal_portrait":{"aspect_ratio":0.626, "original_ratio":0.26},        "vertical_landscape":{"aspect_ratio":1.6, "original_ratio":0.293},        "horizontal_landscape":{"aspect_ratio":1.6, "original_ratio":0.293}}    }  },  "wide_default":{    "freeform_args": {        "vertical_portrait":{"aspect_ratio":0.625, "original_ratio":0.5806,"original_scale":0.7574,"top_margin":0.125,"left_margin":0.392},        "horizontal_portrait":{"aspect_ratio":0.625, "original_ratio":0.5806,"original_scale":0.7574,"top_margin":-1,"left_margin":0.6415},        "vertical_landscape":{"aspect_ratio":1.6, "original_ratio":1,"original_scale":0.5153,"top_margin":0.125,"left_margin":0.206},        "horizontal_landscape":{"aspect_ratio":1.6, "original_ratio":1,"original_scale":0.5153,"top_margin":-1,"left_margin":0.456}    },    "mini_freeform_args":{        "vertical_portrait":{"aspect_ratio":0.5625, "original_ratio":0.144},        "horizontal_portrait":{"aspect_ratio":0.5625, "original_ratio":0.144},        "vertical_landscape":{"aspect_ratio":-1, "original_ratio":0.144},        "horizontal_landscape":{"aspect_ratio":-1, "original_ratio":0.144}    }  },  "narrow_default": {    "freeform_args": {        "vertical_portrait":{"aspect_ratio":0.5625, "original_ratio":1,"original_scale":0.7182,"top_margin":0.142,"left_margin":-1},        "horizontal_portrait":{"aspect_ratio":0.8, "original_ratio":1,"original_scale":0.7182,"top_margin":-1,"left_margin":0.05},        "vertical_landscape":{"aspect_ratio":1.6, "original_ratio":0.6545,"original_scale":0.4473,"top_margin":0.142,"left_margin":-1},        "horizontal_landscape":{"aspect_ratio":1.6, "original_ratio":0.6545,"original_scale":0.4473,"top_margin":-1,"left_margin":0.05}    },    "mini_freeform_args":{        "vertical_portrait":{"aspect_ratio":0.5625, "original_ratio":0.3},        "horizontal_portrait":{"aspect_ratio":0.5625, "original_ratio":0.3},        "vertical_landscape":{"aspect_ratio":1.7778, "original_ratio":0.3},        "horizontal_landscape":{"aspect_ratio":1.7778, "original_ratio":0.3}    }  },  "regular_default": {    "freeform_args": {      "vertical_portrait":{"aspect_ratio":0.625, "original_ratio":1,"original_scale":0.7,"top_margin":0.109,"left_margin":-1},      "horizontal_portrait":{"aspect_ratio":0.6667, "original_ratio":1,"original_scale":0.6102,"top_margin":-1,"left_margin":0.026},      "vertical_landscape":{"asp
E/MiuiMultiWindowUtils(18376): initFreeFormResolutionArgs failed, device is lime
D/IS_CTS_MODE(18376): true
D/MULTI_WINDOW_SWITCH_ENABLED(18376): false
D/IS_CTS_MODE(18376): true
D/MULTI_WINDOW_SWITCH_ENABLED(18376): false
D/IS_CTS_MODE(18376): true
D/MULTI_WINDOW_SWITCH_ENABLED(18376): false
D/DecorView[](18376): getWindowModeFromSystem  windowmode is 1
D/DecorView[](18376): getWindowModeFromSystem  windowmode is 1
D/DecorView[](18376): updateDecorCaptionStatus displayWindowDecor is false
W/Looper  (18376): PerfMonitor looperActivity : package=com.example.benchmark_container/.MainActivity time=0ms latency=668ms running=0ms  procState=-1  historyMsgCount=4 (msgIndex=2 wall=375ms seq=4 h=android.app.ActivityThread$H w=159) (msgIndex=3 wall=382ms seq=3 h=android.app.ActivityThread$H w=110) (msgIndex=4 wall=375ms seq=4 h=android.app.ActivityThread$H w=159)
D/SurfaceView(18376): UPDATE null, mIsCastMode = false
D/hw-ProcessState(18376): Binder ioctl to enable oneway spam detection failed: Invalid argument
W/Looper  (18376): PerfMonitor longMsg : seq=8 plan=19:00:21.859 late=377ms wall=1691ms running=0ms h=android.view.Choreographer$FrameHandler c=android.view.Choreographer$FrameDisplayEventReceiver procState=-1
W/Looper  (18376): PerfMonitor doFrame : time=1691ms vsyncFrame=0 latency=377ms procState=-1 historyMsgCount=4 (msgIndex=1 wall=1691ms seq=8 late=377ms h=android.view.Choreographer$FrameHandler c=android.view.Choreographer$FrameDisplayEventReceiver)
I/Choreographer(18376): Skipped 96 frames!  The application may be doing too much work on its main thread.
D/SurfaceView(18376): UPDATE Surface(name=SurfaceView[com.example.benchmark_container/com.example.benchmark_container.MainActivity])/@0x739554a, mIsProjectionMode = false
W/Looper  (18376): PerfMonitor doFrame : time=3ms vsyncFrame=0 latency=1609ms procState=-1 historyMsgCount=4
[spm]: Connected to Dart VM service.
I/flutter (18376): 00:00 +0: Performance Benchmark
E/hmark_containe(18376): open libmigui.so failed! dlopen - dlopen failed: library "libmigui.so" not found
D/hmark_containe(18376): MiuiProcessManagerServiceStub setSchedFifo
I/MiuiProcessManagerImpl(18376): setSchedFifo pid:18376, mode:3
D/DecorView[](18376): onWindowFocusChanged hasWindowFocus true
D/DecorView[](18376): getWindowModeFromSystem  windowmode is 1
D/DecorView[](18376): updateDecorCaptionStatus displayWindowDecor is false
D/ProfileInstaller(18376): Installing profile for com.example.benchmark_container
[spm]: ProfilerData event received.
I/flutter (18376): [SPM:perf] 698a51a  buildSpan: 1265µs
I/flutter (18376): [spm] Performance monitoring completed for 698a51a
[spm]: ProfilerData event received.
I/flutter (18376): [SPM:perf] 698a51a  buildSpan: 1407µs
I/flutter (18376): [spm] Performance monitoring completed for 698a51a
[spm]: ProfilerData event received.
I/flutter (18376): [SPM:perf] 698a51a  buildSpan: 1442µs
I/flutter (18376): [spm] Performance monitoring completed for 698a51a
[spm]: ProfilerData event received.
I/flutter (18376): [SPM:perf] 698a51a  buildSpan: 1039µs
I/flutter (18376): [spm] Performance monitoring completed for 698a51a
[spm]: ProfilerData event received.
I/flutter (18376): [SPM:perf] 698a51a  buildSpan: 1552µs
I/flutter (18376): [spm] Performance monitoring completed for 698a51a
[spm]: ProfilerData event received.
I/flutter (18376): [SPM:perf] 698a51a  buildSpan: 1516µs
I/flutter (18376): [spm] Performance monitoring completed for 698a51a
[spm]: ProfilerData event received.
I/flutter (18376): [SPM:perf] 698a51a  buildSpan: 1447µs
I/flutter (18376): [spm] Performance monitoring completed for 698a51a
I/flutter (18376): [SPM:perf] 698a51a  buildSpan: 1470µs
[spm]: ProfilerData event received.
I/flutter (18376): [spm] Performance monitoring completed for 698a51a
[spm]: ProfilerData event received.
I/flutter (18376): [SPM:perf] 698a51a  buildSpan: 998µs
I/flutter (18376): [spm] Performance monitoring completed for 698a51a
[spm]: ProfilerData event received.
I/flutter (18376): [SPM:perf] 698a51a  buildSpan: 958µs
I/flutter (18376): [spm] Performance monitoring completed for 698a51a
I/flutter (18376): [SPM:perf] 698a51a  buildSpan: 1371µs
[spm]: ProfilerData event received.
I/flutter (18376): [spm] Performance monitoring completed for 698a51a
[spm]: ProfilerData event received.
I/flutter (18376): [SPM:perf] 698a51a  buildSpan: 1582µs
I/flutter (18376): [spm] Performance monitoring completed for 698a51a
[spm]: ProfilerData event received.
I/flutter (18376): [SPM:perf] 698a51a  buildSpan: 1521µs
I/flutter (18376): [spm] Performance monitoring completed for 698a51a
[spm]: ProfilerData event received.
I/flutter (18376): [SPM:perf] 698a51a  buildSpan: 1432µs
I/flutter (18376): [spm] Performance monitoring completed for 698a51a
[spm]: ProfilerData event received.
I/flutter (18376): [SPM:perf] 698a51a  buildSpan: 1262µs
I/flutter (18376): [spm] Performance monitoring completed for 698a51a
[spm]: ProfilerData event received.
I/flutter (18376): [SPM:perf] 698a51a  buildSpan: 1491µs
I/flutter (18376): [spm] Performance monitoring completed for 698a51a
[spm]: ProfilerData event received.
I/flutter (18376): [SPM:perf] 698a51a  buildSpan: 1497µs
I/flutter (18376): [spm] Performance monitoring completed for 698a51a
I/flutter (18376): [SPM:perf] 698a51a  buildSpan: 1452µs
I/flutter (18376): [spm] Performance monitoring completed for 698a51a
[spm]: ProfilerData event received.
[spm]: ProfilerData event received.
I/flutter (18376): [SPM:perf] 698a51a  buildSpan: 1621µs
I/flutter (18376): [spm] Performance monitoring completed for 698a51a
I/flutter (18376): [SPM:perf] 698a51a  buildSpan: 1237µs
I/flutter (18376): [spm] Performance monitoring completed for 698a51a
[spm]: ProfilerData event received.
[spm]: ProfilerData event received.
I/flutter (18376): [SPM:perf] 698a51a  buildSpan: 1621µs
I/flutter (18376): [spm] Performance monitoring completed for 698a51a
I/flutter (18376): [SPM:perf] 698a51a  buildSpan: 1524µs
I/flutter (18376): [spm] Performance monitoring completed for 698a51a
[spm]: ProfilerData event received.
I/flutter (18376): [SPM:perf] 698a51a  buildSpan: 1047µs
[spm]: ProfilerData event received.
I/flutter (18376): [spm] Performance monitoring completed for 698a51a
I/flutter (18376): [SPM:perf] 698a51a  buildSpan: 750µs
I/flutter (18376): [spm] Performance monitoring completed for 698a51a
[spm]: ProfilerData event received.
[spm]: ProfilerData event received.
I/flutter (18376): [SPM:perf] 698a51a  buildSpan: 1073µs
I/flutter (18376): [spm] Performance monitoring completed for 698a51a
I/flutter (18376): [SPM:perf] 698a51a  buildSpan: 837µs
[spm]: ProfilerData event received.
I/flutter (18376): [spm] Performance monitoring completed for 698a51a
I/flutter (18376): [SPM:perf] 698a51a  buildSpan: 1032µs
I/flutter (18376): [spm] Performance monitoring completed for 698a51a
[spm]: ProfilerData event received.
I/flutter (18376): [SPM:perf] 698a51a  buildSpan: 1473µs
I/flutter (18376): [spm] Performance monitoring completed for 698a51a
[spm]: ProfilerData event received.
[spm]: ProfilerData event received.
I/flutter (18376): [SPM:perf] 698a51a  buildSpan: 1434µs
I/flutter (18376): [spm] Performance monitoring completed for 698a51a
[spm]: ProfilerData event received.
I/flutter (18376): [SPM:perf] 698a51a  buildSpan: 1100µs
I/flutter (18376): [spm] Performance monitoring completed for 698a51a
I/flutter (18376): 01:10 +1: (tearDownAll)
I/flutter (18376): 01:11 +2: All tests passed!
All tests passed.
[spm]: Saved 30 profiler events to <ROOT>/dataset-new_samples/2449/redmi9t/raw/20260913-181855/rev_002_6d2c9fd0/e5.jsonl
[spm]: Reverting injection...
1 issue found. (ran in 0.9s)
WARNING: Your Android app project: app located at: <ROOT>/android/app/build.gradle.kts
applies the Kotlin Gradle Plugin, which will cause build failures in future versions of Flutter. 
Please migrate your app to Built-in Kotlin using this guide: https://docs.flutter.dev/release/breaking-changes/migrate-to-built-in-kotlin/for-app-developers

VMServiceFlutterDriver: Connecting to Flutter application at http://127.0.0.1:34257/Ou5EVixXvqg=/
[spm]: Detected VM service URI: ws://127.0.0.1:34257/Ou5EVixXvqg=/ws
VMServiceFlutterDriver: Isolate found with number: 2242508566071719
VMServiceFlutterDriver: Isolate 2242508566071719 is runnable.
VMServiceFlutterDriver: Isolate is paused at start.
VMServiceFlutterDriver: Attempting to resume isolate
VMServiceFlutterDriver: Connected to Flutter application.
VMServiceFlutterDriver: request_data message is taking a long time to complete...