# sample_id=1746/rev_038_bf1b9368 exec_index=12 ok=True perf_lines=30 vm_events=30 battery_pct=75 soc_temp_millic=40800 battery_temp_c=29.9 charging=False preflight_started=2026-09-18T05:30:14.612892+00:00 started=2026-09-18T05:30:16.945460+00:00 ts=2026-09-18T05:32:15.501131+00:00
[spm]: Running flutter analyze...
Resolving dependencies...
Downloading packages...
  _fe_analyzer_shared 100.0.0 (108.0.0 available)
  analyzer 13.0.0 (14.4.0 available)
  async 2.13.0 (2.13.1 available)
  clock 1.1.2 (1.1.3 available)
  cupertino_icons 1.0.8 (1.0.9 available)
  glob 2.1.3 (2.2.0 available)
  lints 6.0.0 (6.1.0 available)
  matcher 0.12.19 (0.12.20 available)
  material_color_utilities 0.13.0 (0.13.1 available)
  meta 1.18.0 (1.19.0 available)
  package_config 2.2.0 (3.0.0 available)
  platform 3.1.6 (3.2.0 available)
  process 5.0.5 (5.0.6 available)
  pub_semver 2.2.0 (2.2.1 available)
  source_span 1.10.1 (1.10.2 available)
  stack_trace 1.12.1 (1.12.2 available)
  test_api 0.7.11 (0.7.14 available)
  vector_math 2.2.0 (2.4.2 available)
  vm_service 15.0.2 (15.3.0 available)
  webdriver 3.1.0 (3.2.0 available)
  yaml 3.1.3 (3.1.4 available)
Got dependencies!
21 packages have newer versions incompatible with dependency constraints.
Try `flutter pub outdated` for more information.
Analyzing lib...                                                

   info • The part-of directive uses a library name. Try converting the directive to use the URI of the library • lib/dependencies.dart:46:1 • use_string_in_part_of_directives
   info • Library names are not necessary. Remove the library name • lib/generated_widget.dart:2:9 • unnecessary_library_name
   info • Constructors in '@immutable' classes should be declared as 'const'. Try adding 'const' to the constructor declaration • lib/generated_widget.dart:13:3 • prefer_const_constructors_in_immutables

[spm]: Injecting profiler code...
[spm]: Starting app...
Running Gradle task 'assembleProfile'...                        
Running Gradle task 'assembleProfile'...                           20.2s
✓ Built build/app/outputs/flutter-apk/app-profile.apk (26.8MB)
Installing build/app/outputs/flutter-apk/app-profile.apk...      1,007ms
D/SurfaceView(14541): UPDATE null, mIsCastMode = false
D/hw-ProcessState(14541): Binder ioctl to enable oneway spam detection failed: Invalid argument
W/Looper  (14541): PerfMonitor longMsg : seq=8 plan=08:30:51.820 late=456ms wall=1861ms running=0ms h=android.view.Choreographer$FrameHandler c=android.view.Choreographer$FrameDisplayEventReceiver procState=-1
W/Looper  (14541): PerfMonitor doFrame : time=1861ms vsyncFrame=0 latency=456ms procState=-1 historyMsgCount=7 (msgIndex=2 wall=432ms seq=4 h=android.app.ActivityThread$H w=159) (msgIndex=3 wall=1861ms seq=8 late=456ms h=android.view.Choreographer$FrameHandler c=android.view.Choreographer$FrameDisplayEventReceiver) (msgIndex=4 wall=432ms seq=4 h=android.app.ActivityThread$H w=159)
I/Choreographer(14541): Skipped 103 frames!  The application may be doing too much work on its main thread.
D/SurfaceView(14541): UPDATE Surface(name=SurfaceView[com.example.benchmark_container/com.example.benchmark_container.MainActivity])/@0x9ac515, mIsProjectionMode = false
W/Looper  (14541): PerfMonitor doFrame : time=3ms vsyncFrame=0 latency=1723ms procState=-1 historyMsgCount=4
[spm]: Connected to Dart VM service.
I/flutter (14541): 00:00 +0: Performance Benchmark
E/hmark_containe(14541): open libmigui.so failed! dlopen - dlopen failed: library "libmigui.so" not found
D/hmark_containe(14541): MiuiProcessManagerServiceStub setSchedFifo
I/MiuiProcessManagerImpl(14541): setSchedFifo pid:14541, mode:3
D/DecorView[](14541): onWindowFocusChanged hasWindowFocus true
D/ProfileInstaller(14541): Installing profile for com.example.benchmark_container
D/DecorView[](14541): getWindowModeFromSystem  windowmode is 1
D/DecorView[](14541): updateDecorCaptionStatus displayWindowDecor is false
[spm]: ProfilerData event received.
I/flutter (14541): [SPM:perf] 698a51a  buildSpan: 4136µs
I/flutter (14541): [spm] Performance monitoring completed for 698a51a
I/flutter (14541): [SPM:perf] 698a51a  buildSpan: 3631µs
[spm]: ProfilerData event received.
I/flutter (14541): [spm] Performance monitoring completed for 698a51a
I/flutter (14541): [SPM:perf] 698a51a  buildSpan: 3390µs
[spm]: ProfilerData event received.
I/flutter (14541): [spm] Performance monitoring completed for 698a51a
[spm]: ProfilerData event received.
I/flutter (14541): [SPM:perf] 698a51a  buildSpan: 3317µs
I/flutter (14541): [spm] Performance monitoring completed for 698a51a
[spm]: ProfilerData event received.
I/flutter (14541): [SPM:perf] 698a51a  buildSpan: 3383µs
I/flutter (14541): [spm] Performance monitoring completed for 698a51a
[spm]: ProfilerData event received.
I/flutter (14541): [SPM:perf] 698a51a  buildSpan: 3304µs
I/flutter (14541): [spm] Performance monitoring completed for 698a51a
[spm]: ProfilerData event received.
I/flutter (14541): [SPM:perf] 698a51a  buildSpan: 3263µs
I/flutter (14541): [spm] Performance monitoring completed for 698a51a
[spm]: ProfilerData event received.
I/flutter (14541): [SPM:perf] 698a51a  buildSpan: 3492µs
I/flutter (14541): [spm] Performance monitoring completed for 698a51a
I/flutter (14541): [SPM:perf] 698a51a  buildSpan: 3307µs
I/flutter (14541): [spm] Performance monitoring completed for 698a51a
[spm]: ProfilerData event received.
[spm]: ProfilerData event received.
I/flutter (14541): [SPM:perf] 698a51a  buildSpan: 3379µs
I/flutter (14541): [spm] Performance monitoring completed for 698a51a
[spm]: ProfilerData event received.
I/flutter (14541): [SPM:perf] 698a51a  buildSpan: 3321µs
I/flutter (14541): [spm] Performance monitoring completed for 698a51a
[spm]: ProfilerData event received.
I/flutter (14541): [SPM:perf] 698a51a  buildSpan: 3424µs
I/flutter (14541): [spm] Performance monitoring completed for 698a51a
I/flutter (14541): [SPM:perf] 698a51a  buildSpan: 3316µs
I/flutter (14541): [spm] Performance monitoring completed for 698a51a
[spm]: ProfilerData event received.
[spm]: ProfilerData event received.
I/flutter (14541): [SPM:perf] 698a51a  buildSpan: 3253µs
I/flutter (14541): [spm] Performance monitoring completed for 698a51a
[spm]: ProfilerData event received.
I/flutter (14541): [SPM:perf] 698a51a  buildSpan: 3455µs
I/flutter (14541): [spm] Performance monitoring completed for 698a51a
[spm]: ProfilerData event received.
I/flutter (14541): [SPM:perf] 698a51a  buildSpan: 3306µs
I/flutter (14541): [spm] Performance monitoring completed for 698a51a
[spm]: ProfilerData event received.
I/flutter (14541): [SPM:perf] 698a51a  buildSpan: 3368µs
I/flutter (14541): [spm] Performance monitoring completed for 698a51a
[spm]: ProfilerData event received.
I/flutter (14541): [SPM:perf] 698a51a  buildSpan: 3383µs
I/flutter (14541): [spm] Performance monitoring completed for 698a51a
[spm]: ProfilerData event received.
I/flutter (14541): [SPM:perf] 698a51a  buildSpan: 3282µs
I/flutter (14541): [spm] Performance monitoring completed for 698a51a
[spm]: ProfilerData event received.
I/flutter (14541): [SPM:perf] 698a51a  buildSpan: 3493µs
I/flutter (14541): [spm] Performance monitoring completed for 698a51a
[spm]: ProfilerData event received.
I/flutter (14541): [SPM:perf] 698a51a  buildSpan: 3306µs
I/flutter (14541): [spm] Performance monitoring completed for 698a51a
[spm]: ProfilerData event received.
I/flutter (14541): [SPM:perf] 698a51a  buildSpan: 3250µs
I/flutter (14541): [spm] Performance monitoring completed for 698a51a
[spm]: ProfilerData event received.
I/flutter (14541): [SPM:perf] 698a51a  buildSpan: 3535µs
I/flutter (14541): [spm] Performance monitoring completed for 698a51a
I/flutter (14541): [SPM:perf] 698a51a  buildSpan: 3282µs
[spm]: ProfilerData event received.
I/flutter (14541): [spm] Performance monitoring completed for 698a51a
[spm]: ProfilerData event received.
I/flutter (14541): [SPM:perf] 698a51a  buildSpan: 3398µs
I/flutter (14541): [spm] Performance monitoring completed for 698a51a
[spm]: ProfilerData event received.
I/flutter (14541): [SPM:perf] 698a51a  buildSpan: 3373µs
I/flutter (14541): [spm] Performance monitoring completed for 698a51a
[spm]: ProfilerData event received.
I/flutter (14541): [SPM:perf] 698a51a  buildSpan: 3721µs
I/flutter (14541): [spm] Performance monitoring completed for 698a51a
[spm]: ProfilerData event received.
I/flutter (14541): [SPM:perf] 698a51a  buildSpan: 3330µs
I/flutter (14541): [spm] Performance monitoring completed for 698a51a
I/flutter (14541): [SPM:perf] 698a51a  buildSpan: 3302µs
[spm]: ProfilerData event received.
I/flutter (14541): [spm] Performance monitoring completed for 698a51a
[spm]: ProfilerData event received.
I/flutter (14541): [SPM:perf] 698a51a  buildSpan: 3386µs
I/flutter (14541): [spm] Performance monitoring completed for 698a51a
I/flutter (14541): 01:10 +1: (tearDownAll)
I/flutter (14541): 01:11 +2: All tests passed!
All tests passed.
[spm]: Saved 30 profiler events to <ROOT>/dataset-new_samples/1746/redmi9t/raw/20260918-063954/rev_038_bf1b9368/e12.jsonl
[spm]: Reverting injection...
3 issues found. (ran in 0.7s)
WARNING: Your Android app project: app located at: <ROOT>/android/app/build.gradle.kts
applies the Kotlin Gradle Plugin, which will cause build failures in future versions of Flutter. 
Please migrate your app to Built-in Kotlin using this guide: https://docs.flutter.dev/release/breaking-changes/migrate-to-built-in-kotlin/for-app-developers

VMServiceFlutterDriver: Connecting to Flutter application at http://127.0.0.1:46265/osx4RUWB1g8=/
[spm]: Detected VM service URI: ws://127.0.0.1:46265/osx4RUWB1g8=/ws
VMServiceFlutterDriver: Isolate found with number: 3785678194612811
VMServiceFlutterDriver: Isolate 3785678194612811 is runnable.
VMServiceFlutterDriver: Isolate is paused at start.
VMServiceFlutterDriver: Attempting to resume isolate
VMServiceFlutterDriver: Connected to Flutter application.
VMServiceFlutterDriver: request_data message is taking a long time to complete...