# sample_id=29/base exec_index=0 ok=True perf_lines=30 vm_events=30 battery_pct=59 soc_temp_millic=46000 battery_temp_c=33.8 charging=False preflight_started=2026-08-10T20:30:49.677254+00:00 started=2026-08-10T20:30:51.992779+00:00 ts=2026-08-10T20:32:48.947353+00:00
[spm]: Running flutter analyze...
Analyzing lib...                                                

   info • Parameter 'key' could be a super parameter. Trying converting 'key' to a super parameter • lib/generated_widget.dart:6:9 • use_super_parameters

[spm]: Injecting profiler code...
[spm]: Starting app...
Running Gradle task 'assembleProfile'...                        
Running Gradle task 'assembleProfile'...                           20.9s
✓ Built build/app/outputs/flutter-apk/app-profile.apk (61.8MB)
Installing build/app/outputs/flutter-apk/app-profile.apk...      1,985ms
D/DecorView[](23315): getWindowModeFromSystem  windowmode is 1
D/DecorView[](23315): updateDecorCaptionStatus displayWindowDecor is false
W/Looper  (23315): PerfMonitor looperActivity : package=com.example.benchmark_container/.MainActivity time=336ms latency=336ms running=0ms  procState=-1  historyMsgCount=3 (msgIndex=1 wall=336ms seq=4 late=336ms h=android.app.ActivityThread$H w=159) (msgIndex=2 wall=336ms seq=4 late=336ms h=android.app.ActivityThread$H w=159) (msgIndex=3 wall=340ms seq=3 h=android.app.ActivityThread$H w=110)
W/Looper  (23315): PerfMonitor looperActivity : package=com.example.benchmark_container/.MainActivity time=1ms latency=674ms running=0ms  procState=-1  historyMsgCount=4 (msgIndex=1 wall=336ms seq=4 h=android.app.ActivityThread$H w=159) (msgIndex=2 wall=336ms seq=4 h=android.app.ActivityThread$H w=159) (msgIndex=3 wall=340ms seq=3 h=android.app.ActivityThread$H w=110) (msgIndex=4 wall=336ms seq=4 h=android.app.ActivityThread$H w=159)
D/SurfaceView(23315): UPDATE null, mIsCastMode = false
D/hw-ProcessState(23315): Binder ioctl to enable oneway spam detection failed: Invalid argument
W/Looper  (23315): PerfMonitor longMsg : seq=8 plan=23:31:27.679 late=337ms wall=1685ms running=0ms h=android.view.Choreographer$FrameHandler c=android.view.Choreographer$FrameDisplayEventReceiver procState=-1
W/Looper  (23315): PerfMonitor doFrame : time=1685ms vsyncFrame=0 latency=337ms procState=-1 historyMsgCount=4 (msgIndex=1 wall=1685ms seq=8 late=337ms h=android.view.Choreographer$FrameHandler c=android.view.Choreographer$FrameDisplayEventReceiver)
I/Choreographer(23315): Skipped 95 frames!  The application may be doing too much work on its main thread.
D/SurfaceView(23315): UPDATE Surface(name=SurfaceView[com.example.benchmark_container/com.example.benchmark_container.MainActivity])/@0x7e8b657, mIsProjectionMode = false
W/Looper  (23315): PerfMonitor doFrame : time=3ms vsyncFrame=0 latency=1594ms procState=-1 historyMsgCount=4
[spm]: Connected to Dart VM service.
I/flutter (23315): 00:00 +0: Performance Benchmark
E/hmark_containe(23315): open libmigui.so failed! dlopen - dlopen failed: library "libmigui.so" not found
D/hmark_containe(23315): MiuiProcessManagerServiceStub setSchedFifo
I/MiuiProcessManagerImpl(23315): setSchedFifo pid:23315, mode:3
D/DecorView[](23315): onWindowFocusChanged hasWindowFocus true
D/DecorView[](23315): getWindowModeFromSystem  windowmode is 1
D/DecorView[](23315): updateDecorCaptionStatus displayWindowDecor is false
D/ProfileInstaller(23315): Installing profile for com.example.benchmark_container
I/flutter (23315): setState 698a51a
[spm]: ProfilerData event received.
I/flutter (23315): [SPM:perf] 698a51a  buildSpan: 2126µs
I/flutter (23315): [spm] Performance monitoring completed for 698a51a
I/flutter (23315): setState 698a51a
[spm]: ProfilerData event received.
I/flutter (23315): [SPM:perf] 698a51a  buildSpan: 2191µs
I/flutter (23315): [spm] Performance monitoring completed for 698a51a
I/flutter (23315): setState 698a51a
[spm]: ProfilerData event received.
I/flutter (23315): [SPM:perf] 698a51a  buildSpan: 2086µs
I/flutter (23315): [spm] Performance monitoring completed for 698a51a
I/flutter (23315): setState 698a51a
[spm]: ProfilerData event received.
I/flutter (23315): [SPM:perf] 698a51a  buildSpan: 2210µs
I/flutter (23315): [spm] Performance monitoring completed for 698a51a
I/flutter (23315): setState 698a51a
[spm]: ProfilerData event received.
I/flutter (23315): [SPM:perf] 698a51a  buildSpan: 2081µs
I/flutter (23315): [spm] Performance monitoring completed for 698a51a
I/flutter (23315): setState 698a51a
[spm]: ProfilerData event received.
I/flutter (23315): [SPM:perf] 698a51a  buildSpan: 2098µs
I/flutter (23315): [spm] Performance monitoring completed for 698a51a
I/flutter (23315): setState 698a51a
[spm]: ProfilerData event received.
I/flutter (23315): [SPM:perf] 698a51a  buildSpan: 2464µs
I/flutter (23315): [spm] Performance monitoring completed for 698a51a
I/flutter (23315): setState 698a51a
[spm]: ProfilerData event received.
I/flutter (23315): [SPM:perf] 698a51a  buildSpan: 2206µs
I/flutter (23315): [spm] Performance monitoring completed for 698a51a
I/flutter (23315): setState 698a51a
[spm]: ProfilerData event received.
I/flutter (23315): [SPM:perf] 698a51a  buildSpan: 2103µs
I/flutter (23315): [spm] Performance monitoring completed for 698a51a
I/flutter (23315): setState 698a51a
[spm]: ProfilerData event received.
I/flutter (23315): [SPM:perf] 698a51a  buildSpan: 2067µs
I/flutter (23315): [spm] Performance monitoring completed for 698a51a
I/flutter (23315): setState 698a51a
[spm]: ProfilerData event received.
I/flutter (23315): [SPM:perf] 698a51a  buildSpan: 2167µs
I/flutter (23315): [spm] Performance monitoring completed for 698a51a
I/flutter (23315): setState 698a51a
[spm]: ProfilerData event received.
I/flutter (23315): [SPM:perf] 698a51a  buildSpan: 2050µs
I/flutter (23315): [spm] Performance monitoring completed for 698a51a
I/flutter (23315): setState 698a51a
[spm]: ProfilerData event received.
I/flutter (23315): [SPM:perf] 698a51a  buildSpan: 2101µs
I/flutter (23315): [spm] Performance monitoring completed for 698a51a
I/flutter (23315): setState 698a51a
[spm]: ProfilerData event received.
I/flutter (23315): [SPM:perf] 698a51a  buildSpan: 2158µs
I/flutter (23315): [spm] Performance monitoring completed for 698a51a
I/flutter (23315): setState 698a51a
[spm]: ProfilerData event received.
I/flutter (23315): [SPM:perf] 698a51a  buildSpan: 2125µs
I/flutter (23315): [spm] Performance monitoring completed for 698a51a
I/flutter (23315): setState 698a51a
I/flutter (23315): [SPM:perf] 698a51a  buildSpan: 2144µs
[spm]: ProfilerData event received.
I/flutter (23315): [spm] Performance monitoring completed for 698a51a
I/flutter (23315): setState 698a51a
I/flutter (23315): [SPM:perf] 698a51a  buildSpan: 2898µs
[spm]: ProfilerData event received.
I/flutter (23315): [spm] Performance monitoring completed for 698a51a
I/flutter (23315): setState 698a51a
[spm]: ProfilerData event received.
I/flutter (23315): [SPM:perf] 698a51a  buildSpan: 2117µs
I/flutter (23315): [spm] Performance monitoring completed for 698a51a
I/flutter (23315): setState 698a51a
[spm]: ProfilerData event received.
I/flutter (23315): [SPM:perf] 698a51a  buildSpan: 2095µs
I/flutter (23315): [spm] Performance monitoring completed for 698a51a
I/flutter (23315): setState 698a51a
[spm]: ProfilerData event received.
I/flutter (23315): [SPM:perf] 698a51a  buildSpan: 2118µs
I/flutter (23315): [spm] Performance monitoring completed for 698a51a
I/flutter (23315): setState 698a51a
[spm]: ProfilerData event received.
I/flutter (23315): [SPM:perf] 698a51a  buildSpan: 2332µs
I/flutter (23315): [spm] Performance monitoring completed for 698a51a
I/flutter (23315): setState 698a51a
[spm]: ProfilerData event received.
I/flutter (23315): [SPM:perf] 698a51a  buildSpan: 2088µs
I/flutter (23315): [spm] Performance monitoring completed for 698a51a
I/flutter (23315): setState 698a51a
[spm]: ProfilerData event received.
I/flutter (23315): [SPM:perf] 698a51a  buildSpan: 3485µs
I/flutter (23315): [spm] Performance monitoring completed for 698a51a
I/flutter (23315): setState 698a51a
[spm]: ProfilerData event received.
I/flutter (23315): [SPM:perf] 698a51a  buildSpan: 2281µs
I/flutter (23315): [spm] Performance monitoring completed for 698a51a
I/flutter (23315): setState 698a51a
[spm]: ProfilerData event received.
I/flutter (23315): [SPM:perf] 698a51a  buildSpan: 3361µs
I/flutter (23315): [spm] Performance monitoring completed for 698a51a
I/flutter (23315): setState 698a51a
[spm]: ProfilerData event received.
I/flutter (23315): [SPM:perf] 698a51a  buildSpan: 2378µs
I/flutter (23315): [spm] Performance monitoring completed for 698a51a
I/flutter (23315): setState 698a51a
[spm]: ProfilerData event received.
I/flutter (23315): [SPM:perf] 698a51a  buildSpan: 2058µs
I/flutter (23315): [spm] Performance monitoring completed for 698a51a
I/flutter (23315): setState 698a51a
[spm]: ProfilerData event received.
I/flutter (23315): [SPM:perf] 698a51a  buildSpan: 2541µs
I/flutter (23315): [spm] Performance monitoring completed for 698a51a
I/flutter (23315): setState 698a51a
[spm]: ProfilerData event received.
I/flutter (23315): [SPM:perf] 698a51a  buildSpan: 2112µs
I/flutter (23315): [spm] Performance monitoring completed for 698a51a
I/flutter (23315): setState 698a51a
I/flutter (23315): [SPM:perf] 698a51a  buildSpan: 2082µs
[spm]: ProfilerData event received.
I/flutter (23315): [spm] Performance monitoring completed for 698a51a
I/flutter (23315): 01:10 +1: (tearDownAll)
I/flutter (23315): 01:11 +2: All tests passed!
All tests passed.
[spm]: Saved 30 profiler events to <ROOT>/dataset/29/redmi9t/raw/20260810-200521/base/e0.jsonl
[spm]: Reverting injection...
1 issue found. (ran in 0.6s)
WARNING: Your Android app project: app located at: <ROOT>/android/app/build.gradle.kts
applies the Kotlin Gradle Plugin, which will cause build failures in future versions of Flutter. 
Please migrate your app to Built-in Kotlin using this guide: https://docs.flutter.dev/release/breaking-changes/migrate-to-built-in-kotlin/for-app-developers

VMServiceFlutterDriver: Connecting to Flutter application at http://127.0.0.1:42989/pCbZSIRlwQQ=/
[spm]: Detected VM service URI: ws://127.0.0.1:42989/pCbZSIRlwQQ=/ws
VMServiceFlutterDriver: Isolate found with number: 6771235115453083
VMServiceFlutterDriver: Isolate 6771235115453083 is runnable.
VMServiceFlutterDriver: Isolate is paused at start.
VMServiceFlutterDriver: Attempting to resume isolate
VMServiceFlutterDriver: Connected to Flutter application.