# sample_id=29/base exec_index=10 ok=True perf_lines=30 vm_events=30 battery_pct=65 soc_temp_millic=46300 battery_temp_c=34.3 charging=False preflight_started=2026-08-10T19:44:25.215113+00:00 started=2026-08-10T19:44:27.515832+00:00 ts=2026-08-10T19:46:25.071855+00:00
[spm]: Running flutter analyze...
Analyzing lib...                                                

   info • Parameter 'key' could be a super parameter. Trying converting 'key' to a super parameter • lib/generated_widget.dart:6:9 • use_super_parameters

[spm]: Injecting profiler code...
[spm]: Starting app...
Running Gradle task 'assembleProfile'...                        
Running Gradle task 'assembleProfile'...                           21.0s
✓ Built build/app/outputs/flutter-apk/app-profile.apk (61.8MB)
Installing build/app/outputs/flutter-apk/app-profile.apk...      1,972ms
D/MiuiMultiWindowUtils( 6356): freeform resolution args raw data:{  "zizhan":{    "freeform_args": {      "inner":{        "vertical_portrait":{"aspect_ratio":0.626, "original_ratio":0.5643,"original_scale":0.74,"top_margin":0.168,"left_margin":0.484},        "horizontal_portrait":{"aspect_ratio":0.626, "original_ratio":0.5643,"original_scale":0.74,"top_margin":0.1222,"left_margin":0.59745},        "vertical_landscape":{"aspect_ratio":1.6, "original_ratio":1,"original_scale":0.604,"top_margin":0.2596,"left_margin":0.2624},        "horizontal_landscape":{"aspect_ratio":1.6, "original_ratio":1,"original_scale":0.604,"top_margin":0.213,"left_margin":0.3758}      },      "outer":{        "vertical_portrait":{"aspect_ratio":0.626, "original_ratio":1,"original_scale":0.74,"top_margin":0.0753,"left_margin":-1},        "horizontal_portrait":{"aspect_ratio":0.626, "original_ratio":1,"original_scale":0.5756,"top_margin":-1,"left_margin":0.0753},        "vertical_landscape":{"aspect_ratio":1.6, "original_ratio":0.6847,"original_scale":0.587,"top_margin":0.0753,"left_margin":-1},        "horizontal_landscape":{"aspect_ratio":1.6, "original_ratio":0.6847,"original_scale":0.587,"top_margin":-1,"left_margin":0.0753}}    },    "mini_freeform_args":{      "inner":{        "vertical_portrait":{"aspect_ratio":0.626, "original_ratio":0.147},        "horizontal_portrait":{"aspect_ratio":0.626, "original_ratio":0.147},        "vertical_landscape":{"aspect_ratio":1.6, "original_ratio":0.165},        "horizontal_landscape":{"aspect_ratio":1.6, "original_ratio":0.165}      },      "outer":{        "vertical_portrait":{"aspect_ratio":0.626, "original_ratio":0.26},        "horizontal_portrait":{"aspect_ratio":0.626, "original_ratio":0.26},        "vertical_landscape":{"aspect_ratio":1.6, "original_ratio":0.293},        "horizontal_landscape":{"aspect_ratio":1.6, "original_ratio":0.293}}    }  },  "wide_default":{    "freeform_args": {        "vertical_portrait":{"aspect_ratio":0.625, "original_ratio":0.5806,"original_scale":0.7574,"top_margin":0.125,"left_margin":0.392},        "horizontal_portrait":{"aspect_ratio":0.625, "original_ratio":0.5806,"original_scale":0.7574,"top_margin":-1,"left_margin":0.6415},        "vertical_landscape":{"aspect_ratio":1.6, "original_ratio":1,"original_scale":0.5153,"top_margin":0.125,"left_margin":0.206},        "horizontal_landscape":{"aspect_ratio":1.6, "original_ratio":1,"original_scale":0.5153,"top_margin":-1,"left_margin":0.456}    },    "mini_freeform_args":{        "vertical_portrait":{"aspect_ratio":0.5625, "original_ratio":0.144},        "horizontal_portrait":{"aspect_ratio":0.5625, "original_ratio":0.144},        "vertical_landscape":{"aspect_ratio":-1, "original_ratio":0.144},        "horizontal_landscape":{"aspect_ratio":-1, "original_ratio":0.144}    }  },  "narrow_default": {    "freeform_args": {        "vertical_portrait":{"aspect_ratio":0.5625, "original_ratio":1,"original_scale":0.7182,"top_margin":0.142,"left_margin":-1},        "horizontal_portrait":{"aspect_ratio":0.8, "original_ratio":1,"original_scale":0.7182,"top_margin":-1,"left_margin":0.05},        "vertical_landscape":{"aspect_ratio":1.6, "original_ratio":0.6545,"original_scale":0.4473,"top_margin":0.142,"left_margin":-1},        "horizontal_landscape":{"aspect_ratio":1.6, "original_ratio":0.6545,"original_scale":0.4473,"top_margin":-1,"left_margin":0.05}    },    "mini_freeform_args":{        "vertical_portrait":{"aspect_ratio":0.5625, "original_ratio":0.3},        "horizontal_portrait":{"aspect_ratio":0.5625, "original_ratio":0.3},        "vertical_landscape":{"aspect_ratio":1.7778, "original_ratio":0.3},        "horizontal_landscape":{"aspect_ratio":1.7778, "original_ratio":0.3}    }  },  "regular_default": {    "freeform_args": {      "vertical_portrait":{"aspect_ratio":0.625, "original_ratio":1,"original_scale":0.7,"top_margin":0.109,"left_margin":-1},      "horizontal_portrait":{"aspect_ratio":0.6667, "original_ratio":1,"original_scale":0.6102,"top_margin":-1,"left_margin":0.026},      "vertical_landscape":{"asp
E/MiuiMultiWindowUtils( 6356): initFreeFormResolutionArgs failed, device is lime
D/IS_CTS_MODE( 6356): true
D/MULTI_WINDOW_SWITCH_ENABLED( 6356): false
D/IS_CTS_MODE( 6356): true
D/MULTI_WINDOW_SWITCH_ENABLED( 6356): false
D/IS_CTS_MODE( 6356): true
D/MULTI_WINDOW_SWITCH_ENABLED( 6356): false
D/DecorView[]( 6356): getWindowModeFromSystem  windowmode is 1
D/DecorView[]( 6356): getWindowModeFromSystem  windowmode is 1
D/DecorView[]( 6356): updateDecorCaptionStatus displayWindowDecor is false
W/Looper  ( 6356): PerfMonitor looperActivity : package=com.example.benchmark_container/.MainActivity time=505ms latency=418ms running=0ms  procState=-1  historyMsgCount=3 (msgIndex=3 wall=407ms seq=3 h=android.app.ActivityThread$H w=110)
W/Looper  ( 6356): PerfMonitor looperActivity : package=com.example.benchmark_container/.MainActivity time=0ms latency=917ms running=0ms  procState=-1  historyMsgCount=3 (msgIndex=2 wall=407ms seq=3 h=android.app.ActivityThread$H w=110) (msgIndex=3 wall=505ms seq=4 late=418ms h=android.app.ActivityThread$H w=159)
I/Choreographer( 6356): Skipped 31 frames!  The application may be doing too much work on its main thread.
D/SurfaceView( 6356): UPDATE null, mIsCastMode = false
D/hw-ProcessState( 6356): Binder ioctl to enable oneway spam detection failed: Invalid argument
W/Looper  ( 6356): PerfMonitor longMsg : seq=8 plan=22:45:03.189 late=525ms wall=1699ms running=0ms h=android.view.Choreographer$FrameHandler c=android.view.Choreographer$FrameDisplayEventReceiver procState=-1
W/Looper  ( 6356): PerfMonitor doFrame : time=1699ms vsyncFrame=0 latency=525ms procState=-1 historyMsgCount=6 (msgIndex=2 wall=1699ms seq=8 late=525ms h=android.view.Choreographer$FrameHandler c=android.view.Choreographer$FrameDisplayEventReceiver) (msgIndex=3 wall=505ms seq=4 h=android.app.ActivityThread$H w=159)
I/Choreographer( 6356): Skipped 96 frames!  The application may be doing too much work on its main thread.
D/SurfaceView( 6356): UPDATE Surface(name=SurfaceView[com.example.benchmark_container/com.example.benchmark_container.MainActivity])/@0x7e8b657, mIsProjectionMode = false
W/Looper  ( 6356): PerfMonitor doFrame : time=3ms vsyncFrame=0 latency=1601ms procState=-1 historyMsgCount=4
[spm]: Connected to Dart VM service.
I/flutter ( 6356): 00:00 +0: Performance Benchmark
E/hmark_containe( 6356): open libmigui.so failed! dlopen - dlopen failed: library "libmigui.so" not found
D/hmark_containe( 6356): MiuiProcessManagerServiceStub setSchedFifo
I/MiuiProcessManagerImpl( 6356): setSchedFifo pid:6356, mode:3
D/DecorView[]( 6356): onWindowFocusChanged hasWindowFocus true
D/DecorView[]( 6356): getWindowModeFromSystem  windowmode is 1
D/DecorView[]( 6356): updateDecorCaptionStatus displayWindowDecor is false
D/ProfileInstaller( 6356): Installing profile for com.example.benchmark_container
I/flutter ( 6356): setState 698a51a
[spm]: ProfilerData event received.
I/flutter ( 6356): [SPM:perf] 698a51a  buildSpan: 3692µs
I/flutter ( 6356): [spm] Performance monitoring completed for 698a51a
I/flutter ( 6356): setState 698a51a
[spm]: ProfilerData event received.
I/flutter ( 6356): [SPM:perf] 698a51a  buildSpan: 2073µs
I/flutter ( 6356): [spm] Performance monitoring completed for 698a51a
I/flutter ( 6356): setState 698a51a
[spm]: ProfilerData event received.
I/flutter ( 6356): [SPM:perf] 698a51a  buildSpan: 2201µs
I/flutter ( 6356): [spm] Performance monitoring completed for 698a51a
I/flutter ( 6356): setState 698a51a
[spm]: ProfilerData event received.
I/flutter ( 6356): [SPM:perf] 698a51a  buildSpan: 2085µs
I/flutter ( 6356): [spm] Performance monitoring completed for 698a51a
I/flutter ( 6356): setState 698a51a
[spm]: ProfilerData event received.
I/flutter ( 6356): [SPM:perf] 698a51a  buildSpan: 2450µs
I/flutter ( 6356): [spm] Performance monitoring completed for 698a51a
I/flutter ( 6356): setState 698a51a
[spm]: ProfilerData event received.
I/flutter ( 6356): [SPM:perf] 698a51a  buildSpan: 2203µs
I/flutter ( 6356): [spm] Performance monitoring completed for 698a51a
I/flutter ( 6356): setState 698a51a
[spm]: ProfilerData event received.
I/flutter ( 6356): [SPM:perf] 698a51a  buildSpan: 2088µs
I/flutter ( 6356): [spm] Performance monitoring completed for 698a51a
I/flutter ( 6356): setState 698a51a
[spm]: ProfilerData event received.
I/flutter ( 6356): [SPM:perf] 698a51a  buildSpan: 2067µs
I/flutter ( 6356): [spm] Performance monitoring completed for 698a51a
I/flutter ( 6356): setState 698a51a
[spm]: ProfilerData event received.
I/flutter ( 6356): [SPM:perf] 698a51a  buildSpan: 2198µs
I/flutter ( 6356): [spm] Performance monitoring completed for 698a51a
I/flutter ( 6356): setState 698a51a
[spm]: ProfilerData event received.
I/flutter ( 6356): [SPM:perf] 698a51a  buildSpan: 2645µs
I/flutter ( 6356): [spm] Performance monitoring completed for 698a51a
I/flutter ( 6356): setState 698a51a
[spm]: ProfilerData event received.
I/flutter ( 6356): [SPM:perf] 698a51a  buildSpan: 2057µs
I/flutter ( 6356): [spm] Performance monitoring completed for 698a51a
I/flutter ( 6356): setState 698a51a
[spm]: ProfilerData event received.
I/flutter ( 6356): [SPM:perf] 698a51a  buildSpan: 2136µs
I/flutter ( 6356): [spm] Performance monitoring completed for 698a51a
I/flutter ( 6356): setState 698a51a
[spm]: ProfilerData event received.
I/flutter ( 6356): [SPM:perf] 698a51a  buildSpan: 2158µs
I/flutter ( 6356): [spm] Performance monitoring completed for 698a51a
I/flutter ( 6356): setState 698a51a
[spm]: ProfilerData event received.
I/flutter ( 6356): [SPM:perf] 698a51a  buildSpan: 2093µs
I/flutter ( 6356): [spm] Performance monitoring completed for 698a51a
I/flutter ( 6356): setState 698a51a
[spm]: ProfilerData event received.
I/flutter ( 6356): [SPM:perf] 698a51a  buildSpan: 2109µs
I/flutter ( 6356): [spm] Performance monitoring completed for 698a51a
I/flutter ( 6356): setState 698a51a
[spm]: ProfilerData event received.
I/flutter ( 6356): [SPM:perf] 698a51a  buildSpan: 2100µs
I/flutter ( 6356): [spm] Performance monitoring completed for 698a51a
I/flutter ( 6356): setState 698a51a
[spm]: ProfilerData event received.
I/flutter ( 6356): [SPM:perf] 698a51a  buildSpan: 2092µs
I/flutter ( 6356): [spm] Performance monitoring completed for 698a51a
I/flutter ( 6356): setState 698a51a
[spm]: ProfilerData event received.
I/flutter ( 6356): [SPM:perf] 698a51a  buildSpan: 2083µs
I/flutter ( 6356): [spm] Performance monitoring completed for 698a51a
I/flutter ( 6356): setState 698a51a
[spm]: ProfilerData event received.
I/flutter ( 6356): [SPM:perf] 698a51a  buildSpan: 2148µs
I/flutter ( 6356): [spm] Performance monitoring completed for 698a51a
I/flutter ( 6356): setState 698a51a
[spm]: ProfilerData event received.
I/flutter ( 6356): [SPM:perf] 698a51a  buildSpan: 2172µs
I/flutter ( 6356): [spm] Performance monitoring completed for 698a51a
I/flutter ( 6356): setState 698a51a
[spm]: ProfilerData event received.
I/flutter ( 6356): [SPM:perf] 698a51a  buildSpan: 2097µs
I/flutter ( 6356): [spm] Performance monitoring completed for 698a51a
I/flutter ( 6356): setState 698a51a
[spm]: ProfilerData event received.
I/flutter ( 6356): [SPM:perf] 698a51a  buildSpan: 2059µs
I/flutter ( 6356): [spm] Performance monitoring completed for 698a51a
I/flutter ( 6356): setState 698a51a
[spm]: ProfilerData event received.
I/flutter ( 6356): [SPM:perf] 698a51a  buildSpan: 2199µs
I/flutter ( 6356): [spm] Performance monitoring completed for 698a51a
I/flutter ( 6356): setState 698a51a
[spm]: ProfilerData event received.
I/flutter ( 6356): [SPM:perf] 698a51a  buildSpan: 2138µs
I/flutter ( 6356): [spm] Performance monitoring completed for 698a51a
I/flutter ( 6356): setState 698a51a
[spm]: ProfilerData event received.
I/flutter ( 6356): [SPM:perf] 698a51a  buildSpan: 2104µs
I/flutter ( 6356): [spm] Performance monitoring completed for 698a51a
I/flutter ( 6356): setState 698a51a
I/flutter ( 6356): [SPM:perf] 698a51a  buildSpan: 2074µs
I/flutter ( 6356): [spm] Performance monitoring completed for 698a51a
I/flutter ( 6356): setState 698a51a
[spm]: ProfilerData event received.
[spm]: ProfilerData event received.
I/flutter ( 6356): [SPM:perf] 698a51a  buildSpan: 2355µs
I/flutter ( 6356): [spm] Performance monitoring completed for 698a51a
I/flutter ( 6356): setState 698a51a
[spm]: ProfilerData event received.
I/flutter ( 6356): [SPM:perf] 698a51a  buildSpan: 2047µs
I/flutter ( 6356): [spm] Performance monitoring completed for 698a51a
I/flutter ( 6356): setState 698a51a
[spm]: ProfilerData event received.
I/flutter ( 6356): [SPM:perf] 698a51a  buildSpan: 2183µs
I/flutter ( 6356): [spm] Performance monitoring completed for 698a51a
I/flutter ( 6356): setState 698a51a
[spm]: ProfilerData event received.
I/flutter ( 6356): [SPM:perf] 698a51a  buildSpan: 2069µs
I/flutter ( 6356): [spm] Performance monitoring completed for 698a51a
I/flutter ( 6356): 01:10 +1: (tearDownAll)
I/flutter ( 6356): 01:11 +2: All tests passed!
All tests passed.
[spm]: Saved 30 profiler events to <ROOT>/dataset/29/redmi9t/raw/20260810-200521/base/e10.jsonl
[spm]: Reverting injection...
1 issue found. (ran in 0.5s)
WARNING: Your Android app project: app located at: <ROOT>/android/app/build.gradle.kts
applies the Kotlin Gradle Plugin, which will cause build failures in future versions of Flutter. 
Please migrate your app to Built-in Kotlin using this guide: https://docs.flutter.dev/release/breaking-changes/migrate-to-built-in-kotlin/for-app-developers

VMServiceFlutterDriver: Connecting to Flutter application at http://127.0.0.1:35399/RSAWorRQO9A=/
[spm]: Detected VM service URI: ws://127.0.0.1:35399/RSAWorRQO9A=/ws
VMServiceFlutterDriver: Isolate found with number: 2204196295803011
VMServiceFlutterDriver: Isolate 2204196295803011 is runnable.
VMServiceFlutterDriver: Isolate is paused at start.
VMServiceFlutterDriver: Attempting to resume isolate
VMServiceFlutterDriver: Connected to Flutter application.