# sample_id=29/base exec_index=6 ok=True perf_lines=30 vm_events=30 battery_pct=52 soc_temp_millic=45100 battery_temp_c=33.1 charging=False preflight_started=2026-08-10T21:26:09.304505+00:00 started=2026-08-10T21:26:11.608449+00:00 ts=2026-08-10T21:28:10.299023+00:00
[spm]: Running flutter analyze...
Analyzing lib...                                                

   info • Parameter 'key' could be a super parameter. Trying converting 'key' to a super parameter • lib/generated_widget.dart:6:9 • use_super_parameters

[spm]: Injecting profiler code...
[spm]: Starting app...
Running Gradle task 'assembleProfile'...                        
Running Gradle task 'assembleProfile'...                           21.9s
✓ Built build/app/outputs/flutter-apk/app-profile.apk (61.8MB)
Installing build/app/outputs/flutter-apk/app-profile.apk...      1,979ms
D/DecorView[](12057): getWindowModeFromSystem  windowmode is 1
D/DecorView[](12057): updateDecorCaptionStatus displayWindowDecor is false
W/Looper  (12057): PerfMonitor looperActivity : package=com.example.benchmark_container/.MainActivity time=335ms latency=341ms running=0ms  procState=-1  historyMsgCount=3 (msgIndex=3 wall=334ms seq=3 h=android.app.ActivityThread$H w=110)
W/Looper  (12057): PerfMonitor looperActivity : package=com.example.benchmark_container/.MainActivity time=0ms latency=666ms running=0ms  procState=-1  historyMsgCount=3 (msgIndex=2 wall=334ms seq=3 h=android.app.ActivityThread$H w=110) (msgIndex=3 wall=335ms seq=4 late=341ms h=android.app.ActivityThread$H w=159)
D/SurfaceView(12057): UPDATE null, mIsCastMode = false
D/hw-ProcessState(12057): Binder ioctl to enable oneway spam detection failed: Invalid argument
W/Looper  (12057): PerfMonitor longMsg : seq=8 plan=00:26:48.715 late=341ms wall=1673ms running=0ms h=android.view.Choreographer$FrameHandler c=android.view.Choreographer$FrameDisplayEventReceiver procState=-1
W/Looper  (12057): PerfMonitor doFrame : time=1673ms vsyncFrame=0 latency=341ms procState=-1 historyMsgCount=7 (msgIndex=3 wall=1673ms seq=8 late=341ms h=android.view.Choreographer$FrameHandler c=android.view.Choreographer$FrameDisplayEventReceiver) (msgIndex=4 wall=335ms seq=4 h=android.app.ActivityThread$H w=159)
I/Choreographer(12057): Skipped 95 frames!  The application may be doing too much work on its main thread.
D/SurfaceView(12057): UPDATE Surface(name=SurfaceView[com.example.benchmark_container/com.example.benchmark_container.MainActivity])/@0x7e8b657, mIsProjectionMode = false
W/Looper  (12057): PerfMonitor doFrame : time=2ms vsyncFrame=0 latency=1589ms procState=-1 historyMsgCount=4
[spm]: Connected to Dart VM service.
I/flutter (12057): 00:00 +0: Performance Benchmark
E/hmark_containe(12057): open libmigui.so failed! dlopen - dlopen failed: library "libmigui.so" not found
D/hmark_containe(12057): MiuiProcessManagerServiceStub setSchedFifo
I/MiuiProcessManagerImpl(12057): setSchedFifo pid:12057, mode:3
D/DecorView[](12057): onWindowFocusChanged hasWindowFocus true
D/DecorView[](12057): getWindowModeFromSystem  windowmode is 1
D/DecorView[](12057): updateDecorCaptionStatus displayWindowDecor is false
D/ProfileInstaller(12057): Installing profile for com.example.benchmark_container
I/flutter (12057): setState 698a51a
[spm]: ProfilerData event received.
I/flutter (12057): [SPM:perf] 698a51a  buildSpan: 2395µs
I/flutter (12057): [spm] Performance monitoring completed for 698a51a
I/flutter (12057): setState 698a51a
[spm]: ProfilerData event received.
I/flutter (12057): [SPM:perf] 698a51a  buildSpan: 2214µs
I/flutter (12057): [spm] Performance monitoring completed for 698a51a
I/flutter (12057): setState 698a51a
[spm]: ProfilerData event received.
I/flutter (12057): [SPM:perf] 698a51a  buildSpan: 2152µs
I/flutter (12057): [spm] Performance monitoring completed for 698a51a
I/flutter (12057): setState 698a51a
[spm]: ProfilerData event received.
I/flutter (12057): [SPM:perf] 698a51a  buildSpan: 2103µs
I/flutter (12057): [spm] Performance monitoring completed for 698a51a
I/flutter (12057): setState 698a51a
[spm]: ProfilerData event received.
I/flutter (12057): [SPM:perf] 698a51a  buildSpan: 2093µs
I/flutter (12057): [spm] Performance monitoring completed for 698a51a
I/flutter (12057): setState 698a51a
[spm]: ProfilerData event received.
I/flutter (12057): [SPM:perf] 698a51a  buildSpan: 3076µs
I/flutter (12057): [spm] Performance monitoring completed for 698a51a
I/flutter (12057): setState 698a51a
[spm]: ProfilerData event received.
I/flutter (12057): [SPM:perf] 698a51a  buildSpan: 2119µs
I/flutter (12057): [spm] Performance monitoring completed for 698a51a
I/flutter (12057): setState 698a51a
[spm]: ProfilerData event received.
I/flutter (12057): [SPM:perf] 698a51a  buildSpan: 2104µs
I/flutter (12057): [spm] Performance monitoring completed for 698a51a
I/flutter (12057): setState 698a51a
I/flutter (12057): [SPM:perf] 698a51a  buildSpan: 2153µs
I/flutter (12057): [spm] Performance monitoring completed for 698a51a
I/flutter (12057): setState 698a51a
[spm]: ProfilerData event received.
[spm]: ProfilerData event received.
I/flutter (12057): [SPM:perf] 698a51a  buildSpan: 2160µs
I/flutter (12057): [spm] Performance monitoring completed for 698a51a
I/flutter (12057): setState 698a51a
[spm]: ProfilerData event received.
I/flutter (12057): [SPM:perf] 698a51a  buildSpan: 2195µs
I/flutter (12057): [spm] Performance monitoring completed for 698a51a
I/flutter (12057): setState 698a51a
[spm]: ProfilerData event received.
I/flutter (12057): [SPM:perf] 698a51a  buildSpan: 2323µs
I/flutter (12057): [spm] Performance monitoring completed for 698a51a
I/flutter (12057): setState 698a51a
[spm]: ProfilerData event received.
I/flutter (12057): [SPM:perf] 698a51a  buildSpan: 2361µs
I/flutter (12057): [spm] Performance monitoring completed for 698a51a
I/flutter (12057): setState 698a51a
[spm]: ProfilerData event received.
I/flutter (12057): [SPM:perf] 698a51a  buildSpan: 3574µs
I/flutter (12057): [spm] Performance monitoring completed for 698a51a
I/flutter (12057): setState 698a51a
[spm]: ProfilerData event received.
I/flutter (12057): [SPM:perf] 698a51a  buildSpan: 2799µs
I/flutter (12057): [spm] Performance monitoring completed for 698a51a
I/flutter (12057): setState 698a51a
[spm]: ProfilerData event received.
I/flutter (12057): [SPM:perf] 698a51a  buildSpan: 2147µs
I/flutter (12057): [spm] Performance monitoring completed for 698a51a
I/flutter (12057): setState 698a51a
[spm]: ProfilerData event received.
I/flutter (12057): [SPM:perf] 698a51a  buildSpan: 2079µs
I/flutter (12057): [spm] Performance monitoring completed for 698a51a
I/flutter (12057): setState 698a51a
[spm]: ProfilerData event received.
I/flutter (12057): [SPM:perf] 698a51a  buildSpan: 2106µs
I/flutter (12057): [spm] Performance monitoring completed for 698a51a
I/flutter (12057): setState 698a51a
[spm]: ProfilerData event received.
I/flutter (12057): [SPM:perf] 698a51a  buildSpan: 2433µs
I/flutter (12057): [spm] Performance monitoring completed for 698a51a
I/flutter (12057): setState 698a51a
[spm]: ProfilerData event received.
I/flutter (12057): [SPM:perf] 698a51a  buildSpan: 2206µs
I/flutter (12057): [spm] Performance monitoring completed for 698a51a
I/flutter (12057): setState 698a51a
[spm]: ProfilerData event received.
I/flutter (12057): [SPM:perf] 698a51a  buildSpan: 2134µs
I/flutter (12057): [spm] Performance monitoring completed for 698a51a
I/flutter (12057): setState 698a51a
[spm]: ProfilerData event received.
I/flutter (12057): [SPM:perf] 698a51a  buildSpan: 2098µs
I/flutter (12057): [spm] Performance monitoring completed for 698a51a
I/flutter (12057): setState 698a51a
[spm]: ProfilerData event received.
I/flutter (12057): [SPM:perf] 698a51a  buildSpan: 2238µs
I/flutter (12057): [spm] Performance monitoring completed for 698a51a
I/flutter (12057): setState 698a51a
[spm]: ProfilerData event received.
I/flutter (12057): [SPM:perf] 698a51a  buildSpan: 2518µs
I/flutter (12057): [spm] Performance monitoring completed for 698a51a
I/flutter (12057): setState 698a51a
[spm]: ProfilerData event received.
I/flutter (12057): [SPM:perf] 698a51a  buildSpan: 2092µs
I/flutter (12057): [spm] Performance monitoring completed for 698a51a
I/flutter (12057): setState 698a51a
[spm]: ProfilerData event received.
I/flutter (12057): [SPM:perf] 698a51a  buildSpan: 2056µs
I/flutter (12057): [spm] Performance monitoring completed for 698a51a
I/flutter (12057): setState 698a51a
[spm]: ProfilerData event received.
I/flutter (12057): [SPM:perf] 698a51a  buildSpan: 2211µs
I/flutter (12057): [spm] Performance monitoring completed for 698a51a
I/flutter (12057): setState 698a51a
[spm]: ProfilerData event received.
I/flutter (12057): [SPM:perf] 698a51a  buildSpan: 2076µs
I/flutter (12057): [spm] Performance monitoring completed for 698a51a
I/flutter (12057): setState 698a51a
[spm]: ProfilerData event received.
I/flutter (12057): [SPM:perf] 698a51a  buildSpan: 2074µs
I/flutter (12057): [spm] Performance monitoring completed for 698a51a
I/flutter (12057): setState 698a51a
[spm]: ProfilerData event received.
I/flutter (12057): [SPM:perf] 698a51a  buildSpan: 2102µs
I/flutter (12057): [spm] Performance monitoring completed for 698a51a
I/flutter (12057): 01:10 +1: (tearDownAll)
I/flutter (12057): 01:11 +2: All tests passed!
All tests passed.
[spm]: Saved 30 profiler events to <ROOT>/dataset/29/redmi9t/raw/20260810-200521/base/e6.jsonl
[spm]: Reverting injection...
1 issue found. (ran in 0.6s)
WARNING: Your Android app project: app located at: <ROOT>/android/app/build.gradle.kts
applies the Kotlin Gradle Plugin, which will cause build failures in future versions of Flutter. 
Please migrate your app to Built-in Kotlin using this guide: https://docs.flutter.dev/release/breaking-changes/migrate-to-built-in-kotlin/for-app-developers

VMServiceFlutterDriver: Connecting to Flutter application at http://127.0.0.1:46235/TFHBw17vswU=/
[spm]: Detected VM service URI: ws://127.0.0.1:46235/TFHBw17vswU=/ws
VMServiceFlutterDriver: Isolate found with number: 6775189002321483
VMServiceFlutterDriver: Isolate 6775189002321483 is runnable.
VMServiceFlutterDriver: Isolate is paused at start.
VMServiceFlutterDriver: Attempting to resume isolate
VMServiceFlutterDriver: Connected to Flutter application.