# sample_id=0531/rev_002_85b46635 exec_index=10 ok=True perf_lines=30 vm_events=30 battery_pct=67 soc_temp_millic=43900 battery_temp_c=32.1 charging=False preflight_started=2026-09-11T03:11:10.588725+00:00 started=2026-09-11T03:11:13.274998+00:00 ts=2026-09-11T03:13:17.557273+00:00
[spm]: Running flutter analyze...
Analyzing lib...                                                

   info • The part-of directive uses a library name. Try converting the directive to use the URI of the library • lib/dependencies.dart:46:1 • use_string_in_part_of_directives
   info • Constructors in '@immutable' classes should be declared as 'const'. Try adding 'const' to the constructor declaration • lib/dependencies.dart:128:3 • prefer_const_constructors_in_immutables
   info • Library names are not necessary. Remove the library name • lib/generated_widget.dart:2:9 • unnecessary_library_name
   info • Constructors in '@immutable' classes should be declared as 'const'. Try adding 'const' to the constructor declaration • lib/generated_widget.dart:11:3 • prefer_const_constructors_in_immutables
   info • The 'child' argument should be last in widget constructor invocations. Try moving the argument to the end of the argument list • lib/generated_widget.dart:33:15 • sort_child_properties_last
   info • Unnecessary use of multiple underscores. Try using '_' • lib/generated_widget.dart:37:44 • unnecessary_underscores

[spm]: Injecting profiler code...
[spm]: Starting app...
Running Gradle task 'assembleProfile'...                        
Running Gradle task 'assembleProfile'...                           20.5s
✓ Built build/app/outputs/flutter-apk/app-profile.apk (26.8MB)
Installing build/app/outputs/flutter-apk/app-profile.apk...      1,343ms
D/DecorView[](14804): getWindowModeFromSystem  windowmode is 1
D/DecorView[](14804): getWindowModeFromSystem  windowmode is 1
D/DecorView[](14804): updateDecorCaptionStatus displayWindowDecor is false
W/Looper  (14804): PerfMonitor looperActivity : package=com.example.benchmark_container/.MainActivity time=339ms latency=364ms running=0ms  procState=-1  historyMsgCount=3 (msgIndex=3 wall=358ms seq=3 h=android.app.ActivityThread$H w=110)
W/Looper  (14804): PerfMonitor looperActivity : package=com.example.benchmark_container/.MainActivity time=0ms latency=705ms running=0ms  procState=-1  historyMsgCount=4 (msgIndex=3 wall=358ms seq=3 h=android.app.ActivityThread$H w=110) (msgIndex=4 wall=339ms seq=4 late=364ms h=android.app.ActivityThread$H w=159)
D/SurfaceView(14804): UPDATE null, mIsCastMode = false
D/hw-ProcessState(14804): Binder ioctl to enable oneway spam detection failed: Invalid argument
W/Looper  (14804): PerfMonitor longMsg : seq=8 plan=06:11:50.677 late=351ms wall=1679ms running=0ms h=android.view.Choreographer$FrameHandler c=android.view.Choreographer$FrameDisplayEventReceiver procState=-1
W/Looper  (14804): PerfMonitor doFrame : time=1679ms vsyncFrame=0 latency=351ms procState=-1 historyMsgCount=7 (msgIndex=3 wall=1679ms seq=8 late=351ms h=android.view.Choreographer$FrameHandler c=android.view.Choreographer$FrameDisplayEventReceiver) (msgIndex=4 wall=339ms seq=4 h=android.app.ActivityThread$H w=159)
I/Choreographer(14804): Skipped 95 frames!  The application may be doing too much work on its main thread.
D/SurfaceView(14804): UPDATE Surface(name=SurfaceView[com.example.benchmark_container/com.example.benchmark_container.MainActivity])/@0x739554a, mIsProjectionMode = false
W/Looper  (14804): PerfMonitor doFrame : time=2ms vsyncFrame=0 latency=1587ms procState=-1 historyMsgCount=4
[spm]: Connected to Dart VM service.
I/flutter (14804): 00:00 +0: Performance Benchmark
E/hmark_containe(14804): open libmigui.so failed! dlopen - dlopen failed: library "libmigui.so" not found
D/hmark_containe(14804): MiuiProcessManagerServiceStub setSchedFifo
I/MiuiProcessManagerImpl(14804): setSchedFifo pid:14804, mode:3
D/DecorView[](14804): onWindowFocusChanged hasWindowFocus true
D/DecorView[](14804): getWindowModeFromSystem  windowmode is 1
D/DecorView[](14804): updateDecorCaptionStatus displayWindowDecor is false
D/ProfileInstaller(14804): Installing profile for com.example.benchmark_container
[spm]: ProfilerData event received.
I/flutter (14804): [SPM:perf] 698a51a  buildSpan: 3105µs
I/flutter (14804): [spm] Performance monitoring completed for 698a51a
[spm]: ProfilerData event received.
I/flutter (14804): [SPM:perf] 698a51a  buildSpan: 2564µs
I/flutter (14804): [spm] Performance monitoring completed for 698a51a
[spm]: ProfilerData event received.
I/flutter (14804): [SPM:perf] 698a51a  buildSpan: 1803µs
I/flutter (14804): [spm] Performance monitoring completed for 698a51a
[spm]: ProfilerData event received.
I/flutter (14804): [SPM:perf] 698a51a  buildSpan: 1841µs
I/flutter (14804): [spm] Performance monitoring completed for 698a51a
[spm]: ProfilerData event received.
I/flutter (14804): [SPM:perf] 698a51a  buildSpan: 2397µs
I/flutter (14804): [spm] Performance monitoring completed for 698a51a
[spm]: ProfilerData event received.
I/flutter (14804): [SPM:perf] 698a51a  buildSpan: 2410µs
I/flutter (14804): [spm] Performance monitoring completed for 698a51a
[spm]: ProfilerData event received.
I/flutter (14804): [SPM:perf] 698a51a  buildSpan: 2566µs
I/flutter (14804): [spm] Performance monitoring completed for 698a51a
[spm]: ProfilerData event received.
I/flutter (14804): [SPM:perf] 698a51a  buildSpan: 2246µs
I/flutter (14804): [spm] Performance monitoring completed for 698a51a
[spm]: ProfilerData event received.
I/flutter (14804): [SPM:perf] 698a51a  buildSpan: 6686µs
I/flutter (14804): [spm] Performance monitoring completed for 698a51a
[spm]: ProfilerData event received.
I/flutter (14804): [SPM:perf] 698a51a  buildSpan: 2655µs
I/flutter (14804): [spm] Performance monitoring completed for 698a51a
[spm]: ProfilerData event received.
I/flutter (14804): [SPM:perf] 698a51a  buildSpan: 1766µs
I/flutter (14804): [spm] Performance monitoring completed for 698a51a
[spm]: ProfilerData event received.
I/flutter (14804): [SPM:perf] 698a51a  buildSpan: 2661µs
I/flutter (14804): [spm] Performance monitoring completed for 698a51a
[spm]: ProfilerData event received.
I/flutter (14804): [SPM:perf] 698a51a  buildSpan: 2512µs
I/flutter (14804): [spm] Performance monitoring completed for 698a51a
[spm]: ProfilerData event received.
I/flutter (14804): [SPM:perf] 698a51a  buildSpan: 1694µs
I/flutter (14804): [spm] Performance monitoring completed for 698a51a
I/flutter (14804): [SPM:perf] 698a51a  buildSpan: 2473µs
I/flutter (14804): [spm] Performance monitoring completed for 698a51a
[spm]: ProfilerData event received.
[spm]: ProfilerData event received.
I/flutter (14804): [SPM:perf] 698a51a  buildSpan: 2407µs
I/flutter (14804): [spm] Performance monitoring completed for 698a51a
[spm]: ProfilerData event received.
I/flutter (14804): [SPM:perf] 698a51a  buildSpan: 2642µs
I/flutter (14804): [spm] Performance monitoring completed for 698a51a
I/flutter (14804): [SPM:perf] 698a51a  buildSpan: 2505µs
I/flutter (14804): [spm] Performance monitoring completed for 698a51a
[spm]: ProfilerData event received.
[spm]: ProfilerData event received.
I/flutter (14804): [SPM:perf] 698a51a  buildSpan: 1637µs
I/flutter (14804): [spm] Performance monitoring completed for 698a51a
I/flutter (14804): [SPM:perf] 698a51a  buildSpan: 1928µs
[spm]: ProfilerData event received.
I/flutter (14804): [spm] Performance monitoring completed for 698a51a
[spm]: ProfilerData event received.
I/flutter (14804): [SPM:perf] 698a51a  buildSpan: 2540µs
I/flutter (14804): [spm] Performance monitoring completed for 698a51a
I/flutter (14804): [SPM:perf] 698a51a  buildSpan: 2485µs
I/flutter (14804): [spm] Performance monitoring completed for 698a51a
[spm]: ProfilerData event received.
[spm]: ProfilerData event received.
I/flutter (14804): [SPM:perf] 698a51a  buildSpan: 2356µs
I/flutter (14804): [spm] Performance monitoring completed for 698a51a
I/flutter (14804): [SPM:perf] 698a51a  buildSpan: 2582µs
I/flutter (14804): [spm] Performance monitoring completed for 698a51a
[spm]: ProfilerData event received.
I/flutter (14804): [SPM:perf] 698a51a  buildSpan: 1907µs
[spm]: ProfilerData event received.
I/flutter (14804): [spm] Performance monitoring completed for 698a51a
I/flutter (14804): [SPM:perf] 698a51a  buildSpan: 2381µs
I/flutter (14804): [spm] Performance monitoring completed for 698a51a
[spm]: ProfilerData event received.
I/flutter (14804): [SPM:perf] 698a51a  buildSpan: 2453µs
I/flutter (14804): [spm] Performance monitoring completed for 698a51a
[spm]: ProfilerData event received.
I/flutter (14804): [SPM:perf] 698a51a  buildSpan: 2501µs
I/flutter (14804): [spm] Performance monitoring completed for 698a51a
[spm]: ProfilerData event received.
I/flutter (14804): [SPM:perf] 698a51a  buildSpan: 1913µs
I/flutter (14804): [spm] Performance monitoring completed for 698a51a
[spm]: ProfilerData event received.
[spm]: ProfilerData event received.
I/flutter (14804): [SPM:perf] 698a51a  buildSpan: 2098µs
I/flutter (14804): [spm] Performance monitoring completed for 698a51a
I/flutter (14804): 01:10 +1: (tearDownAll)
I/flutter (14804): 01:11 +2: All tests passed!
All tests passed.
[spm]: Saved 30 profiler events to <ROOT>/dataset-new_samples/0531/redmi9t/raw/20260911-050912/rev_002_85b46635/e10.jsonl
[spm]: Reverting injection...
6 issues found. (ran in 0.5s)
WARNING: Your Android app project: app located at: <ROOT>/android/app/build.gradle.kts
applies the Kotlin Gradle Plugin, which will cause build failures in future versions of Flutter. 
Please migrate your app to Built-in Kotlin using this guide: https://docs.flutter.dev/release/breaking-changes/migrate-to-built-in-kotlin/for-app-developers

VMServiceFlutterDriver: Connecting to Flutter application at http://127.0.0.1:44375/Ydt2X7I61ho=/
[spm]: Detected VM service URI: ws://127.0.0.1:44375/Ydt2X7I61ho=/ws
VMServiceFlutterDriver: Isolate found with number: 1096362829257635
VMServiceFlutterDriver: Isolate 1096362829257635 is runnable.
VMServiceFlutterDriver: Isolate is paused at start.
VMServiceFlutterDriver: Attempting to resume isolate
VMServiceFlutterDriver: Connected to Flutter application.
VMServiceFlutterDriver: request_data message is taking a long time to complete...