# sample_id=2457/rev_016_c006a3aa exec_index=8 ok=True perf_lines=30 vm_events=30 battery_pct=40 soc_temp_millic=37000 battery_temp_c=29.2 charging=False preflight_started=2026-09-19T07:23:43.763581+00:00 started=2026-09-19T07:23:46.467957+00:00 ts=2026-09-19T07:25:43.113849+00:00
[spm]: Running flutter analyze...
Resolving dependencies...
Downloading packages...
  _fe_analyzer_shared 100.0.0 (108.0.0 available)
  analyzer 13.0.0 (14.4.0 available)
  async 2.13.0 (2.13.1 available)
  clock 1.1.2 (1.1.3 available)
  cupertino_icons 1.0.8 (1.0.9 available)
  glob 2.1.3 (2.2.0 available)
  lints 6.0.0 (6.1.0 available)
  matcher 0.12.19 (0.12.20 available)
  material_color_utilities 0.13.0 (0.13.1 available)
  meta 1.18.0 (1.19.0 available)
  package_config 2.2.0 (3.0.0 available)
  platform 3.1.6 (3.2.0 available)
  process 5.0.5 (5.0.6 available)
  pub_semver 2.2.0 (2.2.1 available)
  source_span 1.10.1 (1.10.2 available)
  stack_trace 1.12.1 (1.12.2 available)
  test_api 0.7.11 (0.7.14 available)
  vector_math 2.2.0 (2.4.2 available)
  vm_service 15.0.2 (15.3.0 available)
  webdriver 3.1.0 (3.2.0 available)
  yaml 3.1.3 (3.1.4 available)
Got dependencies!
21 packages have newer versions incompatible with dependency constraints.
Try `flutter pub outdated` for more information.
Analyzing lib...                                                

   info • The part-of directive uses a library name. Try converting the directive to use the URI of the library • lib/dependencies.dart:46:1 • use_string_in_part_of_directives
   info • Library names are not necessary. Remove the library name • lib/generated_widget.dart:2:9 • unnecessary_library_name

[spm]: Injecting profiler code...
[spm]: Starting app...
Running Gradle task 'assembleProfile'...                        
Running Gradle task 'assembleProfile'...                           18.0s
✓ Built build/app/outputs/flutter-apk/app-profile.apk (26.8MB)
Installing build/app/outputs/flutter-apk/app-profile.apk...      1,315ms
I/ForceDarkHelperStubImpl(30435): setViewRootImplForceDark: false for com.example.benchmark_container.MainActivity@14bb04, reason: AppDarkModeEnable
I/ForceDarkHelperStubImpl(30435): setViewRootImplForceDark: false for com.example.benchmark_container.MainActivity@14bb04, reason: AppDarkModeEnable
D/DecorView[](30435): getWindowModeFromSystem  windowmode is 1
D/DecorView[](30435): updateDecorCaptionStatus displayWindowDecor is false
W/Looper  (30435): PerfMonitor looperActivity : package=com.example.benchmark_container/.MainActivity time=420ms latency=384ms running=0ms  procState=-1  historyMsgCount=3 (msgIndex=3 wall=378ms seq=3 h=android.app.ActivityThread$H w=110)
W/Looper  (30435): PerfMonitor looperActivity : package=com.example.benchmark_container/.MainActivity time=0ms latency=806ms running=0ms  procState=-1  historyMsgCount=4 (msgIndex=3 wall=378ms seq=3 h=android.app.ActivityThread$H w=110) (msgIndex=4 wall=420ms seq=4 late=384ms h=android.app.ActivityThread$H w=159)
D/SurfaceView(30435): UPDATE null, mIsCastMode = false
D/hw-ProcessState(30435): Binder ioctl to enable oneway spam detection failed: Invalid argument
W/Looper  (30435): PerfMonitor longMsg : seq=8 plan=10:24:19.647 late=442ms wall=1772ms running=0ms h=android.view.Choreographer$FrameHandler c=android.view.Choreographer$FrameDisplayEventReceiver procState=-1
W/Looper  (30435): PerfMonitor doFrame : time=1772ms vsyncFrame=0 latency=442ms procState=-1 historyMsgCount=5 (msgIndex=1 wall=1772ms seq=8 late=442ms h=android.view.Choreographer$FrameHandler c=android.view.Choreographer$FrameDisplayEventReceiver) (msgIndex=2 wall=420ms seq=4 h=android.app.ActivityThread$H w=159)
I/Choreographer(30435): Skipped 100 frames!  The application may be doing too much work on its main thread.
D/SurfaceView(30435): UPDATE Surface(name=SurfaceView[com.example.benchmark_container/com.example.benchmark_container.MainActivity])/@0xd30802a, mIsProjectionMode = false
W/Looper  (30435): PerfMonitor doFrame : time=3ms vsyncFrame=0 latency=1672ms procState=-1 historyMsgCount=4
[spm]: Connected to Dart VM service.
I/flutter (30435): 00:00 +0: Performance Benchmark
E/hmark_containe(30435): open libmigui.so failed! dlopen - dlopen failed: library "libmigui.so" not found
D/hmark_containe(30435): MiuiProcessManagerServiceStub setSchedFifo
I/MiuiProcessManagerImpl(30435): setSchedFifo pid:30435, mode:3
D/DecorView[](30435): onWindowFocusChanged hasWindowFocus true
D/DecorView[](30435): getWindowModeFromSystem  windowmode is 1
D/DecorView[](30435): updateDecorCaptionStatus displayWindowDecor is false
D/ProfileInstaller(30435): Installing profile for com.example.benchmark_container
I/flutter (30435): [SPM:perf] 698a51a  buildSpan: 1808µs
I/flutter (30435): [spm] Performance monitoring completed for 698a51a
[spm]: ProfilerData event received.
I/flutter (30435): [SPM:perf] 698a51a  buildSpan: 1590µs
I/flutter (30435): [spm] Performance monitoring completed for 698a51a
[spm]: ProfilerData event received.
[spm]: ProfilerData event received.
I/flutter (30435): [SPM:perf] 698a51a  buildSpan: 1923µs
I/flutter (30435): [spm] Performance monitoring completed for 698a51a
[spm]: ProfilerData event received.
I/flutter (30435): [SPM:perf] 698a51a  buildSpan: 1725µs
I/flutter (30435): [spm] Performance monitoring completed for 698a51a
[spm]: ProfilerData event received.
I/flutter (30435): [SPM:perf] 698a51a  buildSpan: 1649µs
I/flutter (30435): [spm] Performance monitoring completed for 698a51a
[spm]: ProfilerData event received.
I/flutter (30435): [SPM:perf] 698a51a  buildSpan: 1123µs
I/flutter (30435): [spm] Performance monitoring completed for 698a51a
[spm]: ProfilerData event received.
I/flutter (30435): [SPM:perf] 698a51a  buildSpan: 1611µs
I/flutter (30435): [spm] Performance monitoring completed for 698a51a
I/flutter (30435): [SPM:perf] 698a51a  buildSpan: 1969µs
[spm]: ProfilerData event received.
I/flutter (30435): [spm] Performance monitoring completed for 698a51a
I/flutter (30435): [SPM:perf] 698a51a  buildSpan: 1758µs
I/flutter (30435): [spm] Performance monitoring completed for 698a51a
[spm]: ProfilerData event received.
[spm]: ProfilerData event received.
I/flutter (30435): [SPM:perf] 698a51a  buildSpan: 1646µs
I/flutter (30435): [spm] Performance monitoring completed for 698a51a
[spm]: ProfilerData event received.
I/flutter (30435): [SPM:perf] 698a51a  buildSpan: 1705µs
I/flutter (30435): [spm] Performance monitoring completed for 698a51a
I/flutter (30435): [SPM:perf] 698a51a  buildSpan: 1659µs
[spm]: ProfilerData event received.
I/flutter (30435): [spm] Performance monitoring completed for 698a51a
[spm]: ProfilerData event received.
I/flutter (30435): [SPM:perf] 698a51a  buildSpan: 1756µs
I/flutter (30435): [spm] Performance monitoring completed for 698a51a
[spm]: ProfilerData event received.
I/flutter (30435): [SPM:perf] 698a51a  buildSpan: 1813µs
I/flutter (30435): [spm] Performance monitoring completed for 698a51a
[spm]: ProfilerData event received.
I/flutter (30435): [SPM:perf] 698a51a  buildSpan: 1615µs
I/flutter (30435): [spm] Performance monitoring completed for 698a51a
[spm]: ProfilerData event received.
I/flutter (30435): [SPM:perf] 698a51a  buildSpan: 1715µs
I/flutter (30435): [spm] Performance monitoring completed for 698a51a
I/flutter (30435): [SPM:perf] 698a51a  buildSpan: 1511µs
I/flutter (30435): [spm] Performance monitoring completed for 698a51a
[spm]: ProfilerData event received.
[spm]: ProfilerData event received.
I/flutter (30435): [SPM:perf] 698a51a  buildSpan: 1495µs
I/flutter (30435): [spm] Performance monitoring completed for 698a51a
[spm]: ProfilerData event received.
I/flutter (30435): [SPM:perf] 698a51a  buildSpan: 1820µs
I/flutter (30435): [spm] Performance monitoring completed for 698a51a
[spm]: ProfilerData event received.
I/flutter (30435): [SPM:perf] 698a51a  buildSpan: 1636µs
I/flutter (30435): [spm] Performance monitoring completed for 698a51a
I/flutter (30435): [SPM:perf] 698a51a  buildSpan: 1780µs
I/flutter (30435): [spm] Performance monitoring completed for 698a51a
[spm]: ProfilerData event received.
[spm]: ProfilerData event received.
I/flutter (30435): [SPM:perf] 698a51a  buildSpan: 1650µs
I/flutter (30435): [spm] Performance monitoring completed for 698a51a
I/flutter (30435): [SPM:perf] 698a51a  buildSpan: 1816µs
[spm]: ProfilerData event received.
I/flutter (30435): [spm] Performance monitoring completed for 698a51a
[spm]: ProfilerData event received.
I/flutter (30435): [SPM:perf] 698a51a  buildSpan: 1373µs
I/flutter (30435): [spm] Performance monitoring completed for 698a51a
[spm]: ProfilerData event received.
I/flutter (30435): [SPM:perf] 698a51a  buildSpan: 1689µs
I/flutter (30435): [spm] Performance monitoring completed for 698a51a
I/flutter (30435): [SPM:perf] 698a51a  buildSpan: 1629µs
[spm]: ProfilerData event received.
I/flutter (30435): [spm] Performance monitoring completed for 698a51a
[spm]: ProfilerData event received.
I/flutter (30435): [SPM:perf] 698a51a  buildSpan: 1652µs
I/flutter (30435): [spm] Performance monitoring completed for 698a51a
[spm]: ProfilerData event received.
I/flutter (30435): [SPM:perf] 698a51a  buildSpan: 1897µs
I/flutter (30435): [spm] Performance monitoring completed for 698a51a
[spm]: ProfilerData event received.
I/flutter (30435): [SPM:perf] 698a51a  buildSpan: 1518µs
I/flutter (30435): [spm] Performance monitoring completed for 698a51a
I/flutter (30435): [SPM:perf] 698a51a  buildSpan: 1793µs
I/flutter (30435): [spm] Performance monitoring completed for 698a51a
[spm]: ProfilerData event received.
I/flutter (30435): 01:10 +1: (tearDownAll)
I/flutter (30435): 01:11 +2: All tests passed!
All tests passed.
[spm]: Saved 30 profiler events to <ROOT>/dataset-new_samples/2457/redmi9t/raw/20260918-171115/rev_016_c006a3aa/e8.jsonl
[spm]: Reverting injection...
2 issues found. (ran in 0.6s)
WARNING: Your Android app project: app located at: <ROOT>/android/app/build.gradle.kts
applies the Kotlin Gradle Plugin, which will cause build failures in future versions of Flutter. 
Please migrate your app to Built-in Kotlin using this guide: https://docs.flutter.dev/release/breaking-changes/migrate-to-built-in-kotlin/for-app-developers

VMServiceFlutterDriver: Connecting to Flutter application at http://127.0.0.1:37731/jnWTbztdx6M=/
[spm]: Detected VM service URI: ws://127.0.0.1:37731/jnWTbztdx6M=/ws
VMServiceFlutterDriver: Isolate found with number: 6591315234936095
VMServiceFlutterDriver: Isolate 6591315234936095 is runnable.
VMServiceFlutterDriver: Isolate is paused at start.
VMServiceFlutterDriver: Attempting to resume isolate
VMServiceFlutterDriver: Connected to Flutter application.
VMServiceFlutterDriver: request_data message is taking a long time to complete...