# sample_id=0531/rev_009_9ed8fc40 exec_index=0 ok=True perf_lines=30 vm_events=30 battery_pct=76 soc_temp_millic=42000 battery_temp_c=30.2 charging=False preflight_started=2026-09-17T03:34:10.408813+00:00 started=2026-09-17T03:34:12.777421+00:00 ts=2026-09-17T03:36:09.901073+00:00
[spm]: Running flutter analyze...
Resolving dependencies...
Downloading packages...
  _fe_analyzer_shared 100.0.0 (108.0.0 available)
  analyzer 13.0.0 (14.4.0 available)
  async 2.13.0 (2.13.1 available)
  clock 1.1.2 (1.1.3 available)
  cupertino_icons 1.0.8 (1.0.9 available)
  glob 2.1.3 (2.2.0 available)
  lints 6.0.0 (6.1.0 available)
  matcher 0.12.19 (0.12.20 available)
  material_color_utilities 0.13.0 (0.13.1 available)
  meta 1.18.0 (1.19.0 available)
  package_config 2.2.0 (3.0.0 available)
  platform 3.1.6 (3.2.0 available)
  process 5.0.5 (5.0.6 available)
  pub_semver 2.2.0 (2.2.1 available)
  source_span 1.10.1 (1.10.2 available)
  stack_trace 1.12.1 (1.12.2 available)
  test_api 0.7.11 (0.7.14 available)
  vector_math 2.2.0 (2.4.2 available)
  vm_service 15.0.2 (15.3.0 available)
  webdriver 3.1.0 (3.2.0 available)
  yaml 3.1.3 (3.1.4 available)
Got dependencies!
21 packages have newer versions incompatible with dependency constraints.
Try `flutter pub outdated` for more information.
Analyzing lib...                                                

   info • The part-of directive uses a library name. Try converting the directive to use the URI of the library • lib/dependencies.dart:46:1 • use_string_in_part_of_directives
   info • Constructors in '@immutable' classes should be declared as 'const'. Try adding 'const' to the constructor declaration • lib/dependencies.dart:128:3 • prefer_const_constructors_in_immutables
   info • Library names are not necessary. Remove the library name • lib/generated_widget.dart:2:9 • unnecessary_library_name
   info • Constructors in '@immutable' classes should be declared as 'const'. Try adding 'const' to the constructor declaration • lib/generated_widget.dart:11:3 • prefer_const_constructors_in_immutables
   info • The 'child' argument should be last in widget constructor invocations. Try moving the argument to the end of the argument list • lib/generated_widget.dart:34:15 • sort_child_properties_last
   info • Unnecessary use of multiple underscores. Try using '_' • lib/generated_widget.dart:38:44 • unnecessary_underscores

[spm]: Injecting profiler code...
[spm]: Starting app...
Running Gradle task 'assembleProfile'...                        
Running Gradle task 'assembleProfile'...                           19.0s
✓ Built build/app/outputs/flutter-apk/app-profile.apk (26.8MB)
Installing build/app/outputs/flutter-apk/app-profile.apk...        988ms
D/DecorView[]( 9879): getWindowModeFromSystem  windowmode is 1
D/DecorView[]( 9879): getWindowModeFromSystem  windowmode is 1
D/DecorView[]( 9879): updateDecorCaptionStatus displayWindowDecor is false
W/Looper  ( 9879): PerfMonitor looperActivity : package=com.example.benchmark_container/.MainActivity time=372ms latency=349ms running=0ms  procState=-1  historyMsgCount=2 (msgIndex=1 wall=372ms seq=4 late=349ms h=android.app.ActivityThread$H w=159) (msgIndex=2 wall=355ms seq=3 h=android.app.ActivityThread$H w=110)
W/Looper  ( 9879): PerfMonitor looperActivity : package=com.example.benchmark_container/.MainActivity time=0ms latency=722ms running=0ms  procState=-1  historyMsgCount=4 (msgIndex=2 wall=372ms seq=4 late=349ms h=android.app.ActivityThread$H w=159) (msgIndex=3 wall=355ms seq=3 h=android.app.ActivityThread$H w=110) (msgIndex=4 wall=372ms seq=4 late=349ms h=android.app.ActivityThread$H w=159)
D/SurfaceView( 9879): UPDATE null, mIsCastMode = false
D/hw-ProcessState( 9879): Binder ioctl to enable oneway spam detection failed: Invalid argument
W/Looper  ( 9879): PerfMonitor longMsg : seq=8 plan=06:34:47.217 late=394ms wall=1667ms running=0ms h=android.view.Choreographer$FrameHandler c=android.view.Choreographer$FrameDisplayEventReceiver procState=-1
W/Looper  ( 9879): PerfMonitor doFrame : time=1667ms vsyncFrame=0 latency=394ms procState=-1 historyMsgCount=7 (msgIndex=2 wall=372ms seq=4 h=android.app.ActivityThread$H w=159) (msgIndex=3 wall=1667ms seq=8 late=394ms h=android.view.Choreographer$FrameHandler c=android.view.Choreographer$FrameDisplayEventReceiver) (msgIndex=4 wall=372ms seq=4 h=android.app.ActivityThread$H w=159)
I/Choreographer( 9879): Skipped 95 frames!  The application may be doing too much work on its main thread.
D/SurfaceView( 9879): UPDATE Surface(name=SurfaceView[com.example.benchmark_container/com.example.benchmark_container.MainActivity])/@0x9ac515, mIsProjectionMode = false
W/Looper  ( 9879): PerfMonitor doFrame : time=3ms vsyncFrame=0 latency=1584ms procState=-1 historyMsgCount=4
[spm]: Connected to Dart VM service.
I/flutter ( 9879): 00:00 +0: Performance Benchmark
E/hmark_containe( 9879): open libmigui.so failed! dlopen - dlopen failed: library "libmigui.so" not found
D/hmark_containe( 9879): MiuiProcessManagerServiceStub setSchedFifo
I/MiuiProcessManagerImpl( 9879): setSchedFifo pid:9879, mode:3
D/DecorView[]( 9879): onWindowFocusChanged hasWindowFocus true
D/DecorView[]( 9879): getWindowModeFromSystem  windowmode is 1
D/DecorView[]( 9879): updateDecorCaptionStatus displayWindowDecor is false
D/ProfileInstaller( 9879): Installing profile for com.example.benchmark_container
[spm]: ProfilerData event received.
I/flutter ( 9879): [SPM:perf] 698a51a  buildSpan: 1713µs
I/flutter ( 9879): [spm] Performance monitoring completed for 698a51a
[spm]: ProfilerData event received.
I/flutter ( 9879): [SPM:perf] 698a51a  buildSpan: 1464µs
I/flutter ( 9879): [spm] Performance monitoring completed for 698a51a
[spm]: ProfilerData event received.
I/flutter ( 9879): [SPM:perf] 698a51a  buildSpan: 1448µs
I/flutter ( 9879): [spm] Performance monitoring completed for 698a51a
[spm]: ProfilerData event received.
I/flutter ( 9879): [SPM:perf] 698a51a  buildSpan: 1465µs
I/flutter ( 9879): [spm] Performance monitoring completed for 698a51a
[spm]: ProfilerData event received.
I/flutter ( 9879): [SPM:perf] 698a51a  buildSpan: 1437µs
I/flutter ( 9879): [spm] Performance monitoring completed for 698a51a
[spm]: ProfilerData event received.
I/flutter ( 9879): [SPM:perf] 698a51a  buildSpan: 1429µs
I/flutter ( 9879): [spm] Performance monitoring completed for 698a51a
[spm]: ProfilerData event received.
I/flutter ( 9879): [SPM:perf] 698a51a  buildSpan: 1473µs
I/flutter ( 9879): [spm] Performance monitoring completed for 698a51a
[spm]: ProfilerData event received.
I/flutter ( 9879): [SPM:perf] 698a51a  buildSpan: 1562µs
I/flutter ( 9879): [spm] Performance monitoring completed for 698a51a
[spm]: ProfilerData event received.
I/flutter ( 9879): [SPM:perf] 698a51a  buildSpan: 4828µs
I/flutter ( 9879): [spm] Performance monitoring completed for 698a51a
I/flutter ( 9879): [SPM:perf] 698a51a  buildSpan: 1466µs
I/flutter ( 9879): [spm] Performance monitoring completed for 698a51a
[spm]: ProfilerData event received.
[spm]: ProfilerData event received.
I/flutter ( 9879): [SPM:perf] 698a51a  buildSpan: 1501µs
I/flutter ( 9879): [spm] Performance monitoring completed for 698a51a
[spm]: ProfilerData event received.
I/flutter ( 9879): [SPM:perf] 698a51a  buildSpan: 1473µs
I/flutter ( 9879): [spm] Performance monitoring completed for 698a51a
[spm]: ProfilerData event received.
I/flutter ( 9879): [SPM:perf] 698a51a  buildSpan: 1567µs
I/flutter ( 9879): [spm] Performance monitoring completed for 698a51a
I/flutter ( 9879): [SPM:perf] 698a51a  buildSpan: 1454µs
I/flutter ( 9879): [spm] Performance monitoring completed for 698a51a
[spm]: ProfilerData event received.
[spm]: ProfilerData event received.
I/flutter ( 9879): [SPM:perf] 698a51a  buildSpan: 1503µs
I/flutter ( 9879): [spm] Performance monitoring completed for 698a51a
[spm]: ProfilerData event received.
I/flutter ( 9879): [SPM:perf] 698a51a  buildSpan: 1639µs
I/flutter ( 9879): [spm] Performance monitoring completed for 698a51a
[spm]: ProfilerData event received.
I/flutter ( 9879): [SPM:perf] 698a51a  buildSpan: 1474µs
I/flutter ( 9879): [spm] Performance monitoring completed for 698a51a
[spm]: ProfilerData event received.
I/flutter ( 9879): [SPM:perf] 698a51a  buildSpan: 1478µs
I/flutter ( 9879): [spm] Performance monitoring completed for 698a51a
I/flutter ( 9879): [SPM:perf] 698a51a  buildSpan: 1472µs
I/flutter ( 9879): [spm] Performance monitoring completed for 698a51a
[spm]: ProfilerData event received.
[spm]: ProfilerData event received.
I/flutter ( 9879): [SPM:perf] 698a51a  buildSpan: 1590µs
I/flutter ( 9879): [spm] Performance monitoring completed for 698a51a
[spm]: ProfilerData event received.
I/flutter ( 9879): [SPM:perf] 698a51a  buildSpan: 1469µs
I/flutter ( 9879): [spm] Performance monitoring completed for 698a51a
[spm]: ProfilerData event received.
I/flutter ( 9879): [SPM:perf] 698a51a  buildSpan: 1484µs
I/flutter ( 9879): [spm] Performance monitoring completed for 698a51a
[spm]: ProfilerData event received.
I/flutter ( 9879): [SPM:perf] 698a51a  buildSpan: 1481µs
I/flutter ( 9879): [spm] Performance monitoring completed for 698a51a
[spm]: ProfilerData event received.
I/flutter ( 9879): [SPM:perf] 698a51a  buildSpan: 1510µs
I/flutter ( 9879): [spm] Performance monitoring completed for 698a51a
[spm]: ProfilerData event received.
I/flutter ( 9879): [SPM:perf] 698a51a  buildSpan: 1480µs
I/flutter ( 9879): [spm] Performance monitoring completed for 698a51a
[spm]: ProfilerData event received.
I/flutter ( 9879): [SPM:perf] 698a51a  buildSpan: 1487µs
I/flutter ( 9879): [spm] Performance monitoring completed for 698a51a
I/flutter ( 9879): [SPM:perf] 698a51a  buildSpan: 1467µs
[spm]: ProfilerData event received.
I/flutter ( 9879): [spm] Performance monitoring completed for 698a51a
[spm]: ProfilerData event received.
I/flutter ( 9879): [SPM:perf] 698a51a  buildSpan: 1466µs
I/flutter ( 9879): [spm] Performance monitoring completed for 698a51a
[spm]: ProfilerData event received.
I/flutter ( 9879): [SPM:perf] 698a51a  buildSpan: 1471µs
I/flutter ( 9879): [spm] Performance monitoring completed for 698a51a
[spm]: ProfilerData event received.
I/flutter ( 9879): [SPM:perf] 698a51a  buildSpan: 1606µs
I/flutter ( 9879): [spm] Performance monitoring completed for 698a51a
I/flutter ( 9879): 01:10 +1: (tearDownAll)
I/flutter ( 9879): 01:11 +2: All tests passed!
All tests passed.
[spm]: Saved 30 profiler events to <ROOT>/dataset-new_samples/0531/redmi9t/raw/20260917-025915/rev_009_9ed8fc40/e0.jsonl
[spm]: Reverting injection...
6 issues found. (ran in 0.5s)
WARNING: Your Android app project: app located at: <ROOT>/android/app/build.gradle.kts
applies the Kotlin Gradle Plugin, which will cause build failures in future versions of Flutter. 
Please migrate your app to Built-in Kotlin using this guide: https://docs.flutter.dev/release/breaking-changes/migrate-to-built-in-kotlin/for-app-developers

VMServiceFlutterDriver: Connecting to Flutter application at http://127.0.0.1:35111/ipDDv7Q6LoA=/
[spm]: Detected VM service URI: ws://127.0.0.1:35111/ipDDv7Q6LoA=/ws
VMServiceFlutterDriver: Isolate found with number: 3806421651374747
VMServiceFlutterDriver: Isolate 3806421651374747 is runnable.
VMServiceFlutterDriver: Isolate is paused at start.
VMServiceFlutterDriver: Attempting to resume isolate
VMServiceFlutterDriver: Connected to Flutter application.
VMServiceFlutterDriver: request_data message is taking a long time to complete...