# sample_id=0314/rev_003_883908ec exec_index=2 ok=True perf_lines=30 vm_events=30 battery_pct=81 soc_temp_millic=40200 battery_temp_c=29.9 charging=False preflight_started=2026-09-16T05:25:35.610142+00:00 started=2026-09-16T05:25:37.932745+00:00 ts=2026-09-16T05:27:17.787399+00:00
[spm]: Running flutter analyze...
Resolving dependencies...
Downloading packages...
  _fe_analyzer_shared 100.0.0 (108.0.0 available)
  analyzer 13.0.0 (14.4.0 available)
  async 2.13.0 (2.13.1 available)
  clock 1.1.2 (1.1.3 available)
  cupertino_icons 1.0.8 (1.0.9 available)
  glob 2.1.3 (2.2.0 available)
  lints 6.0.0 (6.1.0 available)
  matcher 0.12.19 (0.12.20 available)
  material_color_utilities 0.13.0 (0.13.1 available)
  meta 1.18.0 (1.19.0 available)
  package_config 2.2.0 (3.0.0 available)
  platform 3.1.6 (3.2.0 available)
  process 5.0.5 (5.0.6 available)
  pub_semver 2.2.0 (2.2.1 available)
  source_span 1.10.1 (1.10.2 available)
  stack_trace 1.12.1 (1.12.2 available)
  test_api 0.7.11 (0.7.14 available)
  vector_math 2.2.0 (2.4.2 available)
  vm_service 15.0.2 (15.3.0 available)
  webdriver 3.1.0 (3.2.0 available)
  yaml 3.1.3 (3.1.4 available)
Got dependencies!
21 packages have newer versions incompatible with dependency constraints.
Try `flutter pub outdated` for more information.
Analyzing lib...                                                

   info • The part-of directive uses a library name. Try converting the directive to use the URI of the library • lib/dependencies.dart:43:1 • use_string_in_part_of_directives
   info • The variable name 'checkmark_outline' isn't a lowerCamelCase identifier. Try changing the name to follow the lowerCamelCase style • lib/dependencies.dart:72:22 • non_constant_identifier_names
   info • The variable name 'radio_button' isn't a lowerCamelCase identifier. Try changing the name to follow the lowerCamelCase style • lib/dependencies.dart:73:22 • non_constant_identifier_names
   info • The variable name 'pin_filled' isn't a lowerCamelCase identifier. Try changing the name to follow the lowerCamelCase style • lib/dependencies.dart:74:22 • non_constant_identifier_names
   info • The type parameter name 'State' matches a visible type name. Try changing the type parameter name to not match an existing type • lib/dependencies.dart:128:19 • avoid_types_as_parameter_names
   info • Library names are not necessary. Remove the library name • lib/generated_widget.dart:2:9 • unnecessary_library_name
   info • Constructors in '@immutable' classes should be declared as 'const'. Try adding 'const' to the constructor declaration • lib/generated_widget.dart:11:3 • prefer_const_constructors_in_immutables
   info • 'withOpacity' is deprecated and shouldn't be used. Use .withValues() to avoid precision loss. Try replacing the use of the deprecated member with the replacement • lib/generated_widget.dart:66:53 • deprecated_member_use
   info • 'withOpacity' is deprecated and shouldn't be used. Use .withValues() to avoid precision loss. Try replacing the use of the deprecated member with the replacement • lib/generated_widget.dart:109:51 • deprecated_member_use

[spm]: Injecting profiler code...
[spm]: Starting app...
Running Gradle task 'assembleProfile'...                        
Running Gradle task 'assembleProfile'...                         1,830ms
✓ Built build/app/outputs/flutter-apk/app-profile.apk (34.3MB)
Installing build/app/outputs/flutter-apk/app-profile.apk...      1,201ms
D/DecorView[](18713): getWindowModeFromSystem  windowmode is 1
D/DecorView[](18713): getWindowModeFromSystem  windowmode is 1
D/DecorView[](18713): updateDecorCaptionStatus displayWindowDecor is false
W/Looper  (18713): PerfMonitor looperActivity : package=com.example.benchmark_container/.MainActivity time=368ms latency=345ms running=0ms  procState=-1  historyMsgCount=3 (msgIndex=1 wall=368ms seq=4 late=345ms h=android.app.ActivityThread$H w=159) (msgIndex=3 wall=343ms seq=3 h=android.app.ActivityThread$H w=110)
W/Looper  (18713): PerfMonitor looperActivity : package=com.example.benchmark_container/.MainActivity time=0ms latency=716ms running=0ms  procState=-1  historyMsgCount=4 (msgIndex=1 wall=368ms seq=4 late=345ms h=android.app.ActivityThread$H w=159) (msgIndex=3 wall=343ms seq=3 h=android.app.ActivityThread$H w=110) (msgIndex=4 wall=368ms seq=4 late=345ms h=android.app.ActivityThread$H w=159)
D/SurfaceView(18713): UPDATE null, mIsCastMode = false
D/hw-ProcessState(18713): Binder ioctl to enable oneway spam detection failed: Invalid argument
W/Looper  (18713): PerfMonitor longMsg : seq=8 plan=08:25:55.043 late=395ms wall=1654ms running=0ms h=android.view.Choreographer$FrameHandler c=android.view.Choreographer$FrameDisplayEventReceiver procState=-1
W/Looper  (18713): PerfMonitor doFrame : time=1654ms vsyncFrame=0 latency=395ms procState=-1 historyMsgCount=7 (msgIndex=1 wall=368ms seq=4 h=android.app.ActivityThread$H w=159) (msgIndex=3 wall=1654ms seq=8 late=395ms h=android.view.Choreographer$FrameHandler c=android.view.Choreographer$FrameDisplayEventReceiver) (msgIndex=4 wall=368ms seq=4 h=android.app.ActivityThread$H w=159)
I/Choreographer(18713): Skipped 93 frames!  The application may be doing too much work on its main thread.
D/SurfaceView(18713): UPDATE Surface(name=SurfaceView[com.example.benchmark_container/com.example.benchmark_container.MainActivity])/@0x9ac515, mIsProjectionMode = false
W/Looper  (18713): PerfMonitor doFrame : time=2ms vsyncFrame=0 latency=1556ms procState=-1 historyMsgCount=4
[spm]: Connected to Dart VM service.
I/flutter (18713): 00:00 +0: Performance Benchmark
E/hmark_containe(18713): open libmigui.so failed! dlopen - dlopen failed: library "libmigui.so" not found
D/hmark_containe(18713): MiuiProcessManagerServiceStub setSchedFifo
I/MiuiProcessManagerImpl(18713): setSchedFifo pid:18713, mode:3
D/DecorView[](18713): onWindowFocusChanged hasWindowFocus true
D/DecorView[](18713): getWindowModeFromSystem  windowmode is 1
D/DecorView[](18713): updateDecorCaptionStatus displayWindowDecor is false
D/ProfileInstaller(18713): Installing profile for com.example.benchmark_container
[spm]: ProfilerData event received.
I/flutter (18713): [SPM:perf] 698a51a  buildSpan: 786µs
I/flutter (18713): [spm] Performance monitoring completed for 698a51a
I/flutter (18713): [SPM:perf] 698a51a  buildSpan: 681µs
I/flutter (18713): [spm] Performance monitoring completed for 698a51a
[spm]: ProfilerData event received.
[spm]: ProfilerData event received.
I/flutter (18713): [SPM:perf] 698a51a  buildSpan: 799µs
I/flutter (18713): [spm] Performance monitoring completed for 698a51a
[spm]: ProfilerData event received.
I/flutter (18713): [SPM:perf] 698a51a  buildSpan: 780µs
I/flutter (18713): [spm] Performance monitoring completed for 698a51a
[spm]: ProfilerData event received.
I/flutter (18713): [SPM:perf] 698a51a  buildSpan: 756µs
I/flutter (18713): [spm] Performance monitoring completed for 698a51a
[spm]: ProfilerData event received.
I/flutter (18713): [SPM:perf] 698a51a  buildSpan: 767µs
I/flutter (18713): [spm] Performance monitoring completed for 698a51a
I/flutter (18713): [SPM:perf] 698a51a  buildSpan: 742µs
I/flutter (18713): [spm] Performance monitoring completed for 698a51a
[spm]: ProfilerData event received.
[spm]: ProfilerData event received.
I/flutter (18713): [SPM:perf] 698a51a  buildSpan: 785µs
I/flutter (18713): [spm] Performance monitoring completed for 698a51a
[spm]: ProfilerData event received.
I/flutter (18713): [SPM:perf] 698a51a  buildSpan: 731µs
I/flutter (18713): [spm] Performance monitoring completed for 698a51a
[spm]: ProfilerData event received.
I/flutter (18713): [SPM:perf] 698a51a  buildSpan: 773µs
I/flutter (18713): [spm] Performance monitoring completed for 698a51a
I/flutter (18713): [SPM:perf] 698a51a  buildSpan: 806µs
[spm]: ProfilerData event received.
I/flutter (18713): [spm] Performance monitoring completed for 698a51a
[spm]: ProfilerData event received.
I/flutter (18713): [SPM:perf] 698a51a  buildSpan: 758µs
I/flutter (18713): [spm] Performance monitoring completed for 698a51a
[spm]: ProfilerData event received.
I/flutter (18713): [SPM:perf] 698a51a  buildSpan: 800µs
I/flutter (18713): [spm] Performance monitoring completed for 698a51a
[spm]: ProfilerData event received.
I/flutter (18713): [SPM:perf] 698a51a  buildSpan: 775µs
I/flutter (18713): [spm] Performance monitoring completed for 698a51a
[spm]: ProfilerData event received.
I/flutter (18713): [SPM:perf] 698a51a  buildSpan: 743µs
I/flutter (18713): [spm] Performance monitoring completed for 698a51a
[spm]: ProfilerData event received.
I/flutter (18713): [SPM:perf] 698a51a  buildSpan: 777µs
I/flutter (18713): [spm] Performance monitoring completed for 698a51a
[spm]: ProfilerData event received.
I/flutter (18713): [SPM:perf] 698a51a  buildSpan: 800µs
I/flutter (18713): [spm] Performance monitoring completed for 698a51a
[spm]: ProfilerData event received.
I/flutter (18713): [SPM:perf] 698a51a  buildSpan: 750µs
I/flutter (18713): [spm] Performance monitoring completed for 698a51a
[spm]: ProfilerData event received.
I/flutter (18713): [SPM:perf] 698a51a  buildSpan: 803µs
I/flutter (18713): [spm] Performance monitoring completed for 698a51a
[spm]: ProfilerData event received.
I/flutter (18713): [SPM:perf] 698a51a  buildSpan: 786µs
I/flutter (18713): [spm] Performance monitoring completed for 698a51a
[spm]: ProfilerData event received.
I/flutter (18713): [SPM:perf] 698a51a  buildSpan: 789µs
I/flutter (18713): [spm] Performance monitoring completed for 698a51a
[spm]: ProfilerData event received.
I/flutter (18713): [SPM:perf] 698a51a  buildSpan: 722µs
I/flutter (18713): [spm] Performance monitoring completed for 698a51a
[spm]: ProfilerData event received.
I/flutter (18713): [SPM:perf] 698a51a  buildSpan: 778µs
I/flutter (18713): [spm] Performance monitoring completed for 698a51a
[spm]: ProfilerData event received.
I/flutter (18713): [SPM:perf] 698a51a  buildSpan: 765µs
I/flutter (18713): [spm] Performance monitoring completed for 698a51a
[spm]: ProfilerData event received.
I/flutter (18713): [SPM:perf] 698a51a  buildSpan: 766µs
I/flutter (18713): [spm] Performance monitoring completed for 698a51a
[spm]: ProfilerData event received.
I/flutter (18713): [SPM:perf] 698a51a  buildSpan: 765µs
I/flutter (18713): [spm] Performance monitoring completed for 698a51a
[spm]: ProfilerData event received.
I/flutter (18713): [SPM:perf] 698a51a  buildSpan: 789µs
I/flutter (18713): [spm] Performance monitoring completed for 698a51a
[spm]: ProfilerData event received.
I/flutter (18713): [SPM:perf] 698a51a  buildSpan: 799µs
I/flutter (18713): [spm] Performance monitoring completed for 698a51a
[spm]: ProfilerData event received.
I/flutter (18713): [SPM:perf] 698a51a  buildSpan: 779µs
I/flutter (18713): [spm] Performance monitoring completed for 698a51a
[spm]: ProfilerData event received.
I/flutter (18713): [SPM:perf] 698a51a  buildSpan: 741µs
I/flutter (18713): [spm] Performance monitoring completed for 698a51a
I/flutter (18713): 01:10 +1: (tearDownAll)
I/flutter (18713): 01:11 +2: All tests passed!
All tests passed.
[spm]: Saved 30 profiler events to <ROOT>/dataset-new_samples/0314/redmi9t/raw/20260916-070441/rev_003_883908ec/e2.jsonl
[spm]: Reverting injection...
9 issues found. (ran in 0.5s)
WARNING: Your Android app project: app located at: <ROOT>/android/app/build.gradle.kts
applies the Kotlin Gradle Plugin, which will cause build failures in future versions of Flutter. 
Please migrate your app to Built-in Kotlin using this guide: https://docs.flutter.dev/release/breaking-changes/migrate-to-built-in-kotlin/for-app-developers

VMServiceFlutterDriver: Connecting to Flutter application at http://127.0.0.1:38193/JkWLG6eKMPA=/
[spm]: Detected VM service URI: ws://127.0.0.1:38193/JkWLG6eKMPA=/ws
VMServiceFlutterDriver: Isolate found with number: 4592925467951543
VMServiceFlutterDriver: Isolate 4592925467951543 is runnable.
VMServiceFlutterDriver: Isolate is paused at start.
VMServiceFlutterDriver: Attempting to resume isolate
VMServiceFlutterDriver: Connected to Flutter application.
VMServiceFlutterDriver: request_data message is taking a long time to complete...