# sample_id=0314/rev_003_883908ec exec_index=3 ok=True perf_lines=30 vm_events=30 battery_pct=85 soc_temp_millic=42600 battery_temp_c=35.9 charging=False preflight_started=2026-09-16T04:05:41.726454+00:00 started=2026-09-16T04:05:44.096330+00:00 ts=2026-09-16T04:07:51.625379+00:00
[spm]: Running flutter analyze...
Resolving dependencies...
Downloading packages...
  _fe_analyzer_shared 100.0.0 (108.0.0 available)
  analyzer 13.0.0 (14.4.0 available)
  async 2.13.0 (2.13.1 available)
  clock 1.1.2 (1.1.3 available)
  cupertino_icons 1.0.8 (1.0.9 available)
  glob 2.1.3 (2.2.0 available)
  lints 6.0.0 (6.1.0 available)
  matcher 0.12.19 (0.12.20 available)
  material_color_utilities 0.13.0 (0.13.1 available)
  meta 1.18.0 (1.19.0 available)
  package_config 2.2.0 (3.0.0 available)
  platform 3.1.6 (3.2.0 available)
  process 5.0.5 (5.0.6 available)
  pub_semver 2.2.0 (2.2.1 available)
  source_span 1.10.1 (1.10.2 available)
  stack_trace 1.12.1 (1.12.2 available)
  test_api 0.7.11 (0.7.14 available)
  vector_math 2.2.0 (2.4.2 available)
  vm_service 15.0.2 (15.3.0 available)
  webdriver 3.1.0 (3.2.0 available)
  yaml 3.1.3 (3.1.4 available)
Got dependencies!
21 packages have newer versions incompatible with dependency constraints.
Try `flutter pub outdated` for more information.
Analyzing lib...                                                

   info • The part-of directive uses a library name. Try converting the directive to use the URI of the library • lib/dependencies.dart:43:1 • use_string_in_part_of_directives
   info • The variable name 'checkmark_outline' isn't a lowerCamelCase identifier. Try changing the name to follow the lowerCamelCase style • lib/dependencies.dart:72:22 • non_constant_identifier_names
   info • The variable name 'radio_button' isn't a lowerCamelCase identifier. Try changing the name to follow the lowerCamelCase style • lib/dependencies.dart:73:22 • non_constant_identifier_names
   info • The variable name 'pin_filled' isn't a lowerCamelCase identifier. Try changing the name to follow the lowerCamelCase style • lib/dependencies.dart:74:22 • non_constant_identifier_names
   info • The type parameter name 'State' matches a visible type name. Try changing the type parameter name to not match an existing type • lib/dependencies.dart:128:19 • avoid_types_as_parameter_names
   info • Library names are not necessary. Remove the library name • lib/generated_widget.dart:2:9 • unnecessary_library_name
   info • Constructors in '@immutable' classes should be declared as 'const'. Try adding 'const' to the constructor declaration • lib/generated_widget.dart:11:3 • prefer_const_constructors_in_immutables
   info • 'withOpacity' is deprecated and shouldn't be used. Use .withValues() to avoid precision loss. Try replacing the use of the deprecated member with the replacement • lib/generated_widget.dart:66:53 • deprecated_member_use
   info • 'withOpacity' is deprecated and shouldn't be used. Use .withValues() to avoid precision loss. Try replacing the use of the deprecated member with the replacement • lib/generated_widget.dart:109:51 • deprecated_member_use

[spm]: Injecting profiler code...
[spm]: Starting app...
Running Gradle task 'assembleProfile'...                        
Running Gradle task 'assembleProfile'...                           23.4s
✓ Built build/app/outputs/flutter-apk/app-profile.apk (34.3MB)
Installing build/app/outputs/flutter-apk/app-profile.apk...      1,258ms
D/MiuiMultiWindowUtils(16153): freeform resolution args raw data:{  "zizhan":{    "freeform_args": {      "inner":{        "vertical_portrait":{"aspect_ratio":0.626, "original_ratio":0.5643,"original_scale":0.74,"top_margin":0.168,"left_margin":0.484},        "horizontal_portrait":{"aspect_ratio":0.626, "original_ratio":0.5643,"original_scale":0.74,"top_margin":0.1222,"left_margin":0.59745},        "vertical_landscape":{"aspect_ratio":1.6, "original_ratio":1,"original_scale":0.604,"top_margin":0.2596,"left_margin":0.2624},        "horizontal_landscape":{"aspect_ratio":1.6, "original_ratio":1,"original_scale":0.604,"top_margin":0.213,"left_margin":0.3758}      },      "outer":{        "vertical_portrait":{"aspect_ratio":0.626, "original_ratio":1,"original_scale":0.74,"top_margin":0.0753,"left_margin":-1},        "horizontal_portrait":{"aspect_ratio":0.626, "original_ratio":1,"original_scale":0.5756,"top_margin":-1,"left_margin":0.0753},        "vertical_landscape":{"aspect_ratio":1.6, "original_ratio":0.6847,"original_scale":0.587,"top_margin":0.0753,"left_margin":-1},        "horizontal_landscape":{"aspect_ratio":1.6, "original_ratio":0.6847,"original_scale":0.587,"top_margin":-1,"left_margin":0.0753}}    },    "mini_freeform_args":{      "inner":{        "vertical_portrait":{"aspect_ratio":0.626, "original_ratio":0.147},        "horizontal_portrait":{"aspect_ratio":0.626, "original_ratio":0.147},        "vertical_landscape":{"aspect_ratio":1.6, "original_ratio":0.165},        "horizontal_landscape":{"aspect_ratio":1.6, "original_ratio":0.165}      },      "outer":{        "vertical_portrait":{"aspect_ratio":0.626, "original_ratio":0.26},        "horizontal_portrait":{"aspect_ratio":0.626, "original_ratio":0.26},        "vertical_landscape":{"aspect_ratio":1.6, "original_ratio":0.293},        "horizontal_landscape":{"aspect_ratio":1.6, "original_ratio":0.293}}    }  },  "wide_default":{    "freeform_args": {        "vertical_portrait":{"aspect_ratio":0.625, "original_ratio":0.5806,"original_scale":0.7574,"top_margin":0.125,"left_margin":0.392},        "horizontal_portrait":{"aspect_ratio":0.625, "original_ratio":0.5806,"original_scale":0.7574,"top_margin":-1,"left_margin":0.6415},        "vertical_landscape":{"aspect_ratio":1.6, "original_ratio":1,"original_scale":0.5153,"top_margin":0.125,"left_margin":0.206},        "horizontal_landscape":{"aspect_ratio":1.6, "original_ratio":1,"original_scale":0.5153,"top_margin":-1,"left_margin":0.456}    },    "mini_freeform_args":{        "vertical_portrait":{"aspect_ratio":0.5625, "original_ratio":0.144},        "horizontal_portrait":{"aspect_ratio":0.5625, "original_ratio":0.144},        "vertical_landscape":{"aspect_ratio":-1, "original_ratio":0.144},        "horizontal_landscape":{"aspect_ratio":-1, "original_ratio":0.144}    }  },  "narrow_default": {    "freeform_args": {        "vertical_portrait":{"aspect_ratio":0.5625, "original_ratio":1,"original_scale":0.7182,"top_margin":0.142,"left_margin":-1},        "horizontal_portrait":{"aspect_ratio":0.8, "original_ratio":1,"original_scale":0.7182,"top_margin":-1,"left_margin":0.05},        "vertical_landscape":{"aspect_ratio":1.6, "original_ratio":0.6545,"original_scale":0.4473,"top_margin":0.142,"left_margin":-1},        "horizontal_landscape":{"aspect_ratio":1.6, "original_ratio":0.6545,"original_scale":0.4473,"top_margin":-1,"left_margin":0.05}    },    "mini_freeform_args":{        "vertical_portrait":{"aspect_ratio":0.5625, "original_ratio":0.3},        "horizontal_portrait":{"aspect_ratio":0.5625, "original_ratio":0.3},        "vertical_landscape":{"aspect_ratio":1.7778, "original_ratio":0.3},        "horizontal_landscape":{"aspect_ratio":1.7778, "original_ratio":0.3}    }  },  "regular_default": {    "freeform_args": {      "vertical_portrait":{"aspect_ratio":0.625, "original_ratio":1,"original_scale":0.7,"top_margin":0.109,"left_margin":-1},      "horizontal_portrait":{"aspect_ratio":0.6667, "original_ratio":1,"original_scale":0.6102,"top_margin":-1,"left_margin":0.026},      "vertical_landscape":{"asp
E/MiuiMultiWindowUtils(16153): initFreeFormResolutionArgs failed, device is lime
D/IS_CTS_MODE(16153): true
D/MULTI_WINDOW_SWITCH_ENABLED(16153): false
D/IS_CTS_MODE(16153): true
D/MULTI_WINDOW_SWITCH_ENABLED(16153): false
D/IS_CTS_MODE(16153): true
D/MULTI_WINDOW_SWITCH_ENABLED(16153): false
D/DecorView[](16153): getWindowModeFromSystem  windowmode is 1
D/DecorView[](16153): getWindowModeFromSystem  windowmode is 1
D/DecorView[](16153): updateDecorCaptionStatus displayWindowDecor is false
W/Looper  (16153): PerfMonitor looperActivity : package=com.example.benchmark_container/.MainActivity time=378ms latency=314ms running=0ms  procState=-1  historyMsgCount=3 (msgIndex=1 wall=325ms seq=3 h=android.app.ActivityThread$H w=110) (msgIndex=2 wall=378ms seq=4 late=314ms h=android.app.ActivityThread$H w=159) (msgIndex=3 wall=325ms seq=3 h=android.app.ActivityThread$H w=110)
W/Looper  (16153): PerfMonitor looperActivity : package=com.example.benchmark_container/.MainActivity time=0ms latency=694ms running=0ms  procState=-1  historyMsgCount=4 (msgIndex=1 wall=325ms seq=3 h=android.app.ActivityThread$H w=110) (msgIndex=2 wall=378ms seq=4 late=314ms h=android.app.ActivityThread$H w=159) (msgIndex=3 wall=325ms seq=3 h=android.app.ActivityThread$H w=110) (msgIndex=4 wall=378ms seq=4 late=314ms h=android.app.ActivityThread$H w=159)
D/SurfaceView(16153): UPDATE null, mIsCastMode = false
D/hw-ProcessState(16153): Binder ioctl to enable oneway spam detection failed: Invalid argument
W/Looper  (16153): PerfMonitor longMsg : seq=8 plan=07:06:25.216 late=396ms wall=1755ms running=0ms h=android.view.Choreographer$FrameHandler c=android.view.Choreographer$FrameDisplayEventReceiver procState=-1
W/Looper  (16153): PerfMonitor doFrame : time=1755ms vsyncFrame=0 latency=396ms procState=-1 historyMsgCount=7 (msgIndex=1 wall=1755ms seq=8 late=396ms h=android.view.Choreographer$FrameHandler c=android.view.Choreographer$FrameDisplayEventReceiver) (msgIndex=2 wall=378ms seq=4 h=android.app.ActivityThread$H w=159) (msgIndex=3 wall=1755ms seq=8 late=396ms h=android.view.Choreographer$FrameHandler c=android.view.Choreographer$FrameDisplayEventReceiver) (msgIndex=4 wall=378ms seq=4 h=android.app.ActivityThread$H w=159)
I/Choreographer(16153): Skipped 100 frames!  The application may be doing too much work on its main thread.
D/SurfaceView(16153): UPDATE Surface(name=SurfaceView[com.example.benchmark_container/com.example.benchmark_container.MainActivity])/@0x9ac515, mIsProjectionMode = false
W/Looper  (16153): PerfMonitor doFrame : time=3ms vsyncFrame=0 latency=1674ms procState=-1 historyMsgCount=4
[spm]: Connected to Dart VM service.
I/flutter (16153): 00:00 +0: Performance Benchmark
E/hmark_containe(16153): open libmigui.so failed! dlopen - dlopen failed: library "libmigui.so" not found
D/hmark_containe(16153): MiuiProcessManagerServiceStub setSchedFifo
I/MiuiProcessManagerImpl(16153): setSchedFifo pid:16153, mode:3
D/DecorView[](16153): onWindowFocusChanged hasWindowFocus true
D/DecorView[](16153): getWindowModeFromSystem  windowmode is 1
D/DecorView[](16153): updateDecorCaptionStatus displayWindowDecor is false
D/ProfileInstaller(16153): Installing profile for com.example.benchmark_container
[spm]: ProfilerData event received.
I/flutter (16153): [SPM:perf] 698a51a  buildSpan: 964µs
I/flutter (16153): [spm] Performance monitoring completed for 698a51a
[spm]: ProfilerData event received.
I/flutter (16153): [SPM:perf] 698a51a  buildSpan: 822µs
I/flutter (16153): [spm] Performance monitoring completed for 698a51a
[spm]: ProfilerData event received.
I/flutter (16153): [SPM:perf] 698a51a  buildSpan: 781µs
I/flutter (16153): [spm] Performance monitoring completed for 698a51a
[spm]: ProfilerData event received.
I/flutter (16153): [SPM:perf] 698a51a  buildSpan: 779µs
I/flutter (16153): [spm] Performance monitoring completed for 698a51a
[spm]: ProfilerData event received.
I/flutter (16153): [SPM:perf] 698a51a  buildSpan: 766µs
I/flutter (16153): [spm] Performance monitoring completed for 698a51a
[spm]: ProfilerData event received.
I/flutter (16153): [SPM:perf] 698a51a  buildSpan: 732µs
I/flutter (16153): [spm] Performance monitoring completed for 698a51a
[spm]: ProfilerData event received.
I/flutter (16153): [SPM:perf] 698a51a  buildSpan: 737µs
I/flutter (16153): [spm] Performance monitoring completed for 698a51a
I/flutter (16153): [SPM:perf] 698a51a  buildSpan: 793µs
[spm]: ProfilerData event received.
I/flutter (16153): [spm] Performance monitoring completed for 698a51a
[spm]: ProfilerData event received.
I/flutter (16153): [SPM:perf] 698a51a  buildSpan: 748µs
I/flutter (16153): [spm] Performance monitoring completed for 698a51a
I/flutter (16153): [SPM:perf] 698a51a  buildSpan: 834µs
I/flutter (16153): [spm] Performance monitoring completed for 698a51a
[spm]: ProfilerData event received.
[spm]: ProfilerData event received.
I/flutter (16153): [SPM:perf] 698a51a  buildSpan: 815µs
I/flutter (16153): [spm] Performance monitoring completed for 698a51a
I/flutter (16153): [SPM:perf] 698a51a  buildSpan: 759µs
I/flutter (16153): [spm] Performance monitoring completed for 698a51a
[spm]: ProfilerData event received.
[spm]: ProfilerData event received.
I/flutter (16153): [SPM:perf] 698a51a  buildSpan: 831µs
I/flutter (16153): [spm] Performance monitoring completed for 698a51a
[spm]: ProfilerData event received.
I/flutter (16153): [SPM:perf] 698a51a  buildSpan: 789µs
I/flutter (16153): [spm] Performance monitoring completed for 698a51a
[spm]: ProfilerData event received.
I/flutter (16153): [SPM:perf] 698a51a  buildSpan: 847µs
I/flutter (16153): [spm] Performance monitoring completed for 698a51a
[spm]: ProfilerData event received.
I/flutter (16153): [SPM:perf] 698a51a  buildSpan: 745µs
I/flutter (16153): [spm] Performance monitoring completed for 698a51a
[spm]: ProfilerData event received.
I/flutter (16153): [SPM:perf] 698a51a  buildSpan: 791µs
I/flutter (16153): [spm] Performance monitoring completed for 698a51a
[spm]: ProfilerData event received.
I/flutter (16153): [SPM:perf] 698a51a  buildSpan: 755µs
I/flutter (16153): [spm] Performance monitoring completed for 698a51a
[spm]: ProfilerData event received.
I/flutter (16153): [SPM:perf] 698a51a  buildSpan: 762µs
I/flutter (16153): [spm] Performance monitoring completed for 698a51a
[spm]: ProfilerData event received.
I/flutter (16153): [SPM:perf] 698a51a  buildSpan: 802µs
I/flutter (16153): [spm] Performance monitoring completed for 698a51a
[spm]: ProfilerData event received.
I/flutter (16153): [SPM:perf] 698a51a  buildSpan: 770µs
I/flutter (16153): [spm] Performance monitoring completed for 698a51a
[spm]: ProfilerData event received.
I/flutter (16153): [SPM:perf] 698a51a  buildSpan: 806µs
I/flutter (16153): [spm] Performance monitoring completed for 698a51a
I/flutter (16153): [SPM:perf] 698a51a  buildSpan: 781µs
[spm]: ProfilerData event received.
I/flutter (16153): [spm] Performance monitoring completed for 698a51a
[spm]: ProfilerData event received.
I/flutter (16153): [SPM:perf] 698a51a  buildSpan: 979µs
I/flutter (16153): [spm] Performance monitoring completed for 698a51a
[spm]: ProfilerData event received.
I/flutter (16153): [SPM:perf] 698a51a  buildSpan: 745µs
I/flutter (16153): [spm] Performance monitoring completed for 698a51a
[spm]: ProfilerData event received.
I/flutter (16153): [SPM:perf] 698a51a  buildSpan: 882µs
I/flutter (16153): [spm] Performance monitoring completed for 698a51a
[spm]: ProfilerData event received.
I/flutter (16153): [SPM:perf] 698a51a  buildSpan: 779µs
I/flutter (16153): [spm] Performance monitoring completed for 698a51a
[spm]: ProfilerData event received.
I/flutter (16153): [SPM:perf] 698a51a  buildSpan: 789µs
I/flutter (16153): [spm] Performance monitoring completed for 698a51a
[spm]: ProfilerData event received.
I/flutter (16153): [SPM:perf] 698a51a  buildSpan: 760µs
I/flutter (16153): [spm] Performance monitoring completed for 698a51a
[spm]: ProfilerData event received.
I/flutter (16153): [SPM:perf] 698a51a  buildSpan: 774µs
I/flutter (16153): [spm] Performance monitoring completed for 698a51a
I/flutter (16153): 01:12 +1: (tearDownAll)
I/flutter (16153): 01:13 +2: All tests passed!
I/Choreographer(16153): Skipped 57 frames!  The application may be doing too much work on its main thread.
W/Looper  (16153): PerfMonitor doFrame : time=3ms vsyncFrame=0 latency=953ms procState=-1 historyMsgCount=8
I/OpenGLRenderer(16153): Davey! duration=963ms; Flags=0, FrameTimelineVsyncId=1177711, IntendedVsync=89149025109570, Vsync=89149975109532, InputEventId=0, HandleInputStart=89149978981302, AnimationStart=89149978986719, PerformTraversalsStart=89149978989844, DrawStart=89149980358802, FrameDeadline=89149041776236, FrameInterval=89149978718333, FrameStartTime=16666666, SyncQueued=89149981121719, SyncStart=89149981350677, IssueDrawCommandsStart=89149981430833, SwapBuffers=89149982283021, FrameCompleted=89149988503437, DequeueBufferDuration=41823, QueueBufferDuration=1024947, GpuCompleted=89149988503437, SwapBuffersCompleted=89149983934010, DisplayPresentTime=35201560962687, 
[SPM:shot] wrote <ROOT>/dataset-new_samples/0314/redmi9t/shots/0314__rev_003_883908ec.png (43427 bytes)
All tests passed.
[spm]: Saved 30 profiler events to <ROOT>/dataset-new_samples/0314/redmi9t/raw/20260916-070441/rev_003_883908ec/e3.jsonl
[spm]: Reverting injection...
9 issues found. (ran in 1.1s)
WARNING: Your Android app project: app located at: <ROOT>/android/app/build.gradle.kts
applies the Kotlin Gradle Plugin, which will cause build failures in future versions of Flutter. 
Please migrate your app to Built-in Kotlin using this guide: https://docs.flutter.dev/release/breaking-changes/migrate-to-built-in-kotlin/for-app-developers

VMServiceFlutterDriver: Connecting to Flutter application at http://127.0.0.1:45675/VXgWqzSuUJk=/
[spm]: Detected VM service URI: ws://127.0.0.1:45675/VXgWqzSuUJk=/ws
VMServiceFlutterDriver: Isolate found with number: 7080807578501367
VMServiceFlutterDriver: Isolate 7080807578501367 is runnable.
VMServiceFlutterDriver: Isolate is paused at start.
VMServiceFlutterDriver: Attempting to resume isolate
VMServiceFlutterDriver: Connected to Flutter application.
VMServiceFlutterDriver: request_data message is taking a long time to complete...