# sample_id=38/base exec_index=5 ok=True perf_lines=30 vm_events=30 battery_pct=50 soc_temp_millic=40800 battery_temp_c=33.0 charging=False preflight_started=2026-08-13T09:14:00.852633+00:00 started=2026-08-13T09:14:03.584946+00:00 ts=2026-08-13T09:16:05.938259+00:00
[spm]: Running flutter analyze...
Analyzing lib...                                                

   info • Invalid use of a private type in a public API. Try making the private type public, or making the API that uses the private type also be private • lib/dependencies.dart:15:3 • library_private_types_in_public_api
   info • Invalid use of a private type in a public API. Try making the private type public, or making the API that uses the private type also be private • lib/dependencies.dart:28:7 • library_private_types_in_public_api
   info • Invalid use of a private type in a public API. Try making the private type public, or making the API that uses the private type also be private • lib/dependencies.dart:29:6 • library_private_types_in_public_api

[spm]: Injecting profiler code...
[spm]: Starting app...
Running Gradle task 'assembleProfile'...                        
Running Gradle task 'assembleProfile'...                           21.1s
✓ Built build/app/outputs/flutter-apk/app-profile.apk (61.8MB)
Installing build/app/outputs/flutter-apk/app-profile.apk...      2,244ms
D/SurfaceView(21849): UPDATE null, mIsCastMode = false
D/hw-ProcessState(21849): Binder ioctl to enable oneway spam detection failed: Invalid argument
W/Looper  (21849): PerfMonitor longMsg : seq=8 plan=12:14:40.337 late=599ms wall=2026ms running=0ms h=android.view.Choreographer$FrameHandler c=android.view.Choreographer$FrameDisplayEventReceiver procState=-1
W/Looper  (21849): PerfMonitor doFrame : time=2026ms vsyncFrame=0 latency=599ms procState=-1 historyMsgCount=6 (msgIndex=2 wall=2026ms seq=8 late=599ms h=android.view.Choreographer$FrameHandler c=android.view.Choreographer$FrameDisplayEventReceiver) (msgIndex=3 wall=591ms seq=4 h=android.app.ActivityThread$H w=159)
I/Choreographer(21849): Skipped 113 frames!  The application may be doing too much work on its main thread.
D/SurfaceView(21849): UPDATE Surface(name=SurfaceView[com.example.benchmark_container/com.example.benchmark_container.MainActivity])/@0x7e8b657, mIsProjectionMode = false
W/Looper  (21849): PerfMonitor doFrame : time=3ms vsyncFrame=0 latency=1887ms procState=-1 historyMsgCount=5
[spm]: Connected to Dart VM service.
I/flutter (21849): 00:00 +0: Performance Benchmark
E/hmark_containe(21849): open libmigui.so failed! dlopen - dlopen failed: library "libmigui.so" not found
D/hmark_containe(21849): MiuiProcessManagerServiceStub setSchedFifo
I/MiuiProcessManagerImpl(21849): setSchedFifo pid:21849, mode:3
D/DecorView[](21849): onWindowFocusChanged hasWindowFocus true
D/DecorView[](21849): getWindowModeFromSystem  windowmode is 1
D/DecorView[](21849): updateDecorCaptionStatus displayWindowDecor is false
D/ProfileInstaller(21849): Installing profile for com.example.benchmark_container
I/flutter (21849): setState 698a51a
[spm]: ProfilerData event received.
I/flutter (21849): [SPM:perf] 698a51a  buildSpan: 3602µs
I/flutter (21849): [spm] Performance monitoring completed for 698a51a
I/flutter (21849): setState 698a51a
[spm]: ProfilerData event received.
I/flutter (21849): [SPM:perf] 698a51a  buildSpan: 2617µs
I/flutter (21849): [spm] Performance monitoring completed for 698a51a
I/flutter (21849): setState 698a51a
[spm]: ProfilerData event received.
I/flutter (21849): [SPM:perf] 698a51a  buildSpan: 3664µs
I/flutter (21849): [spm] Performance monitoring completed for 698a51a
I/flutter (21849): setState 698a51a
[spm]: ProfilerData event received.
I/flutter (21849): [SPM:perf] 698a51a  buildSpan: 3935µs
I/flutter (21849): [spm] Performance monitoring completed for 698a51a
I/flutter (21849): setState 698a51a
[spm]: ProfilerData event received.
I/flutter (21849): [SPM:perf] 698a51a  buildSpan: 3403µs
I/flutter (21849): [spm] Performance monitoring completed for 698a51a
I/flutter (21849): setState 698a51a
[spm]: ProfilerData event received.
I/flutter (21849): [SPM:perf] 698a51a  buildSpan: 3358µs
I/flutter (21849): [spm] Performance monitoring completed for 698a51a
I/flutter (21849): setState 698a51a
[spm]: ProfilerData event received.
I/flutter (21849): [SPM:perf] 698a51a  buildSpan: 3154µs
I/flutter (21849): [spm] Performance monitoring completed for 698a51a
I/flutter (21849): setState 698a51a
[spm]: ProfilerData event received.
I/flutter (21849): [SPM:perf] 698a51a  buildSpan: 3413µs
I/flutter (21849): [spm] Performance monitoring completed for 698a51a
I/flutter (21849): setState 698a51a
[spm]: ProfilerData event received.
I/flutter (21849): [SPM:perf] 698a51a  buildSpan: 3679µs
I/flutter (21849): [spm] Performance monitoring completed for 698a51a
I/flutter (21849): setState 698a51a
[spm]: ProfilerData event received.
I/flutter (21849): [SPM:perf] 698a51a  buildSpan: 3583µs
I/flutter (21849): [spm] Performance monitoring completed for 698a51a
I/flutter (21849): setState 698a51a
[spm]: ProfilerData event received.
I/flutter (21849): [SPM:perf] 698a51a  buildSpan: 3287µs
I/flutter (21849): [spm] Performance monitoring completed for 698a51a
I/flutter (21849): setState 698a51a
[spm]: ProfilerData event received.
I/flutter (21849): [SPM:perf] 698a51a  buildSpan: 3431µs
I/flutter (21849): [spm] Performance monitoring completed for 698a51a
I/flutter (21849): setState 698a51a
[spm]: ProfilerData event received.
I/flutter (21849): [SPM:perf] 698a51a  buildSpan: 2651µs
I/flutter (21849): [spm] Performance monitoring completed for 698a51a
I/flutter (21849): setState 698a51a
[spm]: ProfilerData event received.
I/flutter (21849): [SPM:perf] 698a51a  buildSpan: 3696µs
I/flutter (21849): [spm] Performance monitoring completed for 698a51a
I/flutter (21849): setState 698a51a
[spm]: ProfilerData event received.
I/flutter (21849): [SPM:perf] 698a51a  buildSpan: 3270µs
I/flutter (21849): [spm] Performance monitoring completed for 698a51a
I/flutter (21849): setState 698a51a
[spm]: ProfilerData event received.
I/flutter (21849): [SPM:perf] 698a51a  buildSpan: 3431µs
I/flutter (21849): [spm] Performance monitoring completed for 698a51a
I/flutter (21849): setState 698a51a
[spm]: ProfilerData event received.
I/flutter (21849): [SPM:perf] 698a51a  buildSpan: 3546µs
I/flutter (21849): [spm] Performance monitoring completed for 698a51a
I/flutter (21849): setState 698a51a
[spm]: ProfilerData event received.
I/flutter (21849): [SPM:perf] 698a51a  buildSpan: 3418µs
I/flutter (21849): [spm] Performance monitoring completed for 698a51a
I/flutter (21849): setState 698a51a
[spm]: ProfilerData event received.
I/flutter (21849): [SPM:perf] 698a51a  buildSpan: 2723µs
I/flutter (21849): [spm] Performance monitoring completed for 698a51a
I/flutter (21849): setState 698a51a
[spm]: ProfilerData event received.
I/flutter (21849): [SPM:perf] 698a51a  buildSpan: 3477µs
I/flutter (21849): [spm] Performance monitoring completed for 698a51a
I/flutter (21849): setState 698a51a
[spm]: ProfilerData event received.
I/flutter (21849): [SPM:perf] 698a51a  buildSpan: 3592µs
I/flutter (21849): [spm] Performance monitoring completed for 698a51a
I/flutter (21849): setState 698a51a
[spm]: ProfilerData event received.
I/flutter (21849): [SPM:perf] 698a51a  buildSpan: 3416µs
I/flutter (21849): [spm] Performance monitoring completed for 698a51a
I/flutter (21849): setState 698a51a
[spm]: ProfilerData event received.
I/flutter (21849): [SPM:perf] 698a51a  buildSpan: 3431µs
I/flutter (21849): [spm] Performance monitoring completed for 698a51a
I/flutter (21849): setState 698a51a
[spm]: ProfilerData event received.
I/flutter (21849): [SPM:perf] 698a51a  buildSpan: 3317µs
I/flutter (21849): [spm] Performance monitoring completed for 698a51a
I/flutter (21849): setState 698a51a
[spm]: ProfilerData event received.
I/flutter (21849): [SPM:perf] 698a51a  buildSpan: 2788µs
I/flutter (21849): [spm] Performance monitoring completed for 698a51a
I/flutter (21849): setState 698a51a
[spm]: ProfilerData event received.
I/flutter (21849): [SPM:perf] 698a51a  buildSpan: 2603µs
I/flutter (21849): [spm] Performance monitoring completed for 698a51a
I/flutter (21849): setState 698a51a
[spm]: ProfilerData event received.
I/flutter (21849): [SPM:perf] 698a51a  buildSpan: 3435µs
I/flutter (21849): [spm] Performance monitoring completed for 698a51a
I/flutter (21849): setState 698a51a
[spm]: ProfilerData event received.
I/flutter (21849): [SPM:perf] 698a51a  buildSpan: 3468µs
I/flutter (21849): [spm] Performance monitoring completed for 698a51a
I/flutter (21849): setState 698a51a
[spm]: ProfilerData event received.
I/flutter (21849): [SPM:perf] 698a51a  buildSpan: 3466µs
I/flutter (21849): [spm] Performance monitoring completed for 698a51a
I/flutter (21849): setState 698a51a
[spm]: ProfilerData event received.
I/flutter (21849): [SPM:perf] 698a51a  buildSpan: 3398µs
I/flutter (21849): [spm] Performance monitoring completed for 698a51a
I/flutter (21849): 01:12 +1: (tearDownAll)
I/flutter (21849): 01:13 +2: All tests passed!
All tests passed.
[spm]: Saved 30 profiler events to <ROOT>/dataset/38/redmi9t/raw/20260813-071435/base/e5.jsonl
[spm]: Reverting injection...
3 issues found. (ran in 0.5s)
WARNING: Your Android app project: app located at: <ROOT>/android/app/build.gradle.kts
applies the Kotlin Gradle Plugin, which will cause build failures in future versions of Flutter. 
Please migrate your app to Built-in Kotlin using this guide: https://docs.flutter.dev/release/breaking-changes/migrate-to-built-in-kotlin/for-app-developers

VMServiceFlutterDriver: Connecting to Flutter application at http://127.0.0.1:36773/WtIL83dJZjc=/
[spm]: Detected VM service URI: ws://127.0.0.1:36773/WtIL83dJZjc=/ws
VMServiceFlutterDriver: Isolate found with number: 3811988112323867
VMServiceFlutterDriver: Isolate 3811988112323867 is runnable.
VMServiceFlutterDriver: Isolate is paused at start.
VMServiceFlutterDriver: Attempting to resume isolate
VMServiceFlutterDriver: Connected to Flutter application.