# sample_id=0349/rev_004_ebecf1c9 exec_index=9 ok=True perf_lines=30 vm_events=30 battery_pct=58 soc_temp_millic=39200 battery_temp_c=31.0 charging=False preflight_started=2026-09-10T12:08:37.091138+00:00 started=2026-09-10T12:08:39.804479+00:00 ts=2026-09-10T12:10:45.151964+00:00
[spm]: Running flutter analyze...
Analyzing lib...                                                

   info • The part-of directive uses a library name. Try converting the directive to use the URI of the library • lib/dependencies.dart:46:1 • use_string_in_part_of_directives
   info • The variable name 'EEEE' isn't a lowerCamelCase identifier. Try changing the name to follow the lowerCamelCase style • lib/dependencies.dart:164:14 • non_constant_identifier_names
   info • The variable name 'EEEEE' isn't a lowerCamelCase identifier. Try changing the name to follow the lowerCamelCase style • lib/dependencies.dart:165:14 • non_constant_identifier_names
   info • The variable name 'LLL' isn't a lowerCamelCase identifier. Try changing the name to follow the lowerCamelCase style • lib/dependencies.dart:166:14 • non_constant_identifier_names
   info • The variable name 'LLLL' isn't a lowerCamelCase identifier. Try changing the name to follow the lowerCamelCase style • lib/dependencies.dart:167:14 • non_constant_identifier_names
   info • The variable name 'Md' isn't a lowerCamelCase identifier. Try changing the name to follow the lowerCamelCase style • lib/dependencies.dart:169:14 • non_constant_identifier_names
   info • The variable name 'MEd' isn't a lowerCamelCase identifier. Try changing the name to follow the lowerCamelCase style • lib/dependencies.dart:170:14 • non_constant_identifier_names
   info • The variable name 'MMM' isn't a lowerCamelCase identifier. Try changing the name to follow the lowerCamelCase style • lib/dependencies.dart:171:14 • non_constant_identifier_names
   info • The variable name 'MMMd' isn't a lowerCamelCase identifier. Try changing the name to follow the lowerCamelCase style • lib/dependencies.dart:172:14 • non_constant_identifier_names
   info • The variable name 'MMMEd' isn't a lowerCamelCase identifier. Try changing the name to follow the lowerCamelCase style • lib/dependencies.dart:173:14 • non_constant_identifier_names
   info • The variable name 'MMMM' isn't a lowerCamelCase identifier. Try changing the name to follow the lowerCamelCase style • lib/dependencies.dart:174:14 • non_constant_identifier_names
   info • The variable name 'MMMMd' isn't a lowerCamelCase identifier. Try changing the name to follow the lowerCamelCase style • lib/dependencies.dart:175:14 • non_constant_identifier_names
   info • The variable name 'MMMMEEEEd' isn't a lowerCamelCase identifier. Try changing the name to follow the lowerCamelCase style • lib/dependencies.dart:176:14 • non_constant_identifier_names
   info • The variable name 'QQQ' isn't a lowerCamelCase identifier. Try changing the name to follow the lowerCamelCase style • lib/dependencies.dart:177:14 • non_constant_identifier_names
   info • The variable name 'QQQQ' isn't a lowerCamelCase identifier. Try changing the name to follow the lowerCamelCase style • lib/dependencies.dart:178:14 • non_constant_identifier_names
   info • The variable name 'Hm' isn't a lowerCamelCase identifier. Try changing the name to follow the lowerCamelCase style • lib/dependencies.dart:192:14 • non_constant_identifier_names
   info • The variable name 'Hms' isn't a lowerCamelCase identifier. Try changing the name to follow the lowerCamelCase style • lib/dependencies.dart:193:14 • non_constant_identifier_names
   info • Library names are not necessary. Remove the library name • lib/generated_widget.dart:2:9 • unnecessary_library_name
   info • 'withOpacity' is deprecated and shouldn't be used. Use .withValues() to avoid precision loss. Try replacing the use of the deprecated member with the replacement • lib/generated_widget.dart:115:36 • deprecated_member_use
   info • 'withOpacity' is deprecated and shouldn't be used. Use .withValues() to avoid precision loss. Try replacing the use of the deprecated member with the replacement • lib/generated_widget.dart:139:36 • deprecated_member_use
   info • 'withOpacity' is deprecated and shouldn't be used. Use .withValues() to avoid precision loss. Try replacing the use of the deprecated member with the replacement • lib/generated_widget.dart:162:44 • deprecated_member_use

[spm]: Injecting profiler code...
[spm]: Starting app...
Running Gradle task 'assembleProfile'...                        
Running Gradle task 'assembleProfile'...                           20.2s
✓ Built build/app/outputs/flutter-apk/app-profile.apk (26.8MB)
Installing build/app/outputs/flutter-apk/app-profile.apk...      1,195ms
D/DecorView[](21962): getWindowModeFromSystem  windowmode is 1
I/ForceDarkHelperStubImpl(21962): setViewRootImplForceDark: false for com.example.benchmark_container.MainActivity@e6f428d, reason: AppDarkModeEnable
I/ForceDarkHelperStubImpl(21962): setViewRootImplForceDark: false for com.example.benchmark_container.MainActivity@e6f428d, reason: AppDarkModeEnable
D/DecorView[](21962): getWindowModeFromSystem  windowmode is 1
D/DecorView[](21962): updateDecorCaptionStatus displayWindowDecor is false
W/Looper  (21962): PerfMonitor looperActivity : package=com.example.benchmark_container/.MainActivity time=358ms latency=434ms running=0ms  procState=-1  historyMsgCount=3 (msgIndex=3 wall=416ms seq=3 h=android.app.ActivityThread$H w=110)
W/Looper  (21962): PerfMonitor looperActivity : package=com.example.benchmark_container/.MainActivity time=0ms latency=748ms running=0ms  procState=-1  historyMsgCount=3 (msgIndex=2 wall=416ms seq=3 h=android.app.ActivityThread$H w=110) (msgIndex=3 wall=358ms seq=4 h=android.app.ActivityThread$H w=159)
D/SurfaceView(21962): UPDATE null, mIsCastMode = false
D/hw-ProcessState(21962): Binder ioctl to enable oneway spam detection failed: Invalid argument
W/Looper  (21962): PerfMonitor longMsg : seq=8 plan=15:09:17.717 late=361ms wall=1673ms running=0ms h=android.view.Choreographer$FrameHandler c=android.view.Choreographer$FrameDisplayEventReceiver procState=-1
W/Looper  (21962): PerfMonitor doFrame : time=1673ms vsyncFrame=0 latency=361ms procState=-1 historyMsgCount=4 (msgIndex=1 wall=1673ms seq=8 late=361ms h=android.view.Choreographer$FrameHandler c=android.view.Choreographer$FrameDisplayEventReceiver)
I/Choreographer(21962): Skipped 95 frames!  The application may be doing too much work on its main thread.
D/SurfaceView(21962): UPDATE Surface(name=SurfaceView[com.example.benchmark_container/com.example.benchmark_container.MainActivity])/@0xca20cbb, mIsProjectionMode = false
W/Looper  (21962): PerfMonitor doFrame : time=3ms vsyncFrame=0 latency=1592ms procState=-1 historyMsgCount=4
[spm]: Connected to Dart VM service.
I/flutter (21962): 00:00 +0: Performance Benchmark
E/hmark_containe(21962): open libmigui.so failed! dlopen - dlopen failed: library "libmigui.so" not found
D/hmark_containe(21962): MiuiProcessManagerServiceStub setSchedFifo
I/MiuiProcessManagerImpl(21962): setSchedFifo pid:21962, mode:3
D/DecorView[](21962): onWindowFocusChanged hasWindowFocus true
D/DecorView[](21962): getWindowModeFromSystem  windowmode is 1
D/DecorView[](21962): updateDecorCaptionStatus displayWindowDecor is false
D/ProfileInstaller(21962): Installing profile for com.example.benchmark_container
[spm]: ProfilerData event received.
I/flutter (21962): [SPM:perf] 698a51a  buildSpan: 3285µs
I/flutter (21962): [spm] Performance monitoring completed for 698a51a
[spm]: ProfilerData event received.
I/flutter (21962): [SPM:perf] 698a51a  buildSpan: 4857µs
I/flutter (21962): [spm] Performance monitoring completed for 698a51a
[spm]: ProfilerData event received.
I/flutter (21962): [SPM:perf] 698a51a  buildSpan: 3414µs
I/flutter (21962): [spm] Performance monitoring completed for 698a51a
[spm]: ProfilerData event received.
I/flutter (21962): [SPM:perf] 698a51a  buildSpan: 4316µs
I/flutter (21962): [spm] Performance monitoring completed for 698a51a
[spm]: ProfilerData event received.
I/flutter (21962): [SPM:perf] 698a51a  buildSpan: 4335µs
I/flutter (21962): [spm] Performance monitoring completed for 698a51a
[spm]: ProfilerData event received.
I/flutter (21962): [SPM:perf] 698a51a  buildSpan: 3315µs
I/flutter (21962): [spm] Performance monitoring completed for 698a51a
[spm]: ProfilerData event received.
I/flutter (21962): [SPM:perf] 698a51a  buildSpan: 4282µs
I/flutter (21962): [spm] Performance monitoring completed for 698a51a
[spm]: ProfilerData event received.
I/flutter (21962): [SPM:perf] 698a51a  buildSpan: 3348µs
I/flutter (21962): [spm] Performance monitoring completed for 698a51a
[spm]: ProfilerData event received.
I/flutter (21962): [SPM:perf] 698a51a  buildSpan: 3460µs
I/flutter (21962): [spm] Performance monitoring completed for 698a51a
[spm]: ProfilerData event received.
I/flutter (21962): [SPM:perf] 698a51a  buildSpan: 4269µs
I/flutter (21962): [spm] Performance monitoring completed for 698a51a
I/flutter (21962): [SPM:perf] 698a51a  buildSpan: 4487µs
I/flutter (21962): [spm] Performance monitoring completed for 698a51a
[spm]: ProfilerData event received.
[spm]: ProfilerData event received.
I/flutter (21962): [SPM:perf] 698a51a  buildSpan: 4517µs
I/flutter (21962): [spm] Performance monitoring completed for 698a51a
[spm]: ProfilerData event received.
I/flutter (21962): [SPM:perf] 698a51a  buildSpan: 4577µs
I/flutter (21962): [spm] Performance monitoring completed for 698a51a
[spm]: ProfilerData event received.
I/flutter (21962): [SPM:perf] 698a51a  buildSpan: 3633µs
I/flutter (21962): [spm] Performance monitoring completed for 698a51a
[spm]: ProfilerData event received.
I/flutter (21962): [SPM:perf] 698a51a  buildSpan: 3696µs
I/flutter (21962): [spm] Performance monitoring completed for 698a51a
[spm]: ProfilerData event received.
I/flutter (21962): [SPM:perf] 698a51a  buildSpan: 4329µs
I/flutter (21962): [spm] Performance monitoring completed for 698a51a
[spm]: ProfilerData event received.
I/flutter (21962): [SPM:perf] 698a51a  buildSpan: 4273µs
I/flutter (21962): [spm] Performance monitoring completed for 698a51a
[spm]: ProfilerData event received.
I/flutter (21962): [SPM:perf] 698a51a  buildSpan: 4350µs
I/flutter (21962): [spm] Performance monitoring completed for 698a51a
[spm]: ProfilerData event received.
I/flutter (21962): [SPM:perf] 698a51a  buildSpan: 3818µs
I/flutter (21962): [spm] Performance monitoring completed for 698a51a
[spm]: ProfilerData event received.
I/flutter (21962): [SPM:perf] 698a51a  buildSpan: 3016µs
I/flutter (21962): [spm] Performance monitoring completed for 698a51a
I/flutter (21962): [SPM:perf] 698a51a  buildSpan: 4327µs
I/flutter (21962): [spm] Performance monitoring completed for 698a51a
[spm]: ProfilerData event received.
[spm]: ProfilerData event received.
I/flutter (21962): [SPM:perf] 698a51a  buildSpan: 3280µs
I/flutter (21962): [spm] Performance monitoring completed for 698a51a
[spm]: ProfilerData event received.
I/flutter (21962): [SPM:perf] 698a51a  buildSpan: 3830µs
I/flutter (21962): [spm] Performance monitoring completed for 698a51a
[spm]: ProfilerData event received.
I/flutter (21962): [SPM:perf] 698a51a  buildSpan: 4345µs
I/flutter (21962): [spm] Performance monitoring completed for 698a51a
[spm]: ProfilerData event received.
I/flutter (21962): [SPM:perf] 698a51a  buildSpan: 3805µs
I/flutter (21962): [spm] Performance monitoring completed for 698a51a
[spm]: ProfilerData event received.
I/flutter (21962): [SPM:perf] 698a51a  buildSpan: 4298µs
I/flutter (21962): [spm] Performance monitoring completed for 698a51a
[spm]: ProfilerData event received.
I/flutter (21962): [SPM:perf] 698a51a  buildSpan: 4227µs
I/flutter (21962): [spm] Performance monitoring completed for 698a51a
[spm]: ProfilerData event received.
I/flutter (21962): [SPM:perf] 698a51a  buildSpan: 4302µs
I/flutter (21962): [spm] Performance monitoring completed for 698a51a
[spm]: ProfilerData event received.
I/flutter (21962): [SPM:perf] 698a51a  buildSpan: 4205µs
I/flutter (21962): [spm] Performance monitoring completed for 698a51a
[spm]: ProfilerData event received.
I/flutter (21962): [SPM:perf] 698a51a  buildSpan: 4239µs
I/flutter (21962): [spm] Performance monitoring completed for 698a51a
I/flutter (21962): 01:12 +1: (tearDownAll)
I/flutter (21962): 01:14 +2: All tests passed!
I/Choreographer(21962): Skipped 62 frames!  The application may be doing too much work on its main thread.
W/Looper  (21962): PerfMonitor doFrame : time=3ms vsyncFrame=0 latency=1040ms procState=-1 historyMsgCount=6
I/OpenGLRenderer(21962): Davey! duration=1049ms; Flags=0, FrameTimelineVsyncId=6258122, IntendedVsync=162463230776698, Vsync=162464264109990, InputEventId=0, HandleInputStart=162464270636096, AnimationStart=162464270644326, PerformTraversalsStart=162464270647555, DrawStart=162464271662399, FrameDeadline=162463247443364, FrameInterval=162464270327919, FrameStartTime=16666666, SyncQueued=162464272494534, SyncStart=162464273021982, IssueDrawCommandsStart=162464273215836, SwapBuffers=162464274356721, FrameCompleted=162464280347503, DequeueBufferDuration=70209, QueueBufferDuration=1103750, GpuCompleted=162464280347503, SwapBuffersCompleted=162464276093076, DisplayPresentTime=0, 
[SPM:shot] wrote <ROOT>/dataset-new_samples/0349/redmi9t/shots/0349__rev_004_ebecf1c9.png (72751 bytes)
All tests passed.
[spm]: Saved 30 profiler events to <ROOT>/dataset-new_samples/0349/redmi9t/raw/20260910-150350/rev_004_ebecf1c9/e9.jsonl
[spm]: Reverting injection...
21 issues found. (ran in 0.8s)
WARNING: Your Android app project: app located at: <ROOT>/android/app/build.gradle.kts
applies the Kotlin Gradle Plugin, which will cause build failures in future versions of Flutter. 
Please migrate your app to Built-in Kotlin using this guide: https://docs.flutter.dev/release/breaking-changes/migrate-to-built-in-kotlin/for-app-developers

VMServiceFlutterDriver: Connecting to Flutter application at http://127.0.0.1:35673/mGWcdoZTB1I=/
[spm]: Detected VM service URI: ws://127.0.0.1:35673/mGWcdoZTB1I=/ws
VMServiceFlutterDriver: Isolate found with number: 5940672942612331
VMServiceFlutterDriver: Isolate 5940672942612331 is runnable.
VMServiceFlutterDriver: Isolate is paused at start.
VMServiceFlutterDriver: Attempting to resume isolate
VMServiceFlutterDriver: Connected to Flutter application.
VMServiceFlutterDriver: request_data message is taking a long time to complete...