# sample_id=1414/rev_003_cdbc2f11 exec_index=1 ok=True perf_lines=30 vm_events=30 battery_pct=45 soc_temp_millic=37000 battery_temp_c=29.8 charging=False preflight_started=2026-09-17T23:16:06.068551+00:00 started=2026-09-17T23:16:08.853695+00:00 ts=2026-09-17T23:17:51.831288+00:00
[spm]: Running flutter analyze...
Resolving dependencies...
Downloading packages...
  _fe_analyzer_shared 100.0.0 (108.0.0 available)
  analyzer 13.0.0 (14.4.0 available)
  async 2.13.0 (2.13.1 available)
  clock 1.1.2 (1.1.3 available)
  cupertino_icons 1.0.8 (1.0.9 available)
  glob 2.1.3 (2.2.0 available)
  lints 6.0.0 (6.1.0 available)
  matcher 0.12.19 (0.12.20 available)
  material_color_utilities 0.13.0 (0.13.1 available)
  meta 1.18.0 (1.19.0 available)
  package_config 2.2.0 (3.0.0 available)
  platform 3.1.6 (3.2.0 available)
  process 5.0.5 (5.0.6 available)
  pub_semver 2.2.0 (2.2.1 available)
  source_span 1.10.1 (1.10.2 available)
  stack_trace 1.12.1 (1.12.2 available)
  test_api 0.7.11 (0.7.14 available)
  vector_math 2.2.0 (2.4.2 available)
  vm_service 15.0.2 (15.3.0 available)
  webdriver 3.1.0 (3.2.0 available)
  yaml 3.1.3 (3.1.4 available)
Got dependencies!
21 packages have newer versions incompatible with dependency constraints.
Try `flutter pub outdated` for more information.
Analyzing lib...                                                

   info • The part-of directive uses a library name. Try converting the directive to use the URI of the library • lib/dependencies.dart:46:1 • use_string_in_part_of_directives
   info • Library names are not necessary. Remove the library name • lib/generated_widget.dart:2:9 • unnecessary_library_name

[spm]: Injecting profiler code...
[spm]: Starting app...
Running Gradle task 'assembleProfile'...                        
Running Gradle task 'assembleProfile'...                         2,120ms
✓ Built build/app/outputs/flutter-apk/app-profile.apk (26.8MB)
Installing build/app/outputs/flutter-apk/app-profile.apk...      1,299ms
D/SurfaceView(20456): UPDATE null, mIsCastMode = false
D/hw-ProcessState(20456): Binder ioctl to enable oneway spam detection failed: Invalid argument
W/Looper  (20456): PerfMonitor longMsg : seq=8 plan=02:16:27.669 late=459ms wall=1757ms running=0ms h=android.view.Choreographer$FrameHandler c=android.view.Choreographer$FrameDisplayEventReceiver procState=-1
W/Looper  (20456): PerfMonitor doFrame : time=1757ms vsyncFrame=0 latency=459ms procState=-1 historyMsgCount=6 (msgIndex=2 wall=1757ms seq=8 late=459ms h=android.view.Choreographer$FrameHandler c=android.view.Choreographer$FrameDisplayEventReceiver) (msgIndex=3 wall=425ms seq=4 h=android.app.ActivityThread$H w=159)
I/Choreographer(20456): Skipped 100 frames!  The application may be doing too much work on its main thread.
D/SurfaceView(20456): UPDATE Surface(name=SurfaceView[com.example.benchmark_container/com.example.benchmark_container.MainActivity])/@0x9ac515, mIsProjectionMode = false
W/Looper  (20456): PerfMonitor doFrame : time=3ms vsyncFrame=0 latency=1673ms procState=-1 historyMsgCount=4
[spm]: Connected to Dart VM service.
I/flutter (20456): 00:00 +0: Performance Benchmark
E/hmark_containe(20456): open libmigui.so failed! dlopen - dlopen failed: library "libmigui.so" not found
D/hmark_containe(20456): MiuiProcessManagerServiceStub setSchedFifo
I/MiuiProcessManagerImpl(20456): setSchedFifo pid:20456, mode:3
D/DecorView[](20456): onWindowFocusChanged hasWindowFocus true
D/DecorView[](20456): getWindowModeFromSystem  windowmode is 1
D/DecorView[](20456): updateDecorCaptionStatus displayWindowDecor is false
D/ProfileInstaller(20456): Installing profile for com.example.benchmark_container
I/flutter (20456): [SPM:perf] 698a51a  buildSpan: 1989µs
[spm]: ProfilerData event received.
I/flutter (20456): [spm] Performance monitoring completed for 698a51a
[spm]: ProfilerData event received.
I/flutter (20456): [SPM:perf] 698a51a  buildSpan: 1864µs
I/flutter (20456): [spm] Performance monitoring completed for 698a51a
[spm]: ProfilerData event received.
I/flutter (20456): [SPM:perf] 698a51a  buildSpan: 2040µs
I/flutter (20456): [spm] Performance monitoring completed for 698a51a
[spm]: ProfilerData event received.
I/flutter (20456): [SPM:perf] 698a51a  buildSpan: 1988µs
I/flutter (20456): [spm] Performance monitoring completed for 698a51a
[spm]: ProfilerData event received.
I/flutter (20456): [SPM:perf] 698a51a  buildSpan: 1850µs
I/flutter (20456): [spm] Performance monitoring completed for 698a51a
I/flutter (20456): [SPM:perf] 698a51a  buildSpan: 2090µs
I/flutter (20456): [spm] Performance monitoring completed for 698a51a
[spm]: ProfilerData event received.
I/flutter (20456): [SPM:perf] 698a51a  buildSpan: 2006µs
[spm]: ProfilerData event received.
I/flutter (20456): [spm] Performance monitoring completed for 698a51a
[spm]: ProfilerData event received.
I/flutter (20456): [SPM:perf] 698a51a  buildSpan: 2094µs
I/flutter (20456): [spm] Performance monitoring completed for 698a51a
I/flutter (20456): [SPM:perf] 698a51a  buildSpan: 1997µs
[spm]: ProfilerData event received.
I/flutter (20456): [spm] Performance monitoring completed for 698a51a
[spm]: ProfilerData event received.
I/flutter (20456): [SPM:perf] 698a51a  buildSpan: 1601µs
I/flutter (20456): [spm] Performance monitoring completed for 698a51a
I/flutter (20456): [SPM:perf] 698a51a  buildSpan: 1936µs
I/flutter (20456): [spm] Performance monitoring completed for 698a51a
[spm]: ProfilerData event received.
[spm]: ProfilerData event received.
I/flutter (20456): [SPM:perf] 698a51a  buildSpan: 1881µs
I/flutter (20456): [spm] Performance monitoring completed for 698a51a
I/flutter (20456): [SPM:perf] 698a51a  buildSpan: 1884µs
I/flutter (20456): [spm] Performance monitoring completed for 698a51a
[spm]: ProfilerData event received.
I/flutter (20456): [SPM:perf] 698a51a  buildSpan: 2058µs
I/flutter (20456): [spm] Performance monitoring completed for 698a51a
[spm]: ProfilerData event received.
[spm]: ProfilerData event received.
I/flutter (20456): [SPM:perf] 698a51a  buildSpan: 1844µs
I/flutter (20456): [spm] Performance monitoring completed for 698a51a
[spm]: ProfilerData event received.
I/flutter (20456): [SPM:perf] 698a51a  buildSpan: 1848µs
I/flutter (20456): [spm] Performance monitoring completed for 698a51a
I/flutter (20456): [SPM:perf] 698a51a  buildSpan: 1857µs
[spm]: ProfilerData event received.
I/flutter (20456): [spm] Performance monitoring completed for 698a51a
I/flutter (20456): [SPM:perf] 698a51a  buildSpan: 1857µs
I/flutter (20456): [spm] Performance monitoring completed for 698a51a
[spm]: ProfilerData event received.
[spm]: ProfilerData event received.
I/flutter (20456): [SPM:perf] 698a51a  buildSpan: 1899µs
I/flutter (20456): [spm] Performance monitoring completed for 698a51a
[spm]: ProfilerData event received.
I/flutter (20456): [SPM:perf] 698a51a  buildSpan: 1767µs
I/flutter (20456): [spm] Performance monitoring completed for 698a51a
[spm]: ProfilerData event received.
I/flutter (20456): [SPM:perf] 698a51a  buildSpan: 1995µs
I/flutter (20456): [spm] Performance monitoring completed for 698a51a
I/flutter (20456): [SPM:perf] 698a51a  buildSpan: 2029µs
I/flutter (20456): [spm] Performance monitoring completed for 698a51a
[spm]: ProfilerData event received.
[spm]: ProfilerData event received.
I/flutter (20456): [SPM:perf] 698a51a  buildSpan: 2437µs
I/flutter (20456): [spm] Performance monitoring completed for 698a51a
[spm]: ProfilerData event received.
I/flutter (20456): [SPM:perf] 698a51a  buildSpan: 1807µs
I/flutter (20456): [spm] Performance monitoring completed for 698a51a
[spm]: ProfilerData event received.
I/flutter (20456): [SPM:perf] 698a51a  buildSpan: 1874µs
I/flutter (20456): [spm] Performance monitoring completed for 698a51a
[spm]: ProfilerData event received.
I/flutter (20456): [SPM:perf] 698a51a  buildSpan: 1892µs
I/flutter (20456): [spm] Performance monitoring completed for 698a51a
[spm]: ProfilerData event received.
I/flutter (20456): [SPM:perf] 698a51a  buildSpan: 1934µs
I/flutter (20456): [spm] Performance monitoring completed for 698a51a
I/flutter (20456): [SPM:perf] 698a51a  buildSpan: 1805µs
I/flutter (20456): [spm] Performance monitoring completed for 698a51a
[spm]: ProfilerData event received.
[spm]: ProfilerData event received.
I/flutter (20456): [SPM:perf] 698a51a  buildSpan: 1980µs
I/flutter (20456): [spm] Performance monitoring completed for 698a51a
I/flutter (20456): [SPM:perf] 698a51a  buildSpan: 2018µs
I/flutter (20456): [spm] Performance monitoring completed for 698a51a
[spm]: ProfilerData event received.
I/flutter (20456): 01:10 +1: (tearDownAll)
I/flutter (20456): 01:11 +2: All tests passed!
All tests passed.
[spm]: Saved 30 profiler events to <ROOT>/dataset-new_samples/1414/redmi9t/raw/20260918-015038/rev_003_cdbc2f11/e1.jsonl
[spm]: Reverting injection...
2 issues found. (ran in 0.5s)
WARNING: Your Android app project: app located at: <ROOT>/android/app/build.gradle.kts
applies the Kotlin Gradle Plugin, which will cause build failures in future versions of Flutter. 
Please migrate your app to Built-in Kotlin using this guide: https://docs.flutter.dev/release/breaking-changes/migrate-to-built-in-kotlin/for-app-developers

VMServiceFlutterDriver: Connecting to Flutter application at http://127.0.0.1:38403/668F4ika7yY=/
[spm]: Detected VM service URI: ws://127.0.0.1:38403/668F4ika7yY=/ws
VMServiceFlutterDriver: Isolate found with number: 1848436848719643
VMServiceFlutterDriver: Isolate 1848436848719643 is runnable.
VMServiceFlutterDriver: Isolate is paused at start.
VMServiceFlutterDriver: Attempting to resume isolate
VMServiceFlutterDriver: Connected to Flutter application.
VMServiceFlutterDriver: request_data message is taking a long time to complete...