# sample_id=0358/rev_003_f7c129c1 exec_index=13 ok=True perf_lines=29 vm_events=30 battery_pct=41 soc_temp_millic=40800 battery_temp_c=29.6 charging=False preflight_started=2026-09-16T15:42:54.078701+00:00 started=2026-09-16T15:42:56.413095+00:00 ts=2026-09-16T15:44:56.334522+00:00
[spm]: Running flutter analyze...
Resolving dependencies...
Downloading packages...
  _fe_analyzer_shared 100.0.0 (108.0.0 available)
  analyzer 13.0.0 (14.4.0 available)
  async 2.13.0 (2.13.1 available)
  clock 1.1.2 (1.1.3 available)
  cupertino_icons 1.0.8 (1.0.9 available)
  glob 2.1.3 (2.2.0 available)
  lints 6.0.0 (6.1.0 available)
  matcher 0.12.19 (0.12.20 available)
  material_color_utilities 0.13.0 (0.13.1 available)
  meta 1.18.0 (1.19.0 available)
  package_config 2.2.0 (3.0.0 available)
  platform 3.1.6 (3.2.0 available)
  process 5.0.5 (5.0.6 available)
  pub_semver 2.2.0 (2.2.1 available)
  source_span 1.10.1 (1.10.2 available)
  stack_trace 1.12.1 (1.12.2 available)
  test_api 0.7.11 (0.7.14 available)
  vector_math 2.2.0 (2.4.2 available)
  vm_service 15.0.2 (15.3.0 available)
  webdriver 3.1.0 (3.2.0 available)
  yaml 3.1.3 (3.1.4 available)
Got dependencies!
21 packages have newer versions incompatible with dependency constraints.
Try `flutter pub outdated` for more information.
Analyzing lib...                                                

   info • The part-of directive uses a library name. Try converting the directive to use the URI of the library • lib/dependencies.dart:46:1 • use_string_in_part_of_directives
   info • Library names are not necessary. Remove the library name • lib/generated_widget.dart:2:9 • unnecessary_library_name
   info • 'withOpacity' is deprecated and shouldn't be used. Use .withValues() to avoid precision loss. Try replacing the use of the deprecated member with the replacement • lib/generated_widget.dart:277:42 • deprecated_member_use

[spm]: Injecting profiler code...
[spm]: Starting app...
Running Gradle task 'assembleProfile'...                        
Running Gradle task 'assembleProfile'...                           20.2s
✓ Built build/app/outputs/flutter-apk/app-profile.apk (26.8MB)
Installing build/app/outputs/flutter-apk/app-profile.apk...        994ms
D/DecorView[](21623): getWindowModeFromSystem  windowmode is 1
D/DecorView[](21623): updateDecorCaptionStatus displayWindowDecor is false
W/Looper  (21623): PerfMonitor looperActivity : package=com.example.benchmark_container/.MainActivity time=408ms latency=346ms running=0ms  procState=-1  historyMsgCount=3 (msgIndex=1 wall=408ms seq=4 late=346ms h=android.app.ActivityThread$H w=159) (msgIndex=2 wall=408ms seq=4 late=346ms h=android.app.ActivityThread$H w=159) (msgIndex=3 wall=351ms seq=3 h=android.app.ActivityThread$H w=110)
W/Looper  (21623): PerfMonitor looperActivity : package=com.example.benchmark_container/.MainActivity time=0ms latency=756ms running=0ms  procState=-1  historyMsgCount=4 (msgIndex=1 wall=408ms seq=4 late=346ms h=android.app.ActivityThread$H w=159) (msgIndex=2 wall=408ms seq=4 late=346ms h=android.app.ActivityThread$H w=159) (msgIndex=3 wall=351ms seq=3 h=android.app.ActivityThread$H w=110) (msgIndex=4 wall=408ms seq=4 late=346ms h=android.app.ActivityThread$H w=159)
D/SurfaceView(21623): UPDATE null, mIsCastMode = false
D/hw-ProcessState(21623): Binder ioctl to enable oneway spam detection failed: Invalid argument
W/Looper  (21623): PerfMonitor longMsg : seq=8 plan=18:43:32.347 late=432ms wall=1756ms running=0ms h=android.view.Choreographer$FrameHandler c=android.view.Choreographer$FrameDisplayEventReceiver procState=-1
W/Looper  (21623): PerfMonitor doFrame : time=1756ms vsyncFrame=0 latency=432ms procState=-1 historyMsgCount=7 (msgIndex=1 wall=408ms seq=4 h=android.app.ActivityThread$H w=159) (msgIndex=2 wall=408ms seq=4 h=android.app.ActivityThread$H w=159) (msgIndex=3 wall=1756ms seq=8 late=432ms h=android.view.Choreographer$FrameHandler c=android.view.Choreographer$FrameDisplayEventReceiver) (msgIndex=4 wall=408ms seq=4 h=android.app.ActivityThread$H w=159)
I/Choreographer(21623): Skipped 99 frames!  The application may be doing too much work on its main thread.
D/SurfaceView(21623): UPDATE Surface(name=SurfaceView[com.example.benchmark_container/com.example.benchmark_container.MainActivity])/@0x9ac515, mIsProjectionMode = false
W/Looper  (21623): PerfMonitor doFrame : time=3ms vsyncFrame=0 latency=1660ms procState=-1 historyMsgCount=4
[spm]: Connected to Dart VM service.
I/flutter (21623): 00:00 +0: Performance Benchmark
E/hmark_containe(21623): open libmigui.so failed! dlopen - dlopen failed: library "libmigui.so" not found
D/hmark_containe(21623): MiuiProcessManagerServiceStub setSchedFifo
I/MiuiProcessManagerImpl(21623): setSchedFifo pid:21623, mode:3
D/DecorView[](21623): onWindowFocusChanged hasWindowFocus true
D/ProfileInstaller(21623): Installing profile for com.example.benchmark_container
D/DecorView[](21623): getWindowModeFromSystem  windowmode is 1
D/DecorView[](21623): updateDecorCaptionStatus displayWindowDecor is false
[spm]: ProfilerData event received.
I/flutter (21623): [SPM:perf] 698a51a  buildSpan: 9180µs
I/flutter (21623): [spm] Performance monitoring completed for 698a51a
I/flutter (21623): [SPM:perf] 698a51a  buildSpan: 3532µs
I/flutter (21623): [spm] Performance monitoring completed for 698a51a
[spm]: ProfilerData event received.
[spm]: ProfilerData event received.
I/flutter (21623): [SPM:perf] 698a51a  buildSpan: 3333µs
I/flutter (21623): [spm] Performance monitoring completed for 698a51a
[spm]: ProfilerData event received.
I/flutter (21623): [SPM:perf] 698a51a  buildSpan: 3275µs
I/flutter (21623): [spm] Performance monitoring completed for 698a51a
I/flutter (21623): [SPM:perf] 698a51a  buildSpan: 3532µs
[spm]: ProfilerData event received.
I/flutter (21623): [spm] Performance monitoring completed for 698a51a
[spm]: ProfilerData event received.
I/flutter (21623): [SPM:perf] 698a51a  buildSpan: 3301µs
I/flutter (21623): [spm] Performance monitoring completed for 698a51a
[spm]: ProfilerData event received.
I/flutter (21623): [SPM:perf] 698a51a  buildSpan: 3317µs
I/flutter (21623): [spm] Performance monitoring completed for 698a51a
[spm]: ProfilerData event received.
I/flutter (21623): [SPM:perf] 698a51a  buildSpan: 3313µs
I/flutter (21623): [spm] Performance monitoring completed for 698a51a
[spm]: ProfilerData event received.
I/flutter (21623): [SPM:perf] 698a51a  buildSpan: 3365µs
I/flutter (21623): [spm] Performance monitoring completed for 698a51a
I/flutter (21623): [SPM:perf] 698a51a  buildSpan: 3305µs
[spm]: ProfilerData event received.
I/flutter (21623): [spm] Performance monitoring completed for 698a51a
[spm]: ProfilerData event received.
I/flutter (21623): [SPM:perf] 698a51a  buildSpan: 3313µs
I/flutter (21623): [spm] Performance monitoring completed for 698a51a
I/flutter (21623): [SPM:perf] 698a51a  buildSpan: 3424µs
[spm]: ProfilerData event received.
I/flutter (21623): [spm] Performance monitoring completed for 698a51a
[spm]: ProfilerData event received.
I/flutter (21623): [SPM:perf] 698a51a  buildSpan: 3277µs
I/flutter (21623): [spm] Performance monitoring completed for 698a51a
[spm]: ProfilerData event received.
I/flutter (21623): [SPM:perf] 698a51a  buildSpan: 3438µs
I/flutter (21623): [spm] Performance monitoring completed for 698a51a
[spm]: ProfilerData event received.
I/flutter (21623): [SPM:perf] 698a51a  buildSpan: 3371µs
I/flutter (21623): [spm] Performance monitoring completed for 698a51a
[spm]: ProfilerData event received.
I/flutter (21623): [SPM:perf] 698a51a  buildSpan: 3264µs
I/flutter (21623): [spm] Performance monitoring completed for 698a51a
[spm]: ProfilerData event received.
I/flutter (21623): [SPM:perf] 698a51a  buildSpan: 3325µs
I/flutter (21623): [spm] Performance monitoring completed for 698a51a
[spm]: ProfilerData event received.
I/flutter (21623): [SPM:perf] 698a51a  buildSpan: 3320µs
I/flutter (21623): [spm] Performance monitoring completed for 698a51a
I/flutter (21623): [SPM:perf] 698a51a  buildSpan: 3446µs
I/flutter (21623): [spm] Performance monitoring completed for 698a51a
[spm]: ProfilerData event received.
[spm]: ProfilerData event received.
I/flutter (21623): [SPM:perf] 698a51a  buildSpan: 3246µs
I/flutter (21623): [spm] Performance monitoring completed for 698a51a
[spm]: ProfilerData event received.
I/flutter (21623): [SPM:perf] 698a51a  buildSpan: 3569µs
I/flutter (21623): [spm] Performance monitoring completed for 698a51a
[spm]: ProfilerData event received.
I/flutter (21623): [SPM:perf] 698a51a  buildSpan: 3427µs
I/flutter (21623): [spm] Performance monitoring completed for 698a51a
[spm]: ProfilerData event received.
I/flutter (21623): [SPM:perf] 698a51a  buildSpan: 3375µs
I/flutter (21623): [spm] Performance monitoring completed for 698a51a
[spm]: ProfilerData event received.
I/flutter (21623): [SPM:perf] 698a51a  buildSpan: 3266µs
I/flutter (21623): [spm] Performance monitoring completed for 698a51a
[spm]: ProfilerData event received.
I/flutter (21623): [spm] Performance monitoring completed for 698a51a
[spm]: ProfilerData event received.
I/flutter (21623): [SPM:perf] 698a51a  buildSpan: 3313µs
I/flutter (21623): [spm] Performance monitoring completed for 698a51a
[spm]: ProfilerData event received.
I/flutter (21623): [SPM:perf] 698a51a  buildSpan: 3324µs
I/flutter (21623): [spm] Performance monitoring completed for 698a51a
[spm]: ProfilerData event received.
I/flutter (21623): [SPM:perf] 698a51a  buildSpan: 3264µs
I/flutter (21623): [spm] Performance monitoring completed for 698a51a
[spm]: ProfilerData event received.
I/flutter (21623): [SPM:perf] 698a51a  buildSpan: 3374µs
I/flutter (21623): [spm] Performance monitoring completed for 698a51a
I/flutter (21623): [SPM:perf] 698a51a  buildSpan: 3505µs
[spm]: ProfilerData event received.
I/flutter (21623): [spm] Performance monitoring completed for 698a51a
I/flutter (21623): 01:10 +1: (tearDownAll)
I/flutter (21623): 01:11 +2: All tests passed!
All tests passed.
[spm]: Saved 30 profiler events to <ROOT>/dataset-new_samples/0358/redmi9t/raw/20260916-174443/rev_003_f7c129c1/e13.jsonl
[spm]: Reverting injection...
3 issues found. (ran in 0.5s)
WARNING: Your Android app project: app located at: <ROOT>/android/app/build.gradle.kts
applies the Kotlin Gradle Plugin, which will cause build failures in future versions of Flutter. 
Please migrate your app to Built-in Kotlin using this guide: https://docs.flutter.dev/release/breaking-changes/migrate-to-built-in-kotlin/for-app-developers

VMServiceFlutterDriver: Connecting to Flutter application at http://127.0.0.1:34013/hD8O_hyHNr8=/
[spm]: Detected VM service URI: ws://127.0.0.1:34013/hD8O_hyHNr8=/ws
VMServiceFlutterDriver: Isolate found with number: 5854269881186203
VMServiceFlutterDriver: Isolate 5854269881186203 is runnable.
VMServiceFlutterDriver: Isolate is paused at start.
VMServiceFlutterDriver: Attempting to resume isolate
VMServiceFlutterDriver: Connected to Flutter application.
VMServiceFlutterDriver: request_data message is taking a long time to complete...