# sample_id=0358/rev_003_f7c129c1 exec_index=14 ok=True perf_lines=30 vm_events=30 battery_pct=44 soc_temp_millic=39200 battery_temp_c=29.5 charging=False preflight_started=2026-09-16T15:09:44.192734+00:00 started=2026-09-16T15:09:46.543998+00:00 ts=2026-09-16T15:11:46.589191+00:00
[spm]: Running flutter analyze...
Resolving dependencies...
Downloading packages...
  _fe_analyzer_shared 100.0.0 (108.0.0 available)
  analyzer 13.0.0 (14.4.0 available)
  async 2.13.0 (2.13.1 available)
  clock 1.1.2 (1.1.3 available)
  cupertino_icons 1.0.8 (1.0.9 available)
  glob 2.1.3 (2.2.0 available)
  lints 6.0.0 (6.1.0 available)
  matcher 0.12.19 (0.12.20 available)
  material_color_utilities 0.13.0 (0.13.1 available)
  meta 1.18.0 (1.19.0 available)
  package_config 2.2.0 (3.0.0 available)
  platform 3.1.6 (3.2.0 available)
  process 5.0.5 (5.0.6 available)
  pub_semver 2.2.0 (2.2.1 available)
  source_span 1.10.1 (1.10.2 available)
  stack_trace 1.12.1 (1.12.2 available)
  test_api 0.7.11 (0.7.14 available)
  vector_math 2.2.0 (2.4.2 available)
  vm_service 15.0.2 (15.3.0 available)
  webdriver 3.1.0 (3.2.0 available)
  yaml 3.1.3 (3.1.4 available)
Got dependencies!
21 packages have newer versions incompatible with dependency constraints.
Try `flutter pub outdated` for more information.
Analyzing lib...                                                

   info • The part-of directive uses a library name. Try converting the directive to use the URI of the library • lib/dependencies.dart:46:1 • use_string_in_part_of_directives
   info • Library names are not necessary. Remove the library name • lib/generated_widget.dart:2:9 • unnecessary_library_name
   info • 'withOpacity' is deprecated and shouldn't be used. Use .withValues() to avoid precision loss. Try replacing the use of the deprecated member with the replacement • lib/generated_widget.dart:277:42 • deprecated_member_use

[spm]: Injecting profiler code...
[spm]: Starting app...
Running Gradle task 'assembleProfile'...                        
Running Gradle task 'assembleProfile'...                           20.0s
✓ Built build/app/outputs/flutter-apk/app-profile.apk (26.8MB)
Installing build/app/outputs/flutter-apk/app-profile.apk...        978ms
D/DecorView[](17674): getWindowModeFromSystem  windowmode is 1
D/DecorView[](17674): updateDecorCaptionStatus displayWindowDecor is false
W/Looper  (17674): PerfMonitor looperActivity : package=com.example.benchmark_container/.MainActivity time=420ms latency=356ms running=0ms  procState=-1  historyMsgCount=3 (msgIndex=1 wall=420ms seq=4 late=356ms h=android.app.ActivityThread$H w=159) (msgIndex=2 wall=420ms seq=4 late=356ms h=android.app.ActivityThread$H w=159) (msgIndex=3 wall=368ms seq=3 h=android.app.ActivityThread$H w=110)
W/Looper  (17674): PerfMonitor looperActivity : package=com.example.benchmark_container/.MainActivity time=0ms latency=779ms running=0ms  procState=-1  historyMsgCount=4 (msgIndex=1 wall=420ms seq=4 late=356ms h=android.app.ActivityThread$H w=159) (msgIndex=2 wall=420ms seq=4 late=356ms h=android.app.ActivityThread$H w=159) (msgIndex=3 wall=368ms seq=3 h=android.app.ActivityThread$H w=110) (msgIndex=4 wall=420ms seq=4 late=356ms h=android.app.ActivityThread$H w=159)
D/SurfaceView(17674): UPDATE null, mIsCastMode = false
D/hw-ProcessState(17674): Binder ioctl to enable oneway spam detection failed: Invalid argument
W/Looper  (17674): PerfMonitor longMsg : seq=8 plan=18:10:22.642 late=445ms wall=1747ms running=0ms h=android.view.Choreographer$FrameHandler c=android.view.Choreographer$FrameDisplayEventReceiver procState=-1
W/Looper  (17674): PerfMonitor doFrame : time=1747ms vsyncFrame=0 latency=445ms procState=-1 historyMsgCount=7 (msgIndex=1 wall=420ms seq=4 h=android.app.ActivityThread$H w=159) (msgIndex=2 wall=420ms seq=4 h=android.app.ActivityThread$H w=159) (msgIndex=3 wall=1747ms seq=8 late=445ms h=android.view.Choreographer$FrameHandler c=android.view.Choreographer$FrameDisplayEventReceiver) (msgIndex=4 wall=420ms seq=4 h=android.app.ActivityThread$H w=159)
I/Choreographer(17674): Skipped 98 frames!  The application may be doing too much work on its main thread.
D/SurfaceView(17674): UPDATE Surface(name=SurfaceView[com.example.benchmark_container/com.example.benchmark_container.MainActivity])/@0x9ac515, mIsProjectionMode = false
W/Looper  (17674): PerfMonitor doFrame : time=2ms vsyncFrame=0 latency=1648ms procState=-1 historyMsgCount=4
[spm]: Connected to Dart VM service.
I/flutter (17674): 00:00 +0: Performance Benchmark
E/hmark_containe(17674): open libmigui.so failed! dlopen - dlopen failed: library "libmigui.so" not found
D/hmark_containe(17674): MiuiProcessManagerServiceStub setSchedFifo
I/MiuiProcessManagerImpl(17674): setSchedFifo pid:17674, mode:3
D/DecorView[](17674): onWindowFocusChanged hasWindowFocus true
D/DecorView[](17674): getWindowModeFromSystem  windowmode is 1
D/DecorView[](17674): updateDecorCaptionStatus displayWindowDecor is false
D/ProfileInstaller(17674): Installing profile for com.example.benchmark_container
[spm]: ProfilerData event received.
I/flutter (17674): [SPM:perf] 698a51a  buildSpan: 9334µs
I/flutter (17674): [spm] Performance monitoring completed for 698a51a
[spm]: ProfilerData event received.
I/flutter (17674): [SPM:perf] 698a51a  buildSpan: 3319µs
I/flutter (17674): [spm] Performance monitoring completed for 698a51a
[spm]: ProfilerData event received.
I/flutter (17674): [SPM:perf] 698a51a  buildSpan: 3538µs
I/flutter (17674): [spm] Performance monitoring completed for 698a51a
[spm]: ProfilerData event received.
I/flutter (17674): [SPM:perf] 698a51a  buildSpan: 3272µs
I/flutter (17674): [spm] Performance monitoring completed for 698a51a
[spm]: ProfilerData event received.
I/flutter (17674): [SPM:perf] 698a51a  buildSpan: 3302µs
I/flutter (17674): [spm] Performance monitoring completed for 698a51a
[spm]: ProfilerData event received.
I/flutter (17674): [SPM:perf] 698a51a  buildSpan: 3334µs
I/flutter (17674): [spm] Performance monitoring completed for 698a51a
[spm]: ProfilerData event received.
I/flutter (17674): [SPM:perf] 698a51a  buildSpan: 3684µs
I/flutter (17674): [spm] Performance monitoring completed for 698a51a
[spm]: ProfilerData event received.
I/flutter (17674): [SPM:perf] 698a51a  buildSpan: 3273µs
I/flutter (17674): [spm] Performance monitoring completed for 698a51a
[spm]: ProfilerData event received.
I/flutter (17674): [SPM:perf] 698a51a  buildSpan: 3266µs
I/flutter (17674): [spm] Performance monitoring completed for 698a51a
[spm]: ProfilerData event received.
I/flutter (17674): [SPM:perf] 698a51a  buildSpan: 3402µs
I/flutter (17674): [spm] Performance monitoring completed for 698a51a
[spm]: ProfilerData event received.
I/flutter (17674): [SPM:perf] 698a51a  buildSpan: 3295µs
I/flutter (17674): [spm] Performance monitoring completed for 698a51a
[spm]: ProfilerData event received.
I/flutter (17674): [SPM:perf] 698a51a  buildSpan: 3286µs
I/flutter (17674): [spm] Performance monitoring completed for 698a51a
I/flutter (17674): [SPM:perf] 698a51a  buildSpan: 3296µs
I/flutter (17674): [spm] Performance monitoring completed for 698a51a
[spm]: ProfilerData event received.
[spm]: ProfilerData event received.
I/flutter (17674): [SPM:perf] 698a51a  buildSpan: 3420µs
I/flutter (17674): [spm] Performance monitoring completed for 698a51a
[spm]: ProfilerData event received.
I/flutter (17674): [SPM:perf] 698a51a  buildSpan: 3277µs
I/flutter (17674): [spm] Performance monitoring completed for 698a51a
[spm]: ProfilerData event received.
I/flutter (17674): [SPM:perf] 698a51a  buildSpan: 3225µs
I/flutter (17674): [spm] Performance monitoring completed for 698a51a
[spm]: ProfilerData event received.
I/flutter (17674): [SPM:perf] 698a51a  buildSpan: 3341µs
I/flutter (17674): [spm] Performance monitoring completed for 698a51a
I/flutter (17674): [SPM:perf] 698a51a  buildSpan: 3316µs
[spm]: ProfilerData event received.
I/flutter (17674): [spm] Performance monitoring completed for 698a51a
[spm]: ProfilerData event received.
I/flutter (17674): [SPM:perf] 698a51a  buildSpan: 3291µs
I/flutter (17674): [spm] Performance monitoring completed for 698a51a
[spm]: ProfilerData event received.
I/flutter (17674): [SPM:perf] 698a51a  buildSpan: 3265µs
I/flutter (17674): [spm] Performance monitoring completed for 698a51a
I/flutter (17674): [SPM:perf] 698a51a  buildSpan: 3381µs
I/flutter (17674): [spm] Performance monitoring completed for 698a51a
[spm]: ProfilerData event received.
[spm]: ProfilerData event received.
I/flutter (17674): [SPM:perf] 698a51a  buildSpan: 3285µs
I/flutter (17674): [spm] Performance monitoring completed for 698a51a
[spm]: ProfilerData event received.
I/flutter (17674): [SPM:perf] 698a51a  buildSpan: 3951µs
I/flutter (17674): [spm] Performance monitoring completed for 698a51a
I/flutter (17674): [SPM:perf] 698a51a  buildSpan: 3406µs
I/flutter (17674): [spm] Performance monitoring completed for 698a51a
[spm]: ProfilerData event received.
[spm]: ProfilerData event received.
I/flutter (17674): [SPM:perf] 698a51a  buildSpan: 4247µs
I/flutter (17674): [spm] Performance monitoring completed for 698a51a
[spm]: ProfilerData event received.
I/flutter (17674): [SPM:perf] 698a51a  buildSpan: 3313µs
I/flutter (17674): [spm] Performance monitoring completed for 698a51a
[spm]: ProfilerData event received.
I/flutter (17674): [SPM:perf] 698a51a  buildSpan: 3378µs
I/flutter (17674): [spm] Performance monitoring completed for 698a51a
[spm]: ProfilerData event received.
I/flutter (17674): [SPM:perf] 698a51a  buildSpan: 3424µs
I/flutter (17674): [spm] Performance monitoring completed for 698a51a
[spm]: ProfilerData event received.
I/flutter (17674): [SPM:perf] 698a51a  buildSpan: 3215µs
I/flutter (17674): [spm] Performance monitoring completed for 698a51a
I/flutter (17674): [SPM:perf] 698a51a  buildSpan: 3848µs
I/flutter (17674): [spm] Performance monitoring completed for 698a51a
[spm]: ProfilerData event received.
I/flutter (17674): 01:10 +1: (tearDownAll)
I/flutter (17674): 01:11 +2: All tests passed!
All tests passed.
[spm]: Saved 30 profiler events to <ROOT>/dataset-new_samples/0358/redmi9t/raw/20260916-174443/rev_003_f7c129c1/e14.jsonl
[spm]: Reverting injection...
3 issues found. (ran in 0.5s)
WARNING: Your Android app project: app located at: <ROOT>/android/app/build.gradle.kts
applies the Kotlin Gradle Plugin, which will cause build failures in future versions of Flutter. 
Please migrate your app to Built-in Kotlin using this guide: https://docs.flutter.dev/release/breaking-changes/migrate-to-built-in-kotlin/for-app-developers

VMServiceFlutterDriver: Connecting to Flutter application at http://127.0.0.1:36597/soEKM--RYxw=/
[spm]: Detected VM service URI: ws://127.0.0.1:36597/soEKM--RYxw=/ws
VMServiceFlutterDriver: Isolate found with number: 6054428735709803
VMServiceFlutterDriver: Isolate 6054428735709803 is runnable.
VMServiceFlutterDriver: Isolate is paused at start.
VMServiceFlutterDriver: Attempting to resume isolate
VMServiceFlutterDriver: Connected to Flutter application.
VMServiceFlutterDriver: request_data message is taking a long time to complete...