# sample_id=0358/rev_003_f7c129c1 exec_index=8 ok=True perf_lines=30 vm_events=30 battery_pct=43 soc_temp_millic=38600 battery_temp_c=29.4 charging=False preflight_started=2026-09-16T15:19:57.057840+00:00 started=2026-09-16T15:19:59.403678+00:00 ts=2026-09-16T15:21:59.193245+00:00
[spm]: Running flutter analyze...
Resolving dependencies...
Downloading packages...
  _fe_analyzer_shared 100.0.0 (108.0.0 available)
  analyzer 13.0.0 (14.4.0 available)
  async 2.13.0 (2.13.1 available)
  clock 1.1.2 (1.1.3 available)
  cupertino_icons 1.0.8 (1.0.9 available)
  glob 2.1.3 (2.2.0 available)
  lints 6.0.0 (6.1.0 available)
  matcher 0.12.19 (0.12.20 available)
  material_color_utilities 0.13.0 (0.13.1 available)
  meta 1.18.0 (1.19.0 available)
  package_config 2.2.0 (3.0.0 available)
  platform 3.1.6 (3.2.0 available)
  process 5.0.5 (5.0.6 available)
  pub_semver 2.2.0 (2.2.1 available)
  source_span 1.10.1 (1.10.2 available)
  stack_trace 1.12.1 (1.12.2 available)
  test_api 0.7.11 (0.7.14 available)
  vector_math 2.2.0 (2.4.2 available)
  vm_service 15.0.2 (15.3.0 available)
  webdriver 3.1.0 (3.2.0 available)
  yaml 3.1.3 (3.1.4 available)
Got dependencies!
21 packages have newer versions incompatible with dependency constraints.
Try `flutter pub outdated` for more information.
Analyzing lib...                                                

   info • The part-of directive uses a library name. Try converting the directive to use the URI of the library • lib/dependencies.dart:46:1 • use_string_in_part_of_directives
   info • Library names are not necessary. Remove the library name • lib/generated_widget.dart:2:9 • unnecessary_library_name
   info • 'withOpacity' is deprecated and shouldn't be used. Use .withValues() to avoid precision loss. Try replacing the use of the deprecated member with the replacement • lib/generated_widget.dart:277:42 • deprecated_member_use

[spm]: Injecting profiler code...
[spm]: Starting app...
Running Gradle task 'assembleProfile'...                        
Running Gradle task 'assembleProfile'...                           20.1s
✓ Built build/app/outputs/flutter-apk/app-profile.apk (26.8MB)
Installing build/app/outputs/flutter-apk/app-profile.apk...        992ms
D/DecorView[](28427): getWindowModeFromSystem  windowmode is 1
D/DecorView[](28427): updateDecorCaptionStatus displayWindowDecor is false
W/Looper  (28427): PerfMonitor looperActivity : package=com.example.benchmark_container/.MainActivity time=382ms latency=346ms running=0ms  procState=-1  historyMsgCount=3 (msgIndex=1 wall=382ms seq=4 late=346ms h=android.app.ActivityThread$H w=159) (msgIndex=2 wall=382ms seq=4 late=346ms h=android.app.ActivityThread$H w=159) (msgIndex=3 wall=354ms seq=3 h=android.app.ActivityThread$H w=110)
W/Looper  (28427): PerfMonitor looperActivity : package=com.example.benchmark_container/.MainActivity time=0ms latency=733ms running=0ms  procState=-1  historyMsgCount=4 (msgIndex=1 wall=382ms seq=4 late=346ms h=android.app.ActivityThread$H w=159) (msgIndex=2 wall=382ms seq=4 late=346ms h=android.app.ActivityThread$H w=159) (msgIndex=3 wall=354ms seq=3 h=android.app.ActivityThread$H w=110) (msgIndex=4 wall=382ms seq=4 late=346ms h=android.app.ActivityThread$H w=159)
D/SurfaceView(28427): UPDATE null, mIsCastMode = false
D/hw-ProcessState(28427): Binder ioctl to enable oneway spam detection failed: Invalid argument
W/Looper  (28427): PerfMonitor longMsg : seq=8 plan=18:20:35.539 late=409ms wall=1780ms running=0ms h=android.view.Choreographer$FrameHandler c=android.view.Choreographer$FrameDisplayEventReceiver procState=-1
W/Looper  (28427): PerfMonitor doFrame : time=1780ms vsyncFrame=0 latency=409ms procState=-1 historyMsgCount=7 (msgIndex=1 wall=382ms seq=4 h=android.app.ActivityThread$H w=159) (msgIndex=2 wall=382ms seq=4 h=android.app.ActivityThread$H w=159) (msgIndex=3 wall=1780ms seq=8 late=409ms h=android.view.Choreographer$FrameHandler c=android.view.Choreographer$FrameDisplayEventReceiver) (msgIndex=4 wall=382ms seq=4 h=android.app.ActivityThread$H w=159)
I/Choreographer(28427): Skipped 100 frames!  The application may be doing too much work on its main thread.
D/SurfaceView(28427): UPDATE Surface(name=SurfaceView[com.example.benchmark_container/com.example.benchmark_container.MainActivity])/@0x9ac515, mIsProjectionMode = false
W/Looper  (28427): PerfMonitor doFrame : time=3ms vsyncFrame=0 latency=1679ms procState=-1 historyMsgCount=4
[spm]: Connected to Dart VM service.
I/flutter (28427): 00:00 +0: Performance Benchmark
E/hmark_containe(28427): open libmigui.so failed! dlopen - dlopen failed: library "libmigui.so" not found
D/hmark_containe(28427): MiuiProcessManagerServiceStub setSchedFifo
I/MiuiProcessManagerImpl(28427): setSchedFifo pid:28427, mode:3
D/DecorView[](28427): onWindowFocusChanged hasWindowFocus true
D/DecorView[](28427): getWindowModeFromSystem  windowmode is 1
D/DecorView[](28427): updateDecorCaptionStatus displayWindowDecor is false
D/ProfileInstaller(28427): Installing profile for com.example.benchmark_container
[spm]: ProfilerData event received.
I/flutter (28427): [SPM:perf] 698a51a  buildSpan: 9322µs
I/flutter (28427): [spm] Performance monitoring completed for 698a51a
I/flutter (28427): [SPM:perf] 698a51a  buildSpan: 3573µs
I/flutter (28427): [spm] Performance monitoring completed for 698a51a
[spm]: ProfilerData event received.
[spm]: ProfilerData event received.
I/flutter (28427): [SPM:perf] 698a51a  buildSpan: 3561µs
I/flutter (28427): [spm] Performance monitoring completed for 698a51a
[spm]: ProfilerData event received.
I/flutter (28427): [SPM:perf] 698a51a  buildSpan: 3380µs
I/flutter (28427): [spm] Performance monitoring completed for 698a51a
[spm]: ProfilerData event received.
I/flutter (28427): [SPM:perf] 698a51a  buildSpan: 3313µs
I/flutter (28427): [spm] Performance monitoring completed for 698a51a
[spm]: ProfilerData event received.
I/flutter (28427): [SPM:perf] 698a51a  buildSpan: 3505µs
I/flutter (28427): [spm] Performance monitoring completed for 698a51a
[spm]: ProfilerData event received.
I/flutter (28427): [SPM:perf] 698a51a  buildSpan: 3387µs
I/flutter (28427): [spm] Performance monitoring completed for 698a51a
[spm]: ProfilerData event received.
I/flutter (28427): [SPM:perf] 698a51a  buildSpan: 3287µs
I/flutter (28427): [spm] Performance monitoring completed for 698a51a
[spm]: ProfilerData event received.
I/flutter (28427): [SPM:perf] 698a51a  buildSpan: 3437µs
I/flutter (28427): [spm] Performance monitoring completed for 698a51a
[spm]: ProfilerData event received.
I/flutter (28427): [SPM:perf] 698a51a  buildSpan: 3298µs
I/flutter (28427): [spm] Performance monitoring completed for 698a51a
[spm]: ProfilerData event received.
I/flutter (28427): [SPM:perf] 698a51a  buildSpan: 3411µs
I/flutter (28427): [spm] Performance monitoring completed for 698a51a
[spm]: ProfilerData event received.
I/flutter (28427): [SPM:perf] 698a51a  buildSpan: 3341µs
I/flutter (28427): [spm] Performance monitoring completed for 698a51a
[spm]: ProfilerData event received.
I/flutter (28427): [SPM:perf] 698a51a  buildSpan: 3710µs
I/flutter (28427): [spm] Performance monitoring completed for 698a51a
[spm]: ProfilerData event received.
I/flutter (28427): [SPM:perf] 698a51a  buildSpan: 3294µs
I/flutter (28427): [spm] Performance monitoring completed for 698a51a
[spm]: ProfilerData event received.
I/flutter (28427): [SPM:perf] 698a51a  buildSpan: 3919µs
I/flutter (28427): [spm] Performance monitoring completed for 698a51a
I/flutter (28427): [SPM:perf] 698a51a  buildSpan: 3364µs
I/flutter (28427): [spm] Performance monitoring completed for 698a51a
[spm]: ProfilerData event received.
[spm]: ProfilerData event received.
I/flutter (28427): [SPM:perf] 698a51a  buildSpan: 3271µs
I/flutter (28427): [spm] Performance monitoring completed for 698a51a
[spm]: ProfilerData event received.
I/flutter (28427): [SPM:perf] 698a51a  buildSpan: 3296µs
I/flutter (28427): [spm] Performance monitoring completed for 698a51a
[spm]: ProfilerData event received.
I/flutter (28427): [SPM:perf] 698a51a  buildSpan: 3426µs
I/flutter (28427): [spm] Performance monitoring completed for 698a51a
[spm]: ProfilerData event received.
I/flutter (28427): [SPM:perf] 698a51a  buildSpan: 3433µs
I/flutter (28427): [spm] Performance monitoring completed for 698a51a
[spm]: ProfilerData event received.
I/flutter (28427): [SPM:perf] 698a51a  buildSpan: 3289µs
I/flutter (28427): [spm] Performance monitoring completed for 698a51a
[spm]: ProfilerData event received.
I/flutter (28427): [SPM:perf] 698a51a  buildSpan: 3307µs
I/flutter (28427): [spm] Performance monitoring completed for 698a51a
[spm]: ProfilerData event received.
I/flutter (28427): [SPM:perf] 698a51a  buildSpan: 3422µs
I/flutter (28427): [spm] Performance monitoring completed for 698a51a
[spm]: ProfilerData event received.
I/flutter (28427): [SPM:perf] 698a51a  buildSpan: 3265µs
I/flutter (28427): [spm] Performance monitoring completed for 698a51a
[spm]: ProfilerData event received.
I/flutter (28427): [SPM:perf] 698a51a  buildSpan: 3325µs
I/flutter (28427): [spm] Performance monitoring completed for 698a51a
[spm]: ProfilerData event received.
I/flutter (28427): [SPM:perf] 698a51a  buildSpan: 3288µs
I/flutter (28427): [spm] Performance monitoring completed for 698a51a
[spm]: ProfilerData event received.
I/flutter (28427): [SPM:perf] 698a51a  buildSpan: 3514µs
I/flutter (28427): [spm] Performance monitoring completed for 698a51a
[spm]: ProfilerData event received.
I/flutter (28427): [SPM:perf] 698a51a  buildSpan: 3248µs
I/flutter (28427): [spm] Performance monitoring completed for 698a51a
[spm]: ProfilerData event received.
I/flutter (28427): [SPM:perf] 698a51a  buildSpan: 3258µs
I/flutter (28427): [spm] Performance monitoring completed for 698a51a
I/flutter (28427): [SPM:perf] 698a51a  buildSpan: 3441µs
[spm]: ProfilerData event received.
I/flutter (28427): [spm] Performance monitoring completed for 698a51a
I/flutter (28427): 01:10 +1: (tearDownAll)
I/flutter (28427): 01:11 +2: All tests passed!
All tests passed.
[spm]: Saved 30 profiler events to <ROOT>/dataset-new_samples/0358/redmi9t/raw/20260916-174443/rev_003_f7c129c1/e8.jsonl
[spm]: Reverting injection...
3 issues found. (ran in 0.5s)
WARNING: Your Android app project: app located at: <ROOT>/android/app/build.gradle.kts
applies the Kotlin Gradle Plugin, which will cause build failures in future versions of Flutter. 
Please migrate your app to Built-in Kotlin using this guide: https://docs.flutter.dev/release/breaking-changes/migrate-to-built-in-kotlin/for-app-developers

VMServiceFlutterDriver: Connecting to Flutter application at http://127.0.0.1:43141/q6K_r_e9_HU=/
[spm]: Detected VM service URI: ws://127.0.0.1:43141/q6K_r_e9_HU=/ws
VMServiceFlutterDriver: Isolate found with number: 8210092959387319
VMServiceFlutterDriver: Isolate 8210092959387319 is runnable.
VMServiceFlutterDriver: Isolate is paused at start.
VMServiceFlutterDriver: Attempting to resume isolate
VMServiceFlutterDriver: Connected to Flutter application.
VMServiceFlutterDriver: request_data message is taking a long time to complete...