# sample_id=1385/rev_002_58c78aed exec_index=1 ok=True perf_lines=30 vm_events=30 battery_pct=52 soc_temp_millic=37000 battery_temp_c=29.4 charging=False preflight_started=2026-09-17T21:19:33.752895+00:00 started=2026-09-17T21:19:36.470320+00:00 ts=2026-09-17T21:21:28.392933+00:00
[spm]: Running flutter analyze...
Resolving dependencies...
Downloading packages...
  _fe_analyzer_shared 100.0.0 (108.0.0 available)
  analyzer 13.0.0 (14.4.0 available)
  async 2.13.0 (2.13.1 available)
  clock 1.1.2 (1.1.3 available)
  cupertino_icons 1.0.8 (1.0.9 available)
  glob 2.1.3 (2.2.0 available)
  lints 6.0.0 (6.1.0 available)
  matcher 0.12.19 (0.12.20 available)
  material_color_utilities 0.13.0 (0.13.1 available)
  meta 1.18.0 (1.19.0 available)
  package_config 2.2.0 (3.0.0 available)
  platform 3.1.6 (3.2.0 available)
  process 5.0.5 (5.0.6 available)
  pub_semver 2.2.0 (2.2.1 available)
  source_span 1.10.1 (1.10.2 available)
  stack_trace 1.12.1 (1.12.2 available)
  test_api 0.7.11 (0.7.14 available)
  vector_math 2.2.0 (2.4.2 available)
  vm_service 15.0.2 (15.3.0 available)
  webdriver 3.1.0 (3.2.0 available)
  yaml 3.1.3 (3.1.4 available)
Got dependencies!
21 packages have newer versions incompatible with dependency constraints.
Try `flutter pub outdated` for more information.
Analyzing lib...                                                

   info • The part-of directive uses a library name. Try converting the directive to use the URI of the library • lib/dependencies.dart:46:1 • use_string_in_part_of_directives
   info • Library names are not necessary. Remove the library name • lib/generated_widget.dart:2:9 • unnecessary_library_name
   info • Constructors in '@immutable' classes should be declared as 'const'. Try adding 'const' to the constructor declaration • lib/generated_widget.dart:12:3 • prefer_const_constructors_in_immutables

[spm]: Injecting profiler code...
[spm]: Starting app...
Running Gradle task 'assembleProfile'...                        
Running Gradle task 'assembleProfile'...                            4.2s
✓ Built build/app/outputs/flutter-apk/app-profile.apk (34.3MB)
Installing build/app/outputs/flutter-apk/app-profile.apk...      1,518ms
D/DecorView[]( 3021): getWindowModeFromSystem  windowmode is 1
D/DecorView[]( 3021): updateDecorCaptionStatus displayWindowDecor is false
W/Looper  ( 3021): PerfMonitor looperActivity : package=com.example.benchmark_container/.MainActivity time=394ms latency=381ms running=0ms  procState=-1  historyMsgCount=3 (msgIndex=3 wall=372ms seq=3 h=android.app.ActivityThread$H w=110)
W/Looper  ( 3021): PerfMonitor looperActivity : package=com.example.benchmark_container/.MainActivity time=0ms latency=777ms running=0ms  procState=-1  historyMsgCount=4 (msgIndex=3 wall=372ms seq=3 h=android.app.ActivityThread$H w=110) (msgIndex=4 wall=394ms seq=4 late=381ms h=android.app.ActivityThread$H w=159)
D/SurfaceView( 3021): UPDATE null, mIsCastMode = false
D/hw-ProcessState( 3021): Binder ioctl to enable oneway spam detection failed: Invalid argument
W/Looper  ( 3021): PerfMonitor longMsg : seq=8 plan=00:20:00.722 late=424ms wall=1758ms running=0ms h=android.view.Choreographer$FrameHandler c=android.view.Choreographer$FrameDisplayEventReceiver procState=-1
W/Looper  ( 3021): PerfMonitor doFrame : time=1758ms vsyncFrame=0 latency=424ms procState=-1 historyMsgCount=6 (msgIndex=2 wall=1758ms seq=8 late=424ms h=android.view.Choreographer$FrameHandler c=android.view.Choreographer$FrameDisplayEventReceiver) (msgIndex=3 wall=394ms seq=4 h=android.app.ActivityThread$H w=159)
I/Choreographer( 3021): Skipped 100 frames!  The application may be doing too much work on its main thread.
D/SurfaceView( 3021): UPDATE Surface(name=SurfaceView[com.example.benchmark_container/com.example.benchmark_container.MainActivity])/@0x9ac515, mIsProjectionMode = false
W/Looper  ( 3021): PerfMonitor doFrame : time=3ms vsyncFrame=0 latency=1674ms procState=-1 historyMsgCount=4
[spm]: Connected to Dart VM service.
I/flutter ( 3021): 00:00 +0: Performance Benchmark
E/hmark_containe( 3021): open libmigui.so failed! dlopen - dlopen failed: library "libmigui.so" not found
D/hmark_containe( 3021): MiuiProcessManagerServiceStub setSchedFifo
I/MiuiProcessManagerImpl( 3021): setSchedFifo pid:3021, mode:3
D/DecorView[]( 3021): onWindowFocusChanged hasWindowFocus true
D/ProfileInstaller( 3021): Installing profile for com.example.benchmark_container
D/DecorView[]( 3021): getWindowModeFromSystem  windowmode is 1
D/DecorView[]( 3021): updateDecorCaptionStatus displayWindowDecor is false
[spm]: ProfilerData event received.
I/flutter ( 3021): [SPM:perf] 698a51a  buildSpan: 4901µs
I/flutter ( 3021): [spm] Performance monitoring completed for 698a51a
[spm]: ProfilerData event received.
I/flutter ( 3021): [SPM:perf] 698a51a  buildSpan: 4843µs
I/flutter ( 3021): [spm] Performance monitoring completed for 698a51a
[spm]: ProfilerData event received.
I/flutter ( 3021): [SPM:perf] 698a51a  buildSpan: 4215µs
I/flutter ( 3021): [spm] Performance monitoring completed for 698a51a
[spm]: ProfilerData event received.
I/flutter ( 3021): [SPM:perf] 698a51a  buildSpan: 4221µs
I/flutter ( 3021): [spm] Performance monitoring completed for 698a51a
I/flutter ( 3021): [SPM:perf] 698a51a  buildSpan: 5165µs
I/flutter ( 3021): [spm] Performance monitoring completed for 698a51a
[spm]: ProfilerData event received.
I/flutter ( 3021): [SPM:perf] 698a51a  buildSpan: 4592µs
I/flutter ( 3021): [spm] Performance monitoring completed for 698a51a
[spm]: ProfilerData event received.
[spm]: ProfilerData event received.
I/flutter ( 3021): [SPM:perf] 698a51a  buildSpan: 4852µs
I/flutter ( 3021): [spm] Performance monitoring completed for 698a51a
[spm]: ProfilerData event received.
I/flutter ( 3021): [SPM:perf] 698a51a  buildSpan: 4586µs
I/flutter ( 3021): [spm] Performance monitoring completed for 698a51a
[spm]: ProfilerData event received.
I/flutter ( 3021): [SPM:perf] 698a51a  buildSpan: 4294µs
I/flutter ( 3021): [spm] Performance monitoring completed for 698a51a
[spm]: ProfilerData event received.
I/flutter ( 3021): [SPM:perf] 698a51a  buildSpan: 5305µs
I/flutter ( 3021): [spm] Performance monitoring completed for 698a51a
[spm]: ProfilerData event received.
I/flutter ( 3021): [SPM:perf] 698a51a  buildSpan: 4776µs
I/flutter ( 3021): [spm] Performance monitoring completed for 698a51a
[spm]: ProfilerData event received.
I/flutter ( 3021): [SPM:perf] 698a51a  buildSpan: 4764µs
I/flutter ( 3021): [spm] Performance monitoring completed for 698a51a
[spm]: ProfilerData event received.
I/flutter ( 3021): [SPM:perf] 698a51a  buildSpan: 4704µs
I/flutter ( 3021): [spm] Performance monitoring completed for 698a51a
[spm]: ProfilerData event received.
I/flutter ( 3021): [SPM:perf] 698a51a  buildSpan: 4778µs
I/flutter ( 3021): [spm] Performance monitoring completed for 698a51a
I/flutter ( 3021): [SPM:perf] 698a51a  buildSpan: 3408µs
I/flutter ( 3021): [spm] Performance monitoring completed for 698a51a
[spm]: ProfilerData event received.
[spm]: ProfilerData event received.
I/flutter ( 3021): [SPM:perf] 698a51a  buildSpan: 4827µs
I/flutter ( 3021): [spm] Performance monitoring completed for 698a51a
[spm]: ProfilerData event received.
I/flutter ( 3021): [SPM:perf] 698a51a  buildSpan: 5006µs
I/flutter ( 3021): [spm] Performance monitoring completed for 698a51a
[spm]: ProfilerData event received.
I/flutter ( 3021): [SPM:perf] 698a51a  buildSpan: 4439µs
I/flutter ( 3021): [spm] Performance monitoring completed for 698a51a
[spm]: ProfilerData event received.
I/flutter ( 3021): [SPM:perf] 698a51a  buildSpan: 4684µs
I/flutter ( 3021): [spm] Performance monitoring completed for 698a51a
[spm]: ProfilerData event received.
I/flutter ( 3021): [SPM:perf] 698a51a  buildSpan: 4509µs
I/flutter ( 3021): [spm] Performance monitoring completed for 698a51a
[spm]: ProfilerData event received.
I/flutter ( 3021): [SPM:perf] 698a51a  buildSpan: 4495µs
I/flutter ( 3021): [spm] Performance monitoring completed for 698a51a
[spm]: ProfilerData event received.
I/flutter ( 3021): [SPM:perf] 698a51a  buildSpan: 4948µs
I/flutter ( 3021): [spm] Performance monitoring completed for 698a51a
[spm]: ProfilerData event received.
I/flutter ( 3021): [SPM:perf] 698a51a  buildSpan: 5129µs
I/flutter ( 3021): [spm] Performance monitoring completed for 698a51a
I/flutter ( 3021): [SPM:perf] 698a51a  buildSpan: 4669µs
I/flutter ( 3021): [spm] Performance monitoring completed for 698a51a
[spm]: ProfilerData event received.
[spm]: ProfilerData event received.
I/flutter ( 3021): [SPM:perf] 698a51a  buildSpan: 4734µs
I/flutter ( 3021): [spm] Performance monitoring completed for 698a51a
[spm]: ProfilerData event received.
I/flutter ( 3021): [SPM:perf] 698a51a  buildSpan: 4822µs
I/flutter ( 3021): [spm] Performance monitoring completed for 698a51a
[spm]: ProfilerData event received.
I/flutter ( 3021): [SPM:perf] 698a51a  buildSpan: 4180µs
I/flutter ( 3021): [spm] Performance monitoring completed for 698a51a
I/flutter ( 3021): [SPM:perf] 698a51a  buildSpan: 3728µs
[spm]: ProfilerData event received.
I/flutter ( 3021): [spm] Performance monitoring completed for 698a51a
[spm]: ProfilerData event received.
I/flutter ( 3021): [SPM:perf] 698a51a  buildSpan: 4784µs
I/flutter ( 3021): [spm] Performance monitoring completed for 698a51a
[spm]: ProfilerData event received.
I/flutter ( 3021): [SPM:perf] 698a51a  buildSpan: 4431µs
I/flutter ( 3021): [spm] Performance monitoring completed for 698a51a
I/flutter ( 3021): 01:10 +1: (tearDownAll)
I/flutter ( 3021): 01:11 +2: All tests passed!
All tests passed.
[spm]: Saved 30 profiler events to <ROOT>/dataset-new_samples/1385/redmi9t/raw/20260917-225915/rev_002_58c78aed/e1.jsonl
[spm]: Reverting injection...
3 issues found. (ran in 0.7s)
WARNING: Your Android app project: app located at: <ROOT>/android/app/build.gradle.kts
applies the Kotlin Gradle Plugin, which will cause build failures in future versions of Flutter. 
Please migrate your app to Built-in Kotlin using this guide: https://docs.flutter.dev/release/breaking-changes/migrate-to-built-in-kotlin/for-app-developers

VMServiceFlutterDriver: Connecting to Flutter application at http://127.0.0.1:40375/Z8Ub7hHWSCY=/
[spm]: Detected VM service URI: ws://127.0.0.1:40375/Z8Ub7hHWSCY=/ws
VMServiceFlutterDriver: Isolate found with number: 3412993843826475
VMServiceFlutterDriver: Isolate 3412993843826475 is runnable.
VMServiceFlutterDriver: Isolate is paused at start.
VMServiceFlutterDriver: Attempting to resume isolate
VMServiceFlutterDriver: Connected to Flutter application.
VMServiceFlutterDriver: request_data message is taking a long time to complete...