# sample_id=0331/rev_001_e9b9b621 exec_index=0 ok=True perf_lines=30 vm_events=30 battery_pct=35 soc_temp_millic=45100 battery_temp_c=34.5 charging=False preflight_started=2026-09-09T22:56:04.596242+00:00 started=2026-09-09T22:56:06.978060+00:00 ts=2026-09-09T22:58:13.273388+00:00
[spm]: Running flutter analyze...
Analyzing lib...                                                

   info • The part-of directive uses a library name. Try converting the directive to use the URI of the library • lib/dependencies.dart:43:1 • use_string_in_part_of_directives
   info • The type parameter name 'State' matches a visible type name. Try changing the type parameter name to not match an existing type • lib/dependencies.dart:116:19 • avoid_types_as_parameter_names
   info • Library names are not necessary. Remove the library name • lib/generated_widget.dart:2:9 • unnecessary_library_name
   info • Constructors in '@immutable' classes should be declared as 'const'. Try adding 'const' to the constructor declaration • lib/generated_widget.dart:11:3 • prefer_const_constructors_in_immutables
   info • 'withOpacity' is deprecated and shouldn't be used. Use .withValues() to avoid precision loss. Try replacing the use of the deprecated member with the replacement • lib/generated_widget.dart:50:41 • deprecated_member_use
   info • 'withOpacity' is deprecated and shouldn't be used. Use .withValues() to avoid precision loss. Try replacing the use of the deprecated member with the replacement • lib/generated_widget.dart:55:42 • deprecated_member_use

[spm]: Injecting profiler code...
[spm]: Starting app...
Running Gradle task 'assembleProfile'...                        
Running Gradle task 'assembleProfile'...                           22.4s
✓ Built build/app/outputs/flutter-apk/app-profile.apk (26.8MB)
Installing build/app/outputs/flutter-apk/app-profile.apk...      1,049ms
E/MiuiMultiWindowUtils(13801): initFreeFormResolutionArgs failed, device is lime
D/IS_CTS_MODE(13801): true
D/MULTI_WINDOW_SWITCH_ENABLED(13801): false
D/IS_CTS_MODE(13801): true
D/MULTI_WINDOW_SWITCH_ENABLED(13801): false
D/IS_CTS_MODE(13801): true
D/MULTI_WINDOW_SWITCH_ENABLED(13801): false
D/DecorView[](13801): getWindowModeFromSystem  windowmode is 1
I/ForceDarkHelperStubImpl(13801): setViewRootImplForceDark: false for com.example.benchmark_container.MainActivity@e6f428d, reason: AppDarkModeEnable
I/ForceDarkHelperStubImpl(13801): setViewRootImplForceDark: false for com.example.benchmark_container.MainActivity@e6f428d, reason: AppDarkModeEnable
D/DecorView[](13801): getWindowModeFromSystem  windowmode is 1
D/DecorView[](13801): updateDecorCaptionStatus displayWindowDecor is false
W/Looper  (13801): PerfMonitor looperActivity : package=com.example.benchmark_container/.MainActivity time=486ms latency=427ms running=0ms  procState=-1  historyMsgCount=2 (msgIndex=1 wall=486ms seq=4 late=427ms h=android.app.ActivityThread$H w=159) (msgIndex=2 wall=441ms seq=3 h=android.app.ActivityThread$H w=110)
W/Looper  (13801): PerfMonitor looperActivity : package=com.example.benchmark_container/.MainActivity time=0ms latency=915ms running=0ms  procState=-1  historyMsgCount=4 (msgIndex=2 wall=486ms seq=4 late=427ms h=android.app.ActivityThread$H w=159) (msgIndex=3 wall=441ms seq=3 h=android.app.ActivityThread$H w=110) (msgIndex=4 wall=486ms seq=4 late=427ms h=android.app.ActivityThread$H w=159)
I/Choreographer(13801): Skipped 30 frames!  The application may be doing too much work on its main thread.
D/SurfaceView(13801): UPDATE null, mIsCastMode = false
D/hw-ProcessState(13801): Binder ioctl to enable oneway spam detection failed: Invalid argument
W/Looper  (13801): PerfMonitor longMsg : seq=8 plan=01:56:48.009 late=503ms wall=1856ms running=0ms h=android.view.Choreographer$FrameHandler c=android.view.Choreographer$FrameDisplayEventReceiver procState=-1
W/Looper  (13801): PerfMonitor doFrame : time=1856ms vsyncFrame=0 latency=503ms procState=-1 historyMsgCount=7 (msgIndex=2 wall=486ms seq=4 h=android.app.ActivityThread$H w=159) (msgIndex=3 wall=1856ms seq=8 late=503ms h=android.view.Choreographer$FrameHandler c=android.view.Choreographer$FrameDisplayEventReceiver) (msgIndex=4 wall=486ms seq=4 h=android.app.ActivityThread$H w=159)
I/Choreographer(13801): Skipped 104 frames!  The application may be doing too much work on its main thread.
D/SurfaceView(13801): UPDATE Surface(name=SurfaceView[com.example.benchmark_container/com.example.benchmark_container.MainActivity])/@0xca20cbb, mIsProjectionMode = false
W/Looper  (13801): PerfMonitor doFrame : time=3ms vsyncFrame=0 latency=1735ms procState=-1 historyMsgCount=5
[spm]: Connected to Dart VM service.
I/flutter (13801): 00:00 +0: Performance Benchmark
E/hmark_containe(13801): open libmigui.so failed! dlopen - dlopen failed: library "libmigui.so" not found
D/hmark_containe(13801): MiuiProcessManagerServiceStub setSchedFifo
I/MiuiProcessManagerImpl(13801): setSchedFifo pid:13801, mode:3
D/DecorView[](13801): onWindowFocusChanged hasWindowFocus true
D/DecorView[](13801): getWindowModeFromSystem  windowmode is 1
D/DecorView[](13801): updateDecorCaptionStatus displayWindowDecor is false
D/ProfileInstaller(13801): Installing profile for com.example.benchmark_container
[spm]: ProfilerData event received.
I/flutter (13801): [SPM:perf] 698a51a  buildSpan: 1354µs
I/flutter (13801): [spm] Performance monitoring completed for 698a51a
[spm]: ProfilerData event received.
I/flutter (13801): [SPM:perf] 698a51a  buildSpan: 1400µs
I/flutter (13801): [spm] Performance monitoring completed for 698a51a
[spm]: ProfilerData event received.
I/flutter (13801): [SPM:perf] 698a51a  buildSpan: 1343µs
I/flutter (13801): [spm] Performance monitoring completed for 698a51a
[spm]: ProfilerData event received.
I/flutter (13801): [SPM:perf] 698a51a  buildSpan: 1252µs
I/flutter (13801): [spm] Performance monitoring completed for 698a51a
[spm]: ProfilerData event received.
I/flutter (13801): [SPM:perf] 698a51a  buildSpan: 1267µs
I/flutter (13801): [spm] Performance monitoring completed for 698a51a
[spm]: ProfilerData event received.
I/flutter (13801): [SPM:perf] 698a51a  buildSpan: 1609µs
I/flutter (13801): [spm] Performance monitoring completed for 698a51a
[spm]: ProfilerData event received.
I/flutter (13801): [SPM:perf] 698a51a  buildSpan: 1257µs
I/flutter (13801): [spm] Performance monitoring completed for 698a51a
I/flutter (13801): [SPM:perf] 698a51a  buildSpan: 1265µs
I/flutter (13801): [spm] Performance monitoring completed for 698a51a
[spm]: ProfilerData event received.
I/flutter (13801): [SPM:perf] 698a51a  buildSpan: 1289µs
I/flutter (13801): [spm] Performance monitoring completed for 698a51a
[spm]: ProfilerData event received.
[spm]: ProfilerData event received.
I/flutter (13801): [SPM:perf] 698a51a  buildSpan: 1322µs
I/flutter (13801): [spm] Performance monitoring completed for 698a51a
[spm]: ProfilerData event received.
I/flutter (13801): [SPM:perf] 698a51a  buildSpan: 1298µs
I/flutter (13801): [spm] Performance monitoring completed for 698a51a
I/flutter (13801): [SPM:perf] 698a51a  buildSpan: 1240µs
[spm]: ProfilerData event received.
I/flutter (13801): [spm] Performance monitoring completed for 698a51a
[spm]: ProfilerData event received.
I/flutter (13801): [SPM:perf] 698a51a  buildSpan: 1443µs
I/flutter (13801): [spm] Performance monitoring completed for 698a51a
[spm]: ProfilerData event received.
I/flutter (13801): [SPM:perf] 698a51a  buildSpan: 1493µs
I/flutter (13801): [spm] Performance monitoring completed for 698a51a
I/flutter (13801): [SPM:perf] 698a51a  buildSpan: 1472µs
I/flutter (13801): [spm] Performance monitoring completed for 698a51a
[spm]: ProfilerData event received.
[spm]: ProfilerData event received.
I/flutter (13801): [SPM:perf] 698a51a  buildSpan: 1459µs
I/flutter (13801): [spm] Performance monitoring completed for 698a51a
[spm]: ProfilerData event received.
I/flutter (13801): [SPM:perf] 698a51a  buildSpan: 1348µs
I/flutter (13801): [spm] Performance monitoring completed for 698a51a
[spm]: ProfilerData event received.
I/flutter (13801): [SPM:perf] 698a51a  buildSpan: 1284µs
I/flutter (13801): [spm] Performance monitoring completed for 698a51a
[spm]: ProfilerData event received.
I/flutter (13801): [SPM:perf] 698a51a  buildSpan: 1260µs
I/flutter (13801): [spm] Performance monitoring completed for 698a51a
[spm]: ProfilerData event received.
I/flutter (13801): [SPM:perf] 698a51a  buildSpan: 1489µs
I/flutter (13801): [spm] Performance monitoring completed for 698a51a
[spm]: ProfilerData event received.
I/flutter (13801): [SPM:perf] 698a51a  buildSpan: 1360µs
I/flutter (13801): [spm] Performance monitoring completed for 698a51a
[spm]: ProfilerData event received.
I/flutter (13801): [SPM:perf] 698a51a  buildSpan: 1902µs
I/flutter (13801): [spm] Performance monitoring completed for 698a51a
[spm]: ProfilerData event received.
I/flutter (13801): [SPM:perf] 698a51a  buildSpan: 1677µs
I/flutter (13801): [spm] Performance monitoring completed for 698a51a
[spm]: ProfilerData event received.
I/flutter (13801): [SPM:perf] 698a51a  buildSpan: 1272µs
I/flutter (13801): [spm] Performance monitoring completed for 698a51a
[spm]: ProfilerData event received.
I/flutter (13801): [SPM:perf] 698a51a  buildSpan: 1275µs
I/flutter (13801): [spm] Performance monitoring completed for 698a51a
[spm]: ProfilerData event received.
I/flutter (13801): [SPM:perf] 698a51a  buildSpan: 1272µs
I/flutter (13801): [spm] Performance monitoring completed for 698a51a
[spm]: ProfilerData event received.
I/flutter (13801): [SPM:perf] 698a51a  buildSpan: 1382µs
I/flutter (13801): [spm] Performance monitoring completed for 698a51a
[spm]: ProfilerData event received.
I/flutter (13801): [SPM:perf] 698a51a  buildSpan: 1472µs
I/flutter (13801): [spm] Performance monitoring completed for 698a51a
I/flutter (13801): [SPM:perf] 698a51a  buildSpan: 1301µs
[spm]: ProfilerData event received.
I/flutter (13801): [spm] Performance monitoring completed for 698a51a
[spm]: ProfilerData event received.
I/flutter (13801): [SPM:perf] 698a51a  buildSpan: 1283µs
I/flutter (13801): [spm] Performance monitoring completed for 698a51a
I/flutter (13801): 01:10 +1: (tearDownAll)
I/flutter (13801): 01:11 +2: All tests passed!
All tests passed.
[spm]: Saved 30 profiler events to <ROOT>/dataset-new_samples/0331/redmi9t/raw/20260910-010209/rev_001_e9b9b621/e0.jsonl
[spm]: Reverting injection...
6 issues found. (ran in 0.8s)
WARNING: Your Android app project: app located at: <ROOT>/android/app/build.gradle.kts
applies the Kotlin Gradle Plugin, which will cause build failures in future versions of Flutter. 
Please migrate your app to Built-in Kotlin using this guide: https://docs.flutter.dev/release/breaking-changes/migrate-to-built-in-kotlin/for-app-developers

VMServiceFlutterDriver: Connecting to Flutter application at http://127.0.0.1:35599/2P7WbK-Kbhw=/
[spm]: Detected VM service URI: ws://127.0.0.1:35599/2P7WbK-Kbhw=/ws
VMServiceFlutterDriver: Isolate found with number: 2448971501242303
VMServiceFlutterDriver: Isolate 2448971501242303 is runnable.
VMServiceFlutterDriver: Isolate is paused at start.
VMServiceFlutterDriver: Attempting to resume isolate
VMServiceFlutterDriver: Connected to Flutter application.
VMServiceFlutterDriver: request_data message is taking a long time to complete...