# sample_id=0334/rev_006_7781acc1 exec_index=6 ok=True perf_lines=30 vm_events=30 battery_pct=52 soc_temp_millic=44800 battery_temp_c=31.4 charging=False preflight_started=2026-09-09T20:19:12.797548+00:00 started=2026-09-09T20:19:15.205080+00:00 ts=2026-09-09T20:21:25.429682+00:00
[spm]: Running flutter analyze...
Analyzing lib...                                                

   info • The part-of directive uses a library name. Try converting the directive to use the URI of the library • lib/dependencies.dart:43:1 • use_string_in_part_of_directives
   info • The variable name 'EEEE' isn't a lowerCamelCase identifier. Try changing the name to follow the lowerCamelCase style • lib/dependencies.dart:89:14 • non_constant_identifier_names
   info • The variable name 'LLL' isn't a lowerCamelCase identifier. Try changing the name to follow the lowerCamelCase style • lib/dependencies.dart:90:14 • non_constant_identifier_names
   info • The variable name 'LLLL' isn't a lowerCamelCase identifier. Try changing the name to follow the lowerCamelCase style • lib/dependencies.dart:91:14 • non_constant_identifier_names
   info • The variable name 'Md' isn't a lowerCamelCase identifier. Try changing the name to follow the lowerCamelCase style • lib/dependencies.dart:93:14 • non_constant_identifier_names
   info • The variable name 'MEd' isn't a lowerCamelCase identifier. Try changing the name to follow the lowerCamelCase style • lib/dependencies.dart:94:14 • non_constant_identifier_names
   info • The variable name 'MMM' isn't a lowerCamelCase identifier. Try changing the name to follow the lowerCamelCase style • lib/dependencies.dart:95:14 • non_constant_identifier_names
   info • The variable name 'MMMd' isn't a lowerCamelCase identifier. Try changing the name to follow the lowerCamelCase style • lib/dependencies.dart:96:14 • non_constant_identifier_names
   info • The variable name 'MMMEd' isn't a lowerCamelCase identifier. Try changing the name to follow the lowerCamelCase style • lib/dependencies.dart:97:14 • non_constant_identifier_names
   info • The variable name 'MMMM' isn't a lowerCamelCase identifier. Try changing the name to follow the lowerCamelCase style • lib/dependencies.dart:98:14 • non_constant_identifier_names
   info • The variable name 'MMMMd' isn't a lowerCamelCase identifier. Try changing the name to follow the lowerCamelCase style • lib/dependencies.dart:99:14 • non_constant_identifier_names
   info • The variable name 'MMMMEEEEd' isn't a lowerCamelCase identifier. Try changing the name to follow the lowerCamelCase style • lib/dependencies.dart:100:14 • non_constant_identifier_names
   info • The variable name 'QQQ' isn't a lowerCamelCase identifier. Try changing the name to follow the lowerCamelCase style • lib/dependencies.dart:102:14 • non_constant_identifier_names
   info • The variable name 'QQQQ' isn't a lowerCamelCase identifier. Try changing the name to follow the lowerCamelCase style • lib/dependencies.dart:103:14 • non_constant_identifier_names
   info • The variable name 'Hm' isn't a lowerCamelCase identifier. Try changing the name to follow the lowerCamelCase style • lib/dependencies.dart:118:14 • non_constant_identifier_names
   info • The variable name 'Hms' isn't a lowerCamelCase identifier. Try changing the name to follow the lowerCamelCase style • lib/dependencies.dart:119:14 • non_constant_identifier_names
   info • The type parameter name 'State' matches a visible type name. Try changing the type parameter name to not match an existing type • lib/dependencies.dart:206:19 • avoid_types_as_parameter_names
   info • Library names are not necessary. Remove the library name • lib/generated_widget.dart:2:9 • unnecessary_library_name
   info • Constructors in '@immutable' classes should be declared as 'const'. Try adding 'const' to the constructor declaration • lib/generated_widget.dart:11:3 • prefer_const_constructors_in_immutables

[spm]: Injecting profiler code...
[spm]: Starting app...
Running Gradle task 'assembleProfile'...                        
Running Gradle task 'assembleProfile'...                           25.5s
✓ Built build/app/outputs/flutter-apk/app-profile.apk (26.8MB)
Installing build/app/outputs/flutter-apk/app-profile.apk...      1,001ms
E/MiuiMultiWindowUtils(17312): initFreeFormResolutionArgs failed, device is lime
D/IS_CTS_MODE(17312): true
D/MULTI_WINDOW_SWITCH_ENABLED(17312): false
D/IS_CTS_MODE(17312): true
D/MULTI_WINDOW_SWITCH_ENABLED(17312): false
D/IS_CTS_MODE(17312): true
D/MULTI_WINDOW_SWITCH_ENABLED(17312): false
D/DecorView[](17312): getWindowModeFromSystem  windowmode is 1
I/ForceDarkHelperStubImpl(17312): setViewRootImplForceDark: false for com.example.benchmark_container.MainActivity@e6f428d, reason: AppDarkModeEnable
I/ForceDarkHelperStubImpl(17312): setViewRootImplForceDark: false for com.example.benchmark_container.MainActivity@e6f428d, reason: AppDarkModeEnable
D/DecorView[](17312): getWindowModeFromSystem  windowmode is 1
D/DecorView[](17312): updateDecorCaptionStatus displayWindowDecor is false
W/Looper  (17312): PerfMonitor looperActivity : package=com.example.benchmark_container/.MainActivity time=403ms latency=422ms running=0ms  procState=-1  historyMsgCount=3 (msgIndex=3 wall=396ms seq=3 h=android.app.ActivityThread$H w=110)
W/Looper  (17312): PerfMonitor looperActivity : package=com.example.benchmark_container/.MainActivity time=1ms latency=826ms running=0ms  procState=-1  historyMsgCount=4 (msgIndex=3 wall=396ms seq=3 h=android.app.ActivityThread$H w=110) (msgIndex=4 wall=403ms seq=4 h=android.app.ActivityThread$H w=159)
D/SurfaceView(17312): UPDATE null, mIsCastMode = false
D/hw-ProcessState(17312): Binder ioctl to enable oneway spam detection failed: Invalid argument
W/Looper  (17312): PerfMonitor longMsg : seq=8 plan=23:20:00.181 late=403ms wall=1710ms running=0ms h=android.view.Choreographer$FrameHandler c=android.view.Choreographer$FrameDisplayEventReceiver procState=-1
W/Looper  (17312): PerfMonitor doFrame : time=1710ms vsyncFrame=0 latency=403ms procState=-1 historyMsgCount=4 (msgIndex=1 wall=1710ms seq=8 late=403ms h=android.view.Choreographer$FrameHandler c=android.view.Choreographer$FrameDisplayEventReceiver)
I/Choreographer(17312): Skipped 97 frames!  The application may be doing too much work on its main thread.
D/SurfaceView(17312): UPDATE Surface(name=SurfaceView[com.example.benchmark_container/com.example.benchmark_container.MainActivity])/@0xca20cbb, mIsProjectionMode = false
W/Looper  (17312): PerfMonitor doFrame : time=2ms vsyncFrame=0 latency=1620ms procState=-1 historyMsgCount=4
[spm]: Connected to Dart VM service.
I/flutter (17312): 00:00 +0: Performance Benchmark
E/hmark_containe(17312): open libmigui.so failed! dlopen - dlopen failed: library "libmigui.so" not found
D/hmark_containe(17312): MiuiProcessManagerServiceStub setSchedFifo
I/MiuiProcessManagerImpl(17312): setSchedFifo pid:17312, mode:3
D/DecorView[](17312): onWindowFocusChanged hasWindowFocus true
D/DecorView[](17312): getWindowModeFromSystem  windowmode is 1
D/DecorView[](17312): updateDecorCaptionStatus displayWindowDecor is false
D/ProfileInstaller(17312): Installing profile for com.example.benchmark_container
I/flutter (17312): [SPM:perf] 698a51a  buildSpan: 2873µs
[spm]: ProfilerData event received.
I/flutter (17312): [spm] Performance monitoring completed for 698a51a
[spm]: ProfilerData event received.
I/flutter (17312): [SPM:perf] 698a51a  buildSpan: 2663µs
I/flutter (17312): [spm] Performance monitoring completed for 698a51a
[spm]: ProfilerData event received.
I/flutter (17312): [SPM:perf] 698a51a  buildSpan: 3321µs
I/flutter (17312): [spm] Performance monitoring completed for 698a51a
[spm]: ProfilerData event received.
I/flutter (17312): [SPM:perf] 698a51a  buildSpan: 3015µs
I/flutter (17312): [spm] Performance monitoring completed for 698a51a
[spm]: ProfilerData event received.
I/flutter (17312): [SPM:perf] 698a51a  buildSpan: 2857µs
I/flutter (17312): [spm] Performance monitoring completed for 698a51a
[spm]: ProfilerData event received.
I/flutter (17312): [SPM:perf] 698a51a  buildSpan: 2699µs
I/flutter (17312): [spm] Performance monitoring completed for 698a51a
[spm]: ProfilerData event received.
I/flutter (17312): [SPM:perf] 698a51a  buildSpan: 2761µs
I/flutter (17312): [spm] Performance monitoring completed for 698a51a
[spm]: ProfilerData event received.
I/flutter (17312): [SPM:perf] 698a51a  buildSpan: 4182µs
I/flutter (17312): [spm] Performance monitoring completed for 698a51a
[spm]: ProfilerData event received.
I/flutter (17312): [SPM:perf] 698a51a  buildSpan: 4591µs
I/flutter (17312): [spm] Performance monitoring completed for 698a51a
[spm]: ProfilerData event received.
I/flutter (17312): [SPM:perf] 698a51a  buildSpan: 2746µs
I/flutter (17312): [spm] Performance monitoring completed for 698a51a
[spm]: ProfilerData event received.
I/flutter (17312): [SPM:perf] 698a51a  buildSpan: 3005µs
I/flutter (17312): [spm] Performance monitoring completed for 698a51a
I/flutter (17312): [SPM:perf] 698a51a  buildSpan: 2654µs
[spm]: ProfilerData event received.
I/flutter (17312): [spm] Performance monitoring completed for 698a51a
[spm]: ProfilerData event received.
I/flutter (17312): [SPM:perf] 698a51a  buildSpan: 2656µs
I/flutter (17312): [spm] Performance monitoring completed for 698a51a
[spm]: ProfilerData event received.
I/flutter (17312): [SPM:perf] 698a51a  buildSpan: 2757µs
I/flutter (17312): [spm] Performance monitoring completed for 698a51a
[spm]: ProfilerData event received.
I/flutter (17312): [SPM:perf] 698a51a  buildSpan: 2765µs
I/flutter (17312): [spm] Performance monitoring completed for 698a51a
[spm]: ProfilerData event received.
I/flutter (17312): [SPM:perf] 698a51a  buildSpan: 2966µs
I/flutter (17312): [spm] Performance monitoring completed for 698a51a
[spm]: ProfilerData event received.
I/flutter (17312): [SPM:perf] 698a51a  buildSpan: 2877µs
I/flutter (17312): [spm] Performance monitoring completed for 698a51a
[spm]: ProfilerData event received.
I/flutter (17312): [SPM:perf] 698a51a  buildSpan: 2753µs
I/flutter (17312): [spm] Performance monitoring completed for 698a51a
[spm]: ProfilerData event received.
I/flutter (17312): [SPM:perf] 698a51a  buildSpan: 3147µs
I/flutter (17312): [spm] Performance monitoring completed for 698a51a
I/flutter (17312): [SPM:perf] 698a51a  buildSpan: 2673µs
I/flutter (17312): [spm] Performance monitoring completed for 698a51a
[spm]: ProfilerData event received.
[spm]: ProfilerData event received.
I/flutter (17312): [SPM:perf] 698a51a  buildSpan: 2685µs
I/flutter (17312): [spm] Performance monitoring completed for 698a51a
[spm]: ProfilerData event received.
I/flutter (17312): [SPM:perf] 698a51a  buildSpan: 2679µs
I/flutter (17312): [spm] Performance monitoring completed for 698a51a
[spm]: ProfilerData event received.
I/flutter (17312): [SPM:perf] 698a51a  buildSpan: 2716µs
I/flutter (17312): [spm] Performance monitoring completed for 698a51a
I/flutter (17312): [SPM:perf] 698a51a  buildSpan: 2697µs
I/flutter (17312): [spm] Performance monitoring completed for 698a51a
[spm]: ProfilerData event received.
[spm]: ProfilerData event received.
I/flutter (17312): [SPM:perf] 698a51a  buildSpan: 2690µs
I/flutter (17312): [spm] Performance monitoring completed for 698a51a
[spm]: ProfilerData event received.
I/flutter (17312): [SPM:perf] 698a51a  buildSpan: 2836µs
I/flutter (17312): [spm] Performance monitoring completed for 698a51a
[spm]: ProfilerData event received.
I/flutter (17312): [SPM:perf] 698a51a  buildSpan: 2771µs
I/flutter (17312): [spm] Performance monitoring completed for 698a51a
[spm]: ProfilerData event received.
I/flutter (17312): [SPM:perf] 698a51a  buildSpan: 2777µs
I/flutter (17312): [spm] Performance monitoring completed for 698a51a
[spm]: ProfilerData event received.
I/flutter (17312): [SPM:perf] 698a51a  buildSpan: 2844µs
I/flutter (17312): [spm] Performance monitoring completed for 698a51a
[spm]: ProfilerData event received.
I/flutter (17312): [SPM:perf] 698a51a  buildSpan: 2649µs
I/flutter (17312): [spm] Performance monitoring completed for 698a51a
I/flutter (17312): 01:10 +1: (tearDownAll)
I/flutter (17312): 01:11 +2: All tests passed!
All tests passed.
[spm]: Saved 30 profiler events to <ROOT>/dataset-new_samples/0334/redmi9t/raw/20260909-225500/rev_006_7781acc1/e6.jsonl
[spm]: Reverting injection...
19 issues found. (ran in 0.6s)
WARNING: Your Android app project: app located at: <ROOT>/android/app/build.gradle.kts
applies the Kotlin Gradle Plugin, which will cause build failures in future versions of Flutter. 
Please migrate your app to Built-in Kotlin using this guide: https://docs.flutter.dev/release/breaking-changes/migrate-to-built-in-kotlin/for-app-developers

VMServiceFlutterDriver: Connecting to Flutter application at http://127.0.0.1:41075/zclPSwKerfo=/
[spm]: Detected VM service URI: ws://127.0.0.1:41075/zclPSwKerfo=/ws
VMServiceFlutterDriver: Isolate found with number: 3045985186446383
VMServiceFlutterDriver: Isolate 3045985186446383 is runnable.
VMServiceFlutterDriver: Isolate is paused at start.
VMServiceFlutterDriver: Attempting to resume isolate
VMServiceFlutterDriver: Connected to Flutter application.
VMServiceFlutterDriver: request_data message is taking a long time to complete...