# sample_id=0334/rev_006_7781acc1 exec_index=9 ok=True perf_lines=30 vm_events=30 battery_pct=47 soc_temp_millic=45700 battery_temp_c=34.6 charging=False preflight_started=2026-09-09T21:05:08.053203+00:00 started=2026-09-09T21:05:10.408512+00:00 ts=2026-09-09T21:07:18.240717+00:00
[spm]: Running flutter analyze...
Analyzing lib...                                                

   info • The part-of directive uses a library name. Try converting the directive to use the URI of the library • lib/dependencies.dart:43:1 • use_string_in_part_of_directives
   info • The variable name 'EEEE' isn't a lowerCamelCase identifier. Try changing the name to follow the lowerCamelCase style • lib/dependencies.dart:89:14 • non_constant_identifier_names
   info • The variable name 'LLL' isn't a lowerCamelCase identifier. Try changing the name to follow the lowerCamelCase style • lib/dependencies.dart:90:14 • non_constant_identifier_names
   info • The variable name 'LLLL' isn't a lowerCamelCase identifier. Try changing the name to follow the lowerCamelCase style • lib/dependencies.dart:91:14 • non_constant_identifier_names
   info • The variable name 'Md' isn't a lowerCamelCase identifier. Try changing the name to follow the lowerCamelCase style • lib/dependencies.dart:93:14 • non_constant_identifier_names
   info • The variable name 'MEd' isn't a lowerCamelCase identifier. Try changing the name to follow the lowerCamelCase style • lib/dependencies.dart:94:14 • non_constant_identifier_names
   info • The variable name 'MMM' isn't a lowerCamelCase identifier. Try changing the name to follow the lowerCamelCase style • lib/dependencies.dart:95:14 • non_constant_identifier_names
   info • The variable name 'MMMd' isn't a lowerCamelCase identifier. Try changing the name to follow the lowerCamelCase style • lib/dependencies.dart:96:14 • non_constant_identifier_names
   info • The variable name 'MMMEd' isn't a lowerCamelCase identifier. Try changing the name to follow the lowerCamelCase style • lib/dependencies.dart:97:14 • non_constant_identifier_names
   info • The variable name 'MMMM' isn't a lowerCamelCase identifier. Try changing the name to follow the lowerCamelCase style • lib/dependencies.dart:98:14 • non_constant_identifier_names
   info • The variable name 'MMMMd' isn't a lowerCamelCase identifier. Try changing the name to follow the lowerCamelCase style • lib/dependencies.dart:99:14 • non_constant_identifier_names
   info • The variable name 'MMMMEEEEd' isn't a lowerCamelCase identifier. Try changing the name to follow the lowerCamelCase style • lib/dependencies.dart:100:14 • non_constant_identifier_names
   info • The variable name 'QQQ' isn't a lowerCamelCase identifier. Try changing the name to follow the lowerCamelCase style • lib/dependencies.dart:102:14 • non_constant_identifier_names
   info • The variable name 'QQQQ' isn't a lowerCamelCase identifier. Try changing the name to follow the lowerCamelCase style • lib/dependencies.dart:103:14 • non_constant_identifier_names
   info • The variable name 'Hm' isn't a lowerCamelCase identifier. Try changing the name to follow the lowerCamelCase style • lib/dependencies.dart:118:14 • non_constant_identifier_names
   info • The variable name 'Hms' isn't a lowerCamelCase identifier. Try changing the name to follow the lowerCamelCase style • lib/dependencies.dart:119:14 • non_constant_identifier_names
   info • The type parameter name 'State' matches a visible type name. Try changing the type parameter name to not match an existing type • lib/dependencies.dart:206:19 • avoid_types_as_parameter_names
   info • Library names are not necessary. Remove the library name • lib/generated_widget.dart:2:9 • unnecessary_library_name
   info • Constructors in '@immutable' classes should be declared as 'const'. Try adding 'const' to the constructor declaration • lib/generated_widget.dart:11:3 • prefer_const_constructors_in_immutables

[spm]: Injecting profiler code...
[spm]: Starting app...
Running Gradle task 'assembleProfile'...                        
Running Gradle task 'assembleProfile'...                           24.2s
✓ Built build/app/outputs/flutter-apk/app-profile.apk (26.8MB)
Installing build/app/outputs/flutter-apk/app-profile.apk...      1,018ms
D/DecorView[](29321): getWindowModeFromSystem  windowmode is 1
I/ForceDarkHelperStubImpl(29321): setViewRootImplForceDark: false for com.example.benchmark_container.MainActivity@e6f428d, reason: AppDarkModeEnable
I/ForceDarkHelperStubImpl(29321): setViewRootImplForceDark: false for com.example.benchmark_container.MainActivity@e6f428d, reason: AppDarkModeEnable
D/DecorView[](29321): getWindowModeFromSystem  windowmode is 1
D/DecorView[](29321): updateDecorCaptionStatus displayWindowDecor is false
W/Looper  (29321): PerfMonitor looperActivity : package=com.example.benchmark_container/.MainActivity time=467ms latency=348ms running=0ms  procState=-1  historyMsgCount=2 (msgIndex=1 wall=467ms seq=4 late=348ms h=android.app.ActivityThread$H w=159) (msgIndex=2 wall=391ms seq=3 h=android.app.ActivityThread$H w=110)
W/Looper  (29321): PerfMonitor looperActivity : package=com.example.benchmark_container/.MainActivity time=1ms latency=816ms running=0ms  procState=-1  historyMsgCount=4 (msgIndex=2 wall=467ms seq=4 h=android.app.ActivityThread$H w=159) (msgIndex=3 wall=391ms seq=3 h=android.app.ActivityThread$H w=110) (msgIndex=4 wall=467ms seq=4 h=android.app.ActivityThread$H w=159)
D/SurfaceView(29321): UPDATE null, mIsCastMode = false
D/hw-ProcessState(29321): Binder ioctl to enable oneway spam detection failed: Invalid argument
W/Looper  (29321): PerfMonitor longMsg : seq=8 plan=00:05:52.998 late=465ms wall=1730ms running=0ms h=android.view.Choreographer$FrameHandler c=android.view.Choreographer$FrameDisplayEventReceiver procState=-1
W/Looper  (29321): PerfMonitor doFrame : time=1730ms vsyncFrame=0 latency=465ms procState=-1 historyMsgCount=4 (msgIndex=1 wall=1730ms seq=8 late=465ms h=android.view.Choreographer$FrameHandler c=android.view.Choreographer$FrameDisplayEventReceiver)
I/Choreographer(29321): Skipped 97 frames!  The application may be doing too much work on its main thread.
D/SurfaceView(29321): UPDATE Surface(name=SurfaceView[com.example.benchmark_container/com.example.benchmark_container.MainActivity])/@0xca20cbb, mIsProjectionMode = false
W/Looper  (29321): PerfMonitor doFrame : time=2ms vsyncFrame=0 latency=1621ms procState=-1 historyMsgCount=4
[spm]: Connected to Dart VM service.
I/flutter (29321): 00:00 +0: Performance Benchmark
E/hmark_containe(29321): open libmigui.so failed! dlopen - dlopen failed: library "libmigui.so" not found
D/hmark_containe(29321): MiuiProcessManagerServiceStub setSchedFifo
I/MiuiProcessManagerImpl(29321): setSchedFifo pid:29321, mode:3
D/DecorView[](29321): onWindowFocusChanged hasWindowFocus true
D/DecorView[](29321): getWindowModeFromSystem  windowmode is 1
D/DecorView[](29321): updateDecorCaptionStatus displayWindowDecor is false
D/ProfileInstaller(29321): Installing profile for com.example.benchmark_container
[spm]: ProfilerData event received.
I/flutter (29321): [SPM:perf] 698a51a  buildSpan: 2858µs
I/flutter (29321): [spm] Performance monitoring completed for 698a51a
[spm]: ProfilerData event received.
I/flutter (29321): [SPM:perf] 698a51a  buildSpan: 2889µs
I/flutter (29321): [spm] Performance monitoring completed for 698a51a
[spm]: ProfilerData event received.
I/flutter (29321): [SPM:perf] 698a51a  buildSpan: 2698µs
I/flutter (29321): [spm] Performance monitoring completed for 698a51a
[spm]: ProfilerData event received.
I/flutter (29321): [SPM:perf] 698a51a  buildSpan: 3328µs
I/flutter (29321): [spm] Performance monitoring completed for 698a51a
[spm]: ProfilerData event received.
I/flutter (29321): [SPM:perf] 698a51a  buildSpan: 3204µs
I/flutter (29321): [spm] Performance monitoring completed for 698a51a
[spm]: ProfilerData event received.
I/flutter (29321): [SPM:perf] 698a51a  buildSpan: 3183µs
I/flutter (29321): [spm] Performance monitoring completed for 698a51a
[spm]: ProfilerData event received.
I/flutter (29321): [SPM:perf] 698a51a  buildSpan: 3077µs
I/flutter (29321): [spm] Performance monitoring completed for 698a51a
[spm]: ProfilerData event received.
I/flutter (29321): [SPM:perf] 698a51a  buildSpan: 2981µs
I/flutter (29321): [spm] Performance monitoring completed for 698a51a
I/flutter (29321): [SPM:perf] 698a51a  buildSpan: 2733µs
I/flutter (29321): [spm] Performance monitoring completed for 698a51a
[spm]: ProfilerData event received.
[spm]: ProfilerData event received.
I/flutter (29321): [SPM:perf] 698a51a  buildSpan: 2646µs
I/flutter (29321): [spm] Performance monitoring completed for 698a51a
I/flutter (29321): [SPM:perf] 698a51a  buildSpan: 2814µs
I/flutter (29321): [spm] Performance monitoring completed for 698a51a
[spm]: ProfilerData event received.
[spm]: ProfilerData event received.
I/flutter (29321): [SPM:perf] 698a51a  buildSpan: 2640µs
I/flutter (29321): [spm] Performance monitoring completed for 698a51a
[spm]: ProfilerData event received.
I/flutter (29321): [SPM:perf] 698a51a  buildSpan: 2649µs
I/flutter (29321): [spm] Performance monitoring completed for 698a51a
[spm]: ProfilerData event received.
I/flutter (29321): [SPM:perf] 698a51a  buildSpan: 2856µs
I/flutter (29321): [spm] Performance monitoring completed for 698a51a
I/flutter (29321): [SPM:perf] 698a51a  buildSpan: 2794µs
I/flutter (29321): [spm] Performance monitoring completed for 698a51a
[spm]: ProfilerData event received.
[spm]: ProfilerData event received.
I/flutter (29321): [SPM:perf] 698a51a  buildSpan: 3508µs
I/flutter (29321): [spm] Performance monitoring completed for 698a51a
I/flutter (29321): [SPM:perf] 698a51a  buildSpan: 2899µs
I/flutter (29321): [spm] Performance monitoring completed for 698a51a
[spm]: ProfilerData event received.
I/flutter (29321): [SPM:perf] 698a51a  buildSpan: 2733µs
[spm]: ProfilerData event received.
I/flutter (29321): [spm] Performance monitoring completed for 698a51a
[spm]: ProfilerData event received.
I/flutter (29321): [SPM:perf] 698a51a  buildSpan: 2693µs
I/flutter (29321): [spm] Performance monitoring completed for 698a51a
[spm]: ProfilerData event received.
I/flutter (29321): [SPM:perf] 698a51a  buildSpan: 2624µs
I/flutter (29321): [spm] Performance monitoring completed for 698a51a
[spm]: ProfilerData event received.
I/flutter (29321): [SPM:perf] 698a51a  buildSpan: 2886µs
I/flutter (29321): [spm] Performance monitoring completed for 698a51a
[spm]: ProfilerData event received.
I/flutter (29321): [SPM:perf] 698a51a  buildSpan: 2715µs
I/flutter (29321): [spm] Performance monitoring completed for 698a51a
[spm]: ProfilerData event received.
I/flutter (29321): [SPM:perf] 698a51a  buildSpan: 2815µs
I/flutter (29321): [spm] Performance monitoring completed for 698a51a
I/flutter (29321): [SPM:perf] 698a51a  buildSpan: 3062µs
[spm]: ProfilerData event received.
I/flutter (29321): [spm] Performance monitoring completed for 698a51a
[spm]: ProfilerData event received.
I/flutter (29321): [SPM:perf] 698a51a  buildSpan: 2767µs
I/flutter (29321): [spm] Performance monitoring completed for 698a51a
[spm]: ProfilerData event received.
I/flutter (29321): [SPM:perf] 698a51a  buildSpan: 2696µs
I/flutter (29321): [spm] Performance monitoring completed for 698a51a
[spm]: ProfilerData event received.
I/flutter (29321): [SPM:perf] 698a51a  buildSpan: 3344µs
I/flutter (29321): [spm] Performance monitoring completed for 698a51a
I/flutter (29321): [SPM:perf] 698a51a  buildSpan: 2807µs
I/flutter (29321): [spm] Performance monitoring completed for 698a51a
[spm]: ProfilerData event received.
[spm]: ProfilerData event received.
I/flutter (29321): [SPM:perf] 698a51a  buildSpan: 2876µs
I/flutter (29321): [spm] Performance monitoring completed for 698a51a
I/flutter (29321): [SPM:perf] 698a51a  buildSpan: 2661µs
I/flutter (29321): [spm] Performance monitoring completed for 698a51a
[spm]: ProfilerData event received.
I/flutter (29321): 01:10 +1: (tearDownAll)
I/flutter (29321): 01:11 +2: All tests passed!
All tests passed.
[spm]: Saved 30 profiler events to <ROOT>/dataset-new_samples/0334/redmi9t/raw/20260909-225500/rev_006_7781acc1/e9.jsonl
[spm]: Reverting injection...
19 issues found. (ran in 0.6s)
WARNING: Your Android app project: app located at: <ROOT>/android/app/build.gradle.kts
applies the Kotlin Gradle Plugin, which will cause build failures in future versions of Flutter. 
Please migrate your app to Built-in Kotlin using this guide: https://docs.flutter.dev/release/breaking-changes/migrate-to-built-in-kotlin/for-app-developers

VMServiceFlutterDriver: Connecting to Flutter application at http://127.0.0.1:39451/ufJOI8c52Jo=/
[spm]: Detected VM service URI: ws://127.0.0.1:39451/ufJOI8c52Jo=/ws
VMServiceFlutterDriver: Isolate found with number: 6670669840000075
VMServiceFlutterDriver: Isolate 6670669840000075 is runnable.
VMServiceFlutterDriver: Isolate is paused at start.
VMServiceFlutterDriver: Attempting to resume isolate
VMServiceFlutterDriver: Connected to Flutter application.
VMServiceFlutterDriver: request_data message is taking a long time to complete...