# sample_id=2382/rev_005_fbdae7ec exec_index=10 ok=True perf_lines=30 vm_events=30 battery_pct=62 soc_temp_millic=37000 battery_temp_c=28.1 charging=False preflight_started=2026-09-19T01:44:43.329089+00:00 started=2026-09-19T01:44:46.037238+00:00 ts=2026-09-19T01:46:26.414267+00:00
[spm]: Running flutter analyze...
Resolving dependencies...
Downloading packages...
  _fe_analyzer_shared 100.0.0 (108.0.0 available)
  analyzer 13.0.0 (14.4.0 available)
  async 2.13.0 (2.13.1 available)
  clock 1.1.2 (1.1.3 available)
  cupertino_icons 1.0.8 (1.0.9 available)
  glob 2.1.3 (2.2.0 available)
  lints 6.0.0 (6.1.0 available)
  matcher 0.12.19 (0.12.20 available)
  material_color_utilities 0.13.0 (0.13.1 available)
  meta 1.18.0 (1.19.0 available)
  package_config 2.2.0 (3.0.0 available)
  platform 3.1.6 (3.2.0 available)
  process 5.0.5 (5.0.6 available)
  pub_semver 2.2.0 (2.2.1 available)
  source_span 1.10.1 (1.10.2 available)
  stack_trace 1.12.1 (1.12.2 available)
  test_api 0.7.11 (0.7.14 available)
  vector_math 2.2.0 (2.4.2 available)
  vm_service 15.0.2 (15.3.0 available)
  webdriver 3.1.0 (3.2.0 available)
  yaml 3.1.3 (3.1.4 available)
Got dependencies!
21 packages have newer versions incompatible with dependency constraints.
Try `flutter pub outdated` for more information.
Analyzing lib...                                                

   info • The part-of directive uses a library name. Try converting the directive to use the URI of the library • lib/dependencies.dart:46:1 • use_string_in_part_of_directives
   info • Library names are not necessary. Remove the library name • lib/generated_widget.dart:2:9 • unnecessary_library_name
   info • Constructors in '@immutable' classes should be declared as 'const'. Try adding 'const' to the constructor declaration • lib/generated_widget.dart:12:3 • prefer_const_constructors_in_immutables

[spm]: Injecting profiler code...
[spm]: Starting app...
Running Gradle task 'assembleProfile'...                        
Running Gradle task 'assembleProfile'...                         1,773ms
✓ Built build/app/outputs/flutter-apk/app-profile.apk (26.8MB)
Installing build/app/outputs/flutter-apk/app-profile.apk...      1,237ms
D/DecorView[](29853): getWindowModeFromSystem  windowmode is 1
I/ForceDarkHelperStubImpl(29853): setViewRootImplForceDark: false for com.example.benchmark_container.MainActivity@14bb04, reason: AppDarkModeEnable
I/ForceDarkHelperStubImpl(29853): setViewRootImplForceDark: false for com.example.benchmark_container.MainActivity@14bb04, reason: AppDarkModeEnable
D/DecorView[](29853): getWindowModeFromSystem  windowmode is 1
D/DecorView[](29853): updateDecorCaptionStatus displayWindowDecor is false
W/Looper  (29853): PerfMonitor looperActivity : package=com.example.benchmark_container/.MainActivity time=428ms latency=366ms running=0ms  procState=-1  historyMsgCount=2 (msgIndex=1 wall=428ms seq=4 late=366ms h=android.app.ActivityThread$H w=159) (msgIndex=2 wall=373ms seq=3 h=android.app.ActivityThread$H w=110)
W/Looper  (29853): PerfMonitor looperActivity : package=com.example.benchmark_container/.MainActivity time=1ms latency=798ms running=0ms  procState=-1  historyMsgCount=4 (msgIndex=2 wall=428ms seq=4 late=366ms h=android.app.ActivityThread$H w=159) (msgIndex=3 wall=373ms seq=3 h=android.app.ActivityThread$H w=110) (msgIndex=4 wall=428ms seq=4 late=366ms h=android.app.ActivityThread$H w=159)
D/SurfaceView(29853): UPDATE null, mIsCastMode = false
D/hw-ProcessState(29853): Binder ioctl to enable oneway spam detection failed: Invalid argument
W/Looper  (29853): PerfMonitor longMsg : seq=8 plan=04:45:03.036 late=443ms wall=1697ms running=0ms h=android.view.Choreographer$FrameHandler c=android.view.Choreographer$FrameDisplayEventReceiver procState=-1
W/Looper  (29853): PerfMonitor doFrame : time=1697ms vsyncFrame=0 latency=443ms procState=-1 historyMsgCount=7 (msgIndex=2 wall=428ms seq=4 h=android.app.ActivityThread$H w=159) (msgIndex=3 wall=1697ms seq=8 late=443ms h=android.view.Choreographer$FrameHandler c=android.view.Choreographer$FrameDisplayEventReceiver) (msgIndex=4 wall=428ms seq=4 h=android.app.ActivityThread$H w=159)
I/Choreographer(29853): Skipped 95 frames!  The application may be doing too much work on its main thread.
D/SurfaceView(29853): UPDATE Surface(name=SurfaceView[com.example.benchmark_container/com.example.benchmark_container.MainActivity])/@0xd30802a, mIsProjectionMode = false
W/Looper  (29853): PerfMonitor doFrame : time=3ms vsyncFrame=0 latency=1596ms procState=-1 historyMsgCount=4
[spm]: Connected to Dart VM service.
I/flutter (29853): 00:00 +0: Performance Benchmark
E/hmark_containe(29853): open libmigui.so failed! dlopen - dlopen failed: library "libmigui.so" not found
D/hmark_containe(29853): MiuiProcessManagerServiceStub setSchedFifo
I/MiuiProcessManagerImpl(29853): setSchedFifo pid:29853, mode:3
D/DecorView[](29853): onWindowFocusChanged hasWindowFocus true
D/DecorView[](29853): getWindowModeFromSystem  windowmode is 1
D/DecorView[](29853): updateDecorCaptionStatus displayWindowDecor is false
D/ProfileInstaller(29853): Installing profile for com.example.benchmark_container
[spm]: ProfilerData event received.
I/flutter (29853): [SPM:perf] 698a51a  buildSpan: 2144µs
I/flutter (29853): [spm] Performance monitoring completed for 698a51a
[spm]: ProfilerData event received.
I/flutter (29853): [SPM:perf] 698a51a  buildSpan: 2157µs
I/flutter (29853): [spm] Performance monitoring completed for 698a51a
[spm]: ProfilerData event received.
I/flutter (29853): [SPM:perf] 698a51a  buildSpan: 2117µs
I/flutter (29853): [spm] Performance monitoring completed for 698a51a
[spm]: ProfilerData event received.
I/flutter (29853): [SPM:perf] 698a51a  buildSpan: 1632µs
I/flutter (29853): [spm] Performance monitoring completed for 698a51a
[spm]: ProfilerData event received.
I/flutter (29853): [SPM:perf] 698a51a  buildSpan: 2049µs
I/flutter (29853): [spm] Performance monitoring completed for 698a51a
[spm]: ProfilerData event received.
I/flutter (29853): [SPM:perf] 698a51a  buildSpan: 2013µs
I/flutter (29853): [spm] Performance monitoring completed for 698a51a
[spm]: ProfilerData event received.
I/flutter (29853): [SPM:perf] 698a51a  buildSpan: 2106µs
I/flutter (29853): [spm] Performance monitoring completed for 698a51a
[spm]: ProfilerData event received.
I/flutter (29853): [SPM:perf] 698a51a  buildSpan: 1983µs
I/flutter (29853): [spm] Performance monitoring completed for 698a51a
[spm]: ProfilerData event received.
I/flutter (29853): [SPM:perf] 698a51a  buildSpan: 1615µs
I/flutter (29853): [spm] Performance monitoring completed for 698a51a
I/flutter (29853): [SPM:perf] 698a51a  buildSpan: 2083µs
I/flutter (29853): [spm] Performance monitoring completed for 698a51a
[spm]: ProfilerData event received.
[spm]: ProfilerData event received.
I/flutter (29853): [SPM:perf] 698a51a  buildSpan: 1618µs
I/flutter (29853): [spm] Performance monitoring completed for 698a51a
[spm]: ProfilerData event received.
I/flutter (29853): [SPM:perf] 698a51a  buildSpan: 2188µs
I/flutter (29853): [spm] Performance monitoring completed for 698a51a
[spm]: ProfilerData event received.
I/flutter (29853): [SPM:perf] 698a51a  buildSpan: 2016µs
I/flutter (29853): [spm] Performance monitoring completed for 698a51a
[spm]: ProfilerData event received.
I/flutter (29853): [SPM:perf] 698a51a  buildSpan: 1604µs
I/flutter (29853): [spm] Performance monitoring completed for 698a51a
[spm]: ProfilerData event received.
I/flutter (29853): [SPM:perf] 698a51a  buildSpan: 2036µs
I/flutter (29853): [spm] Performance monitoring completed for 698a51a
[spm]: ProfilerData event received.
I/flutter (29853): [SPM:perf] 698a51a  buildSpan: 2005µs
I/flutter (29853): [spm] Performance monitoring completed for 698a51a
[spm]: ProfilerData event received.
I/flutter (29853): [SPM:perf] 698a51a  buildSpan: 2097µs
I/flutter (29853): [spm] Performance monitoring completed for 698a51a
[spm]: ProfilerData event received.
I/flutter (29853): [SPM:perf] 698a51a  buildSpan: 2022µs
I/flutter (29853): [spm] Performance monitoring completed for 698a51a
[spm]: ProfilerData event received.
I/flutter (29853): [SPM:perf] 698a51a  buildSpan: 1975µs
I/flutter (29853): [spm] Performance monitoring completed for 698a51a
[spm]: ProfilerData event received.
I/flutter (29853): [SPM:perf] 698a51a  buildSpan: 2082µs
I/flutter (29853): [spm] Performance monitoring completed for 698a51a
[spm]: ProfilerData event received.
I/flutter (29853): [SPM:perf] 698a51a  buildSpan: 2133µs
I/flutter (29853): [spm] Performance monitoring completed for 698a51a
I/flutter (29853): [SPM:perf] 698a51a  buildSpan: 2215µs
I/flutter (29853): [spm] Performance monitoring completed for 698a51a
[spm]: ProfilerData event received.
[spm]: ProfilerData event received.
I/flutter (29853): [SPM:perf] 698a51a  buildSpan: 2018µs
I/flutter (29853): [spm] Performance monitoring completed for 698a51a
[spm]: ProfilerData event received.
I/flutter (29853): [SPM:perf] 698a51a  buildSpan: 1999µs
I/flutter (29853): [spm] Performance monitoring completed for 698a51a
[spm]: ProfilerData event received.
I/flutter (29853): [SPM:perf] 698a51a  buildSpan: 2059µs
I/flutter (29853): [spm] Performance monitoring completed for 698a51a
[spm]: ProfilerData event received.
I/flutter (29853): [SPM:perf] 698a51a  buildSpan: 2221µs
I/flutter (29853): [spm] Performance monitoring completed for 698a51a
I/flutter (29853): [SPM:perf] 698a51a  buildSpan: 1628µs
I/flutter (29853): [spm] Performance monitoring completed for 698a51a
[spm]: ProfilerData event received.
[spm]: ProfilerData event received.
I/flutter (29853): [SPM:perf] 698a51a  buildSpan: 2095µs
I/flutter (29853): [spm] Performance monitoring completed for 698a51a
[spm]: ProfilerData event received.
I/flutter (29853): [SPM:perf] 698a51a  buildSpan: 2095µs
I/flutter (29853): [spm] Performance monitoring completed for 698a51a
[spm]: ProfilerData event received.
I/flutter (29853): [SPM:perf] 698a51a  buildSpan: 2096µs
I/flutter (29853): [spm] Performance monitoring completed for 698a51a
I/flutter (29853): 01:10 +1: (tearDownAll)
I/flutter (29853): 01:11 +2: All tests passed!
All tests passed.
[spm]: Saved 30 profiler events to <ROOT>/dataset-new_samples/2382/redmi9t/raw/20260918-150519/rev_005_fbdae7ec/e10.jsonl
[spm]: Reverting injection...
3 issues found. (ran in 0.5s)
WARNING: Your Android app project: app located at: <ROOT>/android/app/build.gradle.kts
applies the Kotlin Gradle Plugin, which will cause build failures in future versions of Flutter. 
Please migrate your app to Built-in Kotlin using this guide: https://docs.flutter.dev/release/breaking-changes/migrate-to-built-in-kotlin/for-app-developers

VMServiceFlutterDriver: Connecting to Flutter application at http://127.0.0.1:39029/ApiJ0HnsUns=/
[spm]: Detected VM service URI: ws://127.0.0.1:39029/ApiJ0HnsUns=/ws
VMServiceFlutterDriver: Isolate found with number: 6817282706514079
VMServiceFlutterDriver: Isolate 6817282706514079 is runnable.
VMServiceFlutterDriver: Isolate is paused at start.
VMServiceFlutterDriver: Attempting to resume isolate
VMServiceFlutterDriver: Connected to Flutter application.
VMServiceFlutterDriver: request_data message is taking a long time to complete...