# sample_id=41/base exec_index=6 ok=True perf_lines=30 vm_events=30 battery_pct=62 soc_temp_millic=41700 battery_temp_c=33.9 charging=False preflight_started=2026-08-14T15:20:30.358363+00:00 started=2026-08-14T15:20:33.075733+00:00 ts=2026-08-14T15:22:30.001124+00:00
[spm]: Running flutter analyze...
Analyzing lib...                                                
No issues found! (ran in 0.5s)
[spm]: Injecting profiler code...
[spm]: Starting app...
Running Gradle task 'assembleProfile'...                        
Running Gradle task 'assembleProfile'...                           19.0s
✓ Built build/app/outputs/flutter-apk/app-profile.apk (61.8MB)
Installing build/app/outputs/flutter-apk/app-profile.apk...      2,302ms
I/ForceDarkHelperStubImpl( 4089): setViewRootImplForceDark: false for com.example.benchmark_container.MainActivity@facf14f, reason: AppDarkModeEnable
I/ForceDarkHelperStubImpl( 4089): setViewRootImplForceDark: false for com.example.benchmark_container.MainActivity@facf14f, reason: AppDarkModeEnable
D/DecorView[]( 4089): getWindowModeFromSystem  windowmode is 1
D/DecorView[]( 4089): updateDecorCaptionStatus displayWindowDecor is false
W/Looper  ( 4089): PerfMonitor looperActivity : package=com.example.benchmark_container/.MainActivity time=398ms latency=481ms running=0ms  procState=-1  historyMsgCount=2 (msgIndex=1 wall=398ms seq=4 late=481ms h=android.app.ActivityThread$H w=159) (msgIndex=2 wall=493ms seq=3 h=android.app.ActivityThread$H w=110)
W/Looper  ( 4089): PerfMonitor looperActivity : package=com.example.benchmark_container/.MainActivity time=0ms latency=882ms running=0ms  procState=-1  historyMsgCount=4 (msgIndex=2 wall=398ms seq=4 late=481ms h=android.app.ActivityThread$H w=159) (msgIndex=3 wall=493ms seq=3 h=android.app.ActivityThread$H w=110) (msgIndex=4 wall=398ms seq=4 late=481ms h=android.app.ActivityThread$H w=159)
D/SurfaceView( 4089): UPDATE null, mIsCastMode = false
D/hw-ProcessState( 4089): Binder ioctl to enable oneway spam detection failed: Invalid argument
W/Looper  ( 4089): PerfMonitor longMsg : seq=8 plan=18:21:07.458 late=412ms wall=1727ms running=0ms h=android.view.Choreographer$FrameHandler c=android.view.Choreographer$FrameDisplayEventReceiver procState=-1
W/Looper  ( 4089): PerfMonitor doFrame : time=1727ms vsyncFrame=0 latency=412ms procState=-1 historyMsgCount=7 (msgIndex=2 wall=398ms seq=4 h=android.app.ActivityThread$H w=159) (msgIndex=3 wall=1727ms seq=8 late=412ms h=android.view.Choreographer$FrameHandler c=android.view.Choreographer$FrameDisplayEventReceiver) (msgIndex=4 wall=398ms seq=4 h=android.app.ActivityThread$H w=159)
I/Choreographer( 4089): Skipped 97 frames!  The application may be doing too much work on its main thread.
D/SurfaceView( 4089): UPDATE Surface(name=SurfaceView[com.example.benchmark_container/com.example.benchmark_container.MainActivity])/@0xf0ce70d, mIsProjectionMode = false
W/Looper  ( 4089): PerfMonitor doFrame : time=3ms vsyncFrame=0 latency=1628ms procState=-1 historyMsgCount=4
[spm]: Connected to Dart VM service.
I/flutter ( 4089): 00:00 +0: Performance Benchmark
E/hmark_containe( 4089): open libmigui.so failed! dlopen - dlopen failed: library "libmigui.so" not found
D/hmark_containe( 4089): MiuiProcessManagerServiceStub setSchedFifo
I/MiuiProcessManagerImpl( 4089): setSchedFifo pid:4089, mode:3
D/DecorView[]( 4089): onWindowFocusChanged hasWindowFocus true
D/DecorView[]( 4089): getWindowModeFromSystem  windowmode is 1
D/DecorView[]( 4089): updateDecorCaptionStatus displayWindowDecor is false
D/ProfileInstaller( 4089): Installing profile for com.example.benchmark_container
I/flutter ( 4089): setState 698a51a
[spm]: ProfilerData event received.
I/flutter ( 4089): [SPM:perf] 698a51a  buildSpan: 692µs
I/flutter ( 4089): [spm] Performance monitoring completed for 698a51a
I/flutter ( 4089): setState 698a51a
[spm]: ProfilerData event received.
I/flutter ( 4089): [SPM:perf] 698a51a  buildSpan: 688µs
I/flutter ( 4089): [spm] Performance monitoring completed for 698a51a
I/flutter ( 4089): setState 698a51a
[spm]: ProfilerData event received.
I/flutter ( 4089): [SPM:perf] 698a51a  buildSpan: 1087µs
I/flutter ( 4089): [spm] Performance monitoring completed for 698a51a
I/flutter ( 4089): setState 698a51a
I/flutter ( 4089): [SPM:perf] 698a51a  buildSpan: 922µs
[spm]: ProfilerData event received.
I/flutter ( 4089): [spm] Performance monitoring completed for 698a51a
I/flutter ( 4089): setState 698a51a
[spm]: ProfilerData event received.
I/flutter ( 4089): [SPM:perf] 698a51a  buildSpan: 913µs
I/flutter ( 4089): [spm] Performance monitoring completed for 698a51a
I/flutter ( 4089): setState 698a51a
[spm]: ProfilerData event received.
I/flutter ( 4089): [SPM:perf] 698a51a  buildSpan: 1118µs
I/flutter ( 4089): [spm] Performance monitoring completed for 698a51a
I/flutter ( 4089): setState 698a51a
I/flutter ( 4089): [SPM:perf] 698a51a  buildSpan: 854µs
I/flutter ( 4089): [spm] Performance monitoring completed for 698a51a
[spm]: ProfilerData event received.
I/flutter ( 4089): setState 698a51a
[spm]: ProfilerData event received.
I/flutter ( 4089): [SPM:perf] 698a51a  buildSpan: 974µs
I/flutter ( 4089): [spm] Performance monitoring completed for 698a51a
I/flutter ( 4089): setState 698a51a
[spm]: ProfilerData event received.
I/flutter ( 4089): [SPM:perf] 698a51a  buildSpan: 947µs
I/flutter ( 4089): [spm] Performance monitoring completed for 698a51a
I/flutter ( 4089): setState 698a51a
[spm]: ProfilerData event received.
I/flutter ( 4089): [SPM:perf] 698a51a  buildSpan: 1043µs
I/flutter ( 4089): [spm] Performance monitoring completed for 698a51a
I/flutter ( 4089): setState 698a51a
[spm]: ProfilerData event received.
I/flutter ( 4089): [SPM:perf] 698a51a  buildSpan: 1110µs
I/flutter ( 4089): [spm] Performance monitoring completed for 698a51a
I/flutter ( 4089): setState 698a51a
I/flutter ( 4089): [SPM:perf] 698a51a  buildSpan: 862µs
I/flutter ( 4089): [spm] Performance monitoring completed for 698a51a
[spm]: ProfilerData event received.
I/flutter ( 4089): setState 698a51a
[spm]: ProfilerData event received.
I/flutter ( 4089): [SPM:perf] 698a51a  buildSpan: 1086µs
I/flutter ( 4089): [spm] Performance monitoring completed for 698a51a
I/flutter ( 4089): setState 698a51a
I/flutter ( 4089): [SPM:perf] 698a51a  buildSpan: 908µs
[spm]: ProfilerData event received.
I/flutter ( 4089): [spm] Performance monitoring completed for 698a51a
I/flutter ( 4089): setState 698a51a
[spm]: ProfilerData event received.
I/flutter ( 4089): [SPM:perf] 698a51a  buildSpan: 1006µs
I/flutter ( 4089): [spm] Performance monitoring completed for 698a51a
I/flutter ( 4089): setState 698a51a
[spm]: ProfilerData event received.
I/flutter ( 4089): [SPM:perf] 698a51a  buildSpan: 705µs
I/flutter ( 4089): [spm] Performance monitoring completed for 698a51a
I/flutter ( 4089): setState 698a51a
[spm]: ProfilerData event received.
I/flutter ( 4089): [SPM:perf] 698a51a  buildSpan: 625µs
I/flutter ( 4089): [spm] Performance monitoring completed for 698a51a
I/flutter ( 4089): setState 698a51a
[spm]: ProfilerData event received.
I/flutter ( 4089): [SPM:perf] 698a51a  buildSpan: 749µs
I/flutter ( 4089): [spm] Performance monitoring completed for 698a51a
I/flutter ( 4089): setState 698a51a
I/flutter ( 4089): [SPM:perf] 698a51a  buildSpan: 1016µs
I/flutter ( 4089): [spm] Performance monitoring completed for 698a51a
[spm]: ProfilerData event received.
I/flutter ( 4089): setState 698a51a
I/flutter ( 4089): [SPM:perf] 698a51a  buildSpan: 927µs
[spm]: ProfilerData event received.
I/flutter ( 4089): [spm] Performance monitoring completed for 698a51a
I/flutter ( 4089): setState 698a51a
[spm]: ProfilerData event received.
I/flutter ( 4089): [SPM:perf] 698a51a  buildSpan: 928µs
I/flutter ( 4089): [spm] Performance monitoring completed for 698a51a
I/flutter ( 4089): setState 698a51a
[spm]: ProfilerData event received.
I/flutter ( 4089): [SPM:perf] 698a51a  buildSpan: 806µs
I/flutter ( 4089): [spm] Performance monitoring completed for 698a51a
I/flutter ( 4089): setState 698a51a
[spm]: ProfilerData event received.
I/flutter ( 4089): [SPM:perf] 698a51a  buildSpan: 615µs
I/flutter ( 4089): [spm] Performance monitoring completed for 698a51a
I/flutter ( 4089): setState 698a51a
[spm]: ProfilerData event received.
I/flutter ( 4089): [SPM:perf] 698a51a  buildSpan: 679µs
I/flutter ( 4089): [spm] Performance monitoring completed for 698a51a
I/flutter ( 4089): setState 698a51a
[spm]: ProfilerData event received.
I/flutter ( 4089): [SPM:perf] 698a51a  buildSpan: 798µs
I/flutter ( 4089): [spm] Performance monitoring completed for 698a51a
I/flutter ( 4089): setState 698a51a
[spm]: ProfilerData event received.
I/flutter ( 4089): [SPM:perf] 698a51a  buildSpan: 618µs
I/flutter ( 4089): [spm] Performance monitoring completed for 698a51a
I/flutter ( 4089): setState 698a51a
[spm]: ProfilerData event received.
I/flutter ( 4089): [SPM:perf] 698a51a  buildSpan: 806µs
I/flutter ( 4089): [spm] Performance monitoring completed for 698a51a
I/flutter ( 4089): setState 698a51a
I/flutter ( 4089): [SPM:perf] 698a51a  buildSpan: 894µs
I/flutter ( 4089): [spm] Performance monitoring completed for 698a51a
I/flutter ( 4089): setState 698a51a
[spm]: ProfilerData event received.
[spm]: ProfilerData event received.
I/flutter ( 4089): [SPM:perf] 698a51a  buildSpan: 929µs
I/flutter ( 4089): [spm] Performance monitoring completed for 698a51a
I/flutter ( 4089): setState 698a51a
[spm]: ProfilerData event received.
I/flutter ( 4089): [SPM:perf] 698a51a  buildSpan: 920µs
I/flutter ( 4089): [spm] Performance monitoring completed for 698a51a
I/flutter ( 4089): 01:10 +1: (tearDownAll)
I/flutter ( 4089): 01:11 +2: All tests passed!
All tests passed.
[spm]: Saved 30 profiler events to <ROOT>/dataset/41/redmi9t/raw/20260814-162036/base/e6.jsonl
[spm]: Reverting injection...
WARNING: Your Android app project: app located at: <ROOT>/android/app/build.gradle.kts
applies the Kotlin Gradle Plugin, which will cause build failures in future versions of Flutter. 
Please migrate your app to Built-in Kotlin using this guide: https://docs.flutter.dev/release/breaking-changes/migrate-to-built-in-kotlin/for-app-developers

VMServiceFlutterDriver: Connecting to Flutter application at http://127.0.0.1:46719/bygT2vIEvBQ=/
[spm]: Detected VM service URI: ws://127.0.0.1:46719/bygT2vIEvBQ=/ws
VMServiceFlutterDriver: Isolate found with number: 6918697858996207
VMServiceFlutterDriver: Isolate 6918697858996207 is runnable.
VMServiceFlutterDriver: Isolate is paused at start.
VMServiceFlutterDriver: Attempting to resume isolate
VMServiceFlutterDriver: Connected to Flutter application.