# sample_id=2953/rev_001_a46d1727 exec_index=11 ok=True perf_lines=30 vm_events=30 battery_pct=32 soc_temp_millic=37100 battery_temp_c=30.8 charging=False preflight_started=2026-09-14T10:32:51.935510+00:00 started=2026-09-14T10:32:54.706567+00:00 ts=2026-09-14T10:34:56.014006+00:00
[spm]: Running flutter analyze...
Resolving dependencies...
Downloading packages...
  _fe_analyzer_shared 100.0.0 (108.0.0 available)
  analyzer 13.0.0 (14.4.0 available)
  async 2.13.0 (2.13.1 available)
  clock 1.1.2 (1.1.3 available)
  cupertino_icons 1.0.8 (1.0.9 available)
  glob 2.1.3 (2.2.0 available)
  lints 6.0.0 (6.1.0 available)
  matcher 0.12.19 (0.12.20 available)
  material_color_utilities 0.13.0 (0.13.1 available)
  meta 1.18.0 (1.19.0 available)
  package_config 2.2.0 (3.0.0 available)
  platform 3.1.6 (3.2.0 available)
  process 5.0.5 (5.0.6 available)
  pub_semver 2.2.0 (2.2.1 available)
  source_span 1.10.1 (1.10.2 available)
  stack_trace 1.12.1 (1.12.2 available)
  test_api 0.7.11 (0.7.14 available)
  vector_math 2.2.0 (2.4.2 available)
  vm_service 15.0.2 (15.3.0 available)
  webdriver 3.1.0 (3.2.0 available)
  yaml 3.1.3 (3.1.4 available)
Got dependencies!
21 packages have newer versions incompatible with dependency constraints.
Try `flutter pub outdated` for more information.
Analyzing lib...                                                

   info • The part-of directive uses a library name. Try converting the directive to use the URI of the library • lib/dependencies.dart:46:1 • use_string_in_part_of_directives
   info • Constructors in '@immutable' classes should be declared as 'const'. Try adding 'const' to the constructor declaration • lib/dependencies.dart:91:3 • prefer_const_constructors_in_immutables
   info • Constructors in '@immutable' classes should be declared as 'const'. Try adding 'const' to the constructor declaration • lib/dependencies.dart:112:3 • prefer_const_constructors_in_immutables
   info • Constructors in '@immutable' classes should be declared as 'const'. Try adding 'const' to the constructor declaration • lib/dependencies.dart:133:3 • prefer_const_constructors_in_immutables
   info • Constructors in '@immutable' classes should be declared as 'const'. Try adding 'const' to the constructor declaration • lib/dependencies.dart:152:3 • prefer_const_constructors_in_immutables
   info • Constructors in '@immutable' classes should be declared as 'const'. Try adding 'const' to the constructor declaration • lib/dependencies.dart:171:3 • prefer_const_constructors_in_immutables
   info • The variable name 'EEEE' isn't a lowerCamelCase identifier. Try changing the name to follow the lowerCamelCase style • lib/dependencies.dart:240:14 • non_constant_identifier_names
   info • The variable name 'EEEEE' isn't a lowerCamelCase identifier. Try changing the name to follow the lowerCamelCase style • lib/dependencies.dart:241:14 • non_constant_identifier_names
   info • The variable name 'LLL' isn't a lowerCamelCase identifier. Try changing the name to follow the lowerCamelCase style • lib/dependencies.dart:242:14 • non_constant_identifier_names
   info • The variable name 'LLLL' isn't a lowerCamelCase identifier. Try changing the name to follow the lowerCamelCase style • lib/dependencies.dart:243:14 • non_constant_identifier_names
   info • The variable name 'Md' isn't a lowerCamelCase identifier. Try changing the name to follow the lowerCamelCase style • lib/dependencies.dart:245:14 • non_constant_identifier_names
   info • The variable name 'MEd' isn't a lowerCamelCase identifier. Try changing the name to follow the lowerCamelCase style • lib/dependencies.dart:246:14 • non_constant_identifier_names
   info • The variable name 'MMM' isn't a lowerCamelCase identifier. Try changing the name to follow the lowerCamelCase style • lib/dependencies.dart:247:14 • non_constant_identifier_names
   info • The variable name 'MMMd' isn't a lowerCamelCase identifier. Try changing the name to follow the lowerCamelCase style • lib/dependencies.dart:248:14 • non_constant_identifier_names
   info • The variable name 'MMMEd' isn't a lowerCamelCase identifier. Try changing the name to follow the lowerCamelCase style • lib/dependencies.dart:249:14 • non_constant_identifier_names
   info • The variable name 'MMMM' isn't a lowerCamelCase identifier. Try changing the name to follow the lowerCamelCase style • lib/dependencies.dart:250:14 • non_constant_identifier_names
   info • The variable name 'MMMMd' isn't a lowerCamelCase identifier. Try changing the name to follow the lowerCamelCase style • lib/dependencies.dart:251:14 • non_constant_identifier_names
   info • The variable name 'MMMMEEEEd' isn't a lowerCamelCase identifier. Try changing the name to follow the lowerCamelCase style • lib/dependencies.dart:252:14 • non_constant_identifier_names
   info • The variable name 'QQQ' isn't a lowerCamelCase identifier. Try changing the name to follow the lowerCamelCase style • lib/dependencies.dart:253:14 • non_constant_identifier_names
   info • The variable name 'QQQQ' isn't a lowerCamelCase identifier. Try changing the name to follow the lowerCamelCase style • lib/dependencies.dart:254:14 • non_constant_identifier_names
   info • The variable name 'Hm' isn't a lowerCamelCase identifier. Try changing the name to follow the lowerCamelCase style • lib/dependencies.dart:268:14 • non_constant_identifier_names
   info • The variable name 'Hms' isn't a lowerCamelCase identifier. Try changing the name to follow the lowerCamelCase style • lib/dependencies.dart:269:14 • non_constant_identifier_names
   info • Library names are not necessary. Remove the library name • lib/generated_widget.dart:2:9 • unnecessary_library_name
   info • Constructors in '@immutable' classes should be declared as 'const'. Try adding 'const' to the constructor declaration • lib/generated_widget.dart:11:3 • prefer_const_constructors_in_immutables

[spm]: Injecting profiler code...
[spm]: Starting app...
Running Gradle task 'assembleProfile'...                        
Running Gradle task 'assembleProfile'...                           19.4s
✓ Built build/app/outputs/flutter-apk/app-profile.apk (26.8MB)
Installing build/app/outputs/flutter-apk/app-profile.apk...      1,232ms
E/MiuiMultiWindowUtils( 8457): initFreeFormResolutionArgs failed, device is lime
D/IS_CTS_MODE( 8457): true
D/MULTI_WINDOW_SWITCH_ENABLED( 8457): false
D/IS_CTS_MODE( 8457): true
D/MULTI_WINDOW_SWITCH_ENABLED( 8457): false
D/IS_CTS_MODE( 8457): true
D/MULTI_WINDOW_SWITCH_ENABLED( 8457): false
D/DecorView[]( 8457): getWindowModeFromSystem  windowmode is 1
D/DecorView[]( 8457): getWindowModeFromSystem  windowmode is 1
D/DecorView[]( 8457): updateDecorCaptionStatus displayWindowDecor is false
W/Looper  ( 8457): PerfMonitor looperActivity : package=com.example.benchmark_container/.MainActivity time=380ms latency=330ms running=0ms  procState=-1  historyMsgCount=3 (msgIndex=1 wall=380ms seq=4 late=330ms h=android.app.ActivityThread$H w=159) (msgIndex=2 wall=380ms seq=4 late=330ms h=android.app.ActivityThread$H w=159) (msgIndex=3 wall=334ms seq=3 h=android.app.ActivityThread$H w=110)
W/Looper  ( 8457): PerfMonitor looperActivity : package=com.example.benchmark_container/.MainActivity time=0ms latency=710ms running=0ms  procState=-1  historyMsgCount=4 (msgIndex=1 wall=380ms seq=4 h=android.app.ActivityThread$H w=159) (msgIndex=2 wall=380ms seq=4 h=android.app.ActivityThread$H w=159) (msgIndex=3 wall=334ms seq=3 h=android.app.ActivityThread$H w=110) (msgIndex=4 wall=380ms seq=4 h=android.app.ActivityThread$H w=159)
D/SurfaceView( 8457): UPDATE null, mIsCastMode = false
D/hw-ProcessState( 8457): Binder ioctl to enable oneway spam detection failed: Invalid argument
W/Looper  ( 8457): PerfMonitor longMsg : seq=8 plan=13:33:29.997 late=382ms wall=1682ms running=0ms h=android.view.Choreographer$FrameHandler c=android.view.Choreographer$FrameDisplayEventReceiver procState=-1
W/Looper  ( 8457): PerfMonitor doFrame : time=1682ms vsyncFrame=0 latency=382ms procState=-1 historyMsgCount=4 (msgIndex=1 wall=1682ms seq=8 late=382ms h=android.view.Choreographer$FrameHandler c=android.view.Choreographer$FrameDisplayEventReceiver)
I/Choreographer( 8457): Skipped 96 frames!  The application may be doing too much work on its main thread.
D/SurfaceView( 8457): UPDATE Surface(name=SurfaceView[com.example.benchmark_container/com.example.benchmark_container.MainActivity])/@0x739554a, mIsProjectionMode = false
W/Looper  ( 8457): PerfMonitor doFrame : time=2ms vsyncFrame=0 latency=1604ms procState=-1 historyMsgCount=4
[spm]: Connected to Dart VM service.
I/flutter ( 8457): 00:00 +0: Performance Benchmark
E/hmark_containe( 8457): open libmigui.so failed! dlopen - dlopen failed: library "libmigui.so" not found
D/hmark_containe( 8457): MiuiProcessManagerServiceStub setSchedFifo
I/MiuiProcessManagerImpl( 8457): setSchedFifo pid:8457, mode:3
D/DecorView[]( 8457): onWindowFocusChanged hasWindowFocus true
D/DecorView[]( 8457): getWindowModeFromSystem  windowmode is 1
D/DecorView[]( 8457): updateDecorCaptionStatus displayWindowDecor is false
D/ProfileInstaller( 8457): Installing profile for com.example.benchmark_container
[spm]: ProfilerData event received.
I/flutter ( 8457): [SPM:perf] 698a51a  buildSpan: 9959µs
I/flutter ( 8457): [spm] Performance monitoring completed for 698a51a
[spm]: ProfilerData event received.
I/flutter ( 8457): [SPM:perf] 698a51a  buildSpan: 2709µs
I/flutter ( 8457): [spm] Performance monitoring completed for 698a51a
[spm]: ProfilerData event received.
I/flutter ( 8457): [SPM:perf] 698a51a  buildSpan: 2624µs
I/flutter ( 8457): [spm] Performance monitoring completed for 698a51a
[spm]: ProfilerData event received.
I/flutter ( 8457): [SPM:perf] 698a51a  buildSpan: 2692µs
I/flutter ( 8457): [spm] Performance monitoring completed for 698a51a
[spm]: ProfilerData event received.
I/flutter ( 8457): [SPM:perf] 698a51a  buildSpan: 2682µs
I/flutter ( 8457): [spm] Performance monitoring completed for 698a51a
[spm]: ProfilerData event received.
I/flutter ( 8457): [SPM:perf] 698a51a  buildSpan: 1979µs
I/flutter ( 8457): [spm] Performance monitoring completed for 698a51a
[spm]: ProfilerData event received.
I/flutter ( 8457): [SPM:perf] 698a51a  buildSpan: 2739µs
I/flutter ( 8457): [spm] Performance monitoring completed for 698a51a
[spm]: ProfilerData event received.
I/flutter ( 8457): [SPM:perf] 698a51a  buildSpan: 2818µs
I/flutter ( 8457): [spm] Performance monitoring completed for 698a51a
I/flutter ( 8457): [SPM:perf] 698a51a  buildSpan: 2654µs
I/flutter ( 8457): [spm] Performance monitoring completed for 698a51a
[spm]: ProfilerData event received.
I/flutter ( 8457): [SPM:perf] 698a51a  buildSpan: 2630µs
I/flutter ( 8457): [spm] Performance monitoring completed for 698a51a
[spm]: ProfilerData event received.
[spm]: ProfilerData event received.
I/flutter ( 8457): [SPM:perf] 698a51a  buildSpan: 2021µs
I/flutter ( 8457): [spm] Performance monitoring completed for 698a51a
[spm]: ProfilerData event received.
I/flutter ( 8457): [SPM:perf] 698a51a  buildSpan: 1963µs
I/flutter ( 8457): [spm] Performance monitoring completed for 698a51a
[spm]: ProfilerData event received.
I/flutter ( 8457): [SPM:perf] 698a51a  buildSpan: 2590µs
I/flutter ( 8457): [spm] Performance monitoring completed for 698a51a
I/flutter ( 8457): [SPM:perf] 698a51a  buildSpan: 2699µs
I/flutter ( 8457): [spm] Performance monitoring completed for 698a51a
[spm]: ProfilerData event received.
I/flutter ( 8457): [SPM:perf] 698a51a  buildSpan: 2805µs
[spm]: ProfilerData event received.
I/flutter ( 8457): [spm] Performance monitoring completed for 698a51a
I/flutter ( 8457): [SPM:perf] 698a51a  buildSpan: 2723µs
I/flutter ( 8457): [spm] Performance monitoring completed for 698a51a
[spm]: ProfilerData event received.
[spm]: ProfilerData event received.
I/flutter ( 8457): [SPM:perf] 698a51a  buildSpan: 2059µs
I/flutter ( 8457): [spm] Performance monitoring completed for 698a51a
[spm]: ProfilerData event received.
I/flutter ( 8457): [SPM:perf] 698a51a  buildSpan: 2840µs
I/flutter ( 8457): [spm] Performance monitoring completed for 698a51a
[spm]: ProfilerData event received.
I/flutter ( 8457): [SPM:perf] 698a51a  buildSpan: 2680µs
I/flutter ( 8457): [spm] Performance monitoring completed for 698a51a
[spm]: ProfilerData event received.
I/flutter ( 8457): [SPM:perf] 698a51a  buildSpan: 2702µs
I/flutter ( 8457): [spm] Performance monitoring completed for 698a51a
[spm]: ProfilerData event received.
I/flutter ( 8457): [SPM:perf] 698a51a  buildSpan: 2696µs
I/flutter ( 8457): [spm] Performance monitoring completed for 698a51a
[spm]: ProfilerData event received.
I/flutter ( 8457): [SPM:perf] 698a51a  buildSpan: 2292µs
I/flutter ( 8457): [spm] Performance monitoring completed for 698a51a
[spm]: ProfilerData event received.
I/flutter ( 8457): [SPM:perf] 698a51a  buildSpan: 2850µs
I/flutter ( 8457): [spm] Performance monitoring completed for 698a51a
[spm]: ProfilerData event received.
I/flutter ( 8457): [SPM:perf] 698a51a  buildSpan: 1704µs
I/flutter ( 8457): [spm] Performance monitoring completed for 698a51a
[spm]: ProfilerData event received.
I/flutter ( 8457): [SPM:perf] 698a51a  buildSpan: 2894µs
I/flutter ( 8457): [spm] Performance monitoring completed for 698a51a
[spm]: ProfilerData event received.
I/flutter ( 8457): [SPM:perf] 698a51a  buildSpan: 2633µs
I/flutter ( 8457): [spm] Performance monitoring completed for 698a51a
I/flutter ( 8457): [SPM:perf] 698a51a  buildSpan: 2663µs
[spm]: ProfilerData event received.
I/flutter ( 8457): [spm] Performance monitoring completed for 698a51a
[spm]: ProfilerData event received.
I/flutter ( 8457): [SPM:perf] 698a51a  buildSpan: 1968µs
I/flutter ( 8457): [spm] Performance monitoring completed for 698a51a
[spm]: ProfilerData event received.
I/flutter ( 8457): [SPM:perf] 698a51a  buildSpan: 2748µs
I/flutter ( 8457): [spm] Performance monitoring completed for 698a51a
I/flutter ( 8457): [SPM:perf] 698a51a  buildSpan: 2609µs
I/flutter ( 8457): [spm] Performance monitoring completed for 698a51a
[spm]: ProfilerData event received.
I/flutter ( 8457): 01:12 +1: (tearDownAll)
I/flutter ( 8457): 01:13 +2: All tests passed!
I/Choreographer( 8457): Skipped 59 frames!  The application may be doing too much work on its main thread.
W/Looper  ( 8457): PerfMonitor doFrame : time=3ms vsyncFrame=0 latency=984ms procState=-1 historyMsgCount=6
I/OpenGLRenderer( 8457): Davey! duration=993ms; Flags=0, FrameTimelineVsyncId=16174967, IntendedVsync=502108254676499, Vsync=502109238009793, InputEventId=0, HandleInputStart=502109238496115, AnimationStart=502109238502417, PerformTraversalsStart=502109238507417, DrawStart=502109239657209, FrameDeadline=502108271343165, FrameInterval=502109238229865, FrameStartTime=16666666, SyncQueued=502109240449032, SyncStart=502109240636896, IssueDrawCommandsStart=502109240874813, SwapBuffers=502109242201636, FrameCompleted=502109248099032, DequeueBufferDuration=78281, QueueBufferDuration=1301979, GpuCompleted=502109248099032, SwapBuffersCompleted=502109244196844, DisplayPresentTime=330738140003501204, 
[SPM:shot] wrote <ROOT>/dataset-new_samples/2953/redmi9t/shots/2953__rev_001_a46d1727.png (58404 bytes)
All tests passed.
[spm]: Saved 30 profiler events to <ROOT>/dataset-new_samples/2953/redmi9t/raw/20260913-234156/rev_001_a46d1727/e11.jsonl
[spm]: Reverting injection...
24 issues found. (ran in 0.8s)
WARNING: Your Android app project: app located at: <ROOT>/android/app/build.gradle.kts
applies the Kotlin Gradle Plugin, which will cause build failures in future versions of Flutter. 
Please migrate your app to Built-in Kotlin using this guide: https://docs.flutter.dev/release/breaking-changes/migrate-to-built-in-kotlin/for-app-developers

VMServiceFlutterDriver: Connecting to Flutter application at http://127.0.0.1:41707/ymc_NFywDHg=/
[spm]: Detected VM service URI: ws://127.0.0.1:41707/ymc_NFywDHg=/ws
VMServiceFlutterDriver: Isolate found with number: 8887272933548299
VMServiceFlutterDriver: Isolate 8887272933548299 is runnable.
VMServiceFlutterDriver: Isolate is paused at start.
VMServiceFlutterDriver: Attempting to resume isolate
VMServiceFlutterDriver: Connected to Flutter application.
VMServiceFlutterDriver: request_data message is taking a long time to complete...