# sample_id=2861/rev_001_335e6fc9 exec_index=9 ok=True perf_lines=30 vm_events=30 battery_pct=69 soc_temp_millic=37000 battery_temp_c=30.0 charging=False preflight_started=2026-09-14T03:52:01.599716+00:00 started=2026-09-14T03:52:04.303240+00:00 ts=2026-09-14T03:54:05.157942+00:00
[spm]: Running flutter analyze...
Resolving dependencies...
Downloading packages...
  _fe_analyzer_shared 100.0.0 (108.0.0 available)
  analyzer 13.0.0 (14.4.0 available)
  async 2.13.0 (2.13.1 available)
  clock 1.1.2 (1.1.3 available)
  cupertino_icons 1.0.8 (1.0.9 available)
  glob 2.1.3 (2.2.0 available)
  lints 6.0.0 (6.1.0 available)
  matcher 0.12.19 (0.12.20 available)
  material_color_utilities 0.13.0 (0.13.1 available)
  meta 1.18.0 (1.19.0 available)
  package_config 2.2.0 (3.0.0 available)
  platform 3.1.6 (3.2.0 available)
  process 5.0.5 (5.0.6 available)
  pub_semver 2.2.0 (2.2.1 available)
  source_span 1.10.1 (1.10.2 available)
  stack_trace 1.12.1 (1.12.2 available)
  test_api 0.7.11 (0.7.14 available)
  vector_math 2.2.0 (2.4.2 available)
  vm_service 15.0.2 (15.3.0 available)
  webdriver 3.1.0 (3.2.0 available)
  yaml 3.1.3 (3.1.4 available)
Got dependencies!
21 packages have newer versions incompatible with dependency constraints.
Try `flutter pub outdated` for more information.
Analyzing lib...                                                

   info • The part-of directive uses a library name. Try converting the directive to use the URI of the library • lib/dependencies.dart:46:1 • use_string_in_part_of_directives
   info • Library names are not necessary. Remove the library name • lib/generated_widget.dart:2:9 • unnecessary_library_name
   info • Constructors in '@immutable' classes should be declared as 'const'. Try adding 'const' to the constructor declaration • lib/generated_widget.dart:11:3 • prefer_const_constructors_in_immutables

[spm]: Injecting profiler code...
[spm]: Starting app...
Running Gradle task 'assembleProfile'...                        
Running Gradle task 'assembleProfile'...                           21.5s
✓ Built build/app/outputs/flutter-apk/app-profile.apk (34.3MB)
Installing build/app/outputs/flutter-apk/app-profile.apk...      1,510ms
D/DecorView[](23469): getWindowModeFromSystem  windowmode is 1
D/DecorView[](23469): getWindowModeFromSystem  windowmode is 1
D/DecorView[](23469): updateDecorCaptionStatus displayWindowDecor is false
W/Looper  (23469): PerfMonitor looperActivity : package=com.example.benchmark_container/.MainActivity time=379ms latency=407ms running=0ms  procState=-1  historyMsgCount=3 (msgIndex=3 wall=387ms seq=3 h=android.app.ActivityThread$H w=110)
W/Looper  (23469): PerfMonitor looperActivity : package=com.example.benchmark_container/.MainActivity time=0ms latency=787ms running=0ms  procState=-1  historyMsgCount=4 (msgIndex=3 wall=387ms seq=3 h=android.app.ActivityThread$H w=110) (msgIndex=4 wall=379ms seq=4 h=android.app.ActivityThread$H w=159)
D/SurfaceView(23469): UPDATE null, mIsCastMode = false
D/hw-ProcessState(23469): Binder ioctl to enable oneway spam detection failed: Invalid argument
W/Looper  (23469): PerfMonitor longMsg : seq=8 plan=06:52:41.933 late=380ms wall=1693ms running=0ms h=android.view.Choreographer$FrameHandler c=android.view.Choreographer$FrameDisplayEventReceiver procState=-1
W/Looper  (23469): PerfMonitor doFrame : time=1693ms vsyncFrame=0 latency=380ms procState=-1 historyMsgCount=4 (msgIndex=1 wall=1693ms seq=8 late=380ms h=android.view.Choreographer$FrameHandler c=android.view.Choreographer$FrameDisplayEventReceiver)
I/Choreographer(23469): Skipped 96 frames!  The application may be doing too much work on its main thread.
D/SurfaceView(23469): UPDATE Surface(name=SurfaceView[com.example.benchmark_container/com.example.benchmark_container.MainActivity])/@0x739554a, mIsProjectionMode = false
W/Looper  (23469): PerfMonitor doFrame : time=4ms vsyncFrame=0 latency=1613ms procState=-1 historyMsgCount=4
[spm]: Connected to Dart VM service.
I/flutter (23469): 00:00 +0: Performance Benchmark
E/hmark_containe(23469): open libmigui.so failed! dlopen - dlopen failed: library "libmigui.so" not found
D/hmark_containe(23469): MiuiProcessManagerServiceStub setSchedFifo
I/MiuiProcessManagerImpl(23469): setSchedFifo pid:23469, mode:3
D/DecorView[](23469): onWindowFocusChanged hasWindowFocus true
D/DecorView[](23469): getWindowModeFromSystem  windowmode is 1
D/DecorView[](23469): updateDecorCaptionStatus displayWindowDecor is false
D/ProfileInstaller(23469): Installing profile for com.example.benchmark_container
I/flutter (23469): [SPM:perf] 698a51a  buildSpan: 5303µs
[spm]: ProfilerData event received.
I/flutter (23469): [spm] Performance monitoring completed for 698a51a
[spm]: ProfilerData event received.
I/flutter (23469): [SPM:perf] 698a51a  buildSpan: 5125µs
I/flutter (23469): [spm] Performance monitoring completed for 698a51a
[spm]: ProfilerData event received.
I/flutter (23469): [SPM:perf] 698a51a  buildSpan: 6173µs
I/flutter (23469): [spm] Performance monitoring completed for 698a51a
[spm]: ProfilerData event received.
I/flutter (23469): [SPM:perf] 698a51a  buildSpan: 4145µs
I/flutter (23469): [spm] Performance monitoring completed for 698a51a
I/flutter (23469): [SPM:perf] 698a51a  buildSpan: 4024µs
I/flutter (23469): [spm] Performance monitoring completed for 698a51a
[spm]: ProfilerData event received.
[spm]: ProfilerData event received.
I/flutter (23469): [SPM:perf] 698a51a  buildSpan: 4433µs
I/flutter (23469): [spm] Performance monitoring completed for 698a51a
[spm]: ProfilerData event received.
I/flutter (23469): [SPM:perf] 698a51a  buildSpan: 5246µs
I/flutter (23469): [spm] Performance monitoring completed for 698a51a
[spm]: ProfilerData event received.
I/flutter (23469): [SPM:perf] 698a51a  buildSpan: 6139µs
I/flutter (23469): [spm] Performance monitoring completed for 698a51a
[spm]: ProfilerData event received.
I/flutter (23469): [SPM:perf] 698a51a  buildSpan: 5052µs
I/flutter (23469): [spm] Performance monitoring completed for 698a51a
I/flutter (23469): [SPM:perf] 698a51a  buildSpan: 6063µs
[spm]: ProfilerData event received.
I/flutter (23469): [spm] Performance monitoring completed for 698a51a
[spm]: ProfilerData event received.
I/flutter (23469): [SPM:perf] 698a51a  buildSpan: 5256µs
I/flutter (23469): [spm] Performance monitoring completed for 698a51a
[spm]: ProfilerData event received.
I/flutter (23469): [SPM:perf] 698a51a  buildSpan: 5477µs
I/flutter (23469): [spm] Performance monitoring completed for 698a51a
[spm]: ProfilerData event received.
I/flutter (23469): [SPM:perf] 698a51a  buildSpan: 6009µs
I/flutter (23469): [spm] Performance monitoring completed for 698a51a
I/flutter (23469): [SPM:perf] 698a51a  buildSpan: 6118µs
I/flutter (23469): [spm] Performance monitoring completed for 698a51a
[spm]: ProfilerData event received.
I/flutter (23469): [SPM:perf] 698a51a  buildSpan: 6180µs
I/flutter (23469): [spm] Performance monitoring completed for 698a51a
[spm]: ProfilerData event received.
I/flutter (23469): [SPM:perf] 698a51a  buildSpan: 5227µs
I/flutter (23469): [spm] Performance monitoring completed for 698a51a
[spm]: ProfilerData event received.
I/flutter (23469): [SPM:perf] 698a51a  buildSpan: 6180µs
I/flutter (23469): [spm] Performance monitoring completed for 698a51a
[spm]: ProfilerData event received.
I/flutter (23469): [SPM:perf] 698a51a  buildSpan: 5920µs
I/flutter (23469): [spm] Performance monitoring completed for 698a51a
[spm]: ProfilerData event received.
[spm]: ProfilerData event received.
I/flutter (23469): [SPM:perf] 698a51a  buildSpan: 4976µs
I/flutter (23469): [spm] Performance monitoring completed for 698a51a
[spm]: ProfilerData event received.
I/flutter (23469): [SPM:perf] 698a51a  buildSpan: 6136µs
I/flutter (23469): [spm] Performance monitoring completed for 698a51a
I/flutter (23469): [SPM:perf] 698a51a  buildSpan: 6377µs
I/flutter (23469): [spm] Performance monitoring completed for 698a51a
[spm]: ProfilerData event received.
[spm]: ProfilerData event received.
I/flutter (23469): [SPM:perf] 698a51a  buildSpan: 6399µs
I/flutter (23469): [spm] Performance monitoring completed for 698a51a
[spm]: ProfilerData event received.
I/flutter (23469): [SPM:perf] 698a51a  buildSpan: 6129µs
I/flutter (23469): [spm] Performance monitoring completed for 698a51a
[spm]: ProfilerData event received.
I/flutter (23469): [SPM:perf] 698a51a  buildSpan: 5647µs
I/flutter (23469): [spm] Performance monitoring completed for 698a51a
I/flutter (23469): [SPM:perf] 698a51a  buildSpan: 6003µs
[spm]: ProfilerData event received.
I/flutter (23469): [spm] Performance monitoring completed for 698a51a
[spm]: ProfilerData event received.
I/flutter (23469): [SPM:perf] 698a51a  buildSpan: 6296µs
I/flutter (23469): [spm] Performance monitoring completed for 698a51a
[spm]: ProfilerData event received.
I/flutter (23469): [SPM:perf] 698a51a  buildSpan: 5050µs
I/flutter (23469): [spm] Performance monitoring completed for 698a51a
[spm]: ProfilerData event received.
I/flutter (23469): [SPM:perf] 698a51a  buildSpan: 5150µs
I/flutter (23469): [spm] Performance monitoring completed for 698a51a
[spm]: ProfilerData event received.
I/flutter (23469): [SPM:perf] 698a51a  buildSpan: 6206µs
I/flutter (23469): [spm] Performance monitoring completed for 698a51a
I/flutter (23469): [SPM:perf] 698a51a  buildSpan: 5849µs
I/flutter (23469): [spm] Performance monitoring completed for 698a51a
[spm]: ProfilerData event received.
I/flutter (23469): 01:10 +1: (tearDownAll)
I/flutter (23469): 01:11 +2: All tests passed!
All tests passed.
[spm]: Saved 30 profiler events to <ROOT>/dataset-new_samples/2861/redmi9t/raw/20260913-233534/rev_001_335e6fc9/e9.jsonl
[spm]: Reverting injection...
3 issues found. (ran in 0.5s)
WARNING: Your Android app project: app located at: <ROOT>/android/app/build.gradle.kts
applies the Kotlin Gradle Plugin, which will cause build failures in future versions of Flutter. 
Please migrate your app to Built-in Kotlin using this guide: https://docs.flutter.dev/release/breaking-changes/migrate-to-built-in-kotlin/for-app-developers

VMServiceFlutterDriver: Connecting to Flutter application at http://127.0.0.1:44069/uvQ_ustApYs=/
[spm]: Detected VM service URI: ws://127.0.0.1:44069/uvQ_ustApYs=/ws
VMServiceFlutterDriver: Isolate found with number: 7337428984744835
VMServiceFlutterDriver: Isolate 7337428984744835 is runnable.
VMServiceFlutterDriver: Isolate is paused at start.
VMServiceFlutterDriver: Attempting to resume isolate
VMServiceFlutterDriver: Connected to Flutter application.
VMServiceFlutterDriver: request_data message is taking a long time to complete...