# sample_id=35/base exec_index=10 ok=True perf_lines=30 vm_events=30 battery_pct=62 soc_temp_millic=49400 battery_temp_c=34.0 charging=False preflight_started=2026-08-12T12:51:34.126582+00:00 started=2026-08-12T12:51:36.630129+00:00 ts=2026-08-12T12:53:38.748072+00:00
[spm]: Running flutter analyze...
Analyzing lib...                                                

   info • Unnecessary 'new' keyword. Try removing the 'new' keyword • lib/generated_widget.dart:15:12 • unnecessary_new
   info • Unnecessary 'new' keyword. Try removing the 'new' keyword • lib/generated_widget.dart:16:15 • unnecessary_new
   info • Unnecessary 'new' keyword. Try removing the 'new' keyword • lib/generated_widget.dart:17:13 • unnecessary_new
   info • Unnecessary 'new' keyword. Try removing the 'new' keyword • lib/generated_widget.dart:18:16 • unnecessary_new
   info • Parameter 'key' could be a super parameter. Trying converting 'key' to a super parameter • lib/generated_widget.dart:24:9 • use_super_parameters
   info • Use a 'SizedBox' to add whitespace to a layout. Try using a 'SizedBox' rather than a 'Container' • lib/generated_widget.dart:54:16 • sized_box_for_whitespace

[spm]: Injecting profiler code...
[spm]: Starting app...
Running Gradle task 'assembleProfile'...                        
Running Gradle task 'assembleProfile'...                           21.9s
✓ Built build/app/outputs/flutter-apk/app-profile.apk (61.8MB)
Installing build/app/outputs/flutter-apk/app-profile.apk...      2,022ms
D/DecorView[](32153): getWindowModeFromSystem  windowmode is 1
I/ForceDarkHelperStubImpl(32153): setViewRootImplForceDark: false for com.example.benchmark_container.MainActivity@6276a4e, reason: AppDarkModeEnable
I/ForceDarkHelperStubImpl(32153): setViewRootImplForceDark: false for com.example.benchmark_container.MainActivity@6276a4e, reason: AppDarkModeEnable
D/DecorView[](32153): getWindowModeFromSystem  windowmode is 1
D/DecorView[](32153): updateDecorCaptionStatus displayWindowDecor is false
W/Looper  (32153): PerfMonitor looperActivity : package=com.example.benchmark_container/.MainActivity time=609ms latency=446ms running=0ms  procState=-1  historyMsgCount=3 (msgIndex=3 wall=420ms seq=3 h=android.app.ActivityThread$H w=110)
W/Looper  (32153): PerfMonitor looperActivity : package=com.example.benchmark_container/.MainActivity time=1ms latency=1057ms running=0ms  procState=-1  historyMsgCount=4 (msgIndex=3 wall=420ms seq=3 h=android.app.ActivityThread$H w=110) (msgIndex=4 wall=609ms seq=4 late=446ms h=android.app.ActivityThread$H w=159)
I/Choreographer(32153): Skipped 37 frames!  The application may be doing too much work on its main thread.
D/SurfaceView(32153): UPDATE null, mIsCastMode = false
D/hw-ProcessState(32153): Binder ioctl to enable oneway spam detection failed: Invalid argument
W/Looper  (32153): PerfMonitor longMsg : seq=8 plan=15:52:14.943 late=619ms wall=1753ms running=0ms h=android.view.Choreographer$FrameHandler c=android.view.Choreographer$FrameDisplayEventReceiver procState=-1
W/Looper  (32153): PerfMonitor doFrame : time=1753ms vsyncFrame=0 latency=619ms procState=-1 historyMsgCount=6 (msgIndex=2 wall=1753ms seq=8 late=619ms h=android.view.Choreographer$FrameHandler c=android.view.Choreographer$FrameDisplayEventReceiver) (msgIndex=3 wall=609ms seq=4 h=android.app.ActivityThread$H w=159)
I/Choreographer(32153): Skipped 96 frames!  The application may be doing too much work on its main thread.
D/SurfaceView(32153): UPDATE Surface(name=SurfaceView[com.example.benchmark_container/com.example.benchmark_container.MainActivity])/@0x3ee5544, mIsProjectionMode = false
W/Looper  (32153): PerfMonitor doFrame : time=2ms vsyncFrame=0 latency=1613ms procState=-1 historyMsgCount=5
[spm]: Connected to Dart VM service.
I/flutter (32153): 00:00 +0: Performance Benchmark
E/hmark_containe(32153): open libmigui.so failed! dlopen - dlopen failed: library "libmigui.so" not found
D/hmark_containe(32153): MiuiProcessManagerServiceStub setSchedFifo
I/MiuiProcessManagerImpl(32153): setSchedFifo pid:32153, mode:3
D/DecorView[](32153): onWindowFocusChanged hasWindowFocus true
D/DecorView[](32153): getWindowModeFromSystem  windowmode is 1
D/DecorView[](32153): updateDecorCaptionStatus displayWindowDecor is false
D/ProfileInstaller(32153): Installing profile for com.example.benchmark_container
I/flutter (32153): setState 698a51a
[spm]: ProfilerData event received.
I/flutter (32153): [SPM:perf] 698a51a  buildSpan: 1406µs
I/flutter (32153): [spm] Performance monitoring completed for 698a51a
I/flutter (32153): setState 698a51a
[spm]: ProfilerData event received.
I/flutter (32153): [SPM:perf] 698a51a  buildSpan: 689µs
I/flutter (32153): [spm] Performance monitoring completed for 698a51a
I/flutter (32153): setState 698a51a
[spm]: ProfilerData event received.
I/flutter (32153): [SPM:perf] 698a51a  buildSpan: 1117µs
I/flutter (32153): [spm] Performance monitoring completed for 698a51a
I/flutter (32153): setState 698a51a
[spm]: ProfilerData event received.
I/flutter (32153): [SPM:perf] 698a51a  buildSpan: 1083µs
I/flutter (32153): [spm] Performance monitoring completed for 698a51a
I/flutter (32153): setState 698a51a
[spm]: ProfilerData event received.
I/flutter (32153): [SPM:perf] 698a51a  buildSpan: 878µs
I/flutter (32153): [spm] Performance monitoring completed for 698a51a
I/flutter (32153): setState 698a51a
[spm]: ProfilerData event received.
I/flutter (32153): [SPM:perf] 698a51a  buildSpan: 1096µs
I/flutter (32153): [spm] Performance monitoring completed for 698a51a
I/flutter (32153): setState 698a51a
[spm]: ProfilerData event received.
I/flutter (32153): [SPM:perf] 698a51a  buildSpan: 1131µs
I/flutter (32153): [spm] Performance monitoring completed for 698a51a
I/flutter (32153): setState 698a51a
[spm]: ProfilerData event received.
I/flutter (32153): [SPM:perf] 698a51a  buildSpan: 1136µs
I/flutter (32153): [spm] Performance monitoring completed for 698a51a
I/flutter (32153): setState 698a51a
[spm]: ProfilerData event received.
I/flutter (32153): [SPM:perf] 698a51a  buildSpan: 1112µs
I/flutter (32153): [spm] Performance monitoring completed for 698a51a
I/flutter (32153): setState 698a51a
[spm]: ProfilerData event received.
I/flutter (32153): [SPM:perf] 698a51a  buildSpan: 882µs
I/flutter (32153): [spm] Performance monitoring completed for 698a51a
I/flutter (32153): setState 698a51a
[spm]: ProfilerData event received.
I/flutter (32153): [SPM:perf] 698a51a  buildSpan: 1069µs
I/flutter (32153): [spm] Performance monitoring completed for 698a51a
I/flutter (32153): setState 698a51a
[spm]: ProfilerData event received.
I/flutter (32153): [SPM:perf] 698a51a  buildSpan: 1242µs
I/flutter (32153): [spm] Performance monitoring completed for 698a51a
I/flutter (32153): setState 698a51a
[spm]: ProfilerData event received.
I/flutter (32153): [SPM:perf] 698a51a  buildSpan: 929µs
I/flutter (32153): [spm] Performance monitoring completed for 698a51a
I/flutter (32153): setState 698a51a
[spm]: ProfilerData event received.
I/flutter (32153): [SPM:perf] 698a51a  buildSpan: 1256µs
I/flutter (32153): [spm] Performance monitoring completed for 698a51a
I/flutter (32153): setState 698a51a
[spm]: ProfilerData event received.
I/flutter (32153): [SPM:perf] 698a51a  buildSpan: 1237µs
I/flutter (32153): [spm] Performance monitoring completed for 698a51a
I/flutter (32153): setState 698a51a
[spm]: ProfilerData event received.
I/flutter (32153): [SPM:perf] 698a51a  buildSpan: 881µs
I/flutter (32153): [spm] Performance monitoring completed for 698a51a
I/flutter (32153): setState 698a51a
[spm]: ProfilerData event received.
I/flutter (32153): [SPM:perf] 698a51a  buildSpan: 1106µs
I/flutter (32153): [spm] Performance monitoring completed for 698a51a
I/flutter (32153): setState 698a51a
[spm]: ProfilerData event received.
I/flutter (32153): [SPM:perf] 698a51a  buildSpan: 1135µs
I/flutter (32153): [spm] Performance monitoring completed for 698a51a
I/flutter (32153): setState 698a51a
[spm]: ProfilerData event received.
I/flutter (32153): [SPM:perf] 698a51a  buildSpan: 1112µs
I/flutter (32153): [spm] Performance monitoring completed for 698a51a
I/flutter (32153): setState 698a51a
[spm]: ProfilerData event received.
I/flutter (32153): [SPM:perf] 698a51a  buildSpan: 1285µs
I/flutter (32153): [spm] Performance monitoring completed for 698a51a
I/flutter (32153): setState 698a51a
[spm]: ProfilerData event received.
I/flutter (32153): [SPM:perf] 698a51a  buildSpan: 1204µs
I/flutter (32153): [spm] Performance monitoring completed for 698a51a
I/flutter (32153): setState 698a51a
[spm]: ProfilerData event received.
I/flutter (32153): [SPM:perf] 698a51a  buildSpan: 980µs
I/flutter (32153): [spm] Performance monitoring completed for 698a51a
I/flutter (32153): setState 698a51a
[spm]: ProfilerData event received.
I/flutter (32153): [SPM:perf] 698a51a  buildSpan: 1303µs
I/flutter (32153): [spm] Performance monitoring completed for 698a51a
I/flutter (32153): setState 698a51a
[spm]: ProfilerData event received.
I/flutter (32153): [SPM:perf] 698a51a  buildSpan: 1144µs
I/flutter (32153): [spm] Performance monitoring completed for 698a51a
I/flutter (32153): setState 698a51a
[spm]: ProfilerData event received.
I/flutter (32153): [SPM:perf] 698a51a  buildSpan: 1148µs
I/flutter (32153): [spm] Performance monitoring completed for 698a51a
I/flutter (32153): setState 698a51a
[spm]: ProfilerData event received.
I/flutter (32153): [SPM:perf] 698a51a  buildSpan: 1198µs
I/flutter (32153): [spm] Performance monitoring completed for 698a51a
I/flutter (32153): setState 698a51a
[spm]: ProfilerData event received.
I/flutter (32153): [SPM:perf] 698a51a  buildSpan: 993µs
I/flutter (32153): [spm] Performance monitoring completed for 698a51a
I/flutter (32153): setState 698a51a
[spm]: ProfilerData event received.
I/flutter (32153): [SPM:perf] 698a51a  buildSpan: 905µs
I/flutter (32153): [spm] Performance monitoring completed for 698a51a
I/flutter (32153): setState 698a51a
[spm]: ProfilerData event received.
I/flutter (32153): [SPM:perf] 698a51a  buildSpan: 1116µs
I/flutter (32153): [spm] Performance monitoring completed for 698a51a
I/flutter (32153): setState 698a51a
[spm]: ProfilerData event received.
I/flutter (32153): [SPM:perf] 698a51a  buildSpan: 744µs
I/flutter (32153): [spm] Performance monitoring completed for 698a51a
I/flutter (32153): 01:10 +1: (tearDownAll)
I/flutter (32153): 01:11 +2: All tests passed!
All tests passed.
[spm]: Saved 30 profiler events to <ROOT>/dataset/35/redmi9t/raw/20260812-125826/base/e10.jsonl
[spm]: Reverting injection...
6 issues found. (ran in 0.5s)
WARNING: Your Android app project: app located at: <ROOT>/android/app/build.gradle.kts
applies the Kotlin Gradle Plugin, which will cause build failures in future versions of Flutter. 
Please migrate your app to Built-in Kotlin using this guide: https://docs.flutter.dev/release/breaking-changes/migrate-to-built-in-kotlin/for-app-developers

VMServiceFlutterDriver: Connecting to Flutter application at http://127.0.0.1:42695/S67UUx7TWu0=/
[spm]: Detected VM service URI: ws://127.0.0.1:42695/S67UUx7TWu0=/ws
VMServiceFlutterDriver: Isolate found with number: 4459930752466803
VMServiceFlutterDriver: Isolate 4459930752466803 is runnable.
VMServiceFlutterDriver: Isolate is paused at start.
VMServiceFlutterDriver: Attempting to resume isolate
VMServiceFlutterDriver: Connected to Flutter application.