# sample_id=1468/rev_003_ebc1b1ef exec_index=10 ok=True perf_lines=30 vm_events=30 battery_pct=78 soc_temp_millic=39200 battery_temp_c=33.5 charging=False preflight_started=2026-09-12T12:48:53.715630+00:00 started=2026-09-12T12:48:56.419055+00:00 ts=2026-09-12T12:50:58.325727+00:00
[spm]: Running flutter analyze...
Resolving dependencies...
Downloading packages...
  _fe_analyzer_shared 100.0.0 (108.0.0 available)
  analyzer 13.0.0 (14.4.0 available)
  async 2.13.0 (2.13.1 available)
  clock 1.1.2 (1.1.3 available)
  cupertino_icons 1.0.8 (1.0.9 available)
  glob 2.1.3 (2.2.0 available)
  lints 6.0.0 (6.1.0 available)
  matcher 0.12.19 (0.12.20 available)
  material_color_utilities 0.13.0 (0.13.1 available)
  meta 1.18.0 (1.19.0 available)
  package_config 2.2.0 (3.0.0 available)
  platform 3.1.6 (3.2.0 available)
  process 5.0.5 (5.0.6 available)
  pub_semver 2.2.0 (2.2.1 available)
  source_span 1.10.1 (1.10.2 available)
  stack_trace 1.12.1 (1.12.2 available)
  test_api 0.7.11 (0.7.14 available)
  vector_math 2.2.0 (2.4.2 available)
  vm_service 15.0.2 (15.3.0 available)
  webdriver 3.1.0 (3.2.0 available)
  yaml 3.1.3 (3.1.4 available)
Got dependencies!
21 packages have newer versions incompatible with dependency constraints.
Try `flutter pub outdated` for more information.
Analyzing lib...                                                

   info • The part-of directive uses a library name. Try converting the directive to use the URI of the library • lib/dependencies.dart:46:1 • use_string_in_part_of_directives
   info • Library names are not necessary. Remove the library name • lib/generated_widget.dart:2:9 • unnecessary_library_name
   info • Constructors in '@immutable' classes should be declared as 'const'. Try adding 'const' to the constructor declaration • lib/generated_widget.dart:12:3 • prefer_const_constructors_in_immutables

[spm]: Injecting profiler code...
[spm]: Starting app...
Running Gradle task 'assembleProfile'...                        
Running Gradle task 'assembleProfile'...                           20.7s
✓ Built build/app/outputs/flutter-apk/app-profile.apk (26.8MB)
Installing build/app/outputs/flutter-apk/app-profile.apk...      1,158ms
D/IS_CTS_MODE(20206): true
D/MULTI_WINDOW_SWITCH_ENABLED(20206): false
D/IS_CTS_MODE(20206): true
D/MULTI_WINDOW_SWITCH_ENABLED(20206): false
D/IS_CTS_MODE(20206): true
D/MULTI_WINDOW_SWITCH_ENABLED(20206): false
D/DecorView[](20206): getWindowModeFromSystem  windowmode is 1
I/ForceDarkHelperStubImpl(20206): setViewRootImplForceDark: false for com.example.benchmark_container.MainActivity@e6f428d, reason: AppDarkModeEnable
I/ForceDarkHelperStubImpl(20206): setViewRootImplForceDark: false for com.example.benchmark_container.MainActivity@e6f428d, reason: AppDarkModeEnable
D/DecorView[](20206): getWindowModeFromSystem  windowmode is 1
D/DecorView[](20206): updateDecorCaptionStatus displayWindowDecor is false
W/Looper  (20206): PerfMonitor looperActivity : package=com.example.benchmark_container/.MainActivity time=365ms latency=364ms running=0ms  procState=-1  historyMsgCount=3 (msgIndex=3 wall=354ms seq=3 h=android.app.ActivityThread$H w=110)
W/Looper  (20206): PerfMonitor looperActivity : package=com.example.benchmark_container/.MainActivity time=1ms latency=730ms running=0ms  procState=-1  historyMsgCount=4 (msgIndex=3 wall=354ms seq=3 h=android.app.ActivityThread$H w=110) (msgIndex=4 wall=365ms seq=4 late=364ms h=android.app.ActivityThread$H w=159)
D/SurfaceView(20206): UPDATE null, mIsCastMode = false
D/hw-ProcessState(20206): Binder ioctl to enable oneway spam detection failed: Invalid argument
W/Looper  (20206): PerfMonitor longMsg : seq=8 plan=15:49:33.994 late=373ms wall=1670ms running=0ms h=android.view.Choreographer$FrameHandler c=android.view.Choreographer$FrameDisplayEventReceiver procState=-1
W/Looper  (20206): PerfMonitor doFrame : time=1670ms vsyncFrame=0 latency=373ms procState=-1 historyMsgCount=7 (msgIndex=3 wall=1670ms seq=8 late=373ms h=android.view.Choreographer$FrameHandler c=android.view.Choreographer$FrameDisplayEventReceiver) (msgIndex=4 wall=365ms seq=4 h=android.app.ActivityThread$H w=159)
I/Choreographer(20206): Skipped 94 frames!  The application may be doing too much work on its main thread.
D/SurfaceView(20206): UPDATE Surface(name=SurfaceView[com.example.benchmark_container/com.example.benchmark_container.MainActivity])/@0xca20cbb, mIsProjectionMode = false
W/Looper  (20206): PerfMonitor doFrame : time=4ms vsyncFrame=0 latency=1582ms procState=-1 historyMsgCount=4
[spm]: Connected to Dart VM service.
I/flutter (20206): 00:00 +0: Performance Benchmark
E/hmark_containe(20206): open libmigui.so failed! dlopen - dlopen failed: library "libmigui.so" not found
D/hmark_containe(20206): MiuiProcessManagerServiceStub setSchedFifo
I/MiuiProcessManagerImpl(20206): setSchedFifo pid:20206, mode:3
D/DecorView[](20206): onWindowFocusChanged hasWindowFocus true
D/DecorView[](20206): getWindowModeFromSystem  windowmode is 1
D/DecorView[](20206): updateDecorCaptionStatus displayWindowDecor is false
D/ProfileInstaller(20206): Installing profile for com.example.benchmark_container
[spm]: ProfilerData event received.
I/flutter (20206): [SPM:perf] 698a51a  buildSpan: 2677µs
I/flutter (20206): [spm] Performance monitoring completed for 698a51a
I/flutter (20206): [SPM:perf] 698a51a  buildSpan: 2505µs
[spm]: ProfilerData event received.
I/flutter (20206): [spm] Performance monitoring completed for 698a51a
[spm]: ProfilerData event received.
I/flutter (20206): [SPM:perf] 698a51a  buildSpan: 2256µs
I/flutter (20206): [spm] Performance monitoring completed for 698a51a
[spm]: ProfilerData event received.
I/flutter (20206): [SPM:perf] 698a51a  buildSpan: 3208µs
I/flutter (20206): [spm] Performance monitoring completed for 698a51a
[spm]: ProfilerData event received.
I/flutter (20206): [SPM:perf] 698a51a  buildSpan: 3258µs
I/flutter (20206): [spm] Performance monitoring completed for 698a51a
[spm]: ProfilerData event received.
I/flutter (20206): [SPM:perf] 698a51a  buildSpan: 3084µs
I/flutter (20206): [spm] Performance monitoring completed for 698a51a
[spm]: ProfilerData event received.
I/flutter (20206): [SPM:perf] 698a51a  buildSpan: 2916µs
I/flutter (20206): [spm] Performance monitoring completed for 698a51a
[spm]: ProfilerData event received.
I/flutter (20206): [SPM:perf] 698a51a  buildSpan: 3252µs
I/flutter (20206): [spm] Performance monitoring completed for 698a51a
[spm]: ProfilerData event received.
I/flutter (20206): [SPM:perf] 698a51a  buildSpan: 3422µs
I/flutter (20206): [spm] Performance monitoring completed for 698a51a
[spm]: ProfilerData event received.
I/flutter (20206): [SPM:perf] 698a51a  buildSpan: 3333µs
I/flutter (20206): [spm] Performance monitoring completed for 698a51a
[spm]: ProfilerData event received.
I/flutter (20206): [SPM:perf] 698a51a  buildSpan: 3416µs
I/flutter (20206): [spm] Performance monitoring completed for 698a51a
I/flutter (20206): [SPM:perf] 698a51a  buildSpan: 2583µs
I/flutter (20206): [spm] Performance monitoring completed for 698a51a
[spm]: ProfilerData event received.
[spm]: ProfilerData event received.
I/flutter (20206): [SPM:perf] 698a51a  buildSpan: 3203µs
I/flutter (20206): [spm] Performance monitoring completed for 698a51a
[spm]: ProfilerData event received.
I/flutter (20206): [SPM:perf] 698a51a  buildSpan: 3255µs
I/flutter (20206): [spm] Performance monitoring completed for 698a51a
[spm]: ProfilerData event received.
I/flutter (20206): [SPM:perf] 698a51a  buildSpan: 3424µs
I/flutter (20206): [spm] Performance monitoring completed for 698a51a
[spm]: ProfilerData event received.
I/flutter (20206): [SPM:perf] 698a51a  buildSpan: 3586µs
I/flutter (20206): [spm] Performance monitoring completed for 698a51a
I/flutter (20206): [SPM:perf] 698a51a  buildSpan: 3476µs
[spm]: ProfilerData event received.
I/flutter (20206): [spm] Performance monitoring completed for 698a51a
[spm]: ProfilerData event received.
I/flutter (20206): [SPM:perf] 698a51a  buildSpan: 3281µs
I/flutter (20206): [spm] Performance monitoring completed for 698a51a
[spm]: ProfilerData event received.
I/flutter (20206): [SPM:perf] 698a51a  buildSpan: 3250µs
I/flutter (20206): [spm] Performance monitoring completed for 698a51a
[spm]: ProfilerData event received.
I/flutter (20206): [SPM:perf] 698a51a  buildSpan: 2718µs
I/flutter (20206): [spm] Performance monitoring completed for 698a51a
[spm]: ProfilerData event received.
I/flutter (20206): [SPM:perf] 698a51a  buildSpan: 1864µs
I/flutter (20206): [spm] Performance monitoring completed for 698a51a
[spm]: ProfilerData event received.
I/flutter (20206): [SPM:perf] 698a51a  buildSpan: 2851µs
I/flutter (20206): [spm] Performance monitoring completed for 698a51a
I/flutter (20206): [SPM:perf] 698a51a  buildSpan: 1884µs
I/flutter (20206): [spm] Performance monitoring completed for 698a51a
[spm]: ProfilerData event received.
[spm]: ProfilerData event received.
I/flutter (20206): [SPM:perf] 698a51a  buildSpan: 2897µs
I/flutter (20206): [spm] Performance monitoring completed for 698a51a
[spm]: ProfilerData event received.
I/flutter (20206): [SPM:perf] 698a51a  buildSpan: 3236µs
I/flutter (20206): [spm] Performance monitoring completed for 698a51a
[spm]: ProfilerData event received.
I/flutter (20206): [SPM:perf] 698a51a  buildSpan: 2928µs
I/flutter (20206): [spm] Performance monitoring completed for 698a51a
[spm]: ProfilerData event received.
I/flutter (20206): [SPM:perf] 698a51a  buildSpan: 3742µs
I/flutter (20206): [spm] Performance monitoring completed for 698a51a
[spm]: ProfilerData event received.
I/flutter (20206): [SPM:perf] 698a51a  buildSpan: 3234µs
I/flutter (20206): [spm] Performance monitoring completed for 698a51a
I/flutter (20206): [SPM:perf] 698a51a  buildSpan: 2702µs
I/flutter (20206): [spm] Performance monitoring completed for 698a51a
[spm]: ProfilerData event received.
[spm]: ProfilerData event received.
I/flutter (20206): [SPM:perf] 698a51a  buildSpan: 3511µs
I/flutter (20206): [spm] Performance monitoring completed for 698a51a
I/flutter (20206): 01:10 +1: (tearDownAll)
I/flutter (20206): 01:11 +2: All tests passed!
All tests passed.
[spm]: Saved 30 profiler events to <ROOT>/dataset-new_samples/1468/redmi9t/raw/20260912-142038/rev_003_ebc1b1ef/e10.jsonl
[spm]: Reverting injection...
3 issues found. (ran in 0.6s)
WARNING: Your Android app project: app located at: <ROOT>/android/app/build.gradle.kts
applies the Kotlin Gradle Plugin, which will cause build failures in future versions of Flutter. 
Please migrate your app to Built-in Kotlin using this guide: https://docs.flutter.dev/release/breaking-changes/migrate-to-built-in-kotlin/for-app-developers

VMServiceFlutterDriver: Connecting to Flutter application at http://127.0.0.1:38823/wJcxLQGujmo=/
[spm]: Detected VM service URI: ws://127.0.0.1:38823/wJcxLQGujmo=/ws
VMServiceFlutterDriver: Isolate found with number: 4178335330814099
VMServiceFlutterDriver: Isolate 4178335330814099 is runnable.
VMServiceFlutterDriver: Isolate is paused at start.
VMServiceFlutterDriver: Attempting to resume isolate
VMServiceFlutterDriver: Connected to Flutter application.
VMServiceFlutterDriver: request_data message is taking a long time to complete...