# sample_id=2408/rev_003_0098c42b exec_index=6 ok=True perf_lines=30 vm_events=30 battery_pct=57 soc_temp_millic=37000 battery_temp_c=28.6 charging=False preflight_started=2026-09-19T03:03:53.963762+00:00 started=2026-09-19T03:03:56.702371+00:00 ts=2026-09-19T03:05:55.434453+00:00
[spm]: Running flutter analyze...
Resolving dependencies...
Downloading packages...
  _fe_analyzer_shared 100.0.0 (108.0.0 available)
  analyzer 13.0.0 (14.4.0 available)
  async 2.13.0 (2.13.1 available)
  clock 1.1.2 (1.1.3 available)
  cupertino_icons 1.0.8 (1.0.9 available)
  glob 2.1.3 (2.2.0 available)
  lints 6.0.0 (6.1.0 available)
  matcher 0.12.19 (0.12.20 available)
  material_color_utilities 0.13.0 (0.13.1 available)
  meta 1.18.0 (1.19.0 available)
  package_config 2.2.0 (3.0.0 available)
  platform 3.1.6 (3.2.0 available)
  process 5.0.5 (5.0.6 available)
  pub_semver 2.2.0 (2.2.1 available)
  source_span 1.10.1 (1.10.2 available)
  stack_trace 1.12.1 (1.12.2 available)
  test_api 0.7.11 (0.7.14 available)
  vector_math 2.2.0 (2.4.2 available)
  vm_service 15.0.2 (15.3.0 available)
  webdriver 3.1.0 (3.2.0 available)
  yaml 3.1.3 (3.1.4 available)
Got dependencies!
21 packages have newer versions incompatible with dependency constraints.
Try `flutter pub outdated` for more information.
Analyzing lib...                                                

   info • The part-of directive uses a library name. Try converting the directive to use the URI of the library • lib/dependencies.dart:46:1 • use_string_in_part_of_directives
   info • Constructors in '@immutable' classes should be declared as 'const'. Try adding 'const' to the constructor declaration • lib/dependencies.dart:1195:3 • prefer_const_constructors_in_immutables
   info • Constructors in '@immutable' classes should be declared as 'const'. Try adding 'const' to the constructor declaration • lib/dependencies.dart:1219:3 • prefer_const_constructors_in_immutables
   info • Constructors in '@immutable' classes should be declared as 'const'. Try adding 'const' to the constructor declaration • lib/dependencies.dart:1243:3 • prefer_const_constructors_in_immutables
   info • Constructors in '@immutable' classes should be declared as 'const'. Try adding 'const' to the constructor declaration • lib/dependencies.dart:1265:3 • prefer_const_constructors_in_immutables
   info • Constructors in '@immutable' classes should be declared as 'const'. Try adding 'const' to the constructor declaration • lib/dependencies.dart:1287:3 • prefer_const_constructors_in_immutables
   info • Library names are not necessary. Remove the library name • lib/generated_widget.dart:2:9 • unnecessary_library_name
   info • Constructors in '@immutable' classes should be declared as 'const'. Try adding 'const' to the constructor declaration • lib/generated_widget.dart:11:3 • prefer_const_constructors_in_immutables
warning • The value of the local variable 'analytics' isn't used. Try removing the variable or using it • lib/generated_widget.dart:30:11 • unused_local_variable
warning • The value of the local variable 'index' isn't used. Try removing the variable or using it • lib/generated_widget.dart:166:21 • unused_local_variable

[spm]: Injecting profiler code...
[spm]: Starting app...
Running Gradle task 'assembleProfile'...                        
Running Gradle task 'assembleProfile'...                           19.8s
✓ Built build/app/outputs/flutter-apk/app-profile.apk (26.8MB)
Installing build/app/outputs/flutter-apk/app-profile.apk...      1,279ms
W/Looper  ( 7172): PerfMonitor looperActivity : package=com.example.benchmark_container/.MainActivity time=0ms latency=815ms running=0ms  procState=-1  historyMsgCount=4 (msgIndex=1 wall=415ms seq=4 late=397ms h=android.app.ActivityThread$H w=159) (msgIndex=2 wall=415ms seq=4 late=397ms h=android.app.ActivityThread$H w=159) (msgIndex=3 wall=403ms seq=3 h=android.app.ActivityThread$H w=110) (msgIndex=4 wall=415ms seq=4 late=397ms h=android.app.ActivityThread$H w=159)
D/hw-ProcessState( 7172): Binder ioctl to enable oneway spam detection failed: Invalid argument
D/SurfaceView( 7172): UPDATE null, mIsCastMode = false
W/Looper  ( 7172): PerfMonitor longMsg : seq=8 plan=06:04:31.747 late=440ms wall=1833ms running=0ms h=android.view.Choreographer$FrameHandler c=android.view.Choreographer$FrameDisplayEventReceiver procState=-1
W/Looper  ( 7172): PerfMonitor doFrame : time=1833ms vsyncFrame=0 latency=440ms procState=-1 historyMsgCount=7 (msgIndex=1 wall=415ms seq=4 h=android.app.ActivityThread$H w=159) (msgIndex=2 wall=415ms seq=4 h=android.app.ActivityThread$H w=159) (msgIndex=3 wall=1833ms seq=8 late=440ms h=android.view.Choreographer$FrameHandler c=android.view.Choreographer$FrameDisplayEventReceiver) (msgIndex=4 wall=415ms seq=4 h=android.app.ActivityThread$H w=159)
I/Choreographer( 7172): Skipped 103 frames!  The application may be doing too much work on its main thread.
D/SurfaceView( 7172): UPDATE Surface(name=SurfaceView[com.example.benchmark_container/com.example.benchmark_container.MainActivity])/@0xd30802a, mIsProjectionMode = false
W/Looper  ( 7172): PerfMonitor doFrame : time=3ms vsyncFrame=0 latency=1730ms procState=-1 historyMsgCount=4
[spm]: Connected to Dart VM service.
I/flutter ( 7172): 00:00 +0: Performance Benchmark
E/hmark_containe( 7172): open libmigui.so failed! dlopen - dlopen failed: library "libmigui.so" not found
D/hmark_containe( 7172): MiuiProcessManagerServiceStub setSchedFifo
I/MiuiProcessManagerImpl( 7172): setSchedFifo pid:7172, mode:3
D/DecorView[]( 7172): onWindowFocusChanged hasWindowFocus true
D/DecorView[]( 7172): getWindowModeFromSystem  windowmode is 1
D/DecorView[]( 7172): updateDecorCaptionStatus displayWindowDecor is false
D/ProfileInstaller( 7172): Installing profile for com.example.benchmark_container
I/flutter ( 7172): [SPM:perf] 698a51a  buildSpan: 4230µs
[spm]: ProfilerData event received.
I/flutter ( 7172): [spm] Performance monitoring completed for 698a51a
[spm]: ProfilerData event received.
I/flutter ( 7172): [SPM:perf] 698a51a  buildSpan: 3712µs
I/flutter ( 7172): [spm] Performance monitoring completed for 698a51a
I/flutter ( 7172): [SPM:perf] 698a51a  buildSpan: 3764µs
I/flutter ( 7172): [spm] Performance monitoring completed for 698a51a
[spm]: ProfilerData event received.
[spm]: ProfilerData event received.
I/flutter ( 7172): [SPM:perf] 698a51a  buildSpan: 3932µs
I/flutter ( 7172): [spm] Performance monitoring completed for 698a51a
[spm]: ProfilerData event received.
I/flutter ( 7172): [SPM:perf] 698a51a  buildSpan: 3663µs
I/flutter ( 7172): [spm] Performance monitoring completed for 698a51a
[spm]: ProfilerData event received.
I/flutter ( 7172): [SPM:perf] 698a51a  buildSpan: 3682µs
I/flutter ( 7172): [spm] Performance monitoring completed for 698a51a
I/flutter ( 7172): [SPM:perf] 698a51a  buildSpan: 3714µs
I/flutter ( 7172): [spm] Performance monitoring completed for 698a51a
[spm]: ProfilerData event received.
[spm]: ProfilerData event received.
I/flutter ( 7172): [SPM:perf] 698a51a  buildSpan: 3752µs
I/flutter ( 7172): [spm] Performance monitoring completed for 698a51a
[spm]: ProfilerData event received.
I/flutter ( 7172): [SPM:perf] 698a51a  buildSpan: 3855µs
I/flutter ( 7172): [spm] Performance monitoring completed for 698a51a
[spm]: ProfilerData event received.
I/flutter ( 7172): [SPM:perf] 698a51a  buildSpan: 3840µs
I/flutter ( 7172): [spm] Performance monitoring completed for 698a51a
[spm]: ProfilerData event received.
I/flutter ( 7172): [SPM:perf] 698a51a  buildSpan: 3734µs
I/flutter ( 7172): [spm] Performance monitoring completed for 698a51a
[spm]: ProfilerData event received.
I/flutter ( 7172): [SPM:perf] 698a51a  buildSpan: 3778µs
I/flutter ( 7172): [spm] Performance monitoring completed for 698a51a
[spm]: ProfilerData event received.
I/flutter ( 7172): [SPM:perf] 698a51a  buildSpan: 3600µs
I/flutter ( 7172): [spm] Performance monitoring completed for 698a51a
[spm]: ProfilerData event received.
I/flutter ( 7172): [SPM:perf] 698a51a  buildSpan: 3707µs
I/flutter ( 7172): [spm] Performance monitoring completed for 698a51a
[spm]: ProfilerData event received.
I/flutter ( 7172): [SPM:perf] 698a51a  buildSpan: 3752µs
I/flutter ( 7172): [spm] Performance monitoring completed for 698a51a
[spm]: ProfilerData event received.
I/flutter ( 7172): [SPM:perf] 698a51a  buildSpan: 3739µs
I/flutter ( 7172): [spm] Performance monitoring completed for 698a51a
[spm]: ProfilerData event received.
I/flutter ( 7172): [SPM:perf] 698a51a  buildSpan: 3594µs
I/flutter ( 7172): [spm] Performance monitoring completed for 698a51a
[spm]: ProfilerData event received.
I/flutter ( 7172): [SPM:perf] 698a51a  buildSpan: 3980µs
I/flutter ( 7172): [spm] Performance monitoring completed for 698a51a
[spm]: ProfilerData event received.
I/flutter ( 7172): [SPM:perf] 698a51a  buildSpan: 3939µs
I/flutter ( 7172): [spm] Performance monitoring completed for 698a51a
[spm]: ProfilerData event received.
I/flutter ( 7172): [SPM:perf] 698a51a  buildSpan: 2794µs
I/flutter ( 7172): [spm] Performance monitoring completed for 698a51a
I/flutter ( 7172): [SPM:perf] 698a51a  buildSpan: 3701µs
[spm]: ProfilerData event received.
I/flutter ( 7172): [spm] Performance monitoring completed for 698a51a
[spm]: ProfilerData event received.
I/flutter ( 7172): [SPM:perf] 698a51a  buildSpan: 4146µs
I/flutter ( 7172): [spm] Performance monitoring completed for 698a51a
[spm]: ProfilerData event received.
I/flutter ( 7172): [SPM:perf] 698a51a  buildSpan: 3794µs
I/flutter ( 7172): [spm] Performance monitoring completed for 698a51a
I/flutter ( 7172): [SPM:perf] 698a51a  buildSpan: 3784µs
I/flutter ( 7172): [spm] Performance monitoring completed for 698a51a
[spm]: ProfilerData event received.
[spm]: ProfilerData event received.
I/flutter ( 7172): [SPM:perf] 698a51a  buildSpan: 3462µs
I/flutter ( 7172): [spm] Performance monitoring completed for 698a51a
[spm]: ProfilerData event received.
I/flutter ( 7172): [SPM:perf] 698a51a  buildSpan: 3799µs
I/flutter ( 7172): [spm] Performance monitoring completed for 698a51a
[spm]: ProfilerData event received.
I/flutter ( 7172): [SPM:perf] 698a51a  buildSpan: 3597µs
I/flutter ( 7172): [spm] Performance monitoring completed for 698a51a
[spm]: ProfilerData event received.
I/flutter ( 7172): [SPM:perf] 698a51a  buildSpan: 3815µs
I/flutter ( 7172): [spm] Performance monitoring completed for 698a51a
[spm]: ProfilerData event received.
I/flutter ( 7172): [SPM:perf] 698a51a  buildSpan: 4023µs
I/flutter ( 7172): [spm] Performance monitoring completed for 698a51a
[spm]: ProfilerData event received.
I/flutter ( 7172): [SPM:perf] 698a51a  buildSpan: 3836µs
I/flutter ( 7172): [spm] Performance monitoring completed for 698a51a
I/flutter ( 7172): 01:10 +1: (tearDownAll)
I/flutter ( 7172): 01:11 +2: All tests passed!
All tests passed.
[spm]: Saved 30 profiler events to <ROOT>/dataset-new_samples/2408/redmi9t/raw/20260918-171017/rev_003_0098c42b/e6.jsonl
[spm]: Reverting injection...
10 issues found. (ran in 0.6s)
WARNING: Your Android app project: app located at: <ROOT>/android/app/build.gradle.kts
applies the Kotlin Gradle Plugin, which will cause build failures in future versions of Flutter. 
Please migrate your app to Built-in Kotlin using this guide: https://docs.flutter.dev/release/breaking-changes/migrate-to-built-in-kotlin/for-app-developers

VMServiceFlutterDriver: Connecting to Flutter application at http://127.0.0.1:44979/d2H_jPKhelA=/
[spm]: Detected VM service URI: ws://127.0.0.1:44979/d2H_jPKhelA=/ws
VMServiceFlutterDriver: Isolate found with number: 4507670805974927
VMServiceFlutterDriver: Isolate 4507670805974927 is runnable.
VMServiceFlutterDriver: Isolate is paused at start.
VMServiceFlutterDriver: Attempting to resume isolate
VMServiceFlutterDriver: Connected to Flutter application.
VMServiceFlutterDriver: request_data message is taking a long time to complete...