# sample_id=16/base exec_index=10 ok=True perf_lines=30 vm_events=30 battery_pct=69 soc_temp_millic=39800 battery_temp_c=28.2 charging=False preflight_started=2026-08-01T05:04:14.026707+00:00 started=2026-08-01T05:04:16.413210+00:00 ts=2026-08-01T05:06:14.737610+00:00
[spm]: Running flutter analyze...
Analyzing lib...                                                
No issues found! (ran in 0.5s)
[spm]: Injecting profiler code...
[spm]: Starting app...
Running Gradle task 'assembleProfile'...                        
Running Gradle task 'assembleProfile'...                           21.5s
✓ Built build/app/outputs/flutter-apk/app-profile.apk (61.8MB)
Installing build/app/outputs/flutter-apk/app-profile.apk...      2,030ms
D/DecorView[]( 9221): getWindowModeFromSystem  windowmode is 1
D/DecorView[]( 9221): updateDecorCaptionStatus displayWindowDecor is false
W/Looper  ( 9221): PerfMonitor looperActivity : package=com.example.benchmark_container/.MainActivity time=472ms latency=414ms running=0ms  procState=-1  historyMsgCount=2 (msgIndex=1 wall=472ms seq=4 late=414ms h=android.app.ActivityThread$H w=159) (msgIndex=2 wall=419ms seq=3 h=android.app.ActivityThread$H w=110)
W/Looper  ( 9221): PerfMonitor looperActivity : package=com.example.benchmark_container/.MainActivity time=1ms latency=887ms running=0ms  procState=-1  historyMsgCount=4 (msgIndex=2 wall=472ms seq=4 late=414ms h=android.app.ActivityThread$H w=159) (msgIndex=3 wall=419ms seq=3 h=android.app.ActivityThread$H w=110) (msgIndex=4 wall=472ms seq=4 late=414ms h=android.app.ActivityThread$H w=159)
I/Choreographer( 9221): Skipped 30 frames!  The application may be doing too much work on its main thread.
D/SurfaceView( 9221): UPDATE null, mIsCastMode = false
D/hw-ProcessState( 9221): Binder ioctl to enable oneway spam detection failed: Invalid argument
W/Looper  ( 9221): PerfMonitor longMsg : seq=8 plan=08:04:52.898 late=503ms wall=1709ms running=0ms h=android.view.Choreographer$FrameHandler c=android.view.Choreographer$FrameDisplayEventReceiver procState=-1
W/Looper  ( 9221): PerfMonitor doFrame : time=1709ms vsyncFrame=0 latency=503ms procState=-1 historyMsgCount=7 (msgIndex=2 wall=472ms seq=4 h=android.app.ActivityThread$H w=159) (msgIndex=3 wall=1709ms seq=8 late=503ms h=android.view.Choreographer$FrameHandler c=android.view.Choreographer$FrameDisplayEventReceiver) (msgIndex=4 wall=472ms seq=4 h=android.app.ActivityThread$H w=159)
I/Choreographer( 9221): Skipped 96 frames!  The application may be doing too much work on its main thread.
D/SurfaceView( 9221): UPDATE Surface(name=SurfaceView[com.example.benchmark_container/com.example.benchmark_container.MainActivity])/@0x4d86cce, mIsProjectionMode = false
W/Looper  ( 9221): PerfMonitor doFrame : time=2ms vsyncFrame=0 latency=1603ms procState=-1 historyMsgCount=4
[spm]: Connected to Dart VM service.
I/flutter ( 9221): 00:00 +0: Performance Benchmark
E/hmark_containe( 9221): open libmigui.so failed! dlopen - dlopen failed: library "libmigui.so" not found
D/hmark_containe( 9221): MiuiProcessManagerServiceStub setSchedFifo
I/MiuiProcessManagerImpl( 9221): setSchedFifo pid:9221, mode:3
D/DecorView[]( 9221): onWindowFocusChanged hasWindowFocus true
D/DecorView[]( 9221): getWindowModeFromSystem  windowmode is 1
D/DecorView[]( 9221): updateDecorCaptionStatus displayWindowDecor is false
D/ProfileInstaller( 9221): Installing profile for com.example.benchmark_container
I/flutter ( 9221): setState 698a51a
[spm]: ProfilerData event received.
I/flutter ( 9221): [SPM:perf] 698a51a  buildSpan: 1714µs
I/flutter ( 9221): [spm] Performance monitoring completed for 698a51a
I/flutter ( 9221): setState 698a51a
[spm]: ProfilerData event received.
I/flutter ( 9221): [SPM:perf] 698a51a  buildSpan: 1741µs
I/flutter ( 9221): [spm] Performance monitoring completed for 698a51a
I/flutter ( 9221): setState 698a51a
[spm]: ProfilerData event received.
I/flutter ( 9221): [SPM:perf] 698a51a  buildSpan: 1829µs
I/flutter ( 9221): [spm] Performance monitoring completed for 698a51a
I/flutter ( 9221): setState 698a51a
[spm]: ProfilerData event received.
I/flutter ( 9221): [SPM:perf] 698a51a  buildSpan: 1719µs
I/flutter ( 9221): [spm] Performance monitoring completed for 698a51a
I/flutter ( 9221): setState 698a51a
[spm]: ProfilerData event received.
I/flutter ( 9221): [SPM:perf] 698a51a  buildSpan: 1590µs
I/flutter ( 9221): [spm] Performance monitoring completed for 698a51a
I/flutter ( 9221): setState 698a51a
[spm]: ProfilerData event received.
I/flutter ( 9221): [SPM:perf] 698a51a  buildSpan: 1502µs
I/flutter ( 9221): [spm] Performance monitoring completed for 698a51a
I/flutter ( 9221): setState 698a51a
[spm]: ProfilerData event received.
I/flutter ( 9221): [SPM:perf] 698a51a  buildSpan: 5560µs
I/flutter ( 9221): [spm] Performance monitoring completed for 698a51a
I/flutter ( 9221): setState 698a51a
[spm]: ProfilerData event received.
I/flutter ( 9221): [SPM:perf] 698a51a  buildSpan: 1645µs
I/flutter ( 9221): [spm] Performance monitoring completed for 698a51a
I/flutter ( 9221): setState 698a51a
[spm]: ProfilerData event received.
I/flutter ( 9221): [SPM:perf] 698a51a  buildSpan: 1603µs
I/flutter ( 9221): [spm] Performance monitoring completed for 698a51a
I/flutter ( 9221): setState 698a51a
[spm]: ProfilerData event received.
I/flutter ( 9221): [SPM:perf] 698a51a  buildSpan: 1565µs
I/flutter ( 9221): [spm] Performance monitoring completed for 698a51a
I/flutter ( 9221): setState 698a51a
[spm]: ProfilerData event received.
I/flutter ( 9221): [SPM:perf] 698a51a  buildSpan: 1636µs
I/flutter ( 9221): [spm] Performance monitoring completed for 698a51a
I/flutter ( 9221): setState 698a51a
[spm]: ProfilerData event received.
I/flutter ( 9221): [SPM:perf] 698a51a  buildSpan: 1753µs
I/flutter ( 9221): [spm] Performance monitoring completed for 698a51a
I/flutter ( 9221): setState 698a51a
[spm]: ProfilerData event received.
I/flutter ( 9221): [SPM:perf] 698a51a  buildSpan: 1615µs
I/flutter ( 9221): [spm] Performance monitoring completed for 698a51a
I/flutter ( 9221): setState 698a51a
[spm]: ProfilerData event received.
I/flutter ( 9221): [SPM:perf] 698a51a  buildSpan: 1615µs
I/flutter ( 9221): [spm] Performance monitoring completed for 698a51a
I/flutter ( 9221): setState 698a51a
[spm]: ProfilerData event received.
I/flutter ( 9221): [SPM:perf] 698a51a  buildSpan: 1851µs
I/flutter ( 9221): [spm] Performance monitoring completed for 698a51a
I/flutter ( 9221): setState 698a51a
[spm]: ProfilerData event received.
I/flutter ( 9221): [SPM:perf] 698a51a  buildSpan: 2084µs
I/flutter ( 9221): [spm] Performance monitoring completed for 698a51a
I/flutter ( 9221): setState 698a51a
[spm]: ProfilerData event received.
I/flutter ( 9221): [SPM:perf] 698a51a  buildSpan: 1512µs
I/flutter ( 9221): [spm] Performance monitoring completed for 698a51a
I/flutter ( 9221): setState 698a51a
[spm]: ProfilerData event received.
I/flutter ( 9221): [SPM:perf] 698a51a  buildSpan: 1593µs
I/flutter ( 9221): [spm] Performance monitoring completed for 698a51a
I/flutter ( 9221): setState 698a51a
[spm]: ProfilerData event received.
I/flutter ( 9221): [SPM:perf] 698a51a  buildSpan: 1587µs
I/flutter ( 9221): [spm] Performance monitoring completed for 698a51a
I/flutter ( 9221): setState 698a51a
[spm]: ProfilerData event received.
I/flutter ( 9221): [SPM:perf] 698a51a  buildSpan: 1709µs
I/flutter ( 9221): [spm] Performance monitoring completed for 698a51a
I/flutter ( 9221): setState 698a51a
[spm]: ProfilerData event received.
I/flutter ( 9221): [SPM:perf] 698a51a  buildSpan: 1579µs
I/flutter ( 9221): [spm] Performance monitoring completed for 698a51a
I/flutter ( 9221): setState 698a51a
[spm]: ProfilerData event received.
I/flutter ( 9221): [SPM:perf] 698a51a  buildSpan: 1670µs
I/flutter ( 9221): [spm] Performance monitoring completed for 698a51a
I/flutter ( 9221): setState 698a51a
[spm]: ProfilerData event received.
I/flutter ( 9221): [SPM:perf] 698a51a  buildSpan: 1571µs
I/flutter ( 9221): [spm] Performance monitoring completed for 698a51a
I/flutter ( 9221): setState 698a51a
[spm]: ProfilerData event received.
I/flutter ( 9221): [SPM:perf] 698a51a  buildSpan: 1766µs
I/flutter ( 9221): [spm] Performance monitoring completed for 698a51a
I/flutter ( 9221): setState 698a51a
[spm]: ProfilerData event received.
I/flutter ( 9221): [SPM:perf] 698a51a  buildSpan: 1572µs
I/flutter ( 9221): [spm] Performance monitoring completed for 698a51a
I/flutter ( 9221): setState 698a51a
I/flutter ( 9221): [SPM:perf] 698a51a  buildSpan: 1696µs
[spm]: ProfilerData event received.
I/flutter ( 9221): [spm] Performance monitoring completed for 698a51a
I/flutter ( 9221): setState 698a51a
[spm]: ProfilerData event received.
I/flutter ( 9221): [SPM:perf] 698a51a  buildSpan: 1750µs
I/flutter ( 9221): [spm] Performance monitoring completed for 698a51a
I/flutter ( 9221): setState 698a51a
[spm]: ProfilerData event received.
I/flutter ( 9221): [SPM:perf] 698a51a  buildSpan: 1793µs
I/flutter ( 9221): [spm] Performance monitoring completed for 698a51a
I/flutter ( 9221): setState 698a51a
I/flutter ( 9221): [SPM:perf] 698a51a  buildSpan: 1770µs
I/flutter ( 9221): [spm] Performance monitoring completed for 698a51a
I/flutter ( 9221): setState 698a51a
[spm]: ProfilerData event received.
[spm]: ProfilerData event received.
I/flutter ( 9221): [SPM:perf] 698a51a  buildSpan: 1660µs
I/flutter ( 9221): [spm] Performance monitoring completed for 698a51a
I/flutter ( 9221): 01:10 +1: (tearDownAll)
I/flutter ( 9221): 01:11 +2: All tests passed!
All tests passed.
[spm]: Saved 30 profiler events to <ROOT>/dataset/16/redmi9t/raw/20260801-054437/base/e10.jsonl
[spm]: Reverting injection...
WARNING: Your Android app project: app located at: <ROOT>/android/app/build.gradle.kts
applies the Kotlin Gradle Plugin, which will cause build failures in future versions of Flutter. 
Please migrate your app to Built-in Kotlin using this guide: https://docs.flutter.dev/release/breaking-changes/migrate-to-built-in-kotlin/for-app-developers

VMServiceFlutterDriver: Connecting to Flutter application at http://127.0.0.1:43967/_2Fmsnto2Ew=/
[spm]: Detected VM service URI: ws://127.0.0.1:43967/_2Fmsnto2Ew=/ws
VMServiceFlutterDriver: Isolate found with number: 242797816702307
VMServiceFlutterDriver: Isolate 242797816702307 is runnable.
VMServiceFlutterDriver: Isolate is paused at start.
VMServiceFlutterDriver: Attempting to resume isolate
VMServiceFlutterDriver: Connected to Flutter application.