# sample_id=2382/rev_012_dbe89511 exec_index=8 ok=True perf_lines=30 vm_events=30 battery_pct=65 soc_temp_millic=37000 battery_temp_c=29.3 charging=False preflight_started=2026-09-19T01:05:14.057287+00:00 started=2026-09-19T01:05:16.815559+00:00 ts=2026-09-19T01:07:14.631042+00:00
[spm]: Running flutter analyze...
Resolving dependencies...
Downloading packages...
  _fe_analyzer_shared 100.0.0 (108.0.0 available)
  analyzer 13.0.0 (14.4.0 available)
  async 2.13.0 (2.13.1 available)
  clock 1.1.2 (1.1.3 available)
  cupertino_icons 1.0.8 (1.0.9 available)
  glob 2.1.3 (2.2.0 available)
  lints 6.0.0 (6.1.0 available)
  matcher 0.12.19 (0.12.20 available)
  material_color_utilities 0.13.0 (0.13.1 available)
  meta 1.18.0 (1.19.0 available)
  package_config 2.2.0 (3.0.0 available)
  platform 3.1.6 (3.2.0 available)
  process 5.0.5 (5.0.6 available)
  pub_semver 2.2.0 (2.2.1 available)
  source_span 1.10.1 (1.10.2 available)
  stack_trace 1.12.1 (1.12.2 available)
  test_api 0.7.11 (0.7.14 available)
  vector_math 2.2.0 (2.4.2 available)
  vm_service 15.0.2 (15.3.0 available)
  webdriver 3.1.0 (3.2.0 available)
  yaml 3.1.3 (3.1.4 available)
Got dependencies!
21 packages have newer versions incompatible with dependency constraints.
Try `flutter pub outdated` for more information.
Analyzing lib...                                                

   info • The part-of directive uses a library name. Try converting the directive to use the URI of the library • lib/dependencies.dart:46:1 • use_string_in_part_of_directives
   info • Library names are not necessary. Remove the library name • lib/generated_widget.dart:2:9 • unnecessary_library_name
   info • Constructors in '@immutable' classes should be declared as 'const'. Try adding 'const' to the constructor declaration • lib/generated_widget.dart:12:3 • prefer_const_constructors_in_immutables

[spm]: Injecting profiler code...
[spm]: Starting app...
Running Gradle task 'assembleProfile'...                        
Running Gradle task 'assembleProfile'...                           18.8s
✓ Built build/app/outputs/flutter-apk/app-profile.apk (26.8MB)
Installing build/app/outputs/flutter-apk/app-profile.apk...      1,242ms
I/ForceDarkHelperStubImpl(25175): setViewRootImplForceDark: false for com.example.benchmark_container.MainActivity@14bb04, reason: AppDarkModeEnable
I/ForceDarkHelperStubImpl(25175): setViewRootImplForceDark: false for com.example.benchmark_container.MainActivity@14bb04, reason: AppDarkModeEnable
D/DecorView[](25175): getWindowModeFromSystem  windowmode is 1
D/DecorView[](25175): updateDecorCaptionStatus displayWindowDecor is false
W/Looper  (25175): PerfMonitor looperActivity : package=com.example.benchmark_container/.MainActivity time=394ms latency=367ms running=0ms  procState=-1  historyMsgCount=3 (msgIndex=1 wall=394ms seq=4 late=367ms h=android.app.ActivityThread$H w=159) (msgIndex=2 wall=394ms seq=4 late=367ms h=android.app.ActivityThread$H w=159) (msgIndex=3 wall=371ms seq=3 h=android.app.ActivityThread$H w=110)
W/Looper  (25175): PerfMonitor looperActivity : package=com.example.benchmark_container/.MainActivity time=0ms latency=764ms running=0ms  procState=-1  historyMsgCount=4 (msgIndex=1 wall=394ms seq=4 late=367ms h=android.app.ActivityThread$H w=159) (msgIndex=2 wall=394ms seq=4 late=367ms h=android.app.ActivityThread$H w=159) (msgIndex=3 wall=371ms seq=3 h=android.app.ActivityThread$H w=110) (msgIndex=4 wall=394ms seq=4 late=367ms h=android.app.ActivityThread$H w=159)
D/SurfaceView(25175): UPDATE null, mIsCastMode = false
D/hw-ProcessState(25175): Binder ioctl to enable oneway spam detection failed: Invalid argument
W/Looper  (25175): PerfMonitor longMsg : seq=8 plan=04:05:50.671 late=425ms wall=1868ms running=0ms h=android.view.Choreographer$FrameHandler c=android.view.Choreographer$FrameDisplayEventReceiver procState=-1
W/Looper  (25175): PerfMonitor doFrame : time=1868ms vsyncFrame=0 latency=425ms procState=-1 historyMsgCount=7 (msgIndex=1 wall=394ms seq=4 h=android.app.ActivityThread$H w=159) (msgIndex=2 wall=394ms seq=4 h=android.app.ActivityThread$H w=159) (msgIndex=3 wall=1868ms seq=8 late=425ms h=android.view.Choreographer$FrameHandler c=android.view.Choreographer$FrameDisplayEventReceiver) (msgIndex=4 wall=394ms seq=4 h=android.app.ActivityThread$H w=159)
I/Choreographer(25175): Skipped 105 frames!  The application may be doing too much work on its main thread.
D/SurfaceView(25175): UPDATE Surface(name=SurfaceView[com.example.benchmark_container/com.example.benchmark_container.MainActivity])/@0xd30802a, mIsProjectionMode = false
W/Looper  (25175): PerfMonitor doFrame : time=3ms vsyncFrame=0 latency=1750ms procState=-1 historyMsgCount=4
[spm]: Connected to Dart VM service.
I/flutter (25175): 00:00 +0: Performance Benchmark
E/hmark_containe(25175): open libmigui.so failed! dlopen - dlopen failed: library "libmigui.so" not found
D/hmark_containe(25175): MiuiProcessManagerServiceStub setSchedFifo
I/MiuiProcessManagerImpl(25175): setSchedFifo pid:25175, mode:3
D/DecorView[](25175): onWindowFocusChanged hasWindowFocus true
D/DecorView[](25175): getWindowModeFromSystem  windowmode is 1
D/DecorView[](25175): updateDecorCaptionStatus displayWindowDecor is false
D/ProfileInstaller(25175): Installing profile for com.example.benchmark_container
[spm]: ProfilerData event received.
I/flutter (25175): [SPM:perf] 698a51a  buildSpan: 2080µs
I/flutter (25175): [spm] Performance monitoring completed for 698a51a
[spm]: ProfilerData event received.
I/flutter (25175): [SPM:perf] 698a51a  buildSpan: 2011µs
I/flutter (25175): [spm] Performance monitoring completed for 698a51a
I/flutter (25175): [SPM:perf] 698a51a  buildSpan: 1978µs
I/flutter (25175): [spm] Performance monitoring completed for 698a51a
[spm]: ProfilerData event received.
[spm]: ProfilerData event received.
I/flutter (25175): [SPM:perf] 698a51a  buildSpan: 1977µs
I/flutter (25175): [spm] Performance monitoring completed for 698a51a
[spm]: ProfilerData event received.
I/flutter (25175): [SPM:perf] 698a51a  buildSpan: 2120µs
I/flutter (25175): [spm] Performance monitoring completed for 698a51a
[spm]: ProfilerData event received.
I/flutter (25175): [SPM:perf] 698a51a  buildSpan: 6811µs
I/flutter (25175): [spm] Performance monitoring completed for 698a51a
[spm]: ProfilerData event received.
I/flutter (25175): [SPM:perf] 698a51a  buildSpan: 1876µs
I/flutter (25175): [spm] Performance monitoring completed for 698a51a
I/flutter (25175): [SPM:perf] 698a51a  buildSpan: 1920µs
I/flutter (25175): [spm] Performance monitoring completed for 698a51a
[spm]: ProfilerData event received.
I/flutter (25175): [SPM:perf] 698a51a  buildSpan: 2414µs
[spm]: ProfilerData event received.
I/flutter (25175): [spm] Performance monitoring completed for 698a51a
[spm]: ProfilerData event received.
I/flutter (25175): [SPM:perf] 698a51a  buildSpan: 2078µs
I/flutter (25175): [spm] Performance monitoring completed for 698a51a
[spm]: ProfilerData event received.
I/flutter (25175): [SPM:perf] 698a51a  buildSpan: 1992µs
I/flutter (25175): [spm] Performance monitoring completed for 698a51a
[spm]: ProfilerData event received.
I/flutter (25175): [SPM:perf] 698a51a  buildSpan: 2172µs
I/flutter (25175): [spm] Performance monitoring completed for 698a51a
[spm]: ProfilerData event received.
I/flutter (25175): [SPM:perf] 698a51a  buildSpan: 2143µs
I/flutter (25175): [spm] Performance monitoring completed for 698a51a
[spm]: ProfilerData event received.
I/flutter (25175): [SPM:perf] 698a51a  buildSpan: 2155µs
I/flutter (25175): [spm] Performance monitoring completed for 698a51a
[spm]: ProfilerData event received.
I/flutter (25175): [SPM:perf] 698a51a  buildSpan: 2010µs
I/flutter (25175): [spm] Performance monitoring completed for 698a51a
[spm]: ProfilerData event received.
I/flutter (25175): [SPM:perf] 698a51a  buildSpan: 1996µs
I/flutter (25175): [spm] Performance monitoring completed for 698a51a
[spm]: ProfilerData event received.
I/flutter (25175): [SPM:perf] 698a51a  buildSpan: 2066µs
I/flutter (25175): [spm] Performance monitoring completed for 698a51a
[spm]: ProfilerData event received.
I/flutter (25175): [SPM:perf] 698a51a  buildSpan: 2166µs
I/flutter (25175): [spm] Performance monitoring completed for 698a51a
[spm]: ProfilerData event received.
I/flutter (25175): [SPM:perf] 698a51a  buildSpan: 2085µs
I/flutter (25175): [spm] Performance monitoring completed for 698a51a
[spm]: ProfilerData event received.
I/flutter (25175): [SPM:perf] 698a51a  buildSpan: 2052µs
I/flutter (25175): [spm] Performance monitoring completed for 698a51a
[spm]: ProfilerData event received.
I/flutter (25175): [SPM:perf] 698a51a  buildSpan: 2160µs
I/flutter (25175): [spm] Performance monitoring completed for 698a51a
[spm]: ProfilerData event received.
I/flutter (25175): [SPM:perf] 698a51a  buildSpan: 1622µs
I/flutter (25175): [spm] Performance monitoring completed for 698a51a
I/flutter (25175): [SPM:perf] 698a51a  buildSpan: 2300µs
I/flutter (25175): [spm] Performance monitoring completed for 698a51a
[spm]: ProfilerData event received.
[spm]: ProfilerData event received.
I/flutter (25175): [SPM:perf] 698a51a  buildSpan: 1934µs
I/flutter (25175): [spm] Performance monitoring completed for 698a51a
[spm]: ProfilerData event received.
I/flutter (25175): [SPM:perf] 698a51a  buildSpan: 2009µs
I/flutter (25175): [spm] Performance monitoring completed for 698a51a
[spm]: ProfilerData event received.
I/flutter (25175): [SPM:perf] 698a51a  buildSpan: 1977µs
I/flutter (25175): [spm] Performance monitoring completed for 698a51a
[spm]: ProfilerData event received.
I/flutter (25175): [SPM:perf] 698a51a  buildSpan: 1983µs
I/flutter (25175): [spm] Performance monitoring completed for 698a51a
[spm]: ProfilerData event received.
I/flutter (25175): [SPM:perf] 698a51a  buildSpan: 2147µs
I/flutter (25175): [spm] Performance monitoring completed for 698a51a
[spm]: ProfilerData event received.
I/flutter (25175): [SPM:perf] 698a51a  buildSpan: 1910µs
I/flutter (25175): [spm] Performance monitoring completed for 698a51a
I/flutter (25175): [SPM:perf] 698a51a  buildSpan: 2017µs
I/flutter (25175): [spm] Performance monitoring completed for 698a51a
[spm]: ProfilerData event received.
I/flutter (25175): 01:10 +1: (tearDownAll)
I/flutter (25175): 01:11 +2: All tests passed!
All tests passed.
[spm]: Saved 30 profiler events to <ROOT>/dataset-new_samples/2382/redmi9t/raw/20260918-150519/rev_012_dbe89511/e8.jsonl
[spm]: Reverting injection...
3 issues found. (ran in 0.6s)
WARNING: Your Android app project: app located at: <ROOT>/android/app/build.gradle.kts
applies the Kotlin Gradle Plugin, which will cause build failures in future versions of Flutter. 
Please migrate your app to Built-in Kotlin using this guide: https://docs.flutter.dev/release/breaking-changes/migrate-to-built-in-kotlin/for-app-developers

VMServiceFlutterDriver: Connecting to Flutter application at http://127.0.0.1:45495/UFZimLOChok=/
[spm]: Detected VM service URI: ws://127.0.0.1:45495/UFZimLOChok=/ws
VMServiceFlutterDriver: Isolate found with number: 5963530923625411
VMServiceFlutterDriver: Isolate 5963530923625411 is runnable.
VMServiceFlutterDriver: Isolate is paused at start.
VMServiceFlutterDriver: Attempting to resume isolate
VMServiceFlutterDriver: Connected to Flutter application.
VMServiceFlutterDriver: request_data message is taking a long time to complete...