# sample_id=2382/rev_012_dbe89511 exec_index=9 ok=True perf_lines=30 vm_events=30 battery_pct=77 soc_temp_millic=37000 battery_temp_c=29.7 charging=False preflight_started=2026-09-18T21:50:20.453746+00:00 started=2026-09-18T21:50:23.221665+00:00 ts=2026-09-18T21:52:20.380046+00:00
[spm]: Running flutter analyze...
Resolving dependencies...
Downloading packages...
  _fe_analyzer_shared 100.0.0 (108.0.0 available)
  analyzer 13.0.0 (14.4.0 available)
  async 2.13.0 (2.13.1 available)
  clock 1.1.2 (1.1.3 available)
  cupertino_icons 1.0.8 (1.0.9 available)
  glob 2.1.3 (2.2.0 available)
  lints 6.0.0 (6.1.0 available)
  matcher 0.12.19 (0.12.20 available)
  material_color_utilities 0.13.0 (0.13.1 available)
  meta 1.18.0 (1.19.0 available)
  package_config 2.2.0 (3.0.0 available)
  platform 3.1.6 (3.2.0 available)
  process 5.0.5 (5.0.6 available)
  pub_semver 2.2.0 (2.2.1 available)
  source_span 1.10.1 (1.10.2 available)
  stack_trace 1.12.1 (1.12.2 available)
  test_api 0.7.11 (0.7.14 available)
  vector_math 2.2.0 (2.4.2 available)
  vm_service 15.0.2 (15.3.0 available)
  webdriver 3.1.0 (3.2.0 available)
  yaml 3.1.3 (3.1.4 available)
Got dependencies!
21 packages have newer versions incompatible with dependency constraints.
Try `flutter pub outdated` for more information.
Analyzing lib...                                                

   info • The part-of directive uses a library name. Try converting the directive to use the URI of the library • lib/dependencies.dart:46:1 • use_string_in_part_of_directives
   info • Library names are not necessary. Remove the library name • lib/generated_widget.dart:2:9 • unnecessary_library_name
   info • Constructors in '@immutable' classes should be declared as 'const'. Try adding 'const' to the constructor declaration • lib/generated_widget.dart:12:3 • prefer_const_constructors_in_immutables

[spm]: Injecting profiler code...
[spm]: Starting app...
Running Gradle task 'assembleProfile'...                        
Running Gradle task 'assembleProfile'...                           18.5s
✓ Built build/app/outputs/flutter-apk/app-profile.apk (26.8MB)
Installing build/app/outputs/flutter-apk/app-profile.apk...      1,182ms
E/MiuiMultiWindowUtils(23163): initFreeFormResolutionArgs failed, device is lime
D/IS_CTS_MODE(23163): true
D/MULTI_WINDOW_SWITCH_ENABLED(23163): false
D/IS_CTS_MODE(23163): true
D/MULTI_WINDOW_SWITCH_ENABLED(23163): false
D/IS_CTS_MODE(23163): true
D/MULTI_WINDOW_SWITCH_ENABLED(23163): false
D/DecorView[](23163): getWindowModeFromSystem  windowmode is 1
D/DecorView[](23163): getWindowModeFromSystem  windowmode is 1
D/DecorView[](23163): updateDecorCaptionStatus displayWindowDecor is false
W/Looper  (23163): PerfMonitor looperActivity : package=com.example.benchmark_container/.MainActivity time=501ms latency=411ms running=0ms  procState=-1  historyMsgCount=3 (msgIndex=1 wall=501ms seq=4 late=411ms h=android.app.ActivityThread$H w=159) (msgIndex=2 wall=501ms seq=4 late=411ms h=android.app.ActivityThread$H w=159) (msgIndex=3 wall=415ms seq=3 h=android.app.ActivityThread$H w=110)
W/Looper  (23163): PerfMonitor looperActivity : package=com.example.benchmark_container/.MainActivity time=0ms latency=914ms running=0ms  procState=-1  historyMsgCount=4 (msgIndex=1 wall=501ms seq=4 late=411ms h=android.app.ActivityThread$H w=159) (msgIndex=2 wall=501ms seq=4 late=411ms h=android.app.ActivityThread$H w=159) (msgIndex=3 wall=415ms seq=3 h=android.app.ActivityThread$H w=110) (msgIndex=4 wall=501ms seq=4 late=411ms h=android.app.ActivityThread$H w=159)
I/Choreographer(23163): Skipped 31 frames!  The application may be doing too much work on its main thread.
D/SurfaceView(23163): UPDATE null, mIsCastMode = false
D/hw-ProcessState(23163): Binder ioctl to enable oneway spam detection failed: Invalid argument
W/Looper  (23163): PerfMonitor longMsg : seq=8 plan=00:50:56.776 late=533ms wall=1792ms running=0ms h=android.view.Choreographer$FrameHandler c=android.view.Choreographer$FrameDisplayEventReceiver procState=-1
W/Looper  (23163): PerfMonitor doFrame : time=1792ms vsyncFrame=0 latency=533ms procState=-1 historyMsgCount=7 (msgIndex=1 wall=501ms seq=4 h=android.app.ActivityThread$H w=159) (msgIndex=2 wall=501ms seq=4 h=android.app.ActivityThread$H w=159) (msgIndex=3 wall=1792ms seq=8 late=533ms h=android.view.Choreographer$FrameHandler c=android.view.Choreographer$FrameDisplayEventReceiver) (msgIndex=4 wall=501ms seq=4 h=android.app.ActivityThread$H w=159)
I/Choreographer(23163): Skipped 99 frames!  The application may be doing too much work on its main thread.
D/SurfaceView(23163): UPDATE Surface(name=SurfaceView[com.example.benchmark_container/com.example.benchmark_container.MainActivity])/@0x9ac515, mIsProjectionMode = false
W/Looper  (23163): PerfMonitor doFrame : time=3ms vsyncFrame=0 latency=1666ms procState=-1 historyMsgCount=5
[spm]: Connected to Dart VM service.
I/flutter (23163): 00:00 +0: Performance Benchmark
E/hmark_containe(23163): open libmigui.so failed! dlopen - dlopen failed: library "libmigui.so" not found
D/hmark_containe(23163): MiuiProcessManagerServiceStub setSchedFifo
I/MiuiProcessManagerImpl(23163): setSchedFifo pid:23163, mode:3
D/DecorView[](23163): onWindowFocusChanged hasWindowFocus true
D/DecorView[](23163): getWindowModeFromSystem  windowmode is 1
D/DecorView[](23163): updateDecorCaptionStatus displayWindowDecor is false
D/ProfileInstaller(23163): Installing profile for com.example.benchmark_container
[spm]: ProfilerData event received.
I/flutter (23163): [SPM:perf] 698a51a  buildSpan: 1526µs
I/flutter (23163): [spm] Performance monitoring completed for 698a51a
[spm]: ProfilerData event received.
I/flutter (23163): [SPM:perf] 698a51a  buildSpan: 1827µs
I/flutter (23163): [spm] Performance monitoring completed for 698a51a
[spm]: ProfilerData event received.
I/flutter (23163): [SPM:perf] 698a51a  buildSpan: 1994µs
I/flutter (23163): [spm] Performance monitoring completed for 698a51a
[spm]: ProfilerData event received.
I/flutter (23163): [SPM:perf] 698a51a  buildSpan: 2076µs
I/flutter (23163): [spm] Performance monitoring completed for 698a51a
[spm]: ProfilerData event received.
I/flutter (23163): [SPM:perf] 698a51a  buildSpan: 1971µs
I/flutter (23163): [spm] Performance monitoring completed for 698a51a
[spm]: ProfilerData event received.
I/flutter (23163): [SPM:perf] 698a51a  buildSpan: 8128µs
I/flutter (23163): [spm] Performance monitoring completed for 698a51a
I/flutter (23163): [SPM:perf] 698a51a  buildSpan: 2499µs
I/flutter (23163): [spm] Performance monitoring completed for 698a51a
[spm]: ProfilerData event received.
I/flutter (23163): [SPM:perf] 698a51a  buildSpan: 1993µs
[spm]: ProfilerData event received.
I/flutter (23163): [spm] Performance monitoring completed for 698a51a
[spm]: ProfilerData event received.
I/flutter (23163): [SPM:perf] 698a51a  buildSpan: 2048µs
I/flutter (23163): [spm] Performance monitoring completed for 698a51a
[spm]: ProfilerData event received.
I/flutter (23163): [SPM:perf] 698a51a  buildSpan: 2224µs
I/flutter (23163): [spm] Performance monitoring completed for 698a51a
[spm]: ProfilerData event received.
I/flutter (23163): [SPM:perf] 698a51a  buildSpan: 2204µs
I/flutter (23163): [spm] Performance monitoring completed for 698a51a
I/flutter (23163): [SPM:perf] 698a51a  buildSpan: 2148µs
[spm]: ProfilerData event received.
I/flutter (23163): [spm] Performance monitoring completed for 698a51a
[spm]: ProfilerData event received.
I/flutter (23163): [SPM:perf] 698a51a  buildSpan: 2239µs
I/flutter (23163): [spm] Performance monitoring completed for 698a51a
I/flutter (23163): [SPM:perf] 698a51a  buildSpan: 2018µs
I/flutter (23163): [spm] Performance monitoring completed for 698a51a
[spm]: ProfilerData event received.
[spm]: ProfilerData event received.
I/flutter (23163): [SPM:perf] 698a51a  buildSpan: 1924µs
I/flutter (23163): [spm] Performance monitoring completed for 698a51a
I/flutter (23163): [SPM:perf] 698a51a  buildSpan: 2551µs
I/flutter (23163): [spm] Performance monitoring completed for 698a51a
[spm]: ProfilerData event received.
[spm]: ProfilerData event received.
I/flutter (23163): [SPM:perf] 698a51a  buildSpan: 2142µs
I/flutter (23163): [spm] Performance monitoring completed for 698a51a
[spm]: ProfilerData event received.
I/flutter (23163): [SPM:perf] 698a51a  buildSpan: 2170µs
I/flutter (23163): [spm] Performance monitoring completed for 698a51a
I/flutter (23163): [SPM:perf] 698a51a  buildSpan: 1944µs
[spm]: ProfilerData event received.
I/flutter (23163): [spm] Performance monitoring completed for 698a51a
I/flutter (23163): [SPM:perf] 698a51a  buildSpan: 2106µs
[spm]: ProfilerData event received.
I/flutter (23163): [spm] Performance monitoring completed for 698a51a
I/flutter (23163): [SPM:perf] 698a51a  buildSpan: 2090µs
I/flutter (23163): [spm] Performance monitoring completed for 698a51a
[spm]: ProfilerData event received.
[spm]: ProfilerData event received.
I/flutter (23163): [SPM:perf] 698a51a  buildSpan: 2162µs
I/flutter (23163): [spm] Performance monitoring completed for 698a51a
[spm]: ProfilerData event received.
I/flutter (23163): [SPM:perf] 698a51a  buildSpan: 2067µs
I/flutter (23163): [spm] Performance monitoring completed for 698a51a
[spm]: ProfilerData event received.
I/flutter (23163): [SPM:perf] 698a51a  buildSpan: 1986µs
I/flutter (23163): [spm] Performance monitoring completed for 698a51a
I/flutter (23163): [SPM:perf] 698a51a  buildSpan: 2191µs
I/flutter (23163): [spm] Performance monitoring completed for 698a51a
[spm]: ProfilerData event received.
[spm]: ProfilerData event received.
I/flutter (23163): [SPM:perf] 698a51a  buildSpan: 2041µs
I/flutter (23163): [spm] Performance monitoring completed for 698a51a
[spm]: ProfilerData event received.
I/flutter (23163): [SPM:perf] 698a51a  buildSpan: 1995µs
I/flutter (23163): [spm] Performance monitoring completed for 698a51a
[spm]: ProfilerData event received.
I/flutter (23163): [SPM:perf] 698a51a  buildSpan: 2116µs
I/flutter (23163): [spm] Performance monitoring completed for 698a51a
[spm]: ProfilerData event received.
I/flutter (23163): [SPM:perf] 698a51a  buildSpan: 2031µs
I/flutter (23163): [spm] Performance monitoring completed for 698a51a
[spm]: ProfilerData event received.
I/flutter (23163): [SPM:perf] 698a51a  buildSpan: 1913µs
I/flutter (23163): [spm] Performance monitoring completed for 698a51a
I/flutter (23163): 01:10 +1: (tearDownAll)
I/flutter (23163): 01:11 +2: All tests passed!
All tests passed.
[spm]: Saved 30 profiler events to <ROOT>/dataset-new_samples/2382/redmi9t/raw/20260918-150519/rev_012_dbe89511/e9.jsonl
[spm]: Reverting injection...
3 issues found. (ran in 0.6s)
WARNING: Your Android app project: app located at: <ROOT>/android/app/build.gradle.kts
applies the Kotlin Gradle Plugin, which will cause build failures in future versions of Flutter. 
Please migrate your app to Built-in Kotlin using this guide: https://docs.flutter.dev/release/breaking-changes/migrate-to-built-in-kotlin/for-app-developers

VMServiceFlutterDriver: Connecting to Flutter application at http://127.0.0.1:35015/xlVIUF1jLKg=/
[spm]: Detected VM service URI: ws://127.0.0.1:35015/xlVIUF1jLKg=/ws
VMServiceFlutterDriver: Isolate found with number: 2938701399043907
VMServiceFlutterDriver: Isolate 2938701399043907 is runnable.
VMServiceFlutterDriver: Isolate is paused at start.
VMServiceFlutterDriver: Attempting to resume isolate
VMServiceFlutterDriver: Connected to Flutter application.
VMServiceFlutterDriver: request_data message is taking a long time to complete...