# sample_id=39/base exec_index=10 ok=True perf_lines=30 vm_events=30 battery_pct=60 soc_temp_millic=42300 battery_temp_c=32.3 charging=False preflight_started=2026-08-14T04:53:52.731901+00:00 started=2026-08-14T04:53:55.076623+00:00 ts=2026-08-14T04:55:55.952156+00:00
[spm]: Running flutter analyze...
Analyzing lib...                                                

   info • Parameters ''key', 'onPressed', 'onLongPress', 'onHover', 'onFocusChange', 'focusNode', 'autofocus', and 'child'' could be super parameters. Trying converting ''key', 'onPressed', 'onLongPress', 'onHover', 'onFocusChange', 'focusNode', 'autofocus', and 'child'' to super parameters • lib/dependencies.dart:8:3 • use_super_parameters
   info • Parameter 'key' could be a super parameter. Trying converting 'key' to a super parameter • lib/generated_widget.dart:8:9 • use_super_parameters
   info • Parameter 'key' could be a super parameter. Trying converting 'key' to a super parameter • lib/generated_widget.dart:45:9 • use_super_parameters

[spm]: Injecting profiler code...
[spm]: Starting app...
Running Gradle task 'assembleProfile'...                        
Running Gradle task 'assembleProfile'...                           22.2s
✓ Built build/app/outputs/flutter-apk/app-profile.apk (61.8MB)
Installing build/app/outputs/flutter-apk/app-profile.apk...      1,954ms
I/ForceDarkHelperStubImpl( 8098): setViewRootImplForceDark: false for com.example.benchmark_container.MainActivity@facf14f, reason: AppDarkModeEnable
I/ForceDarkHelperStubImpl( 8098): setViewRootImplForceDark: false for com.example.benchmark_container.MainActivity@facf14f, reason: AppDarkModeEnable
D/DecorView[]( 8098): getWindowModeFromSystem  windowmode is 1
D/DecorView[]( 8098): updateDecorCaptionStatus displayWindowDecor is false
W/Looper  ( 8098): PerfMonitor looperActivity : package=com.example.benchmark_container/.MainActivity time=597ms latency=439ms running=0ms  procState=-1  historyMsgCount=3 (msgIndex=3 wall=432ms seq=3 h=android.app.ActivityThread$H w=110)
W/Looper  ( 8098): PerfMonitor looperActivity : package=com.example.benchmark_container/.MainActivity time=0ms latency=1039ms running=0ms  procState=-1  historyMsgCount=4 (msgIndex=3 wall=432ms seq=3 h=android.app.ActivityThread$H w=110) (msgIndex=4 wall=597ms seq=4 late=439ms h=android.app.ActivityThread$H w=159)
I/Choreographer( 8098): Skipped 36 frames!  The application may be doing too much work on its main thread.
D/SurfaceView( 8098): UPDATE null, mIsCastMode = false
D/hw-ProcessState( 8098): Binder ioctl to enable oneway spam detection failed: Invalid argument
W/Looper  ( 8098): PerfMonitor longMsg : seq=8 plan=07:54:33.539 late=607ms wall=1716ms running=0ms h=android.view.Choreographer$FrameHandler c=android.view.Choreographer$FrameDisplayEventReceiver procState=-1
W/Looper  ( 8098): PerfMonitor doFrame : time=1716ms vsyncFrame=0 latency=607ms procState=-1 historyMsgCount=6 (msgIndex=2 wall=1716ms seq=8 late=607ms h=android.view.Choreographer$FrameHandler c=android.view.Choreographer$FrameDisplayEventReceiver) (msgIndex=3 wall=597ms seq=4 h=android.app.ActivityThread$H w=159)
I/Choreographer( 8098): Skipped 94 frames!  The application may be doing too much work on its main thread.
D/SurfaceView( 8098): UPDATE Surface(name=SurfaceView[com.example.benchmark_container/com.example.benchmark_container.MainActivity])/@0xf0ce70d, mIsProjectionMode = false
W/Looper  ( 8098): PerfMonitor doFrame : time=3ms vsyncFrame=0 latency=1579ms procState=-1 historyMsgCount=5
[spm]: Connected to Dart VM service.
I/flutter ( 8098): 00:00 +0: Performance Benchmark
E/hmark_containe( 8098): open libmigui.so failed! dlopen - dlopen failed: library "libmigui.so" not found
D/hmark_containe( 8098): MiuiProcessManagerServiceStub setSchedFifo
I/MiuiProcessManagerImpl( 8098): setSchedFifo pid:8098, mode:3
D/DecorView[]( 8098): onWindowFocusChanged hasWindowFocus true
D/DecorView[]( 8098): getWindowModeFromSystem  windowmode is 1
D/DecorView[]( 8098): updateDecorCaptionStatus displayWindowDecor is false
D/ProfileInstaller( 8098): Installing profile for com.example.benchmark_container
I/flutter ( 8098): setState 698a51a
[spm]: ProfilerData event received.
I/flutter ( 8098): [SPM:perf] 698a51a  buildSpan: 987µs
I/flutter ( 8098): [spm] Performance monitoring completed for 698a51a
I/flutter ( 8098): setState 698a51a
[spm]: ProfilerData event received.
I/flutter ( 8098): [SPM:perf] 698a51a  buildSpan: 960µs
I/flutter ( 8098): [spm] Performance monitoring completed for 698a51a
I/flutter ( 8098): setState 698a51a
[spm]: ProfilerData event received.
I/flutter ( 8098): [SPM:perf] 698a51a  buildSpan: 944µs
I/flutter ( 8098): [spm] Performance monitoring completed for 698a51a
I/flutter ( 8098): setState 698a51a
[spm]: ProfilerData event received.
I/flutter ( 8098): [SPM:perf] 698a51a  buildSpan: 1308µs
I/flutter ( 8098): [spm] Performance monitoring completed for 698a51a
I/flutter ( 8098): setState 698a51a
[spm]: ProfilerData event received.
I/flutter ( 8098): [SPM:perf] 698a51a  buildSpan: 1191µs
I/flutter ( 8098): [spm] Performance monitoring completed for 698a51a
I/flutter ( 8098): setState 698a51a
[spm]: ProfilerData event received.
I/flutter ( 8098): [SPM:perf] 698a51a  buildSpan: 972µs
I/flutter ( 8098): [spm] Performance monitoring completed for 698a51a
I/flutter ( 8098): setState 698a51a
[spm]: ProfilerData event received.
I/flutter ( 8098): [SPM:perf] 698a51a  buildSpan: 1002µs
I/flutter ( 8098): [spm] Performance monitoring completed for 698a51a
I/flutter ( 8098): setState 698a51a
[spm]: ProfilerData event received.
I/flutter ( 8098): [SPM:perf] 698a51a  buildSpan: 954µs
I/flutter ( 8098): [spm] Performance monitoring completed for 698a51a
I/flutter ( 8098): setState 698a51a
[spm]: ProfilerData event received.
I/flutter ( 8098): [SPM:perf] 698a51a  buildSpan: 988µs
I/flutter ( 8098): [spm] Performance monitoring completed for 698a51a
I/flutter ( 8098): setState 698a51a
[spm]: ProfilerData event received.
I/flutter ( 8098): [SPM:perf] 698a51a  buildSpan: 1028µs
I/flutter ( 8098): [spm] Performance monitoring completed for 698a51a
I/flutter ( 8098): setState 698a51a
[spm]: ProfilerData event received.
I/flutter ( 8098): [SPM:perf] 698a51a  buildSpan: 965µs
I/flutter ( 8098): [spm] Performance monitoring completed for 698a51a
I/flutter ( 8098): setState 698a51a
[spm]: ProfilerData event received.
I/flutter ( 8098): [SPM:perf] 698a51a  buildSpan: 1308µs
I/flutter ( 8098): [spm] Performance monitoring completed for 698a51a
I/flutter ( 8098): setState 698a51a
I/flutter ( 8098): [SPM:perf] 698a51a  buildSpan: 1144µs
[spm]: ProfilerData event received.
I/flutter ( 8098): [spm] Performance monitoring completed for 698a51a
I/flutter ( 8098): setState 698a51a
[spm]: ProfilerData event received.
I/flutter ( 8098): [SPM:perf] 698a51a  buildSpan: 1073µs
I/flutter ( 8098): [spm] Performance monitoring completed for 698a51a
I/flutter ( 8098): setState 698a51a
[spm]: ProfilerData event received.
I/flutter ( 8098): [SPM:perf] 698a51a  buildSpan: 1137µs
I/flutter ( 8098): [spm] Performance monitoring completed for 698a51a
I/flutter ( 8098): setState 698a51a
[spm]: ProfilerData event received.
I/flutter ( 8098): [SPM:perf] 698a51a  buildSpan: 1019µs
I/flutter ( 8098): [spm] Performance monitoring completed for 698a51a
I/flutter ( 8098): setState 698a51a
[spm]: ProfilerData event received.
I/flutter ( 8098): [SPM:perf] 698a51a  buildSpan: 983µs
I/flutter ( 8098): [spm] Performance monitoring completed for 698a51a
I/flutter ( 8098): setState 698a51a
[spm]: ProfilerData event received.
I/flutter ( 8098): [SPM:perf] 698a51a  buildSpan: 950µs
I/flutter ( 8098): [spm] Performance monitoring completed for 698a51a
I/flutter ( 8098): setState 698a51a
[spm]: ProfilerData event received.
I/flutter ( 8098): [SPM:perf] 698a51a  buildSpan: 974µs
I/flutter ( 8098): [spm] Performance monitoring completed for 698a51a
I/flutter ( 8098): setState 698a51a
[spm]: ProfilerData event received.
I/flutter ( 8098): [SPM:perf] 698a51a  buildSpan: 1004µs
I/flutter ( 8098): [spm] Performance monitoring completed for 698a51a
I/flutter ( 8098): setState 698a51a
[spm]: ProfilerData event received.
I/flutter ( 8098): [SPM:perf] 698a51a  buildSpan: 1542µs
I/flutter ( 8098): [spm] Performance monitoring completed for 698a51a
I/flutter ( 8098): setState 698a51a
[spm]: ProfilerData event received.
I/flutter ( 8098): [SPM:perf] 698a51a  buildSpan: 963µs
I/flutter ( 8098): [spm] Performance monitoring completed for 698a51a
I/flutter ( 8098): setState 698a51a
[spm]: ProfilerData event received.
I/flutter ( 8098): [SPM:perf] 698a51a  buildSpan: 1009µs
I/flutter ( 8098): [spm] Performance monitoring completed for 698a51a
I/flutter ( 8098): setState 698a51a
[spm]: ProfilerData event received.
I/flutter ( 8098): [SPM:perf] 698a51a  buildSpan: 946µs
I/flutter ( 8098): [spm] Performance monitoring completed for 698a51a
I/flutter ( 8098): setState 698a51a
[spm]: ProfilerData event received.
I/flutter ( 8098): [SPM:perf] 698a51a  buildSpan: 983µs
I/flutter ( 8098): [spm] Performance monitoring completed for 698a51a
I/flutter ( 8098): setState 698a51a
[spm]: ProfilerData event received.
I/flutter ( 8098): [SPM:perf] 698a51a  buildSpan: 981µs
I/flutter ( 8098): [spm] Performance monitoring completed for 698a51a
I/flutter ( 8098): setState 698a51a
[spm]: ProfilerData event received.
I/flutter ( 8098): [SPM:perf] 698a51a  buildSpan: 1004µs
I/flutter ( 8098): [spm] Performance monitoring completed for 698a51a
I/flutter ( 8098): setState 698a51a
[spm]: ProfilerData event received.
I/flutter ( 8098): [SPM:perf] 698a51a  buildSpan: 1254µs
I/flutter ( 8098): [spm] Performance monitoring completed for 698a51a
I/flutter ( 8098): setState 698a51a
[spm]: ProfilerData event received.
I/flutter ( 8098): [SPM:perf] 698a51a  buildSpan: 968µs
I/flutter ( 8098): [spm] Performance monitoring completed for 698a51a
I/flutter ( 8098): setState 698a51a
[spm]: ProfilerData event received.
I/flutter ( 8098): [SPM:perf] 698a51a  buildSpan: 999µs
I/flutter ( 8098): [spm] Performance monitoring completed for 698a51a
I/flutter ( 8098): 01:10 +1: (tearDownAll)
I/flutter ( 8098): 01:11 +2: All tests passed!
All tests passed.
[spm]: Saved 30 profiler events to <ROOT>/dataset/39/redmi9t/raw/20260814-030801/base/e10.jsonl
[spm]: Reverting injection...
3 issues found. (ran in 0.5s)
WARNING: Your Android app project: app located at: <ROOT>/android/app/build.gradle.kts
applies the Kotlin Gradle Plugin, which will cause build failures in future versions of Flutter. 
Please migrate your app to Built-in Kotlin using this guide: https://docs.flutter.dev/release/breaking-changes/migrate-to-built-in-kotlin/for-app-developers

VMServiceFlutterDriver: Connecting to Flutter application at http://127.0.0.1:32897/tBqu4xDcDKI=/
[spm]: Detected VM service URI: ws://127.0.0.1:32897/tBqu4xDcDKI=/ws
VMServiceFlutterDriver: Isolate found with number: 7155365456505047
VMServiceFlutterDriver: Isolate 7155365456505047 is runnable.
VMServiceFlutterDriver: Isolate is paused at start.
VMServiceFlutterDriver: Attempting to resume isolate
VMServiceFlutterDriver: Connected to Flutter application.