# sample_id=39/base exec_index=13 ok=True perf_lines=30 vm_events=30 battery_pct=51 soc_temp_millic=45700 battery_temp_c=32.1 charging=False preflight_started=2026-08-14T06:22:57.211973+00:00 started=2026-08-14T06:22:59.613263+00:00 ts=2026-08-14T06:24:57.705425+00:00
[spm]: Running flutter analyze...
Analyzing lib...                                                

   info • Parameters ''key', 'onPressed', 'onLongPress', 'onHover', 'onFocusChange', 'focusNode', 'autofocus', and 'child'' could be super parameters. Trying converting ''key', 'onPressed', 'onLongPress', 'onHover', 'onFocusChange', 'focusNode', 'autofocus', and 'child'' to super parameters • lib/dependencies.dart:8:3 • use_super_parameters
   info • Parameter 'key' could be a super parameter. Trying converting 'key' to a super parameter • lib/generated_widget.dart:8:9 • use_super_parameters
   info • Parameter 'key' could be a super parameter. Trying converting 'key' to a super parameter • lib/generated_widget.dart:45:9 • use_super_parameters

[spm]: Injecting profiler code...
[spm]: Starting app...
Running Gradle task 'assembleProfile'...                        
Running Gradle task 'assembleProfile'...                           20.1s
✓ Built build/app/outputs/flutter-apk/app-profile.apk (61.8MB)
Installing build/app/outputs/flutter-apk/app-profile.apk...      1,967ms
E/MiuiMultiWindowUtils( 7919): initFreeFormResolutionArgs failed, device is lime
D/IS_CTS_MODE( 7919): true
D/MULTI_WINDOW_SWITCH_ENABLED( 7919): false
D/IS_CTS_MODE( 7919): true
D/MULTI_WINDOW_SWITCH_ENABLED( 7919): false
D/MULTI_WINDOW_SWITCH_ENABLED( 7919): false
D/DecorView[]( 7919): getWindowModeFromSystem  windowmode is 1
I/ForceDarkHelperStubImpl( 7919): setViewRootImplForceDark: false for com.example.benchmark_container.MainActivity@facf14f, reason: AppDarkModeEnable
I/ForceDarkHelperStubImpl( 7919): setViewRootImplForceDark: false for com.example.benchmark_container.MainActivity@facf14f, reason: AppDarkModeEnable
D/DecorView[]( 7919): getWindowModeFromSystem  windowmode is 1
D/DecorView[]( 7919): updateDecorCaptionStatus displayWindowDecor is false
W/Looper  ( 7919): PerfMonitor looperActivity : package=com.example.benchmark_container/.MainActivity time=600ms latency=459ms running=0ms  procState=-1  historyMsgCount=2 (msgIndex=1 wall=600ms seq=4 late=459ms h=android.app.ActivityThread$H w=159) (msgIndex=2 wall=460ms seq=3 h=android.app.ActivityThread$H w=110)
W/Looper  ( 7919): PerfMonitor looperActivity : package=com.example.benchmark_container/.MainActivity time=1ms latency=1069ms running=0ms  procState=-1  historyMsgCount=4 (msgIndex=2 wall=600ms seq=4 late=459ms h=android.app.ActivityThread$H w=159) (msgIndex=3 wall=460ms seq=3 h=android.app.ActivityThread$H w=110) (msgIndex=4 wall=600ms seq=4 late=459ms h=android.app.ActivityThread$H w=159)
I/Choreographer( 7919): Skipped 38 frames!  The application may be doing too much work on its main thread.
D/hw-ProcessState( 7919): Binder ioctl to enable oneway spam detection failed: Invalid argument
D/SurfaceView( 7919): UPDATE null, mIsCastMode = false
W/Looper  ( 7919): PerfMonitor longMsg : seq=8 plan=09:23:35.503 late=634ms wall=1887ms running=0ms h=android.view.Choreographer$FrameHandler c=android.view.Choreographer$FrameDisplayEventReceiver procState=-1
W/Looper  ( 7919): PerfMonitor doFrame : time=1887ms vsyncFrame=0 latency=634ms procState=-1 historyMsgCount=7 (msgIndex=2 wall=600ms seq=4 h=android.app.ActivityThread$H w=159) (msgIndex=3 wall=1887ms seq=8 late=634ms h=android.view.Choreographer$FrameHandler c=android.view.Choreographer$FrameDisplayEventReceiver) (msgIndex=4 wall=600ms seq=4 h=android.app.ActivityThread$H w=159)
I/Choreographer( 7919): Skipped 105 frames!  The application may be doing too much work on its main thread.
D/SurfaceView( 7919): UPDATE Surface(name=SurfaceView[com.example.benchmark_container/com.example.benchmark_container.MainActivity])/@0xf0ce70d, mIsProjectionMode = false
W/Looper  ( 7919): PerfMonitor doFrame : time=3ms vsyncFrame=0 latency=1761ms procState=-1 historyMsgCount=5
[spm]: Connected to Dart VM service.
I/flutter ( 7919): 00:00 +0: Performance Benchmark
E/hmark_containe( 7919): open libmigui.so failed! dlopen - dlopen failed: library "libmigui.so" not found
D/hmark_containe( 7919): MiuiProcessManagerServiceStub setSchedFifo
I/MiuiProcessManagerImpl( 7919): setSchedFifo pid:7919, mode:3
D/DecorView[]( 7919): onWindowFocusChanged hasWindowFocus true
D/DecorView[]( 7919): getWindowModeFromSystem  windowmode is 1
D/DecorView[]( 7919): updateDecorCaptionStatus displayWindowDecor is false
D/ProfileInstaller( 7919): Installing profile for com.example.benchmark_container
I/flutter ( 7919): setState 698a51a
[spm]: ProfilerData event received.
I/flutter ( 7919): [SPM:perf] 698a51a  buildSpan: 994µs
I/flutter ( 7919): [spm] Performance monitoring completed for 698a51a
I/flutter ( 7919): setState 698a51a
[spm]: ProfilerData event received.
I/flutter ( 7919): [SPM:perf] 698a51a  buildSpan: 998µs
I/flutter ( 7919): [spm] Performance monitoring completed for 698a51a
I/flutter ( 7919): setState 698a51a
I/flutter ( 7919): [SPM:perf] 698a51a  buildSpan: 1085µs
I/flutter ( 7919): [spm] Performance monitoring completed for 698a51a
[spm]: ProfilerData event received.
I/flutter ( 7919): setState 698a51a
[spm]: ProfilerData event received.
I/flutter ( 7919): [SPM:perf] 698a51a  buildSpan: 1119µs
I/flutter ( 7919): [spm] Performance monitoring completed for 698a51a
I/flutter ( 7919): setState 698a51a
[spm]: ProfilerData event received.
I/flutter ( 7919): [SPM:perf] 698a51a  buildSpan: 1096µs
I/flutter ( 7919): [spm] Performance monitoring completed for 698a51a
I/flutter ( 7919): setState 698a51a
[spm]: ProfilerData event received.
I/flutter ( 7919): [SPM:perf] 698a51a  buildSpan: 983µs
I/flutter ( 7919): [spm] Performance monitoring completed for 698a51a
I/flutter ( 7919): setState 698a51a
[spm]: ProfilerData event received.
I/flutter ( 7919): [SPM:perf] 698a51a  buildSpan: 935µs
I/flutter ( 7919): [spm] Performance monitoring completed for 698a51a
I/flutter ( 7919): setState 698a51a
[spm]: ProfilerData event received.
I/flutter ( 7919): [SPM:perf] 698a51a  buildSpan: 981µs
I/flutter ( 7919): [spm] Performance monitoring completed for 698a51a
I/flutter ( 7919): setState 698a51a
[spm]: ProfilerData event received.
I/flutter ( 7919): [SPM:perf] 698a51a  buildSpan: 1001µs
I/flutter ( 7919): [spm] Performance monitoring completed for 698a51a
I/flutter ( 7919): setState 698a51a
I/flutter ( 7919): [SPM:perf] 698a51a  buildSpan: 972µs
I/flutter ( 7919): [spm] Performance monitoring completed for 698a51a
I/flutter ( 7919): setState 698a51a
[spm]: ProfilerData event received.
[spm]: ProfilerData event received.
I/flutter ( 7919): [SPM:perf] 698a51a  buildSpan: 1028µs
I/flutter ( 7919): [spm] Performance monitoring completed for 698a51a
I/flutter ( 7919): setState 698a51a
[spm]: ProfilerData event received.
I/flutter ( 7919): [SPM:perf] 698a51a  buildSpan: 999µs
I/flutter ( 7919): [spm] Performance monitoring completed for 698a51a
I/flutter ( 7919): setState 698a51a
[spm]: ProfilerData event received.
I/flutter ( 7919): [SPM:perf] 698a51a  buildSpan: 987µs
I/flutter ( 7919): [spm] Performance monitoring completed for 698a51a
I/flutter ( 7919): setState 698a51a
[spm]: ProfilerData event received.
I/flutter ( 7919): [SPM:perf] 698a51a  buildSpan: 1063µs
I/flutter ( 7919): [spm] Performance monitoring completed for 698a51a
I/flutter ( 7919): setState 698a51a
[spm]: ProfilerData event received.
I/flutter ( 7919): [SPM:perf] 698a51a  buildSpan: 1001µs
I/flutter ( 7919): [spm] Performance monitoring completed for 698a51a
I/flutter ( 7919): setState 698a51a
[spm]: ProfilerData event received.
I/flutter ( 7919): [SPM:perf] 698a51a  buildSpan: 933µs
I/flutter ( 7919): [spm] Performance monitoring completed for 698a51a
I/flutter ( 7919): setState 698a51a
[spm]: ProfilerData event received.
I/flutter ( 7919): [SPM:perf] 698a51a  buildSpan: 1057µs
I/flutter ( 7919): [spm] Performance monitoring completed for 698a51a
I/flutter ( 7919): setState 698a51a
[spm]: ProfilerData event received.
I/flutter ( 7919): [SPM:perf] 698a51a  buildSpan: 1093µs
I/flutter ( 7919): [spm] Performance monitoring completed for 698a51a
I/flutter ( 7919): setState 698a51a
[spm]: ProfilerData event received.
I/flutter ( 7919): [SPM:perf] 698a51a  buildSpan: 1065µs
I/flutter ( 7919): [spm] Performance monitoring completed for 698a51a
I/flutter ( 7919): setState 698a51a
[spm]: ProfilerData event received.
I/flutter ( 7919): [SPM:perf] 698a51a  buildSpan: 1719µs
I/flutter ( 7919): [spm] Performance monitoring completed for 698a51a
I/flutter ( 7919): setState 698a51a
[spm]: ProfilerData event received.
I/flutter ( 7919): [SPM:perf] 698a51a  buildSpan: 980µs
I/flutter ( 7919): [spm] Performance monitoring completed for 698a51a
I/flutter ( 7919): setState 698a51a
[spm]: ProfilerData event received.
I/flutter ( 7919): [SPM:perf] 698a51a  buildSpan: 1009µs
I/flutter ( 7919): [spm] Performance monitoring completed for 698a51a
I/flutter ( 7919): setState 698a51a
[spm]: ProfilerData event received.
I/flutter ( 7919): [SPM:perf] 698a51a  buildSpan: 1064µs
I/flutter ( 7919): [spm] Performance monitoring completed for 698a51a
I/flutter ( 7919): setState 698a51a
[spm]: ProfilerData event received.
I/flutter ( 7919): [SPM:perf] 698a51a  buildSpan: 973µs
I/flutter ( 7919): [spm] Performance monitoring completed for 698a51a
I/flutter ( 7919): setState 698a51a
[spm]: ProfilerData event received.
I/flutter ( 7919): [SPM:perf] 698a51a  buildSpan: 984µs
I/flutter ( 7919): [spm] Performance monitoring completed for 698a51a
I/flutter ( 7919): setState 698a51a
[spm]: ProfilerData event received.
I/flutter ( 7919): [SPM:perf] 698a51a  buildSpan: 962µs
I/flutter ( 7919): [spm] Performance monitoring completed for 698a51a
I/flutter ( 7919): setState 698a51a
[spm]: ProfilerData event received.
I/flutter ( 7919): [SPM:perf] 698a51a  buildSpan: 1011µs
I/flutter ( 7919): [spm] Performance monitoring completed for 698a51a
I/flutter ( 7919): setState 698a51a
I/flutter ( 7919): [SPM:perf] 698a51a  buildSpan: 1073µs
I/flutter ( 7919): [spm] Performance monitoring completed for 698a51a
I/flutter ( 7919): setState 698a51a
[spm]: ProfilerData event received.
[spm]: ProfilerData event received.
I/flutter ( 7919): [SPM:perf] 698a51a  buildSpan: 954µs
I/flutter ( 7919): [spm] Performance monitoring completed for 698a51a
I/flutter ( 7919): setState 698a51a
[spm]: ProfilerData event received.
I/flutter ( 7919): [SPM:perf] 698a51a  buildSpan: 975µs
I/flutter ( 7919): [spm] Performance monitoring completed for 698a51a
I/flutter ( 7919): 01:10 +1: (tearDownAll)
I/flutter ( 7919): 01:11 +2: All tests passed!
All tests passed.
[spm]: Saved 30 profiler events to <ROOT>/dataset/39/redmi9t/raw/20260814-030801/base/e13.jsonl
[spm]: Reverting injection...
3 issues found. (ran in 0.5s)
WARNING: Your Android app project: app located at: <ROOT>/android/app/build.gradle.kts
applies the Kotlin Gradle Plugin, which will cause build failures in future versions of Flutter. 
Please migrate your app to Built-in Kotlin using this guide: https://docs.flutter.dev/release/breaking-changes/migrate-to-built-in-kotlin/for-app-developers

VMServiceFlutterDriver: Connecting to Flutter application at http://127.0.0.1:36373/MDtKP0swo2w=/
[spm]: Detected VM service URI: ws://127.0.0.1:36373/MDtKP0swo2w=/ws
VMServiceFlutterDriver: Isolate found with number: 8960319596150331
VMServiceFlutterDriver: Isolate 8960319596150331 is runnable.
VMServiceFlutterDriver: Isolate is paused at start.
VMServiceFlutterDriver: Attempting to resume isolate
VMServiceFlutterDriver: Connected to Flutter application.