# sample_id=39/base exec_index=2 ok=True perf_lines=30 vm_events=30 battery_pct=61 soc_temp_millic=43200 battery_temp_c=32.3 charging=False preflight_started=2026-08-14T04:39:57.401893+00:00 started=2026-08-14T04:39:59.771333+00:00 ts=2026-08-14T04:41:59.320835+00:00
[spm]: Running flutter analyze...
Analyzing lib...                                                

   info • Parameters ''key', 'onPressed', 'onLongPress', 'onHover', 'onFocusChange', 'focusNode', 'autofocus', and 'child'' could be super parameters. Trying converting ''key', 'onPressed', 'onLongPress', 'onHover', 'onFocusChange', 'focusNode', 'autofocus', and 'child'' to super parameters • lib/dependencies.dart:8:3 • use_super_parameters
   info • Parameter 'key' could be a super parameter. Trying converting 'key' to a super parameter • lib/generated_widget.dart:8:9 • use_super_parameters
   info • Parameter 'key' could be a super parameter. Trying converting 'key' to a super parameter • lib/generated_widget.dart:45:9 • use_super_parameters

[spm]: Injecting profiler code...
[spm]: Starting app...
Running Gradle task 'assembleProfile'...                        
Running Gradle task 'assembleProfile'...                           20.4s
✓ Built build/app/outputs/flutter-apk/app-profile.apk (61.8MB)
Installing build/app/outputs/flutter-apk/app-profile.apk...      2,009ms
E/MiuiMultiWindowUtils(16414): initFreeFormResolutionArgs failed, device is lime
D/IS_CTS_MODE(16414): true
D/MULTI_WINDOW_SWITCH_ENABLED(16414): false
D/IS_CTS_MODE(16414): true
D/MULTI_WINDOW_SWITCH_ENABLED(16414): false
D/IS_CTS_MODE(16414): true
D/MULTI_WINDOW_SWITCH_ENABLED(16414): false
D/DecorView[](16414): getWindowModeFromSystem  windowmode is 1
I/ForceDarkHelperStubImpl(16414): setViewRootImplForceDark: false for com.example.benchmark_container.MainActivity@facf14f, reason: AppDarkModeEnable
I/ForceDarkHelperStubImpl(16414): setViewRootImplForceDark: false for com.example.benchmark_container.MainActivity@facf14f, reason: AppDarkModeEnable
D/DecorView[](16414): getWindowModeFromSystem  windowmode is 1
D/DecorView[](16414): updateDecorCaptionStatus displayWindowDecor is false
W/Looper  (16414): PerfMonitor looperActivity : package=com.example.benchmark_container/.MainActivity time=508ms latency=450ms running=0ms  procState=-1  historyMsgCount=3 (msgIndex=1 wall=508ms seq=4 late=450ms h=android.app.ActivityThread$H w=159) (msgIndex=3 wall=448ms seq=3 h=android.app.ActivityThread$H w=110)
W/Looper  (16414): PerfMonitor looperActivity : package=com.example.benchmark_container/.MainActivity time=1ms latency=959ms running=0ms  procState=-1  historyMsgCount=4 (msgIndex=1 wall=508ms seq=4 late=450ms h=android.app.ActivityThread$H w=159) (msgIndex=3 wall=448ms seq=3 h=android.app.ActivityThread$H w=110) (msgIndex=4 wall=508ms seq=4 late=450ms h=android.app.ActivityThread$H w=159)
I/Choreographer(16414): Skipped 32 frames!  The application may be doing too much work on its main thread.
D/SurfaceView(16414): UPDATE null, mIsCastMode = false
D/hw-ProcessState(16414): Binder ioctl to enable oneway spam detection failed: Invalid argument
W/Looper  (16414): PerfMonitor longMsg : seq=8 plan=07:40:36.428 late=537ms wall=1755ms running=0ms h=android.view.Choreographer$FrameHandler c=android.view.Choreographer$FrameDisplayEventReceiver procState=-1
W/Looper  (16414): PerfMonitor doFrame : time=1755ms vsyncFrame=0 latency=537ms procState=-1 historyMsgCount=7 (msgIndex=1 wall=508ms seq=4 h=android.app.ActivityThread$H w=159) (msgIndex=3 wall=1755ms seq=8 late=537ms h=android.view.Choreographer$FrameHandler c=android.view.Choreographer$FrameDisplayEventReceiver) (msgIndex=4 wall=508ms seq=4 h=android.app.ActivityThread$H w=159)
I/Choreographer(16414): Skipped 97 frames!  The application may be doing too much work on its main thread.
D/SurfaceView(16414): UPDATE Surface(name=SurfaceView[com.example.benchmark_container/com.example.benchmark_container.MainActivity])/@0xf0ce70d, mIsProjectionMode = false
W/Looper  (16414): PerfMonitor doFrame : time=3ms vsyncFrame=0 latency=1631ms procState=-1 historyMsgCount=5
[spm]: Connected to Dart VM service.
I/flutter (16414): 00:00 +0: Performance Benchmark
E/hmark_containe(16414): open libmigui.so failed! dlopen - dlopen failed: library "libmigui.so" not found
D/hmark_containe(16414): MiuiProcessManagerServiceStub setSchedFifo
I/MiuiProcessManagerImpl(16414): setSchedFifo pid:16414, mode:3
D/DecorView[](16414): onWindowFocusChanged hasWindowFocus true
D/DecorView[](16414): getWindowModeFromSystem  windowmode is 1
D/DecorView[](16414): updateDecorCaptionStatus displayWindowDecor is false
D/ProfileInstaller(16414): Installing profile for com.example.benchmark_container
I/flutter (16414): setState 698a51a
[spm]: ProfilerData event received.
I/flutter (16414): [SPM:perf] 698a51a  buildSpan: 969µs
I/flutter (16414): [spm] Performance monitoring completed for 698a51a
I/flutter (16414): setState 698a51a
[spm]: ProfilerData event received.
I/flutter (16414): [SPM:perf] 698a51a  buildSpan: 928µs
I/flutter (16414): [spm] Performance monitoring completed for 698a51a
I/flutter (16414): setState 698a51a
[spm]: ProfilerData event received.
I/flutter (16414): [SPM:perf] 698a51a  buildSpan: 983µs
I/flutter (16414): [spm] Performance monitoring completed for 698a51a
I/flutter (16414): setState 698a51a
[spm]: ProfilerData event received.
I/flutter (16414): [SPM:perf] 698a51a  buildSpan: 1004µs
I/flutter (16414): [spm] Performance monitoring completed for 698a51a
I/flutter (16414): setState 698a51a
[spm]: ProfilerData event received.
I/flutter (16414): [SPM:perf] 698a51a  buildSpan: 953µs
I/flutter (16414): [spm] Performance monitoring completed for 698a51a
I/flutter (16414): setState 698a51a
[spm]: ProfilerData event received.
I/flutter (16414): [SPM:perf] 698a51a  buildSpan: 953µs
I/flutter (16414): [spm] Performance monitoring completed for 698a51a
I/flutter (16414): setState 698a51a
[spm]: ProfilerData event received.
I/flutter (16414): [SPM:perf] 698a51a  buildSpan: 1099µs
I/flutter (16414): [spm] Performance monitoring completed for 698a51a
I/flutter (16414): setState 698a51a
I/flutter (16414): [SPM:perf] 698a51a  buildSpan: 995µs
[spm]: ProfilerData event received.
I/flutter (16414): [spm] Performance monitoring completed for 698a51a
I/flutter (16414): setState 698a51a
[spm]: ProfilerData event received.
I/flutter (16414): [SPM:perf] 698a51a  buildSpan: 1019µs
I/flutter (16414): [spm] Performance monitoring completed for 698a51a
I/flutter (16414): setState 698a51a
[spm]: ProfilerData event received.
I/flutter (16414): [SPM:perf] 698a51a  buildSpan: 992µs
I/flutter (16414): [spm] Performance monitoring completed for 698a51a
I/flutter (16414): setState 698a51a
I/flutter (16414): [SPM:perf] 698a51a  buildSpan: 1008µs
I/flutter (16414): [spm] Performance monitoring completed for 698a51a
I/flutter (16414): setState 698a51a
[spm]: ProfilerData event received.
I/flutter (16414): [SPM:perf] 698a51a  buildSpan: 1417µs
I/flutter (16414): [spm] Performance monitoring completed for 698a51a
I/flutter (16414): setState 698a51a
[spm]: ProfilerData event received.
[spm]: ProfilerData event received.
I/flutter (16414): [SPM:perf] 698a51a  buildSpan: 1016µs
I/flutter (16414): [spm] Performance monitoring completed for 698a51a
I/flutter (16414): setState 698a51a
[spm]: ProfilerData event received.
I/flutter (16414): [SPM:perf] 698a51a  buildSpan: 1255µs
I/flutter (16414): [spm] Performance monitoring completed for 698a51a
I/flutter (16414): setState 698a51a
[spm]: ProfilerData event received.
I/flutter (16414): [SPM:perf] 698a51a  buildSpan: 1048µs
I/flutter (16414): [spm] Performance monitoring completed for 698a51a
I/flutter (16414): setState 698a51a
[spm]: ProfilerData event received.
I/flutter (16414): [SPM:perf] 698a51a  buildSpan: 999µs
I/flutter (16414): [spm] Performance monitoring completed for 698a51a
I/flutter (16414): setState 698a51a
[spm]: ProfilerData event received.
I/flutter (16414): [SPM:perf] 698a51a  buildSpan: 972µs
I/flutter (16414): [spm] Performance monitoring completed for 698a51a
I/flutter (16414): setState 698a51a
[spm]: ProfilerData event received.
I/flutter (16414): [SPM:perf] 698a51a  buildSpan: 1005µs
I/flutter (16414): [spm] Performance monitoring completed for 698a51a
I/flutter (16414): setState 698a51a
[spm]: ProfilerData event received.
I/flutter (16414): [SPM:perf] 698a51a  buildSpan: 968µs
I/flutter (16414): [spm] Performance monitoring completed for 698a51a
I/flutter (16414): setState 698a51a
[spm]: ProfilerData event received.
I/flutter (16414): [SPM:perf] 698a51a  buildSpan: 971µs
I/flutter (16414): [spm] Performance monitoring completed for 698a51a
I/flutter (16414): setState 698a51a
[spm]: ProfilerData event received.
I/flutter (16414): [SPM:perf] 698a51a  buildSpan: 964µs
I/flutter (16414): [spm] Performance monitoring completed for 698a51a
I/flutter (16414): setState 698a51a
[spm]: ProfilerData event received.
I/flutter (16414): [SPM:perf] 698a51a  buildSpan: 1002µs
I/flutter (16414): [spm] Performance monitoring completed for 698a51a
I/flutter (16414): setState 698a51a
[spm]: ProfilerData event received.
I/flutter (16414): [SPM:perf] 698a51a  buildSpan: 1224µs
I/flutter (16414): [spm] Performance monitoring completed for 698a51a
I/flutter (16414): setState 698a51a
[spm]: ProfilerData event received.
I/flutter (16414): [SPM:perf] 698a51a  buildSpan: 1310µs
I/flutter (16414): [spm] Performance monitoring completed for 698a51a
I/flutter (16414): setState 698a51a
I/flutter (16414): [SPM:perf] 698a51a  buildSpan: 1156µs
I/flutter (16414): [spm] Performance monitoring completed for 698a51a
I/flutter (16414): setState 698a51a
[spm]: ProfilerData event received.
[spm]: ProfilerData event received.
I/flutter (16414): [SPM:perf] 698a51a  buildSpan: 1432µs
I/flutter (16414): [spm] Performance monitoring completed for 698a51a
I/flutter (16414): setState 698a51a
[spm]: ProfilerData event received.
I/flutter (16414): [SPM:perf] 698a51a  buildSpan: 992µs
I/flutter (16414): [spm] Performance monitoring completed for 698a51a
I/flutter (16414): setState 698a51a
I/flutter (16414): [SPM:perf] 698a51a  buildSpan: 1133µs
[spm]: ProfilerData event received.
I/flutter (16414): [spm] Performance monitoring completed for 698a51a
I/flutter (16414): setState 698a51a
[spm]: ProfilerData event received.
I/flutter (16414): [SPM:perf] 698a51a  buildSpan: 1025µs
I/flutter (16414): [spm] Performance monitoring completed for 698a51a
I/flutter (16414): setState 698a51a
[spm]: ProfilerData event received.
I/flutter (16414): [SPM:perf] 698a51a  buildSpan: 1099µs
I/flutter (16414): [spm] Performance monitoring completed for 698a51a
I/flutter (16414): 01:10 +1: (tearDownAll)
I/flutter (16414): 01:11 +2: All tests passed!
All tests passed.
[spm]: Saved 30 profiler events to <ROOT>/dataset/39/redmi9t/raw/20260814-030801/base/e2.jsonl
[spm]: Reverting injection...
3 issues found. (ran in 0.6s)
WARNING: Your Android app project: app located at: <ROOT>/android/app/build.gradle.kts
applies the Kotlin Gradle Plugin, which will cause build failures in future versions of Flutter. 
Please migrate your app to Built-in Kotlin using this guide: https://docs.flutter.dev/release/breaking-changes/migrate-to-built-in-kotlin/for-app-developers

VMServiceFlutterDriver: Connecting to Flutter application at http://127.0.0.1:35385/Pis1VXcUFn4=/
[spm]: Detected VM service URI: ws://127.0.0.1:35385/Pis1VXcUFn4=/ws
VMServiceFlutterDriver: Isolate found with number: 4322336441788047
VMServiceFlutterDriver: Isolate 4322336441788047 is runnable.
VMServiceFlutterDriver: Isolate is paused at start.
VMServiceFlutterDriver: Attempting to resume isolate
VMServiceFlutterDriver: Connected to Flutter application.