# sample_id=39/base exec_index=8 ok=True perf_lines=30 vm_events=30 battery_pct=80 soc_temp_millic=40500 battery_temp_c=31.7 charging=False preflight_started=2026-08-14T00:49:18.400594+00:00 started=2026-08-14T00:49:21.156632+00:00 ts=2026-08-14T00:51:20.323415+00:00
[spm]: Running flutter analyze...
Analyzing lib...                                                

   info • Parameters ''key', 'onPressed', 'onLongPress', 'onHover', 'onFocusChange', 'focusNode', 'autofocus', and 'child'' could be super parameters. Trying converting ''key', 'onPressed', 'onLongPress', 'onHover', 'onFocusChange', 'focusNode', 'autofocus', and 'child'' to super parameters • lib/dependencies.dart:8:3 • use_super_parameters
   info • Parameter 'key' could be a super parameter. Trying converting 'key' to a super parameter • lib/generated_widget.dart:8:9 • use_super_parameters
   info • Parameter 'key' could be a super parameter. Trying converting 'key' to a super parameter • lib/generated_widget.dart:45:9 • use_super_parameters

[spm]: Injecting profiler code...
[spm]: Starting app...
Running Gradle task 'assembleProfile'...                        
Running Gradle task 'assembleProfile'...                           19.7s
✓ Built build/app/outputs/flutter-apk/app-profile.apk (61.8MB)
Installing build/app/outputs/flutter-apk/app-profile.apk...      2,333ms
D/DecorView[](20967): getWindowModeFromSystem  windowmode is 1
D/DecorView[](20967): updateDecorCaptionStatus displayWindowDecor is false
W/Looper  (20967): PerfMonitor looperActivity : package=com.example.benchmark_container/.MainActivity time=559ms latency=400ms running=0ms  procState=-1  historyMsgCount=3 (msgIndex=1 wall=559ms seq=4 late=400ms h=android.app.ActivityThread$H w=159) (msgIndex=2 wall=559ms seq=4 late=400ms h=android.app.ActivityThread$H w=159) (msgIndex=3 wall=403ms seq=3 h=android.app.ActivityThread$H w=110)
W/Looper  (20967): PerfMonitor looperActivity : package=com.example.benchmark_container/.MainActivity time=1ms latency=961ms running=0ms  procState=-1  historyMsgCount=4 (msgIndex=1 wall=559ms seq=4 h=android.app.ActivityThread$H w=159) (msgIndex=2 wall=559ms seq=4 h=android.app.ActivityThread$H w=159) (msgIndex=3 wall=403ms seq=3 h=android.app.ActivityThread$H w=110) (msgIndex=4 wall=559ms seq=4 h=android.app.ActivityThread$H w=159)
I/Choreographer(20967): Skipped 33 frames!  The application may be doing too much work on its main thread.
D/SurfaceView(20967): UPDATE null, mIsCastMode = false
D/hw-ProcessState(20967): Binder ioctl to enable oneway spam detection failed: Invalid argument
W/Looper  (20967): PerfMonitor longMsg : seq=8 plan=03:49:56.986 late=556ms wall=1789ms running=0ms h=android.view.Choreographer$FrameHandler c=android.view.Choreographer$FrameDisplayEventReceiver procState=-1
W/Looper  (20967): PerfMonitor doFrame : time=1789ms vsyncFrame=0 latency=556ms procState=-1 historyMsgCount=4 (msgIndex=1 wall=1789ms seq=8 late=556ms h=android.view.Choreographer$FrameHandler c=android.view.Choreographer$FrameDisplayEventReceiver)
I/Choreographer(20967): Skipped 101 frames!  The application may be doing too much work on its main thread.
D/SurfaceView(20967): UPDATE Surface(name=SurfaceView[com.example.benchmark_container/com.example.benchmark_container.MainActivity])/@0x7e8b657, mIsProjectionMode = false
W/Looper  (20967): PerfMonitor doFrame : time=3ms vsyncFrame=0 latency=1684ms procState=-1 historyMsgCount=5
[spm]: Connected to Dart VM service.
I/flutter (20967): 00:00 +0: Performance Benchmark
E/hmark_containe(20967): open libmigui.so failed! dlopen - dlopen failed: library "libmigui.so" not found
D/hmark_containe(20967): MiuiProcessManagerServiceStub setSchedFifo
I/MiuiProcessManagerImpl(20967): setSchedFifo pid:20967, mode:3
D/DecorView[](20967): onWindowFocusChanged hasWindowFocus true
D/DecorView[](20967): getWindowModeFromSystem  windowmode is 1
D/DecorView[](20967): updateDecorCaptionStatus displayWindowDecor is false
D/ProfileInstaller(20967): Installing profile for com.example.benchmark_container
I/flutter (20967): setState 698a51a
[spm]: ProfilerData event received.
I/flutter (20967): [SPM:perf] 698a51a  buildSpan: 1228µs
I/flutter (20967): [spm] Performance monitoring completed for 698a51a
I/flutter (20967): setState 698a51a
[spm]: ProfilerData event received.
I/flutter (20967): [SPM:perf] 698a51a  buildSpan: 1185µs
I/flutter (20967): [spm] Performance monitoring completed for 698a51a
I/flutter (20967): setState 698a51a
[spm]: ProfilerData event received.
I/flutter (20967): [SPM:perf] 698a51a  buildSpan: 1531µs
I/flutter (20967): [spm] Performance monitoring completed for 698a51a
I/flutter (20967): setState 698a51a
[spm]: ProfilerData event received.
I/flutter (20967): [SPM:perf] 698a51a  buildSpan: 1542µs
I/flutter (20967): [spm] Performance monitoring completed for 698a51a
I/flutter (20967): setState 698a51a
[spm]: ProfilerData event received.
I/flutter (20967): [SPM:perf] 698a51a  buildSpan: 1492µs
I/flutter (20967): [spm] Performance monitoring completed for 698a51a
I/flutter (20967): setState 698a51a
[spm]: ProfilerData event received.
I/flutter (20967): [SPM:perf] 698a51a  buildSpan: 1183µs
I/flutter (20967): [spm] Performance monitoring completed for 698a51a
I/flutter (20967): setState 698a51a
[spm]: ProfilerData event received.
I/flutter (20967): [SPM:perf] 698a51a  buildSpan: 1736µs
I/flutter (20967): [spm] Performance monitoring completed for 698a51a
I/flutter (20967): setState 698a51a
[spm]: ProfilerData event received.
I/flutter (20967): [SPM:perf] 698a51a  buildSpan: 1511µs
I/flutter (20967): [spm] Performance monitoring completed for 698a51a
I/flutter (20967): setState 698a51a
[spm]: ProfilerData event received.
I/flutter (20967): [SPM:perf] 698a51a  buildSpan: 1547µs
I/flutter (20967): [spm] Performance monitoring completed for 698a51a
I/flutter (20967): setState 698a51a
[spm]: ProfilerData event received.
I/flutter (20967): [SPM:perf] 698a51a  buildSpan: 1557µs
I/flutter (20967): [spm] Performance monitoring completed for 698a51a
I/flutter (20967): setState 698a51a
[spm]: ProfilerData event received.
I/flutter (20967): [SPM:perf] 698a51a  buildSpan: 1645µs
I/flutter (20967): [spm] Performance monitoring completed for 698a51a
I/flutter (20967): setState 698a51a
I/flutter (20967): [SPM:perf] 698a51a  buildSpan: 1226µs
I/flutter (20967): [spm] Performance monitoring completed for 698a51a
I/flutter (20967): setState 698a51a
[spm]: ProfilerData event received.
[spm]: ProfilerData event received.
I/flutter (20967): [SPM:perf] 698a51a  buildSpan: 1558µs
I/flutter (20967): [spm] Performance monitoring completed for 698a51a
I/flutter (20967): setState 698a51a
[spm]: ProfilerData event received.
I/flutter (20967): [SPM:perf] 698a51a  buildSpan: 1732µs
I/flutter (20967): [spm] Performance monitoring completed for 698a51a
I/flutter (20967): setState 698a51a
[spm]: ProfilerData event received.
I/flutter (20967): [SPM:perf] 698a51a  buildSpan: 1555µs
I/flutter (20967): [spm] Performance monitoring completed for 698a51a
I/flutter (20967): setState 698a51a
[spm]: ProfilerData event received.
I/flutter (20967): [SPM:perf] 698a51a  buildSpan: 1559µs
I/flutter (20967): [spm] Performance monitoring completed for 698a51a
I/flutter (20967): setState 698a51a
[spm]: ProfilerData event received.
I/flutter (20967): [SPM:perf] 698a51a  buildSpan: 1335µs
I/flutter (20967): [spm] Performance monitoring completed for 698a51a
I/flutter (20967): setState 698a51a
[spm]: ProfilerData event received.
I/flutter (20967): [SPM:perf] 698a51a  buildSpan: 1342µs
I/flutter (20967): [spm] Performance monitoring completed for 698a51a
I/flutter (20967): setState 698a51a
[spm]: ProfilerData event received.
I/flutter (20967): [SPM:perf] 698a51a  buildSpan: 1528µs
I/flutter (20967): [spm] Performance monitoring completed for 698a51a
I/flutter (20967): setState 698a51a
[spm]: ProfilerData event received.
I/flutter (20967): [SPM:perf] 698a51a  buildSpan: 1496µs
I/flutter (20967): [spm] Performance monitoring completed for 698a51a
I/flutter (20967): setState 698a51a
[spm]: ProfilerData event received.
I/flutter (20967): [SPM:perf] 698a51a  buildSpan: 1545µs
I/flutter (20967): [spm] Performance monitoring completed for 698a51a
I/flutter (20967): setState 698a51a
[spm]: ProfilerData event received.
I/flutter (20967): [SPM:perf] 698a51a  buildSpan: 1522µs
I/flutter (20967): [spm] Performance monitoring completed for 698a51a
I/flutter (20967): setState 698a51a
I/flutter (20967): [SPM:perf] 698a51a  buildSpan: 1297µs
I/flutter (20967): [spm] Performance monitoring completed for 698a51a
[spm]: ProfilerData event received.
I/flutter (20967): setState 698a51a
[spm]: ProfilerData event received.
I/flutter (20967): [SPM:perf] 698a51a  buildSpan: 1603µs
I/flutter (20967): [spm] Performance monitoring completed for 698a51a
I/flutter (20967): setState 698a51a
[spm]: ProfilerData event received.
I/flutter (20967): [SPM:perf] 698a51a  buildSpan: 1531µs
I/flutter (20967): [spm] Performance monitoring completed for 698a51a
I/flutter (20967): setState 698a51a
[spm]: ProfilerData event received.
I/flutter (20967): [SPM:perf] 698a51a  buildSpan: 1587µs
I/flutter (20967): [spm] Performance monitoring completed for 698a51a
I/flutter (20967): setState 698a51a
[spm]: ProfilerData event received.
I/flutter (20967): [SPM:perf] 698a51a  buildSpan: 1529µs
I/flutter (20967): [spm] Performance monitoring completed for 698a51a
I/flutter (20967): setState 698a51a
[spm]: ProfilerData event received.
I/flutter (20967): [SPM:perf] 698a51a  buildSpan: 1668µs
I/flutter (20967): [spm] Performance monitoring completed for 698a51a
I/flutter (20967): setState 698a51a
[spm]: ProfilerData event received.
I/flutter (20967): [SPM:perf] 698a51a  buildSpan: 1183µs
I/flutter (20967): [spm] Performance monitoring completed for 698a51a
I/flutter (20967): setState 698a51a
[spm]: ProfilerData event received.
I/flutter (20967): [SPM:perf] 698a51a  buildSpan: 1530µs
I/flutter (20967): [spm] Performance monitoring completed for 698a51a
I/flutter (20967): 01:10 +1: (tearDownAll)
I/flutter (20967): 01:11 +2: All tests passed!
All tests passed.
[spm]: Saved 30 profiler events to <ROOT>/dataset/39/redmi9t/raw/20260814-030801/base/e8.jsonl
[spm]: Reverting injection...
3 issues found. (ran in 0.8s)
WARNING: Your Android app project: app located at: <ROOT>/android/app/build.gradle.kts
applies the Kotlin Gradle Plugin, which will cause build failures in future versions of Flutter. 
Please migrate your app to Built-in Kotlin using this guide: https://docs.flutter.dev/release/breaking-changes/migrate-to-built-in-kotlin/for-app-developers

VMServiceFlutterDriver: Connecting to Flutter application at http://127.0.0.1:45497/DrJHTX7SbKY=/
[spm]: Detected VM service URI: ws://127.0.0.1:45497/DrJHTX7SbKY=/ws
VMServiceFlutterDriver: Isolate found with number: 1158165308200187
VMServiceFlutterDriver: Isolate 1158165308200187 is runnable.
VMServiceFlutterDriver: Isolate is paused at start.
VMServiceFlutterDriver: Attempting to resume isolate
VMServiceFlutterDriver: Connected to Flutter application.