# sample_id=33/base exec_index=10 ok=True perf_lines=30 vm_events=30 battery_pct=65 soc_temp_millic=42000 battery_temp_c=33.7 charging=False preflight_started=2026-08-11T20:16:46.701433+00:00 started=2026-08-11T20:16:49.407176+00:00 ts=2026-08-11T20:18:49.328323+00:00
[spm]: Running flutter analyze...
Analyzing lib...                                                

   info • The import of 'package:flutter/widgets.dart' is unnecessary because all of the used elements are also provided by the import of 'package:flutter/material.dart'. Try removing the import directive • lib/generated_widget.dart:3:8 • unnecessary_import
   info • The import of 'package:flutter/painting.dart' is unnecessary because all of the used elements are also provided by the import of 'package:flutter/material.dart'. Try removing the import directive • lib/generated_widget.dart:4:8 • unnecessary_import
   info • The import of 'package:flutter/rendering.dart' is unnecessary because all of the used elements are also provided by the import of 'package:flutter/material.dart'. Try removing the import directive • lib/generated_widget.dart:5:8 • unnecessary_import
   info • The import of 'dart:ui' is unnecessary because all of the used elements are also provided by the import of 'package:flutter/material.dart'. Try removing the import directive • lib/generated_widget.dart:6:8 • unnecessary_import
   info • 'withOpacity' is deprecated and shouldn't be used. Use .withValues() to avoid precision loss. Try replacing the use of the deprecated member with the replacement • lib/generated_widget.dart:28:27 • deprecated_member_use

[spm]: Injecting profiler code...
[spm]: Starting app...
Running Gradle task 'assembleProfile'...                        
Running Gradle task 'assembleProfile'...                           20.7s
✓ Built build/app/outputs/flutter-apk/app-profile.apk (61.8MB)
Installing build/app/outputs/flutter-apk/app-profile.apk...      2,273ms
E/MiuiMultiWindowUtils(12776): initFreeFormResolutionArgs failed, device is lime
D/IS_CTS_MODE(12776): true
D/MULTI_WINDOW_SWITCH_ENABLED(12776): false
D/IS_CTS_MODE(12776): true
D/MULTI_WINDOW_SWITCH_ENABLED(12776): false
D/IS_CTS_MODE(12776): true
D/MULTI_WINDOW_SWITCH_ENABLED(12776): false
D/DecorView[](12776): getWindowModeFromSystem  windowmode is 1
I/ForceDarkHelperStubImpl(12776): setViewRootImplForceDark: false for com.example.benchmark_container.MainActivity@6276a4e, reason: AppDarkModeEnable
I/ForceDarkHelperStubImpl(12776): setViewRootImplForceDark: false for com.example.benchmark_container.MainActivity@6276a4e, reason: AppDarkModeEnable
D/DecorView[](12776): getWindowModeFromSystem  windowmode is 1
D/DecorView[](12776): updateDecorCaptionStatus displayWindowDecor is false
W/Looper  (12776): PerfMonitor looperActivity : package=com.example.benchmark_container/.MainActivity time=511ms latency=428ms running=0ms  procState=-1  historyMsgCount=3 (msgIndex=3 wall=425ms seq=3 h=android.app.ActivityThread$H w=110)
W/Looper  (12776): PerfMonitor looperActivity : package=com.example.benchmark_container/.MainActivity time=0ms latency=941ms running=0ms  procState=-1  historyMsgCount=3 (msgIndex=2 wall=425ms seq=3 h=android.app.ActivityThread$H w=110) (msgIndex=3 wall=511ms seq=4 late=428ms h=android.app.ActivityThread$H w=159)
I/Choreographer(12776): Skipped 32 frames!  The application may be doing too much work on its main thread.
D/SurfaceView(12776): UPDATE null, mIsCastMode = false
D/hw-ProcessState(12776): Binder ioctl to enable oneway spam detection failed: Invalid argument
W/Looper  (12776): PerfMonitor longMsg : seq=8 plan=23:17:25.761 late=534ms wall=1917ms running=0ms h=android.view.Choreographer$FrameHandler c=android.view.Choreographer$FrameDisplayEventReceiver procState=-1
W/Looper  (12776): PerfMonitor doFrame : time=1917ms vsyncFrame=0 latency=534ms procState=-1 historyMsgCount=7 (msgIndex=3 wall=1917ms seq=8 late=534ms h=android.view.Choreographer$FrameHandler c=android.view.Choreographer$FrameDisplayEventReceiver) (msgIndex=4 wall=511ms seq=4 h=android.app.ActivityThread$H w=159)
I/Choreographer(12776): Skipped 106 frames!  The application may be doing too much work on its main thread.
D/SurfaceView(12776): UPDATE Surface(name=SurfaceView[com.example.benchmark_container/com.example.benchmark_container.MainActivity])/@0x3ee5544, mIsProjectionMode = false
W/Looper  (12776): PerfMonitor doFrame : time=3ms vsyncFrame=0 latency=1778ms procState=-1 historyMsgCount=5
[spm]: Connected to Dart VM service.
I/flutter (12776): 00:00 +0: Performance Benchmark
E/hmark_containe(12776): open libmigui.so failed! dlopen - dlopen failed: library "libmigui.so" not found
D/hmark_containe(12776): MiuiProcessManagerServiceStub setSchedFifo
I/MiuiProcessManagerImpl(12776): setSchedFifo pid:12776, mode:3
D/DecorView[](12776): onWindowFocusChanged hasWindowFocus true
D/DecorView[](12776): getWindowModeFromSystem  windowmode is 1
D/DecorView[](12776): updateDecorCaptionStatus displayWindowDecor is false
D/ProfileInstaller(12776): Installing profile for com.example.benchmark_container
I/flutter (12776): setState 698a51a
[spm]: ProfilerData event received.
I/flutter (12776): [SPM:perf] 698a51a  buildSpan: 600µs
I/flutter (12776): [spm] Performance monitoring completed for 698a51a
I/flutter (12776): setState 698a51a
[spm]: ProfilerData event received.
I/flutter (12776): [SPM:perf] 698a51a  buildSpan: 727µs
I/flutter (12776): [spm] Performance monitoring completed for 698a51a
I/flutter (12776): setState 698a51a
[spm]: ProfilerData event received.
I/flutter (12776): [SPM:perf] 698a51a  buildSpan: 817µs
I/flutter (12776): [spm] Performance monitoring completed for 698a51a
I/flutter (12776): setState 698a51a
I/flutter (12776): [SPM:perf] 698a51a  buildSpan: 745µs
[spm]: ProfilerData event received.
I/flutter (12776): [spm] Performance monitoring completed for 698a51a
I/flutter (12776): setState 698a51a
[spm]: ProfilerData event received.
I/flutter (12776): [SPM:perf] 698a51a  buildSpan: 740µs
I/flutter (12776): [spm] Performance monitoring completed for 698a51a
I/flutter (12776): setState 698a51a
[spm]: ProfilerData event received.
I/flutter (12776): [SPM:perf] 698a51a  buildSpan: 573µs
I/flutter (12776): [spm] Performance monitoring completed for 698a51a
I/flutter (12776): setState 698a51a
[spm]: ProfilerData event received.
I/flutter (12776): [SPM:perf] 698a51a  buildSpan: 741µs
I/flutter (12776): [spm] Performance monitoring completed for 698a51a
I/flutter (12776): setState 698a51a
I/flutter (12776): [SPM:perf] 698a51a  buildSpan: 742µs
[spm]: ProfilerData event received.
I/flutter (12776): [spm] Performance monitoring completed for 698a51a
I/flutter (12776): setState 698a51a
[spm]: ProfilerData event received.
I/flutter (12776): [SPM:perf] 698a51a  buildSpan: 691µs
I/flutter (12776): [spm] Performance monitoring completed for 698a51a
I/flutter (12776): setState 698a51a
[spm]: ProfilerData event received.
I/flutter (12776): [SPM:perf] 698a51a  buildSpan: 660µs
I/flutter (12776): [spm] Performance monitoring completed for 698a51a
I/flutter (12776): setState 698a51a
[spm]: ProfilerData event received.
I/flutter (12776): [SPM:perf] 698a51a  buildSpan: 730µs
I/flutter (12776): [spm] Performance monitoring completed for 698a51a
I/flutter (12776): setState 698a51a
[spm]: ProfilerData event received.
I/flutter (12776): [SPM:perf] 698a51a  buildSpan: 795µs
I/flutter (12776): [spm] Performance monitoring completed for 698a51a
I/flutter (12776): setState 698a51a
[spm]: ProfilerData event received.
I/flutter (12776): [SPM:perf] 698a51a  buildSpan: 687µs
I/flutter (12776): [spm] Performance monitoring completed for 698a51a
I/flutter (12776): setState 698a51a
[spm]: ProfilerData event received.
I/flutter (12776): [SPM:perf] 698a51a  buildSpan: 955µs
I/flutter (12776): [spm] Performance monitoring completed for 698a51a
I/flutter (12776): setState 698a51a
[spm]: ProfilerData event received.
I/flutter (12776): [SPM:perf] 698a51a  buildSpan: 689µs
I/flutter (12776): [spm] Performance monitoring completed for 698a51a
I/flutter (12776): setState 698a51a
[spm]: ProfilerData event received.
I/flutter (12776): [SPM:perf] 698a51a  buildSpan: 750µs
I/flutter (12776): [spm] Performance monitoring completed for 698a51a
I/flutter (12776): setState 698a51a
[spm]: ProfilerData event received.
I/flutter (12776): [SPM:perf] 698a51a  buildSpan: 626µs
I/flutter (12776): [spm] Performance monitoring completed for 698a51a
I/flutter (12776): setState 698a51a
[spm]: ProfilerData event received.
I/flutter (12776): [SPM:perf] 698a51a  buildSpan: 746µs
I/flutter (12776): [spm] Performance monitoring completed for 698a51a
I/flutter (12776): setState 698a51a
[spm]: ProfilerData event received.
I/flutter (12776): [SPM:perf] 698a51a  buildSpan: 768µs
I/flutter (12776): [spm] Performance monitoring completed for 698a51a
I/flutter (12776): setState 698a51a
[spm]: ProfilerData event received.
I/flutter (12776): [SPM:perf] 698a51a  buildSpan: 783µs
I/flutter (12776): [spm] Performance monitoring completed for 698a51a
I/flutter (12776): setState 698a51a
[spm]: ProfilerData event received.
I/flutter (12776): [SPM:perf] 698a51a  buildSpan: 947µs
I/flutter (12776): [spm] Performance monitoring completed for 698a51a
I/flutter (12776): setState 698a51a
[spm]: ProfilerData event received.
I/flutter (12776): [SPM:perf] 698a51a  buildSpan: 863µs
I/flutter (12776): [spm] Performance monitoring completed for 698a51a
I/flutter (12776): setState 698a51a
[spm]: ProfilerData event received.
I/flutter (12776): [SPM:perf] 698a51a  buildSpan: 570µs
I/flutter (12776): [spm] Performance monitoring completed for 698a51a
I/flutter (12776): setState 698a51a
[spm]: ProfilerData event received.
I/flutter (12776): [SPM:perf] 698a51a  buildSpan: 720µs
I/flutter (12776): [spm] Performance monitoring completed for 698a51a
I/flutter (12776): setState 698a51a
[spm]: ProfilerData event received.
I/flutter (12776): [SPM:perf] 698a51a  buildSpan: 754µs
I/flutter (12776): [spm] Performance monitoring completed for 698a51a
I/flutter (12776): setState 698a51a
[spm]: ProfilerData event received.
I/flutter (12776): [SPM:perf] 698a51a  buildSpan: 708µs
I/flutter (12776): [spm] Performance monitoring completed for 698a51a
I/flutter (12776): setState 698a51a
[spm]: ProfilerData event received.
I/flutter (12776): [SPM:perf] 698a51a  buildSpan: 766µs
I/flutter (12776): [spm] Performance monitoring completed for 698a51a
I/flutter (12776): setState 698a51a
[spm]: ProfilerData event received.
I/flutter (12776): [SPM:perf] 698a51a  buildSpan: 659µs
I/flutter (12776): [spm] Performance monitoring completed for 698a51a
I/flutter (12776): setState 698a51a
[spm]: ProfilerData event received.
I/flutter (12776): [SPM:perf] 698a51a  buildSpan: 782µs
I/flutter (12776): [spm] Performance monitoring completed for 698a51a
I/flutter (12776): setState 698a51a
[spm]: ProfilerData event received.
I/flutter (12776): [SPM:perf] 698a51a  buildSpan: 690µs
I/flutter (12776): [spm] Performance monitoring completed for 698a51a
I/flutter (12776): 01:10 +1: (tearDownAll)
I/flutter (12776): 01:11 +2: All tests passed!
All tests passed.
[spm]: Saved 30 profiler events to <ROOT>/dataset/33/redmi9t/raw/20260811-200443/base/e10.jsonl
[spm]: Reverting injection...
5 issues found. (ran in 0.5s)
WARNING: Your Android app project: app located at: <ROOT>/android/app/build.gradle.kts
applies the Kotlin Gradle Plugin, which will cause build failures in future versions of Flutter. 
Please migrate your app to Built-in Kotlin using this guide: https://docs.flutter.dev/release/breaking-changes/migrate-to-built-in-kotlin/for-app-developers

VMServiceFlutterDriver: Connecting to Flutter application at http://127.0.0.1:46819/wizEbf8FKUE=/
[spm]: Detected VM service URI: ws://127.0.0.1:46819/wizEbf8FKUE=/ws
VMServiceFlutterDriver: Isolate found with number: 1983378831608515
VMServiceFlutterDriver: Isolate 1983378831608515 is runnable.
VMServiceFlutterDriver: Isolate is paused at start.
VMServiceFlutterDriver: Attempting to resume isolate
VMServiceFlutterDriver: Connected to Flutter application.