# sample_id=33/base exec_index=2 ok=True perf_lines=30 vm_events=30 battery_pct=71 soc_temp_millic=42900 battery_temp_c=34.2 charging=False preflight_started=2026-08-11T19:02:10.206802+00:00 started=2026-08-11T19:02:12.832134+00:00 ts=2026-08-11T19:04:10.476840+00:00
[spm]: Running flutter analyze...
Analyzing lib...                                                

   info • The import of 'package:flutter/widgets.dart' is unnecessary because all of the used elements are also provided by the import of 'package:flutter/material.dart'. Try removing the import directive • lib/generated_widget.dart:3:8 • unnecessary_import
   info • The import of 'package:flutter/painting.dart' is unnecessary because all of the used elements are also provided by the import of 'package:flutter/material.dart'. Try removing the import directive • lib/generated_widget.dart:4:8 • unnecessary_import
   info • The import of 'package:flutter/rendering.dart' is unnecessary because all of the used elements are also provided by the import of 'package:flutter/material.dart'. Try removing the import directive • lib/generated_widget.dart:5:8 • unnecessary_import
   info • The import of 'dart:ui' is unnecessary because all of the used elements are also provided by the import of 'package:flutter/material.dart'. Try removing the import directive • lib/generated_widget.dart:6:8 • unnecessary_import
   info • 'withOpacity' is deprecated and shouldn't be used. Use .withValues() to avoid precision loss. Try replacing the use of the deprecated member with the replacement • lib/generated_widget.dart:28:27 • deprecated_member_use

[spm]: Injecting profiler code...
[spm]: Starting app...
Running Gradle task 'assembleProfile'...                        
Running Gradle task 'assembleProfile'...                           19.6s
✓ Built build/app/outputs/flutter-apk/app-profile.apk (61.8MB)
Installing build/app/outputs/flutter-apk/app-profile.apk...      2,604ms
D/DecorView[](19146): getWindowModeFromSystem  windowmode is 1
I/ForceDarkHelperStubImpl(19146): setViewRootImplForceDark: false for com.example.benchmark_container.MainActivity@6276a4e, reason: AppDarkModeEnable
I/ForceDarkHelperStubImpl(19146): setViewRootImplForceDark: false for com.example.benchmark_container.MainActivity@6276a4e, reason: AppDarkModeEnable
D/DecorView[](19146): getWindowModeFromSystem  windowmode is 1
D/DecorView[](19146): updateDecorCaptionStatus displayWindowDecor is false
W/Looper  (19146): PerfMonitor looperActivity : package=com.example.benchmark_container/.MainActivity time=446ms latency=416ms running=0ms  procState=-1  historyMsgCount=3 (msgIndex=3 wall=410ms seq=3 h=android.app.ActivityThread$H w=110)
W/Looper  (19146): PerfMonitor looperActivity : package=com.example.benchmark_container/.MainActivity time=0ms latency=863ms running=0ms  procState=-1  historyMsgCount=4 (msgIndex=3 wall=410ms seq=3 h=android.app.ActivityThread$H w=110) (msgIndex=4 wall=446ms seq=4 late=416ms h=android.app.ActivityThread$H w=159)
D/SurfaceView(19146): UPDATE null, mIsCastMode = false
D/hw-ProcessState(19146): Binder ioctl to enable oneway spam detection failed: Invalid argument
W/Looper  (19146): PerfMonitor longMsg : seq=8 plan=22:02:48.063 late=453ms wall=1652ms running=0ms h=android.view.Choreographer$FrameHandler c=android.view.Choreographer$FrameDisplayEventReceiver procState=-1
W/Looper  (19146): PerfMonitor doFrame : time=1652ms vsyncFrame=0 latency=453ms procState=-1 historyMsgCount=6 (msgIndex=2 wall=1652ms seq=8 late=453ms h=android.view.Choreographer$FrameHandler c=android.view.Choreographer$FrameDisplayEventReceiver) (msgIndex=3 wall=446ms seq=4 h=android.app.ActivityThread$H w=159)
I/Choreographer(19146): Skipped 94 frames!  The application may be doing too much work on its main thread.
D/SurfaceView(19146): UPDATE Surface(name=SurfaceView[com.example.benchmark_container/com.example.benchmark_container.MainActivity])/@0x3ee5544, mIsProjectionMode = false
W/Looper  (19146): PerfMonitor doFrame : time=3ms vsyncFrame=0 latency=1579ms procState=-1 historyMsgCount=4
[spm]: Connected to Dart VM service.
I/flutter (19146): 00:00 +0: Performance Benchmark
E/hmark_containe(19146): open libmigui.so failed! dlopen - dlopen failed: library "libmigui.so" not found
D/hmark_containe(19146): MiuiProcessManagerServiceStub setSchedFifo
I/MiuiProcessManagerImpl(19146): setSchedFifo pid:19146, mode:3
D/DecorView[](19146): onWindowFocusChanged hasWindowFocus true
D/DecorView[](19146): getWindowModeFromSystem  windowmode is 1
D/DecorView[](19146): updateDecorCaptionStatus displayWindowDecor is false
D/ProfileInstaller(19146): Installing profile for com.example.benchmark_container
I/flutter (19146): setState 698a51a
[spm]: ProfilerData event received.
I/flutter (19146): [SPM:perf] 698a51a  buildSpan: 755µs
I/flutter (19146): [spm] Performance monitoring completed for 698a51a
I/flutter (19146): setState 698a51a
[spm]: ProfilerData event received.
I/flutter (19146): [SPM:perf] 698a51a  buildSpan: 829µs
I/flutter (19146): [spm] Performance monitoring completed for 698a51a
I/flutter (19146): setState 698a51a
[spm]: ProfilerData event received.
I/flutter (19146): [SPM:perf] 698a51a  buildSpan: 886µs
I/flutter (19146): [spm] Performance monitoring completed for 698a51a
I/flutter (19146): setState 698a51a
[spm]: ProfilerData event received.
I/flutter (19146): [SPM:perf] 698a51a  buildSpan: 763µs
I/flutter (19146): [spm] Performance monitoring completed for 698a51a
I/flutter (19146): setState 698a51a
[spm]: ProfilerData event received.
I/flutter (19146): [SPM:perf] 698a51a  buildSpan: 840µs
I/flutter (19146): [spm] Performance monitoring completed for 698a51a
I/flutter (19146): setState 698a51a
[spm]: ProfilerData event received.
I/flutter (19146): [SPM:perf] 698a51a  buildSpan: 676µs
I/flutter (19146): [spm] Performance monitoring completed for 698a51a
I/flutter (19146): setState 698a51a
[spm]: ProfilerData event received.
I/flutter (19146): [SPM:perf] 698a51a  buildSpan: 884µs
I/flutter (19146): [spm] Performance monitoring completed for 698a51a
I/flutter (19146): setState 698a51a
[spm]: ProfilerData event received.
I/flutter (19146): [SPM:perf] 698a51a  buildSpan: 688µs
I/flutter (19146): [spm] Performance monitoring completed for 698a51a
I/flutter (19146): setState 698a51a
[spm]: ProfilerData event received.
I/flutter (19146): [SPM:perf] 698a51a  buildSpan: 739µs
I/flutter (19146): [spm] Performance monitoring completed for 698a51a
I/flutter (19146): setState 698a51a
[spm]: ProfilerData event received.
I/flutter (19146): [SPM:perf] 698a51a  buildSpan: 718µs
I/flutter (19146): [spm] Performance monitoring completed for 698a51a
I/flutter (19146): setState 698a51a
[spm]: ProfilerData event received.
I/flutter (19146): [SPM:perf] 698a51a  buildSpan: 834µs
I/flutter (19146): [spm] Performance monitoring completed for 698a51a
I/flutter (19146): setState 698a51a
[spm]: ProfilerData event received.
I/flutter (19146): [SPM:perf] 698a51a  buildSpan: 757µs
I/flutter (19146): [spm] Performance monitoring completed for 698a51a
I/flutter (19146): setState 698a51a
[spm]: ProfilerData event received.
I/flutter (19146): [SPM:perf] 698a51a  buildSpan: 535µs
I/flutter (19146): [spm] Performance monitoring completed for 698a51a
I/flutter (19146): setState 698a51a
[spm]: ProfilerData event received.
I/flutter (19146): [SPM:perf] 698a51a  buildSpan: 602µs
I/flutter (19146): [spm] Performance monitoring completed for 698a51a
I/flutter (19146): setState 698a51a
I/flutter (19146): [SPM:perf] 698a51a  buildSpan: 466µs
[spm]: ProfilerData event received.
I/flutter (19146): [spm] Performance monitoring completed for 698a51a
I/flutter (19146): setState 698a51a
I/flutter (19146): [SPM:perf] 698a51a  buildSpan: 735µs
I/flutter (19146): [spm] Performance monitoring completed for 698a51a
I/flutter (19146): setState 698a51a
[spm]: ProfilerData event received.
[spm]: ProfilerData event received.
I/flutter (19146): [SPM:perf] 698a51a  buildSpan: 474µs
I/flutter (19146): [spm] Performance monitoring completed for 698a51a
I/flutter (19146): setState 698a51a
[spm]: ProfilerData event received.
I/flutter (19146): [SPM:perf] 698a51a  buildSpan: 679µs
I/flutter (19146): [spm] Performance monitoring completed for 698a51a
I/flutter (19146): setState 698a51a
[spm]: ProfilerData event received.
I/flutter (19146): [SPM:perf] 698a51a  buildSpan: 504µs
I/flutter (19146): [spm] Performance monitoring completed for 698a51a
I/flutter (19146): setState 698a51a
[spm]: ProfilerData event received.
I/flutter (19146): [SPM:perf] 698a51a  buildSpan: 775µs
I/flutter (19146): [spm] Performance monitoring completed for 698a51a
I/flutter (19146): setState 698a51a
[spm]: ProfilerData event received.
I/flutter (19146): [SPM:perf] 698a51a  buildSpan: 743µs
I/flutter (19146): [spm] Performance monitoring completed for 698a51a
I/flutter (19146): setState 698a51a
[spm]: ProfilerData event received.
I/flutter (19146): [SPM:perf] 698a51a  buildSpan: 792µs
I/flutter (19146): [spm] Performance monitoring completed for 698a51a
I/flutter (19146): setState 698a51a
[spm]: ProfilerData event received.
I/flutter (19146): [SPM:perf] 698a51a  buildSpan: 749µs
I/flutter (19146): [spm] Performance monitoring completed for 698a51a
I/flutter (19146): setState 698a51a
[spm]: ProfilerData event received.
I/flutter (19146): [SPM:perf] 698a51a  buildSpan: 698µs
I/flutter (19146): [spm] Performance monitoring completed for 698a51a
I/flutter (19146): setState 698a51a
[spm]: ProfilerData event received.
I/flutter (19146): [SPM:perf] 698a51a  buildSpan: 539µs
I/flutter (19146): [spm] Performance monitoring completed for 698a51a
I/flutter (19146): setState 698a51a
[spm]: ProfilerData event received.
I/flutter (19146): [SPM:perf] 698a51a  buildSpan: 760µs
I/flutter (19146): [spm] Performance monitoring completed for 698a51a
I/flutter (19146): setState 698a51a
[spm]: ProfilerData event received.
I/flutter (19146): [SPM:perf] 698a51a  buildSpan: 562µs
I/flutter (19146): [spm] Performance monitoring completed for 698a51a
I/flutter (19146): setState 698a51a
[spm]: ProfilerData event received.
I/flutter (19146): [SPM:perf] 698a51a  buildSpan: 489µs
I/flutter (19146): [spm] Performance monitoring completed for 698a51a
I/flutter (19146): setState 698a51a
I/flutter (19146): [SPM:perf] 698a51a  buildSpan: 744µs
[spm]: ProfilerData event received.
I/flutter (19146): [spm] Performance monitoring completed for 698a51a
I/flutter (19146): setState 698a51a
[spm]: ProfilerData event received.
I/flutter (19146): [SPM:perf] 698a51a  buildSpan: 651µs
I/flutter (19146): [spm] Performance monitoring completed for 698a51a
I/flutter (19146): 01:10 +1: (tearDownAll)
I/flutter (19146): 01:11 +2: All tests passed!
All tests passed.
[spm]: Saved 30 profiler events to <ROOT>/dataset/33/redmi9t/raw/20260811-200443/base/e2.jsonl
[spm]: Reverting injection...
5 issues found. (ran in 0.5s)
WARNING: Your Android app project: app located at: <ROOT>/android/app/build.gradle.kts
applies the Kotlin Gradle Plugin, which will cause build failures in future versions of Flutter. 
Please migrate your app to Built-in Kotlin using this guide: https://docs.flutter.dev/release/breaking-changes/migrate-to-built-in-kotlin/for-app-developers

VMServiceFlutterDriver: Connecting to Flutter application at http://127.0.0.1:35735/6E9fSruQovE=/
[spm]: Detected VM service URI: ws://127.0.0.1:35735/6E9fSruQovE=/ws
VMServiceFlutterDriver: Isolate found with number: 8610332423362575
VMServiceFlutterDriver: Isolate 8610332423362575 is runnable.
VMServiceFlutterDriver: Isolate is paused at start.
VMServiceFlutterDriver: Attempting to resume isolate
VMServiceFlutterDriver: Connected to Flutter application.