# sample_id=33/base exec_index=3 ok=True perf_lines=30 vm_events=30 battery_pct=53 soc_temp_millic=41700 battery_temp_c=32.8 charging=False preflight_started=2026-08-11T22:09:07.950155+00:00 started=2026-08-11T22:09:10.619630+00:00 ts=2026-08-11T22:11:15.411695+00:00
[spm]: Running flutter analyze...
Analyzing lib...                                                

   info • The import of 'package:flutter/widgets.dart' is unnecessary because all of the used elements are also provided by the import of 'package:flutter/material.dart'. Try removing the import directive • lib/generated_widget.dart:3:8 • unnecessary_import
   info • The import of 'package:flutter/painting.dart' is unnecessary because all of the used elements are also provided by the import of 'package:flutter/material.dart'. Try removing the import directive • lib/generated_widget.dart:4:8 • unnecessary_import
   info • The import of 'package:flutter/rendering.dart' is unnecessary because all of the used elements are also provided by the import of 'package:flutter/material.dart'. Try removing the import directive • lib/generated_widget.dart:5:8 • unnecessary_import
   info • The import of 'dart:ui' is unnecessary because all of the used elements are also provided by the import of 'package:flutter/material.dart'. Try removing the import directive • lib/generated_widget.dart:6:8 • unnecessary_import
   info • 'withOpacity' is deprecated and shouldn't be used. Use .withValues() to avoid precision loss. Try replacing the use of the deprecated member with the replacement • lib/generated_widget.dart:28:27 • deprecated_member_use

[spm]: Injecting profiler code...
[spm]: Starting app...
Running Gradle task 'assembleProfile'...                        
Running Gradle task 'assembleProfile'...                           22.6s
✓ Built build/app/outputs/flutter-apk/app-profile.apk (61.8MB)
Installing build/app/outputs/flutter-apk/app-profile.apk...      2,060ms
I/ForceDarkHelperStubImpl(16572): setViewRootImplForceDark: false for com.example.benchmark_container.MainActivity@6276a4e, reason: AppDarkModeEnable
I/ForceDarkHelperStubImpl(16572): setViewRootImplForceDark: false for com.example.benchmark_container.MainActivity@6276a4e, reason: AppDarkModeEnable
D/DecorView[](16572): getWindowModeFromSystem  windowmode is 1
D/DecorView[](16572): updateDecorCaptionStatus displayWindowDecor is false
W/Looper  (16572): PerfMonitor looperActivity : package=com.example.benchmark_container/.MainActivity time=566ms latency=375ms running=0ms  procState=-1  historyMsgCount=3 (msgIndex=1 wall=566ms seq=4 late=375ms h=android.app.ActivityThread$H w=159) (msgIndex=2 wall=566ms seq=4 late=375ms h=android.app.ActivityThread$H w=159) (msgIndex=3 wall=408ms seq=3 h=android.app.ActivityThread$H w=110)
W/Looper  (16572): PerfMonitor looperActivity : package=com.example.benchmark_container/.MainActivity time=0ms latency=945ms running=0ms  procState=-1  historyMsgCount=4 (msgIndex=1 wall=566ms seq=4 h=android.app.ActivityThread$H w=159) (msgIndex=2 wall=566ms seq=4 h=android.app.ActivityThread$H w=159) (msgIndex=3 wall=408ms seq=3 h=android.app.ActivityThread$H w=110) (msgIndex=4 wall=566ms seq=4 h=android.app.ActivityThread$H w=159)
I/Choreographer(16572): Skipped 34 frames!  The application may be doing too much work on its main thread.
D/SurfaceView(16572): UPDATE null, mIsCastMode = false
D/hw-ProcessState(16572): Binder ioctl to enable oneway spam detection failed: Invalid argument
W/Looper  (16572): PerfMonitor longMsg : seq=8 plan=01:09:51.025 late=573ms wall=1943ms running=0ms h=android.view.Choreographer$FrameHandler c=android.view.Choreographer$FrameDisplayEventReceiver procState=-1
W/Looper  (16572): PerfMonitor doFrame : time=1943ms vsyncFrame=0 latency=573ms procState=-1 historyMsgCount=4 (msgIndex=1 wall=1943ms seq=8 late=573ms h=android.view.Choreographer$FrameHandler c=android.view.Choreographer$FrameDisplayEventReceiver)
I/Choreographer(16572): Skipped 108 frames!  The application may be doing too much work on its main thread.
D/SurfaceView(16572): UPDATE Surface(name=SurfaceView[com.example.benchmark_container/com.example.benchmark_container.MainActivity])/@0x3ee5544, mIsProjectionMode = false
W/Looper  (16572): PerfMonitor doFrame : time=3ms vsyncFrame=0 latency=1808ms procState=-1 historyMsgCount=5
[spm]: Connected to Dart VM service.
I/flutter (16572): 00:00 +0: Performance Benchmark
E/hmark_containe(16572): open libmigui.so failed! dlopen - dlopen failed: library "libmigui.so" not found
D/hmark_containe(16572): MiuiProcessManagerServiceStub setSchedFifo
I/MiuiProcessManagerImpl(16572): setSchedFifo pid:16572, mode:3
D/DecorView[](16572): onWindowFocusChanged hasWindowFocus true
D/DecorView[](16572): getWindowModeFromSystem  windowmode is 1
D/DecorView[](16572): updateDecorCaptionStatus displayWindowDecor is false
D/ProfileInstaller(16572): Installing profile for com.example.benchmark_container
I/flutter (16572): setState 698a51a
[spm]: ProfilerData event received.
I/flutter (16572): [SPM:perf] 698a51a  buildSpan: 799µs
I/flutter (16572): [spm] Performance monitoring completed for 698a51a
I/flutter (16572): setState 698a51a
[spm]: ProfilerData event received.
I/flutter (16572): [SPM:perf] 698a51a  buildSpan: 496µs
I/flutter (16572): [spm] Performance monitoring completed for 698a51a
I/flutter (16572): setState 698a51a
[spm]: ProfilerData event received.
I/flutter (16572): [SPM:perf] 698a51a  buildSpan: 708µs
I/flutter (16572): [spm] Performance monitoring completed for 698a51a
I/flutter (16572): setState 698a51a
[spm]: ProfilerData event received.
I/flutter (16572): [SPM:perf] 698a51a  buildSpan: 438µs
I/flutter (16572): [spm] Performance monitoring completed for 698a51a
I/flutter (16572): setState 698a51a
[spm]: ProfilerData event received.
I/flutter (16572): [SPM:perf] 698a51a  buildSpan: 623µs
I/flutter (16572): [spm] Performance monitoring completed for 698a51a
I/flutter (16572): setState 698a51a
[spm]: ProfilerData event received.
I/flutter (16572): [SPM:perf] 698a51a  buildSpan: 490µs
I/flutter (16572): [spm] Performance monitoring completed for 698a51a
I/flutter (16572): setState 698a51a
[spm]: ProfilerData event received.
I/flutter (16572): [SPM:perf] 698a51a  buildSpan: 784µs
I/flutter (16572): [spm] Performance monitoring completed for 698a51a
I/flutter (16572): setState 698a51a
[spm]: ProfilerData event received.
I/flutter (16572): [SPM:perf] 698a51a  buildSpan: 573µs
I/flutter (16572): [spm] Performance monitoring completed for 698a51a
I/flutter (16572): setState 698a51a
[spm]: ProfilerData event received.
I/flutter (16572): [SPM:perf] 698a51a  buildSpan: 842µs
I/flutter (16572): [spm] Performance monitoring completed for 698a51a
I/flutter (16572): setState 698a51a
[spm]: ProfilerData event received.
I/flutter (16572): [SPM:perf] 698a51a  buildSpan: 731µs
I/flutter (16572): [spm] Performance monitoring completed for 698a51a
I/flutter (16572): setState 698a51a
[spm]: ProfilerData event received.
I/flutter (16572): [SPM:perf] 698a51a  buildSpan: 767µs
I/flutter (16572): [spm] Performance monitoring completed for 698a51a
I/flutter (16572): setState 698a51a
[spm]: ProfilerData event received.
I/flutter (16572): [SPM:perf] 698a51a  buildSpan: 619µs
I/flutter (16572): [spm] Performance monitoring completed for 698a51a
I/flutter (16572): setState 698a51a
[spm]: ProfilerData event received.
I/flutter (16572): [SPM:perf] 698a51a  buildSpan: 530µs
I/flutter (16572): [spm] Performance monitoring completed for 698a51a
I/flutter (16572): setState 698a51a
[spm]: ProfilerData event received.
I/flutter (16572): [SPM:perf] 698a51a  buildSpan: 609µs
I/flutter (16572): [spm] Performance monitoring completed for 698a51a
I/flutter (16572): setState 698a51a
[spm]: ProfilerData event received.
I/flutter (16572): [SPM:perf] 698a51a  buildSpan: 681µs
I/flutter (16572): [spm] Performance monitoring completed for 698a51a
I/flutter (16572): setState 698a51a
[spm]: ProfilerData event received.
I/flutter (16572): [SPM:perf] 698a51a  buildSpan: 626µs
I/flutter (16572): [spm] Performance monitoring completed for 698a51a
I/flutter (16572): setState 698a51a
[spm]: ProfilerData event received.
I/flutter (16572): [SPM:perf] 698a51a  buildSpan: 711µs
I/flutter (16572): [spm] Performance monitoring completed for 698a51a
I/flutter (16572): setState 698a51a
[spm]: ProfilerData event received.
I/flutter (16572): [SPM:perf] 698a51a  buildSpan: 789µs
I/flutter (16572): [spm] Performance monitoring completed for 698a51a
I/flutter (16572): setState 698a51a
[spm]: ProfilerData event received.
I/flutter (16572): [SPM:perf] 698a51a  buildSpan: 621µs
I/flutter (16572): [spm] Performance monitoring completed for 698a51a
I/flutter (16572): setState 698a51a
[spm]: ProfilerData event received.
I/flutter (16572): [SPM:perf] 698a51a  buildSpan: 736µs
I/flutter (16572): [spm] Performance monitoring completed for 698a51a
I/flutter (16572): setState 698a51a
[spm]: ProfilerData event received.
I/flutter (16572): [SPM:perf] 698a51a  buildSpan: 762µs
I/flutter (16572): [spm] Performance monitoring completed for 698a51a
I/flutter (16572): setState 698a51a
[spm]: ProfilerData event received.
I/flutter (16572): [SPM:perf] 698a51a  buildSpan: 767µs
I/flutter (16572): [spm] Performance monitoring completed for 698a51a
I/flutter (16572): setState 698a51a
[spm]: ProfilerData event received.
I/flutter (16572): [SPM:perf] 698a51a  buildSpan: 883µs
I/flutter (16572): [spm] Performance monitoring completed for 698a51a
I/flutter (16572): setState 698a51a
[spm]: ProfilerData event received.
I/flutter (16572): [SPM:perf] 698a51a  buildSpan: 604µs
I/flutter (16572): [spm] Performance monitoring completed for 698a51a
I/flutter (16572): setState 698a51a
[spm]: ProfilerData event received.
I/flutter (16572): [SPM:perf] 698a51a  buildSpan: 651µs
I/flutter (16572): [spm] Performance monitoring completed for 698a51a
I/flutter (16572): setState 698a51a
[spm]: ProfilerData event received.
I/flutter (16572): [SPM:perf] 698a51a  buildSpan: 748µs
I/flutter (16572): [spm] Performance monitoring completed for 698a51a
I/flutter (16572): setState 698a51a
[spm]: ProfilerData event received.
I/flutter (16572): [SPM:perf] 698a51a  buildSpan: 770µs
I/flutter (16572): [spm] Performance monitoring completed for 698a51a
I/flutter (16572): setState 698a51a
[spm]: ProfilerData event received.
I/flutter (16572): [SPM:perf] 698a51a  buildSpan: 793µs
I/flutter (16572): [spm] Performance monitoring completed for 698a51a
I/flutter (16572): setState 698a51a
[spm]: ProfilerData event received.
I/flutter (16572): [SPM:perf] 698a51a  buildSpan: 776µs
I/flutter (16572): [spm] Performance monitoring completed for 698a51a
I/flutter (16572): setState 698a51a
[spm]: ProfilerData event received.
I/flutter (16572): [SPM:perf] 698a51a  buildSpan: 707µs
I/flutter (16572): [spm] Performance monitoring completed for 698a51a
I/flutter (16572): 01:10 +1: (tearDownAll)
I/flutter (16572): 01:11 +2: All tests passed!
All tests passed.
[spm]: Saved 30 profiler events to <ROOT>/dataset/33/redmi9t/raw/20260811-200443/base/e3.jsonl
[spm]: Reverting injection...
5 issues found. (ran in 0.6s)
WARNING: Your Android app project: app located at: <ROOT>/android/app/build.gradle.kts
applies the Kotlin Gradle Plugin, which will cause build failures in future versions of Flutter. 
Please migrate your app to Built-in Kotlin using this guide: https://docs.flutter.dev/release/breaking-changes/migrate-to-built-in-kotlin/for-app-developers

VMServiceFlutterDriver: Connecting to Flutter application at http://127.0.0.1:42777/kWWZ7iffjYU=/
[spm]: Detected VM service URI: ws://127.0.0.1:42777/kWWZ7iffjYU=/ws
VMServiceFlutterDriver: Isolate found with number: 4955279939415495
VMServiceFlutterDriver: Isolate 4955279939415495 is runnable.
VMServiceFlutterDriver: Isolate is paused at start.
VMServiceFlutterDriver: Attempting to resume isolate
VMServiceFlutterDriver: Connected to Flutter application.