# sample_id=2382/rev_019_24445e6f exec_index=0 ok=True perf_lines=30 vm_events=30 battery_pct=76 soc_temp_millic=37000 battery_temp_c=30.6 charging=False preflight_started=2026-09-13T04:49:24.632740+00:00 started=2026-09-13T04:49:27.446094+00:00 ts=2026-09-13T04:51:25.942519+00:00
[spm]: Running flutter analyze...
Resolving dependencies...
Downloading packages...
  _fe_analyzer_shared 100.0.0 (108.0.0 available)
  analyzer 13.0.0 (14.4.0 available)
  async 2.13.0 (2.13.1 available)
  clock 1.1.2 (1.1.3 available)
  cupertino_icons 1.0.8 (1.0.9 available)
  glob 2.1.3 (2.2.0 available)
  lints 6.0.0 (6.1.0 available)
  matcher 0.12.19 (0.12.20 available)
  material_color_utilities 0.13.0 (0.13.1 available)
  meta 1.18.0 (1.19.0 available)
  package_config 2.2.0 (3.0.0 available)
  platform 3.1.6 (3.2.0 available)
  process 5.0.5 (5.0.6 available)
  pub_semver 2.2.0 (2.2.1 available)
  source_span 1.10.1 (1.10.2 available)
  stack_trace 1.12.1 (1.12.2 available)
  test_api 0.7.11 (0.7.14 available)
  vector_math 2.2.0 (2.4.2 available)
  vm_service 15.0.2 (15.3.0 available)
  webdriver 3.1.0 (3.2.0 available)
  yaml 3.1.3 (3.1.4 available)
Got dependencies!
21 packages have newer versions incompatible with dependency constraints.
Try `flutter pub outdated` for more information.
Analyzing lib...                                                

   info • The part-of directive uses a library name. Try converting the directive to use the URI of the library • lib/dependencies.dart:46:1 • use_string_in_part_of_directives
   info • Library names are not necessary. Remove the library name • lib/generated_widget.dart:2:9 • unnecessary_library_name
   info • Constructors in '@immutable' classes should be declared as 'const'. Try adding 'const' to the constructor declaration • lib/generated_widget.dart:12:3 • prefer_const_constructors_in_immutables

[spm]: Injecting profiler code...
[spm]: Starting app...
Running Gradle task 'assembleProfile'...                        
Running Gradle task 'assembleProfile'...                           18.9s
✓ Built build/app/outputs/flutter-apk/app-profile.apk (26.8MB)
Installing build/app/outputs/flutter-apk/app-profile.apk...      1,170ms
D/IS_CTS_MODE( 9149): true
D/MULTI_WINDOW_SWITCH_ENABLED( 9149): false
D/IS_CTS_MODE( 9149): true
D/MULTI_WINDOW_SWITCH_ENABLED( 9149): false
D/DecorView[]( 9149): getWindowModeFromSystem  windowmode is 1
D/DecorView[]( 9149): getWindowModeFromSystem  windowmode is 1
D/DecorView[]( 9149): updateDecorCaptionStatus displayWindowDecor is false
W/Looper  ( 9149): PerfMonitor looperActivity : package=com.example.benchmark_container/.MainActivity time=347ms latency=341ms running=0ms  procState=-1  historyMsgCount=3 (msgIndex=1 wall=347ms seq=4 late=341ms h=android.app.ActivityThread$H w=159) (msgIndex=2 wall=347ms seq=4 late=341ms h=android.app.ActivityThread$H w=159) (msgIndex=3 wall=345ms seq=3 h=android.app.ActivityThread$H w=110)
W/Looper  ( 9149): PerfMonitor looperActivity : package=com.example.benchmark_container/.MainActivity time=1ms latency=690ms running=0ms  procState=-1  historyMsgCount=4 (msgIndex=1 wall=347ms seq=4 late=341ms h=android.app.ActivityThread$H w=159) (msgIndex=2 wall=347ms seq=4 late=341ms h=android.app.ActivityThread$H w=159) (msgIndex=3 wall=345ms seq=3 h=android.app.ActivityThread$H w=110) (msgIndex=4 wall=347ms seq=4 late=341ms h=android.app.ActivityThread$H w=159)
D/SurfaceView( 9149): UPDATE null, mIsCastMode = false
D/hw-ProcessState( 9149): Binder ioctl to enable oneway spam detection failed: Invalid argument
W/Looper  ( 9149): PerfMonitor longMsg : seq=8 plan=07:50:02.819 late=357ms wall=1669ms running=0ms h=android.view.Choreographer$FrameHandler c=android.view.Choreographer$FrameDisplayEventReceiver procState=-1
W/Looper  ( 9149): PerfMonitor doFrame : time=1669ms vsyncFrame=0 latency=357ms procState=-1 historyMsgCount=7 (msgIndex=1 wall=347ms seq=4 h=android.app.ActivityThread$H w=159) (msgIndex=2 wall=347ms seq=4 h=android.app.ActivityThread$H w=159) (msgIndex=3 wall=1669ms seq=8 late=357ms h=android.view.Choreographer$FrameHandler c=android.view.Choreographer$FrameDisplayEventReceiver) (msgIndex=4 wall=347ms seq=4 h=android.app.ActivityThread$H w=159)
I/Choreographer( 9149): Skipped 94 frames!  The application may be doing too much work on its main thread.
D/SurfaceView( 9149): UPDATE Surface(name=SurfaceView[com.example.benchmark_container/com.example.benchmark_container.MainActivity])/@0x739554a, mIsProjectionMode = false
W/Looper  ( 9149): PerfMonitor doFrame : time=3ms vsyncFrame=0 latency=1581ms procState=-1 historyMsgCount=4
[spm]: Connected to Dart VM service.
I/flutter ( 9149): 00:00 +0: Performance Benchmark
E/hmark_containe( 9149): open libmigui.so failed! dlopen - dlopen failed: library "libmigui.so" not found
D/hmark_containe( 9149): MiuiProcessManagerServiceStub setSchedFifo
I/MiuiProcessManagerImpl( 9149): setSchedFifo pid:9149, mode:3
D/DecorView[]( 9149): onWindowFocusChanged hasWindowFocus true
D/DecorView[]( 9149): getWindowModeFromSystem  windowmode is 1
D/DecorView[]( 9149): updateDecorCaptionStatus displayWindowDecor is false
D/ProfileInstaller( 9149): Installing profile for com.example.benchmark_container
[spm]: ProfilerData event received.
I/flutter ( 9149): [SPM:perf] 698a51a  buildSpan: 4228µs
I/flutter ( 9149): [spm] Performance monitoring completed for 698a51a
[spm]: ProfilerData event received.
I/flutter ( 9149): [SPM:perf] 698a51a  buildSpan: 3304µs
I/flutter ( 9149): [spm] Performance monitoring completed for 698a51a
[spm]: ProfilerData event received.
I/flutter ( 9149): [SPM:perf] 698a51a  buildSpan: 2705µs
I/flutter ( 9149): [spm] Performance monitoring completed for 698a51a
[spm]: ProfilerData event received.
I/flutter ( 9149): [SPM:perf] 698a51a  buildSpan: 8047µs
I/flutter ( 9149): [spm] Performance monitoring completed for 698a51a
[spm]: ProfilerData event received.
I/flutter ( 9149): [SPM:perf] 698a51a  buildSpan: 2294µs
I/flutter ( 9149): [spm] Performance monitoring completed for 698a51a
[spm]: ProfilerData event received.
I/flutter ( 9149): [SPM:perf] 698a51a  buildSpan: 3122µs
I/flutter ( 9149): [spm] Performance monitoring completed for 698a51a
[spm]: ProfilerData event received.
I/flutter ( 9149): [SPM:perf] 698a51a  buildSpan: 3551µs
I/flutter ( 9149): [spm] Performance monitoring completed for 698a51a
[spm]: ProfilerData event received.
I/flutter ( 9149): [SPM:perf] 698a51a  buildSpan: 3634µs
I/flutter ( 9149): [spm] Performance monitoring completed for 698a51a
[spm]: ProfilerData event received.
I/flutter ( 9149): [SPM:perf] 698a51a  buildSpan: 2784µs
I/flutter ( 9149): [spm] Performance monitoring completed for 698a51a
[spm]: ProfilerData event received.
I/flutter ( 9149): [SPM:perf] 698a51a  buildSpan: 3170µs
I/flutter ( 9149): [spm] Performance monitoring completed for 698a51a
[spm]: ProfilerData event received.
I/flutter ( 9149): [SPM:perf] 698a51a  buildSpan: 3647µs
I/flutter ( 9149): [spm] Performance monitoring completed for 698a51a
[spm]: ProfilerData event received.
I/flutter ( 9149): [SPM:perf] 698a51a  buildSpan: 3342µs
I/flutter ( 9149): [spm] Performance monitoring completed for 698a51a
[spm]: ProfilerData event received.
I/flutter ( 9149): [SPM:perf] 698a51a  buildSpan: 3091µs
I/flutter ( 9149): [spm] Performance monitoring completed for 698a51a
[spm]: ProfilerData event received.
I/flutter ( 9149): [SPM:perf] 698a51a  buildSpan: 2978µs
I/flutter ( 9149): [spm] Performance monitoring completed for 698a51a
[spm]: ProfilerData event received.
I/flutter ( 9149): [SPM:perf] 698a51a  buildSpan: 2754µs
I/flutter ( 9149): [spm] Performance monitoring completed for 698a51a
[spm]: ProfilerData event received.
I/flutter ( 9149): [SPM:perf] 698a51a  buildSpan: 2118µs
I/flutter ( 9149): [spm] Performance monitoring completed for 698a51a
[spm]: ProfilerData event received.
I/flutter ( 9149): [SPM:perf] 698a51a  buildSpan: 2558µs
I/flutter ( 9149): [spm] Performance monitoring completed for 698a51a
[spm]: ProfilerData event received.
I/flutter ( 9149): [SPM:perf] 698a51a  buildSpan: 2032µs
I/flutter ( 9149): [spm] Performance monitoring completed for 698a51a
[spm]: ProfilerData event received.
I/flutter ( 9149): [SPM:perf] 698a51a  buildSpan: 2724µs
I/flutter ( 9149): [spm] Performance monitoring completed for 698a51a
[spm]: ProfilerData event received.
I/flutter ( 9149): [SPM:perf] 698a51a  buildSpan: 3541µs
I/flutter ( 9149): [spm] Performance monitoring completed for 698a51a
[spm]: ProfilerData event received.
I/flutter ( 9149): [SPM:perf] 698a51a  buildSpan: 3585µs
I/flutter ( 9149): [spm] Performance monitoring completed for 698a51a
[spm]: ProfilerData event received.
I/flutter ( 9149): [SPM:perf] 698a51a  buildSpan: 3163µs
I/flutter ( 9149): [spm] Performance monitoring completed for 698a51a
I/flutter ( 9149): [SPM:perf] 698a51a  buildSpan: 4811µs
[spm]: ProfilerData event received.
I/flutter ( 9149): [spm] Performance monitoring completed for 698a51a
[spm]: ProfilerData event received.
I/flutter ( 9149): [SPM:perf] 698a51a  buildSpan: 2356µs
I/flutter ( 9149): [spm] Performance monitoring completed for 698a51a
I/flutter ( 9149): [SPM:perf] 698a51a  buildSpan: 2639µs
I/flutter ( 9149): [spm] Performance monitoring completed for 698a51a
[spm]: ProfilerData event received.
[spm]: ProfilerData event received.
I/flutter ( 9149): [SPM:perf] 698a51a  buildSpan: 3142µs
I/flutter ( 9149): [spm] Performance monitoring completed for 698a51a
[spm]: ProfilerData event received.
I/flutter ( 9149): [SPM:perf] 698a51a  buildSpan: 3467µs
I/flutter ( 9149): [spm] Performance monitoring completed for 698a51a
[spm]: ProfilerData event received.
I/flutter ( 9149): [SPM:perf] 698a51a  buildSpan: 3228µs
I/flutter ( 9149): [spm] Performance monitoring completed for 698a51a
[spm]: ProfilerData event received.
I/flutter ( 9149): [SPM:perf] 698a51a  buildSpan: 2562µs
I/flutter ( 9149): [spm] Performance monitoring completed for 698a51a
[spm]: ProfilerData event received.
I/flutter ( 9149): [SPM:perf] 698a51a  buildSpan: 2636µs
I/flutter ( 9149): [spm] Performance monitoring completed for 698a51a
I/flutter ( 9149): 01:10 +1: (tearDownAll)
I/flutter ( 9149): 01:11 +2: All tests passed!
All tests passed.
[spm]: Saved 30 profiler events to <ROOT>/dataset-new_samples/2382/redmi9t/raw/20260913-000259/rev_019_24445e6f/e0.jsonl
[spm]: Reverting injection...
3 issues found. (ran in 0.5s)
WARNING: Your Android app project: app located at: <ROOT>/android/app/build.gradle.kts
applies the Kotlin Gradle Plugin, which will cause build failures in future versions of Flutter. 
Please migrate your app to Built-in Kotlin using this guide: https://docs.flutter.dev/release/breaking-changes/migrate-to-built-in-kotlin/for-app-developers

VMServiceFlutterDriver: Connecting to Flutter application at http://127.0.0.1:40363/UW1uDjl9mn8=/
[spm]: Detected VM service URI: ws://127.0.0.1:40363/UW1uDjl9mn8=/ws
VMServiceFlutterDriver: Isolate found with number: 3780753066766015
VMServiceFlutterDriver: Isolate 3780753066766015 is runnable.
VMServiceFlutterDriver: Isolate is paused at start.
VMServiceFlutterDriver: Attempting to resume isolate
VMServiceFlutterDriver: Connected to Flutter application.
VMServiceFlutterDriver: request_data message is taking a long time to complete...