# sample_id=0455/rev_001_48efa32a exec_index=1 ok=True perf_lines=30 vm_events=30 battery_pct=50 soc_temp_millic=43200 battery_temp_c=32.2 charging=False preflight_started=2026-09-10T15:09:17.558193+00:00 started=2026-09-10T15:09:20.196887+00:00 ts=2026-09-10T15:11:22.806850+00:00
[spm]: Running flutter analyze...
Analyzing lib...                                                

   info • The part-of directive uses a library name. Try converting the directive to use the URI of the library • lib/dependencies.dart:46:1 • use_string_in_part_of_directives
   info • The type parameter name 'State' matches a visible type name. Try changing the type parameter name to not match an existing type • lib/dependencies.dart:89:19 • avoid_types_as_parameter_names
   info • Constructors in '@immutable' classes should be declared as 'const'. Try adding 'const' to the constructor declaration • lib/dependencies.dart:145:3 • prefer_const_constructors_in_immutables
   info • Constructors in '@immutable' classes should be declared as 'const'. Try adding 'const' to the constructor declaration • lib/dependencies.dart:166:3 • prefer_const_constructors_in_immutables
   info • Constructors in '@immutable' classes should be declared as 'const'. Try adding 'const' to the constructor declaration • lib/dependencies.dart:187:3 • prefer_const_constructors_in_immutables
   info • Constructors in '@immutable' classes should be declared as 'const'. Try adding 'const' to the constructor declaration • lib/dependencies.dart:206:3 • prefer_const_constructors_in_immutables
   info • Constructors in '@immutable' classes should be declared as 'const'. Try adding 'const' to the constructor declaration • lib/dependencies.dart:225:3 • prefer_const_constructors_in_immutables
   info • Library names are not necessary. Remove the library name • lib/generated_widget.dart:2:9 • unnecessary_library_name
   info • Constructors in '@immutable' classes should be declared as 'const'. Try adding 'const' to the constructor declaration • lib/generated_widget.dart:11:3 • prefer_const_constructors_in_immutables
warning • The value of the local variable 'todos' isn't used. Try removing the variable or using it • lib/generated_widget.dart:28:11 • unused_local_variable

[spm]: Injecting profiler code...
[spm]: Starting app...
Running Gradle task 'assembleProfile'...                        
Running Gradle task 'assembleProfile'...                           20.5s
✓ Built build/app/outputs/flutter-apk/app-profile.apk (26.8MB)
Installing build/app/outputs/flutter-apk/app-profile.apk...      1,196ms
D/SurfaceView(10848): UPDATE null, mIsCastMode = false
D/hw-ProcessState(10848): Binder ioctl to enable oneway spam detection failed: Invalid argument
W/Looper  (10848): PerfMonitor longMsg : seq=8 plan=18:09:58.181 late=360ms wall=1667ms running=0ms h=android.view.Choreographer$FrameHandler c=android.view.Choreographer$FrameDisplayEventReceiver procState=-1
W/Looper  (10848): PerfMonitor doFrame : time=1667ms vsyncFrame=0 latency=360ms procState=-1 historyMsgCount=4 (msgIndex=1 wall=1667ms seq=8 late=360ms h=android.view.Choreographer$FrameHandler c=android.view.Choreographer$FrameDisplayEventReceiver)
I/Choreographer(10848): Skipped 95 frames!  The application may be doing too much work on its main thread.
D/SurfaceView(10848): UPDATE Surface(name=SurfaceView[com.example.benchmark_container/com.example.benchmark_container.MainActivity])/@0xca20cbb, mIsProjectionMode = false
W/Looper  (10848): PerfMonitor doFrame : time=4ms vsyncFrame=0 latency=1583ms procState=-1 historyMsgCount=4
[spm]: Connected to Dart VM service.
I/flutter (10848): 00:00 +0: Performance Benchmark
E/hmark_containe(10848): open libmigui.so failed! dlopen - dlopen failed: library "libmigui.so" not found
D/hmark_containe(10848): MiuiProcessManagerServiceStub setSchedFifo
I/MiuiProcessManagerImpl(10848): setSchedFifo pid:10848, mode:3
D/DecorView[](10848): onWindowFocusChanged hasWindowFocus true
D/DecorView[](10848): getWindowModeFromSystem  windowmode is 1
D/DecorView[](10848): updateDecorCaptionStatus displayWindowDecor is false
D/ProfileInstaller(10848): Installing profile for com.example.benchmark_container
[spm]: ProfilerData event received.
I/flutter (10848): [SPM:perf] 698a51a  buildSpan: 507µs
I/flutter (10848): [spm] Performance monitoring completed for 698a51a
[spm]: ProfilerData event received.
I/flutter (10848): [SPM:perf] 698a51a  buildSpan: 409µs
I/flutter (10848): [spm] Performance monitoring completed for 698a51a
[spm]: ProfilerData event received.
I/flutter (10848): [SPM:perf] 698a51a  buildSpan: 681µs
I/flutter (10848): [spm] Performance monitoring completed for 698a51a
[spm]: ProfilerData event received.
I/flutter (10848): [SPM:perf] 698a51a  buildSpan: 495µs
I/flutter (10848): [spm] Performance monitoring completed for 698a51a
I/flutter (10848): [SPM:perf] 698a51a  buildSpan: 458µs
I/flutter (10848): [spm] Performance monitoring completed for 698a51a
[spm]: ProfilerData event received.
[spm]: ProfilerData event received.
I/flutter (10848): [SPM:perf] 698a51a  buildSpan: 457µs
I/flutter (10848): [spm] Performance monitoring completed for 698a51a
[spm]: ProfilerData event received.
I/flutter (10848): [SPM:perf] 698a51a  buildSpan: 518µs
I/flutter (10848): [spm] Performance monitoring completed for 698a51a
[spm]: ProfilerData event received.
I/flutter (10848): [SPM:perf] 698a51a  buildSpan: 427µs
I/flutter (10848): [spm] Performance monitoring completed for 698a51a
I/flutter (10848): [SPM:perf] 698a51a  buildSpan: 519µs
I/flutter (10848): [spm] Performance monitoring completed for 698a51a
[spm]: ProfilerData event received.
[spm]: ProfilerData event received.
I/flutter (10848): [SPM:perf] 698a51a  buildSpan: 496µs
I/flutter (10848): [spm] Performance monitoring completed for 698a51a
I/flutter (10848): [SPM:perf] 698a51a  buildSpan: 488µs
I/flutter (10848): [spm] Performance monitoring completed for 698a51a
[spm]: ProfilerData event received.
[spm]: ProfilerData event received.
I/flutter (10848): [SPM:perf] 698a51a  buildSpan: 667µs
I/flutter (10848): [spm] Performance monitoring completed for 698a51a
[spm]: ProfilerData event received.
I/flutter (10848): [SPM:perf] 698a51a  buildSpan: 455µs
I/flutter (10848): [spm] Performance monitoring completed for 698a51a
I/flutter (10848): [SPM:perf] 698a51a  buildSpan: 483µs
[spm]: ProfilerData event received.
I/flutter (10848): [spm] Performance monitoring completed for 698a51a
[spm]: ProfilerData event received.
I/flutter (10848): [SPM:perf] 698a51a  buildSpan: 452µs
I/flutter (10848): [spm] Performance monitoring completed for 698a51a
[spm]: ProfilerData event received.
I/flutter (10848): [SPM:perf] 698a51a  buildSpan: 798µs
I/flutter (10848): [spm] Performance monitoring completed for 698a51a
[spm]: ProfilerData event received.
I/flutter (10848): [SPM:perf] 698a51a  buildSpan: 485µs
I/flutter (10848): [spm] Performance monitoring completed for 698a51a
[spm]: ProfilerData event received.
I/flutter (10848): [SPM:perf] 698a51a  buildSpan: 440µs
I/flutter (10848): [spm] Performance monitoring completed for 698a51a
I/flutter (10848): [SPM:perf] 698a51a  buildSpan: 669µs
I/flutter (10848): [spm] Performance monitoring completed for 698a51a
[spm]: ProfilerData event received.
[spm]: ProfilerData event received.
I/flutter (10848): [SPM:perf] 698a51a  buildSpan: 467µs
I/flutter (10848): [spm] Performance monitoring completed for 698a51a
[spm]: ProfilerData event received.
I/flutter (10848): [SPM:perf] 698a51a  buildSpan: 677µs
I/flutter (10848): [spm] Performance monitoring completed for 698a51a
[spm]: ProfilerData event received.
I/flutter (10848): [SPM:perf] 698a51a  buildSpan: 367µs
I/flutter (10848): [spm] Performance monitoring completed for 698a51a
I/flutter (10848): [SPM:perf] 698a51a  buildSpan: 385µs
I/flutter (10848): [spm] Performance monitoring completed for 698a51a
[spm]: ProfilerData event received.
[spm]: ProfilerData event received.
I/flutter (10848): [SPM:perf] 698a51a  buildSpan: 500µs
I/flutter (10848): [spm] Performance monitoring completed for 698a51a
[spm]: ProfilerData event received.
I/flutter (10848): [SPM:perf] 698a51a  buildSpan: 495µs
I/flutter (10848): [spm] Performance monitoring completed for 698a51a
[spm]: ProfilerData event received.
I/flutter (10848): [SPM:perf] 698a51a  buildSpan: 512µs
I/flutter (10848): [spm] Performance monitoring completed for 698a51a
I/flutter (10848): [SPM:perf] 698a51a  buildSpan: 508µs
[spm]: ProfilerData event received.
I/flutter (10848): [spm] Performance monitoring completed for 698a51a
[spm]: ProfilerData event received.
I/flutter (10848): [SPM:perf] 698a51a  buildSpan: 482µs
I/flutter (10848): [spm] Performance monitoring completed for 698a51a
I/flutter (10848): [SPM:perf] 698a51a  buildSpan: 372µs
[spm]: ProfilerData event received.
I/flutter (10848): [spm] Performance monitoring completed for 698a51a
[spm]: ProfilerData event received.
I/flutter (10848): [SPM:perf] 698a51a  buildSpan: 461µs
I/flutter (10848): [spm] Performance monitoring completed for 698a51a
I/flutter (10848): 01:10 +1: (tearDownAll)
I/flutter (10848): 01:11 +2: All tests passed!
All tests passed.
[spm]: Saved 30 profiler events to <ROOT>/dataset-new_samples/0455/redmi9t/raw/20260910-180223/rev_001_48efa32a/e1.jsonl
[spm]: Reverting injection...
10 issues found. (ran in 0.7s)
WARNING: Your Android app project: app located at: <ROOT>/android/app/build.gradle.kts
applies the Kotlin Gradle Plugin, which will cause build failures in future versions of Flutter. 
Please migrate your app to Built-in Kotlin using this guide: https://docs.flutter.dev/release/breaking-changes/migrate-to-built-in-kotlin/for-app-developers

VMServiceFlutterDriver: Connecting to Flutter application at http://127.0.0.1:33117/Wir9m9NAAe0=/
[spm]: Detected VM service URI: ws://127.0.0.1:33117/Wir9m9NAAe0=/ws
VMServiceFlutterDriver: Isolate found with number: 4947300905127039
VMServiceFlutterDriver: Isolate 4947300905127039 is runnable.
VMServiceFlutterDriver: Isolate is paused at start.
VMServiceFlutterDriver: Attempting to resume isolate
VMServiceFlutterDriver: Connected to Flutter application.
VMServiceFlutterDriver: request_data message is taking a long time to complete...