# sample_id=0455/rev_001_48efa32a exec_index=14 ok=True perf_lines=30 vm_events=30 battery_pct=44 soc_temp_millic=45100 battery_temp_c=32.3 charging=False preflight_started=2026-09-10T16:21:16.971782+00:00 started=2026-09-10T16:21:19.507355+00:00 ts=2026-09-10T16:23:02.971841+00:00
[spm]: Running flutter analyze...
Analyzing lib...                                                

   info • The part-of directive uses a library name. Try converting the directive to use the URI of the library • lib/dependencies.dart:46:1 • use_string_in_part_of_directives
   info • The type parameter name 'State' matches a visible type name. Try changing the type parameter name to not match an existing type • lib/dependencies.dart:89:19 • avoid_types_as_parameter_names
   info • Constructors in '@immutable' classes should be declared as 'const'. Try adding 'const' to the constructor declaration • lib/dependencies.dart:145:3 • prefer_const_constructors_in_immutables
   info • Constructors in '@immutable' classes should be declared as 'const'. Try adding 'const' to the constructor declaration • lib/dependencies.dart:166:3 • prefer_const_constructors_in_immutables
   info • Constructors in '@immutable' classes should be declared as 'const'. Try adding 'const' to the constructor declaration • lib/dependencies.dart:187:3 • prefer_const_constructors_in_immutables
   info • Constructors in '@immutable' classes should be declared as 'const'. Try adding 'const' to the constructor declaration • lib/dependencies.dart:206:3 • prefer_const_constructors_in_immutables
   info • Constructors in '@immutable' classes should be declared as 'const'. Try adding 'const' to the constructor declaration • lib/dependencies.dart:225:3 • prefer_const_constructors_in_immutables
   info • Library names are not necessary. Remove the library name • lib/generated_widget.dart:2:9 • unnecessary_library_name
   info • Constructors in '@immutable' classes should be declared as 'const'. Try adding 'const' to the constructor declaration • lib/generated_widget.dart:11:3 • prefer_const_constructors_in_immutables
warning • The value of the local variable 'todos' isn't used. Try removing the variable or using it • lib/generated_widget.dart:28:11 • unused_local_variable

[spm]: Injecting profiler code...
[spm]: Starting app...
Running Gradle task 'assembleProfile'...                        
Running Gradle task 'assembleProfile'...                         1,917ms
✓ Built build/app/outputs/flutter-apk/app-profile.apk (26.8MB)
Installing build/app/outputs/flutter-apk/app-profile.apk...      1,283ms
D/DecorView[](27550): getWindowModeFromSystem  windowmode is 1
I/ForceDarkHelperStubImpl(27550): setViewRootImplForceDark: false for com.example.benchmark_container.MainActivity@e6f428d, reason: AppDarkModeEnable
I/ForceDarkHelperStubImpl(27550): setViewRootImplForceDark: false for com.example.benchmark_container.MainActivity@e6f428d, reason: AppDarkModeEnable
D/DecorView[](27550): getWindowModeFromSystem  windowmode is 1
D/DecorView[](27550): updateDecorCaptionStatus displayWindowDecor is false
W/Looper  (27550): PerfMonitor looperActivity : package=com.example.benchmark_container/.MainActivity time=350ms latency=375ms running=0ms  procState=-1  historyMsgCount=3 (msgIndex=3 wall=365ms seq=3 h=android.app.ActivityThread$H w=110)
W/Looper  (27550): PerfMonitor looperActivity : package=com.example.benchmark_container/.MainActivity time=1ms latency=725ms running=0ms  procState=-1  historyMsgCount=4 (msgIndex=3 wall=365ms seq=3 h=android.app.ActivityThread$H w=110) (msgIndex=4 wall=350ms seq=4 h=android.app.ActivityThread$H w=159)
D/SurfaceView(27550): UPDATE null, mIsCastMode = false
D/hw-ProcessState(27550): Binder ioctl to enable oneway spam detection failed: Invalid argument
W/Looper  (27550): PerfMonitor longMsg : seq=8 plan=19:21:38.643 late=351ms wall=1670ms running=0ms h=android.view.Choreographer$FrameHandler c=android.view.Choreographer$FrameDisplayEventReceiver procState=-1
W/Looper  (27550): PerfMonitor doFrame : time=1670ms vsyncFrame=0 latency=351ms procState=-1 historyMsgCount=4 (msgIndex=1 wall=1670ms seq=8 late=351ms h=android.view.Choreographer$FrameHandler c=android.view.Choreographer$FrameDisplayEventReceiver)
I/Choreographer(27550): Skipped 95 frames!  The application may be doing too much work on its main thread.
D/SurfaceView(27550): UPDATE Surface(name=SurfaceView[com.example.benchmark_container/com.example.benchmark_container.MainActivity])/@0xca20cbb, mIsProjectionMode = false
W/Looper  (27550): PerfMonitor doFrame : time=3ms vsyncFrame=0 latency=1596ms procState=-1 historyMsgCount=4
[spm]: Connected to Dart VM service.
I/flutter (27550): 00:00 +0: Performance Benchmark
E/hmark_containe(27550): open libmigui.so failed! dlopen - dlopen failed: library "libmigui.so" not found
D/hmark_containe(27550): MiuiProcessManagerServiceStub setSchedFifo
I/MiuiProcessManagerImpl(27550): setSchedFifo pid:27550, mode:3
D/DecorView[](27550): onWindowFocusChanged hasWindowFocus true
D/DecorView[](27550): getWindowModeFromSystem  windowmode is 1
D/DecorView[](27550): updateDecorCaptionStatus displayWindowDecor is false
D/ProfileInstaller(27550): Installing profile for com.example.benchmark_container
[spm]: ProfilerData event received.
I/flutter (27550): [SPM:perf] 698a51a  buildSpan: 349µs
I/flutter (27550): [spm] Performance monitoring completed for 698a51a
[spm]: ProfilerData event received.
I/flutter (27550): [SPM:perf] 698a51a  buildSpan: 479µs
I/flutter (27550): [spm] Performance monitoring completed for 698a51a
[spm]: ProfilerData event received.
I/flutter (27550): [SPM:perf] 698a51a  buildSpan: 479µs
I/flutter (27550): [spm] Performance monitoring completed for 698a51a
[spm]: ProfilerData event received.
I/flutter (27550): [SPM:perf] 698a51a  buildSpan: 392µs
I/flutter (27550): [spm] Performance monitoring completed for 698a51a
[spm]: ProfilerData event received.
I/flutter (27550): [SPM:perf] 698a51a  buildSpan: 429µs
I/flutter (27550): [spm] Performance monitoring completed for 698a51a
[spm]: ProfilerData event received.
I/flutter (27550): [SPM:perf] 698a51a  buildSpan: 759µs
I/flutter (27550): [spm] Performance monitoring completed for 698a51a
[spm]: ProfilerData event received.
I/flutter (27550): [SPM:perf] 698a51a  buildSpan: 490µs
I/flutter (27550): [spm] Performance monitoring completed for 698a51a
I/flutter (27550): [SPM:perf] 698a51a  buildSpan: 412µs
I/flutter (27550): [spm] Performance monitoring completed for 698a51a
[spm]: ProfilerData event received.
[spm]: ProfilerData event received.
I/flutter (27550): [SPM:perf] 698a51a  buildSpan: 444µs
I/flutter (27550): [spm] Performance monitoring completed for 698a51a
[spm]: ProfilerData event received.
I/flutter (27550): [SPM:perf] 698a51a  buildSpan: 391µs
I/flutter (27550): [spm] Performance monitoring completed for 698a51a
[spm]: ProfilerData event received.
I/flutter (27550): [SPM:perf] 698a51a  buildSpan: 503µs
I/flutter (27550): [spm] Performance monitoring completed for 698a51a
[spm]: ProfilerData event received.
I/flutter (27550): [SPM:perf] 698a51a  buildSpan: 514µs
I/flutter (27550): [spm] Performance monitoring completed for 698a51a
[spm]: ProfilerData event received.
I/flutter (27550): [SPM:perf] 698a51a  buildSpan: 465µs
I/flutter (27550): [spm] Performance monitoring completed for 698a51a
[spm]: ProfilerData event received.
I/flutter (27550): [SPM:perf] 698a51a  buildSpan: 457µs
I/flutter (27550): [spm] Performance monitoring completed for 698a51a
[spm]: ProfilerData event received.
I/flutter (27550): [SPM:perf] 698a51a  buildSpan: 394µs
I/flutter (27550): [spm] Performance monitoring completed for 698a51a
[spm]: ProfilerData event received.
I/flutter (27550): [SPM:perf] 698a51a  buildSpan: 483µs
I/flutter (27550): [spm] Performance monitoring completed for 698a51a
[spm]: ProfilerData event received.
I/flutter (27550): [SPM:perf] 698a51a  buildSpan: 372µs
I/flutter (27550): [spm] Performance monitoring completed for 698a51a
[spm]: ProfilerData event received.
I/flutter (27550): [SPM:perf] 698a51a  buildSpan: 323µs
I/flutter (27550): [spm] Performance monitoring completed for 698a51a
[spm]: ProfilerData event received.
I/flutter (27550): [SPM:perf] 698a51a  buildSpan: 678µs
I/flutter (27550): [spm] Performance monitoring completed for 698a51a
[spm]: ProfilerData event received.
I/flutter (27550): [SPM:perf] 698a51a  buildSpan: 395µs
I/flutter (27550): [spm] Performance monitoring completed for 698a51a
[spm]: ProfilerData event received.
I/flutter (27550): [SPM:perf] 698a51a  buildSpan: 674µs
I/flutter (27550): [spm] Performance monitoring completed for 698a51a
[spm]: ProfilerData event received.
I/flutter (27550): [SPM:perf] 698a51a  buildSpan: 478µs
I/flutter (27550): [spm] Performance monitoring completed for 698a51a
[spm]: ProfilerData event received.
I/flutter (27550): [SPM:perf] 698a51a  buildSpan: 530µs
I/flutter (27550): [spm] Performance monitoring completed for 698a51a
[spm]: ProfilerData event received.
I/flutter (27550): [SPM:perf] 698a51a  buildSpan: 479µs
I/flutter (27550): [spm] Performance monitoring completed for 698a51a
[spm]: ProfilerData event received.
I/flutter (27550): [SPM:perf] 698a51a  buildSpan: 360µs
I/flutter (27550): [spm] Performance monitoring completed for 698a51a
[spm]: ProfilerData event received.
I/flutter (27550): [SPM:perf] 698a51a  buildSpan: 485µs
I/flutter (27550): [spm] Performance monitoring completed for 698a51a
[spm]: ProfilerData event received.
I/flutter (27550): [SPM:perf] 698a51a  buildSpan: 676µs
I/flutter (27550): [spm] Performance monitoring completed for 698a51a
[spm]: ProfilerData event received.
I/flutter (27550): [SPM:perf] 698a51a  buildSpan: 442µs
I/flutter (27550): [spm] Performance monitoring completed for 698a51a
[spm]: ProfilerData event received.
I/flutter (27550): [SPM:perf] 698a51a  buildSpan: 518µs
I/flutter (27550): [spm] Performance monitoring completed for 698a51a
[spm]: ProfilerData event received.
I/flutter (27550): [SPM:perf] 698a51a  buildSpan: 310µs
I/flutter (27550): [spm] Performance monitoring completed for 698a51a
I/flutter (27550): 01:10 +1: (tearDownAll)
I/flutter (27550): 01:11 +2: All tests passed!
All tests passed.
[spm]: Saved 30 profiler events to <ROOT>/dataset-new_samples/0455/redmi9t/raw/20260910-180223/rev_001_48efa32a/e14.jsonl
[spm]: Reverting injection...
10 issues found. (ran in 0.5s)
WARNING: Your Android app project: app located at: <ROOT>/android/app/build.gradle.kts
applies the Kotlin Gradle Plugin, which will cause build failures in future versions of Flutter. 
Please migrate your app to Built-in Kotlin using this guide: https://docs.flutter.dev/release/breaking-changes/migrate-to-built-in-kotlin/for-app-developers

VMServiceFlutterDriver: Connecting to Flutter application at http://127.0.0.1:35867/_y_vp9xY9lc=/
[spm]: Detected VM service URI: ws://127.0.0.1:35867/_y_vp9xY9lc=/ws
VMServiceFlutterDriver: Isolate found with number: 8037020404538583
VMServiceFlutterDriver: Isolate 8037020404538583 is runnable.
VMServiceFlutterDriver: Isolate is paused at start.
VMServiceFlutterDriver: Attempting to resume isolate
VMServiceFlutterDriver: Connected to Flutter application.
VMServiceFlutterDriver: request_data message is taking a long time to complete...