# sample_id=26/base exec_index=13 ok=True perf_lines=30 vm_events=30 battery_pct=58 soc_temp_millic=41100 battery_temp_c=30.7 charging=False preflight_started=2026-08-04T04:57:32.989785+00:00 started=2026-08-04T04:57:35.324573+00:00 ts=2026-08-04T04:59:35.381316+00:00
[spm]: Running flutter analyze...
Analyzing lib...                                                

   info • 'onReorder' is deprecated and shouldn't be used. Use the onReorderItem callback instead. The onReorderItem callback adjusts the newIndex parameter for a removed item at the oldIndex. This feature was deprecated after v3.41.0-0.0.pre. Try replacing the use of the deprecated member with the replacement • lib/generated_widget.dart:72:7 • deprecated_member_use

[spm]: Injecting profiler code...
[spm]: Starting app...
Running Gradle task 'assembleProfile'...                        
Running Gradle task 'assembleProfile'...                           21.6s
✓ Built build/app/outputs/flutter-apk/app-profile.apk (61.8MB)
Installing build/app/outputs/flutter-apk/app-profile.apk...      1,945ms
D/DecorView[]( 5995): getWindowModeFromSystem  windowmode is 1
D/DecorView[]( 5995): updateDecorCaptionStatus displayWindowDecor is false
W/Looper  ( 5995): PerfMonitor looperActivity : package=com.example.benchmark_container/.MainActivity time=478ms latency=366ms running=0ms  procState=-1  historyMsgCount=2 (msgIndex=1 wall=478ms seq=4 late=366ms h=android.app.ActivityThread$H w=159) (msgIndex=2 wall=401ms seq=3 h=android.app.ActivityThread$H w=110)
W/Looper  ( 5995): PerfMonitor looperActivity : package=com.example.benchmark_container/.MainActivity time=0ms latency=846ms running=0ms  procState=-1  historyMsgCount=4 (msgIndex=2 wall=478ms seq=4 late=366ms h=android.app.ActivityThread$H w=159) (msgIndex=3 wall=401ms seq=3 h=android.app.ActivityThread$H w=110) (msgIndex=4 wall=478ms seq=4 late=366ms h=android.app.ActivityThread$H w=159)
D/SurfaceView( 5995): UPDATE null, mIsCastMode = false
D/hw-ProcessState( 5995): Binder ioctl to enable oneway spam detection failed: Invalid argument
W/Looper  ( 5995): PerfMonitor longMsg : seq=8 plan=07:58:12.921 late=495ms wall=1662ms running=0ms h=android.view.Choreographer$FrameHandler c=android.view.Choreographer$FrameDisplayEventReceiver procState=-1
W/Looper  ( 5995): PerfMonitor doFrame : time=1662ms vsyncFrame=0 latency=495ms procState=-1 historyMsgCount=7 (msgIndex=2 wall=478ms seq=4 h=android.app.ActivityThread$H w=159) (msgIndex=3 wall=1662ms seq=8 late=495ms h=android.view.Choreographer$FrameHandler c=android.view.Choreographer$FrameDisplayEventReceiver) (msgIndex=4 wall=478ms seq=4 h=android.app.ActivityThread$H w=159)
I/Choreographer( 5995): Skipped 94 frames!  The application may be doing too much work on its main thread.
D/SurfaceView( 5995): UPDATE Surface(name=SurfaceView[com.example.benchmark_container/com.example.benchmark_container.MainActivity])/@0xf40fc89, mIsProjectionMode = false
W/Looper  ( 5995): PerfMonitor doFrame : time=2ms vsyncFrame=0 latency=1580ms procState=-1 historyMsgCount=4
[spm]: Connected to Dart VM service.
I/flutter ( 5995): 00:00 +0: Performance Benchmark
E/hmark_containe( 5995): open libmigui.so failed! dlopen - dlopen failed: library "libmigui.so" not found
D/hmark_containe( 5995): MiuiProcessManagerServiceStub setSchedFifo
I/MiuiProcessManagerImpl( 5995): setSchedFifo pid:5995, mode:3
D/DecorView[]( 5995): onWindowFocusChanged hasWindowFocus true
D/DecorView[]( 5995): getWindowModeFromSystem  windowmode is 1
D/DecorView[]( 5995): updateDecorCaptionStatus displayWindowDecor is false
D/ProfileInstaller( 5995): Installing profile for com.example.benchmark_container
I/flutter ( 5995): setState 698a51a
[spm]: ProfilerData event received.
I/flutter ( 5995): [SPM:perf] 698a51a  buildSpan: 2453µs
I/flutter ( 5995): [spm] Performance monitoring completed for 698a51a
I/flutter ( 5995): setState 698a51a
[spm]: ProfilerData event received.
I/flutter ( 5995): [SPM:perf] 698a51a  buildSpan: 2385µs
I/flutter ( 5995): [spm] Performance monitoring completed for 698a51a
I/flutter ( 5995): setState 698a51a
I/flutter ( 5995): [SPM:perf] 698a51a  buildSpan: 2310µs
I/flutter ( 5995): [spm] Performance monitoring completed for 698a51a
I/flutter ( 5995): setState 698a51a
[spm]: ProfilerData event received.
[spm]: ProfilerData event received.
I/flutter ( 5995): [SPM:perf] 698a51a  buildSpan: 2348µs
I/flutter ( 5995): [spm] Performance monitoring completed for 698a51a
I/flutter ( 5995): setState 698a51a
[spm]: ProfilerData event received.
I/flutter ( 5995): [SPM:perf] 698a51a  buildSpan: 2950µs
I/flutter ( 5995): [spm] Performance monitoring completed for 698a51a
I/flutter ( 5995): setState 698a51a
[spm]: ProfilerData event received.
I/flutter ( 5995): [SPM:perf] 698a51a  buildSpan: 2615µs
I/flutter ( 5995): [spm] Performance monitoring completed for 698a51a
I/flutter ( 5995): setState 698a51a
[spm]: ProfilerData event received.
I/flutter ( 5995): [SPM:perf] 698a51a  buildSpan: 2306µs
I/flutter ( 5995): [spm] Performance monitoring completed for 698a51a
I/flutter ( 5995): setState 698a51a
[spm]: ProfilerData event received.
I/flutter ( 5995): [SPM:perf] 698a51a  buildSpan: 3519µs
I/flutter ( 5995): [spm] Performance monitoring completed for 698a51a
I/flutter ( 5995): setState 698a51a
[spm]: ProfilerData event received.
I/flutter ( 5995): [SPM:perf] 698a51a  buildSpan: 2345µs
I/flutter ( 5995): [spm] Performance monitoring completed for 698a51a
I/flutter ( 5995): setState 698a51a
[spm]: ProfilerData event received.
I/flutter ( 5995): [SPM:perf] 698a51a  buildSpan: 2319µs
I/flutter ( 5995): [spm] Performance monitoring completed for 698a51a
I/flutter ( 5995): setState 698a51a
[spm]: ProfilerData event received.
I/flutter ( 5995): [SPM:perf] 698a51a  buildSpan: 2230µs
I/flutter ( 5995): [spm] Performance monitoring completed for 698a51a
I/flutter ( 5995): setState 698a51a
[spm]: ProfilerData event received.
I/flutter ( 5995): [SPM:perf] 698a51a  buildSpan: 2309µs
I/flutter ( 5995): [spm] Performance monitoring completed for 698a51a
I/flutter ( 5995): setState 698a51a
[spm]: ProfilerData event received.
I/flutter ( 5995): [SPM:perf] 698a51a  buildSpan: 2889µs
I/flutter ( 5995): [spm] Performance monitoring completed for 698a51a
I/flutter ( 5995): setState 698a51a
[spm]: ProfilerData event received.
I/flutter ( 5995): [SPM:perf] 698a51a  buildSpan: 2287µs
I/flutter ( 5995): [spm] Performance monitoring completed for 698a51a
I/flutter ( 5995): setState 698a51a
[spm]: ProfilerData event received.
I/flutter ( 5995): [SPM:perf] 698a51a  buildSpan: 2280µs
I/flutter ( 5995): [spm] Performance monitoring completed for 698a51a
I/flutter ( 5995): setState 698a51a
[spm]: ProfilerData event received.
I/flutter ( 5995): [SPM:perf] 698a51a  buildSpan: 2369µs
I/flutter ( 5995): [spm] Performance monitoring completed for 698a51a
I/flutter ( 5995): setState 698a51a
[spm]: ProfilerData event received.
I/flutter ( 5995): [SPM:perf] 698a51a  buildSpan: 2255µs
I/flutter ( 5995): [spm] Performance monitoring completed for 698a51a
I/flutter ( 5995): setState 698a51a
[spm]: ProfilerData event received.
I/flutter ( 5995): [SPM:perf] 698a51a  buildSpan: 2795µs
I/flutter ( 5995): [spm] Performance monitoring completed for 698a51a
I/flutter ( 5995): setState 698a51a
[spm]: ProfilerData event received.
I/flutter ( 5995): [SPM:perf] 698a51a  buildSpan: 2694µs
I/flutter ( 5995): [spm] Performance monitoring completed for 698a51a
I/flutter ( 5995): setState 698a51a
[spm]: ProfilerData event received.
I/flutter ( 5995): [SPM:perf] 698a51a  buildSpan: 2361µs
I/flutter ( 5995): [spm] Performance monitoring completed for 698a51a
I/flutter ( 5995): setState 698a51a
[spm]: ProfilerData event received.
I/flutter ( 5995): [SPM:perf] 698a51a  buildSpan: 2281µs
I/flutter ( 5995): [spm] Performance monitoring completed for 698a51a
I/flutter ( 5995): setState 698a51a
[spm]: ProfilerData event received.
I/flutter ( 5995): [SPM:perf] 698a51a  buildSpan: 2657µs
I/flutter ( 5995): [spm] Performance monitoring completed for 698a51a
I/flutter ( 5995): setState 698a51a
[spm]: ProfilerData event received.
I/flutter ( 5995): [SPM:perf] 698a51a  buildSpan: 2271µs
I/flutter ( 5995): [spm] Performance monitoring completed for 698a51a
I/flutter ( 5995): setState 698a51a
[spm]: ProfilerData event received.
I/flutter ( 5995): [SPM:perf] 698a51a  buildSpan: 2929µs
I/flutter ( 5995): [spm] Performance monitoring completed for 698a51a
I/flutter ( 5995): setState 698a51a
[spm]: ProfilerData event received.
I/flutter ( 5995): [SPM:perf] 698a51a  buildSpan: 2276µs
I/flutter ( 5995): [spm] Performance monitoring completed for 698a51a
I/flutter ( 5995): setState 698a51a
[spm]: ProfilerData event received.
I/flutter ( 5995): [SPM:perf] 698a51a  buildSpan: 2834µs
I/flutter ( 5995): [spm] Performance monitoring completed for 698a51a
I/flutter ( 5995): setState 698a51a
[spm]: ProfilerData event received.
I/flutter ( 5995): [SPM:perf] 698a51a  buildSpan: 2282µs
I/flutter ( 5995): [spm] Performance monitoring completed for 698a51a
I/flutter ( 5995): setState 698a51a
[spm]: ProfilerData event received.
I/flutter ( 5995): [SPM:perf] 698a51a  buildSpan: 2981µs
I/flutter ( 5995): [spm] Performance monitoring completed for 698a51a
I/flutter ( 5995): setState 698a51a
[spm]: ProfilerData event received.
I/flutter ( 5995): [SPM:perf] 698a51a  buildSpan: 2328µs
I/flutter ( 5995): [spm] Performance monitoring completed for 698a51a
I/flutter ( 5995): setState 698a51a
[spm]: ProfilerData event received.
I/flutter ( 5995): [SPM:perf] 698a51a  buildSpan: 2337µs
I/flutter ( 5995): [spm] Performance monitoring completed for 698a51a
I/flutter ( 5995): 01:10 +1: (tearDownAll)
I/flutter ( 5995): 01:11 +2: All tests passed!
All tests passed.
[spm]: Saved 30 profiler events to <ROOT>/dataset/26/redmi9t/raw/20260804-043817/base/e13.jsonl
[spm]: Reverting injection...
1 issue found. (ran in 0.8s)
WARNING: Your Android app project: app located at: <ROOT>/android/app/build.gradle.kts
applies the Kotlin Gradle Plugin, which will cause build failures in future versions of Flutter. 
Please migrate your app to Built-in Kotlin using this guide: https://docs.flutter.dev/release/breaking-changes/migrate-to-built-in-kotlin/for-app-developers

VMServiceFlutterDriver: Connecting to Flutter application at http://127.0.0.1:46207/zrso6t3JEp0=/
[spm]: Detected VM service URI: ws://127.0.0.1:46207/zrso6t3JEp0=/ws
VMServiceFlutterDriver: Isolate found with number: 8366846592226123
VMServiceFlutterDriver: Isolate 8366846592226123 is runnable.
VMServiceFlutterDriver: Isolate is paused at start.
VMServiceFlutterDriver: Attempting to resume isolate
VMServiceFlutterDriver: Connected to Flutter application.