# sample_id=26/base exec_index=5 ok=True perf_lines=30 vm_events=30 battery_pct=60 soc_temp_millic=43600 battery_temp_c=31.0 charging=False preflight_started=2026-08-04T04:40:51.831982+00:00 started=2026-08-04T04:40:54.182134+00:00 ts=2026-08-04T04:42:54.008972+00:00
[spm]: Running flutter analyze...
Analyzing lib...                                                

   info • 'onReorder' is deprecated and shouldn't be used. Use the onReorderItem callback instead. The onReorderItem callback adjusts the newIndex parameter for a removed item at the oldIndex. This feature was deprecated after v3.41.0-0.0.pre. Try replacing the use of the deprecated member with the replacement • lib/generated_widget.dart:72:7 • deprecated_member_use

[spm]: Injecting profiler code...
[spm]: Starting app...
Running Gradle task 'assembleProfile'...                        
Running Gradle task 'assembleProfile'...                           20.8s
✓ Built build/app/outputs/flutter-apk/app-profile.apk (61.8MB)
Installing build/app/outputs/flutter-apk/app-profile.apk...      1,952ms
D/MiuiMultiWindowUtils(12516): freeform resolution args raw data:{  "zizhan":{    "freeform_args": {      "inner":{        "vertical_portrait":{"aspect_ratio":0.626, "original_ratio":0.5643,"original_scale":0.74,"top_margin":0.168,"left_margin":0.484},        "horizontal_portrait":{"aspect_ratio":0.626, "original_ratio":0.5643,"original_scale":0.74,"top_margin":0.1222,"left_margin":0.59745},        "vertical_landscape":{"aspect_ratio":1.6, "original_ratio":1,"original_scale":0.604,"top_margin":0.2596,"left_margin":0.2624},        "horizontal_landscape":{"aspect_ratio":1.6, "original_ratio":1,"original_scale":0.604,"top_margin":0.213,"left_margin":0.3758}      },      "outer":{        "vertical_portrait":{"aspect_ratio":0.626, "original_ratio":1,"original_scale":0.74,"top_margin":0.0753,"left_margin":-1},        "horizontal_portrait":{"aspect_ratio":0.626, "original_ratio":1,"original_scale":0.5756,"top_margin":-1,"left_margin":0.0753},        "vertical_landscape":{"aspect_ratio":1.6, "original_ratio":0.6847,"original_scale":0.587,"top_margin":0.0753,"left_margin":-1},        "horizontal_landscape":{"aspect_ratio":1.6, "original_ratio":0.6847,"original_scale":0.587,"top_margin":-1,"left_margin":0.0753}}    },    "mini_freeform_args":{      "inner":{        "vertical_portrait":{"aspect_ratio":0.626, "original_ratio":0.147},        "horizontal_portrait":{"aspect_ratio":0.626, "original_ratio":0.147},        "vertical_landscape":{"aspect_ratio":1.6, "original_ratio":0.165},        "horizontal_landscape":{"aspect_ratio":1.6, "original_ratio":0.165}      },      "outer":{        "vertical_portrait":{"aspect_ratio":0.626, "original_ratio":0.26},        "horizontal_portrait":{"aspect_ratio":0.626, "original_ratio":0.26},        "vertical_landscape":{"aspect_ratio":1.6, "original_ratio":0.293},        "horizontal_landscape":{"aspect_ratio":1.6, "original_ratio":0.293}}    }  },  "wide_default":{    "freeform_args": {        "vertical_portrait":{"aspect_ratio":0.625, "original_ratio":0.5806,"original_scale":0.7574,"top_margin":0.125,"left_margin":0.392},        "horizontal_portrait":{"aspect_ratio":0.625, "original_ratio":0.5806,"original_scale":0.7574,"top_margin":-1,"left_margin":0.6415},        "vertical_landscape":{"aspect_ratio":1.6, "original_ratio":1,"original_scale":0.5153,"top_margin":0.125,"left_margin":0.206},        "horizontal_landscape":{"aspect_ratio":1.6, "original_ratio":1,"original_scale":0.5153,"top_margin":-1,"left_margin":0.456}    },    "mini_freeform_args":{        "vertical_portrait":{"aspect_ratio":0.5625, "original_ratio":0.144},        "horizontal_portrait":{"aspect_ratio":0.5625, "original_ratio":0.144},        "vertical_landscape":{"aspect_ratio":-1, "original_ratio":0.144},        "horizontal_landscape":{"aspect_ratio":-1, "original_ratio":0.144}    }  },  "narrow_default": {    "freeform_args": {        "vertical_portrait":{"aspect_ratio":0.5625, "original_ratio":1,"original_scale":0.7182,"top_margin":0.142,"left_margin":-1},        "horizontal_portrait":{"aspect_ratio":0.8, "original_ratio":1,"original_scale":0.7182,"top_margin":-1,"left_margin":0.05},        "vertical_landscape":{"aspect_ratio":1.6, "original_ratio":0.6545,"original_scale":0.4473,"top_margin":0.142,"left_margin":-1},        "horizontal_landscape":{"aspect_ratio":1.6, "original_ratio":0.6545,"original_scale":0.4473,"top_margin":-1,"left_margin":0.05}    },    "mini_freeform_args":{        "vertical_portrait":{"aspect_ratio":0.5625, "original_ratio":0.3},        "horizontal_portrait":{"aspect_ratio":0.5625, "original_ratio":0.3},        "vertical_landscape":{"aspect_ratio":1.7778, "original_ratio":0.3},        "horizontal_landscape":{"aspect_ratio":1.7778, "original_ratio":0.3}    }  },  "regular_default": {    "freeform_args": {      "vertical_portrait":{"aspect_ratio":0.625, "original_ratio":1,"original_scale":0.7,"top_margin":0.109,"left_margin":-1},      "horizontal_portrait":{"aspect_ratio":0.6667, "original_ratio":1,"original_scale":0.6102,"top_margin":-1,"left_margin":0.026},      "vertical_landscape":{"asp
E/MiuiMultiWindowUtils(12516): initFreeFormResolutionArgs failed, device is lime
D/IS_CTS_MODE(12516): true
D/MULTI_WINDOW_SWITCH_ENABLED(12516): false
D/IS_CTS_MODE(12516): true
D/MULTI_WINDOW_SWITCH_ENABLED(12516): false
D/IS_CTS_MODE(12516): true
D/MULTI_WINDOW_SWITCH_ENABLED(12516): false
D/DecorView[](12516): getWindowModeFromSystem  windowmode is 1
D/DecorView[](12516): getWindowModeFromSystem  windowmode is 1
D/DecorView[](12516): updateDecorCaptionStatus displayWindowDecor is false
W/Looper  (12516): PerfMonitor looperActivity : package=com.example.benchmark_container/.MainActivity time=351ms latency=370ms running=0ms  procState=-1  historyMsgCount=3 (msgIndex=3 wall=364ms seq=3 h=android.app.ActivityThread$H w=110)
W/Looper  (12516): PerfMonitor looperActivity : package=com.example.benchmark_container/.MainActivity time=0ms latency=722ms running=0ms  procState=-1  historyMsgCount=4 (msgIndex=3 wall=364ms seq=3 h=android.app.ActivityThread$H w=110) (msgIndex=4 wall=351ms seq=4 late=370ms h=android.app.ActivityThread$H w=159)
D/SurfaceView(12516): UPDATE null, mIsCastMode = false
D/hw-ProcessState(12516): Binder ioctl to enable oneway spam detection failed: Invalid argument
W/Looper  (12516): PerfMonitor longMsg : seq=8 plan=07:41:31.825 late=360ms wall=1704ms running=0ms h=android.view.Choreographer$FrameHandler c=android.view.Choreographer$FrameDisplayEventReceiver procState=-1
W/Looper  (12516): PerfMonitor doFrame : time=1704ms vsyncFrame=0 latency=360ms procState=-1 historyMsgCount=7 (msgIndex=3 wall=1704ms seq=8 late=360ms h=android.view.Choreographer$FrameHandler c=android.view.Choreographer$FrameDisplayEventReceiver) (msgIndex=4 wall=351ms seq=4 h=android.app.ActivityThread$H w=159)
I/Choreographer(12516): Skipped 97 frames!  The application may be doing too much work on its main thread.
D/SurfaceView(12516): UPDATE Surface(name=SurfaceView[com.example.benchmark_container/com.example.benchmark_container.MainActivity])/@0xf40fc89, mIsProjectionMode = false
W/Looper  (12516): PerfMonitor doFrame : time=3ms vsyncFrame=0 latency=1620ms procState=-1 historyMsgCount=4
[spm]: Connected to Dart VM service.
I/flutter (12516): 00:00 +0: Performance Benchmark
E/hmark_containe(12516): open libmigui.so failed! dlopen - dlopen failed: library "libmigui.so" not found
D/hmark_containe(12516): MiuiProcessManagerServiceStub setSchedFifo
I/MiuiProcessManagerImpl(12516): setSchedFifo pid:12516, mode:3
D/DecorView[](12516): onWindowFocusChanged hasWindowFocus true
D/DecorView[](12516): getWindowModeFromSystem  windowmode is 1
D/DecorView[](12516): updateDecorCaptionStatus displayWindowDecor is false
D/ProfileInstaller(12516): Installing profile for com.example.benchmark_container
I/flutter (12516): setState 698a51a
[spm]: ProfilerData event received.
I/flutter (12516): [SPM:perf] 698a51a  buildSpan: 2526µs
I/flutter (12516): [spm] Performance monitoring completed for 698a51a
I/flutter (12516): setState 698a51a
I/flutter (12516): [SPM:perf] 698a51a  buildSpan: 2406µs
[spm]: ProfilerData event received.
I/flutter (12516): [spm] Performance monitoring completed for 698a51a
I/flutter (12516): setState 698a51a
[spm]: ProfilerData event received.
I/flutter (12516): [SPM:perf] 698a51a  buildSpan: 2264µs
I/flutter (12516): [spm] Performance monitoring completed for 698a51a
I/flutter (12516): setState 698a51a
[spm]: ProfilerData event received.
I/flutter (12516): [SPM:perf] 698a51a  buildSpan: 2592µs
I/flutter (12516): [spm] Performance monitoring completed for 698a51a
I/flutter (12516): setState 698a51a
I/flutter (12516): [SPM:perf] 698a51a  buildSpan: 2347µs
I/flutter (12516): [spm] Performance monitoring completed for 698a51a
I/flutter (12516): setState 698a51a
[spm]: ProfilerData event received.
I/flutter (12516): [SPM:perf] 698a51a  buildSpan: 2497µs
[spm]: ProfilerData event received.
I/flutter (12516): [spm] Performance monitoring completed for 698a51a
I/flutter (12516): setState 698a51a
[spm]: ProfilerData event received.
I/flutter (12516): [SPM:perf] 698a51a  buildSpan: 3291µs
I/flutter (12516): [spm] Performance monitoring completed for 698a51a
I/flutter (12516): setState 698a51a
[spm]: ProfilerData event received.
I/flutter (12516): [SPM:perf] 698a51a  buildSpan: 2455µs
I/flutter (12516): [spm] Performance monitoring completed for 698a51a
I/flutter (12516): setState 698a51a
I/flutter (12516): [SPM:perf] 698a51a  buildSpan: 2474µs
I/flutter (12516): [spm] Performance monitoring completed for 698a51a
[spm]: ProfilerData event received.
I/flutter (12516): setState 698a51a
[spm]: ProfilerData event received.
I/flutter (12516): [SPM:perf] 698a51a  buildSpan: 2276µs
I/flutter (12516): [spm] Performance monitoring completed for 698a51a
I/flutter (12516): setState 698a51a
[spm]: ProfilerData event received.
I/flutter (12516): [SPM:perf] 698a51a  buildSpan: 2509µs
I/flutter (12516): [spm] Performance monitoring completed for 698a51a
I/flutter (12516): setState 698a51a
[spm]: ProfilerData event received.
I/flutter (12516): [SPM:perf] 698a51a  buildSpan: 2546µs
I/flutter (12516): [spm] Performance monitoring completed for 698a51a
I/flutter (12516): setState 698a51a
[spm]: ProfilerData event received.
I/flutter (12516): [SPM:perf] 698a51a  buildSpan: 2814µs
I/flutter (12516): [spm] Performance monitoring completed for 698a51a
I/flutter (12516): setState 698a51a
[spm]: ProfilerData event received.
I/flutter (12516): [SPM:perf] 698a51a  buildSpan: 3755µs
I/flutter (12516): [spm] Performance monitoring completed for 698a51a
I/flutter (12516): setState 698a51a
[spm]: ProfilerData event received.
I/flutter (12516): [SPM:perf] 698a51a  buildSpan: 2671µs
I/flutter (12516): [spm] Performance monitoring completed for 698a51a
I/flutter (12516): setState 698a51a
[spm]: ProfilerData event received.
I/flutter (12516): [SPM:perf] 698a51a  buildSpan: 2274µs
I/flutter (12516): [spm] Performance monitoring completed for 698a51a
I/flutter (12516): setState 698a51a
[spm]: ProfilerData event received.
I/flutter (12516): [SPM:perf] 698a51a  buildSpan: 2601µs
I/flutter (12516): [spm] Performance monitoring completed for 698a51a
I/flutter (12516): setState 698a51a
[spm]: ProfilerData event received.
I/flutter (12516): [SPM:perf] 698a51a  buildSpan: 2466µs
I/flutter (12516): [spm] Performance monitoring completed for 698a51a
I/flutter (12516): setState 698a51a
[spm]: ProfilerData event received.
I/flutter (12516): [SPM:perf] 698a51a  buildSpan: 2304µs
I/flutter (12516): [spm] Performance monitoring completed for 698a51a
I/flutter (12516): setState 698a51a
[spm]: ProfilerData event received.
I/flutter (12516): [SPM:perf] 698a51a  buildSpan: 2387µs
I/flutter (12516): [spm] Performance monitoring completed for 698a51a
I/flutter (12516): setState 698a51a
[spm]: ProfilerData event received.
I/flutter (12516): [SPM:perf] 698a51a  buildSpan: 2357µs
I/flutter (12516): [spm] Performance monitoring completed for 698a51a
I/flutter (12516): setState 698a51a
[spm]: ProfilerData event received.
I/flutter (12516): [SPM:perf] 698a51a  buildSpan: 2562µs
I/flutter (12516): [spm] Performance monitoring completed for 698a51a
I/flutter (12516): setState 698a51a
[spm]: ProfilerData event received.
I/flutter (12516): [SPM:perf] 698a51a  buildSpan: 2800µs
I/flutter (12516): [spm] Performance monitoring completed for 698a51a
I/flutter (12516): setState 698a51a
[spm]: ProfilerData event received.
I/flutter (12516): [SPM:perf] 698a51a  buildSpan: 2390µs
I/flutter (12516): [spm] Performance monitoring completed for 698a51a
I/flutter (12516): setState 698a51a
[spm]: ProfilerData event received.
I/flutter (12516): [SPM:perf] 698a51a  buildSpan: 2837µs
I/flutter (12516): [spm] Performance monitoring completed for 698a51a
I/flutter (12516): setState 698a51a
[spm]: ProfilerData event received.
I/flutter (12516): [SPM:perf] 698a51a  buildSpan: 2478µs
I/flutter (12516): [spm] Performance monitoring completed for 698a51a
I/flutter (12516): setState 698a51a
[spm]: ProfilerData event received.
I/flutter (12516): [SPM:perf] 698a51a  buildSpan: 2242µs
I/flutter (12516): [spm] Performance monitoring completed for 698a51a
I/flutter (12516): setState 698a51a
I/flutter (12516): [SPM:perf] 698a51a  buildSpan: 2334µs
I/flutter (12516): [spm] Performance monitoring completed for 698a51a
[spm]: ProfilerData event received.
I/flutter (12516): setState 698a51a
I/flutter (12516): [SPM:perf] 698a51a  buildSpan: 2306µs
I/flutter (12516): [spm] Performance monitoring completed for 698a51a
I/flutter (12516): setState 698a51a
[spm]: ProfilerData event received.
[spm]: ProfilerData event received.
I/flutter (12516): [SPM:perf] 698a51a  buildSpan: 2457µs
I/flutter (12516): [spm] Performance monitoring completed for 698a51a
I/flutter (12516): 01:10 +1: (tearDownAll)
I/flutter (12516): 01:11 +2: All tests passed!
All tests passed.
[spm]: Saved 30 profiler events to <ROOT>/dataset/26/redmi9t/raw/20260804-043817/base/e5.jsonl
[spm]: Reverting injection...
1 issue found. (ran in 2.5s)
WARNING: Your Android app project: app located at: <ROOT>/android/app/build.gradle.kts
applies the Kotlin Gradle Plugin, which will cause build failures in future versions of Flutter. 
Please migrate your app to Built-in Kotlin using this guide: https://docs.flutter.dev/release/breaking-changes/migrate-to-built-in-kotlin/for-app-developers

VMServiceFlutterDriver: Connecting to Flutter application at http://127.0.0.1:42277/bj6ESbPo-S4=/
[spm]: Detected VM service URI: ws://127.0.0.1:42277/bj6ESbPo-S4=/ws
VMServiceFlutterDriver: Isolate found with number: 4097614486929079
VMServiceFlutterDriver: Isolate 4097614486929079 is runnable.
VMServiceFlutterDriver: Isolate is paused at start.
VMServiceFlutterDriver: Attempting to resume isolate
VMServiceFlutterDriver: Connected to Flutter application.