# sample_id=36/base exec_index=9 ok=True perf_lines=30 vm_events=30 battery_pct=85 soc_temp_millic=42300 battery_temp_c=35.1 charging=False preflight_started=2026-08-12T15:57:07.326781+00:00 started=2026-08-12T15:57:10.006566+00:00 ts=2026-08-12T15:59:16.464995+00:00
[spm]: Running flutter analyze...
Analyzing lib...                                                
No issues found! (ran in 0.8s)
[spm]: Injecting profiler code...
[spm]: Starting app...
Running Gradle task 'assembleProfile'...                        
Running Gradle task 'assembleProfile'...                           23.6s
✓ Built build/app/outputs/flutter-apk/app-profile.apk (61.8MB)
Installing build/app/outputs/flutter-apk/app-profile.apk...      2,210ms
D/DecorView[](21288): getWindowModeFromSystem  windowmode is 1
I/ForceDarkHelperStubImpl(21288): setViewRootImplForceDark: false for com.example.benchmark_container.MainActivity@6276a4e, reason: AppDarkModeEnable
I/ForceDarkHelperStubImpl(21288): setViewRootImplForceDark: false for com.example.benchmark_container.MainActivity@6276a4e, reason: AppDarkModeEnable
D/DecorView[](21288): getWindowModeFromSystem  windowmode is 1
D/DecorView[](21288): updateDecorCaptionStatus displayWindowDecor is false
W/Looper  (21288): PerfMonitor looperActivity : package=com.example.benchmark_container/.MainActivity time=359ms latency=408ms running=0ms  procState=-1  historyMsgCount=2 (msgIndex=1 wall=359ms seq=4 late=408ms h=android.app.ActivityThread$H w=159) (msgIndex=2 wall=410ms seq=3 h=android.app.ActivityThread$H w=110)
W/Looper  (21288): PerfMonitor looperActivity : package=com.example.benchmark_container/.MainActivity time=1ms latency=768ms running=0ms  procState=-1  historyMsgCount=4 (msgIndex=2 wall=359ms seq=4 late=408ms h=android.app.ActivityThread$H w=159) (msgIndex=3 wall=410ms seq=3 h=android.app.ActivityThread$H w=110) (msgIndex=4 wall=359ms seq=4 late=408ms h=android.app.ActivityThread$H w=159)
D/SurfaceView(21288): UPDATE null, mIsCastMode = false
D/hw-ProcessState(21288): Binder ioctl to enable oneway spam detection failed: Invalid argument
W/Looper  (21288): PerfMonitor longMsg : seq=8 plan=18:57:50.670 late=383ms wall=1676ms running=0ms h=android.view.Choreographer$FrameHandler c=android.view.Choreographer$FrameDisplayEventReceiver procState=-1
W/Looper  (21288): PerfMonitor doFrame : time=1676ms vsyncFrame=0 latency=383ms procState=-1 historyMsgCount=7 (msgIndex=2 wall=359ms seq=4 h=android.app.ActivityThread$H w=159) (msgIndex=3 wall=1676ms seq=8 late=383ms h=android.view.Choreographer$FrameHandler c=android.view.Choreographer$FrameDisplayEventReceiver) (msgIndex=4 wall=359ms seq=4 h=android.app.ActivityThread$H w=159)
I/Choreographer(21288): Skipped 94 frames!  The application may be doing too much work on its main thread.
D/SurfaceView(21288): UPDATE Surface(name=SurfaceView[com.example.benchmark_container/com.example.benchmark_container.MainActivity])/@0x3ee5544, mIsProjectionMode = false
W/Looper  (21288): PerfMonitor doFrame : time=3ms vsyncFrame=0 latency=1581ms procState=-1 historyMsgCount=4
[spm]: Connected to Dart VM service.
I/flutter (21288): 00:00 +0: Performance Benchmark
E/hmark_containe(21288): open libmigui.so failed! dlopen - dlopen failed: library "libmigui.so" not found
D/hmark_containe(21288): MiuiProcessManagerServiceStub setSchedFifo
I/MiuiProcessManagerImpl(21288): setSchedFifo pid:21288, mode:3
D/DecorView[](21288): onWindowFocusChanged hasWindowFocus true
D/DecorView[](21288): getWindowModeFromSystem  windowmode is 1
D/DecorView[](21288): updateDecorCaptionStatus displayWindowDecor is false
D/ProfileInstaller(21288): Installing profile for com.example.benchmark_container
I/flutter (21288): setState 698a51a
[spm]: ProfilerData event received.
I/flutter (21288): [SPM:perf] 698a51a  buildSpan: 4251µs
I/flutter (21288): [spm] Performance monitoring completed for 698a51a
I/flutter (21288): setState 698a51a
[spm]: ProfilerData event received.
I/flutter (21288): [SPM:perf] 698a51a  buildSpan: 10369µs
I/flutter (21288): [spm] Performance monitoring completed for 698a51a
I/flutter (21288): setState 698a51a
[spm]: ProfilerData event received.
I/flutter (21288): [SPM:perf] 698a51a  buildSpan: 3363µs
I/flutter (21288): [spm] Performance monitoring completed for 698a51a
I/flutter (21288): setState 698a51a
[spm]: ProfilerData event received.
I/flutter (21288): [SPM:perf] 698a51a  buildSpan: 3236µs
I/flutter (21288): [spm] Performance monitoring completed for 698a51a
I/flutter (21288): setState 698a51a
[spm]: ProfilerData event received.
I/flutter (21288): [SPM:perf] 698a51a  buildSpan: 3534µs
I/flutter (21288): [spm] Performance monitoring completed for 698a51a
I/flutter (21288): setState 698a51a
[spm]: ProfilerData event received.
I/flutter (21288): [SPM:perf] 698a51a  buildSpan: 3492µs
I/flutter (21288): [spm] Performance monitoring completed for 698a51a
I/flutter (21288): setState 698a51a
[spm]: ProfilerData event received.
I/flutter (21288): [SPM:perf] 698a51a  buildSpan: 4339µs
I/flutter (21288): [spm] Performance monitoring completed for 698a51a
I/flutter (21288): setState 698a51a
[spm]: ProfilerData event received.
I/flutter (21288): [SPM:perf] 698a51a  buildSpan: 4077µs
I/flutter (21288): [spm] Performance monitoring completed for 698a51a
I/flutter (21288): setState 698a51a
[spm]: ProfilerData event received.
I/flutter (21288): [SPM:perf] 698a51a  buildSpan: 4074µs
I/flutter (21288): [spm] Performance monitoring completed for 698a51a
I/flutter (21288): setState 698a51a
[spm]: ProfilerData event received.
I/flutter (21288): [SPM:perf] 698a51a  buildSpan: 4622µs
I/flutter (21288): [spm] Performance monitoring completed for 698a51a
I/flutter (21288): setState 698a51a
[spm]: ProfilerData event received.
I/flutter (21288): [SPM:perf] 698a51a  buildSpan: 4313µs
I/flutter (21288): [spm] Performance monitoring completed for 698a51a
I/flutter (21288): setState 698a51a
[spm]: ProfilerData event received.
I/flutter (21288): [SPM:perf] 698a51a  buildSpan: 3305µs
I/flutter (21288): [spm] Performance monitoring completed for 698a51a
I/flutter (21288): setState 698a51a
[spm]: ProfilerData event received.
I/flutter (21288): [SPM:perf] 698a51a  buildSpan: 4186µs
I/flutter (21288): [spm] Performance monitoring completed for 698a51a
I/flutter (21288): setState 698a51a
[spm]: ProfilerData event received.
I/flutter (21288): [SPM:perf] 698a51a  buildSpan: 4274µs
I/flutter (21288): [spm] Performance monitoring completed for 698a51a
I/flutter (21288): setState 698a51a
[spm]: ProfilerData event received.
I/flutter (21288): [SPM:perf] 698a51a  buildSpan: 4199µs
I/flutter (21288): [spm] Performance monitoring completed for 698a51a
I/flutter (21288): setState 698a51a
[spm]: ProfilerData event received.
I/flutter (21288): [SPM:perf] 698a51a  buildSpan: 4067µs
I/flutter (21288): [spm] Performance monitoring completed for 698a51a
I/flutter (21288): setState 698a51a
[spm]: ProfilerData event received.
I/flutter (21288): [SPM:perf] 698a51a  buildSpan: 3626µs
I/flutter (21288): [spm] Performance monitoring completed for 698a51a
I/flutter (21288): setState 698a51a
[spm]: ProfilerData event received.
I/flutter (21288): [SPM:perf] 698a51a  buildSpan: 4066µs
I/flutter (21288): [spm] Performance monitoring completed for 698a51a
I/flutter (21288): setState 698a51a
[spm]: ProfilerData event received.
I/flutter (21288): [SPM:perf] 698a51a  buildSpan: 4134µs
I/flutter (21288): [spm] Performance monitoring completed for 698a51a
I/flutter (21288): setState 698a51a
[spm]: ProfilerData event received.
I/flutter (21288): [SPM:perf] 698a51a  buildSpan: 4074µs
I/flutter (21288): [spm] Performance monitoring completed for 698a51a
I/flutter (21288): setState 698a51a
[spm]: ProfilerData event received.
I/flutter (21288): [SPM:perf] 698a51a  buildSpan: 4376µs
I/flutter (21288): [spm] Performance monitoring completed for 698a51a
I/flutter (21288): setState 698a51a
[spm]: ProfilerData event received.
I/flutter (21288): [SPM:perf] 698a51a  buildSpan: 3401µs
I/flutter (21288): [spm] Performance monitoring completed for 698a51a
I/flutter (21288): setState 698a51a
[spm]: ProfilerData event received.
I/flutter (21288): [SPM:perf] 698a51a  buildSpan: 3946µs
I/flutter (21288): [spm] Performance monitoring completed for 698a51a
I/flutter (21288): setState 698a51a
[spm]: ProfilerData event received.
I/flutter (21288): [SPM:perf] 698a51a  buildSpan: 4538µs
I/flutter (21288): [spm] Performance monitoring completed for 698a51a
I/flutter (21288): setState 698a51a
[spm]: ProfilerData event received.
I/flutter (21288): [SPM:perf] 698a51a  buildSpan: 4424µs
I/flutter (21288): [spm] Performance monitoring completed for 698a51a
I/flutter (21288): setState 698a51a
[spm]: ProfilerData event received.
I/flutter (21288): [SPM:perf] 698a51a  buildSpan: 4093µs
I/flutter (21288): [spm] Performance monitoring completed for 698a51a
I/flutter (21288): setState 698a51a
[spm]: ProfilerData event received.
I/flutter (21288): [SPM:perf] 698a51a  buildSpan: 4316µs
I/flutter (21288): [spm] Performance monitoring completed for 698a51a
I/flutter (21288): setState 698a51a
[spm]: ProfilerData event received.
I/flutter (21288): [SPM:perf] 698a51a  buildSpan: 4094µs
I/flutter (21288): [spm] Performance monitoring completed for 698a51a
I/flutter (21288): setState 698a51a
[spm]: ProfilerData event received.
I/flutter (21288): [SPM:perf] 698a51a  buildSpan: 4172µs
I/flutter (21288): [spm] Performance monitoring completed for 698a51a
I/flutter (21288): setState 698a51a
[spm]: ProfilerData event received.
I/flutter (21288): [SPM:perf] 698a51a  buildSpan: 4194µs
I/flutter (21288): [spm] Performance monitoring completed for 698a51a
I/flutter (21288): 01:12 +1: (tearDownAll)
I/flutter (21288): 01:13 +2: All tests passed!
All tests passed.
[spm]: Saved 30 profiler events to <ROOT>/dataset/36/redmi9t/raw/20260812-185012/base/e9.jsonl
[spm]: Reverting injection...
WARNING: Your Android app project: app located at: <ROOT>/android/app/build.gradle.kts
applies the Kotlin Gradle Plugin, which will cause build failures in future versions of Flutter. 
Please migrate your app to Built-in Kotlin using this guide: https://docs.flutter.dev/release/breaking-changes/migrate-to-built-in-kotlin/for-app-developers

VMServiceFlutterDriver: Connecting to Flutter application at http://127.0.0.1:45971/VWPRU1cABV4=/
[spm]: Detected VM service URI: ws://127.0.0.1:45971/VWPRU1cABV4=/ws
VMServiceFlutterDriver: Isolate found with number: 4551109893479231
VMServiceFlutterDriver: Isolate 4551109893479231 is runnable.
VMServiceFlutterDriver: Isolate is paused at start.
VMServiceFlutterDriver: Attempting to resume isolate
VMServiceFlutterDriver: Connected to Flutter application.