# sample_id=0529/rev_006_ac191eff exec_index=4 ok=True perf_lines=30 vm_events=30 battery_pct=44 soc_temp_millic=46700 battery_temp_c=31.7 charging=False preflight_started=2026-09-10T22:41:27.409819+00:00 started=2026-09-10T22:41:29.910984+00:00 ts=2026-09-10T22:43:13.353758+00:00
[spm]: Running flutter analyze...
Analyzing lib...                                                

   info • The part-of directive uses a library name. Try converting the directive to use the URI of the library • lib/dependencies.dart:46:1 • use_string_in_part_of_directives
   info • Library names are not necessary. Remove the library name • lib/generated_widget.dart:2:9 • unnecessary_library_name
   info • Constructors in '@immutable' classes should be declared as 'const'. Try adding 'const' to the constructor declaration • lib/generated_widget.dart:11:3 • prefer_const_constructors_in_immutables

[spm]: Injecting profiler code...
[spm]: Starting app...
Running Gradle task 'assembleProfile'...                        
Running Gradle task 'assembleProfile'...                         1,762ms
✓ Built build/app/outputs/flutter-apk/app-profile.apk (26.8MB)
Installing build/app/outputs/flutter-apk/app-profile.apk...      1,249ms
D/MiuiMultiWindowUtils(19274): freeform resolution args raw data:{  "zizhan":{    "freeform_args": {      "inner":{        "vertical_portrait":{"aspect_ratio":0.626, "original_ratio":0.5643,"original_scale":0.74,"top_margin":0.168,"left_margin":0.484},        "horizontal_portrait":{"aspect_ratio":0.626, "original_ratio":0.5643,"original_scale":0.74,"top_margin":0.1222,"left_margin":0.59745},        "vertical_landscape":{"aspect_ratio":1.6, "original_ratio":1,"original_scale":0.604,"top_margin":0.2596,"left_margin":0.2624},        "horizontal_landscape":{"aspect_ratio":1.6, "original_ratio":1,"original_scale":0.604,"top_margin":0.213,"left_margin":0.3758}      },      "outer":{        "vertical_portrait":{"aspect_ratio":0.626, "original_ratio":1,"original_scale":0.74,"top_margin":0.0753,"left_margin":-1},        "horizontal_portrait":{"aspect_ratio":0.626, "original_ratio":1,"original_scale":0.5756,"top_margin":-1,"left_margin":0.0753},        "vertical_landscape":{"aspect_ratio":1.6, "original_ratio":0.6847,"original_scale":0.587,"top_margin":0.0753,"left_margin":-1},        "horizontal_landscape":{"aspect_ratio":1.6, "original_ratio":0.6847,"original_scale":0.587,"top_margin":-1,"left_margin":0.0753}}    },    "mini_freeform_args":{      "inner":{        "vertical_portrait":{"aspect_ratio":0.626, "original_ratio":0.147},        "horizontal_portrait":{"aspect_ratio":0.626, "original_ratio":0.147},        "vertical_landscape":{"aspect_ratio":1.6, "original_ratio":0.165},        "horizontal_landscape":{"aspect_ratio":1.6, "original_ratio":0.165}      },      "outer":{        "vertical_portrait":{"aspect_ratio":0.626, "original_ratio":0.26},        "horizontal_portrait":{"aspect_ratio":0.626, "original_ratio":0.26},        "vertical_landscape":{"aspect_ratio":1.6, "original_ratio":0.293},        "horizontal_landscape":{"aspect_ratio":1.6, "original_ratio":0.293}}    }  },  "wide_default":{    "freeform_args": {        "vertical_portrait":{"aspect_ratio":0.625, "original_ratio":0.5806,"original_scale":0.7574,"top_margin":0.125,"left_margin":0.392},        "horizontal_portrait":{"aspect_ratio":0.625, "original_ratio":0.5806,"original_scale":0.7574,"top_margin":-1,"left_margin":0.6415},        "vertical_landscape":{"aspect_ratio":1.6, "original_ratio":1,"original_scale":0.5153,"top_margin":0.125,"left_margin":0.206},        "horizontal_landscape":{"aspect_ratio":1.6, "original_ratio":1,"original_scale":0.5153,"top_margin":-1,"left_margin":0.456}    },    "mini_freeform_args":{        "vertical_portrait":{"aspect_ratio":0.5625, "original_ratio":0.144},        "horizontal_portrait":{"aspect_ratio":0.5625, "original_ratio":0.144},        "vertical_landscape":{"aspect_ratio":-1, "original_ratio":0.144},        "horizontal_landscape":{"aspect_ratio":-1, "original_ratio":0.144}    }  },  "narrow_default": {    "freeform_args": {        "vertical_portrait":{"aspect_ratio":0.5625, "original_ratio":1,"original_scale":0.7182,"top_margin":0.142,"left_margin":-1},        "horizontal_portrait":{"aspect_ratio":0.8, "original_ratio":1,"original_scale":0.7182,"top_margin":-1,"left_margin":0.05},        "vertical_landscape":{"aspect_ratio":1.6, "original_ratio":0.6545,"original_scale":0.4473,"top_margin":0.142,"left_margin":-1},        "horizontal_landscape":{"aspect_ratio":1.6, "original_ratio":0.6545,"original_scale":0.4473,"top_margin":-1,"left_margin":0.05}    },    "mini_freeform_args":{        "vertical_portrait":{"aspect_ratio":0.5625, "original_ratio":0.3},        "horizontal_portrait":{"aspect_ratio":0.5625, "original_ratio":0.3},        "vertical_landscape":{"aspect_ratio":1.7778, "original_ratio":0.3},        "horizontal_landscape":{"aspect_ratio":1.7778, "original_ratio":0.3}    }  },  "regular_default": {    "freeform_args": {      "vertical_portrait":{"aspect_ratio":0.625, "original_ratio":1,"original_scale":0.7,"top_margin":0.109,"left_margin":-1},      "horizontal_portrait":{"aspect_ratio":0.6667, "original_ratio":1,"original_scale":0.6102,"top_margin":-1,"left_margin":0.026},      "vertical_landscape":{"asp
E/MiuiMultiWindowUtils(19274): initFreeFormResolutionArgs failed, device is lime
D/IS_CTS_MODE(19274): true
D/MULTI_WINDOW_SWITCH_ENABLED(19274): false
D/IS_CTS_MODE(19274): true
D/MULTI_WINDOW_SWITCH_ENABLED(19274): false
D/IS_CTS_MODE(19274): true
D/MULTI_WINDOW_SWITCH_ENABLED(19274): false
D/DecorView[](19274): getWindowModeFromSystem  windowmode is 1
D/DecorView[](19274): getWindowModeFromSystem  windowmode is 1
D/DecorView[](19274): updateDecorCaptionStatus displayWindowDecor is false
W/Looper  (19274): PerfMonitor looperActivity : package=com.example.benchmark_container/.MainActivity time=356ms latency=343ms running=0ms  procState=-1  historyMsgCount=3 (msgIndex=1 wall=356ms seq=4 late=343ms h=android.app.ActivityThread$H w=159) (msgIndex=2 wall=356ms seq=4 late=343ms h=android.app.ActivityThread$H w=159) (msgIndex=3 wall=347ms seq=3 h=android.app.ActivityThread$H w=110)
W/Looper  (19274): PerfMonitor looperActivity : package=com.example.benchmark_container/.MainActivity time=0ms latency=701ms running=0ms  procState=-1  historyMsgCount=4 (msgIndex=1 wall=356ms seq=4 h=android.app.ActivityThread$H w=159) (msgIndex=2 wall=356ms seq=4 h=android.app.ActivityThread$H w=159) (msgIndex=3 wall=347ms seq=3 h=android.app.ActivityThread$H w=110) (msgIndex=4 wall=356ms seq=4 h=android.app.ActivityThread$H w=159)
D/SurfaceView(19274): UPDATE null, mIsCastMode = false
D/hw-ProcessState(19274): Binder ioctl to enable oneway spam detection failed: Invalid argument
W/Looper  (19274): PerfMonitor longMsg : seq=8 plan=01:41:49.128 late=359ms wall=1668ms running=0ms h=android.view.Choreographer$FrameHandler c=android.view.Choreographer$FrameDisplayEventReceiver procState=-1
W/Looper  (19274): PerfMonitor doFrame : time=1668ms vsyncFrame=0 latency=359ms procState=-1 historyMsgCount=4 (msgIndex=1 wall=1668ms seq=8 late=359ms h=android.view.Choreographer$FrameHandler c=android.view.Choreographer$FrameDisplayEventReceiver)
I/Choreographer(19274): Skipped 95 frames!  The application may be doing too much work on its main thread.
D/SurfaceView(19274): UPDATE Surface(name=SurfaceView[com.example.benchmark_container/com.example.benchmark_container.MainActivity])/@0x739554a, mIsProjectionMode = false
W/Looper  (19274): PerfMonitor doFrame : time=3ms vsyncFrame=0 latency=1584ms procState=-1 historyMsgCount=4
[spm]: Connected to Dart VM service.
I/flutter (19274): 00:00 +0: Performance Benchmark
E/hmark_containe(19274): open libmigui.so failed! dlopen - dlopen failed: library "libmigui.so" not found
D/hmark_containe(19274): MiuiProcessManagerServiceStub setSchedFifo
I/MiuiProcessManagerImpl(19274): setSchedFifo pid:19274, mode:3
D/DecorView[](19274): onWindowFocusChanged hasWindowFocus true
D/DecorView[](19274): getWindowModeFromSystem  windowmode is 1
D/DecorView[](19274): updateDecorCaptionStatus displayWindowDecor is false
D/ProfileInstaller(19274): Installing profile for com.example.benchmark_container
[spm]: ProfilerData event received.
I/flutter (19274): [SPM:perf] 698a51a  buildSpan: 4009µs
I/flutter (19274): [spm] Performance monitoring completed for 698a51a
[spm]: ProfilerData event received.
I/flutter (19274): [SPM:perf] 698a51a  buildSpan: 3255µs
I/flutter (19274): [spm] Performance monitoring completed for 698a51a
[spm]: ProfilerData event received.
I/flutter (19274): [SPM:perf] 698a51a  buildSpan: 3196µs
I/flutter (19274): [spm] Performance monitoring completed for 698a51a
[spm]: ProfilerData event received.
I/flutter (19274): [SPM:perf] 698a51a  buildSpan: 8352µs
I/flutter (19274): [spm] Performance monitoring completed for 698a51a
[spm]: ProfilerData event received.
I/flutter (19274): [SPM:perf] 698a51a  buildSpan: 3371µs
I/flutter (19274): [spm] Performance monitoring completed for 698a51a
[spm]: ProfilerData event received.
I/flutter (19274): [SPM:perf] 698a51a  buildSpan: 3189µs
I/flutter (19274): [spm] Performance monitoring completed for 698a51a
[spm]: ProfilerData event received.
I/flutter (19274): [SPM:perf] 698a51a  buildSpan: 3356µs
I/flutter (19274): [spm] Performance monitoring completed for 698a51a
[spm]: ProfilerData event received.
I/flutter (19274): [SPM:perf] 698a51a  buildSpan: 2875µs
I/flutter (19274): [spm] Performance monitoring completed for 698a51a
[spm]: ProfilerData event received.
I/flutter (19274): [SPM:perf] 698a51a  buildSpan: 2334µs
I/flutter (19274): [spm] Performance monitoring completed for 698a51a
[spm]: ProfilerData event received.
I/flutter (19274): [SPM:perf] 698a51a  buildSpan: 2628µs
I/flutter (19274): [spm] Performance monitoring completed for 698a51a
[spm]: ProfilerData event received.
I/flutter (19274): [SPM:perf] 698a51a  buildSpan: 3289µs
I/flutter (19274): [spm] Performance monitoring completed for 698a51a
I/flutter (19274): [SPM:perf] 698a51a  buildSpan: 2953µs
I/flutter (19274): [spm] Performance monitoring completed for 698a51a
[spm]: ProfilerData event received.
[spm]: ProfilerData event received.
I/flutter (19274): [SPM:perf] 698a51a  buildSpan: 3179µs
I/flutter (19274): [spm] Performance monitoring completed for 698a51a
[spm]: ProfilerData event received.
I/flutter (19274): [SPM:perf] 698a51a  buildSpan: 3523µs
I/flutter (19274): [spm] Performance monitoring completed for 698a51a
[spm]: ProfilerData event received.
I/flutter (19274): [SPM:perf] 698a51a  buildSpan: 3560µs
I/flutter (19274): [spm] Performance monitoring completed for 698a51a
[spm]: ProfilerData event received.
I/flutter (19274): [SPM:perf] 698a51a  buildSpan: 3387µs
I/flutter (19274): [spm] Performance monitoring completed for 698a51a
[spm]: ProfilerData event received.
I/flutter (19274): [SPM:perf] 698a51a  buildSpan: 3317µs
I/flutter (19274): [spm] Performance monitoring completed for 698a51a
[spm]: ProfilerData event received.
I/flutter (19274): [SPM:perf] 698a51a  buildSpan: 3622µs
I/flutter (19274): [spm] Performance monitoring completed for 698a51a
[spm]: ProfilerData event received.
I/flutter (19274): [SPM:perf] 698a51a  buildSpan: 3224µs
I/flutter (19274): [spm] Performance monitoring completed for 698a51a
[spm]: ProfilerData event received.
I/flutter (19274): [SPM:perf] 698a51a  buildSpan: 2437µs
I/flutter (19274): [spm] Performance monitoring completed for 698a51a
[spm]: ProfilerData event received.
I/flutter (19274): [SPM:perf] 698a51a  buildSpan: 3595µs
I/flutter (19274): [spm] Performance monitoring completed for 698a51a
[spm]: ProfilerData event received.
I/flutter (19274): [SPM:perf] 698a51a  buildSpan: 2162µs
I/flutter (19274): [spm] Performance monitoring completed for 698a51a
[spm]: ProfilerData event received.
I/flutter (19274): [SPM:perf] 698a51a  buildSpan: 2222µs
I/flutter (19274): [spm] Performance monitoring completed for 698a51a
[spm]: ProfilerData event received.
I/flutter (19274): [SPM:perf] 698a51a  buildSpan: 2959µs
I/flutter (19274): [spm] Performance monitoring completed for 698a51a
[spm]: ProfilerData event received.
I/flutter (19274): [SPM:perf] 698a51a  buildSpan: 2050µs
I/flutter (19274): [spm] Performance monitoring completed for 698a51a
[spm]: ProfilerData event received.
I/flutter (19274): [SPM:perf] 698a51a  buildSpan: 2713µs
I/flutter (19274): [spm] Performance monitoring completed for 698a51a
[spm]: ProfilerData event received.
I/flutter (19274): [SPM:perf] 698a51a  buildSpan: 3697µs
I/flutter (19274): [spm] Performance monitoring completed for 698a51a
[spm]: ProfilerData event received.
I/flutter (19274): [SPM:perf] 698a51a  buildSpan: 3332µs
I/flutter (19274): [spm] Performance monitoring completed for 698a51a
[spm]: ProfilerData event received.
I/flutter (19274): [SPM:perf] 698a51a  buildSpan: 2694µs
I/flutter (19274): [spm] Performance monitoring completed for 698a51a
[spm]: ProfilerData event received.
I/flutter (19274): [SPM:perf] 698a51a  buildSpan: 3185µs
I/flutter (19274): [spm] Performance monitoring completed for 698a51a
I/flutter (19274): 01:10 +1: (tearDownAll)
I/flutter (19274): 01:11 +2: All tests passed!
All tests passed.
[spm]: Saved 30 profiler events to <ROOT>/dataset-new_samples/0529/redmi9t/raw/20260911-010034/rev_006_ac191eff/e4.jsonl
[spm]: Reverting injection...
3 issues found. (ran in 0.5s)
WARNING: Your Android app project: app located at: <ROOT>/android/app/build.gradle.kts
applies the Kotlin Gradle Plugin, which will cause build failures in future versions of Flutter. 
Please migrate your app to Built-in Kotlin using this guide: https://docs.flutter.dev/release/breaking-changes/migrate-to-built-in-kotlin/for-app-developers

VMServiceFlutterDriver: Connecting to Flutter application at http://127.0.0.1:45045/WG_7SkvoEWA=/
[spm]: Detected VM service URI: ws://127.0.0.1:45045/WG_7SkvoEWA=/ws
VMServiceFlutterDriver: Isolate found with number: 6281265373625831
VMServiceFlutterDriver: Isolate 6281265373625831 is runnable.
VMServiceFlutterDriver: Isolate is paused at start.
VMServiceFlutterDriver: Attempting to resume isolate
VMServiceFlutterDriver: Connected to Flutter application.
VMServiceFlutterDriver: request_data message is taking a long time to complete...