# sample_id=34/base exec_index=10 ok=True perf_lines=30 vm_events=30 battery_pct=74 soc_temp_millic=47600 battery_temp_c=32.7 charging=False preflight_started=2026-08-12T02:55:57.714100+00:00 started=2026-08-12T02:56:00.192307+00:00 ts=2026-08-12T02:57:56.856984+00:00
[spm]: Running flutter analyze...
Analyzing lib...                                                

   info • Constructors in '@immutable' classes should be declared as 'const'. Try adding 'const' to the constructor declaration • lib/generated_widget.dart:7:3 • prefer_const_constructors_in_immutables
   info • Parameter 'key' could be a super parameter. Trying converting 'key' to a super parameter • lib/generated_widget.dart:7:3 • use_super_parameters
   info • Unnecessary 'new' keyword. Try removing the 'new' keyword • lib/generated_widget.dart:16:12 • unnecessary_new
   info • Unnecessary 'new' keyword. Try removing the 'new' keyword • lib/generated_widget.dart:16:33 • unnecessary_new
   info • Parameter 'key' could be a super parameter. Trying converting 'key' to a super parameter • lib/generated_widget.dart:21:9 • use_super_parameters
   info • Use a 'SizedBox' to add whitespace to a layout. Try using a 'SizedBox' rather than a 'Container' • lib/generated_widget.dart:51:16 • sized_box_for_whitespace

[spm]: Injecting profiler code...
[spm]: Starting app...
Running Gradle task 'assembleProfile'...                        
Running Gradle task 'assembleProfile'...                           19.1s
✓ Built build/app/outputs/flutter-apk/app-profile.apk (61.8MB)
Installing build/app/outputs/flutter-apk/app-profile.apk...      2,298ms
D/MiuiMultiWindowUtils(29334): freeform resolution args raw data:{  "zizhan":{    "freeform_args": {      "inner":{        "vertical_portrait":{"aspect_ratio":0.626, "original_ratio":0.5643,"original_scale":0.74,"top_margin":0.168,"left_margin":0.484},        "horizontal_portrait":{"aspect_ratio":0.626, "original_ratio":0.5643,"original_scale":0.74,"top_margin":0.1222,"left_margin":0.59745},        "vertical_landscape":{"aspect_ratio":1.6, "original_ratio":1,"original_scale":0.604,"top_margin":0.2596,"left_margin":0.2624},        "horizontal_landscape":{"aspect_ratio":1.6, "original_ratio":1,"original_scale":0.604,"top_margin":0.213,"left_margin":0.3758}      },      "outer":{        "vertical_portrait":{"aspect_ratio":0.626, "original_ratio":1,"original_scale":0.74,"top_margin":0.0753,"left_margin":-1},        "horizontal_portrait":{"aspect_ratio":0.626, "original_ratio":1,"original_scale":0.5756,"top_margin":-1,"left_margin":0.0753},        "vertical_landscape":{"aspect_ratio":1.6, "original_ratio":0.6847,"original_scale":0.587,"top_margin":0.0753,"left_margin":-1},        "horizontal_landscape":{"aspect_ratio":1.6, "original_ratio":0.6847,"original_scale":0.587,"top_margin":-1,"left_margin":0.0753}}    },    "mini_freeform_args":{      "inner":{        "vertical_portrait":{"aspect_ratio":0.626, "original_ratio":0.147},        "horizontal_portrait":{"aspect_ratio":0.626, "original_ratio":0.147},        "vertical_landscape":{"aspect_ratio":1.6, "original_ratio":0.165},        "horizontal_landscape":{"aspect_ratio":1.6, "original_ratio":0.165}      },      "outer":{        "vertical_portrait":{"aspect_ratio":0.626, "original_ratio":0.26},        "horizontal_portrait":{"aspect_ratio":0.626, "original_ratio":0.26},        "vertical_landscape":{"aspect_ratio":1.6, "original_ratio":0.293},        "horizontal_landscape":{"aspect_ratio":1.6, "original_ratio":0.293}}    }  },  "wide_default":{    "freeform_args": {        "vertical_portrait":{"aspect_ratio":0.625, "original_ratio":0.5806,"original_scale":0.7574,"top_margin":0.125,"left_margin":0.392},        "horizontal_portrait":{"aspect_ratio":0.625, "original_ratio":0.5806,"original_scale":0.7574,"top_margin":-1,"left_margin":0.6415},        "vertical_landscape":{"aspect_ratio":1.6, "original_ratio":1,"original_scale":0.5153,"top_margin":0.125,"left_margin":0.206},        "horizontal_landscape":{"aspect_ratio":1.6, "original_ratio":1,"original_scale":0.5153,"top_margin":-1,"left_margin":0.456}    },    "mini_freeform_args":{        "vertical_portrait":{"aspect_ratio":0.5625, "original_ratio":0.144},        "horizontal_portrait":{"aspect_ratio":0.5625, "original_ratio":0.144},        "vertical_landscape":{"aspect_ratio":-1, "original_ratio":0.144},        "horizontal_landscape":{"aspect_ratio":-1, "original_ratio":0.144}    }  },  "narrow_default": {    "freeform_args": {        "vertical_portrait":{"aspect_ratio":0.5625, "original_ratio":1,"original_scale":0.7182,"top_margin":0.142,"left_margin":-1},        "horizontal_portrait":{"aspect_ratio":0.8, "original_ratio":1,"original_scale":0.7182,"top_margin":-1,"left_margin":0.05},        "vertical_landscape":{"aspect_ratio":1.6, "original_ratio":0.6545,"original_scale":0.4473,"top_margin":0.142,"left_margin":-1},        "horizontal_landscape":{"aspect_ratio":1.6, "original_ratio":0.6545,"original_scale":0.4473,"top_margin":-1,"left_margin":0.05}    },    "mini_freeform_args":{        "vertical_portrait":{"aspect_ratio":0.5625, "original_ratio":0.3},        "horizontal_portrait":{"aspect_ratio":0.5625, "original_ratio":0.3},        "vertical_landscape":{"aspect_ratio":1.7778, "original_ratio":0.3},        "horizontal_landscape":{"aspect_ratio":1.7778, "original_ratio":0.3}    }  },  "regular_default": {    "freeform_args": {      "vertical_portrait":{"aspect_ratio":0.625, "original_ratio":1,"original_scale":0.7,"top_margin":0.109,"left_margin":-1},      "horizontal_portrait":{"aspect_ratio":0.6667, "original_ratio":1,"original_scale":0.6102,"top_margin":-1,"left_margin":0.026},      "vertical_landscape":{"asp
E/MiuiMultiWindowUtils(29334): initFreeFormResolutionArgs failed, device is lime
D/IS_CTS_MODE(29334): true
D/MULTI_WINDOW_SWITCH_ENABLED(29334): false
D/IS_CTS_MODE(29334): true
D/MULTI_WINDOW_SWITCH_ENABLED(29334): false
D/IS_CTS_MODE(29334): true
D/MULTI_WINDOW_SWITCH_ENABLED(29334): false
D/DecorView[](29334): getWindowModeFromSystem  windowmode is 1
I/ForceDarkHelperStubImpl(29334): setViewRootImplForceDark: false for com.example.benchmark_container.MainActivity@6276a4e, reason: AppDarkModeEnable
I/ForceDarkHelperStubImpl(29334): setViewRootImplForceDark: false for com.example.benchmark_container.MainActivity@6276a4e, reason: AppDarkModeEnable
D/DecorView[](29334): getWindowModeFromSystem  windowmode is 1
D/DecorView[](29334): updateDecorCaptionStatus displayWindowDecor is false
W/Looper  (29334): PerfMonitor looperActivity : package=com.example.benchmark_container/.MainActivity time=476ms latency=402ms running=0ms  procState=-1  historyMsgCount=3 (msgIndex=3 wall=401ms seq=3 h=android.app.ActivityThread$H w=110)
W/Looper  (29334): PerfMonitor looperActivity : package=com.example.benchmark_container/.MainActivity time=1ms latency=877ms running=0ms  procState=-1  historyMsgCount=3 (msgIndex=2 wall=401ms seq=3 h=android.app.ActivityThread$H w=110) (msgIndex=3 wall=476ms seq=4 late=402ms h=android.app.ActivityThread$H w=159)
D/SurfaceView(29334): UPDATE null, mIsCastMode = false
D/hw-ProcessState(29334): Binder ioctl to enable oneway spam detection failed: Invalid argument
W/Looper  (29334): PerfMonitor longMsg : seq=8 plan=05:56:34.239 late=489ms wall=1861ms running=0ms h=android.view.Choreographer$FrameHandler c=android.view.Choreographer$FrameDisplayEventReceiver procState=-1
W/Looper  (29334): PerfMonitor doFrame : time=1861ms vsyncFrame=0 latency=489ms procState=-1 historyMsgCount=7 (msgIndex=3 wall=1861ms seq=8 late=489ms h=android.view.Choreographer$FrameHandler c=android.view.Choreographer$FrameDisplayEventReceiver) (msgIndex=4 wall=476ms seq=4 h=android.app.ActivityThread$H w=159)
I/Choreographer(29334): Skipped 103 frames!  The application may be doing too much work on its main thread.
D/SurfaceView(29334): UPDATE Surface(name=SurfaceView[com.example.benchmark_container/com.example.benchmark_container.MainActivity])/@0x3ee5544, mIsProjectionMode = false
W/Looper  (29334): PerfMonitor doFrame : time=3ms vsyncFrame=0 latency=1728ms procState=-1 historyMsgCount=4
[spm]: Connected to Dart VM service.
I/flutter (29334): 00:00 +0: Performance Benchmark
E/hmark_containe(29334): open libmigui.so failed! dlopen - dlopen failed: library "libmigui.so" not found
D/hmark_containe(29334): MiuiProcessManagerServiceStub setSchedFifo
I/MiuiProcessManagerImpl(29334): setSchedFifo pid:29334, mode:3
D/DecorView[](29334): onWindowFocusChanged hasWindowFocus true
D/DecorView[](29334): getWindowModeFromSystem  windowmode is 1
D/DecorView[](29334): updateDecorCaptionStatus displayWindowDecor is false
D/ProfileInstaller(29334): Installing profile for com.example.benchmark_container
I/flutter (29334): setState 698a51a
[spm]: ProfilerData event received.
I/flutter (29334): [SPM:perf] 698a51a  buildSpan: 1273µs
I/flutter (29334): [spm] Performance monitoring completed for 698a51a
I/flutter (29334): setState 698a51a
[spm]: ProfilerData event received.
I/flutter (29334): [SPM:perf] 698a51a  buildSpan: 1077µs
I/flutter (29334): [spm] Performance monitoring completed for 698a51a
I/flutter (29334): setState 698a51a
[spm]: ProfilerData event received.
I/flutter (29334): [SPM:perf] 698a51a  buildSpan: 879µs
I/flutter (29334): [spm] Performance monitoring completed for 698a51a
I/flutter (29334): setState 698a51a
[spm]: ProfilerData event received.
I/flutter (29334): [SPM:perf] 698a51a  buildSpan: 912µs
I/flutter (29334): [spm] Performance monitoring completed for 698a51a
I/flutter (29334): setState 698a51a
[spm]: ProfilerData event received.
I/flutter (29334): [SPM:perf] 698a51a  buildSpan: 657µs
I/flutter (29334): [spm] Performance monitoring completed for 698a51a
I/flutter (29334): setState 698a51a
[spm]: ProfilerData event received.
I/flutter (29334): [SPM:perf] 698a51a  buildSpan: 1100µs
I/flutter (29334): [spm] Performance monitoring completed for 698a51a
I/flutter (29334): setState 698a51a
[spm]: ProfilerData event received.
I/flutter (29334): [SPM:perf] 698a51a  buildSpan: 1071µs
I/flutter (29334): [spm] Performance monitoring completed for 698a51a
I/flutter (29334): setState 698a51a
[spm]: ProfilerData event received.
I/flutter (29334): [SPM:perf] 698a51a  buildSpan: 937µs
I/flutter (29334): [spm] Performance monitoring completed for 698a51a
I/flutter (29334): setState 698a51a
[spm]: ProfilerData event received.
I/flutter (29334): [SPM:perf] 698a51a  buildSpan: 670µs
I/flutter (29334): [spm] Performance monitoring completed for 698a51a
I/flutter (29334): setState 698a51a
[spm]: ProfilerData event received.
I/flutter (29334): [SPM:perf] 698a51a  buildSpan: 1328µs
I/flutter (29334): [spm] Performance monitoring completed for 698a51a
I/flutter (29334): setState 698a51a
[spm]: ProfilerData event received.
I/flutter (29334): [SPM:perf] 698a51a  buildSpan: 1062µs
I/flutter (29334): [spm] Performance monitoring completed for 698a51a
I/flutter (29334): setState 698a51a
[spm]: ProfilerData event received.
I/flutter (29334): [SPM:perf] 698a51a  buildSpan: 1114µs
I/flutter (29334): [spm] Performance monitoring completed for 698a51a
I/flutter (29334): setState 698a51a
[spm]: ProfilerData event received.
I/flutter (29334): [SPM:perf] 698a51a  buildSpan: 827µs
I/flutter (29334): [spm] Performance monitoring completed for 698a51a
I/flutter (29334): setState 698a51a
[spm]: ProfilerData event received.
I/flutter (29334): [SPM:perf] 698a51a  buildSpan: 917µs
I/flutter (29334): [spm] Performance monitoring completed for 698a51a
I/flutter (29334): setState 698a51a
[spm]: ProfilerData event received.
I/flutter (29334): [SPM:perf] 698a51a  buildSpan: 877µs
I/flutter (29334): [spm] Performance monitoring completed for 698a51a
I/flutter (29334): setState 698a51a
[spm]: ProfilerData event received.
I/flutter (29334): [SPM:perf] 698a51a  buildSpan: 910µs
I/flutter (29334): [spm] Performance monitoring completed for 698a51a
I/flutter (29334): setState 698a51a
[spm]: ProfilerData event received.
I/flutter (29334): [SPM:perf] 698a51a  buildSpan: 1103µs
I/flutter (29334): [spm] Performance monitoring completed for 698a51a
I/flutter (29334): setState 698a51a
[spm]: ProfilerData event received.
I/flutter (29334): [SPM:perf] 698a51a  buildSpan: 1053µs
I/flutter (29334): [spm] Performance monitoring completed for 698a51a
I/flutter (29334): setState 698a51a
[spm]: ProfilerData event received.
I/flutter (29334): [SPM:perf] 698a51a  buildSpan: 1067µs
I/flutter (29334): [spm] Performance monitoring completed for 698a51a
I/flutter (29334): setState 698a51a
[spm]: ProfilerData event received.
I/flutter (29334): [SPM:perf] 698a51a  buildSpan: 1109µs
I/flutter (29334): [spm] Performance monitoring completed for 698a51a
I/flutter (29334): setState 698a51a
[spm]: ProfilerData event received.
I/flutter (29334): [SPM:perf] 698a51a  buildSpan: 1204µs
I/flutter (29334): [spm] Performance monitoring completed for 698a51a
I/flutter (29334): setState 698a51a
[spm]: ProfilerData event received.
I/flutter (29334): [SPM:perf] 698a51a  buildSpan: 1109µs
I/flutter (29334): [spm] Performance monitoring completed for 698a51a
I/flutter (29334): setState 698a51a
[spm]: ProfilerData event received.
I/flutter (29334): [SPM:perf] 698a51a  buildSpan: 1118µs
I/flutter (29334): [spm] Performance monitoring completed for 698a51a
I/flutter (29334): setState 698a51a
[spm]: ProfilerData event received.
I/flutter (29334): [SPM:perf] 698a51a  buildSpan: 1269µs
I/flutter (29334): [spm] Performance monitoring completed for 698a51a
I/flutter (29334): setState 698a51a
[spm]: ProfilerData event received.
I/flutter (29334): [SPM:perf] 698a51a  buildSpan: 1087µs
I/flutter (29334): [spm] Performance monitoring completed for 698a51a
I/flutter (29334): setState 698a51a
[spm]: ProfilerData event received.
I/flutter (29334): [SPM:perf] 698a51a  buildSpan: 1071µs
I/flutter (29334): [spm] Performance monitoring completed for 698a51a
I/flutter (29334): setState 698a51a
[spm]: ProfilerData event received.
I/flutter (29334): [SPM:perf] 698a51a  buildSpan: 941µs
I/flutter (29334): [spm] Performance monitoring completed for 698a51a
I/flutter (29334): setState 698a51a
[spm]: ProfilerData event received.
I/flutter (29334): [SPM:perf] 698a51a  buildSpan: 951µs
I/flutter (29334): [spm] Performance monitoring completed for 698a51a
I/flutter (29334): setState 698a51a
[spm]: ProfilerData event received.
I/flutter (29334): [SPM:perf] 698a51a  buildSpan: 844µs
I/flutter (29334): [spm] Performance monitoring completed for 698a51a
I/flutter (29334): setState 698a51a
[spm]: ProfilerData event received.
I/flutter (29334): [SPM:perf] 698a51a  buildSpan: 1041µs
I/flutter (29334): [spm] Performance monitoring completed for 698a51a
I/flutter (29334): 01:10 +1: (tearDownAll)
I/flutter (29334): 01:11 +2: All tests passed!
All tests passed.
[spm]: Saved 30 profiler events to <ROOT>/dataset/34/redmi9t/raw/20260812-021319/base/e10.jsonl
[spm]: Reverting injection...
6 issues found. (ran in 0.5s)
WARNING: Your Android app project: app located at: <ROOT>/android/app/build.gradle.kts
applies the Kotlin Gradle Plugin, which will cause build failures in future versions of Flutter. 
Please migrate your app to Built-in Kotlin using this guide: https://docs.flutter.dev/release/breaking-changes/migrate-to-built-in-kotlin/for-app-developers

VMServiceFlutterDriver: Connecting to Flutter application at http://127.0.0.1:44523/evF8XEnPTV8=/
[spm]: Detected VM service URI: ws://127.0.0.1:44523/evF8XEnPTV8=/ws
VMServiceFlutterDriver: Isolate found with number: 1722410750423599
VMServiceFlutterDriver: Isolate 1722410750423599 is runnable.
VMServiceFlutterDriver: Isolate is paused at start.
VMServiceFlutterDriver: Attempting to resume isolate
VMServiceFlutterDriver: Connected to Flutter application.