# sample_id=34/base exec_index=5 ok=True perf_lines=30 vm_events=30 battery_pct=73 soc_temp_millic=41700 battery_temp_c=32.7 charging=False preflight_started=2026-08-12T03:05:53.724829+00:00 started=2026-08-12T03:05:56.417446+00:00 ts=2026-08-12T03:07:52.127041+00:00
[spm]: Running flutter analyze...
Analyzing lib...                                                

   info • Constructors in '@immutable' classes should be declared as 'const'. Try adding 'const' to the constructor declaration • lib/generated_widget.dart:7:3 • prefer_const_constructors_in_immutables
   info • Parameter 'key' could be a super parameter. Trying converting 'key' to a super parameter • lib/generated_widget.dart:7:3 • use_super_parameters
   info • Unnecessary 'new' keyword. Try removing the 'new' keyword • lib/generated_widget.dart:16:12 • unnecessary_new
   info • Unnecessary 'new' keyword. Try removing the 'new' keyword • lib/generated_widget.dart:16:33 • unnecessary_new
   info • Parameter 'key' could be a super parameter. Trying converting 'key' to a super parameter • lib/generated_widget.dart:21:9 • use_super_parameters
   info • Use a 'SizedBox' to add whitespace to a layout. Try using a 'SizedBox' rather than a 'Container' • lib/generated_widget.dart:51:16 • sized_box_for_whitespace

[spm]: Injecting profiler code...
[spm]: Starting app...
Running Gradle task 'assembleProfile'...                        
Running Gradle task 'assembleProfile'...                           18.7s
✓ Built build/app/outputs/flutter-apk/app-profile.apk (61.8MB)
Installing build/app/outputs/flutter-apk/app-profile.apk...      2,040ms
D/DecorView[]( 5905): getWindowModeFromSystem  windowmode is 1
I/ForceDarkHelperStubImpl( 5905): setViewRootImplForceDark: false for com.example.benchmark_container.MainActivity@6276a4e, reason: AppDarkModeEnable
I/ForceDarkHelperStubImpl( 5905): setViewRootImplForceDark: false for com.example.benchmark_container.MainActivity@6276a4e, reason: AppDarkModeEnable
D/DecorView[]( 5905): getWindowModeFromSystem  windowmode is 1
D/DecorView[]( 5905): updateDecorCaptionStatus displayWindowDecor is false
W/Looper  ( 5905): PerfMonitor looperActivity : package=com.example.benchmark_container/.MainActivity time=387ms latency=373ms running=0ms  procState=-1  historyMsgCount=2 (msgIndex=1 wall=387ms seq=4 late=373ms h=android.app.ActivityThread$H w=159) (msgIndex=2 wall=374ms seq=3 h=android.app.ActivityThread$H w=110)
W/Looper  ( 5905): PerfMonitor looperActivity : package=com.example.benchmark_container/.MainActivity time=1ms latency=761ms running=0ms  procState=-1  historyMsgCount=4 (msgIndex=2 wall=387ms seq=4 late=373ms h=android.app.ActivityThread$H w=159) (msgIndex=3 wall=374ms seq=3 h=android.app.ActivityThread$H w=110) (msgIndex=4 wall=387ms seq=4 late=373ms h=android.app.ActivityThread$H w=159)
D/SurfaceView( 5905): UPDATE null, mIsCastMode = false
D/hw-ProcessState( 5905): Binder ioctl to enable oneway spam detection failed: Invalid argument
W/Looper  ( 5905): PerfMonitor longMsg : seq=8 plan=06:06:30.430 late=396ms wall=1894ms running=0ms h=android.view.Choreographer$FrameHandler c=android.view.Choreographer$FrameDisplayEventReceiver procState=-1
W/Looper  ( 5905): PerfMonitor doFrame : time=1894ms vsyncFrame=0 latency=396ms procState=-1 historyMsgCount=7 (msgIndex=2 wall=387ms seq=4 h=android.app.ActivityThread$H w=159) (msgIndex=3 wall=1894ms seq=8 late=396ms h=android.view.Choreographer$FrameHandler c=android.view.Choreographer$FrameDisplayEventReceiver) (msgIndex=4 wall=387ms seq=4 h=android.app.ActivityThread$H w=159)
I/Choreographer( 5905): Skipped 106 frames!  The application may be doing too much work on its main thread.
D/SurfaceView( 5905): UPDATE Surface(name=SurfaceView[com.example.benchmark_container/com.example.benchmark_container.MainActivity])/@0x3ee5544, mIsProjectionMode = false
W/Looper  ( 5905): PerfMonitor doFrame : time=4ms vsyncFrame=0 latency=1780ms procState=-1 historyMsgCount=4
[spm]: Connected to Dart VM service.
I/flutter ( 5905): 00:00 +0: Performance Benchmark
E/hmark_containe( 5905): open libmigui.so failed! dlopen - dlopen failed: library "libmigui.so" not found
D/hmark_containe( 5905): MiuiProcessManagerServiceStub setSchedFifo
I/MiuiProcessManagerImpl( 5905): setSchedFifo pid:5905, mode:3
D/DecorView[]( 5905): onWindowFocusChanged hasWindowFocus true
D/DecorView[]( 5905): getWindowModeFromSystem  windowmode is 1
D/DecorView[]( 5905): updateDecorCaptionStatus displayWindowDecor is false
D/ProfileInstaller( 5905): Installing profile for com.example.benchmark_container
I/flutter ( 5905): setState 698a51a
[spm]: ProfilerData event received.
I/flutter ( 5905): [SPM:perf] 698a51a  buildSpan: 1273µs
I/flutter ( 5905): [spm] Performance monitoring completed for 698a51a
I/flutter ( 5905): setState 698a51a
I/flutter ( 5905): [SPM:perf] 698a51a  buildSpan: 922µs
[spm]: ProfilerData event received.
I/flutter ( 5905): [spm] Performance monitoring completed for 698a51a
I/flutter ( 5905): setState 698a51a
[spm]: ProfilerData event received.
I/flutter ( 5905): [SPM:perf] 698a51a  buildSpan: 945µs
I/flutter ( 5905): [spm] Performance monitoring completed for 698a51a
I/flutter ( 5905): setState 698a51a
[spm]: ProfilerData event received.
I/flutter ( 5905): [SPM:perf] 698a51a  buildSpan: 869µs
I/flutter ( 5905): [spm] Performance monitoring completed for 698a51a
I/flutter ( 5905): setState 698a51a
[spm]: ProfilerData event received.
I/flutter ( 5905): [SPM:perf] 698a51a  buildSpan: 760µs
I/flutter ( 5905): [spm] Performance monitoring completed for 698a51a
I/flutter ( 5905): setState 698a51a
[spm]: ProfilerData event received.
I/flutter ( 5905): [SPM:perf] 698a51a  buildSpan: 1163µs
I/flutter ( 5905): [spm] Performance monitoring completed for 698a51a
I/flutter ( 5905): setState 698a51a
[spm]: ProfilerData event received.
I/flutter ( 5905): [SPM:perf] 698a51a  buildSpan: 1130µs
I/flutter ( 5905): [spm] Performance monitoring completed for 698a51a
I/flutter ( 5905): setState 698a51a
[spm]: ProfilerData event received.
I/flutter ( 5905): [SPM:perf] 698a51a  buildSpan: 1044µs
I/flutter ( 5905): [spm] Performance monitoring completed for 698a51a
I/flutter ( 5905): setState 698a51a
[spm]: ProfilerData event received.
I/flutter ( 5905): [SPM:perf] 698a51a  buildSpan: 1213µs
I/flutter ( 5905): [spm] Performance monitoring completed for 698a51a
I/flutter ( 5905): setState 698a51a
[spm]: ProfilerData event received.
I/flutter ( 5905): [SPM:perf] 698a51a  buildSpan: 1134µs
I/flutter ( 5905): [spm] Performance monitoring completed for 698a51a
I/flutter ( 5905): setState 698a51a
[spm]: ProfilerData event received.
I/flutter ( 5905): [SPM:perf] 698a51a  buildSpan: 863µs
I/flutter ( 5905): [spm] Performance monitoring completed for 698a51a
I/flutter ( 5905): setState 698a51a
[spm]: ProfilerData event received.
I/flutter ( 5905): [SPM:perf] 698a51a  buildSpan: 1091µs
I/flutter ( 5905): [spm] Performance monitoring completed for 698a51a
I/flutter ( 5905): setState 698a51a
[spm]: ProfilerData event received.
I/flutter ( 5905): [SPM:perf] 698a51a  buildSpan: 1116µs
I/flutter ( 5905): [spm] Performance monitoring completed for 698a51a
I/flutter ( 5905): setState 698a51a
[spm]: ProfilerData event received.
I/flutter ( 5905): [SPM:perf] 698a51a  buildSpan: 1210µs
I/flutter ( 5905): [spm] Performance monitoring completed for 698a51a
I/flutter ( 5905): setState 698a51a
[spm]: ProfilerData event received.
I/flutter ( 5905): [SPM:perf] 698a51a  buildSpan: 1091µs
I/flutter ( 5905): [spm] Performance monitoring completed for 698a51a
I/flutter ( 5905): setState 698a51a
[spm]: ProfilerData event received.
I/flutter ( 5905): [SPM:perf] 698a51a  buildSpan: 913µs
I/flutter ( 5905): [spm] Performance monitoring completed for 698a51a
I/flutter ( 5905): setState 698a51a
[spm]: ProfilerData event received.
I/flutter ( 5905): [SPM:perf] 698a51a  buildSpan: 658µs
I/flutter ( 5905): [spm] Performance monitoring completed for 698a51a
I/flutter ( 5905): setState 698a51a
[spm]: ProfilerData event received.
I/flutter ( 5905): [SPM:perf] 698a51a  buildSpan: 775µs
I/flutter ( 5905): [spm] Performance monitoring completed for 698a51a
I/flutter ( 5905): setState 698a51a
[spm]: ProfilerData event received.
I/flutter ( 5905): [SPM:perf] 698a51a  buildSpan: 747µs
I/flutter ( 5905): [spm] Performance monitoring completed for 698a51a
I/flutter ( 5905): setState 698a51a
[spm]: ProfilerData event received.
I/flutter ( 5905): [SPM:perf] 698a51a  buildSpan: 743µs
I/flutter ( 5905): [spm] Performance monitoring completed for 698a51a
I/flutter ( 5905): setState 698a51a
[spm]: ProfilerData event received.
I/flutter ( 5905): [SPM:perf] 698a51a  buildSpan: 972µs
I/flutter ( 5905): [spm] Performance monitoring completed for 698a51a
I/flutter ( 5905): setState 698a51a
[spm]: ProfilerData event received.
I/flutter ( 5905): [SPM:perf] 698a51a  buildSpan: 1085µs
I/flutter ( 5905): [spm] Performance monitoring completed for 698a51a
I/flutter ( 5905): setState 698a51a
[spm]: ProfilerData event received.
I/flutter ( 5905): [SPM:perf] 698a51a  buildSpan: 886µs
I/flutter ( 5905): [spm] Performance monitoring completed for 698a51a
I/flutter ( 5905): setState 698a51a
[spm]: ProfilerData event received.
I/flutter ( 5905): [SPM:perf] 698a51a  buildSpan: 660µs
I/flutter ( 5905): [spm] Performance monitoring completed for 698a51a
I/flutter ( 5905): setState 698a51a
[spm]: ProfilerData event received.
I/flutter ( 5905): [SPM:perf] 698a51a  buildSpan: 1137µs
I/flutter ( 5905): [spm] Performance monitoring completed for 698a51a
I/flutter ( 5905): setState 698a51a
[spm]: ProfilerData event received.
I/flutter ( 5905): [SPM:perf] 698a51a  buildSpan: 930µs
I/flutter ( 5905): [spm] Performance monitoring completed for 698a51a
I/flutter ( 5905): setState 698a51a
I/flutter ( 5905): [SPM:perf] 698a51a  buildSpan: 1125µs
I/flutter ( 5905): [spm] Performance monitoring completed for 698a51a
I/flutter ( 5905): setState 698a51a
[spm]: ProfilerData event received.
[spm]: ProfilerData event received.
I/flutter ( 5905): [SPM:perf] 698a51a  buildSpan: 1092µs
I/flutter ( 5905): [spm] Performance monitoring completed for 698a51a
I/flutter ( 5905): setState 698a51a
[spm]: ProfilerData event received.
I/flutter ( 5905): [SPM:perf] 698a51a  buildSpan: 1082µs
I/flutter ( 5905): [spm] Performance monitoring completed for 698a51a
I/flutter ( 5905): setState 698a51a
[spm]: ProfilerData event received.
I/flutter ( 5905): [SPM:perf] 698a51a  buildSpan: 1087µs
I/flutter ( 5905): [spm] Performance monitoring completed for 698a51a
I/flutter ( 5905): 01:10 +1: (tearDownAll)
I/flutter ( 5905): 01:11 +2: All tests passed!
All tests passed.
[spm]: Saved 30 profiler events to <ROOT>/dataset/34/redmi9t/raw/20260812-021319/base/e5.jsonl
[spm]: Reverting injection...
6 issues found. (ran in 0.6s)
WARNING: Your Android app project: app located at: <ROOT>/android/app/build.gradle.kts
applies the Kotlin Gradle Plugin, which will cause build failures in future versions of Flutter. 
Please migrate your app to Built-in Kotlin using this guide: https://docs.flutter.dev/release/breaking-changes/migrate-to-built-in-kotlin/for-app-developers

VMServiceFlutterDriver: Connecting to Flutter application at http://127.0.0.1:37375/5x4vbbrqrCo=/
[spm]: Detected VM service URI: ws://127.0.0.1:37375/5x4vbbrqrCo=/ws
VMServiceFlutterDriver: Isolate found with number: 4130648261076463
VMServiceFlutterDriver: Isolate 4130648261076463 is runnable.
VMServiceFlutterDriver: Isolate is paused at start.
VMServiceFlutterDriver: Attempting to resume isolate
VMServiceFlutterDriver: Connected to Flutter application.