# sample_id=0508/rev_001_14993d48 exec_index=4 ok=True perf_lines=30 vm_events=30 battery_pct=49 soc_temp_millic=39500 battery_temp_c=32.3 charging=False preflight_started=2026-09-10T21:38:29.866686+00:00 started=2026-09-10T21:38:32.620090+00:00 ts=2026-09-10T21:40:33.509768+00:00
[spm]: Running flutter analyze...
Analyzing lib...                                                

   info • The part-of directive uses a library name. Try converting the directive to use the URI of the library • lib/dependencies.dart:43:1 • use_string_in_part_of_directives
   info • Library names are not necessary. Remove the library name • lib/generated_widget.dart:2:9 • unnecessary_library_name
   info • Constructors in '@immutable' classes should be declared as 'const'. Try adding 'const' to the constructor declaration • lib/generated_widget.dart:11:3 • prefer_const_constructors_in_immutables
   info • Use 'isEmpty' instead of 'length' to test whether the collection is empty. Try rewriting the expression to use 'isEmpty' • lib/generated_widget.dart:51:9 • prefer_is_empty
   info • Use a 'SizedBox' to add whitespace to a layout. Try using a 'SizedBox' rather than a 'Container' • lib/generated_widget.dart:165:40 • sized_box_for_whitespace
   info • The 'child' argument should be last in widget constructor invocations. Try moving the argument to the end of the argument list • lib/generated_widget.dart:166:35 • sort_child_properties_last
   info • The 'children' argument should be last in widget constructor invocations. Try moving the argument to the end of the argument list • lib/generated_widget.dart:369:35 • sort_child_properties_last
   info • Parameter 'key' could be a super parameter. Trying converting 'key' to a super parameter • lib/generated_widget.dart:412:9 • use_super_parameters
   info • Field overrides a field inherited from 'Widget'. Try removing the field, overriding the getter and setter if necessary • lib/generated_widget.dart:445:14 • overridden_fields
   info • The member 'key' overrides an inherited member but isn't annotated with '@override'. Try adding the '@override' annotation • lib/generated_widget.dart:445:14 • annotate_overrides

[spm]: Injecting profiler code...
[spm]: Starting app...
Running Gradle task 'assembleProfile'...                        
Running Gradle task 'assembleProfile'...                           19.6s
✓ Built build/app/outputs/flutter-apk/app-profile.apk (26.8MB)
Installing build/app/outputs/flutter-apk/app-profile.apk...      1,226ms
D/IS_CTS_MODE(24011): true
D/MULTI_WINDOW_SWITCH_ENABLED(24011): false
D/IS_CTS_MODE(24011): true
D/MULTI_WINDOW_SWITCH_ENABLED(24011): false
D/DecorView[](24011): getWindowModeFromSystem  windowmode is 1
D/DecorView[](24011): getWindowModeFromSystem  windowmode is 1
D/DecorView[](24011): updateDecorCaptionStatus displayWindowDecor is false
W/Looper  (24011): PerfMonitor looperActivity : package=com.example.benchmark_container/.MainActivity time=343ms latency=317ms running=0ms  procState=-1  historyMsgCount=2 (msgIndex=1 wall=343ms seq=4 late=317ms h=android.app.ActivityThread$H w=159) (msgIndex=2 wall=344ms seq=3 h=android.app.ActivityThread$H w=110)
W/Looper  (24011): PerfMonitor looperActivity : package=com.example.benchmark_container/.MainActivity time=0ms latency=663ms running=0ms  procState=-1  historyMsgCount=4 (msgIndex=2 wall=343ms seq=4 h=android.app.ActivityThread$H w=159) (msgIndex=3 wall=344ms seq=3 h=android.app.ActivityThread$H w=110) (msgIndex=4 wall=343ms seq=4 h=android.app.ActivityThread$H w=159)
D/SurfaceView(24011): UPDATE null, mIsCastMode = false
D/hw-ProcessState(24011): Binder ioctl to enable oneway spam detection failed: Invalid argument
W/Looper  (24011): PerfMonitor longMsg : seq=8 plan=00:39:09.346 late=347ms wall=1664ms running=0ms h=android.view.Choreographer$FrameHandler c=android.view.Choreographer$FrameDisplayEventReceiver procState=-1
W/Looper  (24011): PerfMonitor doFrame : time=1664ms vsyncFrame=0 latency=347ms procState=-1 historyMsgCount=4 (msgIndex=1 wall=1664ms seq=8 late=347ms h=android.view.Choreographer$FrameHandler c=android.view.Choreographer$FrameDisplayEventReceiver)
I/Choreographer(24011): Skipped 95 frames!  The application may be doing too much work on its main thread.
D/SurfaceView(24011): UPDATE Surface(name=SurfaceView[com.example.benchmark_container/com.example.benchmark_container.MainActivity])/@0x739554a, mIsProjectionMode = false
W/Looper  (24011): PerfMonitor doFrame : time=3ms vsyncFrame=0 latency=1584ms procState=-1 historyMsgCount=4
[spm]: Connected to Dart VM service.
I/flutter (24011): 00:00 +0: Performance Benchmark
E/hmark_containe(24011): open libmigui.so failed! dlopen - dlopen failed: library "libmigui.so" not found
D/hmark_containe(24011): MiuiProcessManagerServiceStub setSchedFifo
I/MiuiProcessManagerImpl(24011): setSchedFifo pid:24011, mode:3
D/DecorView[](24011): onWindowFocusChanged hasWindowFocus true
D/DecorView[](24011): getWindowModeFromSystem  windowmode is 1
D/DecorView[](24011): updateDecorCaptionStatus displayWindowDecor is false
D/ProfileInstaller(24011): Installing profile for com.example.benchmark_container
[spm]: ProfilerData event received.
I/flutter (24011): [SPM:perf] 698a51a  buildSpan: 520µs
I/flutter (24011): [spm] Performance monitoring completed for 698a51a
[spm]: ProfilerData event received.
I/flutter (24011): [SPM:perf] 698a51a  buildSpan: 468µs
I/flutter (24011): [spm] Performance monitoring completed for 698a51a
I/flutter (24011): [SPM:perf] 698a51a  buildSpan: 466µs
I/flutter (24011): [spm] Performance monitoring completed for 698a51a
[spm]: ProfilerData event received.
[spm]: ProfilerData event received.
I/flutter (24011): [SPM:perf] 698a51a  buildSpan: 546µs
I/flutter (24011): [spm] Performance monitoring completed for 698a51a
[spm]: ProfilerData event received.
I/flutter (24011): [SPM:perf] 698a51a  buildSpan: 357µs
I/flutter (24011): [spm] Performance monitoring completed for 698a51a
[spm]: ProfilerData event received.
I/flutter (24011): [SPM:perf] 698a51a  buildSpan: 456µs
I/flutter (24011): [spm] Performance monitoring completed for 698a51a
I/flutter (24011): [SPM:perf] 698a51a  buildSpan: 347µs
I/flutter (24011): [spm] Performance monitoring completed for 698a51a
[spm]: ProfilerData event received.
[spm]: ProfilerData event received.
I/flutter (24011): [SPM:perf] 698a51a  buildSpan: 339µs
I/flutter (24011): [spm] Performance monitoring completed for 698a51a
I/flutter (24011): [SPM:perf] 698a51a  buildSpan: 628µs
I/flutter (24011): [spm] Performance monitoring completed for 698a51a
[spm]: ProfilerData event received.
[spm]: ProfilerData event received.
I/flutter (24011): [SPM:perf] 698a51a  buildSpan: 453µs
I/flutter (24011): [spm] Performance monitoring completed for 698a51a
[spm]: ProfilerData event received.
I/flutter (24011): [SPM:perf] 698a51a  buildSpan: 494µs
I/flutter (24011): [spm] Performance monitoring completed for 698a51a
[spm]: ProfilerData event received.
I/flutter (24011): [SPM:perf] 698a51a  buildSpan: 472µs
I/flutter (24011): [spm] Performance monitoring completed for 698a51a
[spm]: ProfilerData event received.
I/flutter (24011): [SPM:perf] 698a51a  buildSpan: 478µs
I/flutter (24011): [spm] Performance monitoring completed for 698a51a
[spm]: ProfilerData event received.
I/flutter (24011): [SPM:perf] 698a51a  buildSpan: 659µs
I/flutter (24011): [spm] Performance monitoring completed for 698a51a
[spm]: ProfilerData event received.
I/flutter (24011): [SPM:perf] 698a51a  buildSpan: 456µs
I/flutter (24011): [spm] Performance monitoring completed for 698a51a
[spm]: ProfilerData event received.
I/flutter (24011): [SPM:perf] 698a51a  buildSpan: 393µs
I/flutter (24011): [spm] Performance monitoring completed for 698a51a
[spm]: ProfilerData event received.
I/flutter (24011): [SPM:perf] 698a51a  buildSpan: 494µs
I/flutter (24011): [spm] Performance monitoring completed for 698a51a
[spm]: ProfilerData event received.
I/flutter (24011): [SPM:perf] 698a51a  buildSpan: 454µs
I/flutter (24011): [spm] Performance monitoring completed for 698a51a
[spm]: ProfilerData event received.
I/flutter (24011): [SPM:perf] 698a51a  buildSpan: 347µs
I/flutter (24011): [spm] Performance monitoring completed for 698a51a
[spm]: ProfilerData event received.
I/flutter (24011): [SPM:perf] 698a51a  buildSpan: 329µs
I/flutter (24011): [spm] Performance monitoring completed for 698a51a
I/flutter (24011): [SPM:perf] 698a51a  buildSpan: 406µs
I/flutter (24011): [spm] Performance monitoring completed for 698a51a
[spm]: ProfilerData event received.
I/flutter (24011): [SPM:perf] 698a51a  buildSpan: 850µs
I/flutter (24011): [spm] Performance monitoring completed for 698a51a
[spm]: ProfilerData event received.
[spm]: ProfilerData event received.
I/flutter (24011): [SPM:perf] 698a51a  buildSpan: 674µs
I/flutter (24011): [spm] Performance monitoring completed for 698a51a
[spm]: ProfilerData event received.
I/flutter (24011): [SPM:perf] 698a51a  buildSpan: 418µs
I/flutter (24011): [spm] Performance monitoring completed for 698a51a
[spm]: ProfilerData event received.
I/flutter (24011): [SPM:perf] 698a51a  buildSpan: 406µs
I/flutter (24011): [spm] Performance monitoring completed for 698a51a
[spm]: ProfilerData event received.
I/flutter (24011): [SPM:perf] 698a51a  buildSpan: 534µs
I/flutter (24011): [spm] Performance monitoring completed for 698a51a
[spm]: ProfilerData event received.
I/flutter (24011): [SPM:perf] 698a51a  buildSpan: 536µs
I/flutter (24011): [spm] Performance monitoring completed for 698a51a
[spm]: ProfilerData event received.
I/flutter (24011): [SPM:perf] 698a51a  buildSpan: 720µs
I/flutter (24011): [spm] Performance monitoring completed for 698a51a
[spm]: ProfilerData event received.
I/flutter (24011): [SPM:perf] 698a51a  buildSpan: 472µs
I/flutter (24011): [spm] Performance monitoring completed for 698a51a
I/flutter (24011): [SPM:perf] 698a51a  buildSpan: 528µs
[spm]: ProfilerData event received.
I/flutter (24011): [spm] Performance monitoring completed for 698a51a
I/flutter (24011): 01:10 +1: (tearDownAll)
I/flutter (24011): 01:11 +2: All tests passed!
All tests passed.
[spm]: Saved 30 profiler events to <ROOT>/dataset-new_samples/0508/redmi9t/raw/20260910-192307/rev_001_14993d48/e4.jsonl
[spm]: Reverting injection...
10 issues found. (ran in 0.5s)
WARNING: Your Android app project: app located at: <ROOT>/android/app/build.gradle.kts
applies the Kotlin Gradle Plugin, which will cause build failures in future versions of Flutter. 
Please migrate your app to Built-in Kotlin using this guide: https://docs.flutter.dev/release/breaking-changes/migrate-to-built-in-kotlin/for-app-developers

VMServiceFlutterDriver: Connecting to Flutter application at http://127.0.0.1:42045/zA3-QYUa5M0=/
[spm]: Detected VM service URI: ws://127.0.0.1:42045/zA3-QYUa5M0=/ws
VMServiceFlutterDriver: Isolate found with number: 3750716062982619
VMServiceFlutterDriver: Isolate 3750716062982619 is runnable.
VMServiceFlutterDriver: Isolate is paused at start.
VMServiceFlutterDriver: Attempting to resume isolate
VMServiceFlutterDriver: Connected to Flutter application.
VMServiceFlutterDriver: request_data message is taking a long time to complete...