# sample_id=2039/rev_007_1acfd5a2 exec_index=8 ok=True perf_lines=30 vm_events=30 battery_pct=62 soc_temp_millic=40800 battery_temp_c=29.6 charging=False preflight_started=2026-09-18T08:03:50.719180+00:00 started=2026-09-18T08:03:53.071788+00:00 ts=2026-09-18T08:05:31.541936+00:00
[spm]: Running flutter analyze...
Resolving dependencies...
Downloading packages...
  _fe_analyzer_shared 100.0.0 (108.0.0 available)
  analyzer 13.0.0 (14.4.0 available)
  async 2.13.0 (2.13.1 available)
  clock 1.1.2 (1.1.3 available)
  cupertino_icons 1.0.8 (1.0.9 available)
  glob 2.1.3 (2.2.0 available)
  lints 6.0.0 (6.1.0 available)
  matcher 0.12.19 (0.12.20 available)
  material_color_utilities 0.13.0 (0.13.1 available)
  meta 1.18.0 (1.19.0 available)
  package_config 2.2.0 (3.0.0 available)
  platform 3.1.6 (3.2.0 available)
  process 5.0.5 (5.0.6 available)
  pub_semver 2.2.0 (2.2.1 available)
  source_span 1.10.1 (1.10.2 available)
  stack_trace 1.12.1 (1.12.2 available)
  test_api 0.7.11 (0.7.14 available)
  vector_math 2.2.0 (2.4.2 available)
  vm_service 15.0.2 (15.3.0 available)
  webdriver 3.1.0 (3.2.0 available)
  yaml 3.1.3 (3.1.4 available)
Got dependencies!
21 packages have newer versions incompatible with dependency constraints.
Try `flutter pub outdated` for more information.
Analyzing lib...                                                

   info • The part-of directive uses a library name. Try converting the directive to use the URI of the library • lib/dependencies.dart:46:1 • use_string_in_part_of_directives
   info • Unnecessary 'late' modifier. Try removing the 'late' • lib/dependencies.dart:57:1 • unnecessary_late
   info • Unnecessary 'late' modifier. Try removing the 'late' • lib/dependencies.dart:60:1 • unnecessary_late
   info • Unnecessary 'late' modifier. Try removing the 'late' • lib/dependencies.dart:66:1 • unnecessary_late
   info • Unnecessary 'late' modifier. Try removing the 'late' • lib/dependencies.dart:68:1 • unnecessary_late
   info • Unnecessary 'late' modifier. Try removing the 'late' • lib/dependencies.dart:74:1 • unnecessary_late
   info • Unnecessary 'late' modifier. Try removing the 'late' • lib/dependencies.dart:76:1 • unnecessary_late
   info • Library names are not necessary. Remove the library name • lib/generated_widget.dart:2:9 • unnecessary_library_name
   info • The constant name 'MAX_FONT_SCALE_FACTOR' isn't a lowerCamelCase identifier. Try changing the name to follow the lowerCamelCase style • lib/generated_widget.dart:41:23 • constant_identifier_names
   info • The constant name 'MIN_FONT_SCALE_FACTOR' isn't a lowerCamelCase identifier. Try changing the name to follow the lowerCamelCase style • lib/generated_widget.dart:43:23 • constant_identifier_names
   info • The constant name 'DART' isn't a lowerCamelCase identifier. Try changing the name to follow the lowerCamelCase style • lib/generated_widget.dart:167:3 • constant_identifier_names
   info • The constant name 'CPP' isn't a lowerCamelCase identifier. Try changing the name to follow the lowerCamelCase style • lib/generated_widget.dart:169:3 • constant_identifier_names
   info • The constant name 'JAVASCRIPT' isn't a lowerCamelCase identifier. Try changing the name to follow the lowerCamelCase style • lib/generated_widget.dart:170:3 • constant_identifier_names
   info • The constant name 'KOTLIN' isn't a lowerCamelCase identifier. Try changing the name to follow the lowerCamelCase style • lib/generated_widget.dart:171:3 • constant_identifier_names
   info • The constant name 'JAVA' isn't a lowerCamelCase identifier. Try changing the name to follow the lowerCamelCase style • lib/generated_widget.dart:172:3 • constant_identifier_names
   info • The constant name 'SWIFT' isn't a lowerCamelCase identifier. Try changing the name to follow the lowerCamelCase style • lib/generated_widget.dart:173:3 • constant_identifier_names
   info • The constant name 'YAML' isn't a lowerCamelCase identifier. Try changing the name to follow the lowerCamelCase style • lib/generated_widget.dart:174:3 • constant_identifier_names
   info • The constant name 'RUST' isn't a lowerCamelCase identifier. Try changing the name to follow the lowerCamelCase style • lib/generated_widget.dart:175:3 • constant_identifier_names
   info • The constant name 'LUA' isn't a lowerCamelCase identifier. Try changing the name to follow the lowerCamelCase style • lib/generated_widget.dart:176:3 • constant_identifier_names
   info • The constant name 'PYTHON' isn't a lowerCamelCase identifier. Try changing the name to follow the lowerCamelCase style • lib/generated_widget.dart:177:3 • constant_identifier_names

[spm]: Injecting profiler code...
[spm]: Starting app...
Running Gradle task 'assembleProfile'...                        
Running Gradle task 'assembleProfile'...                         1,803ms
✓ Built build/app/outputs/flutter-apk/app-profile.apk (26.8MB)
Installing build/app/outputs/flutter-apk/app-profile.apk...      1,024ms
D/IS_CTS_MODE(11613): true
D/MULTI_WINDOW_SWITCH_ENABLED(11613): false
D/IS_CTS_MODE(11613): true
D/MULTI_WINDOW_SWITCH_ENABLED(11613): false
D/DecorView[](11613): getWindowModeFromSystem  windowmode is 1
D/DecorView[](11613): getWindowModeFromSystem  windowmode is 1
D/DecorView[](11613): updateDecorCaptionStatus displayWindowDecor is false
W/Looper  (11613): PerfMonitor looperActivity : package=com.example.benchmark_container/.MainActivity time=347ms latency=352ms running=0ms  procState=-1  historyMsgCount=2 (msgIndex=1 wall=347ms seq=4 late=352ms h=android.app.ActivityThread$H w=159) (msgIndex=2 wall=357ms seq=3 h=android.app.ActivityThread$H w=110)
W/Looper  (11613): PerfMonitor looperActivity : package=com.example.benchmark_container/.MainActivity time=0ms latency=700ms running=0ms  procState=-1  historyMsgCount=4 (msgIndex=2 wall=347ms seq=4 late=352ms h=android.app.ActivityThread$H w=159) (msgIndex=3 wall=357ms seq=3 h=android.app.ActivityThread$H w=110) (msgIndex=4 wall=347ms seq=4 late=352ms h=android.app.ActivityThread$H w=159)
D/SurfaceView(11613): UPDATE null, mIsCastMode = false
D/hw-ProcessState(11613): Binder ioctl to enable oneway spam detection failed: Invalid argument
W/Looper  (11613): PerfMonitor longMsg : seq=8 plan=11:04:09.250 late=377ms wall=1659ms running=0ms h=android.view.Choreographer$FrameHandler c=android.view.Choreographer$FrameDisplayEventReceiver procState=-1
W/Looper  (11613): PerfMonitor doFrame : time=1659ms vsyncFrame=0 latency=377ms procState=-1 historyMsgCount=7 (msgIndex=2 wall=347ms seq=4 h=android.app.ActivityThread$H w=159) (msgIndex=3 wall=1659ms seq=8 late=377ms h=android.view.Choreographer$FrameHandler c=android.view.Choreographer$FrameDisplayEventReceiver) (msgIndex=4 wall=347ms seq=4 h=android.app.ActivityThread$H w=159)
I/Choreographer(11613): Skipped 94 frames!  The application may be doing too much work on its main thread.
D/SurfaceView(11613): UPDATE Surface(name=SurfaceView[com.example.benchmark_container/com.example.benchmark_container.MainActivity])/@0x9ac515, mIsProjectionMode = false
W/Looper  (11613): PerfMonitor doFrame : time=3ms vsyncFrame=0 latency=1576ms procState=-1 historyMsgCount=4
[spm]: Connected to Dart VM service.
I/flutter (11613): 00:00 +0: Performance Benchmark
E/hmark_containe(11613): open libmigui.so failed! dlopen - dlopen failed: library "libmigui.so" not found
D/hmark_containe(11613): MiuiProcessManagerServiceStub setSchedFifo
I/MiuiProcessManagerImpl(11613): setSchedFifo pid:11613, mode:3
D/DecorView[](11613): onWindowFocusChanged hasWindowFocus true
D/DecorView[](11613): getWindowModeFromSystem  windowmode is 1
D/DecorView[](11613): updateDecorCaptionStatus displayWindowDecor is false
D/ProfileInstaller(11613): Installing profile for com.example.benchmark_container
[spm]: ProfilerData event received.
I/flutter (11613): [SPM:perf] 698a51a  buildSpan: 724µs
I/flutter (11613): [spm] Performance monitoring completed for 698a51a
[spm]: ProfilerData event received.
I/flutter (11613): [SPM:perf] 698a51a  buildSpan: 664µs
I/flutter (11613): [spm] Performance monitoring completed for 698a51a
[spm]: ProfilerData event received.
I/flutter (11613): [SPM:perf] 698a51a  buildSpan: 725µs
I/flutter (11613): [spm] Performance monitoring completed for 698a51a
[spm]: ProfilerData event received.
I/flutter (11613): [SPM:perf] 698a51a  buildSpan: 730µs
I/flutter (11613): [spm] Performance monitoring completed for 698a51a
[spm]: ProfilerData event received.
I/flutter (11613): [SPM:perf] 698a51a  buildSpan: 691µs
I/flutter (11613): [spm] Performance monitoring completed for 698a51a
I/flutter (11613): [SPM:perf] 698a51a  buildSpan: 762µs
I/flutter (11613): [spm] Performance monitoring completed for 698a51a
[spm]: ProfilerData event received.
[spm]: ProfilerData event received.
I/flutter (11613): [SPM:perf] 698a51a  buildSpan: 709µs
I/flutter (11613): [spm] Performance monitoring completed for 698a51a
[spm]: ProfilerData event received.
I/flutter (11613): [SPM:perf] 698a51a  buildSpan: 689µs
I/flutter (11613): [spm] Performance monitoring completed for 698a51a
[spm]: ProfilerData event received.
I/flutter (11613): [SPM:perf] 698a51a  buildSpan: 715µs
I/flutter (11613): [spm] Performance monitoring completed for 698a51a
[spm]: ProfilerData event received.
I/flutter (11613): [SPM:perf] 698a51a  buildSpan: 699µs
I/flutter (11613): [spm] Performance monitoring completed for 698a51a
[spm]: ProfilerData event received.
I/flutter (11613): [SPM:perf] 698a51a  buildSpan: 731µs
I/flutter (11613): [spm] Performance monitoring completed for 698a51a
[spm]: ProfilerData event received.
I/flutter (11613): [SPM:perf] 698a51a  buildSpan: 698µs
I/flutter (11613): [spm] Performance monitoring completed for 698a51a
[spm]: ProfilerData event received.
I/flutter (11613): [SPM:perf] 698a51a  buildSpan: 739µs
I/flutter (11613): [spm] Performance monitoring completed for 698a51a
[spm]: ProfilerData event received.
I/flutter (11613): [SPM:perf] 698a51a  buildSpan: 712µs
I/flutter (11613): [spm] Performance monitoring completed for 698a51a
[spm]: ProfilerData event received.
I/flutter (11613): [SPM:perf] 698a51a  buildSpan: 689µs
I/flutter (11613): [spm] Performance monitoring completed for 698a51a
[spm]: ProfilerData event received.
I/flutter (11613): [SPM:perf] 698a51a  buildSpan: 727µs
I/flutter (11613): [spm] Performance monitoring completed for 698a51a
I/flutter (11613): [SPM:perf] 698a51a  buildSpan: 717µs
I/flutter (11613): [spm] Performance monitoring completed for 698a51a
[spm]: ProfilerData event received.
[spm]: ProfilerData event received.
I/flutter (11613): [SPM:perf] 698a51a  buildSpan: 720µs
I/flutter (11613): [spm] Performance monitoring completed for 698a51a
[spm]: ProfilerData event received.
I/flutter (11613): [SPM:perf] 698a51a  buildSpan: 771µs
I/flutter (11613): [spm] Performance monitoring completed for 698a51a
[spm]: ProfilerData event received.
I/flutter (11613): [SPM:perf] 698a51a  buildSpan: 830µs
I/flutter (11613): [spm] Performance monitoring completed for 698a51a
[spm]: ProfilerData event received.
I/flutter (11613): [SPM:perf] 698a51a  buildSpan: 696µs
I/flutter (11613): [spm] Performance monitoring completed for 698a51a
[spm]: ProfilerData event received.
I/flutter (11613): [SPM:perf] 698a51a  buildSpan: 733µs
I/flutter (11613): [spm] Performance monitoring completed for 698a51a
[spm]: ProfilerData event received.
I/flutter (11613): [SPM:perf] 698a51a  buildSpan: 705µs
I/flutter (11613): [spm] Performance monitoring completed for 698a51a
[spm]: ProfilerData event received.
I/flutter (11613): [SPM:perf] 698a51a  buildSpan: 790µs
I/flutter (11613): [spm] Performance monitoring completed for 698a51a
[spm]: ProfilerData event received.
I/flutter (11613): [SPM:perf] 698a51a  buildSpan: 786µs
I/flutter (11613): [spm] Performance monitoring completed for 698a51a
[spm]: ProfilerData event received.
I/flutter (11613): [SPM:perf] 698a51a  buildSpan: 698µs
I/flutter (11613): [spm] Performance monitoring completed for 698a51a
[spm]: ProfilerData event received.
I/flutter (11613): [SPM:perf] 698a51a  buildSpan: 739µs
I/flutter (11613): [spm] Performance monitoring completed for 698a51a
I/flutter (11613): [SPM:perf] 698a51a  buildSpan: 777µs
I/flutter (11613): [spm] Performance monitoring completed for 698a51a
[spm]: ProfilerData event received.
[spm]: ProfilerData event received.
I/flutter (11613): [SPM:perf] 698a51a  buildSpan: 753µs
I/flutter (11613): [spm] Performance monitoring completed for 698a51a
[spm]: ProfilerData event received.
I/flutter (11613): [SPM:perf] 698a51a  buildSpan: 683µs
I/flutter (11613): [spm] Performance monitoring completed for 698a51a
I/flutter (11613): 01:10 +1: (tearDownAll)
I/flutter (11613): 01:11 +2: All tests passed!
All tests passed.
[spm]: Saved 30 profiler events to <ROOT>/dataset-new_samples/2039/redmi9t/raw/20260918-090345/rev_007_1acfd5a2/e8.jsonl
[spm]: Reverting injection...
20 issues found. (ran in 0.5s)
WARNING: Your Android app project: app located at: <ROOT>/android/app/build.gradle.kts
applies the Kotlin Gradle Plugin, which will cause build failures in future versions of Flutter. 
Please migrate your app to Built-in Kotlin using this guide: https://docs.flutter.dev/release/breaking-changes/migrate-to-built-in-kotlin/for-app-developers

VMServiceFlutterDriver: Connecting to Flutter application at http://127.0.0.1:39137/pJT7jKyVifE=/
[spm]: Detected VM service URI: ws://127.0.0.1:39137/pJT7jKyVifE=/ws
VMServiceFlutterDriver: Isolate found with number: 1526066483117607
VMServiceFlutterDriver: Isolate 1526066483117607 is runnable.
VMServiceFlutterDriver: Isolate is paused at start.
VMServiceFlutterDriver: Attempting to resume isolate
VMServiceFlutterDriver: Connected to Flutter application.
VMServiceFlutterDriver: request_data message is taking a long time to complete...