# sample_id=0854/rev_015_c777ccbb exec_index=2 ok=True perf_lines=30 vm_events=30 battery_pct=67 soc_temp_millic=37000 battery_temp_c=29.3 charging=False preflight_started=2026-09-17T17:25:35.646413+00:00 started=2026-09-17T17:25:38.409766+00:00 ts=2026-09-17T17:27:59.882470+00:00
[spm]: Running flutter analyze...
Resolving dependencies...
Downloading packages...
  _fe_analyzer_shared 100.0.0 (108.0.0 available)
  analyzer 13.0.0 (14.4.0 available)
  async 2.13.0 (2.13.1 available)
  clock 1.1.2 (1.1.3 available)
  cupertino_icons 1.0.8 (1.0.9 available)
  glob 2.1.3 (2.2.0 available)
  lints 6.0.0 (6.1.0 available)
  matcher 0.12.19 (0.12.20 available)
  material_color_utilities 0.13.0 (0.13.1 available)
  meta 1.18.0 (1.19.0 available)
  package_config 2.2.0 (3.0.0 available)
  platform 3.1.6 (3.2.0 available)
  process 5.0.5 (5.0.6 available)
  pub_semver 2.2.0 (2.2.1 available)
  source_span 1.10.1 (1.10.2 available)
  stack_trace 1.12.1 (1.12.2 available)
  test_api 0.7.11 (0.7.14 available)
  vector_math 2.2.0 (2.4.2 available)
  vm_service 15.0.2 (15.3.0 available)
  webdriver 3.1.0 (3.2.0 available)
  yaml 3.1.3 (3.1.4 available)
Got dependencies!
21 packages have newer versions incompatible with dependency constraints.
Try `flutter pub outdated` for more information.
Analyzing lib...                                                

   info • The part-of directive uses a library name. Try converting the directive to use the URI of the library • lib/dependencies.dart:46:1 • use_string_in_part_of_directives
   info • Unnecessary 'late' modifier. Try removing the 'late' • lib/dependencies.dart:54:1 • unnecessary_late
   info • Unnecessary 'late' modifier. Try removing the 'late' • lib/dependencies.dart:56:1 • unnecessary_late
   info • The type parameter name 'State' matches a visible type name. Try changing the type parameter name to not match an existing type • lib/dependencies.dart:117:19 • avoid_types_as_parameter_names
   info • Library names are not necessary. Remove the library name • lib/generated_widget.dart:2:9 • unnecessary_library_name
   info • Constructors in '@immutable' classes should be declared as 'const'. Try adding 'const' to the constructor declaration • lib/generated_widget.dart:11:3 • prefer_const_constructors_in_immutables
   info • 'withOpacity' is deprecated and shouldn't be used. Use .withValues() to avoid precision loss. Try replacing the use of the deprecated member with the replacement • lib/generated_widget.dart:88:45 • deprecated_member_use

[spm]: Injecting profiler code...
[spm]: Starting app...
Running Gradle task 'assembleProfile'...                        
Running Gradle task 'assembleProfile'...                           30.4s
✓ Built build/app/outputs/flutter-apk/app-profile.apk (26.8MB)
Installing build/app/outputs/flutter-apk/app-profile.apk...      1,295ms
D/SurfaceView(16143): UPDATE null, mIsCastMode = false
D/hw-ProcessState(16143): Binder ioctl to enable oneway spam detection failed: Invalid argument
W/Looper  (16143): PerfMonitor longMsg : seq=8 plan=20:26:30.936 late=437ms wall=1803ms running=0ms h=android.view.Choreographer$FrameHandler c=android.view.Choreographer$FrameDisplayEventReceiver procState=-1
W/Looper  (16143): PerfMonitor doFrame : time=1803ms vsyncFrame=0 latency=437ms procState=-1 historyMsgCount=7 (msgIndex=1 wall=1803ms seq=8 late=437ms h=android.view.Choreographer$FrameHandler c=android.view.Choreographer$FrameDisplayEventReceiver) (msgIndex=2 wall=414ms seq=4 h=android.app.ActivityThread$H w=159) (msgIndex=3 wall=1803ms seq=8 late=437ms h=android.view.Choreographer$FrameHandler c=android.view.Choreographer$FrameDisplayEventReceiver) (msgIndex=4 wall=414ms seq=4 h=android.app.ActivityThread$H w=159)
I/Choreographer(16143): Skipped 101 frames!  The application may be doing too much work on its main thread.
D/SurfaceView(16143): UPDATE Surface(name=SurfaceView[com.example.benchmark_container/com.example.benchmark_container.MainActivity])/@0x9ac515, mIsProjectionMode = false
W/Looper  (16143): PerfMonitor doFrame : time=3ms vsyncFrame=0 latency=1698ms procState=-1 historyMsgCount=4
[spm]: Connected to Dart VM service.
I/flutter (16143): 00:00 +0: Performance Benchmark
E/hmark_containe(16143): open libmigui.so failed! dlopen - dlopen failed: library "libmigui.so" not found
D/hmark_containe(16143): MiuiProcessManagerServiceStub setSchedFifo
I/MiuiProcessManagerImpl(16143): setSchedFifo pid:16143, mode:3
D/DecorView[](16143): onWindowFocusChanged hasWindowFocus true
D/ProfileInstaller(16143): Installing profile for com.example.benchmark_container
D/DecorView[](16143): getWindowModeFromSystem  windowmode is 1
D/DecorView[](16143): updateDecorCaptionStatus displayWindowDecor is false
[spm]: ProfilerData event received.
I/flutter (16143): [SPM:perf] 698a51a  buildSpan: 2253µs
I/flutter (16143): [spm] Performance monitoring completed for 698a51a
[spm]: ProfilerData event received.
I/flutter (16143): [SPM:perf] 698a51a  buildSpan: 2505µs
I/flutter (16143): [spm] Performance monitoring completed for 698a51a
[spm]: ProfilerData event received.
I/flutter (16143): [SPM:perf] 698a51a  buildSpan: 2092µs
I/flutter (16143): [spm] Performance monitoring completed for 698a51a
[spm]: ProfilerData event received.
I/flutter (16143): [SPM:perf] 698a51a  buildSpan: 2169µs
I/flutter (16143): [spm] Performance monitoring completed for 698a51a
[spm]: ProfilerData event received.
I/flutter (16143): [SPM:perf] 698a51a  buildSpan: 1574µs
I/flutter (16143): [spm] Performance monitoring completed for 698a51a
I/flutter (16143): [SPM:perf] 698a51a  buildSpan: 2077µs
[spm]: ProfilerData event received.
I/flutter (16143): [spm] Performance monitoring completed for 698a51a
[spm]: ProfilerData event received.
I/flutter (16143): [SPM:perf] 698a51a  buildSpan: 2041µs
I/flutter (16143): [spm] Performance monitoring completed for 698a51a
[spm]: ProfilerData event received.
I/flutter (16143): [SPM:perf] 698a51a  buildSpan: 2092µs
I/flutter (16143): [spm] Performance monitoring completed for 698a51a
[spm]: ProfilerData event received.
I/flutter (16143): [SPM:perf] 698a51a  buildSpan: 2013µs
I/flutter (16143): [spm] Performance monitoring completed for 698a51a
[spm]: ProfilerData event received.
I/flutter (16143): [SPM:perf] 698a51a  buildSpan: 2168µs
I/flutter (16143): [spm] Performance monitoring completed for 698a51a
I/flutter (16143): [SPM:perf] 698a51a  buildSpan: 2457µs
[spm]: ProfilerData event received.
I/flutter (16143): [spm] Performance monitoring completed for 698a51a
[spm]: ProfilerData event received.
I/flutter (16143): [SPM:perf] 698a51a  buildSpan: 2138µs
I/flutter (16143): [spm] Performance monitoring completed for 698a51a
[spm]: ProfilerData event received.
I/flutter (16143): [SPM:perf] 698a51a  buildSpan: 2093µs
I/flutter (16143): [spm] Performance monitoring completed for 698a51a
[spm]: ProfilerData event received.
I/flutter (16143): [SPM:perf] 698a51a  buildSpan: 2628µs
I/flutter (16143): [spm] Performance monitoring completed for 698a51a
I/flutter (16143): [SPM:perf] 698a51a  buildSpan: 2256µs
I/flutter (16143): [spm] Performance monitoring completed for 698a51a
[spm]: ProfilerData event received.
[spm]: ProfilerData event received.
I/flutter (16143): [SPM:perf] 698a51a  buildSpan: 2171µs
I/flutter (16143): [spm] Performance monitoring completed for 698a51a
[spm]: ProfilerData event received.
I/flutter (16143): [SPM:perf] 698a51a  buildSpan: 2105µs
I/flutter (16143): [spm] Performance monitoring completed for 698a51a
[spm]: ProfilerData event received.
I/flutter (16143): [SPM:perf] 698a51a  buildSpan: 2132µs
I/flutter (16143): [spm] Performance monitoring completed for 698a51a
I/flutter (16143): [SPM:perf] 698a51a  buildSpan: 2093µs
[spm]: ProfilerData event received.
I/flutter (16143): [spm] Performance monitoring completed for 698a51a
[spm]: ProfilerData event received.
I/flutter (16143): [SPM:perf] 698a51a  buildSpan: 2192µs
I/flutter (16143): [spm] Performance monitoring completed for 698a51a
I/flutter (16143): [SPM:perf] 698a51a  buildSpan: 2379µs
[spm]: ProfilerData event received.
I/flutter (16143): [spm] Performance monitoring completed for 698a51a
[spm]: ProfilerData event received.
I/flutter (16143): [SPM:perf] 698a51a  buildSpan: 2062µs
I/flutter (16143): [spm] Performance monitoring completed for 698a51a
[spm]: ProfilerData event received.
I/flutter (16143): [SPM:perf] 698a51a  buildSpan: 2169µs
I/flutter (16143): [spm] Performance monitoring completed for 698a51a
[spm]: ProfilerData event received.
I/flutter (16143): [SPM:perf] 698a51a  buildSpan: 2063µs
I/flutter (16143): [spm] Performance monitoring completed for 698a51a
[spm]: ProfilerData event received.
I/flutter (16143): [SPM:perf] 698a51a  buildSpan: 2111µs
I/flutter (16143): [spm] Performance monitoring completed for 698a51a
[spm]: ProfilerData event received.
I/flutter (16143): [SPM:perf] 698a51a  buildSpan: 2238µs
I/flutter (16143): [spm] Performance monitoring completed for 698a51a
I/flutter (16143): [SPM:perf] 698a51a  buildSpan: 2303µs
I/flutter (16143): [spm] Performance monitoring completed for 698a51a
[spm]: ProfilerData event received.
I/flutter (16143): [SPM:perf] 698a51a  buildSpan: 2166µs
I/flutter (16143): [spm] Performance monitoring completed for 698a51a
[spm]: ProfilerData event received.
[spm]: ProfilerData event received.
I/flutter (16143): [SPM:perf] 698a51a  buildSpan: 2173µs
I/flutter (16143): [spm] Performance monitoring completed for 698a51a
[spm]: ProfilerData event received.
I/flutter (16143): [SPM:perf] 698a51a  buildSpan: 2121µs
I/flutter (16143): [spm] Performance monitoring completed for 698a51a
I/flutter (16143): 01:10 +1: (tearDownAll)
I/flutter (16143): 01:11 +2: All tests passed!
All tests passed.
[spm]: Saved 30 profiler events to <ROOT>/dataset-new_samples/0854/redmi9t/raw/20260917-181138/rev_015_c777ccbb/e2.jsonl
[spm]: Reverting injection...
7 issues found. (ran in 0.8s)
WARNING: Your Android app project: app located at: <ROOT>/android/app/build.gradle.kts
applies the Kotlin Gradle Plugin, which will cause build failures in future versions of Flutter. 
Please migrate your app to Built-in Kotlin using this guide: https://docs.flutter.dev/release/breaking-changes/migrate-to-built-in-kotlin/for-app-developers

VMServiceFlutterDriver: Connecting to Flutter application at http://127.0.0.1:42945/GXn0vrgwgSw=/
[spm]: Detected VM service URI: ws://127.0.0.1:42945/GXn0vrgwgSw=/ws
VMServiceFlutterDriver: Isolate found with number: 6970889512520607
VMServiceFlutterDriver: Isolate 6970889512520607 is runnable.
VMServiceFlutterDriver: Isolate is paused at start.
VMServiceFlutterDriver: Attempting to resume isolate
VMServiceFlutterDriver: Connected to Flutter application.
VMServiceFlutterDriver: request_data message is taking a long time to complete...