# sample_id=1468/rev_001_3987ebfd exec_index=2 ok=True perf_lines=30 vm_events=30 battery_pct=79 soc_temp_millic=39500 battery_temp_c=32.8 charging=False preflight_started=2026-09-12T12:27:19.537481+00:00 started=2026-09-12T12:27:22.274308+00:00 ts=2026-09-12T12:29:24.639903+00:00
[spm]: Running flutter analyze...
Resolving dependencies...
Downloading packages...
  _fe_analyzer_shared 100.0.0 (108.0.0 available)
  analyzer 13.0.0 (14.4.0 available)
  async 2.13.0 (2.13.1 available)
  clock 1.1.2 (1.1.3 available)
  cupertino_icons 1.0.8 (1.0.9 available)
  glob 2.1.3 (2.2.0 available)
  lints 6.0.0 (6.1.0 available)
  matcher 0.12.19 (0.12.20 available)
  material_color_utilities 0.13.0 (0.13.1 available)
  meta 1.18.0 (1.19.0 available)
  package_config 2.2.0 (3.0.0 available)
  platform 3.1.6 (3.2.0 available)
  process 5.0.5 (5.0.6 available)
  pub_semver 2.2.0 (2.2.1 available)
  source_span 1.10.1 (1.10.2 available)
  stack_trace 1.12.1 (1.12.2 available)
  test_api 0.7.11 (0.7.14 available)
  vector_math 2.2.0 (2.4.2 available)
  vm_service 15.0.2 (15.3.0 available)
  webdriver 3.1.0 (3.2.0 available)
  yaml 3.1.3 (3.1.4 available)
Got dependencies!
21 packages have newer versions incompatible with dependency constraints.
Try `flutter pub outdated` for more information.
Analyzing lib...                                                

   info • The part-of directive uses a library name. Try converting the directive to use the URI of the library • lib/dependencies.dart:46:1 • use_string_in_part_of_directives
   info • Library names are not necessary. Remove the library name • lib/generated_widget.dart:2:9 • unnecessary_library_name
   info • Constructors in '@immutable' classes should be declared as 'const'. Try adding 'const' to the constructor declaration • lib/generated_widget.dart:12:3 • prefer_const_constructors_in_immutables

[spm]: Injecting profiler code...
[spm]: Starting app...
Running Gradle task 'assembleProfile'...                        
Running Gradle task 'assembleProfile'...                           21.1s
✓ Built build/app/outputs/flutter-apk/app-profile.apk (26.8MB)
Installing build/app/outputs/flutter-apk/app-profile.apk...      1,084ms
D/MiuiMultiWindowUtils( 8575): freeform resolution args raw data:{  "zizhan":{    "freeform_args": {      "inner":{        "vertical_portrait":{"aspect_ratio":0.626, "original_ratio":0.5643,"original_scale":0.74,"top_margin":0.168,"left_margin":0.484},        "horizontal_portrait":{"aspect_ratio":0.626, "original_ratio":0.5643,"original_scale":0.74,"top_margin":0.1222,"left_margin":0.59745},        "vertical_landscape":{"aspect_ratio":1.6, "original_ratio":1,"original_scale":0.604,"top_margin":0.2596,"left_margin":0.2624},        "horizontal_landscape":{"aspect_ratio":1.6, "original_ratio":1,"original_scale":0.604,"top_margin":0.213,"left_margin":0.3758}      },      "outer":{        "vertical_portrait":{"aspect_ratio":0.626, "original_ratio":1,"original_scale":0.74,"top_margin":0.0753,"left_margin":-1},        "horizontal_portrait":{"aspect_ratio":0.626, "original_ratio":1,"original_scale":0.5756,"top_margin":-1,"left_margin":0.0753},        "vertical_landscape":{"aspect_ratio":1.6, "original_ratio":0.6847,"original_scale":0.587,"top_margin":0.0753,"left_margin":-1},        "horizontal_landscape":{"aspect_ratio":1.6, "original_ratio":0.6847,"original_scale":0.587,"top_margin":-1,"left_margin":0.0753}}    },    "mini_freeform_args":{      "inner":{        "vertical_portrait":{"aspect_ratio":0.626, "original_ratio":0.147},        "horizontal_portrait":{"aspect_ratio":0.626, "original_ratio":0.147},        "vertical_landscape":{"aspect_ratio":1.6, "original_ratio":0.165},        "horizontal_landscape":{"aspect_ratio":1.6, "original_ratio":0.165}      },      "outer":{        "vertical_portrait":{"aspect_ratio":0.626, "original_ratio":0.26},        "horizontal_portrait":{"aspect_ratio":0.626, "original_ratio":0.26},        "vertical_landscape":{"aspect_ratio":1.6, "original_ratio":0.293},        "horizontal_landscape":{"aspect_ratio":1.6, "original_ratio":0.293}}    }  },  "wide_default":{    "freeform_args": {        "vertical_portrait":{"aspect_ratio":0.625, "original_ratio":0.5806,"original_scale":0.7574,"top_margin":0.125,"left_margin":0.392},        "horizontal_portrait":{"aspect_ratio":0.625, "original_ratio":0.5806,"original_scale":0.7574,"top_margin":-1,"left_margin":0.6415},        "vertical_landscape":{"aspect_ratio":1.6, "original_ratio":1,"original_scale":0.5153,"top_margin":0.125,"left_margin":0.206},        "horizontal_landscape":{"aspect_ratio":1.6, "original_ratio":1,"original_scale":0.5153,"top_margin":-1,"left_margin":0.456}    },    "mini_freeform_args":{        "vertical_portrait":{"aspect_ratio":0.5625, "original_ratio":0.144},        "horizontal_portrait":{"aspect_ratio":0.5625, "original_ratio":0.144},        "vertical_landscape":{"aspect_ratio":-1, "original_ratio":0.144},        "horizontal_landscape":{"aspect_ratio":-1, "original_ratio":0.144}    }  },  "narrow_default": {    "freeform_args": {        "vertical_portrait":{"aspect_ratio":0.5625, "original_ratio":1,"original_scale":0.7182,"top_margin":0.142,"left_margin":-1},        "horizontal_portrait":{"aspect_ratio":0.8, "original_ratio":1,"original_scale":0.7182,"top_margin":-1,"left_margin":0.05},        "vertical_landscape":{"aspect_ratio":1.6, "original_ratio":0.6545,"original_scale":0.4473,"top_margin":0.142,"left_margin":-1},        "horizontal_landscape":{"aspect_ratio":1.6, "original_ratio":0.6545,"original_scale":0.4473,"top_margin":-1,"left_margin":0.05}    },    "mini_freeform_args":{        "vertical_portrait":{"aspect_ratio":0.5625, "original_ratio":0.3},        "horizontal_portrait":{"aspect_ratio":0.5625, "original_ratio":0.3},        "vertical_landscape":{"aspect_ratio":1.7778, "original_ratio":0.3},        "horizontal_landscape":{"aspect_ratio":1.7778, "original_ratio":0.3}    }  },  "regular_default": {    "freeform_args": {      "vertical_portrait":{"aspect_ratio":0.625, "original_ratio":1,"original_scale":0.7,"top_margin":0.109,"left_margin":-1},      "horizontal_portrait":{"aspect_ratio":0.6667, "original_ratio":1,"original_scale":0.6102,"top_margin":-1,"left_margin":0.026},      "vertical_landscape":{"asp
E/MiuiMultiWindowUtils( 8575): initFreeFormResolutionArgs failed, device is lime
D/IS_CTS_MODE( 8575): true
D/MULTI_WINDOW_SWITCH_ENABLED( 8575): false
D/IS_CTS_MODE( 8575): true
D/MULTI_WINDOW_SWITCH_ENABLED( 8575): false
D/IS_CTS_MODE( 8575): true
D/MULTI_WINDOW_SWITCH_ENABLED( 8575): false
D/DecorView[]( 8575): getWindowModeFromSystem  windowmode is 1
I/ForceDarkHelperStubImpl( 8575): setViewRootImplForceDark: false for com.example.benchmark_container.MainActivity@e6f428d, reason: AppDarkModeEnable
I/ForceDarkHelperStubImpl( 8575): setViewRootImplForceDark: false for com.example.benchmark_container.MainActivity@e6f428d, reason: AppDarkModeEnable
D/DecorView[]( 8575): getWindowModeFromSystem  windowmode is 1
D/DecorView[]( 8575): updateDecorCaptionStatus displayWindowDecor is false
W/Looper  ( 8575): PerfMonitor looperActivity : package=com.example.benchmark_container/.MainActivity time=455ms latency=388ms running=0ms  procState=-1  historyMsgCount=3 (msgIndex=1 wall=455ms seq=4 late=388ms h=android.app.ActivityThread$H w=159) (msgIndex=2 wall=455ms seq=4 late=388ms h=android.app.ActivityThread$H w=159) (msgIndex=3 wall=443ms seq=3 h=android.app.ActivityThread$H w=110)
W/Looper  ( 8575): PerfMonitor looperActivity : package=com.example.benchmark_container/.MainActivity time=0ms latency=847ms running=0ms  procState=-1  historyMsgCount=4 (msgIndex=1 wall=455ms seq=4 late=388ms h=android.app.ActivityThread$H w=159) (msgIndex=2 wall=455ms seq=4 late=388ms h=android.app.ActivityThread$H w=159) (msgIndex=3 wall=443ms seq=3 h=android.app.ActivityThread$H w=110) (msgIndex=4 wall=455ms seq=4 late=388ms h=android.app.ActivityThread$H w=159)
D/SurfaceView( 8575): UPDATE null, mIsCastMode = false
D/hw-ProcessState( 8575): Binder ioctl to enable oneway spam detection failed: Invalid argument
W/Looper  ( 8575): PerfMonitor longMsg : seq=8 plan=15:28:00.320 late=471ms wall=1703ms running=0ms h=android.view.Choreographer$FrameHandler c=android.view.Choreographer$FrameDisplayEventReceiver procState=-1
W/Looper  ( 8575): PerfMonitor doFrame : time=1703ms vsyncFrame=0 latency=471ms procState=-1 historyMsgCount=7 (msgIndex=1 wall=455ms seq=4 h=android.app.ActivityThread$H w=159) (msgIndex=2 wall=455ms seq=4 h=android.app.ActivityThread$H w=159) (msgIndex=3 wall=1703ms seq=8 late=471ms h=android.view.Choreographer$FrameHandler c=android.view.Choreographer$FrameDisplayEventReceiver) (msgIndex=4 wall=455ms seq=4 h=android.app.ActivityThread$H w=159)
I/Choreographer( 8575): Skipped 94 frames!  The application may be doing too much work on its main thread.
D/SurfaceView( 8575): UPDATE Surface(name=SurfaceView[com.example.benchmark_container/com.example.benchmark_container.MainActivity])/@0xca20cbb, mIsProjectionMode = false
W/Looper  ( 8575): PerfMonitor doFrame : time=3ms vsyncFrame=0 latency=1581ms procState=-1 historyMsgCount=4
[spm]: Connected to Dart VM service.
I/flutter ( 8575): 00:00 +0: Performance Benchmark
E/hmark_containe( 8575): open libmigui.so failed! dlopen - dlopen failed: library "libmigui.so" not found
D/hmark_containe( 8575): MiuiProcessManagerServiceStub setSchedFifo
I/MiuiProcessManagerImpl( 8575): setSchedFifo pid:8575, mode:3
D/DecorView[]( 8575): onWindowFocusChanged hasWindowFocus true
D/DecorView[]( 8575): getWindowModeFromSystem  windowmode is 1
D/DecorView[]( 8575): updateDecorCaptionStatus displayWindowDecor is false
D/ProfileInstaller( 8575): Installing profile for com.example.benchmark_container
I/flutter ( 8575): [SPM:perf] 698a51a  buildSpan: 2554µs
I/flutter ( 8575): [spm] Performance monitoring completed for 698a51a
[spm]: ProfilerData event received.
I/flutter ( 8575): [SPM:perf] 698a51a  buildSpan: 3059µs
[spm]: ProfilerData event received.
I/flutter ( 8575): [spm] Performance monitoring completed for 698a51a
[spm]: ProfilerData event received.
I/flutter ( 8575): [SPM:perf] 698a51a  buildSpan: 3043µs
I/flutter ( 8575): [spm] Performance monitoring completed for 698a51a
[spm]: ProfilerData event received.
I/flutter ( 8575): [SPM:perf] 698a51a  buildSpan: 3230µs
I/flutter ( 8575): [spm] Performance monitoring completed for 698a51a
[spm]: ProfilerData event received.
I/flutter ( 8575): [SPM:perf] 698a51a  buildSpan: 2969µs
I/flutter ( 8575): [spm] Performance monitoring completed for 698a51a
I/flutter ( 8575): [SPM:perf] 698a51a  buildSpan: 7596µs
[spm]: ProfilerData event received.
I/flutter ( 8575): [spm] Performance monitoring completed for 698a51a
[spm]: ProfilerData event received.
I/flutter ( 8575): [SPM:perf] 698a51a  buildSpan: 2854µs
I/flutter ( 8575): [spm] Performance monitoring completed for 698a51a
[spm]: ProfilerData event received.
I/flutter ( 8575): [SPM:perf] 698a51a  buildSpan: 3097µs
I/flutter ( 8575): [spm] Performance monitoring completed for 698a51a
[spm]: ProfilerData event received.
I/flutter ( 8575): [SPM:perf] 698a51a  buildSpan: 2439µs
I/flutter ( 8575): [spm] Performance monitoring completed for 698a51a
[spm]: ProfilerData event received.
I/flutter ( 8575): [SPM:perf] 698a51a  buildSpan: 2994µs
I/flutter ( 8575): [spm] Performance monitoring completed for 698a51a
[spm]: ProfilerData event received.
I/flutter ( 8575): [SPM:perf] 698a51a  buildSpan: 2471µs
I/flutter ( 8575): [spm] Performance monitoring completed for 698a51a
[spm]: ProfilerData event received.
I/flutter ( 8575): [SPM:perf] 698a51a  buildSpan: 1702µs
I/flutter ( 8575): [spm] Performance monitoring completed for 698a51a
[spm]: ProfilerData event received.
I/flutter ( 8575): [SPM:perf] 698a51a  buildSpan: 3278µs
I/flutter ( 8575): [spm] Performance monitoring completed for 698a51a
I/flutter ( 8575): [SPM:perf] 698a51a  buildSpan: 3103µs
[spm]: ProfilerData event received.
I/flutter ( 8575): [spm] Performance monitoring completed for 698a51a
[spm]: ProfilerData event received.
I/flutter ( 8575): [SPM:perf] 698a51a  buildSpan: 3049µs
I/flutter ( 8575): [spm] Performance monitoring completed for 698a51a
I/flutter ( 8575): [SPM:perf] 698a51a  buildSpan: 3033µs
I/flutter ( 8575): [spm] Performance monitoring completed for 698a51a
[spm]: ProfilerData event received.
[spm]: ProfilerData event received.
I/flutter ( 8575): [SPM:perf] 698a51a  buildSpan: 2977µs
I/flutter ( 8575): [spm] Performance monitoring completed for 698a51a
I/flutter ( 8575): [SPM:perf] 698a51a  buildSpan: 2485µs
[spm]: ProfilerData event received.
I/flutter ( 8575): [spm] Performance monitoring completed for 698a51a
[spm]: ProfilerData event received.
I/flutter ( 8575): [SPM:perf] 698a51a  buildSpan: 3048µs
I/flutter ( 8575): [spm] Performance monitoring completed for 698a51a
[spm]: ProfilerData event received.
I/flutter ( 8575): [SPM:perf] 698a51a  buildSpan: 3210µs
I/flutter ( 8575): [spm] Performance monitoring completed for 698a51a
I/flutter ( 8575): [SPM:perf] 698a51a  buildSpan: 3109µs
I/flutter ( 8575): [spm] Performance monitoring completed for 698a51a
[spm]: ProfilerData event received.
[spm]: ProfilerData event received.
I/flutter ( 8575): [SPM:perf] 698a51a  buildSpan: 3066µs
I/flutter ( 8575): [spm] Performance monitoring completed for 698a51a
[spm]: ProfilerData event received.
I/flutter ( 8575): [SPM:perf] 698a51a  buildSpan: 2658µs
I/flutter ( 8575): [spm] Performance monitoring completed for 698a51a
I/flutter ( 8575): [SPM:perf] 698a51a  buildSpan: 2785µs
I/flutter ( 8575): [spm] Performance monitoring completed for 698a51a
[spm]: ProfilerData event received.
I/flutter ( 8575): [SPM:perf] 698a51a  buildSpan: 3094µs
[spm]: ProfilerData event received.
I/flutter ( 8575): [spm] Performance monitoring completed for 698a51a
[spm]: ProfilerData event received.
I/flutter ( 8575): [SPM:perf] 698a51a  buildSpan: 3027µs
I/flutter ( 8575): [spm] Performance monitoring completed for 698a51a
[spm]: ProfilerData event received.
I/flutter ( 8575): [SPM:perf] 698a51a  buildSpan: 2754µs
I/flutter ( 8575): [spm] Performance monitoring completed for 698a51a
[spm]: ProfilerData event received.
I/flutter ( 8575): [SPM:perf] 698a51a  buildSpan: 2970µs
I/flutter ( 8575): [spm] Performance monitoring completed for 698a51a
[spm]: ProfilerData event received.
I/flutter ( 8575): [SPM:perf] 698a51a  buildSpan: 2579µs
I/flutter ( 8575): [spm] Performance monitoring completed for 698a51a
I/flutter ( 8575): [SPM:perf] 698a51a  buildSpan: 3239µs
I/flutter ( 8575): [spm] Performance monitoring completed for 698a51a
[spm]: ProfilerData event received.
I/flutter ( 8575): 01:10 +1: (tearDownAll)
I/flutter ( 8575): 01:11 +2: All tests passed!
All tests passed.
[spm]: Saved 30 profiler events to <ROOT>/dataset-new_samples/1468/redmi9t/raw/20260912-142038/rev_001_3987ebfd/e2.jsonl
[spm]: Reverting injection...
3 issues found. (ran in 0.7s)
WARNING: Your Android app project: app located at: <ROOT>/android/app/build.gradle.kts
applies the Kotlin Gradle Plugin, which will cause build failures in future versions of Flutter. 
Please migrate your app to Built-in Kotlin using this guide: https://docs.flutter.dev/release/breaking-changes/migrate-to-built-in-kotlin/for-app-developers

VMServiceFlutterDriver: Connecting to Flutter application at http://127.0.0.1:34519/stVSpZN5Xug=/
[spm]: Detected VM service URI: ws://127.0.0.1:34519/stVSpZN5Xug=/ws
VMServiceFlutterDriver: Isolate found with number: 2190084917073387
VMServiceFlutterDriver: Isolate 2190084917073387 is runnable.
VMServiceFlutterDriver: Isolate is paused at start.
VMServiceFlutterDriver: Attempting to resume isolate
VMServiceFlutterDriver: Connected to Flutter application.
VMServiceFlutterDriver: request_data message is taking a long time to complete...