# sample_id=1468/rev_001_3987ebfd exec_index=5 ok=True perf_lines=30 vm_events=30 battery_pct=79 soc_temp_millic=38900 battery_temp_c=33.1 charging=False preflight_started=2026-09-12T12:31:28.875214+00:00 started=2026-09-12T12:31:31.588762+00:00 ts=2026-09-12T12:33:33.770642+00:00
[spm]: Running flutter analyze...
Resolving dependencies...
Downloading packages...
  _fe_analyzer_shared 100.0.0 (108.0.0 available)
  analyzer 13.0.0 (14.4.0 available)
  async 2.13.0 (2.13.1 available)
  clock 1.1.2 (1.1.3 available)
  cupertino_icons 1.0.8 (1.0.9 available)
  glob 2.1.3 (2.2.0 available)
  lints 6.0.0 (6.1.0 available)
  matcher 0.12.19 (0.12.20 available)
  material_color_utilities 0.13.0 (0.13.1 available)
  meta 1.18.0 (1.19.0 available)
  package_config 2.2.0 (3.0.0 available)
  platform 3.1.6 (3.2.0 available)
  process 5.0.5 (5.0.6 available)
  pub_semver 2.2.0 (2.2.1 available)
  source_span 1.10.1 (1.10.2 available)
  stack_trace 1.12.1 (1.12.2 available)
  test_api 0.7.11 (0.7.14 available)
  vector_math 2.2.0 (2.4.2 available)
  vm_service 15.0.2 (15.3.0 available)
  webdriver 3.1.0 (3.2.0 available)
  yaml 3.1.3 (3.1.4 available)
Got dependencies!
21 packages have newer versions incompatible with dependency constraints.
Try `flutter pub outdated` for more information.
Analyzing lib...                                                

   info • The part-of directive uses a library name. Try converting the directive to use the URI of the library • lib/dependencies.dart:46:1 • use_string_in_part_of_directives
   info • Library names are not necessary. Remove the library name • lib/generated_widget.dart:2:9 • unnecessary_library_name
   info • Constructors in '@immutable' classes should be declared as 'const'. Try adding 'const' to the constructor declaration • lib/generated_widget.dart:12:3 • prefer_const_constructors_in_immutables

[spm]: Injecting profiler code...
[spm]: Starting app...
Running Gradle task 'assembleProfile'...                        
Running Gradle task 'assembleProfile'...                           20.8s
✓ Built build/app/outputs/flutter-apk/app-profile.apk (26.8MB)
Installing build/app/outputs/flutter-apk/app-profile.apk...      1,220ms
D/DecorView[](21639): getWindowModeFromSystem  windowmode is 1
I/ForceDarkHelperStubImpl(21639): setViewRootImplForceDark: false for com.example.benchmark_container.MainActivity@e6f428d, reason: AppDarkModeEnable
I/ForceDarkHelperStubImpl(21639): setViewRootImplForceDark: false for com.example.benchmark_container.MainActivity@e6f428d, reason: AppDarkModeEnable
D/DecorView[](21639): getWindowModeFromSystem  windowmode is 1
D/DecorView[](21639): updateDecorCaptionStatus displayWindowDecor is false
W/Looper  (21639): PerfMonitor looperActivity : package=com.example.benchmark_container/.MainActivity time=391ms latency=412ms running=0ms  procState=-1  historyMsgCount=3 (msgIndex=3 wall=406ms seq=3 h=android.app.ActivityThread$H w=110)
W/Looper  (21639): PerfMonitor looperActivity : package=com.example.benchmark_container/.MainActivity time=0ms latency=806ms running=0ms  procState=-1  historyMsgCount=4 (msgIndex=3 wall=406ms seq=3 h=android.app.ActivityThread$H w=110) (msgIndex=4 wall=391ms seq=4 late=412ms h=android.app.ActivityThread$H w=159)
D/SurfaceView(21639): UPDATE null, mIsCastMode = false
D/hw-ProcessState(21639): Binder ioctl to enable oneway spam detection failed: Invalid argument
W/Looper  (21639): PerfMonitor longMsg : seq=8 plan=15:32:09.606 late=398ms wall=1678ms running=0ms h=android.view.Choreographer$FrameHandler c=android.view.Choreographer$FrameDisplayEventReceiver procState=-1
W/Looper  (21639): PerfMonitor doFrame : time=1678ms vsyncFrame=0 latency=398ms procState=-1 historyMsgCount=6 (msgIndex=2 wall=1678ms seq=8 late=398ms h=android.view.Choreographer$FrameHandler c=android.view.Choreographer$FrameDisplayEventReceiver) (msgIndex=3 wall=391ms seq=4 h=android.app.ActivityThread$H w=159)
I/Choreographer(21639): Skipped 95 frames!  The application may be doing too much work on its main thread.
D/SurfaceView(21639): UPDATE Surface(name=SurfaceView[com.example.benchmark_container/com.example.benchmark_container.MainActivity])/@0xca20cbb, mIsProjectionMode = false
W/Looper  (21639): PerfMonitor doFrame : time=3ms vsyncFrame=0 latency=1600ms procState=-1 historyMsgCount=4
[spm]: Connected to Dart VM service.
I/flutter (21639): 00:00 +0: Performance Benchmark
E/hmark_containe(21639): open libmigui.so failed! dlopen - dlopen failed: library "libmigui.so" not found
D/hmark_containe(21639): MiuiProcessManagerServiceStub setSchedFifo
I/MiuiProcessManagerImpl(21639): setSchedFifo pid:21639, mode:3
D/DecorView[](21639): onWindowFocusChanged hasWindowFocus true
D/DecorView[](21639): getWindowModeFromSystem  windowmode is 1
D/DecorView[](21639): updateDecorCaptionStatus displayWindowDecor is false
D/ProfileInstaller(21639): Installing profile for com.example.benchmark_container
[spm]: ProfilerData event received.
I/flutter (21639): [SPM:perf] 698a51a  buildSpan: 3201µs
I/flutter (21639): [spm] Performance monitoring completed for 698a51a
[spm]: ProfilerData event received.
I/flutter (21639): [SPM:perf] 698a51a  buildSpan: 2484µs
I/flutter (21639): [spm] Performance monitoring completed for 698a51a
[spm]: ProfilerData event received.
I/flutter (21639): [SPM:perf] 698a51a  buildSpan: 2559µs
I/flutter (21639): [spm] Performance monitoring completed for 698a51a
[spm]: ProfilerData event received.
I/flutter (21639): [SPM:perf] 698a51a  buildSpan: 3022µs
I/flutter (21639): [spm] Performance monitoring completed for 698a51a
[spm]: ProfilerData event received.
I/flutter (21639): [SPM:perf] 698a51a  buildSpan: 2221µs
I/flutter (21639): [spm] Performance monitoring completed for 698a51a
[spm]: ProfilerData event received.
I/flutter (21639): [SPM:perf] 698a51a  buildSpan: 9876µs
I/flutter (21639): [spm] Performance monitoring completed for 698a51a
[spm]: ProfilerData event received.
I/flutter (21639): [SPM:perf] 698a51a  buildSpan: 3241µs
I/flutter (21639): [spm] Performance monitoring completed for 698a51a
[spm]: ProfilerData event received.
I/flutter (21639): [SPM:perf] 698a51a  buildSpan: 3201µs
I/flutter (21639): [spm] Performance monitoring completed for 698a51a
[spm]: ProfilerData event received.
I/flutter (21639): [SPM:perf] 698a51a  buildSpan: 2949µs
I/flutter (21639): [spm] Performance monitoring completed for 698a51a
[spm]: ProfilerData event received.
I/flutter (21639): [SPM:perf] 698a51a  buildSpan: 2208µs
I/flutter (21639): [spm] Performance monitoring completed for 698a51a
[spm]: ProfilerData event received.
I/flutter (21639): [SPM:perf] 698a51a  buildSpan: 2436µs
I/flutter (21639): [spm] Performance monitoring completed for 698a51a
[spm]: ProfilerData event received.
I/flutter (21639): [SPM:perf] 698a51a  buildSpan: 2855µs
I/flutter (21639): [spm] Performance monitoring completed for 698a51a
[spm]: ProfilerData event received.
I/flutter (21639): [SPM:perf] 698a51a  buildSpan: 2196µs
I/flutter (21639): [spm] Performance monitoring completed for 698a51a
[spm]: ProfilerData event received.
I/flutter (21639): [SPM:perf] 698a51a  buildSpan: 3159µs
I/flutter (21639): [spm] Performance monitoring completed for 698a51a
[spm]: ProfilerData event received.
I/flutter (21639): [SPM:perf] 698a51a  buildSpan: 3031µs
I/flutter (21639): [spm] Performance monitoring completed for 698a51a
[spm]: ProfilerData event received.
I/flutter (21639): [SPM:perf] 698a51a  buildSpan: 2494µs
I/flutter (21639): [spm] Performance monitoring completed for 698a51a
[spm]: ProfilerData event received.
I/flutter (21639): [SPM:perf] 698a51a  buildSpan: 3242µs
I/flutter (21639): [spm] Performance monitoring completed for 698a51a
[spm]: ProfilerData event received.
I/flutter (21639): [SPM:perf] 698a51a  buildSpan: 3231µs
I/flutter (21639): [spm] Performance monitoring completed for 698a51a
[spm]: ProfilerData event received.
I/flutter (21639): [SPM:perf] 698a51a  buildSpan: 2263µs
I/flutter (21639): [spm] Performance monitoring completed for 698a51a
[spm]: ProfilerData event received.
I/flutter (21639): [SPM:perf] 698a51a  buildSpan: 3114µs
I/flutter (21639): [spm] Performance monitoring completed for 698a51a
[spm]: ProfilerData event received.
I/flutter (21639): [SPM:perf] 698a51a  buildSpan: 2394µs
I/flutter (21639): [spm] Performance monitoring completed for 698a51a
[spm]: ProfilerData event received.
I/flutter (21639): [SPM:perf] 698a51a  buildSpan: 2860µs
I/flutter (21639): [spm] Performance monitoring completed for 698a51a
[spm]: ProfilerData event received.
I/flutter (21639): [SPM:perf] 698a51a  buildSpan: 3136µs
I/flutter (21639): [spm] Performance monitoring completed for 698a51a
[spm]: ProfilerData event received.
I/flutter (21639): [SPM:perf] 698a51a  buildSpan: 3165µs
I/flutter (21639): [spm] Performance monitoring completed for 698a51a
I/flutter (21639): [SPM:perf] 698a51a  buildSpan: 1949µs
I/flutter (21639): [spm] Performance monitoring completed for 698a51a
[spm]: ProfilerData event received.
[spm]: ProfilerData event received.
I/flutter (21639): [SPM:perf] 698a51a  buildSpan: 3043µs
I/flutter (21639): [spm] Performance monitoring completed for 698a51a
[spm]: ProfilerData event received.
I/flutter (21639): [SPM:perf] 698a51a  buildSpan: 3183µs
I/flutter (21639): [spm] Performance monitoring completed for 698a51a
[spm]: ProfilerData event received.
I/flutter (21639): [SPM:perf] 698a51a  buildSpan: 3079µs
I/flutter (21639): [spm] Performance monitoring completed for 698a51a
[spm]: ProfilerData event received.
I/flutter (21639): [SPM:perf] 698a51a  buildSpan: 3046µs
I/flutter (21639): [spm] Performance monitoring completed for 698a51a
[spm]: ProfilerData event received.
I/flutter (21639): [SPM:perf] 698a51a  buildSpan: 2463µs
I/flutter (21639): [spm] Performance monitoring completed for 698a51a
I/flutter (21639): 01:10 +1: (tearDownAll)
I/flutter (21639): 01:11 +2: All tests passed!
All tests passed.
[spm]: Saved 30 profiler events to <ROOT>/dataset-new_samples/1468/redmi9t/raw/20260912-142038/rev_001_3987ebfd/e5.jsonl
[spm]: Reverting injection...
3 issues found. (ran in 0.7s)
WARNING: Your Android app project: app located at: <ROOT>/android/app/build.gradle.kts
applies the Kotlin Gradle Plugin, which will cause build failures in future versions of Flutter. 
Please migrate your app to Built-in Kotlin using this guide: https://docs.flutter.dev/release/breaking-changes/migrate-to-built-in-kotlin/for-app-developers

VMServiceFlutterDriver: Connecting to Flutter application at http://127.0.0.1:46499/zDqXy18HqPk=/
[spm]: Detected VM service URI: ws://127.0.0.1:46499/zDqXy18HqPk=/ws
VMServiceFlutterDriver: Isolate found with number: 8277156646636579
VMServiceFlutterDriver: Isolate 8277156646636579 is runnable.
VMServiceFlutterDriver: Isolate is paused at start.
VMServiceFlutterDriver: Attempting to resume isolate
VMServiceFlutterDriver: Connected to Flutter application.
VMServiceFlutterDriver: request_data message is taking a long time to complete...