# sample_id=1468/rev_001_3987ebfd exec_index=6 ok=True perf_lines=30 vm_events=30 battery_pct=79 soc_temp_millic=39800 battery_temp_c=33.1 charging=False preflight_started=2026-09-12T12:35:38.124833+00:00 started=2026-09-12T12:35:40.826897+00:00 ts=2026-09-12T12:37:42.855052+00:00
[spm]: Running flutter analyze...
Resolving dependencies...
Downloading packages...
  _fe_analyzer_shared 100.0.0 (108.0.0 available)
  analyzer 13.0.0 (14.4.0 available)
  async 2.13.0 (2.13.1 available)
  clock 1.1.2 (1.1.3 available)
  cupertino_icons 1.0.8 (1.0.9 available)
  glob 2.1.3 (2.2.0 available)
  lints 6.0.0 (6.1.0 available)
  matcher 0.12.19 (0.12.20 available)
  material_color_utilities 0.13.0 (0.13.1 available)
  meta 1.18.0 (1.19.0 available)
  package_config 2.2.0 (3.0.0 available)
  platform 3.1.6 (3.2.0 available)
  process 5.0.5 (5.0.6 available)
  pub_semver 2.2.0 (2.2.1 available)
  source_span 1.10.1 (1.10.2 available)
  stack_trace 1.12.1 (1.12.2 available)
  test_api 0.7.11 (0.7.14 available)
  vector_math 2.2.0 (2.4.2 available)
  vm_service 15.0.2 (15.3.0 available)
  webdriver 3.1.0 (3.2.0 available)
  yaml 3.1.3 (3.1.4 available)
Got dependencies!
21 packages have newer versions incompatible with dependency constraints.
Try `flutter pub outdated` for more information.
Analyzing lib...                                                

   info • The part-of directive uses a library name. Try converting the directive to use the URI of the library • lib/dependencies.dart:46:1 • use_string_in_part_of_directives
   info • Library names are not necessary. Remove the library name • lib/generated_widget.dart:2:9 • unnecessary_library_name
   info • Constructors in '@immutable' classes should be declared as 'const'. Try adding 'const' to the constructor declaration • lib/generated_widget.dart:12:3 • prefer_const_constructors_in_immutables

[spm]: Injecting profiler code...
[spm]: Starting app...
Running Gradle task 'assembleProfile'...                        
Running Gradle task 'assembleProfile'...                           20.9s
✓ Built build/app/outputs/flutter-apk/app-profile.apk (26.8MB)
Installing build/app/outputs/flutter-apk/app-profile.apk...      1,236ms
D/DecorView[]( 5513): getWindowModeFromSystem  windowmode is 1
I/ForceDarkHelperStubImpl( 5513): setViewRootImplForceDark: false for com.example.benchmark_container.MainActivity@e6f428d, reason: AppDarkModeEnable
I/ForceDarkHelperStubImpl( 5513): setViewRootImplForceDark: false for com.example.benchmark_container.MainActivity@e6f428d, reason: AppDarkModeEnable
D/DecorView[]( 5513): getWindowModeFromSystem  windowmode is 1
D/DecorView[]( 5513): updateDecorCaptionStatus displayWindowDecor is false
W/Looper  ( 5513): PerfMonitor looperActivity : package=com.example.benchmark_container/.MainActivity time=371ms latency=417ms running=0ms  procState=-1  historyMsgCount=3 (msgIndex=3 wall=400ms seq=3 h=android.app.ActivityThread$H w=110)
W/Looper  ( 5513): PerfMonitor looperActivity : package=com.example.benchmark_container/.MainActivity time=0ms latency=779ms running=0ms  procState=-1  historyMsgCount=4 (msgIndex=3 wall=400ms seq=3 h=android.app.ActivityThread$H w=110) (msgIndex=4 wall=371ms seq=4 late=417ms h=android.app.ActivityThread$H w=159)
D/SurfaceView( 5513): UPDATE null, mIsCastMode = false
D/hw-ProcessState( 5513): Binder ioctl to enable oneway spam detection failed: Invalid argument
W/Looper  ( 5513): PerfMonitor longMsg : seq=8 plan=15:36:18.575 late=384ms wall=1652ms running=0ms h=android.view.Choreographer$FrameHandler c=android.view.Choreographer$FrameDisplayEventReceiver procState=-1
W/Looper  ( 5513): PerfMonitor doFrame : time=1652ms vsyncFrame=0 latency=384ms procState=-1 historyMsgCount=6 (msgIndex=2 wall=1652ms seq=8 late=384ms h=android.view.Choreographer$FrameHandler c=android.view.Choreographer$FrameDisplayEventReceiver) (msgIndex=3 wall=371ms seq=4 h=android.app.ActivityThread$H w=159)
I/Choreographer( 5513): Skipped 94 frames!  The application may be doing too much work on its main thread.
D/SurfaceView( 5513): UPDATE Surface(name=SurfaceView[com.example.benchmark_container/com.example.benchmark_container.MainActivity])/@0xca20cbb, mIsProjectionMode = false
W/Looper  ( 5513): PerfMonitor doFrame : time=2ms vsyncFrame=0 latency=1577ms procState=-1 historyMsgCount=4
[spm]: Connected to Dart VM service.
I/flutter ( 5513): 00:00 +0: Performance Benchmark
E/hmark_containe( 5513): open libmigui.so failed! dlopen - dlopen failed: library "libmigui.so" not found
D/hmark_containe( 5513): MiuiProcessManagerServiceStub setSchedFifo
I/MiuiProcessManagerImpl( 5513): setSchedFifo pid:5513, mode:3
D/DecorView[]( 5513): onWindowFocusChanged hasWindowFocus true
D/DecorView[]( 5513): getWindowModeFromSystem  windowmode is 1
D/DecorView[]( 5513): updateDecorCaptionStatus displayWindowDecor is false
D/ProfileInstaller( 5513): Installing profile for com.example.benchmark_container
[spm]: ProfilerData event received.
I/flutter ( 5513): [SPM:perf] 698a51a  buildSpan: 3197µs
I/flutter ( 5513): [spm] Performance monitoring completed for 698a51a
[spm]: ProfilerData event received.
I/flutter ( 5513): [SPM:perf] 698a51a  buildSpan: 3630µs
I/flutter ( 5513): [spm] Performance monitoring completed for 698a51a
[spm]: ProfilerData event received.
I/flutter ( 5513): [SPM:perf] 698a51a  buildSpan: 3050µs
I/flutter ( 5513): [spm] Performance monitoring completed for 698a51a
[spm]: ProfilerData event received.
I/flutter ( 5513): [SPM:perf] 698a51a  buildSpan: 2976µs
I/flutter ( 5513): [spm] Performance monitoring completed for 698a51a
[spm]: ProfilerData event received.
I/flutter ( 5513): [SPM:perf] 698a51a  buildSpan: 3117µs
I/flutter ( 5513): [spm] Performance monitoring completed for 698a51a
[spm]: ProfilerData event received.
I/flutter ( 5513): [SPM:perf] 698a51a  buildSpan: 7627µs
I/flutter ( 5513): [spm] Performance monitoring completed for 698a51a
[spm]: ProfilerData event received.
I/flutter ( 5513): [SPM:perf] 698a51a  buildSpan: 2755µs
I/flutter ( 5513): [spm] Performance monitoring completed for 698a51a
[spm]: ProfilerData event received.
I/flutter ( 5513): [SPM:perf] 698a51a  buildSpan: 3065µs
I/flutter ( 5513): [spm] Performance monitoring completed for 698a51a
[spm]: ProfilerData event received.
I/flutter ( 5513): [SPM:perf] 698a51a  buildSpan: 3100µs
I/flutter ( 5513): [spm] Performance monitoring completed for 698a51a
[spm]: ProfilerData event received.
I/flutter ( 5513): [SPM:perf] 698a51a  buildSpan: 2740µs
I/flutter ( 5513): [spm] Performance monitoring completed for 698a51a
[spm]: ProfilerData event received.
I/flutter ( 5513): [SPM:perf] 698a51a  buildSpan: 3127µs
I/flutter ( 5513): [spm] Performance monitoring completed for 698a51a
[spm]: ProfilerData event received.
I/flutter ( 5513): [SPM:perf] 698a51a  buildSpan: 2986µs
I/flutter ( 5513): [spm] Performance monitoring completed for 698a51a
[spm]: ProfilerData event received.
I/flutter ( 5513): [SPM:perf] 698a51a  buildSpan: 2356µs
I/flutter ( 5513): [spm] Performance monitoring completed for 698a51a
[spm]: ProfilerData event received.
I/flutter ( 5513): [SPM:perf] 698a51a  buildSpan: 2396µs
I/flutter ( 5513): [spm] Performance monitoring completed for 698a51a
[spm]: ProfilerData event received.
I/flutter ( 5513): [SPM:perf] 698a51a  buildSpan: 2589µs
I/flutter ( 5513): [spm] Performance monitoring completed for 698a51a
I/flutter ( 5513): [SPM:perf] 698a51a  buildSpan: 2306µs
I/flutter ( 5513): [spm] Performance monitoring completed for 698a51a
[spm]: ProfilerData event received.
[spm]: ProfilerData event received.
I/flutter ( 5513): [SPM:perf] 698a51a  buildSpan: 2168µs
I/flutter ( 5513): [spm] Performance monitoring completed for 698a51a
[spm]: ProfilerData event received.
I/flutter ( 5513): [SPM:perf] 698a51a  buildSpan: 3166µs
I/flutter ( 5513): [spm] Performance monitoring completed for 698a51a
[spm]: ProfilerData event received.
I/flutter ( 5513): [SPM:perf] 698a51a  buildSpan: 3068µs
I/flutter ( 5513): [spm] Performance monitoring completed for 698a51a
I/flutter ( 5513): [SPM:perf] 698a51a  buildSpan: 3032µs
I/flutter ( 5513): [spm] Performance monitoring completed for 698a51a
[spm]: ProfilerData event received.
[spm]: ProfilerData event received.
I/flutter ( 5513): [SPM:perf] 698a51a  buildSpan: 3114µs
I/flutter ( 5513): [spm] Performance monitoring completed for 698a51a
[spm]: ProfilerData event received.
I/flutter ( 5513): [SPM:perf] 698a51a  buildSpan: 2553µs
I/flutter ( 5513): [spm] Performance monitoring completed for 698a51a
I/flutter ( 5513): [SPM:perf] 698a51a  buildSpan: 2529µs
I/flutter ( 5513): [spm] Performance monitoring completed for 698a51a
[spm]: ProfilerData event received.
[spm]: ProfilerData event received.
I/flutter ( 5513): [SPM:perf] 698a51a  buildSpan: 3081µs
I/flutter ( 5513): [spm] Performance monitoring completed for 698a51a
[spm]: ProfilerData event received.
I/flutter ( 5513): [SPM:perf] 698a51a  buildSpan: 3085µs
I/flutter ( 5513): [spm] Performance monitoring completed for 698a51a
[spm]: ProfilerData event received.
I/flutter ( 5513): [SPM:perf] 698a51a  buildSpan: 3236µs
I/flutter ( 5513): [spm] Performance monitoring completed for 698a51a
[spm]: ProfilerData event received.
I/flutter ( 5513): [SPM:perf] 698a51a  buildSpan: 2755µs
I/flutter ( 5513): [spm] Performance monitoring completed for 698a51a
I/flutter ( 5513): [SPM:perf] 698a51a  buildSpan: 2066µs
[spm]: ProfilerData event received.
I/flutter ( 5513): [spm] Performance monitoring completed for 698a51a
I/flutter ( 5513): [SPM:perf] 698a51a  buildSpan: 2184µs
I/flutter ( 5513): [spm] Performance monitoring completed for 698a51a
[spm]: ProfilerData event received.
I/flutter ( 5513): [SPM:perf] 698a51a  buildSpan: 3078µs
[spm]: ProfilerData event received.
I/flutter ( 5513): [spm] Performance monitoring completed for 698a51a
I/flutter ( 5513): 01:10 +1: (tearDownAll)
I/flutter ( 5513): 01:11 +2: All tests passed!
All tests passed.
[spm]: Saved 30 profiler events to <ROOT>/dataset-new_samples/1468/redmi9t/raw/20260912-142038/rev_001_3987ebfd/e6.jsonl
[spm]: Reverting injection...
3 issues found. (ran in 0.6s)
WARNING: Your Android app project: app located at: <ROOT>/android/app/build.gradle.kts
applies the Kotlin Gradle Plugin, which will cause build failures in future versions of Flutter. 
Please migrate your app to Built-in Kotlin using this guide: https://docs.flutter.dev/release/breaking-changes/migrate-to-built-in-kotlin/for-app-developers

VMServiceFlutterDriver: Connecting to Flutter application at http://127.0.0.1:45721/kVeukwoawxA=/
[spm]: Detected VM service URI: ws://127.0.0.1:45721/kVeukwoawxA=/ws
VMServiceFlutterDriver: Isolate found with number: 1626403155250907
VMServiceFlutterDriver: Isolate 1626403155250907 is runnable.
VMServiceFlutterDriver: Isolate is paused at start.
VMServiceFlutterDriver: Attempting to resume isolate
VMServiceFlutterDriver: Connected to Flutter application.
VMServiceFlutterDriver: request_data message is taking a long time to complete...