# sample_id=0508/rev_002_85b46635 exec_index=13 ok=True perf_lines=30 vm_events=30 battery_pct=48 soc_temp_millic=38600 battery_temp_c=32.1 charging=False preflight_started=2026-09-10T21:48:31.544922+00:00 started=2026-09-10T21:48:34.298911+00:00 ts=2026-09-10T21:50:17.658727+00:00
[spm]: Running flutter analyze...
Analyzing lib...                                                

   info • The part-of directive uses a library name. Try converting the directive to use the URI of the library • lib/dependencies.dart:43:1 • use_string_in_part_of_directives
   info • Library names are not necessary. Remove the library name • lib/generated_widget.dart:2:9 • unnecessary_library_name
   info • Constructors in '@immutable' classes should be declared as 'const'. Try adding 'const' to the constructor declaration • lib/generated_widget.dart:11:3 • prefer_const_constructors_in_immutables
   info • Use 'isEmpty' instead of 'length' to test whether the collection is empty. Try rewriting the expression to use 'isEmpty' • lib/generated_widget.dart:51:9 • prefer_is_empty
   info • Use a 'SizedBox' to add whitespace to a layout. Try using a 'SizedBox' rather than a 'Container' • lib/generated_widget.dart:164:40 • sized_box_for_whitespace
   info • The 'child' argument should be last in widget constructor invocations. Try moving the argument to the end of the argument list • lib/generated_widget.dart:165:35 • sort_child_properties_last
   info • The 'children' argument should be last in widget constructor invocations. Try moving the argument to the end of the argument list • lib/generated_widget.dart:368:35 • sort_child_properties_last
   info • Parameter 'key' could be a super parameter. Trying converting 'key' to a super parameter • lib/generated_widget.dart:411:9 • use_super_parameters
   info • Field overrides a field inherited from 'Widget'. Try removing the field, overriding the getter and setter if necessary • lib/generated_widget.dart:444:14 • overridden_fields
   info • The member 'key' overrides an inherited member but isn't annotated with '@override'. Try adding the '@override' annotation • lib/generated_widget.dart:444:14 • annotate_overrides

[spm]: Injecting profiler code...
[spm]: Starting app...
Running Gradle task 'assembleProfile'...                        
Running Gradle task 'assembleProfile'...                         1,935ms
✓ Built build/app/outputs/flutter-apk/app-profile.apk (26.8MB)
Installing build/app/outputs/flutter-apk/app-profile.apk...      1,269ms
I/hmark_containe(24916): hiddenapi: Accessing hidden method Landroid/view/accessibility/AccessibilityRecord;->getSourceNodeId()J (runtime_flags=0, domain=platform, api=unsupported) from Lio/flutter/view/AccessibilityViewEmbedder$ReflectionAccessors; (domain=app, TargetSdkVersion=36) using reflection: allowed
I/hmark_containe(24916): hiddenapi: Accessing hidden field Landroid/view/accessibility/AccessibilityNodeInfo;->mChildNodeIds:Landroid/util/LongArray; (runtime_flags=0, domain=platform, api=unsupported) from Lio/flutter/view/AccessibilityViewEmbedder$ReflectionAccessors; (domain=app, TargetSdkVersion=36) using reflection: allowed
I/hmark_containe(24916): hiddenapi: Accessing hidden method Landroid/util/LongArray;->get(I)J (runtime_flags=0, domain=platform, api=unsupported) from Lio/flutter/view/AccessibilityViewEmbedder$ReflectionAccessors; (domain=app, TargetSdkVersion=36) using reflection: allowed
D/MiuiMultiWindowUtils(24916): freeform resolution args raw data:{  "zizhan":{    "freeform_args": {      "inner":{        "vertical_portrait":{"aspect_ratio":0.626, "original_ratio":0.5643,"original_scale":0.74,"top_margin":0.168,"left_margin":0.484},        "horizontal_portrait":{"aspect_ratio":0.626, "original_ratio":0.5643,"original_scale":0.74,"top_margin":0.1222,"left_margin":0.59745},        "vertical_landscape":{"aspect_ratio":1.6, "original_ratio":1,"original_scale":0.604,"top_margin":0.2596,"left_margin":0.2624},        "horizontal_landscape":{"aspect_ratio":1.6, "original_ratio":1,"original_scale":0.604,"top_margin":0.213,"left_margin":0.3758}      },      "outer":{        "vertical_portrait":{"aspect_ratio":0.626, "original_ratio":1,"original_scale":0.74,"top_margin":0.0753,"left_margin":-1},        "horizontal_portrait":{"aspect_ratio":0.626, "original_ratio":1,"original_scale":0.5756,"top_margin":-1,"left_margin":0.0753},        "vertical_landscape":{"aspect_ratio":1.6, "original_ratio":0.6847,"original_scale":0.587,"top_margin":0.0753,"left_margin":-1},        "horizontal_landscape":{"aspect_ratio":1.6, "original_ratio":0.6847,"original_scale":0.587,"top_margin":-1,"left_margin":0.0753}}    },    "mini_freeform_args":{      "inner":{        "vertical_portrait":{"aspect_ratio":0.626, "original_ratio":0.147},        "horizontal_portrait":{"aspect_ratio":0.626, "original_ratio":0.147},        "vertical_landscape":{"aspect_ratio":1.6, "original_ratio":0.165},        "horizontal_landscape":{"aspect_ratio":1.6, "original_ratio":0.165}      },      "outer":{        "vertical_portrait":{"aspect_ratio":0.626, "original_ratio":0.26},        "horizontal_portrait":{"aspect_ratio":0.626, "original_ratio":0.26},        "vertical_landscape":{"aspect_ratio":1.6, "original_ratio":0.293},        "horizontal_landscape":{"aspect_ratio":1.6, "original_ratio":0.293}}    }  },  "wide_default":{    "freeform_args": {        "vertical_portrait":{"aspect_ratio":0.625, "original_ratio":0.5806,"original_scale":0.7574,"top_margin":0.125,"left_margin":0.392},        "horizontal_portrait":{"aspect_ratio":0.625, "original_ratio":0.5806,"original_scale":0.7574,"top_margin":-1,"left_margin":0.6415},        "vertical_landscape":{"aspect_ratio":1.6, "original_ratio":1,"original_scale":0.5153,"top_margin":0.125,"left_margin":0.206},        "horizontal_landscape":{"aspect_ratio":1.6, "original_ratio":1,"original_scale":0.5153,"top_margin":-1,"left_margin":0.456}    },    "mini_freeform_args":{        "vertical_portrait":{"aspect_ratio":0.5625, "original_ratio":0.144},        "horizontal_portrait":{"aspect_ratio":0.5625, "original_ratio":0.144},        "vertical_landscape":{"aspect_ratio":-1, "original_ratio":0.144},        "horizontal_landscape":{"aspect_ratio":-1, "original_ratio":0.144}    }  },  "narrow_default": {    "freeform_args": {        "vertical_portrait":{"aspect_ratio":0.5625, "original_ratio":1,"original_scale":0.7182,"top_margin":0.142,"left_margin":-1},        "horizontal_portrait":{"aspect_ratio":0.8, "original_ratio":1,"original_scale":0.7182,"top_margin":-1,"left_margin":0.05},        "vertical_landscape":{"aspect_ratio":1.6, "original_ratio":0.6545,"original_scale":0.4473,"top_margin":0.142,"left_margin":-1},        "horizontal_landscape":{"aspect_ratio":1.6, "original_ratio":0.6545,"original_scale":0.4473,"top_margin":-1,"left_margin":0.05}    },    "mini_freeform_args":{        "vertical_portrait":{"aspect_ratio":0.5625, "original_ratio":0.3},        "horizontal_portrait":{"aspect_ratio":0.5625, "original_ratio":0.3},        "vertical_landscape":{"aspect_ratio":1.7778, "original_ratio":0.3},        "horizontal_landscape":{"aspect_ratio":1.7778, "original_ratio":0.3}    }  },  "regular_default": {    "freeform_args": {      "vertical_portrait":{"aspect_ratio":0.625, "original_ratio":1,"original_scale":0.7,"top_margin":0.109,"left_margin":-1},      "horizontal_portrait":{"aspect_ratio":0.6667, "original_ratio":1,"original_scale":0.6102,"top_margin":-1,"left_margin":0.026},      "vertical_landscape":{"asp
E/MiuiMultiWindowUtils(24916): initFreeFormResolutionArgs failed, device is lime
D/IS_CTS_MODE(24916): true
D/MULTI_WINDOW_SWITCH_ENABLED(24916): false
D/IS_CTS_MODE(24916): true
D/MULTI_WINDOW_SWITCH_ENABLED(24916): false
D/IS_CTS_MODE(24916): true
D/MULTI_WINDOW_SWITCH_ENABLED(24916): false
D/DecorView[](24916): getWindowModeFromSystem  windowmode is 1
D/DecorView[](24916): getWindowModeFromSystem  windowmode is 1
D/DecorView[](24916): updateDecorCaptionStatus displayWindowDecor is false
W/Looper  (24916): PerfMonitor looperActivity : package=com.example.benchmark_container/.MainActivity time=361ms latency=380ms running=0ms  procState=-1  historyMsgCount=3 (msgIndex=3 wall=371ms seq=3 h=android.app.ActivityThread$H w=110)
W/Looper  (24916): PerfMonitor looperActivity : package=com.example.benchmark_container/.MainActivity time=0ms latency=743ms running=0ms  procState=-1  historyMsgCount=4 (msgIndex=3 wall=371ms seq=3 h=android.app.ActivityThread$H w=110) (msgIndex=4 wall=361ms seq=4 h=android.app.ActivityThread$H w=159)
D/SurfaceView(24916): UPDATE null, mIsCastMode = false
D/hw-ProcessState(24916): Binder ioctl to enable oneway spam detection failed: Invalid argument
W/Looper  (24916): PerfMonitor longMsg : seq=8 plan=00:48:53.287 late=361ms wall=1661ms running=0ms h=android.view.Choreographer$FrameHandler c=android.view.Choreographer$FrameDisplayEventReceiver procState=-1
W/Looper  (24916): PerfMonitor doFrame : time=1661ms vsyncFrame=0 latency=361ms procState=-1 historyMsgCount=4 (msgIndex=1 wall=1661ms seq=8 late=361ms h=android.view.Choreographer$FrameHandler c=android.view.Choreographer$FrameDisplayEventReceiver)
I/Choreographer(24916): Skipped 94 frames!  The application may be doing too much work on its main thread.
D/SurfaceView(24916): UPDATE Surface(name=SurfaceView[com.example.benchmark_container/com.example.benchmark_container.MainActivity])/@0x739554a, mIsProjectionMode = false
W/Looper  (24916): PerfMonitor doFrame : time=3ms vsyncFrame=0 latency=1578ms procState=-1 historyMsgCount=4
[spm]: Connected to Dart VM service.
I/flutter (24916): 00:00 +0: Performance Benchmark
E/hmark_containe(24916): open libmigui.so failed! dlopen - dlopen failed: library "libmigui.so" not found
D/hmark_containe(24916): MiuiProcessManagerServiceStub setSchedFifo
I/MiuiProcessManagerImpl(24916): setSchedFifo pid:24916, mode:3
D/DecorView[](24916): onWindowFocusChanged hasWindowFocus true
D/DecorView[](24916): getWindowModeFromSystem  windowmode is 1
D/DecorView[](24916): updateDecorCaptionStatus displayWindowDecor is false
D/ProfileInstaller(24916): Installing profile for com.example.benchmark_container
[spm]: ProfilerData event received.
I/flutter (24916): [SPM:perf] 698a51a  buildSpan: 509µs
I/flutter (24916): [spm] Performance monitoring completed for 698a51a
[spm]: ProfilerData event received.
I/flutter (24916): [SPM:perf] 698a51a  buildSpan: 545µs
I/flutter (24916): [spm] Performance monitoring completed for 698a51a
[spm]: ProfilerData event received.
I/flutter (24916): [SPM:perf] 698a51a  buildSpan: 467µs
I/flutter (24916): [spm] Performance monitoring completed for 698a51a
[spm]: ProfilerData event received.
I/flutter (24916): [SPM:perf] 698a51a  buildSpan: 451µs
I/flutter (24916): [spm] Performance monitoring completed for 698a51a
[spm]: ProfilerData event received.
I/flutter (24916): [SPM:perf] 698a51a  buildSpan: 543µs
I/flutter (24916): [spm] Performance monitoring completed for 698a51a
[spm]: ProfilerData event received.
I/flutter (24916): [SPM:perf] 698a51a  buildSpan: 258µs
I/flutter (24916): [spm] Performance monitoring completed for 698a51a
[spm]: ProfilerData event received.
I/flutter (24916): [SPM:perf] 698a51a  buildSpan: 406µs
I/flutter (24916): [spm] Performance monitoring completed for 698a51a
[spm]: ProfilerData event received.
I/flutter (24916): [SPM:perf] 698a51a  buildSpan: 467µs
I/flutter (24916): [spm] Performance monitoring completed for 698a51a
[spm]: ProfilerData event received.
I/flutter (24916): [SPM:perf] 698a51a  buildSpan: 301µs
I/flutter (24916): [spm] Performance monitoring completed for 698a51a
[spm]: ProfilerData event received.
I/flutter (24916): [SPM:perf] 698a51a  buildSpan: 390µs
I/flutter (24916): [spm] Performance monitoring completed for 698a51a
[spm]: ProfilerData event received.
I/flutter (24916): [SPM:perf] 698a51a  buildSpan: 462µs
I/flutter (24916): [spm] Performance monitoring completed for 698a51a
[spm]: ProfilerData event received.
I/flutter (24916): [SPM:perf] 698a51a  buildSpan: 664µs
I/flutter (24916): [spm] Performance monitoring completed for 698a51a
[spm]: ProfilerData event received.
I/flutter (24916): [SPM:perf] 698a51a  buildSpan: 467µs
I/flutter (24916): [spm] Performance monitoring completed for 698a51a
[spm]: ProfilerData event received.
I/flutter (24916): [SPM:perf] 698a51a  buildSpan: 464µs
I/flutter (24916): [spm] Performance monitoring completed for 698a51a
[spm]: ProfilerData event received.
I/flutter (24916): [SPM:perf] 698a51a  buildSpan: 500µs
I/flutter (24916): [spm] Performance monitoring completed for 698a51a
I/flutter (24916): [SPM:perf] 698a51a  buildSpan: 686µs
I/flutter (24916): [spm] Performance monitoring completed for 698a51a
[spm]: ProfilerData event received.
[spm]: ProfilerData event received.
I/flutter (24916): [SPM:perf] 698a51a  buildSpan: 521µs
I/flutter (24916): [spm] Performance monitoring completed for 698a51a
[spm]: ProfilerData event received.
I/flutter (24916): [SPM:perf] 698a51a  buildSpan: 446µs
I/flutter (24916): [spm] Performance monitoring completed for 698a51a
[spm]: ProfilerData event received.
I/flutter (24916): [SPM:perf] 698a51a  buildSpan: 646µs
I/flutter (24916): [spm] Performance monitoring completed for 698a51a
I/flutter (24916): [SPM:perf] 698a51a  buildSpan: 437µs
I/flutter (24916): [spm] Performance monitoring completed for 698a51a
[spm]: ProfilerData event received.
[spm]: ProfilerData event received.
I/flutter (24916): [SPM:perf] 698a51a  buildSpan: 939µs
I/flutter (24916): [spm] Performance monitoring completed for 698a51a
I/flutter (24916): [SPM:perf] 698a51a  buildSpan: 547µs
I/flutter (24916): [spm] Performance monitoring completed for 698a51a
[spm]: ProfilerData event received.
[spm]: ProfilerData event received.
I/flutter (24916): [SPM:perf] 698a51a  buildSpan: 454µs
I/flutter (24916): [spm] Performance monitoring completed for 698a51a
[spm]: ProfilerData event received.
I/flutter (24916): [SPM:perf] 698a51a  buildSpan: 336µs
I/flutter (24916): [spm] Performance monitoring completed for 698a51a
[spm]: ProfilerData event received.
I/flutter (24916): [SPM:perf] 698a51a  buildSpan: 473µs
I/flutter (24916): [spm] Performance monitoring completed for 698a51a
[spm]: ProfilerData event received.
I/flutter (24916): [SPM:perf] 698a51a  buildSpan: 359µs
I/flutter (24916): [spm] Performance monitoring completed for 698a51a
I/flutter (24916): [SPM:perf] 698a51a  buildSpan: 325µs
[spm]: ProfilerData event received.
I/flutter (24916): [spm] Performance monitoring completed for 698a51a
[spm]: ProfilerData event received.
I/flutter (24916): [SPM:perf] 698a51a  buildSpan: 387µs
I/flutter (24916): [spm] Performance monitoring completed for 698a51a
[spm]: ProfilerData event received.
I/flutter (24916): [SPM:perf] 698a51a  buildSpan: 653µs
I/flutter (24916): [spm] Performance monitoring completed for 698a51a
I/flutter (24916): [SPM:perf] 698a51a  buildSpan: 378µs
I/flutter (24916): [spm] Performance monitoring completed for 698a51a
[spm]: ProfilerData event received.
I/flutter (24916): 01:10 +1: (tearDownAll)
I/flutter (24916): 01:11 +2: All tests passed!
All tests passed.
[spm]: Saved 30 profiler events to <ROOT>/dataset-new_samples/0508/redmi9t/raw/20260910-192307/rev_002_85b46635/e13.jsonl
[spm]: Reverting injection...
10 issues found. (ran in 0.5s)
WARNING: Your Android app project: app located at: <ROOT>/android/app/build.gradle.kts
applies the Kotlin Gradle Plugin, which will cause build failures in future versions of Flutter. 
Please migrate your app to Built-in Kotlin using this guide: https://docs.flutter.dev/release/breaking-changes/migrate-to-built-in-kotlin/for-app-developers

VMServiceFlutterDriver: Connecting to Flutter application at http://127.0.0.1:36835/9wsPhDqoOIc=/
[spm]: Detected VM service URI: ws://127.0.0.1:36835/9wsPhDqoOIc=/ws
VMServiceFlutterDriver: Isolate found with number: 6077057252284167
VMServiceFlutterDriver: Isolate 6077057252284167 is runnable.
VMServiceFlutterDriver: Isolate is paused at start.
VMServiceFlutterDriver: Attempting to resume isolate
VMServiceFlutterDriver: Connected to Flutter application.
VMServiceFlutterDriver: request_data message is taking a long time to complete...