# sample_id=0508/rev_002_85b46635 exec_index=3 ok=True perf_lines=29 vm_events=30 battery_pct=61 soc_temp_millic=45100 battery_temp_c=34.0 charging=False preflight_started=2026-09-10T19:28:49.861188+00:00 started=2026-09-10T19:28:52.502418+00:00 ts=2026-09-10T19:31:01.484904+00:00
[spm]: Running flutter analyze...
Analyzing lib...                                                

   info • The part-of directive uses a library name. Try converting the directive to use the URI of the library • lib/dependencies.dart:43:1 • use_string_in_part_of_directives
   info • Library names are not necessary. Remove the library name • lib/generated_widget.dart:2:9 • unnecessary_library_name
   info • Constructors in '@immutable' classes should be declared as 'const'. Try adding 'const' to the constructor declaration • lib/generated_widget.dart:11:3 • prefer_const_constructors_in_immutables
   info • Use 'isEmpty' instead of 'length' to test whether the collection is empty. Try rewriting the expression to use 'isEmpty' • lib/generated_widget.dart:51:9 • prefer_is_empty
   info • Use a 'SizedBox' to add whitespace to a layout. Try using a 'SizedBox' rather than a 'Container' • lib/generated_widget.dart:164:40 • sized_box_for_whitespace
   info • The 'child' argument should be last in widget constructor invocations. Try moving the argument to the end of the argument list • lib/generated_widget.dart:165:35 • sort_child_properties_last
   info • The 'children' argument should be last in widget constructor invocations. Try moving the argument to the end of the argument list • lib/generated_widget.dart:368:35 • sort_child_properties_last
   info • Parameter 'key' could be a super parameter. Trying converting 'key' to a super parameter • lib/generated_widget.dart:411:9 • use_super_parameters
   info • Field overrides a field inherited from 'Widget'. Try removing the field, overriding the getter and setter if necessary • lib/generated_widget.dart:444:14 • overridden_fields
   info • The member 'key' overrides an inherited member but isn't annotated with '@override'. Try adding the '@override' annotation • lib/generated_widget.dart:444:14 • annotate_overrides

[spm]: Injecting profiler code...
[spm]: Starting app...
Running Gradle task 'assembleProfile'...                        
Running Gradle task 'assembleProfile'...                           22.4s
✓ Built build/app/outputs/flutter-apk/app-profile.apk (26.8MB)
Installing build/app/outputs/flutter-apk/app-profile.apk...      1,228ms
D/DecorView[](28519): getWindowModeFromSystem  windowmode is 1
I/ForceDarkHelperStubImpl(28519): setViewRootImplForceDark: false for com.example.benchmark_container.MainActivity@e6f428d, reason: AppDarkModeEnable
I/ForceDarkHelperStubImpl(28519): setViewRootImplForceDark: false for com.example.benchmark_container.MainActivity@e6f428d, reason: AppDarkModeEnable
D/DecorView[](28519): getWindowModeFromSystem  windowmode is 1
D/DecorView[](28519): updateDecorCaptionStatus displayWindowDecor is false
W/Looper  (28519): PerfMonitor looperActivity : package=com.example.benchmark_container/.MainActivity time=347ms latency=371ms running=0ms  procState=-1  historyMsgCount=2 (msgIndex=1 wall=347ms seq=4 late=371ms h=android.app.ActivityThread$H w=159) (msgIndex=2 wall=380ms seq=3 h=android.app.ActivityThread$H w=110)
W/Looper  (28519): PerfMonitor looperActivity : package=com.example.benchmark_container/.MainActivity time=0ms latency=720ms running=0ms  procState=-1  historyMsgCount=4 (msgIndex=2 wall=347ms seq=4 late=371ms h=android.app.ActivityThread$H w=159) (msgIndex=3 wall=380ms seq=3 h=android.app.ActivityThread$H w=110) (msgIndex=4 wall=347ms seq=4 late=371ms h=android.app.ActivityThread$H w=159)
D/SurfaceView(28519): UPDATE null, mIsCastMode = false
D/hw-ProcessState(28519): Binder ioctl to enable oneway spam detection failed: Invalid argument
W/Looper  (28519): PerfMonitor longMsg : seq=8 plan=22:29:33.833 late=359ms wall=1672ms running=0ms h=android.view.Choreographer$FrameHandler c=android.view.Choreographer$FrameDisplayEventReceiver procState=-1
W/Looper  (28519): PerfMonitor doFrame : time=1672ms vsyncFrame=0 latency=359ms procState=-1 historyMsgCount=7 (msgIndex=2 wall=347ms seq=4 h=android.app.ActivityThread$H w=159) (msgIndex=3 wall=1672ms seq=8 late=359ms h=android.view.Choreographer$FrameHandler c=android.view.Choreographer$FrameDisplayEventReceiver) (msgIndex=4 wall=347ms seq=4 h=android.app.ActivityThread$H w=159)
I/Choreographer(28519): Skipped 95 frames!  The application may be doing too much work on its main thread.
D/SurfaceView(28519): UPDATE Surface(name=SurfaceView[com.example.benchmark_container/com.example.benchmark_container.MainActivity])/@0xca20cbb, mIsProjectionMode = false
W/Looper  (28519): PerfMonitor doFrame : time=2ms vsyncFrame=0 latency=1588ms procState=-1 historyMsgCount=4
[spm]: Connected to Dart VM service.
I/flutter (28519): 00:00 +0: Performance Benchmark
E/hmark_containe(28519): open libmigui.so failed! dlopen - dlopen failed: library "libmigui.so" not found
D/hmark_containe(28519): MiuiProcessManagerServiceStub setSchedFifo
I/MiuiProcessManagerImpl(28519): setSchedFifo pid:28519, mode:3
D/DecorView[](28519): onWindowFocusChanged hasWindowFocus true
D/DecorView[](28519): getWindowModeFromSystem  windowmode is 1
D/DecorView[](28519): updateDecorCaptionStatus displayWindowDecor is false
D/ProfileInstaller(28519): Installing profile for com.example.benchmark_container
[spm]: ProfilerData event received.
I/flutter (28519): [SPM:perf] 698a51a  buildSpan: 480µs
I/flutter (28519): [spm] Performance monitoring completed for 698a51a
[spm]: ProfilerData event received.
I/flutter (28519): [SPM:perf] 698a51a  buildSpan: 536µs
I/flutter (28519): [spm] Performance monitoring completed for 698a51a
[spm]: ProfilerData event received.
I/flutter (28519): [SPM:perf] 698a51a  buildSpan: 438µs
I/flutter (28519): [spm] Performance monitoring completed for 698a51a
[spm]: ProfilerData event received.
I/flutter (28519): [SPM:perf] 698a51a  buildSpan: 422µs
I/flutter (28519): [spm] Performance monitoring completed for 698a51a
I/flutter (28519): [SPM:perf] 698a51a  buildSpan: 511µs
I/flutter (28519): [spm] Performance monitoring completed for 698a51a
[spm]: ProfilerData event received.
[spm]: ProfilerData event received.
I/flutter (28519): [SPM:perf] 698a51a  buildSpan: 462µs
I/flutter (28519): [spm] Performance monitoring completed for 698a51a
[spm]: ProfilerData event received.
I/flutter (28519): [SPM:perf] 698a51a  buildSpan: 450µs
I/flutter (28519): [spm] Performance monitoring completed for 698a51a
[spm]: ProfilerData event received.
I/flutter (28519): [SPM:perf] 698a51a  buildSpan: 456µs
I/flutter (28519): [spm] Performance monitoring completed for 698a51a
[spm]: ProfilerData event received.
I/flutter (28519): [SPM:perf] 698a51a  buildSpan: 514µs
I/flutter (28519): [spm] Performance monitoring completed for 698a51a
[spm]: ProfilerData event received.
I/flutter (28519): [SPM:perf] 698a51a  buildSpan: 358µs
I/flutter (28519): [spm] Performance monitoring completed for 698a51a
[spm]: ProfilerData event received.
I/flutter (28519): [SPM:perf] 698a51a  buildSpan: 346µs
I/flutter (28519): [spm] Performance monitoring completed for 698a51a
[spm]: ProfilerData event received.
I/flutter (28519): [SPM:perf] 698a51a  buildSpan: 321µs
I/flutter (28519): [spm] Performance monitoring completed for 698a51a
[spm]: ProfilerData event received.
I/flutter (28519): [SPM:perf] 698a51a  buildSpan: 376µs
I/flutter (28519): [spm] Performance monitoring completed for 698a51a
I/flutter (28519): [SPM:perf] 698a51a  buildSpan: 432µs
I/flutter (28519): [spm] Performance monitoring completed for 698a51a
[spm]: ProfilerData event received.
[spm]: ProfilerData event received.
I/flutter (28519): [spm] Performance monitoring completed for 698a51a
[spm]: ProfilerData event received.
I/flutter (28519): [SPM:perf] 698a51a  buildSpan: 618µs
I/flutter (28519): [spm] Performance monitoring completed for 698a51a
[spm]: ProfilerData event received.
I/flutter (28519): [SPM:perf] 698a51a  buildSpan: 612µs
I/flutter (28519): [spm] Performance monitoring completed for 698a51a
[spm]: ProfilerData event received.
I/flutter (28519): [SPM:perf] 698a51a  buildSpan: 492µs
I/flutter (28519): [spm] Performance monitoring completed for 698a51a
[spm]: ProfilerData event received.
I/flutter (28519): [SPM:perf] 698a51a  buildSpan: 472µs
I/flutter (28519): [spm] Performance monitoring completed for 698a51a
[spm]: ProfilerData event received.
I/flutter (28519): [SPM:perf] 698a51a  buildSpan: 529µs
I/flutter (28519): [spm] Performance monitoring completed for 698a51a
[spm]: ProfilerData event received.
I/flutter (28519): [SPM:perf] 698a51a  buildSpan: 537µs
I/flutter (28519): [spm] Performance monitoring completed for 698a51a
[spm]: ProfilerData event received.
I/flutter (28519): [SPM:perf] 698a51a  buildSpan: 533µs
I/flutter (28519): [spm] Performance monitoring completed for 698a51a
[spm]: ProfilerData event received.
I/flutter (28519): [SPM:perf] 698a51a  buildSpan: 460µs
I/flutter (28519): [spm] Performance monitoring completed for 698a51a
[spm]: ProfilerData event received.
I/flutter (28519): [SPM:perf] 698a51a  buildSpan: 570µs
I/flutter (28519): [spm] Performance monitoring completed for 698a51a
[spm]: ProfilerData event received.
I/flutter (28519): [SPM:perf] 698a51a  buildSpan: 489µs
I/flutter (28519): [spm] Performance monitoring completed for 698a51a
[spm]: ProfilerData event received.
I/flutter (28519): [SPM:perf] 698a51a  buildSpan: 471µs
I/flutter (28519): [spm] Performance monitoring completed for 698a51a
I/flutter (28519): [SPM:perf] 698a51a  buildSpan: 715µs
I/flutter (28519): [spm] Performance monitoring completed for 698a51a
[spm]: ProfilerData event received.
[spm]: ProfilerData event received.
I/flutter (28519): [SPM:perf] 698a51a  buildSpan: 493µs
I/flutter (28519): [spm] Performance monitoring completed for 698a51a
[spm]: ProfilerData event received.
I/flutter (28519): [SPM:perf] 698a51a  buildSpan: 501µs
I/flutter (28519): [spm] Performance monitoring completed for 698a51a
[spm]: ProfilerData event received.
I/flutter (28519): [SPM:perf] 698a51a  buildSpan: 472µs
I/flutter (28519): [spm] Performance monitoring completed for 698a51a
I/flutter (28519): 01:12 +1: (tearDownAll)
I/flutter (28519): 01:13 +2: All tests passed!
I/Choreographer(28519): Skipped 59 frames!  The application may be doing too much work on its main thread.
W/Looper  (28519): PerfMonitor doFrame : time=3ms vsyncFrame=0 latency=995ms procState=-1 historyMsgCount=6
I/OpenGLRenderer(28519): Davey! duration=1005ms; Flags=0, FrameTimelineVsyncId=7086790, IntendedVsync=188879229109960, Vsync=188880212443254, InputEventId=0, HandleInputStart=188880225150030, AnimationStart=188880225155655, PerformTraversalsStart=188880225159197, DrawStart=188880226262009, FrameDeadline=188879245776626, FrameInterval=188880224889040, FrameStartTime=16666666, SyncQueued=188880227021801, SyncStart=188880227185290, IssueDrawCommandsStart=188880227393936, SwapBuffers=188880228199978, FrameCompleted=188880234914874, DequeueBufferDuration=51146, QueueBufferDuration=1809896, GpuCompleted=188880234914874, SwapBuffersCompleted=188880230802686, DisplayPresentTime=0, 
[SPM:shot] wrote <ROOT>/dataset-new_samples/0508/redmi9t/shots/0508__rev_002_85b46635.png (28110 bytes)
All tests passed.
[spm]: Saved 30 profiler events to <ROOT>/dataset-new_samples/0508/redmi9t/raw/20260910-192307/rev_002_85b46635/e3.jsonl
[spm]: Reverting injection...
10 issues found. (ran in 0.5s)
WARNING: Your Android app project: app located at: <ROOT>/android/app/build.gradle.kts
applies the Kotlin Gradle Plugin, which will cause build failures in future versions of Flutter. 
Please migrate your app to Built-in Kotlin using this guide: https://docs.flutter.dev/release/breaking-changes/migrate-to-built-in-kotlin/for-app-developers

VMServiceFlutterDriver: Connecting to Flutter application at http://127.0.0.1:38329/cdzkhvJ4Ha4=/
[spm]: Detected VM service URI: ws://127.0.0.1:38329/cdzkhvJ4Ha4=/ws
VMServiceFlutterDriver: Isolate found with number: 8564557337124063
VMServiceFlutterDriver: Isolate 8564557337124063 is runnable.
VMServiceFlutterDriver: Isolate is paused at start.
VMServiceFlutterDriver: Attempting to resume isolate
VMServiceFlutterDriver: Connected to Flutter application.
VMServiceFlutterDriver: request_data message is taking a long time to complete...