# sample_id=0508/rev_002_85b46635 exec_index=5 ok=True perf_lines=30 vm_events=30 battery_pct=57 soc_temp_millic=38300 battery_temp_c=32.3 charging=False preflight_started=2026-09-10T20:09:12.726018+00:00 started=2026-09-10T20:09:15.519665+00:00 ts=2026-09-10T20:11:02.173919+00:00
[spm]: Running flutter analyze...
Analyzing lib...                                                

   info • The part-of directive uses a library name. Try converting the directive to use the URI of the library • lib/dependencies.dart:43:1 • use_string_in_part_of_directives
   info • Library names are not necessary. Remove the library name • lib/generated_widget.dart:2:9 • unnecessary_library_name
   info • Constructors in '@immutable' classes should be declared as 'const'. Try adding 'const' to the constructor declaration • lib/generated_widget.dart:11:3 • prefer_const_constructors_in_immutables
   info • Use 'isEmpty' instead of 'length' to test whether the collection is empty. Try rewriting the expression to use 'isEmpty' • lib/generated_widget.dart:51:9 • prefer_is_empty
   info • Use a 'SizedBox' to add whitespace to a layout. Try using a 'SizedBox' rather than a 'Container' • lib/generated_widget.dart:164:40 • sized_box_for_whitespace
   info • The 'child' argument should be last in widget constructor invocations. Try moving the argument to the end of the argument list • lib/generated_widget.dart:165:35 • sort_child_properties_last
   info • The 'children' argument should be last in widget constructor invocations. Try moving the argument to the end of the argument list • lib/generated_widget.dart:368:35 • sort_child_properties_last
   info • Parameter 'key' could be a super parameter. Trying converting 'key' to a super parameter • lib/generated_widget.dart:411:9 • use_super_parameters
   info • Field overrides a field inherited from 'Widget'. Try removing the field, overriding the getter and setter if necessary • lib/generated_widget.dart:444:14 • overridden_fields
   info • The member 'key' overrides an inherited member but isn't annotated with '@override'. Try adding the '@override' annotation • lib/generated_widget.dart:444:14 • annotate_overrides

[spm]: Injecting profiler code...
[spm]: Starting app...
Running Gradle task 'assembleProfile'...                        
Running Gradle task 'assembleProfile'...                         2,096ms
✓ Built build/app/outputs/flutter-apk/app-profile.apk (26.8MB)
Installing build/app/outputs/flutter-apk/app-profile.apk...      1,256ms
D/DecorView[]( 4044): getWindowModeFromSystem  windowmode is 1
D/DecorView[]( 4044): getWindowModeFromSystem  windowmode is 1
D/DecorView[]( 4044): updateDecorCaptionStatus displayWindowDecor is false
W/Looper  ( 4044): PerfMonitor looperActivity : package=com.example.benchmark_container/.MainActivity time=387ms latency=399ms running=0ms  procState=-1  historyMsgCount=2 (msgIndex=1 wall=387ms seq=4 late=399ms h=android.app.ActivityThread$H w=159) (msgIndex=2 wall=400ms seq=3 h=android.app.ActivityThread$H w=110)
W/Looper  ( 4044): PerfMonitor looperActivity : package=com.example.benchmark_container/.MainActivity time=0ms latency=787ms running=0ms  procState=-1  historyMsgCount=4 (msgIndex=2 wall=387ms seq=4 late=399ms h=android.app.ActivityThread$H w=159) (msgIndex=3 wall=400ms seq=3 h=android.app.ActivityThread$H w=110) (msgIndex=4 wall=387ms seq=4 late=399ms h=android.app.ActivityThread$H w=159)
D/SurfaceView( 4044): UPDATE null, mIsCastMode = false
D/hw-ProcessState( 4044): Binder ioctl to enable oneway spam detection failed: Invalid argument
W/Looper  ( 4044): PerfMonitor longMsg : seq=8 plan=23:09:36.691 late=399ms wall=1658ms running=0ms h=android.view.Choreographer$FrameHandler c=android.view.Choreographer$FrameDisplayEventReceiver procState=-1
W/Looper  ( 4044): PerfMonitor doFrame : time=1658ms vsyncFrame=0 latency=399ms procState=-1 historyMsgCount=7 (msgIndex=2 wall=387ms seq=4 h=android.app.ActivityThread$H w=159) (msgIndex=3 wall=1658ms seq=8 late=399ms h=android.view.Choreographer$FrameHandler c=android.view.Choreographer$FrameDisplayEventReceiver) (msgIndex=4 wall=387ms seq=4 h=android.app.ActivityThread$H w=159)
I/Choreographer( 4044): Skipped 94 frames!  The application may be doing too much work on its main thread.
D/SurfaceView( 4044): UPDATE Surface(name=SurfaceView[com.example.benchmark_container/com.example.benchmark_container.MainActivity])/@0x739554a, mIsProjectionMode = false
W/Looper  ( 4044): PerfMonitor doFrame : time=2ms vsyncFrame=0 latency=1582ms procState=-1 historyMsgCount=4
[spm]: Connected to Dart VM service.
I/flutter ( 4044): 00:00 +0: Performance Benchmark
E/hmark_containe( 4044): open libmigui.so failed! dlopen - dlopen failed: library "libmigui.so" not found
D/hmark_containe( 4044): MiuiProcessManagerServiceStub setSchedFifo
I/MiuiProcessManagerImpl( 4044): setSchedFifo pid:4044, mode:3
D/DecorView[]( 4044): onWindowFocusChanged hasWindowFocus true
D/DecorView[]( 4044): getWindowModeFromSystem  windowmode is 1
D/DecorView[]( 4044): updateDecorCaptionStatus displayWindowDecor is false
D/ProfileInstaller( 4044): Installing profile for com.example.benchmark_container
I/flutter ( 4044): [SPM:perf] 698a51a  buildSpan: 503µs
I/flutter ( 4044): [spm] Performance monitoring completed for 698a51a
[spm]: ProfilerData event received.
[spm]: ProfilerData event received.
I/flutter ( 4044): [SPM:perf] 698a51a  buildSpan: 344µs
I/flutter ( 4044): [spm] Performance monitoring completed for 698a51a
[spm]: ProfilerData event received.
I/flutter ( 4044): [SPM:perf] 698a51a  buildSpan: 412µs
I/flutter ( 4044): [spm] Performance monitoring completed for 698a51a
[spm]: ProfilerData event received.
I/flutter ( 4044): [SPM:perf] 698a51a  buildSpan: 502µs
I/flutter ( 4044): [spm] Performance monitoring completed for 698a51a
[spm]: ProfilerData event received.
I/flutter ( 4044): [SPM:perf] 698a51a  buildSpan: 304µs
I/flutter ( 4044): [spm] Performance monitoring completed for 698a51a
[spm]: ProfilerData event received.
I/flutter ( 4044): [SPM:perf] 698a51a  buildSpan: 523µs
I/flutter ( 4044): [spm] Performance monitoring completed for 698a51a
[spm]: ProfilerData event received.
I/flutter ( 4044): [SPM:perf] 698a51a  buildSpan: 419µs
I/flutter ( 4044): [spm] Performance monitoring completed for 698a51a
[spm]: ProfilerData event received.
I/flutter ( 4044): [SPM:perf] 698a51a  buildSpan: 668µs
I/flutter ( 4044): [spm] Performance monitoring completed for 698a51a
[spm]: ProfilerData event received.
I/flutter ( 4044): [SPM:perf] 698a51a  buildSpan: 540µs
I/flutter ( 4044): [spm] Performance monitoring completed for 698a51a
[spm]: ProfilerData event received.
I/flutter ( 4044): [SPM:perf] 698a51a  buildSpan: 662µs
I/flutter ( 4044): [spm] Performance monitoring completed for 698a51a
I/flutter ( 4044): [SPM:perf] 698a51a  buildSpan: 438µs
[spm]: ProfilerData event received.
I/flutter ( 4044): [spm] Performance monitoring completed for 698a51a
[spm]: ProfilerData event received.
I/flutter ( 4044): [SPM:perf] 698a51a  buildSpan: 376µs
I/flutter ( 4044): [spm] Performance monitoring completed for 698a51a
[spm]: ProfilerData event received.
I/flutter ( 4044): [SPM:perf] 698a51a  buildSpan: 417µs
I/flutter ( 4044): [spm] Performance monitoring completed for 698a51a
[spm]: ProfilerData event received.
I/flutter ( 4044): [SPM:perf] 698a51a  buildSpan: 475µs
I/flutter ( 4044): [spm] Performance monitoring completed for 698a51a
[spm]: ProfilerData event received.
I/flutter ( 4044): [SPM:perf] 698a51a  buildSpan: 457µs
I/flutter ( 4044): [spm] Performance monitoring completed for 698a51a
I/flutter ( 4044): [SPM:perf] 698a51a  buildSpan: 375µs
I/flutter ( 4044): [spm] Performance monitoring completed for 698a51a
[spm]: ProfilerData event received.
[spm]: ProfilerData event received.
I/flutter ( 4044): [SPM:perf] 698a51a  buildSpan: 628µs
I/flutter ( 4044): [spm] Performance monitoring completed for 698a51a
[spm]: ProfilerData event received.
I/flutter ( 4044): [SPM:perf] 698a51a  buildSpan: 448µs
I/flutter ( 4044): [spm] Performance monitoring completed for 698a51a
[spm]: ProfilerData event received.
I/flutter ( 4044): [SPM:perf] 698a51a  buildSpan: 470µs
I/flutter ( 4044): [spm] Performance monitoring completed for 698a51a
[spm]: ProfilerData event received.
I/flutter ( 4044): [SPM:perf] 698a51a  buildSpan: 510µs
I/flutter ( 4044): [spm] Performance monitoring completed for 698a51a
I/flutter ( 4044): [SPM:perf] 698a51a  buildSpan: 465µs
[spm]: ProfilerData event received.
I/flutter ( 4044): [spm] Performance monitoring completed for 698a51a
[spm]: ProfilerData event received.
I/flutter ( 4044): [SPM:perf] 698a51a  buildSpan: 518µs
I/flutter ( 4044): [spm] Performance monitoring completed for 698a51a
[spm]: ProfilerData event received.
I/flutter ( 4044): [SPM:perf] 698a51a  buildSpan: 431µs
I/flutter ( 4044): [spm] Performance monitoring completed for 698a51a
[spm]: ProfilerData event received.
I/flutter ( 4044): [SPM:perf] 698a51a  buildSpan: 516µs
I/flutter ( 4044): [spm] Performance monitoring completed for 698a51a
[spm]: ProfilerData event received.
I/flutter ( 4044): [SPM:perf] 698a51a  buildSpan: 484µs
I/flutter ( 4044): [spm] Performance monitoring completed for 698a51a
[spm]: ProfilerData event received.
I/flutter ( 4044): [SPM:perf] 698a51a  buildSpan: 676µs
I/flutter ( 4044): [spm] Performance monitoring completed for 698a51a
[spm]: ProfilerData event received.
I/flutter ( 4044): [SPM:perf] 698a51a  buildSpan: 466µs
I/flutter ( 4044): [spm] Performance monitoring completed for 698a51a
[spm]: ProfilerData event received.
I/flutter ( 4044): [SPM:perf] 698a51a  buildSpan: 312µs
I/flutter ( 4044): [spm] Performance monitoring completed for 698a51a
[spm]: ProfilerData event received.
I/flutter ( 4044): [SPM:perf] 698a51a  buildSpan: 406µs
I/flutter ( 4044): [spm] Performance monitoring completed for 698a51a
[spm]: ProfilerData event received.
I/flutter ( 4044): [SPM:perf] 698a51a  buildSpan: 409µs
I/flutter ( 4044): [spm] Performance monitoring completed for 698a51a
I/flutter ( 4044): 01:10 +1: (tearDownAll)
I/flutter ( 4044): 01:11 +2: All tests passed!
All tests passed.
[spm]: Saved 30 profiler events to <ROOT>/dataset-new_samples/0508/redmi9t/raw/20260910-192307/rev_002_85b46635/e5.jsonl
[spm]: Reverting injection...
10 issues found. (ran in 0.7s)
WARNING: Your Android app project: app located at: <ROOT>/android/app/build.gradle.kts
applies the Kotlin Gradle Plugin, which will cause build failures in future versions of Flutter. 
Please migrate your app to Built-in Kotlin using this guide: https://docs.flutter.dev/release/breaking-changes/migrate-to-built-in-kotlin/for-app-developers

VMServiceFlutterDriver: Connecting to Flutter application at http://127.0.0.1:44069/eWSdi7S8fYw=/
[spm]: Detected VM service URI: ws://127.0.0.1:44069/eWSdi7S8fYw=/ws
VMServiceFlutterDriver: Isolate found with number: 7615011130355907
VMServiceFlutterDriver: Isolate 7615011130355907 is runnable.
VMServiceFlutterDriver: Isolate is paused at start.
VMServiceFlutterDriver: Attempting to resume isolate
VMServiceFlutterDriver: Connected to Flutter application.
VMServiceFlutterDriver: request_data message is taking a long time to complete...