# sample_id=0334/rev_007_e854d9d7 exec_index=8 ok=True perf_lines=30 vm_events=30 battery_pct=46 soc_temp_millic=45400 battery_temp_c=34.7 charging=False preflight_started=2026-09-09T21:19:15.475819+00:00 started=2026-09-09T21:19:17.851169+00:00 ts=2026-09-09T21:21:21.289066+00:00
[spm]: Running flutter analyze...
Analyzing lib...                                                

   info • The part-of directive uses a library name. Try converting the directive to use the URI of the library • lib/dependencies.dart:43:1 • use_string_in_part_of_directives
   info • The variable name 'EEEE' isn't a lowerCamelCase identifier. Try changing the name to follow the lowerCamelCase style • lib/dependencies.dart:89:14 • non_constant_identifier_names
   info • The variable name 'LLL' isn't a lowerCamelCase identifier. Try changing the name to follow the lowerCamelCase style • lib/dependencies.dart:90:14 • non_constant_identifier_names
   info • The variable name 'LLLL' isn't a lowerCamelCase identifier. Try changing the name to follow the lowerCamelCase style • lib/dependencies.dart:91:14 • non_constant_identifier_names
   info • The variable name 'Md' isn't a lowerCamelCase identifier. Try changing the name to follow the lowerCamelCase style • lib/dependencies.dart:93:14 • non_constant_identifier_names
   info • The variable name 'MEd' isn't a lowerCamelCase identifier. Try changing the name to follow the lowerCamelCase style • lib/dependencies.dart:94:14 • non_constant_identifier_names
   info • The variable name 'MMM' isn't a lowerCamelCase identifier. Try changing the name to follow the lowerCamelCase style • lib/dependencies.dart:95:14 • non_constant_identifier_names
   info • The variable name 'MMMd' isn't a lowerCamelCase identifier. Try changing the name to follow the lowerCamelCase style • lib/dependencies.dart:96:14 • non_constant_identifier_names
   info • The variable name 'MMMEd' isn't a lowerCamelCase identifier. Try changing the name to follow the lowerCamelCase style • lib/dependencies.dart:97:14 • non_constant_identifier_names
   info • The variable name 'MMMM' isn't a lowerCamelCase identifier. Try changing the name to follow the lowerCamelCase style • lib/dependencies.dart:98:14 • non_constant_identifier_names
   info • The variable name 'MMMMd' isn't a lowerCamelCase identifier. Try changing the name to follow the lowerCamelCase style • lib/dependencies.dart:99:14 • non_constant_identifier_names
   info • The variable name 'MMMMEEEEd' isn't a lowerCamelCase identifier. Try changing the name to follow the lowerCamelCase style • lib/dependencies.dart:100:14 • non_constant_identifier_names
   info • The variable name 'QQQ' isn't a lowerCamelCase identifier. Try changing the name to follow the lowerCamelCase style • lib/dependencies.dart:102:14 • non_constant_identifier_names
   info • The variable name 'QQQQ' isn't a lowerCamelCase identifier. Try changing the name to follow the lowerCamelCase style • lib/dependencies.dart:103:14 • non_constant_identifier_names
   info • The variable name 'Hm' isn't a lowerCamelCase identifier. Try changing the name to follow the lowerCamelCase style • lib/dependencies.dart:118:14 • non_constant_identifier_names
   info • The variable name 'Hms' isn't a lowerCamelCase identifier. Try changing the name to follow the lowerCamelCase style • lib/dependencies.dart:119:14 • non_constant_identifier_names
   info • The type parameter name 'State' matches a visible type name. Try changing the type parameter name to not match an existing type • lib/dependencies.dart:206:19 • avoid_types_as_parameter_names
   info • Library names are not necessary. Remove the library name • lib/generated_widget.dart:2:9 • unnecessary_library_name
   info • Constructors in '@immutable' classes should be declared as 'const'. Try adding 'const' to the constructor declaration • lib/generated_widget.dart:11:3 • prefer_const_constructors_in_immutables

[spm]: Injecting profiler code...
[spm]: Starting app...
Running Gradle task 'assembleProfile'...                        
Running Gradle task 'assembleProfile'...                           22.7s
✓ Built build/app/outputs/flutter-apk/app-profile.apk (26.8MB)
Installing build/app/outputs/flutter-apk/app-profile.apk...      1,044ms
D/MULTI_WINDOW_SWITCH_ENABLED(14950): false
D/DecorView[](14950): getWindowModeFromSystem  windowmode is 1
I/ForceDarkHelperStubImpl(14950): setViewRootImplForceDark: false for com.example.benchmark_container.MainActivity@e6f428d, reason: AppDarkModeEnable
I/ForceDarkHelperStubImpl(14950): setViewRootImplForceDark: false for com.example.benchmark_container.MainActivity@e6f428d, reason: AppDarkModeEnable
D/DecorView[](14950): getWindowModeFromSystem  windowmode is 1
D/DecorView[](14950): updateDecorCaptionStatus displayWindowDecor is false
W/Looper  (14950): PerfMonitor looperActivity : package=com.example.benchmark_container/.MainActivity time=385ms latency=364ms running=0ms  procState=-1  historyMsgCount=3 (msgIndex=1 wall=385ms seq=4 late=364ms h=android.app.ActivityThread$H w=159) (msgIndex=2 wall=385ms seq=4 late=364ms h=android.app.ActivityThread$H w=159) (msgIndex=3 wall=368ms seq=3 h=android.app.ActivityThread$H w=110)
W/Looper  (14950): PerfMonitor looperActivity : package=com.example.benchmark_container/.MainActivity time=1ms latency=750ms running=0ms  procState=-1  historyMsgCount=4 (msgIndex=1 wall=385ms seq=4 h=android.app.ActivityThread$H w=159) (msgIndex=2 wall=385ms seq=4 h=android.app.ActivityThread$H w=159) (msgIndex=3 wall=368ms seq=3 h=android.app.ActivityThread$H w=110) (msgIndex=4 wall=385ms seq=4 h=android.app.ActivityThread$H w=159)
D/SurfaceView(14950): UPDATE null, mIsCastMode = false
D/hw-ProcessState(14950): Binder ioctl to enable oneway spam detection failed: Invalid argument
W/Looper  (14950): PerfMonitor longMsg : seq=8 plan=00:19:57.628 late=384ms wall=1766ms running=0ms h=android.view.Choreographer$FrameHandler c=android.view.Choreographer$FrameDisplayEventReceiver procState=-1
W/Looper  (14950): PerfMonitor doFrame : time=1766ms vsyncFrame=0 latency=384ms procState=-1 historyMsgCount=4 (msgIndex=1 wall=1766ms seq=8 late=384ms h=android.view.Choreographer$FrameHandler c=android.view.Choreographer$FrameDisplayEventReceiver)
I/Choreographer(14950): Skipped 99 frames!  The application may be doing too much work on its main thread.
D/SurfaceView(14950): UPDATE Surface(name=SurfaceView[com.example.benchmark_container/com.example.benchmark_container.MainActivity])/@0xca20cbb, mIsProjectionMode = false
W/Looper  (14950): PerfMonitor doFrame : time=2ms vsyncFrame=0 latency=1658ms procState=-1 historyMsgCount=4
[spm]: Connected to Dart VM service.
I/flutter (14950): 00:00 +0: Performance Benchmark
E/hmark_containe(14950): open libmigui.so failed! dlopen - dlopen failed: library "libmigui.so" not found
D/hmark_containe(14950): MiuiProcessManagerServiceStub setSchedFifo
I/MiuiProcessManagerImpl(14950): setSchedFifo pid:14950, mode:3
D/DecorView[](14950): onWindowFocusChanged hasWindowFocus true
D/DecorView[](14950): getWindowModeFromSystem  windowmode is 1
D/DecorView[](14950): updateDecorCaptionStatus displayWindowDecor is false
D/ProfileInstaller(14950): Installing profile for com.example.benchmark_container
[spm]: ProfilerData event received.
I/flutter (14950): [SPM:perf] 698a51a  buildSpan: 3153µs
I/flutter (14950): [spm] Performance monitoring completed for 698a51a
[spm]: ProfilerData event received.
I/flutter (14950): [SPM:perf] 698a51a  buildSpan: 2874µs
I/flutter (14950): [spm] Performance monitoring completed for 698a51a
[spm]: ProfilerData event received.
I/flutter (14950): [SPM:perf] 698a51a  buildSpan: 2750µs
I/flutter (14950): [spm] Performance monitoring completed for 698a51a
[spm]: ProfilerData event received.
I/flutter (14950): [SPM:perf] 698a51a  buildSpan: 2726µs
I/flutter (14950): [spm] Performance monitoring completed for 698a51a
[spm]: ProfilerData event received.
I/flutter (14950): [SPM:perf] 698a51a  buildSpan: 2899µs
I/flutter (14950): [spm] Performance monitoring completed for 698a51a
[spm]: ProfilerData event received.
I/flutter (14950): [SPM:perf] 698a51a  buildSpan: 2729µs
I/flutter (14950): [spm] Performance monitoring completed for 698a51a
[spm]: ProfilerData event received.
I/flutter (14950): [SPM:perf] 698a51a  buildSpan: 2838µs
I/flutter (14950): [spm] Performance monitoring completed for 698a51a
[spm]: ProfilerData event received.
I/flutter (14950): [SPM:perf] 698a51a  buildSpan: 4249µs
I/flutter (14950): [spm] Performance monitoring completed for 698a51a
[spm]: ProfilerData event received.
I/flutter (14950): [SPM:perf] 698a51a  buildSpan: 3337µs
I/flutter (14950): [spm] Performance monitoring completed for 698a51a
[spm]: ProfilerData event received.
I/flutter (14950): [SPM:perf] 698a51a  buildSpan: 2648µs
I/flutter (14950): [spm] Performance monitoring completed for 698a51a
[spm]: ProfilerData event received.
I/flutter (14950): [SPM:perf] 698a51a  buildSpan: 2781µs
I/flutter (14950): [spm] Performance monitoring completed for 698a51a
[spm]: ProfilerData event received.
I/flutter (14950): [SPM:perf] 698a51a  buildSpan: 2853µs
I/flutter (14950): [spm] Performance monitoring completed for 698a51a
[spm]: ProfilerData event received.
I/flutter (14950): [SPM:perf] 698a51a  buildSpan: 2942µs
I/flutter (14950): [spm] Performance monitoring completed for 698a51a
I/flutter (14950): [SPM:perf] 698a51a  buildSpan: 2898µs
I/flutter (14950): [spm] Performance monitoring completed for 698a51a
[spm]: ProfilerData event received.
[spm]: ProfilerData event received.
I/flutter (14950): [SPM:perf] 698a51a  buildSpan: 3125µs
I/flutter (14950): [spm] Performance monitoring completed for 698a51a
I/flutter (14950): [SPM:perf] 698a51a  buildSpan: 2805µs
I/flutter (14950): [spm] Performance monitoring completed for 698a51a
[spm]: ProfilerData event received.
[spm]: ProfilerData event received.
I/flutter (14950): [SPM:perf] 698a51a  buildSpan: 3376µs
I/flutter (14950): [spm] Performance monitoring completed for 698a51a
[spm]: ProfilerData event received.
I/flutter (14950): [SPM:perf] 698a51a  buildSpan: 2684µs
I/flutter (14950): [spm] Performance monitoring completed for 698a51a
[spm]: ProfilerData event received.
I/flutter (14950): [SPM:perf] 698a51a  buildSpan: 2626µs
I/flutter (14950): [spm] Performance monitoring completed for 698a51a
I/flutter (14950): [SPM:perf] 698a51a  buildSpan: 2647µs
[spm]: ProfilerData event received.
I/flutter (14950): [spm] Performance monitoring completed for 698a51a
[spm]: ProfilerData event received.
I/flutter (14950): [SPM:perf] 698a51a  buildSpan: 2626µs
I/flutter (14950): [spm] Performance monitoring completed for 698a51a
I/flutter (14950): [SPM:perf] 698a51a  buildSpan: 2906µs
I/flutter (14950): [spm] Performance monitoring completed for 698a51a
[spm]: ProfilerData event received.
[spm]: ProfilerData event received.
I/flutter (14950): [SPM:perf] 698a51a  buildSpan: 2814µs
I/flutter (14950): [spm] Performance monitoring completed for 698a51a
[spm]: ProfilerData event received.
I/flutter (14950): [SPM:perf] 698a51a  buildSpan: 3442µs
I/flutter (14950): [spm] Performance monitoring completed for 698a51a
[spm]: ProfilerData event received.
I/flutter (14950): [SPM:perf] 698a51a  buildSpan: 2968µs
I/flutter (14950): [spm] Performance monitoring completed for 698a51a
I/flutter (14950): [SPM:perf] 698a51a  buildSpan: 2752µs
[spm]: ProfilerData event received.
I/flutter (14950): [spm] Performance monitoring completed for 698a51a
[spm]: ProfilerData event received.
I/flutter (14950): [SPM:perf] 698a51a  buildSpan: 2683µs
I/flutter (14950): [spm] Performance monitoring completed for 698a51a
[spm]: ProfilerData event received.
I/flutter (14950): [SPM:perf] 698a51a  buildSpan: 2915µs
I/flutter (14950): [spm] Performance monitoring completed for 698a51a
[spm]: ProfilerData event received.
I/flutter (14950): [SPM:perf] 698a51a  buildSpan: 2902µs
I/flutter (14950): [spm] Performance monitoring completed for 698a51a
I/flutter (14950): [SPM:perf] 698a51a  buildSpan: 2678µs
I/flutter (14950): [spm] Performance monitoring completed for 698a51a
[spm]: ProfilerData event received.
I/flutter (14950): 01:10 +1: (tearDownAll)
I/flutter (14950): 01:11 +2: All tests passed!
All tests passed.
[spm]: Saved 30 profiler events to <ROOT>/dataset-new_samples/0334/redmi9t/raw/20260909-225500/rev_007_e854d9d7/e8.jsonl
[spm]: Reverting injection...
19 issues found. (ran in 0.5s)
WARNING: Your Android app project: app located at: <ROOT>/android/app/build.gradle.kts
applies the Kotlin Gradle Plugin, which will cause build failures in future versions of Flutter. 
Please migrate your app to Built-in Kotlin using this guide: https://docs.flutter.dev/release/breaking-changes/migrate-to-built-in-kotlin/for-app-developers

VMServiceFlutterDriver: Connecting to Flutter application at http://127.0.0.1:38013/pzr5YV4zyvA=/
[spm]: Detected VM service URI: ws://127.0.0.1:38013/pzr5YV4zyvA=/ws
VMServiceFlutterDriver: Isolate found with number: 1486819913941355
VMServiceFlutterDriver: Isolate 1486819913941355 is runnable.
VMServiceFlutterDriver: Isolate is paused at start.
VMServiceFlutterDriver: Attempting to resume isolate
VMServiceFlutterDriver: Connected to Flutter application.
VMServiceFlutterDriver: request_data message is taking a long time to complete...