# sample_id=2382/rev_009_a9a3f4b7 exec_index=6 ok=True perf_lines=30 vm_events=30 battery_pct=79 soc_temp_millic=37000 battery_temp_c=29.9 charging=False preflight_started=2026-09-18T21:16:40.522590+00:00 started=2026-09-18T21:16:43.244111+00:00 ts=2026-09-18T21:18:39.497537+00:00
[spm]: Running flutter analyze...
Resolving dependencies...
Downloading packages...
  _fe_analyzer_shared 100.0.0 (108.0.0 available)
  analyzer 13.0.0 (14.4.0 available)
  async 2.13.0 (2.13.1 available)
  clock 1.1.2 (1.1.3 available)
  cupertino_icons 1.0.8 (1.0.9 available)
  glob 2.1.3 (2.2.0 available)
  lints 6.0.0 (6.1.0 available)
  matcher 0.12.19 (0.12.20 available)
  material_color_utilities 0.13.0 (0.13.1 available)
  meta 1.18.0 (1.19.0 available)
  package_config 2.2.0 (3.0.0 available)
  platform 3.1.6 (3.2.0 available)
  process 5.0.5 (5.0.6 available)
  pub_semver 2.2.0 (2.2.1 available)
  source_span 1.10.1 (1.10.2 available)
  stack_trace 1.12.1 (1.12.2 available)
  test_api 0.7.11 (0.7.14 available)
  vector_math 2.2.0 (2.4.2 available)
  vm_service 15.0.2 (15.3.0 available)
  webdriver 3.1.0 (3.2.0 available)
  yaml 3.1.3 (3.1.4 available)
Got dependencies!
21 packages have newer versions incompatible with dependency constraints.
Try `flutter pub outdated` for more information.
Analyzing lib...                                                

   info • The part-of directive uses a library name. Try converting the directive to use the URI of the library • lib/dependencies.dart:46:1 • use_string_in_part_of_directives
   info • Library names are not necessary. Remove the library name • lib/generated_widget.dart:2:9 • unnecessary_library_name
   info • Constructors in '@immutable' classes should be declared as 'const'. Try adding 'const' to the constructor declaration • lib/generated_widget.dart:12:3 • prefer_const_constructors_in_immutables

[spm]: Injecting profiler code...
[spm]: Starting app...
Running Gradle task 'assembleProfile'...                        
Running Gradle task 'assembleProfile'...                           18.6s
✓ Built build/app/outputs/flutter-apk/app-profile.apk (26.8MB)
Installing build/app/outputs/flutter-apk/app-profile.apk...      1,371ms
E/MiuiMultiWindowUtils(22899): initFreeFormResolutionArgs failed, device is lime
D/MULTI_WINDOW_SWITCH_ENABLED(22899): false
D/IS_CTS_MODE(22899): true
D/MULTI_WINDOW_SWITCH_ENABLED(22899): false
D/IS_CTS_MODE(22899): true
D/MULTI_WINDOW_SWITCH_ENABLED(22899): false
D/DecorView[](22899): getWindowModeFromSystem  windowmode is 1
D/DecorView[](22899): getWindowModeFromSystem  windowmode is 1
D/DecorView[](22899): updateDecorCaptionStatus displayWindowDecor is false
W/Looper  (22899): PerfMonitor looperActivity : package=com.example.benchmark_container/.MainActivity time=405ms latency=352ms running=0ms  procState=-1  historyMsgCount=3 (msgIndex=1 wall=405ms seq=4 late=352ms h=android.app.ActivityThread$H w=159) (msgIndex=2 wall=372ms seq=3 h=android.app.ActivityThread$H w=110) (msgIndex=3 wall=372ms seq=3 h=android.app.ActivityThread$H w=110)
W/Looper  (22899): PerfMonitor looperActivity : package=com.example.benchmark_container/.MainActivity time=1ms latency=757ms running=0ms  procState=-1  historyMsgCount=4 (msgIndex=1 wall=405ms seq=4 late=352ms h=android.app.ActivityThread$H w=159) (msgIndex=2 wall=372ms seq=3 h=android.app.ActivityThread$H w=110) (msgIndex=3 wall=372ms seq=3 h=android.app.ActivityThread$H w=110) (msgIndex=4 wall=405ms seq=4 late=352ms h=android.app.ActivityThread$H w=159)
D/SurfaceView(22899): UPDATE null, mIsCastMode = false
D/hw-ProcessState(22899): Binder ioctl to enable oneway spam detection failed: Invalid argument
W/Looper  (22899): PerfMonitor longMsg : seq=8 plan=00:17:16.648 late=429ms wall=1787ms running=0ms h=android.view.Choreographer$FrameHandler c=android.view.Choreographer$FrameDisplayEventReceiver procState=-1
W/Looper  (22899): PerfMonitor doFrame : time=1787ms vsyncFrame=0 latency=429ms procState=-1 historyMsgCount=7 (msgIndex=1 wall=405ms seq=4 h=android.app.ActivityThread$H w=159) (msgIndex=2 wall=1787ms seq=8 late=429ms h=android.view.Choreographer$FrameHandler c=android.view.Choreographer$FrameDisplayEventReceiver) (msgIndex=3 wall=1787ms seq=8 late=429ms h=android.view.Choreographer$FrameHandler c=android.view.Choreographer$FrameDisplayEventReceiver) (msgIndex=4 wall=405ms seq=4 h=android.app.ActivityThread$H w=159)
I/Choreographer(22899): Skipped 101 frames!  The application may be doing too much work on its main thread.
D/SurfaceView(22899): UPDATE Surface(name=SurfaceView[com.example.benchmark_container/com.example.benchmark_container.MainActivity])/@0x9ac515, mIsProjectionMode = false
W/Looper  (22899): PerfMonitor doFrame : time=3ms vsyncFrame=0 latency=1691ms procState=-1 historyMsgCount=4
[spm]: Connected to Dart VM service.
I/flutter (22899): 00:00 +0: Performance Benchmark
E/hmark_containe(22899): open libmigui.so failed! dlopen - dlopen failed: library "libmigui.so" not found
D/hmark_containe(22899): MiuiProcessManagerServiceStub setSchedFifo
I/MiuiProcessManagerImpl(22899): setSchedFifo pid:22899, mode:3
D/DecorView[](22899): onWindowFocusChanged hasWindowFocus true
D/DecorView[](22899): getWindowModeFromSystem  windowmode is 1
D/DecorView[](22899): updateDecorCaptionStatus displayWindowDecor is false
D/ProfileInstaller(22899): Installing profile for com.example.benchmark_container
[spm]: ProfilerData event received.
I/flutter (22899): [SPM:perf] 698a51a  buildSpan: 2009µs
I/flutter (22899): [spm] Performance monitoring completed for 698a51a
[spm]: ProfilerData event received.
I/flutter (22899): [SPM:perf] 698a51a  buildSpan: 2035µs
I/flutter (22899): [spm] Performance monitoring completed for 698a51a
[spm]: ProfilerData event received.
I/flutter (22899): [SPM:perf] 698a51a  buildSpan: 1955µs
I/flutter (22899): [spm] Performance monitoring completed for 698a51a
[spm]: ProfilerData event received.
I/flutter (22899): [SPM:perf] 698a51a  buildSpan: 2062µs
I/flutter (22899): [spm] Performance monitoring completed for 698a51a
I/flutter (22899): [SPM:perf] 698a51a  buildSpan: 1943µs
[spm]: ProfilerData event received.
I/flutter (22899): [spm] Performance monitoring completed for 698a51a
[spm]: ProfilerData event received.
I/flutter (22899): [SPM:perf] 698a51a  buildSpan: 7694µs
I/flutter (22899): [spm] Performance monitoring completed for 698a51a
I/flutter (22899): [SPM:perf] 698a51a  buildSpan: 1953µs
I/flutter (22899): [spm] Performance monitoring completed for 698a51a
[spm]: ProfilerData event received.
[spm]: ProfilerData event received.
I/flutter (22899): [SPM:perf] 698a51a  buildSpan: 2014µs
I/flutter (22899): [spm] Performance monitoring completed for 698a51a
[spm]: ProfilerData event received.
I/flutter (22899): [SPM:perf] 698a51a  buildSpan: 1957µs
I/flutter (22899): [spm] Performance monitoring completed for 698a51a
I/flutter (22899): [SPM:perf] 698a51a  buildSpan: 1980µs
I/flutter (22899): [spm] Performance monitoring completed for 698a51a
[spm]: ProfilerData event received.
I/flutter (22899): [SPM:perf] 698a51a  buildSpan: 1682µs
[spm]: ProfilerData event received.
I/flutter (22899): [spm] Performance monitoring completed for 698a51a
[spm]: ProfilerData event received.
I/flutter (22899): [SPM:perf] 698a51a  buildSpan: 2005µs
I/flutter (22899): [spm] Performance monitoring completed for 698a51a
[spm]: ProfilerData event received.
I/flutter (22899): [SPM:perf] 698a51a  buildSpan: 2101µs
I/flutter (22899): [spm] Performance monitoring completed for 698a51a
I/flutter (22899): [SPM:perf] 698a51a  buildSpan: 1961µs
[spm]: ProfilerData event received.
I/flutter (22899): [spm] Performance monitoring completed for 698a51a
[spm]: ProfilerData event received.
I/flutter (22899): [SPM:perf] 698a51a  buildSpan: 2014µs
I/flutter (22899): [spm] Performance monitoring completed for 698a51a
[spm]: ProfilerData event received.
I/flutter (22899): [SPM:perf] 698a51a  buildSpan: 1995µs
I/flutter (22899): [spm] Performance monitoring completed for 698a51a
I/flutter (22899): [SPM:perf] 698a51a  buildSpan: 1977µs
I/flutter (22899): [spm] Performance monitoring completed for 698a51a
[spm]: ProfilerData event received.
[spm]: ProfilerData event received.
I/flutter (22899): [SPM:perf] 698a51a  buildSpan: 1953µs
I/flutter (22899): [spm] Performance monitoring completed for 698a51a
[spm]: ProfilerData event received.
I/flutter (22899): [SPM:perf] 698a51a  buildSpan: 1996µs
I/flutter (22899): [spm] Performance monitoring completed for 698a51a
[spm]: ProfilerData event received.
I/flutter (22899): [SPM:perf] 698a51a  buildSpan: 2085µs
I/flutter (22899): [spm] Performance monitoring completed for 698a51a
[spm]: ProfilerData event received.
I/flutter (22899): [SPM:perf] 698a51a  buildSpan: 2041µs
I/flutter (22899): [spm] Performance monitoring completed for 698a51a
[spm]: ProfilerData event received.
I/flutter (22899): [SPM:perf] 698a51a  buildSpan: 2111µs
I/flutter (22899): [spm] Performance monitoring completed for 698a51a
[spm]: ProfilerData event received.
I/flutter (22899): [SPM:perf] 698a51a  buildSpan: 2190µs
I/flutter (22899): [spm] Performance monitoring completed for 698a51a
[spm]: ProfilerData event received.
I/flutter (22899): [SPM:perf] 698a51a  buildSpan: 2051µs
I/flutter (22899): [spm] Performance monitoring completed for 698a51a
[spm]: ProfilerData event received.
I/flutter (22899): [SPM:perf] 698a51a  buildSpan: 1986µs
I/flutter (22899): [spm] Performance monitoring completed for 698a51a
[spm]: ProfilerData event received.
I/flutter (22899): [SPM:perf] 698a51a  buildSpan: 2056µs
I/flutter (22899): [spm] Performance monitoring completed for 698a51a
[spm]: ProfilerData event received.
I/flutter (22899): [SPM:perf] 698a51a  buildSpan: 2080µs
I/flutter (22899): [spm] Performance monitoring completed for 698a51a
[spm]: ProfilerData event received.
I/flutter (22899): [SPM:perf] 698a51a  buildSpan: 1985µs
I/flutter (22899): [spm] Performance monitoring completed for 698a51a
[spm]: ProfilerData event received.
I/flutter (22899): [SPM:perf] 698a51a  buildSpan: 1915µs
I/flutter (22899): [spm] Performance monitoring completed for 698a51a
I/flutter (22899): [SPM:perf] 698a51a  buildSpan: 1998µs
I/flutter (22899): [spm] Performance monitoring completed for 698a51a
[spm]: ProfilerData event received.
I/flutter (22899): 01:10 +1: (tearDownAll)
I/flutter (22899): 01:11 +2: All tests passed!
All tests passed.
[spm]: Saved 30 profiler events to <ROOT>/dataset-new_samples/2382/redmi9t/raw/20260918-150519/rev_009_a9a3f4b7/e6.jsonl
[spm]: Reverting injection...
3 issues found. (ran in 0.5s)
WARNING: Your Android app project: app located at: <ROOT>/android/app/build.gradle.kts
applies the Kotlin Gradle Plugin, which will cause build failures in future versions of Flutter. 
Please migrate your app to Built-in Kotlin using this guide: https://docs.flutter.dev/release/breaking-changes/migrate-to-built-in-kotlin/for-app-developers

VMServiceFlutterDriver: Connecting to Flutter application at http://127.0.0.1:38797/tyj4DZZP3zA=/
[spm]: Detected VM service URI: ws://127.0.0.1:38797/tyj4DZZP3zA=/ws
VMServiceFlutterDriver: Isolate found with number: 3844611436989063
VMServiceFlutterDriver: Isolate 3844611436989063 is runnable.
VMServiceFlutterDriver: Isolate is paused at start.
VMServiceFlutterDriver: Attempting to resume isolate
VMServiceFlutterDriver: Connected to Flutter application.
VMServiceFlutterDriver: request_data message is taking a long time to complete...