# sample_id=2379/rev_003_886b9b59 exec_index=10 ok=True perf_lines=30 vm_events=30 battery_pct=49 soc_temp_millic=38300 battery_temp_c=31.1 charging=False preflight_started=2026-09-12T20:56:38.406178+00:00 started=2026-09-12T20:56:41.181184+00:00 ts=2026-09-12T20:58:44.454333+00:00
[spm]: Running flutter analyze...
Resolving dependencies...
Downloading packages...
  _fe_analyzer_shared 100.0.0 (108.0.0 available)
  analyzer 13.0.0 (14.4.0 available)
  async 2.13.0 (2.13.1 available)
  clock 1.1.2 (1.1.3 available)
  cupertino_icons 1.0.8 (1.0.9 available)
  glob 2.1.3 (2.2.0 available)
  lints 6.0.0 (6.1.0 available)
  matcher 0.12.19 (0.12.20 available)
  material_color_utilities 0.13.0 (0.13.1 available)
  meta 1.18.0 (1.19.0 available)
  package_config 2.2.0 (3.0.0 available)
  platform 3.1.6 (3.2.0 available)
  process 5.0.5 (5.0.6 available)
  pub_semver 2.2.0 (2.2.1 available)
  source_span 1.10.1 (1.10.2 available)
  stack_trace 1.12.1 (1.12.2 available)
  test_api 0.7.11 (0.7.14 available)
  vector_math 2.2.0 (2.4.2 available)
  vm_service 15.0.2 (15.3.0 available)
  webdriver 3.1.0 (3.2.0 available)
  yaml 3.1.3 (3.1.4 available)
Got dependencies!
21 packages have newer versions incompatible with dependency constraints.
Try `flutter pub outdated` for more information.
Analyzing lib...                                                

   info • The part-of directive uses a library name. Try converting the directive to use the URI of the library • lib/dependencies.dart:46:1 • use_string_in_part_of_directives
   info • Library names are not necessary. Remove the library name • lib/generated_widget.dart:2:9 • unnecessary_library_name
   info • Constructors in '@immutable' classes should be declared as 'const'. Try adding 'const' to the constructor declaration • lib/generated_widget.dart:11:3 • prefer_const_constructors_in_immutables

[spm]: Injecting profiler code...
[spm]: Starting app...
Running Gradle task 'assembleProfile'...                        
Running Gradle task 'assembleProfile'...                           20.4s
✓ Built build/app/outputs/flutter-apk/app-profile.apk (26.8MB)
Installing build/app/outputs/flutter-apk/app-profile.apk...      1,000ms
D/DecorView[](25899): getWindowModeFromSystem  windowmode is 1
D/DecorView[](25899): getWindowModeFromSystem  windowmode is 1
D/DecorView[](25899): updateDecorCaptionStatus displayWindowDecor is false
W/Looper  (25899): PerfMonitor looperActivity : package=com.example.benchmark_container/.MainActivity time=401ms latency=430ms running=0ms  procState=-1  historyMsgCount=3 (msgIndex=3 wall=417ms seq=3 h=android.app.ActivityThread$H w=110)
W/Looper  (25899): PerfMonitor looperActivity : package=com.example.benchmark_container/.MainActivity time=1ms latency=832ms running=0ms  procState=-1  historyMsgCount=4 (msgIndex=3 wall=417ms seq=3 h=android.app.ActivityThread$H w=110) (msgIndex=4 wall=401ms seq=4 late=430ms h=android.app.ActivityThread$H w=159)
D/SurfaceView(25899): UPDATE null, mIsCastMode = false
D/hw-ProcessState(25899): Binder ioctl to enable oneway spam detection failed: Invalid argument
W/Looper  (25899): PerfMonitor longMsg : seq=8 plan=23:57:19.613 late=422ms wall=1783ms running=0ms h=android.view.Choreographer$FrameHandler c=android.view.Choreographer$FrameDisplayEventReceiver procState=-1
W/Looper  (25899): PerfMonitor doFrame : time=1783ms vsyncFrame=0 latency=422ms procState=-1 historyMsgCount=6 (msgIndex=2 wall=1783ms seq=8 late=422ms h=android.view.Choreographer$FrameHandler c=android.view.Choreographer$FrameDisplayEventReceiver) (msgIndex=3 wall=401ms seq=4 h=android.app.ActivityThread$H w=159)
I/Choreographer(25899): Skipped 101 frames!  The application may be doing too much work on its main thread.
D/SurfaceView(25899): UPDATE Surface(name=SurfaceView[com.example.benchmark_container/com.example.benchmark_container.MainActivity])/@0x739554a, mIsProjectionMode = false
W/Looper  (25899): PerfMonitor doFrame : time=2ms vsyncFrame=0 latency=1699ms procState=-1 historyMsgCount=4
[spm]: Connected to Dart VM service.
I/flutter (25899): 00:00 +0: Performance Benchmark
E/hmark_containe(25899): open libmigui.so failed! dlopen - dlopen failed: library "libmigui.so" not found
D/hmark_containe(25899): MiuiProcessManagerServiceStub setSchedFifo
I/MiuiProcessManagerImpl(25899): setSchedFifo pid:25899, mode:3
D/DecorView[](25899): onWindowFocusChanged hasWindowFocus true
D/DecorView[](25899): getWindowModeFromSystem  windowmode is 1
D/DecorView[](25899): updateDecorCaptionStatus displayWindowDecor is false
D/ProfileInstaller(25899): Installing profile for com.example.benchmark_container
[spm]: ProfilerData event received.
I/flutter (25899): [SPM:perf] 698a51a  buildSpan: 1891µs
I/flutter (25899): [spm] Performance monitoring completed for 698a51a
[spm]: ProfilerData event received.
I/flutter (25899): [SPM:perf] 698a51a  buildSpan: 1508µs
I/flutter (25899): [spm] Performance monitoring completed for 698a51a
[spm]: ProfilerData event received.
I/flutter (25899): [SPM:perf] 698a51a  buildSpan: 1531µs
I/flutter (25899): [spm] Performance monitoring completed for 698a51a
[spm]: ProfilerData event received.
I/flutter (25899): [SPM:perf] 698a51a  buildSpan: 1535µs
I/flutter (25899): [spm] Performance monitoring completed for 698a51a
[spm]: ProfilerData event received.
I/flutter (25899): [SPM:perf] 698a51a  buildSpan: 1874µs
I/flutter (25899): [spm] Performance monitoring completed for 698a51a
I/flutter (25899): [SPM:perf] 698a51a  buildSpan: 1888µs
[spm]: ProfilerData event received.
I/flutter (25899): [spm] Performance monitoring completed for 698a51a
[spm]: ProfilerData event received.
I/flutter (25899): [SPM:perf] 698a51a  buildSpan: 1247µs
I/flutter (25899): [spm] Performance monitoring completed for 698a51a
[spm]: ProfilerData event received.
I/flutter (25899): [SPM:perf] 698a51a  buildSpan: 1997µs
I/flutter (25899): [spm] Performance monitoring completed for 698a51a
[spm]: ProfilerData event received.
I/flutter (25899): [SPM:perf] 698a51a  buildSpan: 1905µs
I/flutter (25899): [spm] Performance monitoring completed for 698a51a
[spm]: ProfilerData event received.
I/flutter (25899): [SPM:perf] 698a51a  buildSpan: 1807µs
I/flutter (25899): [spm] Performance monitoring completed for 698a51a
I/flutter (25899): [SPM:perf] 698a51a  buildSpan: 1877µs
I/flutter (25899): [spm] Performance monitoring completed for 698a51a
[spm]: ProfilerData event received.
I/flutter (25899): [SPM:perf] 698a51a  buildSpan: 1880µs
I/flutter (25899): [spm] Performance monitoring completed for 698a51a
[spm]: ProfilerData event received.
[spm]: ProfilerData event received.
I/flutter (25899): [SPM:perf] 698a51a  buildSpan: 1957µs
I/flutter (25899): [spm] Performance monitoring completed for 698a51a
[spm]: ProfilerData event received.
I/flutter (25899): [SPM:perf] 698a51a  buildSpan: 1909µs
I/flutter (25899): [spm] Performance monitoring completed for 698a51a
[spm]: ProfilerData event received.
I/flutter (25899): [SPM:perf] 698a51a  buildSpan: 1501µs
I/flutter (25899): [spm] Performance monitoring completed for 698a51a
[spm]: ProfilerData event received.
I/flutter (25899): [SPM:perf] 698a51a  buildSpan: 1976µs
I/flutter (25899): [spm] Performance monitoring completed for 698a51a
[spm]: ProfilerData event received.
I/flutter (25899): [SPM:perf] 698a51a  buildSpan: 1988µs
I/flutter (25899): [spm] Performance monitoring completed for 698a51a
[spm]: ProfilerData event received.
I/flutter (25899): [SPM:perf] 698a51a  buildSpan: 1466µs
I/flutter (25899): [spm] Performance monitoring completed for 698a51a
[spm]: ProfilerData event received.
I/flutter (25899): [SPM:perf] 698a51a  buildSpan: 1860µs
I/flutter (25899): [spm] Performance monitoring completed for 698a51a
[spm]: ProfilerData event received.
I/flutter (25899): [SPM:perf] 698a51a  buildSpan: 1845µs
I/flutter (25899): [spm] Performance monitoring completed for 698a51a
[spm]: ProfilerData event received.
I/flutter (25899): [SPM:perf] 698a51a  buildSpan: 1822µs
I/flutter (25899): [spm] Performance monitoring completed for 698a51a
[spm]: ProfilerData event received.
I/flutter (25899): [SPM:perf] 698a51a  buildSpan: 2006µs
I/flutter (25899): [spm] Performance monitoring completed for 698a51a
[spm]: ProfilerData event received.
I/flutter (25899): [SPM:perf] 698a51a  buildSpan: 1302µs
I/flutter (25899): [spm] Performance monitoring completed for 698a51a
[spm]: ProfilerData event received.
I/flutter (25899): [SPM:perf] 698a51a  buildSpan: 1830µs
I/flutter (25899): [spm] Performance monitoring completed for 698a51a
[spm]: ProfilerData event received.
I/flutter (25899): [SPM:perf] 698a51a  buildSpan: 1862µs
I/flutter (25899): [spm] Performance monitoring completed for 698a51a
[spm]: ProfilerData event received.
I/flutter (25899): [SPM:perf] 698a51a  buildSpan: 1857µs
I/flutter (25899): [spm] Performance monitoring completed for 698a51a
I/flutter (25899): [SPM:perf] 698a51a  buildSpan: 1840µs
[spm]: ProfilerData event received.
I/flutter (25899): [spm] Performance monitoring completed for 698a51a
I/flutter (25899): [SPM:perf] 698a51a  buildSpan: 1618µs
I/flutter (25899): [spm] Performance monitoring completed for 698a51a
[spm]: ProfilerData event received.
[spm]: ProfilerData event received.
I/flutter (25899): [SPM:perf] 698a51a  buildSpan: 1491µs
I/flutter (25899): [spm] Performance monitoring completed for 698a51a
I/flutter (25899): [SPM:perf] 698a51a  buildSpan: 1764µs
[spm]: ProfilerData event received.
I/flutter (25899): [spm] Performance monitoring completed for 698a51a
I/flutter (25899): 01:10 +1: (tearDownAll)
I/flutter (25899): 01:11 +2: All tests passed!
All tests passed.
[spm]: Saved 30 profiler events to <ROOT>/dataset-new_samples/2379/redmi9t/raw/20260912-222422/rev_003_886b9b59/e10.jsonl
[spm]: Reverting injection...
3 issues found. (ran in 0.7s)
WARNING: Your Android app project: app located at: <ROOT>/android/app/build.gradle.kts
applies the Kotlin Gradle Plugin, which will cause build failures in future versions of Flutter. 
Please migrate your app to Built-in Kotlin using this guide: https://docs.flutter.dev/release/breaking-changes/migrate-to-built-in-kotlin/for-app-developers

VMServiceFlutterDriver: Connecting to Flutter application at http://127.0.0.1:43959/tH8sLSLkfQw=/
[spm]: Detected VM service URI: ws://127.0.0.1:43959/tH8sLSLkfQw=/ws
VMServiceFlutterDriver: Isolate found with number: 6526812559882051
VMServiceFlutterDriver: Isolate 6526812559882051 is runnable.
VMServiceFlutterDriver: Isolate is paused at start.
VMServiceFlutterDriver: Attempting to resume isolate
VMServiceFlutterDriver: Connected to Flutter application.
VMServiceFlutterDriver: request_data message is taking a long time to complete...