# sample_id=2379/rev_003_886b9b59 exec_index=12 ok=True perf_lines=30 vm_events=30 battery_pct=51 soc_temp_millic=38600 battery_temp_c=30.6 charging=False preflight_started=2026-09-12T20:32:43.320989+00:00 started=2026-09-12T20:32:46.072969+00:00 ts=2026-09-12T20:34:30.824934+00:00
[spm]: Running flutter analyze...
Resolving dependencies...
Downloading packages...
  _fe_analyzer_shared 100.0.0 (108.0.0 available)
  analyzer 13.0.0 (14.4.0 available)
  async 2.13.0 (2.13.1 available)
  clock 1.1.2 (1.1.3 available)
  cupertino_icons 1.0.8 (1.0.9 available)
  glob 2.1.3 (2.2.0 available)
  lints 6.0.0 (6.1.0 available)
  matcher 0.12.19 (0.12.20 available)
  material_color_utilities 0.13.0 (0.13.1 available)
  meta 1.18.0 (1.19.0 available)
  package_config 2.2.0 (3.0.0 available)
  platform 3.1.6 (3.2.0 available)
  process 5.0.5 (5.0.6 available)
  pub_semver 2.2.0 (2.2.1 available)
  source_span 1.10.1 (1.10.2 available)
  stack_trace 1.12.1 (1.12.2 available)
  test_api 0.7.11 (0.7.14 available)
  vector_math 2.2.0 (2.4.2 available)
  vm_service 15.0.2 (15.3.0 available)
  webdriver 3.1.0 (3.2.0 available)
  yaml 3.1.3 (3.1.4 available)
Got dependencies!
21 packages have newer versions incompatible with dependency constraints.
Try `flutter pub outdated` for more information.
Analyzing lib...                                                

   info • The part-of directive uses a library name. Try converting the directive to use the URI of the library • lib/dependencies.dart:46:1 • use_string_in_part_of_directives
   info • Library names are not necessary. Remove the library name • lib/generated_widget.dart:2:9 • unnecessary_library_name
   info • Constructors in '@immutable' classes should be declared as 'const'. Try adding 'const' to the constructor declaration • lib/generated_widget.dart:11:3 • prefer_const_constructors_in_immutables

[spm]: Injecting profiler code...
[spm]: Starting app...
Running Gradle task 'assembleProfile'...                        
Running Gradle task 'assembleProfile'...                         2,042ms
✓ Built build/app/outputs/flutter-apk/app-profile.apk (26.8MB)
Installing build/app/outputs/flutter-apk/app-profile.apk...      1,183ms
D/DecorView[]( 9580): getWindowModeFromSystem  windowmode is 1
D/DecorView[]( 9580): updateDecorCaptionStatus displayWindowDecor is false
W/Looper  ( 9580): PerfMonitor looperActivity : package=com.example.benchmark_container/.MainActivity time=357ms latency=336ms running=0ms  procState=-1  historyMsgCount=3 (msgIndex=1 wall=357ms seq=4 late=336ms h=android.app.ActivityThread$H w=159) (msgIndex=3 wall=335ms seq=3 h=android.app.ActivityThread$H w=110)
W/Looper  ( 9580): PerfMonitor looperActivity : package=com.example.benchmark_container/.MainActivity time=1ms latency=695ms running=0ms  procState=-1  historyMsgCount=4 (msgIndex=1 wall=357ms seq=4 h=android.app.ActivityThread$H w=159) (msgIndex=3 wall=335ms seq=3 h=android.app.ActivityThread$H w=110) (msgIndex=4 wall=357ms seq=4 h=android.app.ActivityThread$H w=159)
D/SurfaceView( 9580): UPDATE null, mIsCastMode = false
D/hw-ProcessState( 9580): Binder ioctl to enable oneway spam detection failed: Invalid argument
W/Looper  ( 9580): PerfMonitor longMsg : seq=8 plan=23:33:06.305 late=362ms wall=1680ms running=0ms h=android.view.Choreographer$FrameHandler c=android.view.Choreographer$FrameDisplayEventReceiver procState=-1
W/Looper  ( 9580): PerfMonitor doFrame : time=1680ms vsyncFrame=0 latency=362ms procState=-1 historyMsgCount=7 (msgIndex=1 wall=1680ms seq=8 late=362ms h=android.view.Choreographer$FrameHandler c=android.view.Choreographer$FrameDisplayEventReceiver) (msgIndex=3 wall=335ms seq=3 h=android.app.ActivityThread$H w=110) (msgIndex=4 wall=1680ms seq=8 late=362ms h=android.view.Choreographer$FrameHandler c=android.view.Choreographer$FrameDisplayEventReceiver)
I/Choreographer( 9580): Skipped 95 frames!  The application may be doing too much work on its main thread.
D/SurfaceView( 9580): UPDATE Surface(name=SurfaceView[com.example.benchmark_container/com.example.benchmark_container.MainActivity])/@0x739554a, mIsProjectionMode = false
W/Looper  ( 9580): PerfMonitor doFrame : time=4ms vsyncFrame=0 latency=1599ms procState=-1 historyMsgCount=4
[spm]: Connected to Dart VM service.
I/flutter ( 9580): 00:00 +0: Performance Benchmark
E/hmark_containe( 9580): open libmigui.so failed! dlopen - dlopen failed: library "libmigui.so" not found
D/hmark_containe( 9580): MiuiProcessManagerServiceStub setSchedFifo
I/MiuiProcessManagerImpl( 9580): setSchedFifo pid:9580, mode:3
D/DecorView[]( 9580): onWindowFocusChanged hasWindowFocus true
D/DecorView[]( 9580): getWindowModeFromSystem  windowmode is 1
D/DecorView[]( 9580): updateDecorCaptionStatus displayWindowDecor is false
D/ProfileInstaller( 9580): Installing profile for com.example.benchmark_container
[spm]: ProfilerData event received.
I/flutter ( 9580): [SPM:perf] 698a51a  buildSpan: 1503µs
I/flutter ( 9580): [spm] Performance monitoring completed for 698a51a
I/flutter ( 9580): [SPM:perf] 698a51a  buildSpan: 1880µs
I/flutter ( 9580): [spm] Performance monitoring completed for 698a51a
[spm]: ProfilerData event received.
[spm]: ProfilerData event received.
I/flutter ( 9580): [SPM:perf] 698a51a  buildSpan: 1770µs
I/flutter ( 9580): [spm] Performance monitoring completed for 698a51a
I/flutter ( 9580): [SPM:perf] 698a51a  buildSpan: 1439µs
I/flutter ( 9580): [spm] Performance monitoring completed for 698a51a
[spm]: ProfilerData event received.
I/flutter ( 9580): [SPM:perf] 698a51a  buildSpan: 1762µs
I/flutter ( 9580): [spm] Performance monitoring completed for 698a51a
[spm]: ProfilerData event received.
[spm]: ProfilerData event received.
I/flutter ( 9580): [SPM:perf] 698a51a  buildSpan: 1269µs
I/flutter ( 9580): [spm] Performance monitoring completed for 698a51a
I/flutter ( 9580): [SPM:perf] 698a51a  buildSpan: 2031µs
I/flutter ( 9580): [spm] Performance monitoring completed for 698a51a
[spm]: ProfilerData event received.
I/flutter ( 9580): [SPM:perf] 698a51a  buildSpan: 1889µs
I/flutter ( 9580): [spm] Performance monitoring completed for 698a51a
[spm]: ProfilerData event received.
[spm]: ProfilerData event received.
I/flutter ( 9580): [SPM:perf] 698a51a  buildSpan: 1040µs
I/flutter ( 9580): [spm] Performance monitoring completed for 698a51a
[spm]: ProfilerData event received.
I/flutter ( 9580): [SPM:perf] 698a51a  buildSpan: 1340µs
I/flutter ( 9580): [spm] Performance monitoring completed for 698a51a
[spm]: ProfilerData event received.
I/flutter ( 9580): [SPM:perf] 698a51a  buildSpan: 1790µs
I/flutter ( 9580): [spm] Performance monitoring completed for 698a51a
[spm]: ProfilerData event received.
I/flutter ( 9580): [SPM:perf] 698a51a  buildSpan: 1602µs
I/flutter ( 9580): [spm] Performance monitoring completed for 698a51a
[spm]: ProfilerData event received.
I/flutter ( 9580): [SPM:perf] 698a51a  buildSpan: 1856µs
I/flutter ( 9580): [spm] Performance monitoring completed for 698a51a
I/flutter ( 9580): [SPM:perf] 698a51a  buildSpan: 1954µs
[spm]: ProfilerData event received.
I/flutter ( 9580): [spm] Performance monitoring completed for 698a51a
[spm]: ProfilerData event received.
I/flutter ( 9580): [SPM:perf] 698a51a  buildSpan: 1822µs
I/flutter ( 9580): [spm] Performance monitoring completed for 698a51a
[spm]: ProfilerData event received.
I/flutter ( 9580): [SPM:perf] 698a51a  buildSpan: 1519µs
I/flutter ( 9580): [spm] Performance monitoring completed for 698a51a
[spm]: ProfilerData event received.
I/flutter ( 9580): [SPM:perf] 698a51a  buildSpan: 1757µs
I/flutter ( 9580): [spm] Performance monitoring completed for 698a51a
[spm]: ProfilerData event received.
I/flutter ( 9580): [SPM:perf] 698a51a  buildSpan: 1786µs
I/flutter ( 9580): [spm] Performance monitoring completed for 698a51a
[spm]: ProfilerData event received.
I/flutter ( 9580): [SPM:perf] 698a51a  buildSpan: 1827µs
I/flutter ( 9580): [spm] Performance monitoring completed for 698a51a
[spm]: ProfilerData event received.
I/flutter ( 9580): [SPM:perf] 698a51a  buildSpan: 1360µs
I/flutter ( 9580): [spm] Performance monitoring completed for 698a51a
[spm]: ProfilerData event received.
I/flutter ( 9580): [SPM:perf] 698a51a  buildSpan: 1357µs
I/flutter ( 9580): [spm] Performance monitoring completed for 698a51a
[spm]: ProfilerData event received.
I/flutter ( 9580): [SPM:perf] 698a51a  buildSpan: 1399µs
I/flutter ( 9580): [spm] Performance monitoring completed for 698a51a
I/flutter ( 9580): [SPM:perf] 698a51a  buildSpan: 1839µs
[spm]: ProfilerData event received.
I/flutter ( 9580): [spm] Performance monitoring completed for 698a51a
[spm]: ProfilerData event received.
I/flutter ( 9580): [SPM:perf] 698a51a  buildSpan: 1814µs
I/flutter ( 9580): [spm] Performance monitoring completed for 698a51a
[spm]: ProfilerData event received.
I/flutter ( 9580): [SPM:perf] 698a51a  buildSpan: 1853µs
I/flutter ( 9580): [spm] Performance monitoring completed for 698a51a
[spm]: ProfilerData event received.
I/flutter ( 9580): [SPM:perf] 698a51a  buildSpan: 1617µs
I/flutter ( 9580): [spm] Performance monitoring completed for 698a51a
[spm]: ProfilerData event received.
I/flutter ( 9580): [SPM:perf] 698a51a  buildSpan: 1376µs
I/flutter ( 9580): [spm] Performance monitoring completed for 698a51a
[spm]: ProfilerData event received.
I/flutter ( 9580): [SPM:perf] 698a51a  buildSpan: 1828µs
I/flutter ( 9580): [spm] Performance monitoring completed for 698a51a
I/flutter ( 9580): [SPM:perf] 698a51a  buildSpan: 1934µs
I/flutter ( 9580): [spm] Performance monitoring completed for 698a51a
[spm]: ProfilerData event received.
[spm]: ProfilerData event received.
I/flutter ( 9580): [SPM:perf] 698a51a  buildSpan: 1830µs
I/flutter ( 9580): [spm] Performance monitoring completed for 698a51a
I/flutter ( 9580): 01:10 +1: (tearDownAll)
I/flutter ( 9580): 01:11 +2: All tests passed!
All tests passed.
[spm]: Saved 30 profiler events to <ROOT>/dataset-new_samples/2379/redmi9t/raw/20260912-222422/rev_003_886b9b59/e12.jsonl
[spm]: Reverting injection...
3 issues found. (ran in 0.9s)
WARNING: Your Android app project: app located at: <ROOT>/android/app/build.gradle.kts
applies the Kotlin Gradle Plugin, which will cause build failures in future versions of Flutter. 
Please migrate your app to Built-in Kotlin using this guide: https://docs.flutter.dev/release/breaking-changes/migrate-to-built-in-kotlin/for-app-developers

VMServiceFlutterDriver: Connecting to Flutter application at http://127.0.0.1:44733/xh_vXJMcTuM=/
[spm]: Detected VM service URI: ws://127.0.0.1:44733/xh_vXJMcTuM=/ws
VMServiceFlutterDriver: Isolate found with number: 481067911789531
VMServiceFlutterDriver: Isolate 481067911789531 is runnable.
VMServiceFlutterDriver: Isolate is paused at start.
VMServiceFlutterDriver: Attempting to resume isolate
VMServiceFlutterDriver: Connected to Flutter application.
VMServiceFlutterDriver: request_data message is taking a long time to complete...