# sample_id=18/base exec_index=1 ok=True perf_lines=30 vm_events=30 battery_pct=81 soc_temp_millic=39500 battery_temp_c=31.2 charging=False preflight_started=2026-08-01T17:25:35.630120+00:00 started=2026-08-01T17:25:38.245134+00:00 ts=2026-08-01T17:27:35.197663+00:00
[spm]: Running flutter analyze...
Analyzing lib...                                                
No issues found! (ran in 0.6s)
[spm]: Injecting profiler code...
[spm]: Starting app...
Running Gradle task 'assembleProfile'...                        
Running Gradle task 'assembleProfile'...                           19.4s
✓ Built build/app/outputs/flutter-apk/app-profile.apk (61.8MB)
Installing build/app/outputs/flutter-apk/app-profile.apk...      2,226ms
D/DecorView[](31200): getWindowModeFromSystem  windowmode is 1
D/DecorView[](31200): getWindowModeFromSystem  windowmode is 1
D/DecorView[](31200): updateDecorCaptionStatus displayWindowDecor is false
W/Looper  (31200): PerfMonitor looperActivity : package=com.example.benchmark_container/.MainActivity time=463ms latency=413ms running=0ms  procState=-1  historyMsgCount=2 (msgIndex=1 wall=463ms seq=4 late=413ms h=android.app.ActivityThread$H w=159) (msgIndex=2 wall=418ms seq=3 h=android.app.ActivityThread$H w=110)
W/Looper  (31200): PerfMonitor looperActivity : package=com.example.benchmark_container/.MainActivity time=0ms latency=877ms running=0ms  procState=-1  historyMsgCount=4 (msgIndex=2 wall=463ms seq=4 late=413ms h=android.app.ActivityThread$H w=159) (msgIndex=3 wall=418ms seq=3 h=android.app.ActivityThread$H w=110) (msgIndex=4 wall=463ms seq=4 late=413ms h=android.app.ActivityThread$H w=159)
I/Choreographer(31200): Skipped 30 frames!  The application may be doing too much work on its main thread.
D/SurfaceView(31200): UPDATE null, mIsCastMode = false
D/hw-ProcessState(31200): Binder ioctl to enable oneway spam detection failed: Invalid argument
W/Looper  (31200): PerfMonitor longMsg : seq=8 plan=20:26:12.977 late=504ms wall=1657ms running=0ms h=android.view.Choreographer$FrameHandler c=android.view.Choreographer$FrameDisplayEventReceiver procState=-1
W/Looper  (31200): PerfMonitor doFrame : time=1657ms vsyncFrame=0 latency=504ms procState=-1 historyMsgCount=7 (msgIndex=2 wall=463ms seq=4 h=android.app.ActivityThread$H w=159) (msgIndex=3 wall=1657ms seq=8 late=504ms h=android.view.Choreographer$FrameHandler c=android.view.Choreographer$FrameDisplayEventReceiver) (msgIndex=4 wall=463ms seq=4 h=android.app.ActivityThread$H w=159)
I/Choreographer(31200): Skipped 94 frames!  The application may be doing too much work on its main thread.
D/SurfaceView(31200): UPDATE Surface(name=SurfaceView[com.example.benchmark_container/com.example.benchmark_container.MainActivity])/@0x4d86cce, mIsProjectionMode = false
W/Looper  (31200): PerfMonitor doFrame : time=3ms vsyncFrame=0 latency=1567ms procState=-1 historyMsgCount=4
[spm]: Connected to Dart VM service.
I/flutter (31200): 00:00 +0: Performance Benchmark
E/hmark_containe(31200): open libmigui.so failed! dlopen - dlopen failed: library "libmigui.so" not found
D/hmark_containe(31200): MiuiProcessManagerServiceStub setSchedFifo
I/MiuiProcessManagerImpl(31200): setSchedFifo pid:31200, mode:3
D/DecorView[](31200): onWindowFocusChanged hasWindowFocus true
D/DecorView[](31200): getWindowModeFromSystem  windowmode is 1
D/DecorView[](31200): updateDecorCaptionStatus displayWindowDecor is false
D/ProfileInstaller(31200): Installing profile for com.example.benchmark_container
I/flutter (31200): setState 698a51a
[spm]: ProfilerData event received.
I/flutter (31200): [SPM:perf] 698a51a  buildSpan: 1335µs
I/flutter (31200): [spm] Performance monitoring completed for 698a51a
I/flutter (31200): setState 698a51a
[spm]: ProfilerData event received.
I/flutter (31200): [SPM:perf] 698a51a  buildSpan: 994µs
I/flutter (31200): [spm] Performance monitoring completed for 698a51a
I/flutter (31200): setState 698a51a
[spm]: ProfilerData event received.
I/flutter (31200): [SPM:perf] 698a51a  buildSpan: 1100µs
I/flutter (31200): [spm] Performance monitoring completed for 698a51a
I/flutter (31200): setState 698a51a
[spm]: ProfilerData event received.
I/flutter (31200): [SPM:perf] 698a51a  buildSpan: 1027µs
I/flutter (31200): [spm] Performance monitoring completed for 698a51a
I/flutter (31200): setState 698a51a
[spm]: ProfilerData event received.
I/flutter (31200): [SPM:perf] 698a51a  buildSpan: 1087µs
I/flutter (31200): [spm] Performance monitoring completed for 698a51a
I/flutter (31200): setState 698a51a
[spm]: ProfilerData event received.
I/flutter (31200): [SPM:perf] 698a51a  buildSpan: 1047µs
I/flutter (31200): [spm] Performance monitoring completed for 698a51a
I/flutter (31200): setState 698a51a
[spm]: ProfilerData event received.
I/flutter (31200): [SPM:perf] 698a51a  buildSpan: 998µs
I/flutter (31200): [spm] Performance monitoring completed for 698a51a
I/flutter (31200): setState 698a51a
[spm]: ProfilerData event received.
I/flutter (31200): [SPM:perf] 698a51a  buildSpan: 1125µs
I/flutter (31200): [spm] Performance monitoring completed for 698a51a
I/flutter (31200): setState 698a51a
[spm]: ProfilerData event received.
I/flutter (31200): [SPM:perf] 698a51a  buildSpan: 1015µs
I/flutter (31200): [spm] Performance monitoring completed for 698a51a
I/flutter (31200): setState 698a51a
I/flutter (31200): [SPM:perf] 698a51a  buildSpan: 1306µs
I/flutter (31200): [spm] Performance monitoring completed for 698a51a
[spm]: ProfilerData event received.
I/flutter (31200): setState 698a51a
[spm]: ProfilerData event received.
I/flutter (31200): [SPM:perf] 698a51a  buildSpan: 1009µs
I/flutter (31200): [spm] Performance monitoring completed for 698a51a
I/flutter (31200): setState 698a51a
[spm]: ProfilerData event received.
I/flutter (31200): [SPM:perf] 698a51a  buildSpan: 1013µs
I/flutter (31200): [spm] Performance monitoring completed for 698a51a
I/flutter (31200): setState 698a51a
[spm]: ProfilerData event received.
I/flutter (31200): [SPM:perf] 698a51a  buildSpan: 1088µs
I/flutter (31200): [spm] Performance monitoring completed for 698a51a
I/flutter (31200): setState 698a51a
[spm]: ProfilerData event received.
I/flutter (31200): [SPM:perf] 698a51a  buildSpan: 1270µs
I/flutter (31200): [spm] Performance monitoring completed for 698a51a
I/flutter (31200): setState 698a51a
[spm]: ProfilerData event received.
I/flutter (31200): [SPM:perf] 698a51a  buildSpan: 1028µs
I/flutter (31200): [spm] Performance monitoring completed for 698a51a
I/flutter (31200): setState 698a51a
[spm]: ProfilerData event received.
I/flutter (31200): [SPM:perf] 698a51a  buildSpan: 1042µs
I/flutter (31200): [spm] Performance monitoring completed for 698a51a
I/flutter (31200): setState 698a51a
[spm]: ProfilerData event received.
I/flutter (31200): [SPM:perf] 698a51a  buildSpan: 1060µs
I/flutter (31200): [spm] Performance monitoring completed for 698a51a
I/flutter (31200): setState 698a51a
[spm]: ProfilerData event received.
I/flutter (31200): [SPM:perf] 698a51a  buildSpan: 1095µs
I/flutter (31200): [spm] Performance monitoring completed for 698a51a
I/flutter (31200): setState 698a51a
[spm]: ProfilerData event received.
I/flutter (31200): [SPM:perf] 698a51a  buildSpan: 1047µs
I/flutter (31200): [spm] Performance monitoring completed for 698a51a
I/flutter (31200): setState 698a51a
[spm]: ProfilerData event received.
I/flutter (31200): [SPM:perf] 698a51a  buildSpan: 1036µs
I/flutter (31200): [spm] Performance monitoring completed for 698a51a
I/flutter (31200): setState 698a51a
[spm]: ProfilerData event received.
I/flutter (31200): [SPM:perf] 698a51a  buildSpan: 1033µs
I/flutter (31200): [spm] Performance monitoring completed for 698a51a
I/flutter (31200): setState 698a51a
[spm]: ProfilerData event received.
I/flutter (31200): [SPM:perf] 698a51a  buildSpan: 1113µs
I/flutter (31200): [spm] Performance monitoring completed for 698a51a
I/flutter (31200): setState 698a51a
[spm]: ProfilerData event received.
I/flutter (31200): [SPM:perf] 698a51a  buildSpan: 1083µs
I/flutter (31200): [spm] Performance monitoring completed for 698a51a
I/flutter (31200): setState 698a51a
[spm]: ProfilerData event received.
I/flutter (31200): [SPM:perf] 698a51a  buildSpan: 1097µs
I/flutter (31200): [spm] Performance monitoring completed for 698a51a
I/flutter (31200): setState 698a51a
[spm]: ProfilerData event received.
I/flutter (31200): [SPM:perf] 698a51a  buildSpan: 1023µs
I/flutter (31200): [spm] Performance monitoring completed for 698a51a
I/flutter (31200): setState 698a51a
[spm]: ProfilerData event received.
I/flutter (31200): [SPM:perf] 698a51a  buildSpan: 1040µs
I/flutter (31200): [spm] Performance monitoring completed for 698a51a
I/flutter (31200): setState 698a51a
[spm]: ProfilerData event received.
I/flutter (31200): [SPM:perf] 698a51a  buildSpan: 1115µs
I/flutter (31200): [spm] Performance monitoring completed for 698a51a
I/flutter (31200): setState 698a51a
[spm]: ProfilerData event received.
I/flutter (31200): [SPM:perf] 698a51a  buildSpan: 1042µs
I/flutter (31200): [spm] Performance monitoring completed for 698a51a
I/flutter (31200): setState 698a51a
[spm]: ProfilerData event received.
I/flutter (31200): [SPM:perf] 698a51a  buildSpan: 1036µs
I/flutter (31200): [spm] Performance monitoring completed for 698a51a
I/flutter (31200): setState 698a51a
[spm]: ProfilerData event received.
I/flutter (31200): [SPM:perf] 698a51a  buildSpan: 1029µs
I/flutter (31200): [spm] Performance monitoring completed for 698a51a
I/flutter (31200): 01:10 +1: (tearDownAll)
I/flutter (31200): 01:11 +2: All tests passed!
All tests passed.
[spm]: Saved 30 profiler events to <ROOT>/dataset/18/redmi9t/raw/20260801-200535/base/e1.jsonl
[spm]: Reverting injection...
WARNING: Your Android app project: app located at: <ROOT>/android/app/build.gradle.kts
applies the Kotlin Gradle Plugin, which will cause build failures in future versions of Flutter. 
Please migrate your app to Built-in Kotlin using this guide: https://docs.flutter.dev/release/breaking-changes/migrate-to-built-in-kotlin/for-app-developers

VMServiceFlutterDriver: Connecting to Flutter application at http://127.0.0.1:37593/pVkTDefCQTE=/
[spm]: Detected VM service URI: ws://127.0.0.1:37593/pVkTDefCQTE=/ws
VMServiceFlutterDriver: Isolate found with number: 4173537795600779
VMServiceFlutterDriver: Isolate 4173537795600779 is runnable.
VMServiceFlutterDriver: Isolate is paused at start.
VMServiceFlutterDriver: Attempting to resume isolate
VMServiceFlutterDriver: Connected to Flutter application.