# sample_id=18/base exec_index=10 ok=True perf_lines=30 vm_events=30 battery_pct=71 soc_temp_millic=38600 battery_temp_c=30.4 charging=False preflight_started=2026-08-01T19:52:37.675389+00:00 started=2026-08-01T19:52:40.296245+00:00 ts=2026-08-01T19:54:45.652167+00:00
[spm]: Running flutter analyze...
Analyzing lib...                                                
No issues found! (ran in 0.9s)
[spm]: Injecting profiler code...
[spm]: Starting app...
Running Gradle task 'assembleProfile'...                        
Running Gradle task 'assembleProfile'...                           23.7s
✓ Built build/app/outputs/flutter-apk/app-profile.apk (61.8MB)
Installing build/app/outputs/flutter-apk/app-profile.apk...      2,073ms
D/SurfaceView(31949): UPDATE null, mIsCastMode = false
D/hw-ProcessState(31949): Binder ioctl to enable oneway spam detection failed: Invalid argument
W/Looper  (31949): PerfMonitor longMsg : seq=8 plan=22:53:21.635 late=398ms wall=1675ms running=0ms h=android.view.Choreographer$FrameHandler c=android.view.Choreographer$FrameDisplayEventReceiver procState=-1
W/Looper  (31949): PerfMonitor doFrame : time=1675ms vsyncFrame=0 latency=398ms procState=-1 historyMsgCount=7 (msgIndex=2 wall=374ms seq=4 h=android.app.ActivityThread$H w=159) (msgIndex=3 wall=1675ms seq=8 late=398ms h=android.view.Choreographer$FrameHandler c=android.view.Choreographer$FrameDisplayEventReceiver) (msgIndex=4 wall=374ms seq=4 h=android.app.ActivityThread$H w=159)
I/Choreographer(31949): Skipped 94 frames!  The application may be doing too much work on its main thread.
D/SurfaceView(31949): UPDATE Surface(name=SurfaceView[com.example.benchmark_container/com.example.benchmark_container.MainActivity])/@0x4d86cce, mIsProjectionMode = false
W/Looper  (31949): PerfMonitor doFrame : time=4ms vsyncFrame=0 latency=1581ms procState=-1 historyMsgCount=4
[spm]: Connected to Dart VM service.
I/flutter (31949): 00:00 +0: Performance Benchmark
E/hmark_containe(31949): open libmigui.so failed! dlopen - dlopen failed: library "libmigui.so" not found
D/hmark_containe(31949): MiuiProcessManagerServiceStub setSchedFifo
I/MiuiProcessManagerImpl(31949): setSchedFifo pid:31949, mode:3
D/DecorView[](31949): onWindowFocusChanged hasWindowFocus true
D/DecorView[](31949): getWindowModeFromSystem  windowmode is 1
D/DecorView[](31949): updateDecorCaptionStatus displayWindowDecor is false
D/ProfileInstaller(31949): Installing profile for com.example.benchmark_container
I/flutter (31949): setState 698a51a
I/flutter (31949): [SPM:perf] 698a51a  buildSpan: 1291µs
I/flutter (31949): [spm] Performance monitoring completed for 698a51a
I/flutter (31949): setState 698a51a
[spm]: ProfilerData event received.
[spm]: ProfilerData event received.
I/flutter (31949): [SPM:perf] 698a51a  buildSpan: 1003µs
I/flutter (31949): [spm] Performance monitoring completed for 698a51a
I/flutter (31949): setState 698a51a
[spm]: ProfilerData event received.
I/flutter (31949): [SPM:perf] 698a51a  buildSpan: 1087µs
I/flutter (31949): [spm] Performance monitoring completed for 698a51a
I/flutter (31949): setState 698a51a
[spm]: ProfilerData event received.
I/flutter (31949): [SPM:perf] 698a51a  buildSpan: 998µs
I/flutter (31949): [spm] Performance monitoring completed for 698a51a
I/flutter (31949): setState 698a51a
[spm]: ProfilerData event received.
I/flutter (31949): [SPM:perf] 698a51a  buildSpan: 1005µs
I/flutter (31949): [spm] Performance monitoring completed for 698a51a
I/flutter (31949): setState 698a51a
[spm]: ProfilerData event received.
I/flutter (31949): [SPM:perf] 698a51a  buildSpan: 1006µs
I/flutter (31949): [spm] Performance monitoring completed for 698a51a
I/flutter (31949): setState 698a51a
[spm]: ProfilerData event received.
I/flutter (31949): [SPM:perf] 698a51a  buildSpan: 1093µs
I/flutter (31949): [spm] Performance monitoring completed for 698a51a
I/flutter (31949): setState 698a51a
[spm]: ProfilerData event received.
I/flutter (31949): [SPM:perf] 698a51a  buildSpan: 1026µs
I/flutter (31949): [spm] Performance monitoring completed for 698a51a
I/flutter (31949): setState 698a51a
[spm]: ProfilerData event received.
I/flutter (31949): [SPM:perf] 698a51a  buildSpan: 1002µs
I/flutter (31949): [spm] Performance monitoring completed for 698a51a
I/flutter (31949): setState 698a51a
[spm]: ProfilerData event received.
I/flutter (31949): [SPM:perf] 698a51a  buildSpan: 1134µs
I/flutter (31949): [spm] Performance monitoring completed for 698a51a
I/flutter (31949): setState 698a51a
[spm]: ProfilerData event received.
I/flutter (31949): [SPM:perf] 698a51a  buildSpan: 1015µs
I/flutter (31949): [spm] Performance monitoring completed for 698a51a
I/flutter (31949): setState 698a51a
[spm]: ProfilerData event received.
I/flutter (31949): [SPM:perf] 698a51a  buildSpan: 1100µs
I/flutter (31949): [spm] Performance monitoring completed for 698a51a
I/flutter (31949): setState 698a51a
[spm]: ProfilerData event received.
I/flutter (31949): [SPM:perf] 698a51a  buildSpan: 1120µs
I/flutter (31949): [spm] Performance monitoring completed for 698a51a
I/flutter (31949): setState 698a51a
[spm]: ProfilerData event received.
I/flutter (31949): [SPM:perf] 698a51a  buildSpan: 1017µs
I/flutter (31949): [spm] Performance monitoring completed for 698a51a
I/flutter (31949): setState 698a51a
[spm]: ProfilerData event received.
I/flutter (31949): [SPM:perf] 698a51a  buildSpan: 1003µs
I/flutter (31949): [spm] Performance monitoring completed for 698a51a
I/flutter (31949): setState 698a51a
[spm]: ProfilerData event received.
I/flutter (31949): [SPM:perf] 698a51a  buildSpan: 1014µs
I/flutter (31949): [spm] Performance monitoring completed for 698a51a
I/flutter (31949): setState 698a51a
[spm]: ProfilerData event received.
I/flutter (31949): [SPM:perf] 698a51a  buildSpan: 1037µs
I/flutter (31949): [spm] Performance monitoring completed for 698a51a
I/flutter (31949): setState 698a51a
[spm]: ProfilerData event received.
I/flutter (31949): [SPM:perf] 698a51a  buildSpan: 1044µs
I/flutter (31949): [spm] Performance monitoring completed for 698a51a
I/flutter (31949): setState 698a51a
[spm]: ProfilerData event received.
I/flutter (31949): [SPM:perf] 698a51a  buildSpan: 1029µs
I/flutter (31949): [spm] Performance monitoring completed for 698a51a
I/flutter (31949): setState 698a51a
[spm]: ProfilerData event received.
I/flutter (31949): [SPM:perf] 698a51a  buildSpan: 1061µs
I/flutter (31949): [spm] Performance monitoring completed for 698a51a
I/flutter (31949): setState 698a51a
I/flutter (31949): [SPM:perf] 698a51a  buildSpan: 1262µs
[spm]: ProfilerData event received.
I/flutter (31949): [spm] Performance monitoring completed for 698a51a
I/flutter (31949): setState 698a51a
[spm]: ProfilerData event received.
I/flutter (31949): [SPM:perf] 698a51a  buildSpan: 1021µs
I/flutter (31949): [spm] Performance monitoring completed for 698a51a
I/flutter (31949): setState 698a51a
I/flutter (31949): [SPM:perf] 698a51a  buildSpan: 1035µs
I/flutter (31949): [spm] Performance monitoring completed for 698a51a
I/flutter (31949): setState 698a51a
[spm]: ProfilerData event received.
[spm]: ProfilerData event received.
I/flutter (31949): [SPM:perf] 698a51a  buildSpan: 1036µs
I/flutter (31949): [spm] Performance monitoring completed for 698a51a
I/flutter (31949): setState 698a51a
[spm]: ProfilerData event received.
I/flutter (31949): [SPM:perf] 698a51a  buildSpan: 1122µs
I/flutter (31949): [spm] Performance monitoring completed for 698a51a
I/flutter (31949): setState 698a51a
[spm]: ProfilerData event received.
I/flutter (31949): [SPM:perf] 698a51a  buildSpan: 1026µs
I/flutter (31949): [spm] Performance monitoring completed for 698a51a
I/flutter (31949): setState 698a51a
[spm]: ProfilerData event received.
I/flutter (31949): [SPM:perf] 698a51a  buildSpan: 1003µs
I/flutter (31949): [spm] Performance monitoring completed for 698a51a
I/flutter (31949): setState 698a51a
[spm]: ProfilerData event received.
I/flutter (31949): [SPM:perf] 698a51a  buildSpan: 1016µs
I/flutter (31949): [spm] Performance monitoring completed for 698a51a
I/flutter (31949): setState 698a51a
[spm]: ProfilerData event received.
I/flutter (31949): [SPM:perf] 698a51a  buildSpan: 1122µs
I/flutter (31949): [spm] Performance monitoring completed for 698a51a
I/flutter (31949): setState 698a51a
[spm]: ProfilerData event received.
I/flutter (31949): [SPM:perf] 698a51a  buildSpan: 1091µs
I/flutter (31949): [spm] Performance monitoring completed for 698a51a
I/flutter (31949): 01:10 +1: (tearDownAll)
I/flutter (31949): 01:11 +2: All tests passed!
All tests passed.
[spm]: Saved 30 profiler events to <ROOT>/dataset/18/redmi9t/raw/20260801-200535/base/e10.jsonl
[spm]: Reverting injection...
WARNING: Your Android app project: app located at: <ROOT>/android/app/build.gradle.kts
applies the Kotlin Gradle Plugin, which will cause build failures in future versions of Flutter. 
Please migrate your app to Built-in Kotlin using this guide: https://docs.flutter.dev/release/breaking-changes/migrate-to-built-in-kotlin/for-app-developers

VMServiceFlutterDriver: Connecting to Flutter application at http://127.0.0.1:44705/Ot3NglxV0o4=/
[spm]: Detected VM service URI: ws://127.0.0.1:44705/Ot3NglxV0o4=/ws
VMServiceFlutterDriver: Isolate found with number: 5723175159568291
VMServiceFlutterDriver: Isolate 5723175159568291 is runnable.
VMServiceFlutterDriver: Isolate is paused at start.
VMServiceFlutterDriver: Attempting to resume isolate
VMServiceFlutterDriver: Connected to Flutter application.