# sample_id=18/base exec_index=3 ok=True perf_lines=30 vm_events=30 battery_pct=64 soc_temp_millic=37000 battery_temp_c=29.3 charging=False preflight_started=2026-08-01T21:22:53.797657+00:00 started=2026-08-01T21:22:56.413456+00:00 ts=2026-08-01T21:24:40.627057+00:00
[spm]: Running flutter analyze...
Analyzing lib...                                                
No issues found! (ran in 1.1s)
[spm]: Injecting profiler code...
[spm]: Starting app...
Running Gradle task 'assembleProfile'...                        
Running Gradle task 'assembleProfile'...                         2,637ms
✓ Built build/app/outputs/flutter-apk/app-profile.apk (61.8MB)
Installing build/app/outputs/flutter-apk/app-profile.apk...      2,181ms
E/MiuiMultiWindowUtils(16304): initFreeFormResolutionArgs failed, device is lime
D/IS_CTS_MODE(16304): true
D/MULTI_WINDOW_SWITCH_ENABLED(16304): false
D/IS_CTS_MODE(16304): true
D/MULTI_WINDOW_SWITCH_ENABLED(16304): false
D/IS_CTS_MODE(16304): true
D/MULTI_WINDOW_SWITCH_ENABLED(16304): false
D/DecorView[](16304): getWindowModeFromSystem  windowmode is 1
D/DecorView[](16304): getWindowModeFromSystem  windowmode is 1
D/DecorView[](16304): updateDecorCaptionStatus displayWindowDecor is false
W/Looper  (16304): PerfMonitor looperActivity : package=com.example.benchmark_container/.MainActivity time=576ms latency=463ms running=0ms  procState=-1  historyMsgCount=3 (msgIndex=3 wall=441ms seq=3 h=android.app.ActivityThread$H w=110)
W/Looper  (16304): PerfMonitor looperActivity : package=com.example.benchmark_container/.MainActivity time=1ms latency=1042ms running=0ms  procState=-1  historyMsgCount=4 (msgIndex=3 wall=441ms seq=3 h=android.app.ActivityThread$H w=110) (msgIndex=4 wall=576ms seq=4 late=463ms h=android.app.ActivityThread$H w=159)
I/Choreographer(16304): Skipped 36 frames!  The application may be doing too much work on its main thread.
D/SurfaceView(16304): UPDATE null, mIsCastMode = false
D/hw-ProcessState(16304): Binder ioctl to enable oneway spam detection failed: Invalid argument
W/Looper  (16304): PerfMonitor longMsg : seq=8 plan=00:23:16.742 late=606ms wall=1701ms running=0ms h=android.view.Choreographer$FrameHandler c=android.view.Choreographer$FrameDisplayEventReceiver procState=-1
W/Looper  (16304): PerfMonitor doFrame : time=1701ms vsyncFrame=0 latency=606ms procState=-1 historyMsgCount=6 (msgIndex=2 wall=1701ms seq=8 late=606ms h=android.view.Choreographer$FrameHandler c=android.view.Choreographer$FrameDisplayEventReceiver) (msgIndex=3 wall=576ms seq=4 h=android.app.ActivityThread$H w=159)
I/Choreographer(16304): Skipped 95 frames!  The application may be doing too much work on its main thread.
D/SurfaceView(16304): UPDATE Surface(name=SurfaceView[com.example.benchmark_container/com.example.benchmark_container.MainActivity])/@0x4d86cce, mIsProjectionMode = false
W/Looper  (16304): PerfMonitor doFrame : time=3ms vsyncFrame=0 latency=1596ms procState=-1 historyMsgCount=5
[spm]: Connected to Dart VM service.
I/flutter (16304): 00:00 +0: Performance Benchmark
E/hmark_containe(16304): open libmigui.so failed! dlopen - dlopen failed: library "libmigui.so" not found
D/hmark_containe(16304): MiuiProcessManagerServiceStub setSchedFifo
I/MiuiProcessManagerImpl(16304): setSchedFifo pid:16304, mode:3
D/DecorView[](16304): onWindowFocusChanged hasWindowFocus true
D/DecorView[](16304): getWindowModeFromSystem  windowmode is 1
D/DecorView[](16304): updateDecorCaptionStatus displayWindowDecor is false
D/ProfileInstaller(16304): Installing profile for com.example.benchmark_container
I/flutter (16304): setState 698a51a
[spm]: ProfilerData event received.
I/flutter (16304): [SPM:perf] 698a51a  buildSpan: 1334µs
I/flutter (16304): [spm] Performance monitoring completed for 698a51a
I/flutter (16304): setState 698a51a
[spm]: ProfilerData event received.
I/flutter (16304): [SPM:perf] 698a51a  buildSpan: 1110µs
I/flutter (16304): [spm] Performance monitoring completed for 698a51a
I/flutter (16304): setState 698a51a
[spm]: ProfilerData event received.
I/flutter (16304): [SPM:perf] 698a51a  buildSpan: 985µs
I/flutter (16304): [spm] Performance monitoring completed for 698a51a
I/flutter (16304): setState 698a51a
[spm]: ProfilerData event received.
I/flutter (16304): [SPM:perf] 698a51a  buildSpan: 1019µs
I/flutter (16304): [spm] Performance monitoring completed for 698a51a
I/flutter (16304): setState 698a51a
[spm]: ProfilerData event received.
I/flutter (16304): [SPM:perf] 698a51a  buildSpan: 1001µs
I/flutter (16304): [spm] Performance monitoring completed for 698a51a
I/flutter (16304): setState 698a51a
[spm]: ProfilerData event received.
I/flutter (16304): [SPM:perf] 698a51a  buildSpan: 1250µs
I/flutter (16304): [spm] Performance monitoring completed for 698a51a
I/flutter (16304): setState 698a51a
[spm]: ProfilerData event received.
I/flutter (16304): [SPM:perf] 698a51a  buildSpan: 1023µs
I/flutter (16304): [spm] Performance monitoring completed for 698a51a
I/flutter (16304): setState 698a51a
[spm]: ProfilerData event received.
I/flutter (16304): [SPM:perf] 698a51a  buildSpan: 1120µs
I/flutter (16304): [spm] Performance monitoring completed for 698a51a
I/flutter (16304): setState 698a51a
[spm]: ProfilerData event received.
I/flutter (16304): [SPM:perf] 698a51a  buildSpan: 1010µs
I/flutter (16304): [spm] Performance monitoring completed for 698a51a
I/flutter (16304): setState 698a51a
I/flutter (16304): [SPM:perf] 698a51a  buildSpan: 997µs
[spm]: ProfilerData event received.
I/flutter (16304): [spm] Performance monitoring completed for 698a51a
I/flutter (16304): setState 698a51a
[spm]: ProfilerData event received.
I/flutter (16304): [SPM:perf] 698a51a  buildSpan: 1008µs
I/flutter (16304): [spm] Performance monitoring completed for 698a51a
I/flutter (16304): setState 698a51a
[spm]: ProfilerData event received.
I/flutter (16304): [SPM:perf] 698a51a  buildSpan: 1026µs
I/flutter (16304): [spm] Performance monitoring completed for 698a51a
I/flutter (16304): setState 698a51a
[spm]: ProfilerData event received.
I/flutter (16304): [SPM:perf] 698a51a  buildSpan: 1177µs
I/flutter (16304): [spm] Performance monitoring completed for 698a51a
I/flutter (16304): setState 698a51a
[spm]: ProfilerData event received.
I/flutter (16304): [SPM:perf] 698a51a  buildSpan: 1003µs
I/flutter (16304): [spm] Performance monitoring completed for 698a51a
I/flutter (16304): setState 698a51a
[spm]: ProfilerData event received.
I/flutter (16304): [SPM:perf] 698a51a  buildSpan: 1013µs
I/flutter (16304): [spm] Performance monitoring completed for 698a51a
I/flutter (16304): setState 698a51a
[spm]: ProfilerData event received.
I/flutter (16304): [SPM:perf] 698a51a  buildSpan: 1039µs
I/flutter (16304): [spm] Performance monitoring completed for 698a51a
I/flutter (16304): setState 698a51a
[spm]: ProfilerData event received.
I/flutter (16304): [SPM:perf] 698a51a  buildSpan: 1090µs
I/flutter (16304): [spm] Performance monitoring completed for 698a51a
I/flutter (16304): setState 698a51a
[spm]: ProfilerData event received.
I/flutter (16304): [SPM:perf] 698a51a  buildSpan: 1061µs
I/flutter (16304): [spm] Performance monitoring completed for 698a51a
I/flutter (16304): setState 698a51a
[spm]: ProfilerData event received.
I/flutter (16304): [SPM:perf] 698a51a  buildSpan: 1028µs
I/flutter (16304): [spm] Performance monitoring completed for 698a51a
I/flutter (16304): setState 698a51a
[spm]: ProfilerData event received.
I/flutter (16304): [SPM:perf] 698a51a  buildSpan: 1005µs
I/flutter (16304): [spm] Performance monitoring completed for 698a51a
I/flutter (16304): setState 698a51a
[spm]: ProfilerData event received.
I/flutter (16304): [SPM:perf] 698a51a  buildSpan: 1041µs
I/flutter (16304): [spm] Performance monitoring completed for 698a51a
I/flutter (16304): setState 698a51a
[spm]: ProfilerData event received.
I/flutter (16304): [SPM:perf] 698a51a  buildSpan: 1112µs
I/flutter (16304): [spm] Performance monitoring completed for 698a51a
I/flutter (16304): setState 698a51a
[spm]: ProfilerData event received.
I/flutter (16304): [SPM:perf] 698a51a  buildSpan: 1106µs
I/flutter (16304): [spm] Performance monitoring completed for 698a51a
I/flutter (16304): setState 698a51a
[spm]: ProfilerData event received.
I/flutter (16304): [SPM:perf] 698a51a  buildSpan: 1017µs
I/flutter (16304): [spm] Performance monitoring completed for 698a51a
I/flutter (16304): setState 698a51a
[spm]: ProfilerData event received.
I/flutter (16304): [SPM:perf] 698a51a  buildSpan: 1121µs
I/flutter (16304): [spm] Performance monitoring completed for 698a51a
I/flutter (16304): setState 698a51a
I/flutter (16304): [SPM:perf] 698a51a  buildSpan: 1043µs
[spm]: ProfilerData event received.
I/flutter (16304): [spm] Performance monitoring completed for 698a51a
I/flutter (16304): setState 698a51a
[spm]: ProfilerData event received.
I/flutter (16304): [SPM:perf] 698a51a  buildSpan: 1041µs
I/flutter (16304): [spm] Performance monitoring completed for 698a51a
I/flutter (16304): setState 698a51a
[spm]: ProfilerData event received.
I/flutter (16304): [SPM:perf] 698a51a  buildSpan: 1097µs
I/flutter (16304): [spm] Performance monitoring completed for 698a51a
I/flutter (16304): setState 698a51a
I/flutter (16304): [SPM:perf] 698a51a  buildSpan: 1074µs
I/flutter (16304): [spm] Performance monitoring completed for 698a51a
I/flutter (16304): setState 698a51a
[spm]: ProfilerData event received.
I/flutter (16304): [SPM:perf] 698a51a  buildSpan: 1124µs
[spm]: ProfilerData event received.
I/flutter (16304): [spm] Performance monitoring completed for 698a51a
I/flutter (16304): 01:10 +1: (tearDownAll)
I/flutter (16304): 01:11 +2: All tests passed!
All tests passed.
[spm]: Saved 30 profiler events to <ROOT>/dataset/18/redmi9t/raw/20260801-200535/base/e3.jsonl
[spm]: Reverting injection...
WARNING: Your Android app project: app located at: <ROOT>/android/app/build.gradle.kts
applies the Kotlin Gradle Plugin, which will cause build failures in future versions of Flutter. 
Please migrate your app to Built-in Kotlin using this guide: https://docs.flutter.dev/release/breaking-changes/migrate-to-built-in-kotlin/for-app-developers

VMServiceFlutterDriver: Connecting to Flutter application at http://127.0.0.1:35485/Pq0B46oC-RI=/
[spm]: Detected VM service URI: ws://127.0.0.1:35485/Pq0B46oC-RI=/ws
VMServiceFlutterDriver: Isolate found with number: 7542178857668199
VMServiceFlutterDriver: Isolate 7542178857668199 is runnable.
VMServiceFlutterDriver: Isolate is paused at start.
VMServiceFlutterDriver: Attempting to resume isolate
VMServiceFlutterDriver: Connected to Flutter application.