# sample_id=18/base exec_index=4 ok=True perf_lines=30 vm_events=30 battery_pct=64 soc_temp_millic=37000 battery_temp_c=29.3 charging=False preflight_started=2026-08-01T21:24:40.627920+00:00 started=2026-08-01T21:24:43.276679+00:00 ts=2026-08-01T21:26:25.671584+00:00
[spm]: Running flutter analyze...
Analyzing lib...                                                
No issues found! (ran in 0.5s)
[spm]: Injecting profiler code...
[spm]: Starting app...
Running Gradle task 'assembleProfile'...                        
Running Gradle task 'assembleProfile'...                         2,066ms
✓ Built build/app/outputs/flutter-apk/app-profile.apk (61.8MB)
Installing build/app/outputs/flutter-apk/app-profile.apk...      2,179ms
D/DecorView[](19583): getWindowModeFromSystem  windowmode is 1
D/DecorView[](19583): updateDecorCaptionStatus displayWindowDecor is false
W/Looper  (19583): PerfMonitor looperActivity : package=com.example.benchmark_container/.MainActivity time=385ms latency=388ms running=0ms  procState=-1  historyMsgCount=2 (msgIndex=1 wall=385ms seq=4 late=388ms h=android.app.ActivityThread$H w=159) (msgIndex=2 wall=392ms seq=3 h=android.app.ActivityThread$H w=110)
W/Looper  (19583): PerfMonitor looperActivity : package=com.example.benchmark_container/.MainActivity time=0ms latency=773ms running=0ms  procState=-1  historyMsgCount=4 (msgIndex=2 wall=385ms seq=4 late=388ms h=android.app.ActivityThread$H w=159) (msgIndex=3 wall=392ms seq=3 h=android.app.ActivityThread$H w=110) (msgIndex=4 wall=385ms seq=4 late=388ms h=android.app.ActivityThread$H w=159)
D/SurfaceView(19583): UPDATE null, mIsCastMode = false
D/hw-ProcessState(19583): Binder ioctl to enable oneway spam detection failed: Invalid argument
W/Looper  (19583): PerfMonitor longMsg : seq=8 plan=00:25:02.281 late=395ms wall=1683ms running=0ms h=android.view.Choreographer$FrameHandler c=android.view.Choreographer$FrameDisplayEventReceiver procState=-1
W/Looper  (19583): PerfMonitor doFrame : time=1683ms vsyncFrame=0 latency=395ms procState=-1 historyMsgCount=7 (msgIndex=2 wall=385ms seq=4 h=android.app.ActivityThread$H w=159) (msgIndex=3 wall=1683ms seq=8 late=395ms h=android.view.Choreographer$FrameHandler c=android.view.Choreographer$FrameDisplayEventReceiver) (msgIndex=4 wall=385ms seq=4 h=android.app.ActivityThread$H w=159)
I/Choreographer(19583): Skipped 96 frames!  The application may be doing too much work on its main thread.
D/SurfaceView(19583): UPDATE Surface(name=SurfaceView[com.example.benchmark_container/com.example.benchmark_container.MainActivity])/@0x4d86cce, mIsProjectionMode = false
W/Looper  (19583): PerfMonitor doFrame : time=4ms vsyncFrame=0 latency=1600ms procState=-1 historyMsgCount=4
[spm]: Connected to Dart VM service.
I/flutter (19583): 00:00 +0: Performance Benchmark
E/hmark_containe(19583): open libmigui.so failed! dlopen - dlopen failed: library "libmigui.so" not found
D/hmark_containe(19583): MiuiProcessManagerServiceStub setSchedFifo
I/MiuiProcessManagerImpl(19583): setSchedFifo pid:19583, mode:3
D/DecorView[](19583): onWindowFocusChanged hasWindowFocus true
D/DecorView[](19583): getWindowModeFromSystem  windowmode is 1
D/DecorView[](19583): updateDecorCaptionStatus displayWindowDecor is false
D/ProfileInstaller(19583): Installing profile for com.example.benchmark_container
I/flutter (19583): setState 698a51a
[spm]: ProfilerData event received.
I/flutter (19583): [SPM:perf] 698a51a  buildSpan: 1504µs
I/flutter (19583): [spm] Performance monitoring completed for 698a51a
I/flutter (19583): setState 698a51a
[spm]: ProfilerData event received.
I/flutter (19583): [SPM:perf] 698a51a  buildSpan: 998µs
I/flutter (19583): [spm] Performance monitoring completed for 698a51a
I/flutter (19583): setState 698a51a
[spm]: ProfilerData event received.
I/flutter (19583): [SPM:perf] 698a51a  buildSpan: 1027µs
I/flutter (19583): [spm] Performance monitoring completed for 698a51a
I/flutter (19583): setState 698a51a
[spm]: ProfilerData event received.
I/flutter (19583): [SPM:perf] 698a51a  buildSpan: 1086µs
I/flutter (19583): [spm] Performance monitoring completed for 698a51a
I/flutter (19583): setState 698a51a
[spm]: ProfilerData event received.
I/flutter (19583): [SPM:perf] 698a51a  buildSpan: 1004µs
I/flutter (19583): [spm] Performance monitoring completed for 698a51a
I/flutter (19583): setState 698a51a
I/flutter (19583): [SPM:perf] 698a51a  buildSpan: 1001µs
I/flutter (19583): [spm] Performance monitoring completed for 698a51a
[spm]: ProfilerData event received.
I/flutter (19583): setState 698a51a
[spm]: ProfilerData event received.
I/flutter (19583): [SPM:perf] 698a51a  buildSpan: 1095µs
I/flutter (19583): [spm] Performance monitoring completed for 698a51a
I/flutter (19583): setState 698a51a
[spm]: ProfilerData event received.
I/flutter (19583): [SPM:perf] 698a51a  buildSpan: 1128µs
I/flutter (19583): [spm] Performance monitoring completed for 698a51a
I/flutter (19583): setState 698a51a
[spm]: ProfilerData event received.
I/flutter (19583): [SPM:perf] 698a51a  buildSpan: 983µs
I/flutter (19583): [spm] Performance monitoring completed for 698a51a
I/flutter (19583): setState 698a51a
[spm]: ProfilerData event received.
I/flutter (19583): [SPM:perf] 698a51a  buildSpan: 1002µs
I/flutter (19583): [spm] Performance monitoring completed for 698a51a
I/flutter (19583): setState 698a51a
[spm]: ProfilerData event received.
I/flutter (19583): [SPM:perf] 698a51a  buildSpan: 997µs
I/flutter (19583): [spm] Performance monitoring completed for 698a51a
I/flutter (19583): setState 698a51a
[spm]: ProfilerData event received.
I/flutter (19583): [SPM:perf] 698a51a  buildSpan: 1014µs
I/flutter (19583): [spm] Performance monitoring completed for 698a51a
I/flutter (19583): setState 698a51a
[spm]: ProfilerData event received.
I/flutter (19583): [SPM:perf] 698a51a  buildSpan: 1392µs
I/flutter (19583): [spm] Performance monitoring completed for 698a51a
I/flutter (19583): setState 698a51a
[spm]: ProfilerData event received.
I/flutter (19583): [SPM:perf] 698a51a  buildSpan: 1104µs
I/flutter (19583): [spm] Performance monitoring completed for 698a51a
I/flutter (19583): setState 698a51a
[spm]: ProfilerData event received.
I/flutter (19583): [SPM:perf] 698a51a  buildSpan: 1011µs
I/flutter (19583): [spm] Performance monitoring completed for 698a51a
I/flutter (19583): setState 698a51a
[spm]: ProfilerData event received.
I/flutter (19583): [SPM:perf] 698a51a  buildSpan: 1034µs
I/flutter (19583): [spm] Performance monitoring completed for 698a51a
I/flutter (19583): setState 698a51a
[spm]: ProfilerData event received.
I/flutter (19583): [SPM:perf] 698a51a  buildSpan: 1036µs
I/flutter (19583): [spm] Performance monitoring completed for 698a51a
I/flutter (19583): setState 698a51a
[spm]: ProfilerData event received.
I/flutter (19583): [SPM:perf] 698a51a  buildSpan: 1103µs
I/flutter (19583): [spm] Performance monitoring completed for 698a51a
I/flutter (19583): setState 698a51a
[spm]: ProfilerData event received.
I/flutter (19583): [SPM:perf] 698a51a  buildSpan: 1023µs
I/flutter (19583): [spm] Performance monitoring completed for 698a51a
I/flutter (19583): setState 698a51a
[spm]: ProfilerData event received.
I/flutter (19583): [SPM:perf] 698a51a  buildSpan: 1013µs
I/flutter (19583): [spm] Performance monitoring completed for 698a51a
I/flutter (19583): setState 698a51a
[spm]: ProfilerData event received.
I/flutter (19583): [SPM:perf] 698a51a  buildSpan: 1024µs
I/flutter (19583): [spm] Performance monitoring completed for 698a51a
I/flutter (19583): setState 698a51a
[spm]: ProfilerData event received.
I/flutter (19583): [SPM:perf] 698a51a  buildSpan: 1014µs
I/flutter (19583): [spm] Performance monitoring completed for 698a51a
I/flutter (19583): setState 698a51a
[spm]: ProfilerData event received.
I/flutter (19583): [SPM:perf] 698a51a  buildSpan: 1127µs
I/flutter (19583): [spm] Performance monitoring completed for 698a51a
I/flutter (19583): setState 698a51a
[spm]: ProfilerData event received.
I/flutter (19583): [SPM:perf] 698a51a  buildSpan: 1047µs
I/flutter (19583): [spm] Performance monitoring completed for 698a51a
I/flutter (19583): setState 698a51a
[spm]: ProfilerData event received.
I/flutter (19583): [SPM:perf] 698a51a  buildSpan: 1055µs
I/flutter (19583): [spm] Performance monitoring completed for 698a51a
I/flutter (19583): setState 698a51a
[spm]: ProfilerData event received.
I/flutter (19583): [SPM:perf] 698a51a  buildSpan: 1048µs
I/flutter (19583): [spm] Performance monitoring completed for 698a51a
I/flutter (19583): setState 698a51a
[spm]: ProfilerData event received.
I/flutter (19583): [SPM:perf] 698a51a  buildSpan: 1045µs
I/flutter (19583): [spm] Performance monitoring completed for 698a51a
I/flutter (19583): setState 698a51a
[spm]: ProfilerData event received.
I/flutter (19583): [SPM:perf] 698a51a  buildSpan: 1064µs
I/flutter (19583): [spm] Performance monitoring completed for 698a51a
I/flutter (19583): setState 698a51a
[spm]: ProfilerData event received.
I/flutter (19583): [SPM:perf] 698a51a  buildSpan: 1347µs
I/flutter (19583): [spm] Performance monitoring completed for 698a51a
I/flutter (19583): setState 698a51a
[spm]: ProfilerData event received.
I/flutter (19583): [SPM:perf] 698a51a  buildSpan: 1034µs
I/flutter (19583): [spm] Performance monitoring completed for 698a51a
I/flutter (19583): 01:10 +1: (tearDownAll)
I/flutter (19583): 01:11 +2: All tests passed!
All tests passed.
[spm]: Saved 30 profiler events to <ROOT>/dataset/18/redmi9t/raw/20260801-200535/base/e4.jsonl
[spm]: Reverting injection...
WARNING: Your Android app project: app located at: <ROOT>/android/app/build.gradle.kts
applies the Kotlin Gradle Plugin, which will cause build failures in future versions of Flutter. 
Please migrate your app to Built-in Kotlin using this guide: https://docs.flutter.dev/release/breaking-changes/migrate-to-built-in-kotlin/for-app-developers

VMServiceFlutterDriver: Connecting to Flutter application at http://127.0.0.1:38291/Kw96cm4il_k=/
[spm]: Detected VM service URI: ws://127.0.0.1:38291/Kw96cm4il_k=/ws
VMServiceFlutterDriver: Isolate found with number: 4795415177296263
VMServiceFlutterDriver: Isolate 4795415177296263 is runnable.
VMServiceFlutterDriver: Isolate is paused at start.
VMServiceFlutterDriver: Attempting to resume isolate
VMServiceFlutterDriver: Connected to Flutter application.