# sample_id=2382/rev_003_fa7d824f exec_index=12 ok=True perf_lines=30 vm_events=30 battery_pct=39 soc_temp_millic=41700 battery_temp_c=30.3 charging=False preflight_started=2026-09-18T12:29:55.482009+00:00 started=2026-09-18T12:29:57.825258+00:00 ts=2026-09-18T12:31:54.497112+00:00
[spm]: Running flutter analyze...
Resolving dependencies...
Downloading packages...
  _fe_analyzer_shared 100.0.0 (108.0.0 available)
  analyzer 13.0.0 (14.4.0 available)
  async 2.13.0 (2.13.1 available)
  clock 1.1.2 (1.1.3 available)
  cupertino_icons 1.0.8 (1.0.9 available)
  glob 2.1.3 (2.2.0 available)
  lints 6.0.0 (6.1.0 available)
  matcher 0.12.19 (0.12.20 available)
  material_color_utilities 0.13.0 (0.13.1 available)
  meta 1.18.0 (1.19.0 available)
  package_config 2.2.0 (3.0.0 available)
  platform 3.1.6 (3.2.0 available)
  process 5.0.5 (5.0.6 available)
  pub_semver 2.2.0 (2.2.1 available)
  source_span 1.10.1 (1.10.2 available)
  stack_trace 1.12.1 (1.12.2 available)
  test_api 0.7.11 (0.7.14 available)
  vector_math 2.2.0 (2.4.2 available)
  vm_service 15.0.2 (15.3.0 available)
  webdriver 3.1.0 (3.2.0 available)
  yaml 3.1.3 (3.1.4 available)
Got dependencies!
21 packages have newer versions incompatible with dependency constraints.
Try `flutter pub outdated` for more information.
Analyzing lib...                                                

   info • The part-of directive uses a library name. Try converting the directive to use the URI of the library • lib/dependencies.dart:46:1 • use_string_in_part_of_directives
   info • Library names are not necessary. Remove the library name • lib/generated_widget.dart:2:9 • unnecessary_library_name
   info • Constructors in '@immutable' classes should be declared as 'const'. Try adding 'const' to the constructor declaration • lib/generated_widget.dart:12:3 • prefer_const_constructors_in_immutables

[spm]: Injecting profiler code...
[spm]: Starting app...
Running Gradle task 'assembleProfile'...                        
Running Gradle task 'assembleProfile'...                           18.6s
✓ Built build/app/outputs/flutter-apk/app-profile.apk (26.8MB)
Installing build/app/outputs/flutter-apk/app-profile.apk...        989ms
D/DecorView[]( 5929): getWindowModeFromSystem  windowmode is 1
D/DecorView[]( 5929): updateDecorCaptionStatus displayWindowDecor is false
W/Looper  ( 5929): PerfMonitor looperActivity : package=com.example.benchmark_container/.MainActivity time=419ms latency=408ms running=0ms  procState=-1  historyMsgCount=3 (msgIndex=1 wall=419ms seq=4 late=408ms h=android.app.ActivityThread$H w=159) (msgIndex=2 wall=419ms seq=4 late=408ms h=android.app.ActivityThread$H w=159) (msgIndex=3 wall=416ms seq=3 h=android.app.ActivityThread$H w=110)
W/Looper  ( 5929): PerfMonitor looperActivity : package=com.example.benchmark_container/.MainActivity time=1ms latency=833ms running=0ms  procState=-1  historyMsgCount=4 (msgIndex=1 wall=419ms seq=4 late=408ms h=android.app.ActivityThread$H w=159) (msgIndex=2 wall=419ms seq=4 late=408ms h=android.app.ActivityThread$H w=159) (msgIndex=3 wall=416ms seq=3 h=android.app.ActivityThread$H w=110) (msgIndex=4 wall=419ms seq=4 late=408ms h=android.app.ActivityThread$H w=159)
D/SurfaceView( 5929): UPDATE null, mIsCastMode = false
D/hw-ProcessState( 5929): Binder ioctl to enable oneway spam detection failed: Invalid argument
W/Looper  ( 5929): PerfMonitor longMsg : seq=8 plan=15:30:31.056 late=464ms wall=1882ms running=0ms h=android.view.Choreographer$FrameHandler c=android.view.Choreographer$FrameDisplayEventReceiver procState=-1
W/Looper  ( 5929): PerfMonitor doFrame : time=1882ms vsyncFrame=0 latency=464ms procState=-1 historyMsgCount=7 (msgIndex=1 wall=419ms seq=4 h=android.app.ActivityThread$H w=159) (msgIndex=2 wall=419ms seq=4 h=android.app.ActivityThread$H w=159) (msgIndex=3 wall=1882ms seq=8 late=464ms h=android.view.Choreographer$FrameHandler c=android.view.Choreographer$FrameDisplayEventReceiver) (msgIndex=4 wall=419ms seq=4 h=android.app.ActivityThread$H w=159)
I/Choreographer( 5929): Skipped 105 frames!  The application may be doing too much work on its main thread.
D/SurfaceView( 5929): UPDATE Surface(name=SurfaceView[com.example.benchmark_container/com.example.benchmark_container.MainActivity])/@0x9ac515, mIsProjectionMode = false
W/Looper  ( 5929): PerfMonitor doFrame : time=3ms vsyncFrame=0 latency=1752ms procState=-1 historyMsgCount=4
[spm]: Connected to Dart VM service.
I/flutter ( 5929): 00:00 +0: Performance Benchmark
E/hmark_containe( 5929): open libmigui.so failed! dlopen - dlopen failed: library "libmigui.so" not found
D/hmark_containe( 5929): MiuiProcessManagerServiceStub setSchedFifo
I/MiuiProcessManagerImpl( 5929): setSchedFifo pid:5929, mode:3
D/DecorView[]( 5929): onWindowFocusChanged hasWindowFocus true
D/ProfileInstaller( 5929): Installing profile for com.example.benchmark_container
D/DecorView[]( 5929): getWindowModeFromSystem  windowmode is 1
D/DecorView[]( 5929): updateDecorCaptionStatus displayWindowDecor is false
[spm]: ProfilerData event received.
I/flutter ( 5929): [SPM:perf] 698a51a  buildSpan: 1259µs
I/flutter ( 5929): [spm] Performance monitoring completed for 698a51a
I/flutter ( 5929): [SPM:perf] 698a51a  buildSpan: 1266µs
[spm]: ProfilerData event received.
I/flutter ( 5929): [spm] Performance monitoring completed for 698a51a
I/flutter ( 5929): [SPM:perf] 698a51a  buildSpan: 1180µs
I/flutter ( 5929): [spm] Performance monitoring completed for 698a51a
[spm]: ProfilerData event received.
[spm]: ProfilerData event received.
I/flutter ( 5929): [SPM:perf] 698a51a  buildSpan: 1283µs
I/flutter ( 5929): [spm] Performance monitoring completed for 698a51a
[spm]: ProfilerData event received.
I/flutter ( 5929): [SPM:perf] 698a51a  buildSpan: 1174µs
I/flutter ( 5929): [spm] Performance monitoring completed for 698a51a
[spm]: ProfilerData event received.
I/flutter ( 5929): [SPM:perf] 698a51a  buildSpan: 1217µs
I/flutter ( 5929): [spm] Performance monitoring completed for 698a51a
[spm]: ProfilerData event received.
I/flutter ( 5929): [SPM:perf] 698a51a  buildSpan: 1178µs
I/flutter ( 5929): [spm] Performance monitoring completed for 698a51a
[spm]: ProfilerData event received.
I/flutter ( 5929): [SPM:perf] 698a51a  buildSpan: 1219µs
I/flutter ( 5929): [spm] Performance monitoring completed for 698a51a
[spm]: ProfilerData event received.
I/flutter ( 5929): [SPM:perf] 698a51a  buildSpan: 1187µs
I/flutter ( 5929): [spm] Performance monitoring completed for 698a51a
[spm]: ProfilerData event received.
I/flutter ( 5929): [SPM:perf] 698a51a  buildSpan: 1224µs
I/flutter ( 5929): [spm] Performance monitoring completed for 698a51a
I/flutter ( 5929): [SPM:perf] 698a51a  buildSpan: 1481µs
I/flutter ( 5929): [spm] Performance monitoring completed for 698a51a
[spm]: ProfilerData event received.
[spm]: ProfilerData event received.
I/flutter ( 5929): [SPM:perf] 698a51a  buildSpan: 1356µs
I/flutter ( 5929): [spm] Performance monitoring completed for 698a51a
[spm]: ProfilerData event received.
I/flutter ( 5929): [SPM:perf] 698a51a  buildSpan: 1247µs
I/flutter ( 5929): [spm] Performance monitoring completed for 698a51a
[spm]: ProfilerData event received.
I/flutter ( 5929): [SPM:perf] 698a51a  buildSpan: 1214µs
I/flutter ( 5929): [spm] Performance monitoring completed for 698a51a
[spm]: ProfilerData event received.
I/flutter ( 5929): [SPM:perf] 698a51a  buildSpan: 1185µs
I/flutter ( 5929): [spm] Performance monitoring completed for 698a51a
I/flutter ( 5929): [SPM:perf] 698a51a  buildSpan: 1513µs
[spm]: ProfilerData event received.
I/flutter ( 5929): [spm] Performance monitoring completed for 698a51a
[spm]: ProfilerData event received.
I/flutter ( 5929): [SPM:perf] 698a51a  buildSpan: 1251µs
I/flutter ( 5929): [spm] Performance monitoring completed for 698a51a
[spm]: ProfilerData event received.
I/flutter ( 5929): [SPM:perf] 698a51a  buildSpan: 1163µs
I/flutter ( 5929): [spm] Performance monitoring completed for 698a51a
[spm]: ProfilerData event received.
I/flutter ( 5929): [SPM:perf] 698a51a  buildSpan: 1236µs
I/flutter ( 5929): [spm] Performance monitoring completed for 698a51a
[spm]: ProfilerData event received.
I/flutter ( 5929): [SPM:perf] 698a51a  buildSpan: 1169µs
I/flutter ( 5929): [spm] Performance monitoring completed for 698a51a
[spm]: ProfilerData event received.
I/flutter ( 5929): [SPM:perf] 698a51a  buildSpan: 1392µs
I/flutter ( 5929): [spm] Performance monitoring completed for 698a51a
[spm]: ProfilerData event received.
I/flutter ( 5929): [SPM:perf] 698a51a  buildSpan: 1209µs
I/flutter ( 5929): [spm] Performance monitoring completed for 698a51a
[spm]: ProfilerData event received.
I/flutter ( 5929): [SPM:perf] 698a51a  buildSpan: 1626µs
I/flutter ( 5929): [spm] Performance monitoring completed for 698a51a
[spm]: ProfilerData event received.
I/flutter ( 5929): [SPM:perf] 698a51a  buildSpan: 1182µs
I/flutter ( 5929): [spm] Performance monitoring completed for 698a51a
I/flutter ( 5929): [SPM:perf] 698a51a  buildSpan: 1180µs
I/flutter ( 5929): [spm] Performance monitoring completed for 698a51a
[spm]: ProfilerData event received.
[spm]: ProfilerData event received.
I/flutter ( 5929): [SPM:perf] 698a51a  buildSpan: 1195µs
I/flutter ( 5929): [spm] Performance monitoring completed for 698a51a
I/flutter ( 5929): [SPM:perf] 698a51a  buildSpan: 1207µs
I/flutter ( 5929): [spm] Performance monitoring completed for 698a51a
[spm]: ProfilerData event received.
[spm]: ProfilerData event received.
I/flutter ( 5929): [SPM:perf] 698a51a  buildSpan: 1254µs
I/flutter ( 5929): [spm] Performance monitoring completed for 698a51a
[spm]: ProfilerData event received.
I/flutter ( 5929): [SPM:perf] 698a51a  buildSpan: 1185µs
I/flutter ( 5929): [spm] Performance monitoring completed for 698a51a
I/flutter ( 5929): [SPM:perf] 698a51a  buildSpan: 1526µs
I/flutter ( 5929): [spm] Performance monitoring completed for 698a51a
[spm]: ProfilerData event received.
I/flutter ( 5929): 01:10 +1: (tearDownAll)
I/flutter ( 5929): 01:11 +2: All tests passed!
All tests passed.
[spm]: Saved 30 profiler events to <ROOT>/dataset-new_samples/2382/redmi9t/raw/20260918-150519/rev_003_fa7d824f/e12.jsonl
[spm]: Reverting injection...
3 issues found. (ran in 0.6s)
WARNING: Your Android app project: app located at: <ROOT>/android/app/build.gradle.kts
applies the Kotlin Gradle Plugin, which will cause build failures in future versions of Flutter. 
Please migrate your app to Built-in Kotlin using this guide: https://docs.flutter.dev/release/breaking-changes/migrate-to-built-in-kotlin/for-app-developers

VMServiceFlutterDriver: Connecting to Flutter application at http://127.0.0.1:43193/bmvgTW9qQDs=/
[spm]: Detected VM service URI: ws://127.0.0.1:43193/bmvgTW9qQDs=/ws
VMServiceFlutterDriver: Isolate found with number: 3961442765044319
VMServiceFlutterDriver: Isolate 3961442765044319 is runnable.
VMServiceFlutterDriver: Isolate is paused at start.
VMServiceFlutterDriver: Attempting to resume isolate
VMServiceFlutterDriver: Connected to Flutter application.
VMServiceFlutterDriver: request_data message is taking a long time to complete...