# sample_id=0349/rev_002_ae402f3c exec_index=12 ok=True perf_lines=30 vm_events=30 battery_pct=51 soc_temp_millic=38900 battery_temp_c=32.0 charging=False preflight_started=2026-09-10T13:34:08.061466+00:00 started=2026-09-10T13:34:10.783057+00:00 ts=2026-09-10T13:36:13.076348+00:00
[spm]: Running flutter analyze...
Analyzing lib...                                                

   info • The part-of directive uses a library name. Try converting the directive to use the URI of the library • lib/dependencies.dart:46:1 • use_string_in_part_of_directives
   info • The variable name 'EEEE' isn't a lowerCamelCase identifier. Try changing the name to follow the lowerCamelCase style • lib/dependencies.dart:164:14 • non_constant_identifier_names
   info • The variable name 'EEEEE' isn't a lowerCamelCase identifier. Try changing the name to follow the lowerCamelCase style • lib/dependencies.dart:165:14 • non_constant_identifier_names
   info • The variable name 'LLL' isn't a lowerCamelCase identifier. Try changing the name to follow the lowerCamelCase style • lib/dependencies.dart:166:14 • non_constant_identifier_names
   info • The variable name 'LLLL' isn't a lowerCamelCase identifier. Try changing the name to follow the lowerCamelCase style • lib/dependencies.dart:167:14 • non_constant_identifier_names
   info • The variable name 'Md' isn't a lowerCamelCase identifier. Try changing the name to follow the lowerCamelCase style • lib/dependencies.dart:169:14 • non_constant_identifier_names
   info • The variable name 'MEd' isn't a lowerCamelCase identifier. Try changing the name to follow the lowerCamelCase style • lib/dependencies.dart:170:14 • non_constant_identifier_names
   info • The variable name 'MMM' isn't a lowerCamelCase identifier. Try changing the name to follow the lowerCamelCase style • lib/dependencies.dart:171:14 • non_constant_identifier_names
   info • The variable name 'MMMd' isn't a lowerCamelCase identifier. Try changing the name to follow the lowerCamelCase style • lib/dependencies.dart:172:14 • non_constant_identifier_names
   info • The variable name 'MMMEd' isn't a lowerCamelCase identifier. Try changing the name to follow the lowerCamelCase style • lib/dependencies.dart:173:14 • non_constant_identifier_names
   info • The variable name 'MMMM' isn't a lowerCamelCase identifier. Try changing the name to follow the lowerCamelCase style • lib/dependencies.dart:174:14 • non_constant_identifier_names
   info • The variable name 'MMMMd' isn't a lowerCamelCase identifier. Try changing the name to follow the lowerCamelCase style • lib/dependencies.dart:175:14 • non_constant_identifier_names
   info • The variable name 'MMMMEEEEd' isn't a lowerCamelCase identifier. Try changing the name to follow the lowerCamelCase style • lib/dependencies.dart:176:14 • non_constant_identifier_names
   info • The variable name 'QQQ' isn't a lowerCamelCase identifier. Try changing the name to follow the lowerCamelCase style • lib/dependencies.dart:177:14 • non_constant_identifier_names
   info • The variable name 'QQQQ' isn't a lowerCamelCase identifier. Try changing the name to follow the lowerCamelCase style • lib/dependencies.dart:178:14 • non_constant_identifier_names
   info • The variable name 'Hm' isn't a lowerCamelCase identifier. Try changing the name to follow the lowerCamelCase style • lib/dependencies.dart:192:14 • non_constant_identifier_names
   info • The variable name 'Hms' isn't a lowerCamelCase identifier. Try changing the name to follow the lowerCamelCase style • lib/dependencies.dart:193:14 • non_constant_identifier_names
   info • Library names are not necessary. Remove the library name • lib/generated_widget.dart:2:9 • unnecessary_library_name
   info • 'withOpacity' is deprecated and shouldn't be used. Use .withValues() to avoid precision loss. Try replacing the use of the deprecated member with the replacement • lib/generated_widget.dart:64:35 • deprecated_member_use
   info • 'withOpacity' is deprecated and shouldn't be used. Use .withValues() to avoid precision loss. Try replacing the use of the deprecated member with the replacement • lib/generated_widget.dart:164:44 • deprecated_member_use

[spm]: Injecting profiler code...
[spm]: Starting app...
Running Gradle task 'assembleProfile'...                        
Running Gradle task 'assembleProfile'...                           20.4s
✓ Built build/app/outputs/flutter-apk/app-profile.apk (26.8MB)
Installing build/app/outputs/flutter-apk/app-profile.apk...      1,296ms
D/DecorView[](27343): getWindowModeFromSystem  windowmode is 1
I/ForceDarkHelperStubImpl(27343): setViewRootImplForceDark: false for com.example.benchmark_container.MainActivity@e6f428d, reason: AppDarkModeEnable
I/ForceDarkHelperStubImpl(27343): setViewRootImplForceDark: false for com.example.benchmark_container.MainActivity@e6f428d, reason: AppDarkModeEnable
D/DecorView[](27343): getWindowModeFromSystem  windowmode is 1
D/DecorView[](27343): updateDecorCaptionStatus displayWindowDecor is false
W/Looper  (27343): PerfMonitor looperActivity : package=com.example.benchmark_container/.MainActivity time=355ms latency=384ms running=0ms  procState=-1  historyMsgCount=3 (msgIndex=1 wall=355ms seq=4 late=384ms h=android.app.ActivityThread$H w=159) (msgIndex=2 wall=355ms seq=4 late=384ms h=android.app.ActivityThread$H w=159) (msgIndex=3 wall=391ms seq=3 h=android.app.ActivityThread$H w=110)
W/Looper  (27343): PerfMonitor looperActivity : package=com.example.benchmark_container/.MainActivity time=0ms latency=742ms running=0ms  procState=-1  historyMsgCount=4 (msgIndex=1 wall=355ms seq=4 h=android.app.ActivityThread$H w=159) (msgIndex=2 wall=355ms seq=4 h=android.app.ActivityThread$H w=159) (msgIndex=3 wall=391ms seq=3 h=android.app.ActivityThread$H w=110) (msgIndex=4 wall=355ms seq=4 h=android.app.ActivityThread$H w=159)
D/SurfaceView(27343): UPDATE null, mIsCastMode = false
D/hw-ProcessState(27343): Binder ioctl to enable oneway spam detection failed: Invalid argument
W/Looper  (27343): PerfMonitor longMsg : seq=8 plan=16:34:48.654 late=356ms wall=1658ms running=0ms h=android.view.Choreographer$FrameHandler c=android.view.Choreographer$FrameDisplayEventReceiver procState=-1
W/Looper  (27343): PerfMonitor doFrame : time=1658ms vsyncFrame=0 latency=356ms procState=-1 historyMsgCount=4 (msgIndex=1 wall=1658ms seq=8 late=356ms h=android.view.Choreographer$FrameHandler c=android.view.Choreographer$FrameDisplayEventReceiver)
I/Choreographer(27343): Skipped 94 frames!  The application may be doing too much work on its main thread.
D/SurfaceView(27343): UPDATE Surface(name=SurfaceView[com.example.benchmark_container/com.example.benchmark_container.MainActivity])/@0xca20cbb, mIsProjectionMode = false
W/Looper  (27343): PerfMonitor doFrame : time=4ms vsyncFrame=0 latency=1571ms procState=-1 historyMsgCount=4
[spm]: Connected to Dart VM service.
I/flutter (27343): 00:00 +0: Performance Benchmark
E/hmark_containe(27343): open libmigui.so failed! dlopen - dlopen failed: library "libmigui.so" not found
D/hmark_containe(27343): MiuiProcessManagerServiceStub setSchedFifo
I/MiuiProcessManagerImpl(27343): setSchedFifo pid:27343, mode:3
D/DecorView[](27343): onWindowFocusChanged hasWindowFocus true
D/DecorView[](27343): getWindowModeFromSystem  windowmode is 1
D/DecorView[](27343): updateDecorCaptionStatus displayWindowDecor is false
D/ProfileInstaller(27343): Installing profile for com.example.benchmark_container
I/flutter (27343): [SPM:perf] 698a51a  buildSpan: 4547µs
[spm]: ProfilerData event received.
I/flutter (27343): [spm] Performance monitoring completed for 698a51a
[spm]: ProfilerData event received.
I/flutter (27343): [SPM:perf] 698a51a  buildSpan: 3835µs
I/flutter (27343): [spm] Performance monitoring completed for 698a51a
[spm]: ProfilerData event received.
I/flutter (27343): [SPM:perf] 698a51a  buildSpan: 3422µs
I/flutter (27343): [spm] Performance monitoring completed for 698a51a
[spm]: ProfilerData event received.
I/flutter (27343): [SPM:perf] 698a51a  buildSpan: 3833µs
I/flutter (27343): [spm] Performance monitoring completed for 698a51a
[spm]: ProfilerData event received.
I/flutter (27343): [SPM:perf] 698a51a  buildSpan: 3348µs
I/flutter (27343): [spm] Performance monitoring completed for 698a51a
I/flutter (27343): [SPM:perf] 698a51a  buildSpan: 2862µs
I/flutter (27343): [spm] Performance monitoring completed for 698a51a
[spm]: ProfilerData event received.
[spm]: ProfilerData event received.
I/flutter (27343): [SPM:perf] 698a51a  buildSpan: 3290µs
I/flutter (27343): [spm] Performance monitoring completed for 698a51a
[spm]: ProfilerData event received.
I/flutter (27343): [SPM:perf] 698a51a  buildSpan: 3321µs
I/flutter (27343): [spm] Performance monitoring completed for 698a51a
[spm]: ProfilerData event received.
I/flutter (27343): [SPM:perf] 698a51a  buildSpan: 4297µs
I/flutter (27343): [spm] Performance monitoring completed for 698a51a
[spm]: ProfilerData event received.
I/flutter (27343): [SPM:perf] 698a51a  buildSpan: 4437µs
I/flutter (27343): [spm] Performance monitoring completed for 698a51a
[spm]: ProfilerData event received.
I/flutter (27343): [SPM:perf] 698a51a  buildSpan: 4387µs
I/flutter (27343): [spm] Performance monitoring completed for 698a51a
[spm]: ProfilerData event received.
I/flutter (27343): [SPM:perf] 698a51a  buildSpan: 4700µs
I/flutter (27343): [spm] Performance monitoring completed for 698a51a
[spm]: ProfilerData event received.
I/flutter (27343): [SPM:perf] 698a51a  buildSpan: 3278µs
I/flutter (27343): [spm] Performance monitoring completed for 698a51a
[spm]: ProfilerData event received.
I/flutter (27343): [SPM:perf] 698a51a  buildSpan: 4060µs
I/flutter (27343): [spm] Performance monitoring completed for 698a51a
[spm]: ProfilerData event received.
I/flutter (27343): [SPM:perf] 698a51a  buildSpan: 4311µs
I/flutter (27343): [spm] Performance monitoring completed for 698a51a
[spm]: ProfilerData event received.
I/flutter (27343): [SPM:perf] 698a51a  buildSpan: 4246µs
I/flutter (27343): [spm] Performance monitoring completed for 698a51a
[spm]: ProfilerData event received.
I/flutter (27343): [SPM:perf] 698a51a  buildSpan: 4371µs
I/flutter (27343): [spm] Performance monitoring completed for 698a51a
[spm]: ProfilerData event received.
I/flutter (27343): [SPM:perf] 698a51a  buildSpan: 3038µs
I/flutter (27343): [spm] Performance monitoring completed for 698a51a
[spm]: ProfilerData event received.
I/flutter (27343): [SPM:perf] 698a51a  buildSpan: 4382µs
I/flutter (27343): [spm] Performance monitoring completed for 698a51a
[spm]: ProfilerData event received.
I/flutter (27343): [SPM:perf] 698a51a  buildSpan: 2705µs
I/flutter (27343): [spm] Performance monitoring completed for 698a51a
[spm]: ProfilerData event received.
I/flutter (27343): [SPM:perf] 698a51a  buildSpan: 3538µs
I/flutter (27343): [spm] Performance monitoring completed for 698a51a
[spm]: ProfilerData event received.
I/flutter (27343): [SPM:perf] 698a51a  buildSpan: 3624µs
I/flutter (27343): [spm] Performance monitoring completed for 698a51a
[spm]: ProfilerData event received.
I/flutter (27343): [SPM:perf] 698a51a  buildSpan: 4469µs
I/flutter (27343): [spm] Performance monitoring completed for 698a51a
[spm]: ProfilerData event received.
I/flutter (27343): [SPM:perf] 698a51a  buildSpan: 4445µs
I/flutter (27343): [spm] Performance monitoring completed for 698a51a
[spm]: ProfilerData event received.
I/flutter (27343): [SPM:perf] 698a51a  buildSpan: 4428µs
I/flutter (27343): [spm] Performance monitoring completed for 698a51a
[spm]: ProfilerData event received.
I/flutter (27343): [SPM:perf] 698a51a  buildSpan: 4476µs
I/flutter (27343): [spm] Performance monitoring completed for 698a51a
[spm]: ProfilerData event received.
I/flutter (27343): [SPM:perf] 698a51a  buildSpan: 4235µs
I/flutter (27343): [spm] Performance monitoring completed for 698a51a
I/flutter (27343): [SPM:perf] 698a51a  buildSpan: 3626µs
I/flutter (27343): [spm] Performance monitoring completed for 698a51a
[spm]: ProfilerData event received.
[spm]: ProfilerData event received.
I/flutter (27343): [SPM:perf] 698a51a  buildSpan: 4257µs
I/flutter (27343): [spm] Performance monitoring completed for 698a51a
[spm]: ProfilerData event received.
I/flutter (27343): [SPM:perf] 698a51a  buildSpan: 4261µs
I/flutter (27343): [spm] Performance monitoring completed for 698a51a
I/flutter (27343): 01:10 +1: (tearDownAll)
I/flutter (27343): 01:11 +2: All tests passed!
All tests passed.
[spm]: Saved 30 profiler events to <ROOT>/dataset-new_samples/0349/redmi9t/raw/20260910-150350/rev_002_ae402f3c/e12.jsonl
[spm]: Reverting injection...
20 issues found. (ran in 0.5s)
WARNING: Your Android app project: app located at: <ROOT>/android/app/build.gradle.kts
applies the Kotlin Gradle Plugin, which will cause build failures in future versions of Flutter. 
Please migrate your app to Built-in Kotlin using this guide: https://docs.flutter.dev/release/breaking-changes/migrate-to-built-in-kotlin/for-app-developers

VMServiceFlutterDriver: Connecting to Flutter application at http://127.0.0.1:40095/kKHWpWLA8Pg=/
[spm]: Detected VM service URI: ws://127.0.0.1:40095/kKHWpWLA8Pg=/ws
VMServiceFlutterDriver: Isolate found with number: 2448466985148323
VMServiceFlutterDriver: Isolate 2448466985148323 is runnable.
VMServiceFlutterDriver: Isolate is paused at start.
VMServiceFlutterDriver: Attempting to resume isolate
VMServiceFlutterDriver: Connected to Flutter application.
VMServiceFlutterDriver: request_data message is taking a long time to complete...