# sample_id=0349/rev_002_ae402f3c exec_index=14 ok=True perf_lines=30 vm_events=30 battery_pct=55 soc_temp_millic=38600 battery_temp_c=31.6 charging=False preflight_started=2026-09-10T12:45:12.742265+00:00 started=2026-09-10T12:45:15.540645+00:00 ts=2026-09-10T12:47:22.626725+00:00
[spm]: Running flutter analyze...
Analyzing lib...                                                

   info • The part-of directive uses a library name. Try converting the directive to use the URI of the library • lib/dependencies.dart:46:1 • use_string_in_part_of_directives
   info • The variable name 'EEEE' isn't a lowerCamelCase identifier. Try changing the name to follow the lowerCamelCase style • lib/dependencies.dart:164:14 • non_constant_identifier_names
   info • The variable name 'EEEEE' isn't a lowerCamelCase identifier. Try changing the name to follow the lowerCamelCase style • lib/dependencies.dart:165:14 • non_constant_identifier_names
   info • The variable name 'LLL' isn't a lowerCamelCase identifier. Try changing the name to follow the lowerCamelCase style • lib/dependencies.dart:166:14 • non_constant_identifier_names
   info • The variable name 'LLLL' isn't a lowerCamelCase identifier. Try changing the name to follow the lowerCamelCase style • lib/dependencies.dart:167:14 • non_constant_identifier_names
   info • The variable name 'Md' isn't a lowerCamelCase identifier. Try changing the name to follow the lowerCamelCase style • lib/dependencies.dart:169:14 • non_constant_identifier_names
   info • The variable name 'MEd' isn't a lowerCamelCase identifier. Try changing the name to follow the lowerCamelCase style • lib/dependencies.dart:170:14 • non_constant_identifier_names
   info • The variable name 'MMM' isn't a lowerCamelCase identifier. Try changing the name to follow the lowerCamelCase style • lib/dependencies.dart:171:14 • non_constant_identifier_names
   info • The variable name 'MMMd' isn't a lowerCamelCase identifier. Try changing the name to follow the lowerCamelCase style • lib/dependencies.dart:172:14 • non_constant_identifier_names
   info • The variable name 'MMMEd' isn't a lowerCamelCase identifier. Try changing the name to follow the lowerCamelCase style • lib/dependencies.dart:173:14 • non_constant_identifier_names
   info • The variable name 'MMMM' isn't a lowerCamelCase identifier. Try changing the name to follow the lowerCamelCase style • lib/dependencies.dart:174:14 • non_constant_identifier_names
   info • The variable name 'MMMMd' isn't a lowerCamelCase identifier. Try changing the name to follow the lowerCamelCase style • lib/dependencies.dart:175:14 • non_constant_identifier_names
   info • The variable name 'MMMMEEEEd' isn't a lowerCamelCase identifier. Try changing the name to follow the lowerCamelCase style • lib/dependencies.dart:176:14 • non_constant_identifier_names
   info • The variable name 'QQQ' isn't a lowerCamelCase identifier. Try changing the name to follow the lowerCamelCase style • lib/dependencies.dart:177:14 • non_constant_identifier_names
   info • The variable name 'QQQQ' isn't a lowerCamelCase identifier. Try changing the name to follow the lowerCamelCase style • lib/dependencies.dart:178:14 • non_constant_identifier_names
   info • The variable name 'Hm' isn't a lowerCamelCase identifier. Try changing the name to follow the lowerCamelCase style • lib/dependencies.dart:192:14 • non_constant_identifier_names
   info • The variable name 'Hms' isn't a lowerCamelCase identifier. Try changing the name to follow the lowerCamelCase style • lib/dependencies.dart:193:14 • non_constant_identifier_names
   info • Library names are not necessary. Remove the library name • lib/generated_widget.dart:2:9 • unnecessary_library_name
   info • 'withOpacity' is deprecated and shouldn't be used. Use .withValues() to avoid precision loss. Try replacing the use of the deprecated member with the replacement • lib/generated_widget.dart:64:35 • deprecated_member_use
   info • 'withOpacity' is deprecated and shouldn't be used. Use .withValues() to avoid precision loss. Try replacing the use of the deprecated member with the replacement • lib/generated_widget.dart:164:44 • deprecated_member_use

[spm]: Injecting profiler code...
[spm]: Starting app...
Running Gradle task 'assembleProfile'...                        
Running Gradle task 'assembleProfile'...                           22.2s
✓ Built build/app/outputs/flutter-apk/app-profile.apk (26.8MB)
Installing build/app/outputs/flutter-apk/app-profile.apk...      1,244ms
D/DecorView[](19554): getWindowModeFromSystem  windowmode is 1
I/ForceDarkHelperStubImpl(19554): setViewRootImplForceDark: false for com.example.benchmark_container.MainActivity@e6f428d, reason: AppDarkModeEnable
I/ForceDarkHelperStubImpl(19554): setViewRootImplForceDark: false for com.example.benchmark_container.MainActivity@e6f428d, reason: AppDarkModeEnable
D/DecorView[](19554): getWindowModeFromSystem  windowmode is 1
D/DecorView[](19554): updateDecorCaptionStatus displayWindowDecor is false
W/Looper  (19554): PerfMonitor looperActivity : package=com.example.benchmark_container/.MainActivity time=344ms latency=359ms running=0ms  procState=-1  historyMsgCount=3 (msgIndex=3 wall=349ms seq=3 h=android.app.ActivityThread$H w=110)
W/Looper  (19554): PerfMonitor looperActivity : package=com.example.benchmark_container/.MainActivity time=0ms latency=704ms running=0ms  procState=-1  historyMsgCount=4 (msgIndex=3 wall=349ms seq=3 h=android.app.ActivityThread$H w=110) (msgIndex=4 wall=344ms seq=4 late=359ms h=android.app.ActivityThread$H w=159)
D/SurfaceView(19554): UPDATE null, mIsCastMode = false
D/hw-ProcessState(19554): Binder ioctl to enable oneway spam detection failed: Invalid argument
W/Looper  (19554): PerfMonitor longMsg : seq=8 plan=15:45:56.933 late=352ms wall=1639ms running=0ms h=android.view.Choreographer$FrameHandler c=android.view.Choreographer$FrameDisplayEventReceiver procState=-1
W/Looper  (19554): PerfMonitor doFrame : time=1639ms vsyncFrame=0 latency=352ms procState=-1 historyMsgCount=6 (msgIndex=2 wall=1639ms seq=8 late=352ms h=android.view.Choreographer$FrameHandler c=android.view.Choreographer$FrameDisplayEventReceiver) (msgIndex=3 wall=344ms seq=4 h=android.app.ActivityThread$H w=159)
I/Choreographer(19554): Skipped 93 frames!  The application may be doing too much work on its main thread.
D/SurfaceView(19554): UPDATE Surface(name=SurfaceView[com.example.benchmark_container/com.example.benchmark_container.MainActivity])/@0xca20cbb, mIsProjectionMode = false
W/Looper  (19554): PerfMonitor doFrame : time=3ms vsyncFrame=0 latency=1565ms procState=-1 historyMsgCount=4
[spm]: Connected to Dart VM service.
I/flutter (19554): 00:00 +0: Performance Benchmark
E/hmark_containe(19554): open libmigui.so failed! dlopen - dlopen failed: library "libmigui.so" not found
D/hmark_containe(19554): MiuiProcessManagerServiceStub setSchedFifo
I/MiuiProcessManagerImpl(19554): setSchedFifo pid:19554, mode:3
D/DecorView[](19554): onWindowFocusChanged hasWindowFocus true
D/DecorView[](19554): getWindowModeFromSystem  windowmode is 1
D/DecorView[](19554): updateDecorCaptionStatus displayWindowDecor is false
D/ProfileInstaller(19554): Installing profile for com.example.benchmark_container
[spm]: ProfilerData event received.
I/flutter (19554): [SPM:perf] 698a51a  buildSpan: 3986µs
I/flutter (19554): [spm] Performance monitoring completed for 698a51a
[spm]: ProfilerData event received.
I/flutter (19554): [SPM:perf] 698a51a  buildSpan: 4356µs
I/flutter (19554): [spm] Performance monitoring completed for 698a51a
[spm]: ProfilerData event received.
I/flutter (19554): [SPM:perf] 698a51a  buildSpan: 2621µs
I/flutter (19554): [spm] Performance monitoring completed for 698a51a
[spm]: ProfilerData event received.
I/flutter (19554): [SPM:perf] 698a51a  buildSpan: 4310µs
I/flutter (19554): [spm] Performance monitoring completed for 698a51a
[spm]: ProfilerData event received.
I/flutter (19554): [SPM:perf] 698a51a  buildSpan: 4265µs
I/flutter (19554): [spm] Performance monitoring completed for 698a51a
[spm]: ProfilerData event received.
I/flutter (19554): [SPM:perf] 698a51a  buildSpan: 4019µs
I/flutter (19554): [spm] Performance monitoring completed for 698a51a
[spm]: ProfilerData event received.
I/flutter (19554): [SPM:perf] 698a51a  buildSpan: 4719µs
I/flutter (19554): [spm] Performance monitoring completed for 698a51a
I/flutter (19554): [SPM:perf] 698a51a  buildSpan: 3722µs
[spm]: ProfilerData event received.
I/flutter (19554): [spm] Performance monitoring completed for 698a51a
[spm]: ProfilerData event received.
I/flutter (19554): [SPM:perf] 698a51a  buildSpan: 4312µs
I/flutter (19554): [spm] Performance monitoring completed for 698a51a
[spm]: ProfilerData event received.
I/flutter (19554): [SPM:perf] 698a51a  buildSpan: 4505µs
I/flutter (19554): [spm] Performance monitoring completed for 698a51a
[spm]: ProfilerData event received.
I/flutter (19554): [SPM:perf] 698a51a  buildSpan: 3946µs
I/flutter (19554): [spm] Performance monitoring completed for 698a51a
[spm]: ProfilerData event received.
I/flutter (19554): [SPM:perf] 698a51a  buildSpan: 3692µs
I/flutter (19554): [spm] Performance monitoring completed for 698a51a
[spm]: ProfilerData event received.
I/flutter (19554): [SPM:perf] 698a51a  buildSpan: 2792µs
I/flutter (19554): [spm] Performance monitoring completed for 698a51a
[spm]: ProfilerData event received.
I/flutter (19554): [SPM:perf] 698a51a  buildSpan: 3190µs
I/flutter (19554): [spm] Performance monitoring completed for 698a51a
[spm]: ProfilerData event received.
I/flutter (19554): [SPM:perf] 698a51a  buildSpan: 4571µs
I/flutter (19554): [spm] Performance monitoring completed for 698a51a
[spm]: ProfilerData event received.
I/flutter (19554): [SPM:perf] 698a51a  buildSpan: 4844µs
I/flutter (19554): [spm] Performance monitoring completed for 698a51a
[spm]: ProfilerData event received.
I/flutter (19554): [SPM:perf] 698a51a  buildSpan: 4263µs
I/flutter (19554): [spm] Performance monitoring completed for 698a51a
[spm]: ProfilerData event received.
I/flutter (19554): [SPM:perf] 698a51a  buildSpan: 3816µs
I/flutter (19554): [spm] Performance monitoring completed for 698a51a
[spm]: ProfilerData event received.
I/flutter (19554): [SPM:perf] 698a51a  buildSpan: 3657µs
I/flutter (19554): [spm] Performance monitoring completed for 698a51a
[spm]: ProfilerData event received.
I/flutter (19554): [SPM:perf] 698a51a  buildSpan: 3561µs
I/flutter (19554): [spm] Performance monitoring completed for 698a51a
[spm]: ProfilerData event received.
I/flutter (19554): [SPM:perf] 698a51a  buildSpan: 4615µs
I/flutter (19554): [spm] Performance monitoring completed for 698a51a
[spm]: ProfilerData event received.
I/flutter (19554): [SPM:perf] 698a51a  buildSpan: 4527µs
I/flutter (19554): [spm] Performance monitoring completed for 698a51a
I/flutter (19554): [SPM:perf] 698a51a  buildSpan: 4292µs
I/flutter (19554): [spm] Performance monitoring completed for 698a51a
[spm]: ProfilerData event received.
[spm]: ProfilerData event received.
I/flutter (19554): [SPM:perf] 698a51a  buildSpan: 4239µs
I/flutter (19554): [spm] Performance monitoring completed for 698a51a
[spm]: ProfilerData event received.
I/flutter (19554): [SPM:perf] 698a51a  buildSpan: 4280µs
I/flutter (19554): [spm] Performance monitoring completed for 698a51a
[spm]: ProfilerData event received.
I/flutter (19554): [SPM:perf] 698a51a  buildSpan: 3936µs
I/flutter (19554): [spm] Performance monitoring completed for 698a51a
I/flutter (19554): [SPM:perf] 698a51a  buildSpan: 4230µs
I/flutter (19554): [spm] Performance monitoring completed for 698a51a
[spm]: ProfilerData event received.
I/flutter (19554): [SPM:perf] 698a51a  buildSpan: 3937µs
[spm]: ProfilerData event received.
I/flutter (19554): [spm] Performance monitoring completed for 698a51a
[spm]: ProfilerData event received.
I/flutter (19554): [SPM:perf] 698a51a  buildSpan: 4541µs
I/flutter (19554): [spm] Performance monitoring completed for 698a51a
[spm]: ProfilerData event received.
I/flutter (19554): [SPM:perf] 698a51a  buildSpan: 3309µs
I/flutter (19554): [spm] Performance monitoring completed for 698a51a
I/flutter (19554): 01:10 +1: (tearDownAll)
I/flutter (19554): 01:11 +2: All tests passed!
All tests passed.
[spm]: Saved 30 profiler events to <ROOT>/dataset-new_samples/0349/redmi9t/raw/20260910-150350/rev_002_ae402f3c/e14.jsonl
[spm]: Reverting injection...
20 issues found. (ran in 0.6s)
WARNING: Your Android app project: app located at: <ROOT>/android/app/build.gradle.kts
applies the Kotlin Gradle Plugin, which will cause build failures in future versions of Flutter. 
Please migrate your app to Built-in Kotlin using this guide: https://docs.flutter.dev/release/breaking-changes/migrate-to-built-in-kotlin/for-app-developers

VMServiceFlutterDriver: Connecting to Flutter application at http://127.0.0.1:45995/hQiNGZzd7tk=/
[spm]: Detected VM service URI: ws://127.0.0.1:45995/hQiNGZzd7tk=/ws
VMServiceFlutterDriver: Isolate found with number: 2660004920401059
VMServiceFlutterDriver: Isolate 2660004920401059 is runnable.
VMServiceFlutterDriver: Isolate is paused at start.
VMServiceFlutterDriver: Attempting to resume isolate
VMServiceFlutterDriver: Connected to Flutter application.
VMServiceFlutterDriver: request_data message is taking a long time to complete...