# sample_id=2052/rev_001_20915456 exec_index=1 ok=True perf_lines=30 vm_events=30 battery_pct=80 soc_temp_millic=41400 battery_temp_c=33.8 charging=False preflight_started=2026-09-12T14:04:31.835459+00:00 started=2026-09-12T14:04:34.549946+00:00 ts=2026-09-12T14:06:35.540620+00:00
[spm]: Running flutter analyze...
Resolving dependencies...
Downloading packages...
  _fe_analyzer_shared 100.0.0 (108.0.0 available)
  analyzer 13.0.0 (14.4.0 available)
  async 2.13.0 (2.13.1 available)
  clock 1.1.2 (1.1.3 available)
  cupertino_icons 1.0.8 (1.0.9 available)
  glob 2.1.3 (2.2.0 available)
  lints 6.0.0 (6.1.0 available)
  matcher 0.12.19 (0.12.20 available)
  material_color_utilities 0.13.0 (0.13.1 available)
  meta 1.18.0 (1.19.0 available)
  package_config 2.2.0 (3.0.0 available)
  platform 3.1.6 (3.2.0 available)
  process 5.0.5 (5.0.6 available)
  pub_semver 2.2.0 (2.2.1 available)
  source_span 1.10.1 (1.10.2 available)
  stack_trace 1.12.1 (1.12.2 available)
  test_api 0.7.11 (0.7.14 available)
  vector_math 2.2.0 (2.4.2 available)
  vm_service 15.0.2 (15.3.0 available)
  webdriver 3.1.0 (3.2.0 available)
  yaml 3.1.3 (3.1.4 available)
Got dependencies!
21 packages have newer versions incompatible with dependency constraints.
Try `flutter pub outdated` for more information.
Analyzing lib...                                                

   info • The part-of directive uses a library name. Try converting the directive to use the URI of the library • lib/dependencies.dart:46:1 • use_string_in_part_of_directives
   info • The type parameter name 'State' matches a visible type name. Try changing the type parameter name to not match an existing type • lib/dependencies.dart:183:19 • avoid_types_as_parameter_names
   info • Library names are not necessary. Remove the library name • lib/generated_widget.dart:2:9 • unnecessary_library_name
   info • Constructors in '@immutable' classes should be declared as 'const'. Try adding 'const' to the constructor declaration • lib/generated_widget.dart:11:3 • prefer_const_constructors_in_immutables

[spm]: Injecting profiler code...
[spm]: Starting app...
Running Gradle task 'assembleProfile'...                        
Running Gradle task 'assembleProfile'...                           20.5s
✓ Built build/app/outputs/flutter-apk/app-profile.apk (26.8MB)
Installing build/app/outputs/flutter-apk/app-profile.apk...      1,163ms
D/DecorView[](23911): getWindowModeFromSystem  windowmode is 1
I/ForceDarkHelperStubImpl(23911): setViewRootImplForceDark: false for com.example.benchmark_container.MainActivity@e6f428d, reason: AppDarkModeEnable
I/ForceDarkHelperStubImpl(23911): setViewRootImplForceDark: false for com.example.benchmark_container.MainActivity@e6f428d, reason: AppDarkModeEnable
D/DecorView[](23911): getWindowModeFromSystem  windowmode is 1
D/DecorView[](23911): updateDecorCaptionStatus displayWindowDecor is false
W/Looper  (23911): PerfMonitor looperActivity : package=com.example.benchmark_container/.MainActivity time=365ms latency=382ms running=0ms  procState=-1  historyMsgCount=2 (msgIndex=1 wall=365ms seq=4 late=382ms h=android.app.ActivityThread$H w=159) (msgIndex=2 wall=385ms seq=3 h=android.app.ActivityThread$H w=110)
W/Looper  (23911): PerfMonitor looperActivity : package=com.example.benchmark_container/.MainActivity time=1ms latency=748ms running=0ms  procState=-1  historyMsgCount=4 (msgIndex=2 wall=365ms seq=4 late=382ms h=android.app.ActivityThread$H w=159) (msgIndex=3 wall=385ms seq=3 h=android.app.ActivityThread$H w=110) (msgIndex=4 wall=365ms seq=4 late=382ms h=android.app.ActivityThread$H w=159)
D/SurfaceView(23911): UPDATE null, mIsCastMode = false
D/hw-ProcessState(23911): Binder ioctl to enable oneway spam detection failed: Invalid argument
W/Looper  (23911): PerfMonitor longMsg : seq=8 plan=17:05:11.556 late=373ms wall=1685ms running=0ms h=android.view.Choreographer$FrameHandler c=android.view.Choreographer$FrameDisplayEventReceiver procState=-1
W/Looper  (23911): PerfMonitor doFrame : time=1685ms vsyncFrame=0 latency=373ms procState=-1 historyMsgCount=7 (msgIndex=2 wall=365ms seq=4 h=android.app.ActivityThread$H w=159) (msgIndex=3 wall=1685ms seq=8 late=373ms h=android.view.Choreographer$FrameHandler c=android.view.Choreographer$FrameDisplayEventReceiver) (msgIndex=4 wall=365ms seq=4 h=android.app.ActivityThread$H w=159)
I/Choreographer(23911): Skipped 95 frames!  The application may be doing too much work on its main thread.
D/SurfaceView(23911): UPDATE Surface(name=SurfaceView[com.example.benchmark_container/com.example.benchmark_container.MainActivity])/@0xca20cbb, mIsProjectionMode = false
W/Looper  (23911): PerfMonitor doFrame : time=3ms vsyncFrame=0 latency=1597ms procState=-1 historyMsgCount=4
[spm]: Connected to Dart VM service.
I/flutter (23911): 00:00 +0: Performance Benchmark
E/hmark_containe(23911): open libmigui.so failed! dlopen - dlopen failed: library "libmigui.so" not found
D/hmark_containe(23911): MiuiProcessManagerServiceStub setSchedFifo
I/MiuiProcessManagerImpl(23911): setSchedFifo pid:23911, mode:3
D/DecorView[](23911): onWindowFocusChanged hasWindowFocus true
D/DecorView[](23911): getWindowModeFromSystem  windowmode is 1
D/DecorView[](23911): updateDecorCaptionStatus displayWindowDecor is false
D/ProfileInstaller(23911): Installing profile for com.example.benchmark_container
[spm]: ProfilerData event received.
I/flutter (23911): [SPM:perf] 698a51a  buildSpan: 1696µs
I/flutter (23911): [spm] Performance monitoring completed for 698a51a
[spm]: ProfilerData event received.
I/flutter (23911): [SPM:perf] 698a51a  buildSpan: 1651µs
I/flutter (23911): [spm] Performance monitoring completed for 698a51a
[spm]: ProfilerData event received.
I/flutter (23911): [SPM:perf] 698a51a  buildSpan: 1379µs
I/flutter (23911): [spm] Performance monitoring completed for 698a51a
[spm]: ProfilerData event received.
I/flutter (23911): [SPM:perf] 698a51a  buildSpan: 1434µs
I/flutter (23911): [spm] Performance monitoring completed for 698a51a
[spm]: ProfilerData event received.
I/flutter (23911): [SPM:perf] 698a51a  buildSpan: 971µs
I/flutter (23911): [spm] Performance monitoring completed for 698a51a
I/flutter (23911): [SPM:perf] 698a51a  buildSpan: 1433µs
I/flutter (23911): [spm] Performance monitoring completed for 698a51a
[spm]: ProfilerData event received.
I/flutter (23911): [SPM:perf] 698a51a  buildSpan: 1607µs
I/flutter (23911): [spm] Performance monitoring completed for 698a51a
[spm]: ProfilerData event received.
[spm]: ProfilerData event received.
I/flutter (23911): [SPM:perf] 698a51a  buildSpan: 1360µs
I/flutter (23911): [spm] Performance monitoring completed for 698a51a
I/flutter (23911): [SPM:perf] 698a51a  buildSpan: 1345µs
I/flutter (23911): [spm] Performance monitoring completed for 698a51a
[spm]: ProfilerData event received.
I/flutter (23911): [SPM:perf] 698a51a  buildSpan: 899µs
I/flutter (23911): [spm] Performance monitoring completed for 698a51a
[spm]: ProfilerData event received.
[spm]: ProfilerData event received.
I/flutter (23911): [SPM:perf] 698a51a  buildSpan: 6079µs
I/flutter (23911): [spm] Performance monitoring completed for 698a51a
[spm]: ProfilerData event received.
I/flutter (23911): [SPM:perf] 698a51a  buildSpan: 1594µs
I/flutter (23911): [spm] Performance monitoring completed for 698a51a
I/flutter (23911): [SPM:perf] 698a51a  buildSpan: 1545µs
I/flutter (23911): [spm] Performance monitoring completed for 698a51a
[spm]: ProfilerData event received.
I/flutter (23911): [SPM:perf] 698a51a  buildSpan: 1071µs
I/flutter (23911): [spm] Performance monitoring completed for 698a51a
[spm]: ProfilerData event received.
[spm]: ProfilerData event received.
I/flutter (23911): [SPM:perf] 698a51a  buildSpan: 1379µs
I/flutter (23911): [spm] Performance monitoring completed for 698a51a
I/flutter (23911): [SPM:perf] 698a51a  buildSpan: 943µs
[spm]: ProfilerData event received.
I/flutter (23911): [spm] Performance monitoring completed for 698a51a
[spm]: ProfilerData event received.
I/flutter (23911): [SPM:perf] 698a51a  buildSpan: 1405µs
I/flutter (23911): [spm] Performance monitoring completed for 698a51a
[spm]: ProfilerData event received.
I/flutter (23911): [SPM:perf] 698a51a  buildSpan: 1009µs
I/flutter (23911): [spm] Performance monitoring completed for 698a51a
[spm]: ProfilerData event received.
I/flutter (23911): [SPM:perf] 698a51a  buildSpan: 1433µs
I/flutter (23911): [spm] Performance monitoring completed for 698a51a
[spm]: ProfilerData event received.
I/flutter (23911): [SPM:perf] 698a51a  buildSpan: 1390µs
I/flutter (23911): [spm] Performance monitoring completed for 698a51a
[spm]: ProfilerData event received.
I/flutter (23911): [SPM:perf] 698a51a  buildSpan: 1007µs
I/flutter (23911): [spm] Performance monitoring completed for 698a51a
[spm]: ProfilerData event received.
I/flutter (23911): [SPM:perf] 698a51a  buildSpan: 1169µs
I/flutter (23911): [spm] Performance monitoring completed for 698a51a
[spm]: ProfilerData event received.
I/flutter (23911): [SPM:perf] 698a51a  buildSpan: 1588µs
I/flutter (23911): [spm] Performance monitoring completed for 698a51a
I/flutter (23911): [SPM:perf] 698a51a  buildSpan: 951µs
I/flutter (23911): [spm] Performance monitoring completed for 698a51a
[spm]: ProfilerData event received.
[spm]: ProfilerData event received.
I/flutter (23911): [SPM:perf] 698a51a  buildSpan: 909µs
I/flutter (23911): [spm] Performance monitoring completed for 698a51a
I/flutter (23911): [SPM:perf] 698a51a  buildSpan: 858µs
I/flutter (23911): [spm] Performance monitoring completed for 698a51a
[spm]: ProfilerData event received.
[spm]: ProfilerData event received.
I/flutter (23911): [SPM:perf] 698a51a  buildSpan: 1026µs
I/flutter (23911): [spm] Performance monitoring completed for 698a51a
[spm]: ProfilerData event received.
I/flutter (23911): [SPM:perf] 698a51a  buildSpan: 1486µs
I/flutter (23911): [spm] Performance monitoring completed for 698a51a
[spm]: ProfilerData event received.
I/flutter (23911): [SPM:perf] 698a51a  buildSpan: 1366µs
I/flutter (23911): [spm] Performance monitoring completed for 698a51a
[spm]: ProfilerData event received.
I/flutter (23911): [SPM:perf] 698a51a  buildSpan: 1607µs
I/flutter (23911): [spm] Performance monitoring completed for 698a51a
I/flutter (23911): 01:10 +1: (tearDownAll)
I/flutter (23911): 01:11 +2: All tests passed!
All tests passed.
[spm]: Saved 30 profiler events to <ROOT>/dataset-new_samples/2052/redmi9t/raw/20260912-163321/rev_001_20915456/e1.jsonl
[spm]: Reverting injection...
4 issues found. (ran in 0.5s)
WARNING: Your Android app project: app located at: <ROOT>/android/app/build.gradle.kts
applies the Kotlin Gradle Plugin, which will cause build failures in future versions of Flutter. 
Please migrate your app to Built-in Kotlin using this guide: https://docs.flutter.dev/release/breaking-changes/migrate-to-built-in-kotlin/for-app-developers

VMServiceFlutterDriver: Connecting to Flutter application at http://127.0.0.1:34677/1UMClmBvTmg=/
[spm]: Detected VM service URI: ws://127.0.0.1:34677/1UMClmBvTmg=/ws
VMServiceFlutterDriver: Isolate found with number: 6037363183822927
VMServiceFlutterDriver: Isolate 6037363183822927 is runnable.
VMServiceFlutterDriver: Isolate is paused at start.
VMServiceFlutterDriver: Attempting to resume isolate
VMServiceFlutterDriver: Connected to Flutter application.
VMServiceFlutterDriver: request_data message is taking a long time to complete...