# sample_id=2052/rev_001_20915456 exec_index=3 ok=True perf_lines=30 vm_events=30 battery_pct=78 soc_temp_millic=39800 battery_temp_c=33.6 charging=False preflight_started=2026-09-12T14:28:18.678040+00:00 started=2026-09-12T14:28:21.398901+00:00 ts=2026-09-12T14:30:03.196763+00:00
[spm]: Running flutter analyze...
Resolving dependencies...
Downloading packages...
  _fe_analyzer_shared 100.0.0 (108.0.0 available)
  analyzer 13.0.0 (14.4.0 available)
  async 2.13.0 (2.13.1 available)
  clock 1.1.2 (1.1.3 available)
  cupertino_icons 1.0.8 (1.0.9 available)
  glob 2.1.3 (2.2.0 available)
  lints 6.0.0 (6.1.0 available)
  matcher 0.12.19 (0.12.20 available)
  material_color_utilities 0.13.0 (0.13.1 available)
  meta 1.18.0 (1.19.0 available)
  package_config 2.2.0 (3.0.0 available)
  platform 3.1.6 (3.2.0 available)
  process 5.0.5 (5.0.6 available)
  pub_semver 2.2.0 (2.2.1 available)
  source_span 1.10.1 (1.10.2 available)
  stack_trace 1.12.1 (1.12.2 available)
  test_api 0.7.11 (0.7.14 available)
  vector_math 2.2.0 (2.4.2 available)
  vm_service 15.0.2 (15.3.0 available)
  webdriver 3.1.0 (3.2.0 available)
  yaml 3.1.3 (3.1.4 available)
Got dependencies!
21 packages have newer versions incompatible with dependency constraints.
Try `flutter pub outdated` for more information.
Analyzing lib...                                                

   info • The part-of directive uses a library name. Try converting the directive to use the URI of the library • lib/dependencies.dart:46:1 • use_string_in_part_of_directives
   info • The type parameter name 'State' matches a visible type name. Try changing the type parameter name to not match an existing type • lib/dependencies.dart:183:19 • avoid_types_as_parameter_names
   info • Library names are not necessary. Remove the library name • lib/generated_widget.dart:2:9 • unnecessary_library_name
   info • Constructors in '@immutable' classes should be declared as 'const'. Try adding 'const' to the constructor declaration • lib/generated_widget.dart:11:3 • prefer_const_constructors_in_immutables

[spm]: Injecting profiler code...
[spm]: Starting app...
Running Gradle task 'assembleProfile'...                        
Running Gradle task 'assembleProfile'...                         1,802ms
✓ Built build/app/outputs/flutter-apk/app-profile.apk (26.8MB)
Installing build/app/outputs/flutter-apk/app-profile.apk...      1,203ms
D/DecorView[]( 6094): getWindowModeFromSystem  windowmode is 1
I/ForceDarkHelperStubImpl( 6094): setViewRootImplForceDark: false for com.example.benchmark_container.MainActivity@e6f428d, reason: AppDarkModeEnable
I/ForceDarkHelperStubImpl( 6094): setViewRootImplForceDark: false for com.example.benchmark_container.MainActivity@e6f428d, reason: AppDarkModeEnable
D/DecorView[]( 6094): getWindowModeFromSystem  windowmode is 1
D/DecorView[]( 6094): updateDecorCaptionStatus displayWindowDecor is false
W/Looper  ( 6094): PerfMonitor looperActivity : package=com.example.benchmark_container/.MainActivity time=339ms latency=351ms running=0ms  procState=-1  historyMsgCount=2 (msgIndex=1 wall=339ms seq=4 late=351ms h=android.app.ActivityThread$H w=159) (msgIndex=2 wall=353ms seq=3 h=android.app.ActivityThread$H w=110)
W/Looper  ( 6094): PerfMonitor looperActivity : package=com.example.benchmark_container/.MainActivity time=0ms latency=691ms running=0ms  procState=-1  historyMsgCount=4 (msgIndex=2 wall=339ms seq=4 late=351ms h=android.app.ActivityThread$H w=159) (msgIndex=3 wall=353ms seq=3 h=android.app.ActivityThread$H w=110) (msgIndex=4 wall=339ms seq=4 late=351ms h=android.app.ActivityThread$H w=159)
D/SurfaceView( 6094): UPDATE null, mIsCastMode = false
D/hw-ProcessState( 6094): Binder ioctl to enable oneway spam detection failed: Invalid argument
W/Looper  ( 6094): PerfMonitor longMsg : seq=8 plan=17:28:39.587 late=345ms wall=1655ms running=0ms h=android.view.Choreographer$FrameHandler c=android.view.Choreographer$FrameDisplayEventReceiver procState=-1
W/Looper  ( 6094): PerfMonitor doFrame : time=1655ms vsyncFrame=0 latency=345ms procState=-1 historyMsgCount=7 (msgIndex=2 wall=339ms seq=4 h=android.app.ActivityThread$H w=159) (msgIndex=3 wall=1655ms seq=8 late=345ms h=android.view.Choreographer$FrameHandler c=android.view.Choreographer$FrameDisplayEventReceiver) (msgIndex=4 wall=339ms seq=4 h=android.app.ActivityThread$H w=159)
I/Choreographer( 6094): Skipped 94 frames!  The application may be doing too much work on its main thread.
D/SurfaceView( 6094): UPDATE Surface(name=SurfaceView[com.example.benchmark_container/com.example.benchmark_container.MainActivity])/@0xca20cbb, mIsProjectionMode = false
W/Looper  ( 6094): PerfMonitor doFrame : time=3ms vsyncFrame=0 latency=1572ms procState=-1 historyMsgCount=4
[spm]: Connected to Dart VM service.
I/flutter ( 6094): 00:00 +0: Performance Benchmark
E/hmark_containe( 6094): open libmigui.so failed! dlopen - dlopen failed: library "libmigui.so" not found
D/hmark_containe( 6094): MiuiProcessManagerServiceStub setSchedFifo
I/MiuiProcessManagerImpl( 6094): setSchedFifo pid:6094, mode:3
D/DecorView[]( 6094): onWindowFocusChanged hasWindowFocus true
D/DecorView[]( 6094): getWindowModeFromSystem  windowmode is 1
D/DecorView[]( 6094): updateDecorCaptionStatus displayWindowDecor is false
D/ProfileInstaller( 6094): Installing profile for com.example.benchmark_container
[spm]: ProfilerData event received.
I/flutter ( 6094): [SPM:perf] 698a51a  buildSpan: 1478µs
I/flutter ( 6094): [spm] Performance monitoring completed for 698a51a
[spm]: ProfilerData event received.
I/flutter ( 6094): [SPM:perf] 698a51a  buildSpan: 1613µs
I/flutter ( 6094): [spm] Performance monitoring completed for 698a51a
[spm]: ProfilerData event received.
I/flutter ( 6094): [SPM:perf] 698a51a  buildSpan: 1384µs
I/flutter ( 6094): [spm] Performance monitoring completed for 698a51a
[spm]: ProfilerData event received.
I/flutter ( 6094): [SPM:perf] 698a51a  buildSpan: 1403µs
I/flutter ( 6094): [spm] Performance monitoring completed for 698a51a
[spm]: ProfilerData event received.
I/flutter ( 6094): [SPM:perf] 698a51a  buildSpan: 1375µs
I/flutter ( 6094): [spm] Performance monitoring completed for 698a51a
I/flutter ( 6094): [SPM:perf] 698a51a  buildSpan: 1385µs
I/flutter ( 6094): [spm] Performance monitoring completed for 698a51a
[spm]: ProfilerData event received.
[spm]: ProfilerData event received.
I/flutter ( 6094): [SPM:perf] 698a51a  buildSpan: 1390µs
I/flutter ( 6094): [spm] Performance monitoring completed for 698a51a
[spm]: ProfilerData event received.
I/flutter ( 6094): [SPM:perf] 698a51a  buildSpan: 1373µs
I/flutter ( 6094): [spm] Performance monitoring completed for 698a51a
I/flutter ( 6094): [SPM:perf] 698a51a  buildSpan: 979µs
[spm]: ProfilerData event received.
I/flutter ( 6094): [spm] Performance monitoring completed for 698a51a
[spm]: ProfilerData event received.
I/flutter ( 6094): [SPM:perf] 698a51a  buildSpan: 1438µs
I/flutter ( 6094): [spm] Performance monitoring completed for 698a51a
[spm]: ProfilerData event received.
I/flutter ( 6094): [SPM:perf] 698a51a  buildSpan: 4919µs
I/flutter ( 6094): [spm] Performance monitoring completed for 698a51a
[spm]: ProfilerData event received.
I/flutter ( 6094): [SPM:perf] 698a51a  buildSpan: 1522µs
I/flutter ( 6094): [spm] Performance monitoring completed for 698a51a
[spm]: ProfilerData event received.
I/flutter ( 6094): [SPM:perf] 698a51a  buildSpan: 1142µs
I/flutter ( 6094): [spm] Performance monitoring completed for 698a51a
[spm]: ProfilerData event received.
I/flutter ( 6094): [SPM:perf] 698a51a  buildSpan: 969µs
I/flutter ( 6094): [spm] Performance monitoring completed for 698a51a
[spm]: ProfilerData event received.
I/flutter ( 6094): [SPM:perf] 698a51a  buildSpan: 941µs
I/flutter ( 6094): [spm] Performance monitoring completed for 698a51a
[spm]: ProfilerData event received.
I/flutter ( 6094): [SPM:perf] 698a51a  buildSpan: 1262µs
I/flutter ( 6094): [spm] Performance monitoring completed for 698a51a
[spm]: ProfilerData event received.
I/flutter ( 6094): [SPM:perf] 698a51a  buildSpan: 1620µs
I/flutter ( 6094): [spm] Performance monitoring completed for 698a51a
I/flutter ( 6094): [SPM:perf] 698a51a  buildSpan: 977µs
[spm]: ProfilerData event received.
I/flutter ( 6094): [spm] Performance monitoring completed for 698a51a
[spm]: ProfilerData event received.
I/flutter ( 6094): [SPM:perf] 698a51a  buildSpan: 989µs
I/flutter ( 6094): [spm] Performance monitoring completed for 698a51a
[spm]: ProfilerData event received.
I/flutter ( 6094): [SPM:perf] 698a51a  buildSpan: 1088µs
I/flutter ( 6094): [spm] Performance monitoring completed for 698a51a
[spm]: ProfilerData event received.
I/flutter ( 6094): [SPM:perf] 698a51a  buildSpan: 1422µs
I/flutter ( 6094): [spm] Performance monitoring completed for 698a51a
[spm]: ProfilerData event received.
I/flutter ( 6094): [SPM:perf] 698a51a  buildSpan: 1667µs
I/flutter ( 6094): [spm] Performance monitoring completed for 698a51a
I/flutter ( 6094): [SPM:perf] 698a51a  buildSpan: 1557µs
I/flutter ( 6094): [spm] Performance monitoring completed for 698a51a
[spm]: ProfilerData event received.
[spm]: ProfilerData event received.
I/flutter ( 6094): [SPM:perf] 698a51a  buildSpan: 1387µs
I/flutter ( 6094): [spm] Performance monitoring completed for 698a51a
I/flutter ( 6094): [SPM:perf] 698a51a  buildSpan: 1457µs
[spm]: ProfilerData event received.
I/flutter ( 6094): [spm] Performance monitoring completed for 698a51a
[spm]: ProfilerData event received.
I/flutter ( 6094): [SPM:perf] 698a51a  buildSpan: 1392µs
I/flutter ( 6094): [spm] Performance monitoring completed for 698a51a
[spm]: ProfilerData event received.
I/flutter ( 6094): [SPM:perf] 698a51a  buildSpan: 1432µs
I/flutter ( 6094): [spm] Performance monitoring completed for 698a51a
[spm]: ProfilerData event received.
I/flutter ( 6094): [SPM:perf] 698a51a  buildSpan: 1435µs
I/flutter ( 6094): [spm] Performance monitoring completed for 698a51a
I/flutter ( 6094): [SPM:perf] 698a51a  buildSpan: 1368µs
I/flutter ( 6094): [spm] Performance monitoring completed for 698a51a
[spm]: ProfilerData event received.
[spm]: ProfilerData event received.
I/flutter ( 6094): [SPM:perf] 698a51a  buildSpan: 1035µs
I/flutter ( 6094): [spm] Performance monitoring completed for 698a51a
I/flutter ( 6094): 01:10 +1: (tearDownAll)
I/flutter ( 6094): 01:11 +2: All tests passed!
All tests passed.
[spm]: Saved 30 profiler events to <ROOT>/dataset-new_samples/2052/redmi9t/raw/20260912-163321/rev_001_20915456/e3.jsonl
[spm]: Reverting injection...
4 issues found. (ran in 0.5s)
WARNING: Your Android app project: app located at: <ROOT>/android/app/build.gradle.kts
applies the Kotlin Gradle Plugin, which will cause build failures in future versions of Flutter. 
Please migrate your app to Built-in Kotlin using this guide: https://docs.flutter.dev/release/breaking-changes/migrate-to-built-in-kotlin/for-app-developers

VMServiceFlutterDriver: Connecting to Flutter application at http://127.0.0.1:42197/ubSUn8Lp_y8=/
[spm]: Detected VM service URI: ws://127.0.0.1:42197/ubSUn8Lp_y8=/ws
VMServiceFlutterDriver: Isolate found with number: 6185155313721315
VMServiceFlutterDriver: Isolate 6185155313721315 is runnable.
VMServiceFlutterDriver: Isolate is paused at start.
VMServiceFlutterDriver: Attempting to resume isolate
VMServiceFlutterDriver: Connected to Flutter application.
VMServiceFlutterDriver: request_data message is taking a long time to complete...