# sample_id=2052/rev_001_20915456 exec_index=8 ok=True perf_lines=30 vm_events=30 battery_pct=78 soc_temp_millic=46000 battery_temp_c=33.4 charging=False preflight_started=2026-09-12T14:22:24.606385+00:00 started=2026-09-12T14:22:27.098007+00:00 ts=2026-09-12T14:24:09.688099+00:00
[spm]: Running flutter analyze...
Resolving dependencies...
Downloading packages...
  _fe_analyzer_shared 100.0.0 (108.0.0 available)
  analyzer 13.0.0 (14.4.0 available)
  async 2.13.0 (2.13.1 available)
  clock 1.1.2 (1.1.3 available)
  cupertino_icons 1.0.8 (1.0.9 available)
  glob 2.1.3 (2.2.0 available)
  lints 6.0.0 (6.1.0 available)
  matcher 0.12.19 (0.12.20 available)
  material_color_utilities 0.13.0 (0.13.1 available)
  meta 1.18.0 (1.19.0 available)
  package_config 2.2.0 (3.0.0 available)
  platform 3.1.6 (3.2.0 available)
  process 5.0.5 (5.0.6 available)
  pub_semver 2.2.0 (2.2.1 available)
  source_span 1.10.1 (1.10.2 available)
  stack_trace 1.12.1 (1.12.2 available)
  test_api 0.7.11 (0.7.14 available)
  vector_math 2.2.0 (2.4.2 available)
  vm_service 15.0.2 (15.3.0 available)
  webdriver 3.1.0 (3.2.0 available)
  yaml 3.1.3 (3.1.4 available)
Got dependencies!
21 packages have newer versions incompatible with dependency constraints.
Try `flutter pub outdated` for more information.
Analyzing lib...                                                

   info • The part-of directive uses a library name. Try converting the directive to use the URI of the library • lib/dependencies.dart:46:1 • use_string_in_part_of_directives
   info • The type parameter name 'State' matches a visible type name. Try changing the type parameter name to not match an existing type • lib/dependencies.dart:183:19 • avoid_types_as_parameter_names
   info • Library names are not necessary. Remove the library name • lib/generated_widget.dart:2:9 • unnecessary_library_name
   info • Constructors in '@immutable' classes should be declared as 'const'. Try adding 'const' to the constructor declaration • lib/generated_widget.dart:11:3 • prefer_const_constructors_in_immutables

[spm]: Injecting profiler code...
[spm]: Starting app...
Running Gradle task 'assembleProfile'...                        
Running Gradle task 'assembleProfile'...                         1,808ms
✓ Built build/app/outputs/flutter-apk/app-profile.apk (26.8MB)
Installing build/app/outputs/flutter-apk/app-profile.apk...      1,199ms
D/DecorView[](16635): getWindowModeFromSystem  windowmode is 1
I/ForceDarkHelperStubImpl(16635): setViewRootImplForceDark: false for com.example.benchmark_container.MainActivity@e6f428d, reason: AppDarkModeEnable
I/ForceDarkHelperStubImpl(16635): setViewRootImplForceDark: false for com.example.benchmark_container.MainActivity@e6f428d, reason: AppDarkModeEnable
D/DecorView[](16635): getWindowModeFromSystem  windowmode is 1
D/DecorView[](16635): updateDecorCaptionStatus displayWindowDecor is false
W/Looper  (16635): PerfMonitor looperActivity : package=com.example.benchmark_container/.MainActivity time=335ms latency=349ms running=0ms  procState=-1  historyMsgCount=3 (msgIndex=3 wall=346ms seq=3 h=android.app.ActivityThread$H w=110)
W/Looper  (16635): PerfMonitor looperActivity : package=com.example.benchmark_container/.MainActivity time=1ms latency=685ms running=0ms  procState=-1  historyMsgCount=4 (msgIndex=3 wall=346ms seq=3 h=android.app.ActivityThread$H w=110) (msgIndex=4 wall=335ms seq=4 late=349ms h=android.app.ActivityThread$H w=159)
D/SurfaceView(16635): UPDATE null, mIsCastMode = false
D/hw-ProcessState(16635): Binder ioctl to enable oneway spam detection failed: Invalid argument
W/Looper  (16635): PerfMonitor longMsg : seq=8 plan=17:22:45.779 late=346ms wall=1662ms running=0ms h=android.view.Choreographer$FrameHandler c=android.view.Choreographer$FrameDisplayEventReceiver procState=-1
W/Looper  (16635): PerfMonitor doFrame : time=1662ms vsyncFrame=0 latency=346ms procState=-1 historyMsgCount=7 (msgIndex=3 wall=1662ms seq=8 late=346ms h=android.view.Choreographer$FrameHandler c=android.view.Choreographer$FrameDisplayEventReceiver) (msgIndex=4 wall=335ms seq=4 h=android.app.ActivityThread$H w=159)
I/Choreographer(16635): Skipped 94 frames!  The application may be doing too much work on its main thread.
D/SurfaceView(16635): UPDATE Surface(name=SurfaceView[com.example.benchmark_container/com.example.benchmark_container.MainActivity])/@0xca20cbb, mIsProjectionMode = false
W/Looper  (16635): PerfMonitor doFrame : time=3ms vsyncFrame=0 latency=1581ms procState=-1 historyMsgCount=4
[spm]: Connected to Dart VM service.
I/flutter (16635): 00:00 +0: Performance Benchmark
E/hmark_containe(16635): open libmigui.so failed! dlopen - dlopen failed: library "libmigui.so" not found
D/hmark_containe(16635): MiuiProcessManagerServiceStub setSchedFifo
I/MiuiProcessManagerImpl(16635): setSchedFifo pid:16635, mode:3
D/DecorView[](16635): onWindowFocusChanged hasWindowFocus true
D/DecorView[](16635): getWindowModeFromSystem  windowmode is 1
D/DecorView[](16635): updateDecorCaptionStatus displayWindowDecor is false
D/ProfileInstaller(16635): Installing profile for com.example.benchmark_container
[spm]: ProfilerData event received.
I/flutter (16635): [SPM:perf] 698a51a  buildSpan: 1669µs
I/flutter (16635): [spm] Performance monitoring completed for 698a51a
[spm]: ProfilerData event received.
I/flutter (16635): [SPM:perf] 698a51a  buildSpan: 1639µs
I/flutter (16635): [spm] Performance monitoring completed for 698a51a
[spm]: ProfilerData event received.
I/flutter (16635): [SPM:perf] 698a51a  buildSpan: 1351µs
I/flutter (16635): [spm] Performance monitoring completed for 698a51a
I/flutter (16635): [SPM:perf] 698a51a  buildSpan: 1538µs
I/flutter (16635): [spm] Performance monitoring completed for 698a51a
[spm]: ProfilerData event received.
[spm]: ProfilerData event received.
I/flutter (16635): [SPM:perf] 698a51a  buildSpan: 908µs
I/flutter (16635): [spm] Performance monitoring completed for 698a51a
[spm]: ProfilerData event received.
I/flutter (16635): [SPM:perf] 698a51a  buildSpan: 819µs
I/flutter (16635): [spm] Performance monitoring completed for 698a51a
[spm]: ProfilerData event received.
I/flutter (16635): [SPM:perf] 698a51a  buildSpan: 1115µs
I/flutter (16635): [spm] Performance monitoring completed for 698a51a
[spm]: ProfilerData event received.
I/flutter (16635): [SPM:perf] 698a51a  buildSpan: 905µs
I/flutter (16635): [spm] Performance monitoring completed for 698a51a
[spm]: ProfilerData event received.
I/flutter (16635): [SPM:perf] 698a51a  buildSpan: 885µs
I/flutter (16635): [spm] Performance monitoring completed for 698a51a
[spm]: ProfilerData event received.
I/flutter (16635): [SPM:perf] 698a51a  buildSpan: 1540µs
I/flutter (16635): [spm] Performance monitoring completed for 698a51a
I/flutter (16635): [SPM:perf] 698a51a  buildSpan: 5906µs
I/flutter (16635): [spm] Performance monitoring completed for 698a51a
[spm]: ProfilerData event received.
[spm]: ProfilerData event received.
I/flutter (16635): [SPM:perf] 698a51a  buildSpan: 1420µs
I/flutter (16635): [spm] Performance monitoring completed for 698a51a
[spm]: ProfilerData event received.
I/flutter (16635): [SPM:perf] 698a51a  buildSpan: 1002µs
I/flutter (16635): [spm] Performance monitoring completed for 698a51a
[spm]: ProfilerData event received.
I/flutter (16635): [SPM:perf] 698a51a  buildSpan: 974µs
I/flutter (16635): [spm] Performance monitoring completed for 698a51a
[spm]: ProfilerData event received.
I/flutter (16635): [SPM:perf] 698a51a  buildSpan: 1039µs
I/flutter (16635): [spm] Performance monitoring completed for 698a51a
[spm]: ProfilerData event received.
I/flutter (16635): [SPM:perf] 698a51a  buildSpan: 1418µs
I/flutter (16635): [spm] Performance monitoring completed for 698a51a
[spm]: ProfilerData event received.
I/flutter (16635): [SPM:perf] 698a51a  buildSpan: 1363µs
I/flutter (16635): [spm] Performance monitoring completed for 698a51a
[spm]: ProfilerData event received.
I/flutter (16635): [SPM:perf] 698a51a  buildSpan: 1449µs
I/flutter (16635): [spm] Performance monitoring completed for 698a51a
[spm]: ProfilerData event received.
I/flutter (16635): [SPM:perf] 698a51a  buildSpan: 1380µs
I/flutter (16635): [spm] Performance monitoring completed for 698a51a
[spm]: ProfilerData event received.
I/flutter (16635): [SPM:perf] 698a51a  buildSpan: 996µs
I/flutter (16635): [spm] Performance monitoring completed for 698a51a
[spm]: ProfilerData event received.
I/flutter (16635): [SPM:perf] 698a51a  buildSpan: 981µs
I/flutter (16635): [spm] Performance monitoring completed for 698a51a
[spm]: ProfilerData event received.
I/flutter (16635): [SPM:perf] 698a51a  buildSpan: 1546µs
I/flutter (16635): [spm] Performance monitoring completed for 698a51a
I/flutter (16635): [SPM:perf] 698a51a  buildSpan: 1448µs
I/flutter (16635): [spm] Performance monitoring completed for 698a51a
[spm]: ProfilerData event received.
[spm]: ProfilerData event received.
I/flutter (16635): [SPM:perf] 698a51a  buildSpan: 1407µs
I/flutter (16635): [spm] Performance monitoring completed for 698a51a
I/flutter (16635): [SPM:perf] 698a51a  buildSpan: 1047µs
I/flutter (16635): [spm] Performance monitoring completed for 698a51a
[spm]: ProfilerData event received.
[spm]: ProfilerData event received.
I/flutter (16635): [SPM:perf] 698a51a  buildSpan: 1026µs
I/flutter (16635): [spm] Performance monitoring completed for 698a51a
[spm]: ProfilerData event received.
I/flutter (16635): [SPM:perf] 698a51a  buildSpan: 1401µs
I/flutter (16635): [spm] Performance monitoring completed for 698a51a
[spm]: ProfilerData event received.
I/flutter (16635): [SPM:perf] 698a51a  buildSpan: 1429µs
I/flutter (16635): [spm] Performance monitoring completed for 698a51a
[spm]: ProfilerData event received.
I/flutter (16635): [SPM:perf] 698a51a  buildSpan: 1410µs
I/flutter (16635): [spm] Performance monitoring completed for 698a51a
[spm]: ProfilerData event received.
I/flutter (16635): [SPM:perf] 698a51a  buildSpan: 1419µs
I/flutter (16635): [spm] Performance monitoring completed for 698a51a
I/flutter (16635): 01:10 +1: (tearDownAll)
I/flutter (16635): 01:11 +2: All tests passed!
All tests passed.
[spm]: Saved 30 profiler events to <ROOT>/dataset-new_samples/2052/redmi9t/raw/20260912-163321/rev_001_20915456/e8.jsonl
[spm]: Reverting injection...
4 issues found. (ran in 0.5s)
WARNING: Your Android app project: app located at: <ROOT>/android/app/build.gradle.kts
applies the Kotlin Gradle Plugin, which will cause build failures in future versions of Flutter. 
Please migrate your app to Built-in Kotlin using this guide: https://docs.flutter.dev/release/breaking-changes/migrate-to-built-in-kotlin/for-app-developers

VMServiceFlutterDriver: Connecting to Flutter application at http://127.0.0.1:38979/V1Z8WJFYNDs=/
[spm]: Detected VM service URI: ws://127.0.0.1:38979/V1Z8WJFYNDs=/ws
VMServiceFlutterDriver: Isolate found with number: 6936394365156067
VMServiceFlutterDriver: Isolate 6936394365156067 is runnable.
VMServiceFlutterDriver: Isolate is paused at start.
VMServiceFlutterDriver: Attempting to resume isolate
VMServiceFlutterDriver: Connected to Flutter application.
VMServiceFlutterDriver: request_data message is taking a long time to complete...