# sample_id=2446/rev_003_de4c350c exec_index=13 ok=True perf_lines=30 vm_events=30 battery_pct=62 soc_temp_millic=39500 battery_temp_c=32.6 charging=False preflight_started=2026-09-13T15:00:20.274216+00:00 started=2026-09-13T15:00:23.091705+00:00 ts=2026-09-13T15:02:08.926078+00:00
[spm]: Running flutter analyze...
Resolving dependencies...
Downloading packages...
  _fe_analyzer_shared 100.0.0 (108.0.0 available)
  analyzer 13.0.0 (14.4.0 available)
  async 2.13.0 (2.13.1 available)
  clock 1.1.2 (1.1.3 available)
  cupertino_icons 1.0.8 (1.0.9 available)
  glob 2.1.3 (2.2.0 available)
  lints 6.0.0 (6.1.0 available)
  matcher 0.12.19 (0.12.20 available)
  material_color_utilities 0.13.0 (0.13.1 available)
  meta 1.18.0 (1.19.0 available)
  package_config 2.2.0 (3.0.0 available)
  platform 3.1.6 (3.2.0 available)
  process 5.0.5 (5.0.6 available)
  pub_semver 2.2.0 (2.2.1 available)
  source_span 1.10.1 (1.10.2 available)
  stack_trace 1.12.1 (1.12.2 available)
  test_api 0.7.11 (0.7.14 available)
  vector_math 2.2.0 (2.4.2 available)
  vm_service 15.0.2 (15.3.0 available)
  webdriver 3.1.0 (3.2.0 available)
  yaml 3.1.3 (3.1.4 available)
Got dependencies!
21 packages have newer versions incompatible with dependency constraints.
Try `flutter pub outdated` for more information.
Analyzing lib...                                                

   info • The part-of directive uses a library name. Try converting the directive to use the URI of the library • lib/dependencies.dart:46:1 • use_string_in_part_of_directives
   info • Unnecessary 'late' modifier. Try removing the 'late' • lib/dependencies.dart:54:1 • unnecessary_late
   info • Redundant initialization to 'null'. Try removing the initializer • lib/dependencies.dart:74:9 • avoid_init_to_null
   info • Library names are not necessary. Remove the library name • lib/generated_widget.dart:2:9 • unnecessary_library_name

[spm]: Injecting profiler code...
[spm]: Starting app...
Running Gradle task 'assembleProfile'...                        
Running Gradle task 'assembleProfile'...                         2,186ms
✓ Built build/app/outputs/flutter-apk/app-profile.apk (34.3MB)
Installing build/app/outputs/flutter-apk/app-profile.apk...      1,382ms
D/DecorView[]( 6749): getWindowModeFromSystem  windowmode is 1
D/DecorView[]( 6749): getWindowModeFromSystem  windowmode is 1
D/DecorView[]( 6749): updateDecorCaptionStatus displayWindowDecor is false
W/Looper  ( 6749): PerfMonitor looperActivity : package=com.example.benchmark_container/.MainActivity time=359ms latency=372ms running=0ms  procState=-1  historyMsgCount=2 (msgIndex=1 wall=359ms seq=4 late=372ms h=android.app.ActivityThread$H w=159) (msgIndex=2 wall=377ms seq=3 h=android.app.ActivityThread$H w=110)
W/Looper  ( 6749): PerfMonitor looperActivity : package=com.example.benchmark_container/.MainActivity time=0ms latency=732ms running=0ms  procState=-1  historyMsgCount=4 (msgIndex=2 wall=359ms seq=4 late=372ms h=android.app.ActivityThread$H w=159) (msgIndex=3 wall=377ms seq=3 h=android.app.ActivityThread$H w=110) (msgIndex=4 wall=359ms seq=4 late=372ms h=android.app.ActivityThread$H w=159)
D/SurfaceView( 6749): UPDATE null, mIsCastMode = false
D/hw-ProcessState( 6749): Binder ioctl to enable oneway spam detection failed: Invalid argument
W/Looper  ( 6749): PerfMonitor longMsg : seq=8 plan=18:00:43.801 late=369ms wall=1651ms running=0ms h=android.view.Choreographer$FrameHandler c=android.view.Choreographer$FrameDisplayEventReceiver procState=-1
W/Looper  ( 6749): PerfMonitor doFrame : time=1651ms vsyncFrame=0 latency=369ms procState=-1 historyMsgCount=7 (msgIndex=2 wall=359ms seq=4 h=android.app.ActivityThread$H w=159) (msgIndex=3 wall=1651ms seq=8 late=369ms h=android.view.Choreographer$FrameHandler c=android.view.Choreographer$FrameDisplayEventReceiver) (msgIndex=4 wall=359ms seq=4 h=android.app.ActivityThread$H w=159)
I/Choreographer( 6749): Skipped 93 frames!  The application may be doing too much work on its main thread.
D/SurfaceView( 6749): UPDATE Surface(name=SurfaceView[com.example.benchmark_container/com.example.benchmark_container.MainActivity])/@0x739554a, mIsProjectionMode = false
W/Looper  ( 6749): PerfMonitor doFrame : time=4ms vsyncFrame=0 latency=1560ms procState=-1 historyMsgCount=4
[spm]: Connected to Dart VM service.
I/flutter ( 6749): 00:00 +0: Performance Benchmark
E/hmark_containe( 6749): open libmigui.so failed! dlopen - dlopen failed: library "libmigui.so" not found
D/hmark_containe( 6749): MiuiProcessManagerServiceStub setSchedFifo
I/MiuiProcessManagerImpl( 6749): setSchedFifo pid:6749, mode:3
D/DecorView[]( 6749): onWindowFocusChanged hasWindowFocus true
D/DecorView[]( 6749): getWindowModeFromSystem  windowmode is 1
D/DecorView[]( 6749): updateDecorCaptionStatus displayWindowDecor is false
D/ProfileInstaller( 6749): Installing profile for com.example.benchmark_container
[spm]: ProfilerData event received.
I/flutter ( 6749): [SPM:perf] 698a51a  buildSpan: 3813µs
I/flutter ( 6749): [spm] Performance monitoring completed for 698a51a
[spm]: ProfilerData event received.
I/flutter ( 6749): [SPM:perf] 698a51a  buildSpan: 3547µs
I/flutter ( 6749): [spm] Performance monitoring completed for 698a51a
[spm]: ProfilerData event received.
I/flutter ( 6749): [SPM:perf] 698a51a  buildSpan: 2843µs
I/flutter ( 6749): [spm] Performance monitoring completed for 698a51a
[spm]: ProfilerData event received.
I/flutter ( 6749): [SPM:perf] 698a51a  buildSpan: 10219µs
I/flutter ( 6749): [spm] Performance monitoring completed for 698a51a
I/flutter ( 6749): [SPM:perf] 698a51a  buildSpan: 2777µs
I/flutter ( 6749): [spm] Performance monitoring completed for 698a51a
[spm]: ProfilerData event received.
[spm]: ProfilerData event received.
I/flutter ( 6749): [SPM:perf] 698a51a  buildSpan: 3720µs
I/flutter ( 6749): [spm] Performance monitoring completed for 698a51a
[spm]: ProfilerData event received.
I/flutter ( 6749): [SPM:perf] 698a51a  buildSpan: 3710µs
I/flutter ( 6749): [spm] Performance monitoring completed for 698a51a
[spm]: ProfilerData event received.
I/flutter ( 6749): [SPM:perf] 698a51a  buildSpan: 3138µs
I/flutter ( 6749): [spm] Performance monitoring completed for 698a51a
[spm]: ProfilerData event received.
I/flutter ( 6749): [SPM:perf] 698a51a  buildSpan: 3997µs
I/flutter ( 6749): [spm] Performance monitoring completed for 698a51a
[spm]: ProfilerData event received.
I/flutter ( 6749): [SPM:perf] 698a51a  buildSpan: 3625µs
I/flutter ( 6749): [spm] Performance monitoring completed for 698a51a
[spm]: ProfilerData event received.
I/flutter ( 6749): [SPM:perf] 698a51a  buildSpan: 4729µs
I/flutter ( 6749): [spm] Performance monitoring completed for 698a51a
[spm]: ProfilerData event received.
I/flutter ( 6749): [SPM:perf] 698a51a  buildSpan: 3870µs
I/flutter ( 6749): [spm] Performance monitoring completed for 698a51a
I/flutter ( 6749): [SPM:perf] 698a51a  buildSpan: 2913µs
I/flutter ( 6749): [spm] Performance monitoring completed for 698a51a
[spm]: ProfilerData event received.
[spm]: ProfilerData event received.
I/flutter ( 6749): [SPM:perf] 698a51a  buildSpan: 2513µs
I/flutter ( 6749): [spm] Performance monitoring completed for 698a51a
[spm]: ProfilerData event received.
I/flutter ( 6749): [SPM:perf] 698a51a  buildSpan: 3665µs
I/flutter ( 6749): [spm] Performance monitoring completed for 698a51a
[spm]: ProfilerData event received.
I/flutter ( 6749): [SPM:perf] 698a51a  buildSpan: 3894µs
I/flutter ( 6749): [spm] Performance monitoring completed for 698a51a
[spm]: ProfilerData event received.
I/flutter ( 6749): [SPM:perf] 698a51a  buildSpan: 3708µs
I/flutter ( 6749): [spm] Performance monitoring completed for 698a51a
I/flutter ( 6749): [SPM:perf] 698a51a  buildSpan: 3709µs
I/flutter ( 6749): [spm] Performance monitoring completed for 698a51a
[spm]: ProfilerData event received.
[spm]: ProfilerData event received.
I/flutter ( 6749): [SPM:perf] 698a51a  buildSpan: 3090µs
I/flutter ( 6749): [spm] Performance monitoring completed for 698a51a
I/flutter ( 6749): [SPM:perf] 698a51a  buildSpan: 3788µs
I/flutter ( 6749): [spm] Performance monitoring completed for 698a51a
[spm]: ProfilerData event received.
[spm]: ProfilerData event received.
I/flutter ( 6749): [SPM:perf] 698a51a  buildSpan: 3621µs
I/flutter ( 6749): [spm] Performance monitoring completed for 698a51a
[spm]: ProfilerData event received.
I/flutter ( 6749): [SPM:perf] 698a51a  buildSpan: 2947µs
I/flutter ( 6749): [spm] Performance monitoring completed for 698a51a
[spm]: ProfilerData event received.
I/flutter ( 6749): [SPM:perf] 698a51a  buildSpan: 3967µs
I/flutter ( 6749): [spm] Performance monitoring completed for 698a51a
I/flutter ( 6749): [SPM:perf] 698a51a  buildSpan: 2475µs
[spm]: ProfilerData event received.
I/flutter ( 6749): [spm] Performance monitoring completed for 698a51a
I/flutter ( 6749): [SPM:perf] 698a51a  buildSpan: 3359µs
I/flutter ( 6749): [spm] Performance monitoring completed for 698a51a
[spm]: ProfilerData event received.
I/flutter ( 6749): [SPM:perf] 698a51a  buildSpan: 2443µs
I/flutter ( 6749): [spm] Performance monitoring completed for 698a51a
[spm]: ProfilerData event received.
[spm]: ProfilerData event received.
I/flutter ( 6749): [SPM:perf] 698a51a  buildSpan: 2446µs
I/flutter ( 6749): [spm] Performance monitoring completed for 698a51a
[spm]: ProfilerData event received.
I/flutter ( 6749): [SPM:perf] 698a51a  buildSpan: 2439µs
I/flutter ( 6749): [spm] Performance monitoring completed for 698a51a
[spm]: ProfilerData event received.
I/flutter ( 6749): [SPM:perf] 698a51a  buildSpan: 2856µs
I/flutter ( 6749): [spm] Performance monitoring completed for 698a51a
[spm]: ProfilerData event received.
I/flutter ( 6749): [SPM:perf] 698a51a  buildSpan: 3932µs
I/flutter ( 6749): [spm] Performance monitoring completed for 698a51a
I/flutter ( 6749): 01:10 +1: (tearDownAll)
I/flutter ( 6749): 01:11 +2: All tests passed!
All tests passed.
[spm]: Saved 30 profiler events to <ROOT>/dataset-new_samples/2446/redmi9t/raw/20260913-170633/rev_003_de4c350c/e13.jsonl
[spm]: Reverting injection...
4 issues found. (ran in 0.8s)
WARNING: Your Android app project: app located at: <ROOT>/android/app/build.gradle.kts
applies the Kotlin Gradle Plugin, which will cause build failures in future versions of Flutter. 
Please migrate your app to Built-in Kotlin using this guide: https://docs.flutter.dev/release/breaking-changes/migrate-to-built-in-kotlin/for-app-developers

VMServiceFlutterDriver: Connecting to Flutter application at http://127.0.0.1:43089/xdAehb-yRJQ=/
[spm]: Detected VM service URI: ws://127.0.0.1:43089/xdAehb-yRJQ=/ws
VMServiceFlutterDriver: Isolate found with number: 5669055482911523
VMServiceFlutterDriver: Isolate 5669055482911523 is runnable.
VMServiceFlutterDriver: Isolate is paused at start.
VMServiceFlutterDriver: Attempting to resume isolate
VMServiceFlutterDriver: Connected to Flutter application.
VMServiceFlutterDriver: request_data message is taking a long time to complete...