# sample_id=1746/rev_001_4b266f02 exec_index=11 ok=True perf_lines=30 vm_events=30 battery_pct=73 soc_temp_millic=39800 battery_temp_c=29.9 charging=False preflight_started=2026-09-18T05:48:57.645583+00:00 started=2026-09-18T05:48:59.991920+00:00 ts=2026-09-18T05:50:58.360119+00:00
[spm]: Running flutter analyze...
Resolving dependencies...
Downloading packages...
  _fe_analyzer_shared 100.0.0 (108.0.0 available)
  analyzer 13.0.0 (14.4.0 available)
  async 2.13.0 (2.13.1 available)
  clock 1.1.2 (1.1.3 available)
  cupertino_icons 1.0.8 (1.0.9 available)
  glob 2.1.3 (2.2.0 available)
  lints 6.0.0 (6.1.0 available)
  matcher 0.12.19 (0.12.20 available)
  material_color_utilities 0.13.0 (0.13.1 available)
  meta 1.18.0 (1.19.0 available)
  package_config 2.2.0 (3.0.0 available)
  platform 3.1.6 (3.2.0 available)
  process 5.0.5 (5.0.6 available)
  pub_semver 2.2.0 (2.2.1 available)
  source_span 1.10.1 (1.10.2 available)
  stack_trace 1.12.1 (1.12.2 available)
  test_api 0.7.11 (0.7.14 available)
  vector_math 2.2.0 (2.4.2 available)
  vm_service 15.0.2 (15.3.0 available)
  webdriver 3.1.0 (3.2.0 available)
  yaml 3.1.3 (3.1.4 available)
Got dependencies!
21 packages have newer versions incompatible with dependency constraints.
Try `flutter pub outdated` for more information.
Analyzing lib...                                                

   info • The part-of directive uses a library name. Try converting the directive to use the URI of the library • lib/dependencies.dart:46:1 • use_string_in_part_of_directives
   info • Library names are not necessary. Remove the library name • lib/generated_widget.dart:2:9 • unnecessary_library_name
   info • Constructors in '@immutable' classes should be declared as 'const'. Try adding 'const' to the constructor declaration • lib/generated_widget.dart:13:3 • prefer_const_constructors_in_immutables

[spm]: Injecting profiler code...
[spm]: Starting app...
Running Gradle task 'assembleProfile'...                        
Running Gradle task 'assembleProfile'...                           20.3s
✓ Built build/app/outputs/flutter-apk/app-profile.apk (26.8MB)
Installing build/app/outputs/flutter-apk/app-profile.apk...      1,001ms
D/SurfaceView(31211): UPDATE null, mIsCastMode = false
D/hw-ProcessState(31211): Binder ioctl to enable oneway spam detection failed: Invalid argument
W/Looper  (31211): PerfMonitor longMsg : seq=8 plan=08:49:34.973 late=450ms wall=1831ms running=0ms h=android.view.Choreographer$FrameHandler c=android.view.Choreographer$FrameDisplayEventReceiver procState=-1
W/Looper  (31211): PerfMonitor doFrame : time=1831ms vsyncFrame=0 latency=450ms procState=-1 historyMsgCount=6 (msgIndex=2 wall=1831ms seq=8 late=450ms h=android.view.Choreographer$FrameHandler c=android.view.Choreographer$FrameDisplayEventReceiver) (msgIndex=3 wall=421ms seq=4 h=android.app.ActivityThread$H w=159)
I/Choreographer(31211): Skipped 102 frames!  The application may be doing too much work on its main thread.
D/SurfaceView(31211): UPDATE Surface(name=SurfaceView[com.example.benchmark_container/com.example.benchmark_container.MainActivity])/@0x9ac515, mIsProjectionMode = false
W/Looper  (31211): PerfMonitor doFrame : time=3ms vsyncFrame=0 latency=1704ms procState=-1 historyMsgCount=4
[spm]: Connected to Dart VM service.
I/flutter (31211): 00:00 +0: Performance Benchmark
E/hmark_containe(31211): open libmigui.so failed! dlopen - dlopen failed: library "libmigui.so" not found
D/hmark_containe(31211): MiuiProcessManagerServiceStub setSchedFifo
I/MiuiProcessManagerImpl(31211): setSchedFifo pid:31211, mode:3
D/DecorView[](31211): onWindowFocusChanged hasWindowFocus true
D/DecorView[](31211): getWindowModeFromSystem  windowmode is 1
D/DecorView[](31211): updateDecorCaptionStatus displayWindowDecor is false
D/ProfileInstaller(31211): Installing profile for com.example.benchmark_container
[spm]: ProfilerData event received.
I/flutter (31211): [SPM:perf] 698a51a  buildSpan: 3334µs
I/flutter (31211): [spm] Performance monitoring completed for 698a51a
[spm]: ProfilerData event received.
I/flutter (31211): [SPM:perf] 698a51a  buildSpan: 3111µs
I/flutter (31211): [spm] Performance monitoring completed for 698a51a
I/flutter (31211): [SPM:perf] 698a51a  buildSpan: 3107µs
[spm]: ProfilerData event received.
I/flutter (31211): [spm] Performance monitoring completed for 698a51a
[spm]: ProfilerData event received.
I/flutter (31211): [SPM:perf] 698a51a  buildSpan: 3378µs
I/flutter (31211): [spm] Performance monitoring completed for 698a51a
[spm]: ProfilerData event received.
I/flutter (31211): [SPM:perf] 698a51a  buildSpan: 3045µs
I/flutter (31211): [spm] Performance monitoring completed for 698a51a
[spm]: ProfilerData event received.
I/flutter (31211): [SPM:perf] 698a51a  buildSpan: 3856µs
I/flutter (31211): [spm] Performance monitoring completed for 698a51a
[spm]: ProfilerData event received.
I/flutter (31211): [SPM:perf] 698a51a  buildSpan: 3107µs
I/flutter (31211): [spm] Performance monitoring completed for 698a51a
I/flutter (31211): [SPM:perf] 698a51a  buildSpan: 3023µs
[spm]: ProfilerData event received.
I/flutter (31211): [spm] Performance monitoring completed for 698a51a
[spm]: ProfilerData event received.
I/flutter (31211): [SPM:perf] 698a51a  buildSpan: 2999µs
I/flutter (31211): [spm] Performance monitoring completed for 698a51a
[spm]: ProfilerData event received.
I/flutter (31211): [SPM:perf] 698a51a  buildSpan: 3282µs
I/flutter (31211): [spm] Performance monitoring completed for 698a51a
[spm]: ProfilerData event received.
I/flutter (31211): [SPM:perf] 698a51a  buildSpan: 3046µs
I/flutter (31211): [spm] Performance monitoring completed for 698a51a
I/flutter (31211): [SPM:perf] 698a51a  buildSpan: 3016µs
I/flutter (31211): [spm] Performance monitoring completed for 698a51a
[spm]: ProfilerData event received.
[spm]: ProfilerData event received.
I/flutter (31211): [SPM:perf] 698a51a  buildSpan: 3095µs
I/flutter (31211): [spm] Performance monitoring completed for 698a51a
[spm]: ProfilerData event received.
I/flutter (31211): [SPM:perf] 698a51a  buildSpan: 3199µs
I/flutter (31211): [spm] Performance monitoring completed for 698a51a
I/flutter (31211): [SPM:perf] 698a51a  buildSpan: 2976µs
I/flutter (31211): [spm] Performance monitoring completed for 698a51a
[spm]: ProfilerData event received.
[spm]: ProfilerData event received.
I/flutter (31211): [SPM:perf] 698a51a  buildSpan: 2988µs
I/flutter (31211): [spm] Performance monitoring completed for 698a51a
[spm]: ProfilerData event received.
I/flutter (31211): [SPM:perf] 698a51a  buildSpan: 3420µs
I/flutter (31211): [spm] Performance monitoring completed for 698a51a
[spm]: ProfilerData event received.
I/flutter (31211): [SPM:perf] 698a51a  buildSpan: 3229µs
I/flutter (31211): [spm] Performance monitoring completed for 698a51a
[spm]: ProfilerData event received.
I/flutter (31211): [SPM:perf] 698a51a  buildSpan: 2955µs
I/flutter (31211): [spm] Performance monitoring completed for 698a51a
[spm]: ProfilerData event received.
I/flutter (31211): [SPM:perf] 698a51a  buildSpan: 2998µs
I/flutter (31211): [spm] Performance monitoring completed for 698a51a
[spm]: ProfilerData event received.
I/flutter (31211): [SPM:perf] 698a51a  buildSpan: 3035µs
I/flutter (31211): [spm] Performance monitoring completed for 698a51a
[spm]: ProfilerData event received.
I/flutter (31211): [SPM:perf] 698a51a  buildSpan: 3076µs
I/flutter (31211): [spm] Performance monitoring completed for 698a51a
[spm]: ProfilerData event received.
I/flutter (31211): [SPM:perf] 698a51a  buildSpan: 2962µs
I/flutter (31211): [spm] Performance monitoring completed for 698a51a
[spm]: ProfilerData event received.
I/flutter (31211): [SPM:perf] 698a51a  buildSpan: 2954µs
I/flutter (31211): [spm] Performance monitoring completed for 698a51a
[spm]: ProfilerData event received.
I/flutter (31211): [SPM:perf] 698a51a  buildSpan: 3327µs
I/flutter (31211): [spm] Performance monitoring completed for 698a51a
[spm]: ProfilerData event received.
I/flutter (31211): [SPM:perf] 698a51a  buildSpan: 3052µs
I/flutter (31211): [spm] Performance monitoring completed for 698a51a
[spm]: ProfilerData event received.
I/flutter (31211): [SPM:perf] 698a51a  buildSpan: 2978µs
I/flutter (31211): [spm] Performance monitoring completed for 698a51a
[spm]: ProfilerData event received.
I/flutter (31211): [SPM:perf] 698a51a  buildSpan: 3079µs
I/flutter (31211): [spm] Performance monitoring completed for 698a51a
I/flutter (31211): [SPM:perf] 698a51a  buildSpan: 3083µs
I/flutter (31211): [spm] Performance monitoring completed for 698a51a
[spm]: ProfilerData event received.
[spm]: ProfilerData event received.
I/flutter (31211): [SPM:perf] 698a51a  buildSpan: 3063µs
I/flutter (31211): [spm] Performance monitoring completed for 698a51a
I/flutter (31211): 01:10 +1: (tearDownAll)
I/flutter (31211): 01:11 +2: All tests passed!
All tests passed.
[spm]: Saved 30 profiler events to <ROOT>/dataset-new_samples/1746/redmi9t/raw/20260918-063954/rev_001_4b266f02/e11.jsonl
[spm]: Reverting injection...
3 issues found. (ran in 0.6s)
WARNING: Your Android app project: app located at: <ROOT>/android/app/build.gradle.kts
applies the Kotlin Gradle Plugin, which will cause build failures in future versions of Flutter. 
Please migrate your app to Built-in Kotlin using this guide: https://docs.flutter.dev/release/breaking-changes/migrate-to-built-in-kotlin/for-app-developers

VMServiceFlutterDriver: Connecting to Flutter application at http://127.0.0.1:46475/w7f-wzA2GCY=/
[spm]: Detected VM service URI: ws://127.0.0.1:46475/w7f-wzA2GCY=/ws
VMServiceFlutterDriver: Isolate found with number: 1324936791290599
VMServiceFlutterDriver: Isolate 1324936791290599 is runnable.
VMServiceFlutterDriver: Isolate is paused at start.
VMServiceFlutterDriver: Attempting to resume isolate
VMServiceFlutterDriver: Connected to Flutter application.
VMServiceFlutterDriver: request_data message is taking a long time to complete...