# sample_id=0591/rev_004_acc0fdf3 exec_index=10 ok=True perf_lines=30 vm_events=30 battery_pct=55 soc_temp_millic=38300 battery_temp_c=31.9 charging=False preflight_started=2026-09-11T05:14:53.507686+00:00 started=2026-09-11T05:14:56.299066+00:00 ts=2026-09-11T05:16:58.474074+00:00
[spm]: Running flutter analyze...
Analyzing lib...                                                

   info • The part-of directive uses a library name. Try converting the directive to use the URI of the library • lib/dependencies.dart:46:1 • use_string_in_part_of_directives
   info • Redundant initialization to 'null'. Try removing the initializer • lib/dependencies.dart:65:9 • avoid_init_to_null
   info • Constructors in '@immutable' classes should be declared as 'const'. Try adding 'const' to the constructor declaration • lib/dependencies.dart:83:3 • prefer_const_constructors_in_immutables
   info • Constructors in '@immutable' classes should be declared as 'const'. Try adding 'const' to the constructor declaration • lib/dependencies.dart:91:3 • prefer_const_constructors_in_immutables
   info • Library names are not necessary. Remove the library name • lib/generated_widget.dart:2:9 • unnecessary_library_name
   info • Constructors in '@immutable' classes should be declared as 'const'. Try adding 'const' to the constructor declaration • lib/generated_widget.dart:12:3 • prefer_const_constructors_in_immutables

[spm]: Injecting profiler code...
[spm]: Starting app...
Running Gradle task 'assembleProfile'...                        
Running Gradle task 'assembleProfile'...                           20.7s
✓ Built build/app/outputs/flutter-apk/app-profile.apk (26.8MB)
Installing build/app/outputs/flutter-apk/app-profile.apk...      1,264ms
D/IS_CTS_MODE(17171): true
D/MULTI_WINDOW_SWITCH_ENABLED(17171): false
D/IS_CTS_MODE(17171): true
D/MULTI_WINDOW_SWITCH_ENABLED(17171): false
D/DecorView[](17171): getWindowModeFromSystem  windowmode is 1
D/DecorView[](17171): getWindowModeFromSystem  windowmode is 1
D/DecorView[](17171): updateDecorCaptionStatus displayWindowDecor is false
W/Looper  (17171): PerfMonitor looperActivity : package=com.example.benchmark_container/.MainActivity time=376ms latency=391ms running=0ms  procState=-1  historyMsgCount=3 (msgIndex=3 wall=369ms seq=3 h=android.app.ActivityThread$H w=110)
W/Looper  (17171): PerfMonitor looperActivity : package=com.example.benchmark_container/.MainActivity time=0ms latency=762ms running=0ms  procState=-1  historyMsgCount=4 (msgIndex=3 wall=369ms seq=3 h=android.app.ActivityThread$H w=110) (msgIndex=4 wall=376ms seq=4 late=391ms h=android.app.ActivityThread$H w=159)
D/SurfaceView(17171): UPDATE null, mIsCastMode = false
D/hw-ProcessState(17171): Binder ioctl to enable oneway spam detection failed: Invalid argument
W/Looper  (17171): PerfMonitor longMsg : seq=8 plan=08:15:33.917 late=384ms wall=1674ms running=0ms h=android.view.Choreographer$FrameHandler c=android.view.Choreographer$FrameDisplayEventReceiver procState=-1
W/Looper  (17171): PerfMonitor doFrame : time=1674ms vsyncFrame=0 latency=384ms procState=-1 historyMsgCount=6 (msgIndex=2 wall=1674ms seq=8 late=384ms h=android.view.Choreographer$FrameHandler c=android.view.Choreographer$FrameDisplayEventReceiver) (msgIndex=3 wall=376ms seq=4 h=android.app.ActivityThread$H w=159)
I/Choreographer(17171): Skipped 96 frames!  The application may be doing too much work on its main thread.
D/SurfaceView(17171): UPDATE Surface(name=SurfaceView[com.example.benchmark_container/com.example.benchmark_container.MainActivity])/@0x739554a, mIsProjectionMode = false
W/Looper  (17171): PerfMonitor doFrame : time=3ms vsyncFrame=0 latency=1604ms procState=-1 historyMsgCount=4
[spm]: Connected to Dart VM service.
I/flutter (17171): 00:00 +0: Performance Benchmark
E/hmark_containe(17171): open libmigui.so failed! dlopen - dlopen failed: library "libmigui.so" not found
D/hmark_containe(17171): MiuiProcessManagerServiceStub setSchedFifo
I/MiuiProcessManagerImpl(17171): setSchedFifo pid:17171, mode:3
D/DecorView[](17171): onWindowFocusChanged hasWindowFocus true
D/DecorView[](17171): getWindowModeFromSystem  windowmode is 1
D/DecorView[](17171): updateDecorCaptionStatus displayWindowDecor is false
D/ProfileInstaller(17171): Installing profile for com.example.benchmark_container
[spm]: ProfilerData event received.
I/flutter (17171): [SPM:perf] 698a51a  buildSpan: 11451µs
I/flutter (17171): [spm] Performance monitoring completed for 698a51a
[spm]: ProfilerData event received.
I/flutter (17171): [SPM:perf] 698a51a  buildSpan: 3459µs
I/flutter (17171): [spm] Performance monitoring completed for 698a51a
[spm]: ProfilerData event received.
I/flutter (17171): [SPM:perf] 698a51a  buildSpan: 5345µs
I/flutter (17171): [spm] Performance monitoring completed for 698a51a
[spm]: ProfilerData event received.
I/flutter (17171): [SPM:perf] 698a51a  buildSpan: 4414µs
I/flutter (17171): [spm] Performance monitoring completed for 698a51a
[spm]: ProfilerData event received.
I/flutter (17171): [SPM:perf] 698a51a  buildSpan: 5030µs
I/flutter (17171): [spm] Performance monitoring completed for 698a51a
[spm]: ProfilerData event received.
I/flutter (17171): [SPM:perf] 698a51a  buildSpan: 5274µs
I/flutter (17171): [spm] Performance monitoring completed for 698a51a
I/flutter (17171): [SPM:perf] 698a51a  buildSpan: 3872µs
I/flutter (17171): [spm] Performance monitoring completed for 698a51a
[spm]: ProfilerData event received.
[spm]: ProfilerData event received.
I/flutter (17171): [SPM:perf] 698a51a  buildSpan: 3946µs
I/flutter (17171): [spm] Performance monitoring completed for 698a51a
[spm]: ProfilerData event received.
I/flutter (17171): [SPM:perf] 698a51a  buildSpan: 3603µs
I/flutter (17171): [spm] Performance monitoring completed for 698a51a
[spm]: ProfilerData event received.
I/flutter (17171): [SPM:perf] 698a51a  buildSpan: 4168µs
I/flutter (17171): [spm] Performance monitoring completed for 698a51a
[spm]: ProfilerData event received.
I/flutter (17171): [SPM:perf] 698a51a  buildSpan: 3290µs
I/flutter (17171): [spm] Performance monitoring completed for 698a51a
[spm]: ProfilerData event received.
I/flutter (17171): [SPM:perf] 698a51a  buildSpan: 4892µs
I/flutter (17171): [spm] Performance monitoring completed for 698a51a
[spm]: ProfilerData event received.
I/flutter (17171): [SPM:perf] 698a51a  buildSpan: 4144µs
I/flutter (17171): [spm] Performance monitoring completed for 698a51a
[spm]: ProfilerData event received.
I/flutter (17171): [SPM:perf] 698a51a  buildSpan: 5330µs
I/flutter (17171): [spm] Performance monitoring completed for 698a51a
I/flutter (17171): [SPM:perf] 698a51a  buildSpan: 4442µs
[spm]: ProfilerData event received.
I/flutter (17171): [spm] Performance monitoring completed for 698a51a
[spm]: ProfilerData event received.
I/flutter (17171): [SPM:perf] 698a51a  buildSpan: 5036µs
I/flutter (17171): [spm] Performance monitoring completed for 698a51a
[spm]: ProfilerData event received.
I/flutter (17171): [SPM:perf] 698a51a  buildSpan: 4610µs
I/flutter (17171): [spm] Performance monitoring completed for 698a51a
I/flutter (17171): [SPM:perf] 698a51a  buildSpan: 3897µs
I/flutter (17171): [spm] Performance monitoring completed for 698a51a
[spm]: ProfilerData event received.
[spm]: ProfilerData event received.
I/flutter (17171): [SPM:perf] 698a51a  buildSpan: 5170µs
I/flutter (17171): [spm] Performance monitoring completed for 698a51a
[spm]: ProfilerData event received.
I/flutter (17171): [SPM:perf] 698a51a  buildSpan: 5124µs
I/flutter (17171): [spm] Performance monitoring completed for 698a51a
[spm]: ProfilerData event received.
I/flutter (17171): [SPM:perf] 698a51a  buildSpan: 4990µs
I/flutter (17171): [spm] Performance monitoring completed for 698a51a
I/flutter (17171): [SPM:perf] 698a51a  buildSpan: 5053µs
I/flutter (17171): [spm] Performance monitoring completed for 698a51a
[spm]: ProfilerData event received.
[spm]: ProfilerData event received.
I/flutter (17171): [SPM:perf] 698a51a  buildSpan: 3868µs
I/flutter (17171): [spm] Performance monitoring completed for 698a51a
[spm]: ProfilerData event received.
I/flutter (17171): [SPM:perf] 698a51a  buildSpan: 3124µs
I/flutter (17171): [spm] Performance monitoring completed for 698a51a
[spm]: ProfilerData event received.
I/flutter (17171): [SPM:perf] 698a51a  buildSpan: 4982µs
I/flutter (17171): [spm] Performance monitoring completed for 698a51a
[spm]: ProfilerData event received.
I/flutter (17171): [SPM:perf] 698a51a  buildSpan: 4598µs
I/flutter (17171): [spm] Performance monitoring completed for 698a51a
I/flutter (17171): [SPM:perf] 698a51a  buildSpan: 5101µs
[spm]: ProfilerData event received.
I/flutter (17171): [spm] Performance monitoring completed for 698a51a
I/flutter (17171): [SPM:perf] 698a51a  buildSpan: 4446µs
I/flutter (17171): [spm] Performance monitoring completed for 698a51a
[spm]: ProfilerData event received.
[spm]: ProfilerData event received.
I/flutter (17171): [SPM:perf] 698a51a  buildSpan: 3967µs
I/flutter (17171): [spm] Performance monitoring completed for 698a51a
[spm]: ProfilerData event received.
I/flutter (17171): [SPM:perf] 698a51a  buildSpan: 5131µs
I/flutter (17171): [spm] Performance monitoring completed for 698a51a
I/flutter (17171): 01:10 +1: (tearDownAll)
I/flutter (17171): 01:11 +2: All tests passed!
All tests passed.
[spm]: Saved 30 profiler events to <ROOT>/dataset-new_samples/0591/redmi9t/raw/20260911-074045/rev_004_acc0fdf3/e10.jsonl
[spm]: Reverting injection...
6 issues found. (ran in 0.6s)
WARNING: Your Android app project: app located at: <ROOT>/android/app/build.gradle.kts
applies the Kotlin Gradle Plugin, which will cause build failures in future versions of Flutter. 
Please migrate your app to Built-in Kotlin using this guide: https://docs.flutter.dev/release/breaking-changes/migrate-to-built-in-kotlin/for-app-developers

VMServiceFlutterDriver: Connecting to Flutter application at http://127.0.0.1:40919/s8-8VD2e0_U=/
[spm]: Detected VM service URI: ws://127.0.0.1:40919/s8-8VD2e0_U=/ws
VMServiceFlutterDriver: Isolate found with number: 5347426117618631
VMServiceFlutterDriver: Isolate 5347426117618631 is runnable.
VMServiceFlutterDriver: Isolate is paused at start.
VMServiceFlutterDriver: Attempting to resume isolate
VMServiceFlutterDriver: Connected to Flutter application.
VMServiceFlutterDriver: request_data message is taking a long time to complete...