# sample_id=0591/rev_004_acc0fdf3 exec_index=11 ok=True perf_lines=30 vm_events=30 battery_pct=57 soc_temp_millic=38000 battery_temp_c=31.8 charging=False preflight_started=2026-09-11T04:52:31.504264+00:00 started=2026-09-11T04:52:34.270426+00:00 ts=2026-09-11T04:54:39.661693+00:00
[spm]: Running flutter analyze...
Analyzing lib...                                                

   info • The part-of directive uses a library name. Try converting the directive to use the URI of the library • lib/dependencies.dart:46:1 • use_string_in_part_of_directives
   info • Redundant initialization to 'null'. Try removing the initializer • lib/dependencies.dart:65:9 • avoid_init_to_null
   info • Constructors in '@immutable' classes should be declared as 'const'. Try adding 'const' to the constructor declaration • lib/dependencies.dart:83:3 • prefer_const_constructors_in_immutables
   info • Constructors in '@immutable' classes should be declared as 'const'. Try adding 'const' to the constructor declaration • lib/dependencies.dart:91:3 • prefer_const_constructors_in_immutables
   info • Library names are not necessary. Remove the library name • lib/generated_widget.dart:2:9 • unnecessary_library_name
   info • Constructors in '@immutable' classes should be declared as 'const'. Try adding 'const' to the constructor declaration • lib/generated_widget.dart:12:3 • prefer_const_constructors_in_immutables

[spm]: Injecting profiler code...
[spm]: Starting app...
Running Gradle task 'assembleProfile'...                        
Running Gradle task 'assembleProfile'...                           21.0s
✓ Built build/app/outputs/flutter-apk/app-profile.apk (26.8MB)
Installing build/app/outputs/flutter-apk/app-profile.apk...      1,241ms
D/DecorView[](10726): getWindowModeFromSystem  windowmode is 1
D/DecorView[](10726): updateDecorCaptionStatus displayWindowDecor is false
W/Looper  (10726): PerfMonitor looperActivity : package=com.example.benchmark_container/.MainActivity time=380ms latency=383ms running=0ms  procState=-1  historyMsgCount=3 (msgIndex=3 wall=370ms seq=3 h=android.app.ActivityThread$H w=110)
W/Looper  (10726): PerfMonitor looperActivity : package=com.example.benchmark_container/.MainActivity time=0ms latency=765ms running=0ms  procState=-1  historyMsgCount=4 (msgIndex=3 wall=370ms seq=3 h=android.app.ActivityThread$H w=110) (msgIndex=4 wall=380ms seq=4 late=383ms h=android.app.ActivityThread$H w=159)
D/SurfaceView(10726): UPDATE null, mIsCastMode = false
D/hw-ProcessState(10726): Binder ioctl to enable oneway spam detection failed: Invalid argument
W/Looper  (10726): PerfMonitor longMsg : seq=8 plan=07:53:12.583 late=392ms wall=1682ms running=0ms h=android.view.Choreographer$FrameHandler c=android.view.Choreographer$FrameDisplayEventReceiver procState=-1
W/Looper  (10726): PerfMonitor doFrame : time=1682ms vsyncFrame=0 latency=392ms procState=-1 historyMsgCount=6 (msgIndex=2 wall=1682ms seq=8 late=392ms h=android.view.Choreographer$FrameHandler c=android.view.Choreographer$FrameDisplayEventReceiver) (msgIndex=3 wall=380ms seq=4 h=android.app.ActivityThread$H w=159)
I/Choreographer(10726): Skipped 95 frames!  The application may be doing too much work on its main thread.
D/SurfaceView(10726): UPDATE Surface(name=SurfaceView[com.example.benchmark_container/com.example.benchmark_container.MainActivity])/@0x739554a, mIsProjectionMode = false
W/Looper  (10726): PerfMonitor doFrame : time=2ms vsyncFrame=0 latency=1598ms procState=-1 historyMsgCount=4
[spm]: Connected to Dart VM service.
I/flutter (10726): 00:00 +0: Performance Benchmark
E/hmark_containe(10726): open libmigui.so failed! dlopen - dlopen failed: library "libmigui.so" not found
D/hmark_containe(10726): MiuiProcessManagerServiceStub setSchedFifo
I/MiuiProcessManagerImpl(10726): setSchedFifo pid:10726, mode:3
D/DecorView[](10726): onWindowFocusChanged hasWindowFocus true
D/DecorView[](10726): getWindowModeFromSystem  windowmode is 1
D/DecorView[](10726): updateDecorCaptionStatus displayWindowDecor is false
D/ProfileInstaller(10726): Installing profile for com.example.benchmark_container
[spm]: ProfilerData event received.
I/flutter (10726): [SPM:perf] 698a51a  buildSpan: 14055µs
I/flutter (10726): [spm] Performance monitoring completed for 698a51a
[spm]: ProfilerData event received.
I/flutter (10726): [SPM:perf] 698a51a  buildSpan: 5186µs
I/flutter (10726): [spm] Performance monitoring completed for 698a51a
[spm]: ProfilerData event received.
I/flutter (10726): [SPM:perf] 698a51a  buildSpan: 3534µs
I/flutter (10726): [spm] Performance monitoring completed for 698a51a
[spm]: ProfilerData event received.
I/flutter (10726): [SPM:perf] 698a51a  buildSpan: 4395µs
I/flutter (10726): [spm] Performance monitoring completed for 698a51a
[spm]: ProfilerData event received.
I/flutter (10726): [SPM:perf] 698a51a  buildSpan: 4188µs
I/flutter (10726): [spm] Performance monitoring completed for 698a51a
[spm]: ProfilerData event received.
I/flutter (10726): [SPM:perf] 698a51a  buildSpan: 3041µs
I/flutter (10726): [spm] Performance monitoring completed for 698a51a
[spm]: ProfilerData event received.
I/flutter (10726): [SPM:perf] 698a51a  buildSpan: 5027µs
I/flutter (10726): [spm] Performance monitoring completed for 698a51a
[spm]: ProfilerData event received.
I/flutter (10726): [SPM:perf] 698a51a  buildSpan: 3989µs
I/flutter (10726): [spm] Performance monitoring completed for 698a51a
I/flutter (10726): [SPM:perf] 698a51a  buildSpan: 4255µs
I/flutter (10726): [spm] Performance monitoring completed for 698a51a
[spm]: ProfilerData event received.
[spm]: ProfilerData event received.
I/flutter (10726): [SPM:perf] 698a51a  buildSpan: 4114µs
I/flutter (10726): [spm] Performance monitoring completed for 698a51a
[spm]: ProfilerData event received.
I/flutter (10726): [SPM:perf] 698a51a  buildSpan: 3267µs
I/flutter (10726): [spm] Performance monitoring completed for 698a51a
I/flutter (10726): [SPM:perf] 698a51a  buildSpan: 4646µs
I/flutter (10726): [spm] Performance monitoring completed for 698a51a
[spm]: ProfilerData event received.
[spm]: ProfilerData event received.
I/flutter (10726): [SPM:perf] 698a51a  buildSpan: 5070µs
I/flutter (10726): [spm] Performance monitoring completed for 698a51a
[spm]: ProfilerData event received.
I/flutter (10726): [SPM:perf] 698a51a  buildSpan: 3913µs
I/flutter (10726): [spm] Performance monitoring completed for 698a51a
[spm]: ProfilerData event received.
I/flutter (10726): [SPM:perf] 698a51a  buildSpan: 5179µs
I/flutter (10726): [spm] Performance monitoring completed for 698a51a
[spm]: ProfilerData event received.
I/flutter (10726): [SPM:perf] 698a51a  buildSpan: 4931µs
I/flutter (10726): [spm] Performance monitoring completed for 698a51a
[spm]: ProfilerData event received.
I/flutter (10726): [SPM:perf] 698a51a  buildSpan: 5040µs
I/flutter (10726): [spm] Performance monitoring completed for 698a51a
I/flutter (10726): [SPM:perf] 698a51a  buildSpan: 4689µs
I/flutter (10726): [spm] Performance monitoring completed for 698a51a
[spm]: ProfilerData event received.
[spm]: ProfilerData event received.
I/flutter (10726): [SPM:perf] 698a51a  buildSpan: 3935µs
I/flutter (10726): [spm] Performance monitoring completed for 698a51a
[spm]: ProfilerData event received.
I/flutter (10726): [SPM:perf] 698a51a  buildSpan: 4985µs
I/flutter (10726): [spm] Performance monitoring completed for 698a51a
[spm]: ProfilerData event received.
I/flutter (10726): [SPM:perf] 698a51a  buildSpan: 4128µs
I/flutter (10726): [spm] Performance monitoring completed for 698a51a
[spm]: ProfilerData event received.
I/flutter (10726): [SPM:perf] 698a51a  buildSpan: 3184µs
I/flutter (10726): [spm] Performance monitoring completed for 698a51a
[spm]: ProfilerData event received.
I/flutter (10726): [SPM:perf] 698a51a  buildSpan: 5140µs
I/flutter (10726): [spm] Performance monitoring completed for 698a51a
I/flutter (10726): [SPM:perf] 698a51a  buildSpan: 4329µs
I/flutter (10726): [spm] Performance monitoring completed for 698a51a
[spm]: ProfilerData event received.
[spm]: ProfilerData event received.
I/flutter (10726): [SPM:perf] 698a51a  buildSpan: 5145µs
I/flutter (10726): [spm] Performance monitoring completed for 698a51a
I/flutter (10726): [SPM:perf] 698a51a  buildSpan: 3713µs
I/flutter (10726): [spm] Performance monitoring completed for 698a51a
[spm]: ProfilerData event received.
[spm]: ProfilerData event received.
I/flutter (10726): [SPM:perf] 698a51a  buildSpan: 5440µs
I/flutter (10726): [spm] Performance monitoring completed for 698a51a
I/flutter (10726): [SPM:perf] 698a51a  buildSpan: 4733µs
I/flutter (10726): [spm] Performance monitoring completed for 698a51a
[spm]: ProfilerData event received.
[spm]: ProfilerData event received.
I/flutter (10726): [SPM:perf] 698a51a  buildSpan: 4101µs
I/flutter (10726): [spm] Performance monitoring completed for 698a51a
[spm]: ProfilerData event received.
I/flutter (10726): [SPM:perf] 698a51a  buildSpan: 4268µs
I/flutter (10726): [spm] Performance monitoring completed for 698a51a
I/flutter (10726): 01:12 +1: (tearDownAll)
I/flutter (10726): 01:13 +2: All tests passed!
[SPM:shot] wrote <ROOT>/dataset-new_samples/0591/redmi9t/shots/0591__rev_004_acc0fdf3.png (125130 bytes)
All tests passed.
[spm]: Saved 30 profiler events to <ROOT>/dataset-new_samples/0591/redmi9t/raw/20260911-074045/rev_004_acc0fdf3/e11.jsonl
[spm]: Reverting injection...
6 issues found. (ran in 0.9s)
WARNING: Your Android app project: app located at: <ROOT>/android/app/build.gradle.kts
applies the Kotlin Gradle Plugin, which will cause build failures in future versions of Flutter. 
Please migrate your app to Built-in Kotlin using this guide: https://docs.flutter.dev/release/breaking-changes/migrate-to-built-in-kotlin/for-app-developers

VMServiceFlutterDriver: Connecting to Flutter application at http://127.0.0.1:40763/lVUTVphaGM8=/
[spm]: Detected VM service URI: ws://127.0.0.1:40763/lVUTVphaGM8=/ws
VMServiceFlutterDriver: Isolate found with number: 1530512234563807
VMServiceFlutterDriver: Isolate 1530512234563807 is runnable.
VMServiceFlutterDriver: Isolate is paused at start.
VMServiceFlutterDriver: Attempting to resume isolate
VMServiceFlutterDriver: Connected to Flutter application.
VMServiceFlutterDriver: request_data message is taking a long time to complete...