# sample_id=0591/rev_004_acc0fdf3 exec_index=9 ok=True perf_lines=30 vm_events=30 battery_pct=56 soc_temp_millic=44500 battery_temp_c=31.9 charging=False preflight_started=2026-09-11T05:04:45.485223+00:00 started=2026-09-11T05:04:48.116533+00:00 ts=2026-09-11T05:06:50.922141+00:00
[spm]: Running flutter analyze...
Analyzing lib...                                                

   info • The part-of directive uses a library name. Try converting the directive to use the URI of the library • lib/dependencies.dart:46:1 • use_string_in_part_of_directives
   info • Redundant initialization to 'null'. Try removing the initializer • lib/dependencies.dart:65:9 • avoid_init_to_null
   info • Constructors in '@immutable' classes should be declared as 'const'. Try adding 'const' to the constructor declaration • lib/dependencies.dart:83:3 • prefer_const_constructors_in_immutables
   info • Constructors in '@immutable' classes should be declared as 'const'. Try adding 'const' to the constructor declaration • lib/dependencies.dart:91:3 • prefer_const_constructors_in_immutables
   info • Library names are not necessary. Remove the library name • lib/generated_widget.dart:2:9 • unnecessary_library_name
   info • Constructors in '@immutable' classes should be declared as 'const'. Try adding 'const' to the constructor declaration • lib/generated_widget.dart:12:3 • prefer_const_constructors_in_immutables

[spm]: Injecting profiler code...
[spm]: Starting app...
Running Gradle task 'assembleProfile'...                        
Running Gradle task 'assembleProfile'...                           21.7s
✓ Built build/app/outputs/flutter-apk/app-profile.apk (26.8MB)
Installing build/app/outputs/flutter-apk/app-profile.apk...      1,294ms
E/MiuiMultiWindowUtils(18118): initFreeFormResolutionArgs failed, device is lime
D/IS_CTS_MODE(18118): true
D/MULTI_WINDOW_SWITCH_ENABLED(18118): false
D/IS_CTS_MODE(18118): true
D/MULTI_WINDOW_SWITCH_ENABLED(18118): false
D/IS_CTS_MODE(18118): true
D/MULTI_WINDOW_SWITCH_ENABLED(18118): false
D/DecorView[](18118): getWindowModeFromSystem  windowmode is 1
D/DecorView[](18118): getWindowModeFromSystem  windowmode is 1
D/DecorView[](18118): updateDecorCaptionStatus displayWindowDecor is false
W/Looper  (18118): PerfMonitor looperActivity : package=com.example.benchmark_container/.MainActivity time=418ms latency=353ms running=0ms  procState=-1  historyMsgCount=2 (msgIndex=1 wall=418ms seq=4 late=353ms h=android.app.ActivityThread$H w=159) (msgIndex=2 wall=369ms seq=3 h=android.app.ActivityThread$H w=110)
W/Looper  (18118): PerfMonitor looperActivity : package=com.example.benchmark_container/.MainActivity time=0ms latency=773ms running=0ms  procState=-1  historyMsgCount=4 (msgIndex=2 wall=418ms seq=4 h=android.app.ActivityThread$H w=159) (msgIndex=3 wall=369ms seq=3 h=android.app.ActivityThread$H w=110) (msgIndex=4 wall=418ms seq=4 h=android.app.ActivityThread$H w=159)
D/SurfaceView(18118): UPDATE null, mIsCastMode = false
D/hw-ProcessState(18118): Binder ioctl to enable oneway spam detection failed: Invalid argument
W/Looper  (18118): PerfMonitor longMsg : seq=8 plan=08:05:26.905 late=418ms wall=1651ms running=0ms h=android.view.Choreographer$FrameHandler c=android.view.Choreographer$FrameDisplayEventReceiver procState=-1
W/Looper  (18118): PerfMonitor doFrame : time=1651ms vsyncFrame=0 latency=418ms procState=-1 historyMsgCount=4 (msgIndex=1 wall=1651ms seq=8 late=418ms h=android.view.Choreographer$FrameHandler c=android.view.Choreographer$FrameDisplayEventReceiver)
I/Choreographer(18118): Skipped 93 frames!  The application may be doing too much work on its main thread.
D/SurfaceView(18118): UPDATE Surface(name=SurfaceView[com.example.benchmark_container/com.example.benchmark_container.MainActivity])/@0x739554a, mIsProjectionMode = false
W/Looper  (18118): PerfMonitor doFrame : time=2ms vsyncFrame=0 latency=1560ms procState=-1 historyMsgCount=4
[spm]: Connected to Dart VM service.
I/flutter (18118): 00:00 +0: Performance Benchmark
E/hmark_containe(18118): open libmigui.so failed! dlopen - dlopen failed: library "libmigui.so" not found
D/hmark_containe(18118): MiuiProcessManagerServiceStub setSchedFifo
I/MiuiProcessManagerImpl(18118): setSchedFifo pid:18118, mode:3
D/DecorView[](18118): onWindowFocusChanged hasWindowFocus true
D/DecorView[](18118): getWindowModeFromSystem  windowmode is 1
D/DecorView[](18118): updateDecorCaptionStatus displayWindowDecor is false
D/ProfileInstaller(18118): Installing profile for com.example.benchmark_container
[spm]: ProfilerData event received.
I/flutter (18118): [SPM:perf] 698a51a  buildSpan: 14000µs
I/flutter (18118): [spm] Performance monitoring completed for 698a51a
[spm]: ProfilerData event received.
I/flutter (18118): [SPM:perf] 698a51a  buildSpan: 4017µs
I/flutter (18118): [spm] Performance monitoring completed for 698a51a
I/flutter (18118): [SPM:perf] 698a51a  buildSpan: 5110µs
I/flutter (18118): [spm] Performance monitoring completed for 698a51a
[spm]: ProfilerData event received.
[spm]: ProfilerData event received.
I/flutter (18118): [SPM:perf] 698a51a  buildSpan: 5872µs
I/flutter (18118): [spm] Performance monitoring completed for 698a51a
[spm]: ProfilerData event received.
I/flutter (18118): [SPM:perf] 698a51a  buildSpan: 5018µs
I/flutter (18118): [spm] Performance monitoring completed for 698a51a
[spm]: ProfilerData event received.
I/flutter (18118): [SPM:perf] 698a51a  buildSpan: 5321µs
I/flutter (18118): [spm] Performance monitoring completed for 698a51a
[spm]: ProfilerData event received.
I/flutter (18118): [SPM:perf] 698a51a  buildSpan: 4796µs
I/flutter (18118): [spm] Performance monitoring completed for 698a51a
[spm]: ProfilerData event received.
I/flutter (18118): [SPM:perf] 698a51a  buildSpan: 4039µs
I/flutter (18118): [spm] Performance monitoring completed for 698a51a
[spm]: ProfilerData event received.
I/flutter (18118): [SPM:perf] 698a51a  buildSpan: 5194µs
I/flutter (18118): [spm] Performance monitoring completed for 698a51a
[spm]: ProfilerData event received.
I/flutter (18118): [SPM:perf] 698a51a  buildSpan: 5010µs
I/flutter (18118): [spm] Performance monitoring completed for 698a51a
[spm]: ProfilerData event received.
I/flutter (18118): [SPM:perf] 698a51a  buildSpan: 4677µs
I/flutter (18118): [spm] Performance monitoring completed for 698a51a
[spm]: ProfilerData event received.
I/flutter (18118): [SPM:perf] 698a51a  buildSpan: 5243µs
I/flutter (18118): [spm] Performance monitoring completed for 698a51a
I/flutter (18118): [SPM:perf] 698a51a  buildSpan: 3943µs
I/flutter (18118): [spm] Performance monitoring completed for 698a51a
[spm]: ProfilerData event received.
[spm]: ProfilerData event received.
I/flutter (18118): [SPM:perf] 698a51a  buildSpan: 5065µs
I/flutter (18118): [spm] Performance monitoring completed for 698a51a
[spm]: ProfilerData event received.
I/flutter (18118): [SPM:perf] 698a51a  buildSpan: 5061µs
I/flutter (18118): [spm] Performance monitoring completed for 698a51a
[spm]: ProfilerData event received.
I/flutter (18118): [SPM:perf] 698a51a  buildSpan: 5074µs
I/flutter (18118): [spm] Performance monitoring completed for 698a51a
I/flutter (18118): [SPM:perf] 698a51a  buildSpan: 4503µs
I/flutter (18118): [spm] Performance monitoring completed for 698a51a
[spm]: ProfilerData event received.
I/flutter (18118): [SPM:perf] 698a51a  buildSpan: 3919µs
I/flutter (18118): [spm] Performance monitoring completed for 698a51a
[spm]: ProfilerData event received.
[spm]: ProfilerData event received.
I/flutter (18118): [SPM:perf] 698a51a  buildSpan: 5252µs
I/flutter (18118): [spm] Performance monitoring completed for 698a51a
[spm]: ProfilerData event received.
I/flutter (18118): [SPM:perf] 698a51a  buildSpan: 4791µs
I/flutter (18118): [spm] Performance monitoring completed for 698a51a
[spm]: ProfilerData event received.
I/flutter (18118): [SPM:perf] 698a51a  buildSpan: 5092µs
I/flutter (18118): [spm] Performance monitoring completed for 698a51a
I/flutter (18118): [SPM:perf] 698a51a  buildSpan: 5045µs
I/flutter (18118): [spm] Performance monitoring completed for 698a51a
[spm]: ProfilerData event received.
I/flutter (18118): [SPM:perf] 698a51a  buildSpan: 4020µs
I/flutter (18118): [spm] Performance monitoring completed for 698a51a
[spm]: ProfilerData event received.
[spm]: ProfilerData event received.
I/flutter (18118): [SPM:perf] 698a51a  buildSpan: 3194µs
I/flutter (18118): [spm] Performance monitoring completed for 698a51a
[spm]: ProfilerData event received.
I/flutter (18118): [SPM:perf] 698a51a  buildSpan: 5243µs
I/flutter (18118): [spm] Performance monitoring completed for 698a51a
[spm]: ProfilerData event received.
I/flutter (18118): [SPM:perf] 698a51a  buildSpan: 5110µs
I/flutter (18118): [spm] Performance monitoring completed for 698a51a
[spm]: ProfilerData event received.
I/flutter (18118): [SPM:perf] 698a51a  buildSpan: 5233µs
I/flutter (18118): [spm] Performance monitoring completed for 698a51a
I/flutter (18118): [SPM:perf] 698a51a  buildSpan: 4578µs
I/flutter (18118): [spm] Performance monitoring completed for 698a51a
[spm]: ProfilerData event received.
[spm]: ProfilerData event received.
I/flutter (18118): [SPM:perf] 698a51a  buildSpan: 4550µs
I/flutter (18118): [spm] Performance monitoring completed for 698a51a
[spm]: ProfilerData event received.
I/flutter (18118): [SPM:perf] 698a51a  buildSpan: 5254µs
I/flutter (18118): [spm] Performance monitoring completed for 698a51a
I/flutter (18118): 01:10 +1: (tearDownAll)
I/flutter (18118): 01:11 +2: All tests passed!
All tests passed.
[spm]: Saved 30 profiler events to <ROOT>/dataset-new_samples/0591/redmi9t/raw/20260911-074045/rev_004_acc0fdf3/e9.jsonl
[spm]: Reverting injection...
6 issues found. (ran in 0.6s)
WARNING: Your Android app project: app located at: <ROOT>/android/app/build.gradle.kts
applies the Kotlin Gradle Plugin, which will cause build failures in future versions of Flutter. 
Please migrate your app to Built-in Kotlin using this guide: https://docs.flutter.dev/release/breaking-changes/migrate-to-built-in-kotlin/for-app-developers

VMServiceFlutterDriver: Connecting to Flutter application at http://127.0.0.1:35023/XNdG-TMxtl8=/
[spm]: Detected VM service URI: ws://127.0.0.1:35023/XNdG-TMxtl8=/ws
VMServiceFlutterDriver: Isolate found with number: 1976644952264847
VMServiceFlutterDriver: Isolate 1976644952264847 is runnable.
VMServiceFlutterDriver: Isolate is paused at start.
VMServiceFlutterDriver: Attempting to resume isolate
VMServiceFlutterDriver: Connected to Flutter application.
VMServiceFlutterDriver: request_data message is taking a long time to complete...