# sample_id=1385/rev_005_659ae7ce exec_index=14 ok=True perf_lines=30 vm_events=30 battery_pct=48 soc_temp_millic=37000 battery_temp_c=29.6 charging=False preflight_started=2026-09-17T22:23:23.863188+00:00 started=2026-09-17T22:23:26.743852+00:00 ts=2026-09-17T22:25:32.119438+00:00
[spm]: Running flutter analyze...
Resolving dependencies...
Downloading packages...
  _fe_analyzer_shared 100.0.0 (108.0.0 available)
  analyzer 13.0.0 (14.4.0 available)
  async 2.13.0 (2.13.1 available)
  clock 1.1.2 (1.1.3 available)
  cupertino_icons 1.0.8 (1.0.9 available)
  glob 2.1.3 (2.2.0 available)
  lints 6.0.0 (6.1.0 available)
  matcher 0.12.19 (0.12.20 available)
  material_color_utilities 0.13.0 (0.13.1 available)
  meta 1.18.0 (1.19.0 available)
  package_config 2.2.0 (3.0.0 available)
  platform 3.1.6 (3.2.0 available)
  process 5.0.5 (5.0.6 available)
  pub_semver 2.2.0 (2.2.1 available)
  source_span 1.10.1 (1.10.2 available)
  stack_trace 1.12.1 (1.12.2 available)
  test_api 0.7.11 (0.7.14 available)
  vector_math 2.2.0 (2.4.2 available)
  vm_service 15.0.2 (15.3.0 available)
  webdriver 3.1.0 (3.2.0 available)
  yaml 3.1.3 (3.1.4 available)
Got dependencies!
21 packages have newer versions incompatible with dependency constraints.
Try `flutter pub outdated` for more information.
Analyzing lib...                                                

   info • The part-of directive uses a library name. Try converting the directive to use the URI of the library • lib/dependencies.dart:46:1 • use_string_in_part_of_directives
   info • Library names are not necessary. Remove the library name • lib/generated_widget.dart:2:9 • unnecessary_library_name
   info • Constructors in '@immutable' classes should be declared as 'const'. Try adding 'const' to the constructor declaration • lib/generated_widget.dart:12:3 • prefer_const_constructors_in_immutables

[spm]: Injecting profiler code...
[spm]: Starting app...
Running Gradle task 'assembleProfile'...                        
Running Gradle task 'assembleProfile'...                           23.4s
✓ Built build/app/outputs/flutter-apk/app-profile.apk (34.3MB)
Installing build/app/outputs/flutter-apk/app-profile.apk...      1,470ms
D/DecorView[](30062): getWindowModeFromSystem  windowmode is 1
D/DecorView[](30062): updateDecorCaptionStatus displayWindowDecor is false
W/Looper  (30062): PerfMonitor looperActivity : package=com.example.benchmark_container/.MainActivity time=396ms latency=345ms running=0ms  procState=-1  historyMsgCount=2 (msgIndex=1 wall=396ms seq=4 late=345ms h=android.app.ActivityThread$H w=159) (msgIndex=2 wall=383ms seq=3 h=android.app.ActivityThread$H w=110)
W/Looper  (30062): PerfMonitor looperActivity : package=com.example.benchmark_container/.MainActivity time=1ms latency=742ms running=0ms  procState=-1  historyMsgCount=4 (msgIndex=2 wall=396ms seq=4 late=345ms h=android.app.ActivityThread$H w=159) (msgIndex=3 wall=383ms seq=3 h=android.app.ActivityThread$H w=110) (msgIndex=4 wall=396ms seq=4 late=345ms h=android.app.ActivityThread$H w=159)
D/SurfaceView(30062): UPDATE null, mIsCastMode = false
D/hw-ProcessState(30062): Binder ioctl to enable oneway spam detection failed: Invalid argument
W/Looper  (30062): PerfMonitor longMsg : seq=8 plan=01:24:07.187 late=417ms wall=1788ms running=0ms h=android.view.Choreographer$FrameHandler c=android.view.Choreographer$FrameDisplayEventReceiver procState=-1
W/Looper  (30062): PerfMonitor doFrame : time=1788ms vsyncFrame=0 latency=417ms procState=-1 historyMsgCount=7 (msgIndex=2 wall=396ms seq=4 h=android.app.ActivityThread$H w=159) (msgIndex=3 wall=1788ms seq=8 late=417ms h=android.view.Choreographer$FrameHandler c=android.view.Choreographer$FrameDisplayEventReceiver) (msgIndex=4 wall=396ms seq=4 h=android.app.ActivityThread$H w=159)
I/Choreographer(30062): Skipped 100 frames!  The application may be doing too much work on its main thread.
D/SurfaceView(30062): UPDATE Surface(name=SurfaceView[com.example.benchmark_container/com.example.benchmark_container.MainActivity])/@0x9ac515, mIsProjectionMode = false
W/Looper  (30062): PerfMonitor doFrame : time=2ms vsyncFrame=0 latency=1678ms procState=-1 historyMsgCount=4
[spm]: Connected to Dart VM service.
I/flutter (30062): 00:00 +0: Performance Benchmark
E/hmark_containe(30062): open libmigui.so failed! dlopen - dlopen failed: library "libmigui.so" not found
D/hmark_containe(30062): MiuiProcessManagerServiceStub setSchedFifo
I/MiuiProcessManagerImpl(30062): setSchedFifo pid:30062, mode:3
D/DecorView[](30062): onWindowFocusChanged hasWindowFocus true
D/ProfileInstaller(30062): Installing profile for com.example.benchmark_container
D/DecorView[](30062): getWindowModeFromSystem  windowmode is 1
D/DecorView[](30062): updateDecorCaptionStatus displayWindowDecor is false
[spm]: ProfilerData event received.
I/flutter (30062): [SPM:perf] 698a51a  buildSpan: 4924µs
I/flutter (30062): [spm] Performance monitoring completed for 698a51a
[spm]: ProfilerData event received.
I/flutter (30062): [SPM:perf] 698a51a  buildSpan: 4768µs
I/flutter (30062): [spm] Performance monitoring completed for 698a51a
[spm]: ProfilerData event received.
I/flutter (30062): [SPM:perf] 698a51a  buildSpan: 4499µs
I/flutter (30062): [spm] Performance monitoring completed for 698a51a
[spm]: ProfilerData event received.
I/flutter (30062): [SPM:perf] 698a51a  buildSpan: 4377µs
I/flutter (30062): [spm] Performance monitoring completed for 698a51a
[spm]: ProfilerData event received.
I/flutter (30062): [SPM:perf] 698a51a  buildSpan: 4798µs
I/flutter (30062): [spm] Performance monitoring completed for 698a51a
[spm]: ProfilerData event received.
I/flutter (30062): [SPM:perf] 698a51a  buildSpan: 4442µs
I/flutter (30062): [spm] Performance monitoring completed for 698a51a
[spm]: ProfilerData event received.
I/flutter (30062): [SPM:perf] 698a51a  buildSpan: 4704µs
I/flutter (30062): [spm] Performance monitoring completed for 698a51a
I/flutter (30062): [SPM:perf] 698a51a  buildSpan: 4180µs
I/flutter (30062): [spm] Performance monitoring completed for 698a51a
[spm]: ProfilerData event received.
[spm]: ProfilerData event received.
I/flutter (30062): [SPM:perf] 698a51a  buildSpan: 4655µs
I/flutter (30062): [spm] Performance monitoring completed for 698a51a
[spm]: ProfilerData event received.
I/flutter (30062): [SPM:perf] 698a51a  buildSpan: 4409µs
I/flutter (30062): [spm] Performance monitoring completed for 698a51a
[spm]: ProfilerData event received.
I/flutter (30062): [SPM:perf] 698a51a  buildSpan: 4981µs
I/flutter (30062): [spm] Performance monitoring completed for 698a51a
I/flutter (30062): [SPM:perf] 698a51a  buildSpan: 4516µs
I/flutter (30062): [spm] Performance monitoring completed for 698a51a
[spm]: ProfilerData event received.
[spm]: ProfilerData event received.
I/flutter (30062): [SPM:perf] 698a51a  buildSpan: 4374µs
I/flutter (30062): [spm] Performance monitoring completed for 698a51a
I/flutter (30062): [SPM:perf] 698a51a  buildSpan: 4527µs
I/flutter (30062): [spm] Performance monitoring completed for 698a51a
[spm]: ProfilerData event received.
I/flutter (30062): [SPM:perf] 698a51a  buildSpan: 4925µs
I/flutter (30062): [spm] Performance monitoring completed for 698a51a
[spm]: ProfilerData event received.
I/flutter (30062): [SPM:perf] 698a51a  buildSpan: 5016µs
[spm]: ProfilerData event received.
I/flutter (30062): [spm] Performance monitoring completed for 698a51a
[spm]: ProfilerData event received.
I/flutter (30062): [SPM:perf] 698a51a  buildSpan: 4574µs
I/flutter (30062): [spm] Performance monitoring completed for 698a51a
I/flutter (30062): [SPM:perf] 698a51a  buildSpan: 4766µs
I/flutter (30062): [spm] Performance monitoring completed for 698a51a
[spm]: ProfilerData event received.
I/flutter (30062): [SPM:perf] 698a51a  buildSpan: 4409µs
I/flutter (30062): [spm] Performance monitoring completed for 698a51a
[spm]: ProfilerData event received.
I/flutter (30062): [SPM:perf] 698a51a  buildSpan: 3668µs
I/flutter (30062): [spm] Performance monitoring completed for 698a51a
[spm]: ProfilerData event received.
I/flutter (30062): [SPM:perf] 698a51a  buildSpan: 4172µs
I/flutter (30062): [spm] Performance monitoring completed for 698a51a
[spm]: ProfilerData event received.
[spm]: ProfilerData event received.
I/flutter (30062): [SPM:perf] 698a51a  buildSpan: 4810µs
I/flutter (30062): [spm] Performance monitoring completed for 698a51a
I/flutter (30062): [SPM:perf] 698a51a  buildSpan: 4515µs
I/flutter (30062): [spm] Performance monitoring completed for 698a51a
[spm]: ProfilerData event received.
[spm]: ProfilerData event received.
I/flutter (30062): [SPM:perf] 698a51a  buildSpan: 4426µs
I/flutter (30062): [spm] Performance monitoring completed for 698a51a
[spm]: ProfilerData event received.
I/flutter (30062): [SPM:perf] 698a51a  buildSpan: 4394µs
I/flutter (30062): [spm] Performance monitoring completed for 698a51a
I/flutter (30062): [SPM:perf] 698a51a  buildSpan: 4825µs
I/flutter (30062): [spm] Performance monitoring completed for 698a51a
[spm]: ProfilerData event received.
I/flutter (30062): [SPM:perf] 698a51a  buildSpan: 4950µs
[spm]: ProfilerData event received.
I/flutter (30062): [spm] Performance monitoring completed for 698a51a
I/flutter (30062): [SPM:perf] 698a51a  buildSpan: 4659µs
[spm]: ProfilerData event received.
I/flutter (30062): [spm] Performance monitoring completed for 698a51a
I/flutter (30062): [SPM:perf] 698a51a  buildSpan: 4207µs
I/flutter (30062): [spm] Performance monitoring completed for 698a51a
[spm]: ProfilerData event received.
[spm]: ProfilerData event received.
I/flutter (30062): [SPM:perf] 698a51a  buildSpan: 4744µs
I/flutter (30062): [spm] Performance monitoring completed for 698a51a
I/flutter (30062): 01:10 +1: (tearDownAll)
I/flutter (30062): 01:11 +2: All tests passed!
All tests passed.
[spm]: Saved 30 profiler events to <ROOT>/dataset-new_samples/1385/redmi9t/raw/20260917-225915/rev_005_659ae7ce/e14.jsonl
[spm]: Reverting injection...
3 issues found. (ran in 0.5s)
WARNING: Your Android app project: app located at: <ROOT>/android/app/build.gradle.kts
applies the Kotlin Gradle Plugin, which will cause build failures in future versions of Flutter. 
Please migrate your app to Built-in Kotlin using this guide: https://docs.flutter.dev/release/breaking-changes/migrate-to-built-in-kotlin/for-app-developers

VMServiceFlutterDriver: Connecting to Flutter application at http://127.0.0.1:34855/E1ZC-auAvaY=/
[spm]: Detected VM service URI: ws://127.0.0.1:34855/E1ZC-auAvaY=/ws
VMServiceFlutterDriver: Isolate found with number: 1067213951158627
VMServiceFlutterDriver: Isolate 1067213951158627 is runnable.
VMServiceFlutterDriver: Isolate is paused at start.
VMServiceFlutterDriver: Attempting to resume isolate
VMServiceFlutterDriver: Connected to Flutter application.
VMServiceFlutterDriver: request_data message is taking a long time to complete...