# sample_id=1385/rev_005_659ae7ce exec_index=2 ok=True perf_lines=30 vm_events=30 battery_pct=51 soc_temp_millic=37100 battery_temp_c=29.6 charging=False preflight_started=2026-09-17T21:37:03.938704+00:00 started=2026-09-17T21:37:06.661389+00:00 ts=2026-09-17T21:39:21.298565+00:00
[spm]: Running flutter analyze...
Resolving dependencies...
Downloading packages...
  _fe_analyzer_shared 100.0.0 (108.0.0 available)
  analyzer 13.0.0 (14.4.0 available)
  async 2.13.0 (2.13.1 available)
  clock 1.1.2 (1.1.3 available)
  cupertino_icons 1.0.8 (1.0.9 available)
  glob 2.1.3 (2.2.0 available)
  lints 6.0.0 (6.1.0 available)
  matcher 0.12.19 (0.12.20 available)
  material_color_utilities 0.13.0 (0.13.1 available)
  meta 1.18.0 (1.19.0 available)
  package_config 2.2.0 (3.0.0 available)
  platform 3.1.6 (3.2.0 available)
  process 5.0.5 (5.0.6 available)
  pub_semver 2.2.0 (2.2.1 available)
  source_span 1.10.1 (1.10.2 available)
  stack_trace 1.12.1 (1.12.2 available)
  test_api 0.7.11 (0.7.14 available)
  vector_math 2.2.0 (2.4.2 available)
  vm_service 15.0.2 (15.3.0 available)
  webdriver 3.1.0 (3.2.0 available)
  yaml 3.1.3 (3.1.4 available)
Got dependencies!
21 packages have newer versions incompatible with dependency constraints.
Try `flutter pub outdated` for more information.
Analyzing lib...                                                

   info • The part-of directive uses a library name. Try converting the directive to use the URI of the library • lib/dependencies.dart:46:1 • use_string_in_part_of_directives
   info • Library names are not necessary. Remove the library name • lib/generated_widget.dart:2:9 • unnecessary_library_name
   info • Constructors in '@immutable' classes should be declared as 'const'. Try adding 'const' to the constructor declaration • lib/generated_widget.dart:12:3 • prefer_const_constructors_in_immutables

[spm]: Injecting profiler code...
[spm]: Starting app...
Running Gradle task 'assembleProfile'...                        
Running Gradle task 'assembleProfile'...                           27.6s
✓ Built build/app/outputs/flutter-apk/app-profile.apk (34.3MB)
Installing build/app/outputs/flutter-apk/app-profile.apk...      1,510ms
D/DecorView[](20180): getWindowModeFromSystem  windowmode is 1
D/DecorView[](20180): updateDecorCaptionStatus displayWindowDecor is false
W/Looper  (20180): PerfMonitor looperActivity : package=com.example.benchmark_container/.MainActivity time=404ms latency=368ms running=0ms  procState=-1  historyMsgCount=3 (msgIndex=1 wall=404ms seq=4 late=368ms h=android.app.ActivityThread$H w=159) (msgIndex=3 wall=366ms seq=3 h=android.app.ActivityThread$H w=110)
W/Looper  (20180): PerfMonitor looperActivity : package=com.example.benchmark_container/.MainActivity time=1ms latency=773ms running=0ms  procState=-1  historyMsgCount=4 (msgIndex=1 wall=404ms seq=4 late=368ms h=android.app.ActivityThread$H w=159) (msgIndex=3 wall=366ms seq=3 h=android.app.ActivityThread$H w=110) (msgIndex=4 wall=404ms seq=4 late=368ms h=android.app.ActivityThread$H w=159)
D/SurfaceView(20180): UPDATE null, mIsCastMode = false
D/hw-ProcessState(20180): Binder ioctl to enable oneway spam detection failed: Invalid argument
W/Looper  (20180): PerfMonitor longMsg : seq=8 plan=00:37:54.549 late=436ms wall=1805ms running=0ms h=android.view.Choreographer$FrameHandler c=android.view.Choreographer$FrameDisplayEventReceiver procState=-1
W/Looper  (20180): PerfMonitor doFrame : time=1805ms vsyncFrame=0 latency=436ms procState=-1 historyMsgCount=7 (msgIndex=1 wall=404ms seq=4 h=android.app.ActivityThread$H w=159) (msgIndex=3 wall=1805ms seq=8 late=436ms h=android.view.Choreographer$FrameHandler c=android.view.Choreographer$FrameDisplayEventReceiver) (msgIndex=4 wall=404ms seq=4 h=android.app.ActivityThread$H w=159)
I/Choreographer(20180): Skipped 102 frames!  The application may be doing too much work on its main thread.
D/SurfaceView(20180): UPDATE Surface(name=SurfaceView[com.example.benchmark_container/com.example.benchmark_container.MainActivity])/@0x9ac515, mIsProjectionMode = false
W/Looper  (20180): PerfMonitor doFrame : time=3ms vsyncFrame=0 latency=1714ms procState=-1 historyMsgCount=4
[spm]: Connected to Dart VM service.
I/flutter (20180): 00:00 +0: Performance Benchmark
E/hmark_containe(20180): open libmigui.so failed! dlopen - dlopen failed: library "libmigui.so" not found
D/hmark_containe(20180): MiuiProcessManagerServiceStub setSchedFifo
I/MiuiProcessManagerImpl(20180): setSchedFifo pid:20180, mode:3
D/DecorView[](20180): onWindowFocusChanged hasWindowFocus true
D/DecorView[](20180): getWindowModeFromSystem  windowmode is 1
D/DecorView[](20180): updateDecorCaptionStatus displayWindowDecor is false
D/ProfileInstaller(20180): Installing profile for com.example.benchmark_container
[spm]: ProfilerData event received.
I/flutter (20180): [SPM:perf] 698a51a  buildSpan: 4769µs
I/flutter (20180): [spm] Performance monitoring completed for 698a51a
[spm]: ProfilerData event received.
I/flutter (20180): [SPM:perf] 698a51a  buildSpan: 4673µs
I/flutter (20180): [spm] Performance monitoring completed for 698a51a
[spm]: ProfilerData event received.
I/flutter (20180): [SPM:perf] 698a51a  buildSpan: 4768µs
I/flutter (20180): [spm] Performance monitoring completed for 698a51a
[spm]: ProfilerData event received.
I/flutter (20180): [SPM:perf] 698a51a  buildSpan: 4236µs
I/flutter (20180): [spm] Performance monitoring completed for 698a51a
[spm]: ProfilerData event received.
I/flutter (20180): [SPM:perf] 698a51a  buildSpan: 4813µs
I/flutter (20180): [spm] Performance monitoring completed for 698a51a
[spm]: ProfilerData event received.
I/flutter (20180): [SPM:perf] 698a51a  buildSpan: 4287µs
I/flutter (20180): [spm] Performance monitoring completed for 698a51a
[spm]: ProfilerData event received.
I/flutter (20180): [SPM:perf] 698a51a  buildSpan: 4637µs
I/flutter (20180): [spm] Performance monitoring completed for 698a51a
I/flutter (20180): [SPM:perf] 698a51a  buildSpan: 4823µs
[spm]: ProfilerData event received.
I/flutter (20180): [spm] Performance monitoring completed for 698a51a
[spm]: ProfilerData event received.
I/flutter (20180): [SPM:perf] 698a51a  buildSpan: 3361µs
I/flutter (20180): [spm] Performance monitoring completed for 698a51a
[spm]: ProfilerData event received.
I/flutter (20180): [SPM:perf] 698a51a  buildSpan: 4682µs
I/flutter (20180): [spm] Performance monitoring completed for 698a51a
[spm]: ProfilerData event received.
I/flutter (20180): [SPM:perf] 698a51a  buildSpan: 4734µs
I/flutter (20180): [spm] Performance monitoring completed for 698a51a
[spm]: ProfilerData event received.
I/flutter (20180): [SPM:perf] 698a51a  buildSpan: 4749µs
I/flutter (20180): [spm] Performance monitoring completed for 698a51a
I/flutter (20180): [SPM:perf] 698a51a  buildSpan: 4890µs
[spm]: ProfilerData event received.
I/flutter (20180): [spm] Performance monitoring completed for 698a51a
[spm]: ProfilerData event received.
I/flutter (20180): [SPM:perf] 698a51a  buildSpan: 4470µs
I/flutter (20180): [spm] Performance monitoring completed for 698a51a
[spm]: ProfilerData event received.
I/flutter (20180): [SPM:perf] 698a51a  buildSpan: 4830µs
I/flutter (20180): [spm] Performance monitoring completed for 698a51a
[spm]: ProfilerData event received.
I/flutter (20180): [SPM:perf] 698a51a  buildSpan: 3602µs
I/flutter (20180): [spm] Performance monitoring completed for 698a51a
[spm]: ProfilerData event received.
I/flutter (20180): [SPM:perf] 698a51a  buildSpan: 4868µs
I/flutter (20180): [spm] Performance monitoring completed for 698a51a
[spm]: ProfilerData event received.
I/flutter (20180): [SPM:perf] 698a51a  buildSpan: 4872µs
I/flutter (20180): [spm] Performance monitoring completed for 698a51a
[spm]: ProfilerData event received.
I/flutter (20180): [SPM:perf] 698a51a  buildSpan: 4180µs
I/flutter (20180): [spm] Performance monitoring completed for 698a51a
I/flutter (20180): [SPM:perf] 698a51a  buildSpan: 4878µs
[spm]: ProfilerData event received.
I/flutter (20180): [spm] Performance monitoring completed for 698a51a
[spm]: ProfilerData event received.
I/flutter (20180): [SPM:perf] 698a51a  buildSpan: 4382µs
I/flutter (20180): [spm] Performance monitoring completed for 698a51a
[spm]: ProfilerData event received.
I/flutter (20180): [SPM:perf] 698a51a  buildSpan: 5171µs
I/flutter (20180): [spm] Performance monitoring completed for 698a51a
[spm]: ProfilerData event received.
I/flutter (20180): [SPM:perf] 698a51a  buildSpan: 4867µs
I/flutter (20180): [spm] Performance monitoring completed for 698a51a
I/flutter (20180): [SPM:perf] 698a51a  buildSpan: 4083µs
I/flutter (20180): [spm] Performance monitoring completed for 698a51a
[spm]: ProfilerData event received.
[spm]: ProfilerData event received.
I/flutter (20180): [SPM:perf] 698a51a  buildSpan: 4602µs
I/flutter (20180): [spm] Performance monitoring completed for 698a51a
[spm]: ProfilerData event received.
I/flutter (20180): [SPM:perf] 698a51a  buildSpan: 4667µs
I/flutter (20180): [spm] Performance monitoring completed for 698a51a
[spm]: ProfilerData event received.
I/flutter (20180): [SPM:perf] 698a51a  buildSpan: 4795µs
I/flutter (20180): [spm] Performance monitoring completed for 698a51a
[spm]: ProfilerData event received.
I/flutter (20180): [SPM:perf] 698a51a  buildSpan: 4966µs
I/flutter (20180): [spm] Performance monitoring completed for 698a51a
[spm]: ProfilerData event received.
I/flutter (20180): [SPM:perf] 698a51a  buildSpan: 4705µs
I/flutter (20180): [spm] Performance monitoring completed for 698a51a
[spm]: ProfilerData event received.
I/flutter (20180): [SPM:perf] 698a51a  buildSpan: 4873µs
I/flutter (20180): [spm] Performance monitoring completed for 698a51a
I/flutter (20180): 01:10 +1: (tearDownAll)
I/flutter (20180): 01:11 +2: All tests passed!
All tests passed.
[spm]: Saved 30 profiler events to <ROOT>/dataset-new_samples/1385/redmi9t/raw/20260917-225915/rev_005_659ae7ce/e2.jsonl
[spm]: Reverting injection...
3 issues found. (ran in 0.7s)
WARNING: Your Android app project: app located at: <ROOT>/android/app/build.gradle.kts
applies the Kotlin Gradle Plugin, which will cause build failures in future versions of Flutter. 
Please migrate your app to Built-in Kotlin using this guide: https://docs.flutter.dev/release/breaking-changes/migrate-to-built-in-kotlin/for-app-developers

VMServiceFlutterDriver: Connecting to Flutter application at http://127.0.0.1:38525/b5dZNcKWnPQ=/
[spm]: Detected VM service URI: ws://127.0.0.1:38525/b5dZNcKWnPQ=/ws
VMServiceFlutterDriver: Isolate found with number: 439140790311635
VMServiceFlutterDriver: Isolate 439140790311635 is runnable.
VMServiceFlutterDriver: Isolate is paused at start.
VMServiceFlutterDriver: Attempting to resume isolate
VMServiceFlutterDriver: Connected to Flutter application.
VMServiceFlutterDriver: request_data message is taking a long time to complete...