# sample_id=0508/rev_015_9ed8fc40 exec_index=11 ok=True perf_lines=30 vm_events=30 battery_pct=60 soc_temp_millic=39500 battery_temp_c=34.0 charging=False preflight_started=2026-09-10T19:39:42.963515+00:00 started=2026-09-10T19:39:45.802400+00:00 ts=2026-09-10T19:41:54.680931+00:00
[spm]: Running flutter analyze...
Analyzing lib...                                                

   info • The part-of directive uses a library name. Try converting the directive to use the URI of the library • lib/dependencies.dart:43:1 • use_string_in_part_of_directives
   info • Library names are not necessary. Remove the library name • lib/generated_widget.dart:2:9 • unnecessary_library_name
   info • Constructors in '@immutable' classes should be declared as 'const'. Try adding 'const' to the constructor declaration • lib/generated_widget.dart:11:3 • prefer_const_constructors_in_immutables
   info • Use 'isEmpty' instead of 'length' to test whether the collection is empty. Try rewriting the expression to use 'isEmpty' • lib/generated_widget.dart:51:9 • prefer_is_empty
   info • Use a 'SizedBox' to add whitespace to a layout. Try using a 'SizedBox' rather than a 'Container' • lib/generated_widget.dart:165:40 • sized_box_for_whitespace
   info • The 'child' argument should be last in widget constructor invocations. Try moving the argument to the end of the argument list • lib/generated_widget.dart:166:35 • sort_child_properties_last
   info • The 'children' argument should be last in widget constructor invocations. Try moving the argument to the end of the argument list • lib/generated_widget.dart:371:35 • sort_child_properties_last
   info • Parameter 'key' could be a super parameter. Trying converting 'key' to a super parameter • lib/generated_widget.dart:414:9 • use_super_parameters
   info • Field overrides a field inherited from 'Widget'. Try removing the field, overriding the getter and setter if necessary • lib/generated_widget.dart:447:14 • overridden_fields
   info • The member 'key' overrides an inherited member but isn't annotated with '@override'. Try adding the '@override' annotation • lib/generated_widget.dart:447:14 • annotate_overrides

[spm]: Injecting profiler code...
[spm]: Starting app...
Running Gradle task 'assembleProfile'...                        
Running Gradle task 'assembleProfile'...                           21.8s
✓ Built build/app/outputs/flutter-apk/app-profile.apk (26.8MB)
Installing build/app/outputs/flutter-apk/app-profile.apk...      1,275ms
D/DecorView[]( 1109): getWindowModeFromSystem  windowmode is 1
I/ForceDarkHelperStubImpl( 1109): setViewRootImplForceDark: false for com.example.benchmark_container.MainActivity@e6f428d, reason: AppDarkModeEnable
I/ForceDarkHelperStubImpl( 1109): setViewRootImplForceDark: false for com.example.benchmark_container.MainActivity@e6f428d, reason: AppDarkModeEnable
D/DecorView[]( 1109): getWindowModeFromSystem  windowmode is 1
D/DecorView[]( 1109): updateDecorCaptionStatus displayWindowDecor is false
W/Looper  ( 1109): PerfMonitor looperActivity : package=com.example.benchmark_container/.MainActivity time=376ms latency=316ms running=0ms  procState=-1  historyMsgCount=3 (msgIndex=1 wall=346ms seq=3 h=android.app.ActivityThread$H w=110) (msgIndex=2 wall=346ms seq=3 h=android.app.ActivityThread$H w=110) (msgIndex=3 wall=346ms seq=3 h=android.app.ActivityThread$H w=110)
W/Looper  ( 1109): PerfMonitor looperActivity : package=com.example.benchmark_container/.MainActivity time=0ms latency=693ms running=0ms  procState=-1  historyMsgCount=4 (msgIndex=1 wall=346ms seq=3 h=android.app.ActivityThread$H w=110) (msgIndex=2 wall=346ms seq=3 h=android.app.ActivityThread$H w=110) (msgIndex=3 wall=346ms seq=3 h=android.app.ActivityThread$H w=110) (msgIndex=4 wall=376ms seq=4 late=316ms h=android.app.ActivityThread$H w=159)
D/SurfaceView( 1109): UPDATE null, mIsCastMode = false
D/hw-ProcessState( 1109): Binder ioctl to enable oneway spam detection failed: Invalid argument
W/Looper  ( 1109): PerfMonitor longMsg : seq=8 plan=22:40:27.171 late=388ms wall=1663ms running=0ms h=android.view.Choreographer$FrameHandler c=android.view.Choreographer$FrameDisplayEventReceiver procState=-1
W/Looper  ( 1109): PerfMonitor doFrame : time=1663ms vsyncFrame=0 latency=388ms procState=-1 historyMsgCount=7 (msgIndex=1 wall=1663ms seq=8 late=388ms h=android.view.Choreographer$FrameHandler c=android.view.Choreographer$FrameDisplayEventReceiver) (msgIndex=2 wall=1663ms seq=8 late=388ms h=android.view.Choreographer$FrameHandler c=android.view.Choreographer$FrameDisplayEventReceiver) (msgIndex=3 wall=1663ms seq=8 late=388ms h=android.view.Choreographer$FrameHandler c=android.view.Choreographer$FrameDisplayEventReceiver) (msgIndex=4 wall=376ms seq=4 h=android.app.ActivityThread$H w=159)
I/Choreographer( 1109): Skipped 94 frames!  The application may be doing too much work on its main thread.
D/SurfaceView( 1109): UPDATE Surface(name=SurfaceView[com.example.benchmark_container/com.example.benchmark_container.MainActivity])/@0xca20cbb, mIsProjectionMode = false
W/Looper  ( 1109): PerfMonitor doFrame : time=2ms vsyncFrame=0 latency=1576ms procState=-1 historyMsgCount=4
[spm]: Connected to Dart VM service.
I/flutter ( 1109): 00:00 +0: Performance Benchmark
E/hmark_containe( 1109): open libmigui.so failed! dlopen - dlopen failed: library "libmigui.so" not found
D/hmark_containe( 1109): MiuiProcessManagerServiceStub setSchedFifo
I/MiuiProcessManagerImpl( 1109): setSchedFifo pid:1109, mode:3
D/DecorView[]( 1109): onWindowFocusChanged hasWindowFocus true
D/DecorView[]( 1109): getWindowModeFromSystem  windowmode is 1
D/DecorView[]( 1109): updateDecorCaptionStatus displayWindowDecor is false
D/ProfileInstaller( 1109): Installing profile for com.example.benchmark_container
[spm]: ProfilerData event received.
I/flutter ( 1109): [SPM:perf] 698a51a  buildSpan: 666µs
I/flutter ( 1109): [spm] Performance monitoring completed for 698a51a
[spm]: ProfilerData event received.
I/flutter ( 1109): [SPM:perf] 698a51a  buildSpan: 629µs
I/flutter ( 1109): [spm] Performance monitoring completed for 698a51a
[spm]: ProfilerData event received.
I/flutter ( 1109): [SPM:perf] 698a51a  buildSpan: 455µs
I/flutter ( 1109): [spm] Performance monitoring completed for 698a51a
[spm]: ProfilerData event received.
I/flutter ( 1109): [SPM:perf] 698a51a  buildSpan: 433µs
I/flutter ( 1109): [spm] Performance monitoring completed for 698a51a
[spm]: ProfilerData event received.
I/flutter ( 1109): [SPM:perf] 698a51a  buildSpan: 369µs
I/flutter ( 1109): [spm] Performance monitoring completed for 698a51a
[spm]: ProfilerData event received.
I/flutter ( 1109): [SPM:perf] 698a51a  buildSpan: 492µs
I/flutter ( 1109): [spm] Performance monitoring completed for 698a51a
[spm]: ProfilerData event received.
I/flutter ( 1109): [SPM:perf] 698a51a  buildSpan: 390µs
I/flutter ( 1109): [spm] Performance monitoring completed for 698a51a
[spm]: ProfilerData event received.
I/flutter ( 1109): [SPM:perf] 698a51a  buildSpan: 355µs
I/flutter ( 1109): [spm] Performance monitoring completed for 698a51a
[spm]: ProfilerData event received.
I/flutter ( 1109): [SPM:perf] 698a51a  buildSpan: 360µs
I/flutter ( 1109): [spm] Performance monitoring completed for 698a51a
[spm]: ProfilerData event received.
I/flutter ( 1109): [SPM:perf] 698a51a  buildSpan: 474µs
I/flutter ( 1109): [spm] Performance monitoring completed for 698a51a
[spm]: ProfilerData event received.
I/flutter ( 1109): [SPM:perf] 698a51a  buildSpan: 368µs
I/flutter ( 1109): [spm] Performance monitoring completed for 698a51a
[spm]: ProfilerData event received.
I/flutter ( 1109): [SPM:perf] 698a51a  buildSpan: 579µs
I/flutter ( 1109): [spm] Performance monitoring completed for 698a51a
[spm]: ProfilerData event received.
I/flutter ( 1109): [SPM:perf] 698a51a  buildSpan: 462µs
I/flutter ( 1109): [spm] Performance monitoring completed for 698a51a
[spm]: ProfilerData event received.
I/flutter ( 1109): [SPM:perf] 698a51a  buildSpan: 365µs
I/flutter ( 1109): [spm] Performance monitoring completed for 698a51a
[spm]: ProfilerData event received.
I/flutter ( 1109): [SPM:perf] 698a51a  buildSpan: 515µs
I/flutter ( 1109): [spm] Performance monitoring completed for 698a51a
[spm]: ProfilerData event received.
I/flutter ( 1109): [SPM:perf] 698a51a  buildSpan: 670µs
I/flutter ( 1109): [spm] Performance monitoring completed for 698a51a
[spm]: ProfilerData event received.
I/flutter ( 1109): [SPM:perf] 698a51a  buildSpan: 619µs
I/flutter ( 1109): [spm] Performance monitoring completed for 698a51a
[spm]: ProfilerData event received.
I/flutter ( 1109): [SPM:perf] 698a51a  buildSpan: 439µs
I/flutter ( 1109): [spm] Performance monitoring completed for 698a51a
[spm]: ProfilerData event received.
I/flutter ( 1109): [SPM:perf] 698a51a  buildSpan: 428µs
I/flutter ( 1109): [spm] Performance monitoring completed for 698a51a
[spm]: ProfilerData event received.
I/flutter ( 1109): [SPM:perf] 698a51a  buildSpan: 723µs
I/flutter ( 1109): [spm] Performance monitoring completed for 698a51a
[spm]: ProfilerData event received.
I/flutter ( 1109): [SPM:perf] 698a51a  buildSpan: 463µs
I/flutter ( 1109): [spm] Performance monitoring completed for 698a51a
[spm]: ProfilerData event received.
I/flutter ( 1109): [SPM:perf] 698a51a  buildSpan: 511µs
I/flutter ( 1109): [spm] Performance monitoring completed for 698a51a
[spm]: ProfilerData event received.
I/flutter ( 1109): [SPM:perf] 698a51a  buildSpan: 508µs
I/flutter ( 1109): [spm] Performance monitoring completed for 698a51a
[spm]: ProfilerData event received.
I/flutter ( 1109): [SPM:perf] 698a51a  buildSpan: 331µs
I/flutter ( 1109): [spm] Performance monitoring completed for 698a51a
[spm]: ProfilerData event received.
I/flutter ( 1109): [SPM:perf] 698a51a  buildSpan: 286µs
I/flutter ( 1109): [spm] Performance monitoring completed for 698a51a
[spm]: ProfilerData event received.
I/flutter ( 1109): [SPM:perf] 698a51a  buildSpan: 558µs
I/flutter ( 1109): [spm] Performance monitoring completed for 698a51a
I/flutter ( 1109): [SPM:perf] 698a51a  buildSpan: 499µs
[spm]: ProfilerData event received.
I/flutter ( 1109): [spm] Performance monitoring completed for 698a51a
[spm]: ProfilerData event received.
I/flutter ( 1109): [SPM:perf] 698a51a  buildSpan: 473µs
I/flutter ( 1109): [spm] Performance monitoring completed for 698a51a
I/flutter ( 1109): [SPM:perf] 698a51a  buildSpan: 488µs
I/flutter ( 1109): [spm] Performance monitoring completed for 698a51a
[spm]: ProfilerData event received.
[spm]: ProfilerData event received.
I/flutter ( 1109): [SPM:perf] 698a51a  buildSpan: 568µs
I/flutter ( 1109): [spm] Performance monitoring completed for 698a51a
I/flutter ( 1109): 01:12 +1: (tearDownAll)
I/flutter ( 1109): 01:13 +2: All tests passed!
I/Choreographer( 1109): Skipped 58 frames!  The application may be doing too much work on its main thread.
W/Looper  ( 1109): PerfMonitor doFrame : time=3ms vsyncFrame=0 latency=971ms procState=-1 historyMsgCount=6
I/OpenGLRenderer( 1109): Davey! duration=980ms; Flags=0, FrameTimelineVsyncId=7109279, IntendedVsync=189532700873081, Vsync=189533667539709, InputEventId=0, HandleInputStart=189533671890093, AnimationStart=189533671902333, PerformTraversalsStart=189533671908531, DrawStart=189533673558843, FrameDeadline=189532717539747, FrameInterval=189533671278374, FrameStartTime=16666666, SyncQueued=189533673873999, SyncStart=189533673960666, IssueDrawCommandsStart=189533674023062, SwapBuffers=189533674844624, FrameCompleted=189533681324468, DequeueBufferDuration=28333, QueueBufferDuration=1028906, GpuCompleted=189533681324468, SwapBuffersCompleted=189533676512437, DisplayPresentTime=2132205479161830804, 
[SPM:shot] wrote <ROOT>/dataset-new_samples/0508/redmi9t/shots/0508__rev_015_9ed8fc40.png (28110 bytes)
All tests passed.
[spm]: Saved 30 profiler events to <ROOT>/dataset-new_samples/0508/redmi9t/raw/20260910-192307/rev_015_9ed8fc40/e11.jsonl
[spm]: Reverting injection...
10 issues found. (ran in 0.9s)
WARNING: Your Android app project: app located at: <ROOT>/android/app/build.gradle.kts
applies the Kotlin Gradle Plugin, which will cause build failures in future versions of Flutter. 
Please migrate your app to Built-in Kotlin using this guide: https://docs.flutter.dev/release/breaking-changes/migrate-to-built-in-kotlin/for-app-developers

VMServiceFlutterDriver: Connecting to Flutter application at http://127.0.0.1:36171/LjNX2mz_b9Y=/
[spm]: Detected VM service URI: ws://127.0.0.1:36171/LjNX2mz_b9Y=/ws
VMServiceFlutterDriver: Isolate found with number: 7675859893852415
VMServiceFlutterDriver: Isolate 7675859893852415 is runnable.
VMServiceFlutterDriver: Isolate is paused at start.
VMServiceFlutterDriver: Attempting to resume isolate
VMServiceFlutterDriver: Connected to Flutter application.
VMServiceFlutterDriver: request_data message is taking a long time to complete...