# sample_id=10/base exec_index=6 ok=True perf_lines=30 vm_events=30 battery_pct=43 soc_temp_millic=47300 battery_temp_c=32.4 charging=False preflight_started=2026-07-30T20:32:09.564913+00:00 started=2026-07-30T20:32:12.010081+00:00 ts=2026-07-30T20:34:11.747279+00:00
[spm]: Running flutter analyze...
Analyzing lib...                                                

   info • Invalid use of a private type in a public API. Try making the private type public, or making the API that uses the private type also be private • lib/dependencies.dart:26:3 • library_private_types_in_public_api
   info • Invalid use of a private type in a public API. Try making the private type public, or making the API that uses the private type also be private • lib/dependencies.dart:27:3 • library_private_types_in_public_api

[spm]: Injecting profiler code...
[spm]: Starting app...
Running Gradle task 'assembleProfile'...                        
Running Gradle task 'assembleProfile'...                           20.8s
✓ Built build/app/outputs/flutter-apk/app-profile.apk (61.8MB)
Installing build/app/outputs/flutter-apk/app-profile.apk...      2,067ms
E/MiuiMultiWindowUtils(21149): initFreeFormResolutionArgs failed, device is lime
D/IS_CTS_MODE(21149): true
D/MULTI_WINDOW_SWITCH_ENABLED(21149): false
D/IS_CTS_MODE(21149): true
D/MULTI_WINDOW_SWITCH_ENABLED(21149): false
D/IS_CTS_MODE(21149): true
D/MULTI_WINDOW_SWITCH_ENABLED(21149): false
D/DecorView[](21149): getWindowModeFromSystem  windowmode is 1
D/DecorView[](21149): getWindowModeFromSystem  windowmode is 1
D/DecorView[](21149): updateDecorCaptionStatus displayWindowDecor is false
W/Looper  (21149): PerfMonitor looperActivity : package=com.example.benchmark_container/.MainActivity time=539ms latency=442ms running=0ms  procState=-1  historyMsgCount=3 (msgIndex=1 wall=539ms seq=4 late=442ms h=android.app.ActivityThread$H w=159) (msgIndex=3 wall=442ms seq=3 h=android.app.ActivityThread$H w=110)
W/Looper  (21149): PerfMonitor looperActivity : package=com.example.benchmark_container/.MainActivity time=1ms latency=984ms running=0ms  procState=-1  historyMsgCount=4 (msgIndex=1 wall=539ms seq=4 late=442ms h=android.app.ActivityThread$H w=159) (msgIndex=3 wall=442ms seq=3 h=android.app.ActivityThread$H w=110) (msgIndex=4 wall=539ms seq=4 late=442ms h=android.app.ActivityThread$H w=159)
I/Choreographer(21149): Skipped 33 frames!  The application may be doing too much work on its main thread.
D/SurfaceView(21149): UPDATE null, mIsCastMode = false
D/hw-ProcessState(21149): Binder ioctl to enable oneway spam detection failed: Invalid argument
W/Looper  (21149): PerfMonitor longMsg : seq=8 plan=23:32:48.698 late=562ms wall=1774ms running=0ms h=android.view.Choreographer$FrameHandler c=android.view.Choreographer$FrameDisplayEventReceiver procState=-1
W/Looper  (21149): PerfMonitor doFrame : time=1774ms vsyncFrame=0 latency=562ms procState=-1 historyMsgCount=7 (msgIndex=1 wall=539ms seq=4 h=android.app.ActivityThread$H w=159) (msgIndex=3 wall=1774ms seq=8 late=562ms h=android.view.Choreographer$FrameHandler c=android.view.Choreographer$FrameDisplayEventReceiver) (msgIndex=4 wall=539ms seq=4 h=android.app.ActivityThread$H w=159)
I/Choreographer(21149): Skipped 99 frames!  The application may be doing too much work on its main thread.
D/SurfaceView(21149): UPDATE Surface(name=SurfaceView[com.example.benchmark_container/com.example.benchmark_container.MainActivity])/@0x4d86cce, mIsProjectionMode = false
W/Looper  (21149): PerfMonitor doFrame : time=3ms vsyncFrame=0 latency=1662ms procState=-1 historyMsgCount=5
[spm]: Connected to Dart VM service.
I/flutter (21149): 00:00 +0: Performance Benchmark
E/hmark_containe(21149): open libmigui.so failed! dlopen - dlopen failed: library "libmigui.so" not found
D/hmark_containe(21149): MiuiProcessManagerServiceStub setSchedFifo
I/MiuiProcessManagerImpl(21149): setSchedFifo pid:21149, mode:3
D/DecorView[](21149): onWindowFocusChanged hasWindowFocus true
D/DecorView[](21149): getWindowModeFromSystem  windowmode is 1
D/DecorView[](21149): updateDecorCaptionStatus displayWindowDecor is false
D/ProfileInstaller(21149): Installing profile for com.example.benchmark_container
I/flutter (21149): setState 698a51a
[spm]: ProfilerData event received.
I/flutter (21149): [SPM:perf] 698a51a  buildSpan: 1573µs
I/flutter (21149): [spm] Performance monitoring completed for 698a51a
I/flutter (21149): setState 698a51a
[spm]: ProfilerData event received.
I/flutter (21149): [SPM:perf] 698a51a  buildSpan: 830µs
I/flutter (21149): [spm] Performance monitoring completed for 698a51a
I/flutter (21149): setState 698a51a
[spm]: ProfilerData event received.
I/flutter (21149): [SPM:perf] 698a51a  buildSpan: 1384µs
I/flutter (21149): [spm] Performance monitoring completed for 698a51a
I/flutter (21149): setState 698a51a
[spm]: ProfilerData event received.
I/flutter (21149): [SPM:perf] 698a51a  buildSpan: 1038µs
I/flutter (21149): [spm] Performance monitoring completed for 698a51a
I/flutter (21149): setState 698a51a
[spm]: ProfilerData event received.
I/flutter (21149): [SPM:perf] 698a51a  buildSpan: 909µs
I/flutter (21149): [spm] Performance monitoring completed for 698a51a
I/flutter (21149): setState 698a51a
[spm]: ProfilerData event received.
I/flutter (21149): [SPM:perf] 698a51a  buildSpan: 864µs
I/flutter (21149): [spm] Performance monitoring completed for 698a51a
I/flutter (21149): setState 698a51a
[spm]: ProfilerData event received.
I/flutter (21149): [SPM:perf] 698a51a  buildSpan: 1045µs
I/flutter (21149): [spm] Performance monitoring completed for 698a51a
I/flutter (21149): setState 698a51a
[spm]: ProfilerData event received.
I/flutter (21149): [SPM:perf] 698a51a  buildSpan: 1346µs
I/flutter (21149): [spm] Performance monitoring completed for 698a51a
I/flutter (21149): setState 698a51a
[spm]: ProfilerData event received.
I/flutter (21149): [SPM:perf] 698a51a  buildSpan: 2117µs
I/flutter (21149): [spm] Performance monitoring completed for 698a51a
I/flutter (21149): setState 698a51a
I/flutter (21149): [SPM:perf] 698a51a  buildSpan: 1547µs
I/flutter (21149): [spm] Performance monitoring completed for 698a51a
I/flutter (21149): setState 698a51a
[spm]: ProfilerData event received.
[spm]: ProfilerData event received.
I/flutter (21149): [SPM:perf] 698a51a  buildSpan: 947µs
I/flutter (21149): [spm] Performance monitoring completed for 698a51a
I/flutter (21149): setState 698a51a
[spm]: ProfilerData event received.
I/flutter (21149): [SPM:perf] 698a51a  buildSpan: 1044µs
I/flutter (21149): [spm] Performance monitoring completed for 698a51a
I/flutter (21149): setState 698a51a
I/flutter (21149): [SPM:perf] 698a51a  buildSpan: 1121µs
I/flutter (21149): [spm] Performance monitoring completed for 698a51a
I/flutter (21149): setState 698a51a
[spm]: ProfilerData event received.
[spm]: ProfilerData event received.
I/flutter (21149): [SPM:perf] 698a51a  buildSpan: 974µs
I/flutter (21149): [spm] Performance monitoring completed for 698a51a
I/flutter (21149): setState 698a51a
[spm]: ProfilerData event received.
I/flutter (21149): [SPM:perf] 698a51a  buildSpan: 1375µs
I/flutter (21149): [spm] Performance monitoring completed for 698a51a
I/flutter (21149): setState 698a51a
[spm]: ProfilerData event received.
I/flutter (21149): [SPM:perf] 698a51a  buildSpan: 1330µs
I/flutter (21149): [spm] Performance monitoring completed for 698a51a
I/flutter (21149): setState 698a51a
[spm]: ProfilerData event received.
I/flutter (21149): [SPM:perf] 698a51a  buildSpan: 1350µs
I/flutter (21149): [spm] Performance monitoring completed for 698a51a
I/flutter (21149): setState 698a51a
[spm]: ProfilerData event received.
I/flutter (21149): [SPM:perf] 698a51a  buildSpan: 1430µs
I/flutter (21149): [spm] Performance monitoring completed for 698a51a
I/flutter (21149): setState 698a51a
I/flutter (21149): [SPM:perf] 698a51a  buildSpan: 1502µs
I/flutter (21149): [spm] Performance monitoring completed for 698a51a
I/flutter (21149): setState 698a51a
[spm]: ProfilerData event received.
[spm]: ProfilerData event received.
I/flutter (21149): [SPM:perf] 698a51a  buildSpan: 1455µs
I/flutter (21149): [spm] Performance monitoring completed for 698a51a
I/flutter (21149): setState 698a51a
[spm]: ProfilerData event received.
I/flutter (21149): [SPM:perf] 698a51a  buildSpan: 1619µs
I/flutter (21149): [spm] Performance monitoring completed for 698a51a
I/flutter (21149): setState 698a51a
[spm]: ProfilerData event received.
I/flutter (21149): [SPM:perf] 698a51a  buildSpan: 1425µs
I/flutter (21149): [spm] Performance monitoring completed for 698a51a
I/flutter (21149): setState 698a51a
[spm]: ProfilerData event received.
I/flutter (21149): [SPM:perf] 698a51a  buildSpan: 1504µs
I/flutter (21149): [spm] Performance monitoring completed for 698a51a
I/flutter (21149): setState 698a51a
I/flutter (21149): [SPM:perf] 698a51a  buildSpan: 1466µs
I/flutter (21149): [spm] Performance monitoring completed for 698a51a
I/flutter (21149): setState 698a51a
[spm]: ProfilerData event received.
[spm]: ProfilerData event received.
I/flutter (21149): [SPM:perf] 698a51a  buildSpan: 1686µs
I/flutter (21149): [spm] Performance monitoring completed for 698a51a
I/flutter (21149): setState 698a51a
[spm]: ProfilerData event received.
I/flutter (21149): [SPM:perf] 698a51a  buildSpan: 1388µs
I/flutter (21149): [spm] Performance monitoring completed for 698a51a
I/flutter (21149): setState 698a51a
[spm]: ProfilerData event received.
I/flutter (21149): [SPM:perf] 698a51a  buildSpan: 1513µs
I/flutter (21149): [spm] Performance monitoring completed for 698a51a
I/flutter (21149): setState 698a51a
[spm]: ProfilerData event received.
I/flutter (21149): [SPM:perf] 698a51a  buildSpan: 1112µs
I/flutter (21149): [spm] Performance monitoring completed for 698a51a
I/flutter (21149): setState 698a51a
[spm]: ProfilerData event received.
I/flutter (21149): [SPM:perf] 698a51a  buildSpan: 900µs
I/flutter (21149): [spm] Performance monitoring completed for 698a51a
I/flutter (21149): setState 698a51a
[spm]: ProfilerData event received.
I/flutter (21149): [SPM:perf] 698a51a  buildSpan: 1197µs
I/flutter (21149): [spm] Performance monitoring completed for 698a51a
I/flutter (21149): 01:10 +1: (tearDownAll)
I/flutter (21149): 01:11 +2: All tests passed!
All tests passed.
[spm]: Saved 30 profiler events to <ROOT>/dataset/10/redmi9t/raw/20260730-185830/base/e6.jsonl
[spm]: Reverting injection...
2 issues found. (ran in 0.8s)
WARNING: Your Android app project: app located at: <ROOT>/android/app/build.gradle.kts
applies the Kotlin Gradle Plugin, which will cause build failures in future versions of Flutter. 
Please migrate your app to Built-in Kotlin using this guide: https://docs.flutter.dev/release/breaking-changes/migrate-to-built-in-kotlin/for-app-developers

VMServiceFlutterDriver: Connecting to Flutter application at http://127.0.0.1:40547/rcDtLiUyq-Q=/
[spm]: Detected VM service URI: ws://127.0.0.1:40547/rcDtLiUyq-Q=/ws
VMServiceFlutterDriver: Isolate found with number: 1419280480471155
VMServiceFlutterDriver: Isolate 1419280480471155 is runnable.
VMServiceFlutterDriver: Isolate is paused at start.
VMServiceFlutterDriver: Attempting to resume isolate
VMServiceFlutterDriver: Connected to Flutter application.