# sample_id=2841/rev_003_cd6800c4 exec_index=10 ok=True perf_lines=30 vm_events=30 battery_pct=42 soc_temp_millic=38300 battery_temp_c=30.9 charging=False preflight_started=2026-09-13T18:39:20.909238+00:00 started=2026-09-13T18:39:23.667097+00:00 ts=2026-09-13T18:41:40.835949+00:00
[spm]: Running flutter analyze...
Resolving dependencies...
Downloading packages...
  _fe_analyzer_shared 100.0.0 (108.0.0 available)
  analyzer 13.0.0 (14.4.0 available)
  async 2.13.0 (2.13.1 available)
  clock 1.1.2 (1.1.3 available)
  cupertino_icons 1.0.8 (1.0.9 available)
  glob 2.1.3 (2.2.0 available)
  lints 6.0.0 (6.1.0 available)
  matcher 0.12.19 (0.12.20 available)
  material_color_utilities 0.13.0 (0.13.1 available)
  meta 1.18.0 (1.19.0 available)
  package_config 2.2.0 (3.0.0 available)
  platform 3.1.6 (3.2.0 available)
  process 5.0.5 (5.0.6 available)
  pub_semver 2.2.0 (2.2.1 available)
  source_span 1.10.1 (1.10.2 available)
  stack_trace 1.12.1 (1.12.2 available)
  test_api 0.7.11 (0.7.14 available)
  vector_math 2.2.0 (2.4.2 available)
  vm_service 15.0.2 (15.3.0 available)
  webdriver 3.1.0 (3.2.0 available)
  yaml 3.1.3 (3.1.4 available)
Got dependencies!
21 packages have newer versions incompatible with dependency constraints.
Try `flutter pub outdated` for more information.
Analyzing lib...                                                

   info • The part-of directive uses a library name. Try converting the directive to use the URI of the library • lib/dependencies.dart:46:1 • use_string_in_part_of_directives
   info • Unnecessary 'late' modifier. Try removing the 'late' • lib/dependencies.dart:54:1 • unnecessary_late
   info • Unnecessary 'late' modifier. Try removing the 'late' • lib/dependencies.dart:57:1 • unnecessary_late
   info • Library names are not necessary. Remove the library name • lib/generated_widget.dart:2:9 • unnecessary_library_name

[spm]: Injecting profiler code...
[spm]: Starting app...
Running Gradle task 'assembleProfile'...                        
Running Gradle task 'assembleProfile'...                           28.6s
✓ Built build/app/outputs/flutter-apk/app-profile.apk (34.5MB)
Installing build/app/outputs/flutter-apk/app-profile.apk...      1,434ms
D/DecorView[](21598): updateDecorCaptionStatus displayWindowDecor is false
W/Looper  (21598): PerfMonitor looperActivity : package=com.example.benchmark_container/.MainActivity time=432ms latency=420ms running=0ms  procState=-1  historyMsgCount=2 (msgIndex=1 wall=432ms seq=4 late=420ms h=android.app.ActivityThread$H w=159) (msgIndex=2 wall=421ms seq=3 h=android.app.ActivityThread$H w=110)
W/Looper  (21598): PerfMonitor looperActivity : package=com.example.benchmark_container/.MainActivity time=0ms latency=854ms running=0ms  procState=-1  historyMsgCount=4 (msgIndex=2 wall=432ms seq=4 late=420ms h=android.app.ActivityThread$H w=159) (msgIndex=3 wall=421ms seq=3 h=android.app.ActivityThread$H w=110) (msgIndex=4 wall=432ms seq=4 late=420ms h=android.app.ActivityThread$H w=159)
D/SurfaceView(21598): UPDATE null, mIsCastMode = false
D/hw-ProcessState(21598): Binder ioctl to enable oneway spam detection failed: Invalid argument
W/Looper  (21598): PerfMonitor longMsg : seq=8 plan=21:40:14.192 late=439ms wall=1690ms running=0ms h=android.view.Choreographer$FrameHandler c=android.view.Choreographer$FrameDisplayEventReceiver procState=-1
W/Looper  (21598): PerfMonitor doFrame : time=1690ms vsyncFrame=0 latency=439ms procState=-1 historyMsgCount=7 (msgIndex=2 wall=432ms seq=4 h=android.app.ActivityThread$H w=159) (msgIndex=3 wall=1690ms seq=8 late=439ms h=android.view.Choreographer$FrameHandler c=android.view.Choreographer$FrameDisplayEventReceiver) (msgIndex=4 wall=432ms seq=4 h=android.app.ActivityThread$H w=159)
I/Choreographer(21598): Skipped 95 frames!  The application may be doing too much work on its main thread.
D/SurfaceView(21598): UPDATE Surface(name=SurfaceView[com.example.benchmark_container/com.example.benchmark_container.MainActivity])/@0x739554a, mIsProjectionMode = false
W/Looper  (21598): PerfMonitor doFrame : time=3ms vsyncFrame=0 latency=1586ms procState=-1 historyMsgCount=4
[spm]: Connected to Dart VM service.
I/flutter (21598): 00:00 +0: Performance Benchmark
E/hmark_containe(21598): open libmigui.so failed! dlopen - dlopen failed: library "libmigui.so" not found
D/hmark_containe(21598): MiuiProcessManagerServiceStub setSchedFifo
I/MiuiProcessManagerImpl(21598): setSchedFifo pid:21598, mode:3
D/DecorView[](21598): onWindowFocusChanged hasWindowFocus true
D/DecorView[](21598): getWindowModeFromSystem  windowmode is 1
D/DecorView[](21598): updateDecorCaptionStatus displayWindowDecor is false
D/ProfileInstaller(21598): Installing profile for com.example.benchmark_container
[spm]: ProfilerData event received.
I/flutter (21598): [SPM:perf] 698a51a  buildSpan: 4603µs
I/flutter (21598): [spm] Performance monitoring completed for 698a51a
[spm]: ProfilerData event received.
I/flutter (21598): [SPM:perf] 698a51a  buildSpan: 12826µs
I/flutter (21598): [spm] Performance monitoring completed for 698a51a
I/flutter (21598): [SPM:perf] 698a51a  buildSpan: 5601µs
I/flutter (21598): [spm] Performance monitoring completed for 698a51a
[spm]: ProfilerData event received.
[spm]: ProfilerData event received.
I/flutter (21598): [SPM:perf] 698a51a  buildSpan: 3990µs
I/flutter (21598): [spm] Performance monitoring completed for 698a51a
[spm]: ProfilerData event received.
I/flutter (21598): [SPM:perf] 698a51a  buildSpan: 3477µs
I/flutter (21598): [spm] Performance monitoring completed for 698a51a
I/flutter (21598): [SPM:perf] 698a51a  buildSpan: 3647µs
I/flutter (21598): [spm] Performance monitoring completed for 698a51a
[spm]: ProfilerData event received.
[spm]: ProfilerData event received.
I/flutter (21598): [SPM:perf] 698a51a  buildSpan: 5113µs
I/flutter (21598): [spm] Performance monitoring completed for 698a51a
[spm]: ProfilerData event received.
I/flutter (21598): [SPM:perf] 698a51a  buildSpan: 3200µs
I/flutter (21598): [spm] Performance monitoring completed for 698a51a
[spm]: ProfilerData event received.
I/flutter (21598): [SPM:perf] 698a51a  buildSpan: 5375µs
I/flutter (21598): [spm] Performance monitoring completed for 698a51a
[spm]: ProfilerData event received.
I/flutter (21598): [SPM:perf] 698a51a  buildSpan: 3358µs
I/flutter (21598): [spm] Performance monitoring completed for 698a51a
[spm]: ProfilerData event received.
I/flutter (21598): [SPM:perf] 698a51a  buildSpan: 3692µs
I/flutter (21598): [spm] Performance monitoring completed for 698a51a
[spm]: ProfilerData event received.
I/flutter (21598): [SPM:perf] 698a51a  buildSpan: 5385µs
I/flutter (21598): [spm] Performance monitoring completed for 698a51a
[spm]: ProfilerData event received.
I/flutter (21598): [SPM:perf] 698a51a  buildSpan: 3819µs
I/flutter (21598): [spm] Performance monitoring completed for 698a51a
[spm]: ProfilerData event received.
I/flutter (21598): [SPM:perf] 698a51a  buildSpan: 3520µs
I/flutter (21598): [spm] Performance monitoring completed for 698a51a
[spm]: ProfilerData event received.
I/flutter (21598): [SPM:perf] 698a51a  buildSpan: 4010µs
I/flutter (21598): [spm] Performance monitoring completed for 698a51a
[spm]: ProfilerData event received.
I/flutter (21598): [SPM:perf] 698a51a  buildSpan: 3298µs
I/flutter (21598): [spm] Performance monitoring completed for 698a51a
I/flutter (21598): [SPM:perf] 698a51a  buildSpan: 3742µs
I/flutter (21598): [spm] Performance monitoring completed for 698a51a
[spm]: ProfilerData event received.
I/flutter (21598): [SPM:perf] 698a51a  buildSpan: 5131µs
I/flutter (21598): [spm] Performance monitoring completed for 698a51a
[spm]: ProfilerData event received.
[spm]: ProfilerData event received.
I/flutter (21598): [SPM:perf] 698a51a  buildSpan: 5187µs
I/flutter (21598): [spm] Performance monitoring completed for 698a51a
[spm]: ProfilerData event received.
I/flutter (21598): [SPM:perf] 698a51a  buildSpan: 5174µs
I/flutter (21598): [spm] Performance monitoring completed for 698a51a
[spm]: ProfilerData event received.
I/flutter (21598): [SPM:perf] 698a51a  buildSpan: 5307µs
I/flutter (21598): [spm] Performance monitoring completed for 698a51a
[spm]: ProfilerData event received.
I/flutter (21598): [SPM:perf] 698a51a  buildSpan: 4358µs
I/flutter (21598): [spm] Performance monitoring completed for 698a51a
[spm]: ProfilerData event received.
I/flutter (21598): [SPM:perf] 698a51a  buildSpan: 5040µs
I/flutter (21598): [spm] Performance monitoring completed for 698a51a
I/flutter (21598): [SPM:perf] 698a51a  buildSpan: 5124µs
I/flutter (21598): [spm] Performance monitoring completed for 698a51a
[spm]: ProfilerData event received.
[spm]: ProfilerData event received.
I/flutter (21598): [SPM:perf] 698a51a  buildSpan: 5053µs
I/flutter (21598): [spm] Performance monitoring completed for 698a51a
[spm]: ProfilerData event received.
I/flutter (21598): [SPM:perf] 698a51a  buildSpan: 5592µs
I/flutter (21598): [spm] Performance monitoring completed for 698a51a
[spm]: ProfilerData event received.
I/flutter (21598): [SPM:perf] 698a51a  buildSpan: 4097µs
I/flutter (21598): [spm] Performance monitoring completed for 698a51a
[spm]: ProfilerData event received.
I/flutter (21598): [SPM:perf] 698a51a  buildSpan: 3355µs
I/flutter (21598): [spm] Performance monitoring completed for 698a51a
I/flutter (21598): [SPM:perf] 698a51a  buildSpan: 5053µs
[spm]: ProfilerData event received.
I/flutter (21598): [spm] Performance monitoring completed for 698a51a
I/flutter (21598): [SPM:perf] 698a51a  buildSpan: 5214µs
I/flutter (21598): [spm] Performance monitoring completed for 698a51a
[spm]: ProfilerData event received.
I/flutter (21598): 01:10 +1: (tearDownAll)
I/flutter (21598): 01:11 +2: All tests passed!
All tests passed.
[spm]: Saved 30 profiler events to <ROOT>/dataset-new_samples/2841/redmi9t/raw/20260913-202220/rev_003_cd6800c4/e10.jsonl
[spm]: Reverting injection...
4 issues found. (ran in 1.7s)
WARNING: Your Android app project: app located at: <ROOT>/android/app/build.gradle.kts
applies the Kotlin Gradle Plugin, which will cause build failures in future versions of Flutter. 
Please migrate your app to Built-in Kotlin using this guide: https://docs.flutter.dev/release/breaking-changes/migrate-to-built-in-kotlin/for-app-developers

VMServiceFlutterDriver: Connecting to Flutter application at http://127.0.0.1:41193/MnEgNiDT3VM=/
[spm]: Detected VM service URI: ws://127.0.0.1:41193/MnEgNiDT3VM=/ws
VMServiceFlutterDriver: Isolate found with number: 4922667624659223
VMServiceFlutterDriver: Isolate 4922667624659223 is runnable.
VMServiceFlutterDriver: Isolate is paused at start.
VMServiceFlutterDriver: Attempting to resume isolate
VMServiceFlutterDriver: Connected to Flutter application.
VMServiceFlutterDriver: request_data message is taking a long time to complete...