# sample_id=2841/rev_003_cd6800c4 exec_index=6 ok=True perf_lines=30 vm_events=30 battery_pct=39 soc_temp_millic=40500 battery_temp_c=31.1 charging=False preflight_started=2026-09-13T19:07:19.070395+00:00 started=2026-09-13T19:07:21.717892+00:00 ts=2026-09-13T19:09:24.709953+00:00
[spm]: Running flutter analyze...
Resolving dependencies...
Downloading packages...
  _fe_analyzer_shared 100.0.0 (108.0.0 available)
  analyzer 13.0.0 (14.4.0 available)
  async 2.13.0 (2.13.1 available)
  clock 1.1.2 (1.1.3 available)
  cupertino_icons 1.0.8 (1.0.9 available)
  glob 2.1.3 (2.2.0 available)
  lints 6.0.0 (6.1.0 available)
  matcher 0.12.19 (0.12.20 available)
  material_color_utilities 0.13.0 (0.13.1 available)
  meta 1.18.0 (1.19.0 available)
  package_config 2.2.0 (3.0.0 available)
  platform 3.1.6 (3.2.0 available)
  process 5.0.5 (5.0.6 available)
  pub_semver 2.2.0 (2.2.1 available)
  source_span 1.10.1 (1.10.2 available)
  stack_trace 1.12.1 (1.12.2 available)
  test_api 0.7.11 (0.7.14 available)
  vector_math 2.2.0 (2.4.2 available)
  vm_service 15.0.2 (15.3.0 available)
  webdriver 3.1.0 (3.2.0 available)
  yaml 3.1.3 (3.1.4 available)
Got dependencies!
21 packages have newer versions incompatible with dependency constraints.
Try `flutter pub outdated` for more information.
Analyzing lib...                                                

   info • The part-of directive uses a library name. Try converting the directive to use the URI of the library • lib/dependencies.dart:46:1 • use_string_in_part_of_directives
   info • Unnecessary 'late' modifier. Try removing the 'late' • lib/dependencies.dart:54:1 • unnecessary_late
   info • Unnecessary 'late' modifier. Try removing the 'late' • lib/dependencies.dart:57:1 • unnecessary_late
   info • Library names are not necessary. Remove the library name • lib/generated_widget.dart:2:9 • unnecessary_library_name

[spm]: Injecting profiler code...
[spm]: Starting app...
Running Gradle task 'assembleProfile'...                        
Running Gradle task 'assembleProfile'...                           22.2s
✓ Built build/app/outputs/flutter-apk/app-profile.apk (34.5MB)
Installing build/app/outputs/flutter-apk/app-profile.apk...      1,259ms
I/hmark_containe(17442): hiddenapi: Accessing hidden method Landroid/util/LongArray;->get(I)J (runtime_flags=0, domain=platform, api=unsupported) from Lio/flutter/view/AccessibilityViewEmbedder$ReflectionAccessors; (domain=app, TargetSdkVersion=36) using reflection: allowed
D/MiuiMultiWindowUtils(17442): freeform resolution args raw data:{  "zizhan":{    "freeform_args": {      "inner":{        "vertical_portrait":{"aspect_ratio":0.626, "original_ratio":0.5643,"original_scale":0.74,"top_margin":0.168,"left_margin":0.484},        "horizontal_portrait":{"aspect_ratio":0.626, "original_ratio":0.5643,"original_scale":0.74,"top_margin":0.1222,"left_margin":0.59745},        "vertical_landscape":{"aspect_ratio":1.6, "original_ratio":1,"original_scale":0.604,"top_margin":0.2596,"left_margin":0.2624},        "horizontal_landscape":{"aspect_ratio":1.6, "original_ratio":1,"original_scale":0.604,"top_margin":0.213,"left_margin":0.3758}      },      "outer":{        "vertical_portrait":{"aspect_ratio":0.626, "original_ratio":1,"original_scale":0.74,"top_margin":0.0753,"left_margin":-1},        "horizontal_portrait":{"aspect_ratio":0.626, "original_ratio":1,"original_scale":0.5756,"top_margin":-1,"left_margin":0.0753},        "vertical_landscape":{"aspect_ratio":1.6, "original_ratio":0.6847,"original_scale":0.587,"top_margin":0.0753,"left_margin":-1},        "horizontal_landscape":{"aspect_ratio":1.6, "original_ratio":0.6847,"original_scale":0.587,"top_margin":-1,"left_margin":0.0753}}    },    "mini_freeform_args":{      "inner":{        "vertical_portrait":{"aspect_ratio":0.626, "original_ratio":0.147},        "horizontal_portrait":{"aspect_ratio":0.626, "original_ratio":0.147},        "vertical_landscape":{"aspect_ratio":1.6, "original_ratio":0.165},        "horizontal_landscape":{"aspect_ratio":1.6, "original_ratio":0.165}      },      "outer":{        "vertical_portrait":{"aspect_ratio":0.626, "original_ratio":0.26},        "horizontal_portrait":{"aspect_ratio":0.626, "original_ratio":0.26},        "vertical_landscape":{"aspect_ratio":1.6, "original_ratio":0.293},        "horizontal_landscape":{"aspect_ratio":1.6, "original_ratio":0.293}}    }  },  "wide_default":{    "freeform_args": {        "vertical_portrait":{"aspect_ratio":0.625, "original_ratio":0.5806,"original_scale":0.7574,"top_margin":0.125,"left_margin":0.392},        "horizontal_portrait":{"aspect_ratio":0.625, "original_ratio":0.5806,"original_scale":0.7574,"top_margin":-1,"left_margin":0.6415},        "vertical_landscape":{"aspect_ratio":1.6, "original_ratio":1,"original_scale":0.5153,"top_margin":0.125,"left_margin":0.206},        "horizontal_landscape":{"aspect_ratio":1.6, "original_ratio":1,"original_scale":0.5153,"top_margin":-1,"left_margin":0.456}    },    "mini_freeform_args":{        "vertical_portrait":{"aspect_ratio":0.5625, "original_ratio":0.144},        "horizontal_portrait":{"aspect_ratio":0.5625, "original_ratio":0.144},        "vertical_landscape":{"aspect_ratio":-1, "original_ratio":0.144},        "horizontal_landscape":{"aspect_ratio":-1, "original_ratio":0.144}    }  },  "narrow_default": {    "freeform_args": {        "vertical_portrait":{"aspect_ratio":0.5625, "original_ratio":1,"original_scale":0.7182,"top_margin":0.142,"left_margin":-1},        "horizontal_portrait":{"aspect_ratio":0.8, "original_ratio":1,"original_scale":0.7182,"top_margin":-1,"left_margin":0.05},        "vertical_landscape":{"aspect_ratio":1.6, "original_ratio":0.6545,"original_scale":0.4473,"top_margin":0.142,"left_margin":-1},        "horizontal_landscape":{"aspect_ratio":1.6, "original_ratio":0.6545,"original_scale":0.4473,"top_margin":-1,"left_margin":0.05}    },    "mini_freeform_args":{        "vertical_portrait":{"aspect_ratio":0.5625, "original_ratio":0.3},        "horizontal_portrait":{"aspect_ratio":0.5625, "original_ratio":0.3},        "vertical_landscape":{"aspect_ratio":1.7778, "original_ratio":0.3},        "horizontal_landscape":{"aspect_ratio":1.7778, "original_ratio":0.3}    }  },  "regular_default": {    "freeform_args": {      "vertical_portrait":{"aspect_ratio":0.625, "original_ratio":1,"original_scale":0.7,"top_margin":0.109,"left_margin":-1},      "horizontal_portrait":{"aspect_ratio":0.6667, "original_ratio":1,"original_scale":0.6102,"top_margin":-1,"left_margin":0.026},      "vertical_landscape":{"asp
E/MiuiMultiWindowUtils(17442): initFreeFormResolutionArgs failed, device is lime
D/IS_CTS_MODE(17442): true
D/MULTI_WINDOW_SWITCH_ENABLED(17442): false
D/IS_CTS_MODE(17442): true
D/MULTI_WINDOW_SWITCH_ENABLED(17442): false
D/IS_CTS_MODE(17442): true
D/MULTI_WINDOW_SWITCH_ENABLED(17442): false
D/DecorView[](17442): getWindowModeFromSystem  windowmode is 1
D/DecorView[](17442): getWindowModeFromSystem  windowmode is 1
D/DecorView[](17442): updateDecorCaptionStatus displayWindowDecor is false
W/Looper  (17442): PerfMonitor looperActivity : package=com.example.benchmark_container/.MainActivity time=460ms latency=383ms running=0ms  procState=-1  historyMsgCount=2 (msgIndex=1 wall=460ms seq=4 late=383ms h=android.app.ActivityThread$H w=159) (msgIndex=2 wall=429ms seq=3 h=android.app.ActivityThread$H w=110)
W/Looper  (17442): PerfMonitor looperActivity : package=com.example.benchmark_container/.MainActivity time=0ms latency=844ms running=0ms  procState=-1  historyMsgCount=4 (msgIndex=2 wall=460ms seq=4 late=383ms h=android.app.ActivityThread$H w=159) (msgIndex=3 wall=429ms seq=3 h=android.app.ActivityThread$H w=110) (msgIndex=4 wall=460ms seq=4 late=383ms h=android.app.ActivityThread$H w=159)
D/SurfaceView(17442): UPDATE null, mIsCastMode = false
D/hw-ProcessState(17442): Binder ioctl to enable oneway spam detection failed: Invalid argument
W/Looper  (17442): PerfMonitor longMsg : seq=8 plan=22:08:00.912 late=468ms wall=1725ms running=0ms h=android.view.Choreographer$FrameHandler c=android.view.Choreographer$FrameDisplayEventReceiver procState=-1
W/Looper  (17442): PerfMonitor doFrame : time=1725ms vsyncFrame=0 latency=468ms procState=-1 historyMsgCount=7 (msgIndex=2 wall=460ms seq=4 h=android.app.ActivityThread$H w=159) (msgIndex=3 wall=1725ms seq=8 late=468ms h=android.view.Choreographer$FrameHandler c=android.view.Choreographer$FrameDisplayEventReceiver) (msgIndex=4 wall=460ms seq=4 h=android.app.ActivityThread$H w=159)
I/Choreographer(17442): Skipped 98 frames!  The application may be doing too much work on its main thread.
D/SurfaceView(17442): UPDATE Surface(name=SurfaceView[com.example.benchmark_container/com.example.benchmark_container.MainActivity])/@0x739554a, mIsProjectionMode = false
W/Looper  (17442): PerfMonitor doFrame : time=2ms vsyncFrame=0 latency=1635ms procState=-1 historyMsgCount=4
[spm]: Connected to Dart VM service.
I/flutter (17442): 00:00 +0: Performance Benchmark
E/hmark_containe(17442): open libmigui.so failed! dlopen - dlopen failed: library "libmigui.so" not found
D/hmark_containe(17442): MiuiProcessManagerServiceStub setSchedFifo
I/MiuiProcessManagerImpl(17442): setSchedFifo pid:17442, mode:3
D/DecorView[](17442): onWindowFocusChanged hasWindowFocus true
D/DecorView[](17442): getWindowModeFromSystem  windowmode is 1
D/DecorView[](17442): updateDecorCaptionStatus displayWindowDecor is false
D/ProfileInstaller(17442): Installing profile for com.example.benchmark_container
[spm]: ProfilerData event received.
I/flutter (17442): [SPM:perf] 698a51a  buildSpan: 5519µs
I/flutter (17442): [spm] Performance monitoring completed for 698a51a
I/flutter (17442): [SPM:perf] 698a51a  buildSpan: 12718µs
I/flutter (17442): [spm] Performance monitoring completed for 698a51a
[spm]: ProfilerData event received.
[spm]: ProfilerData event received.
I/flutter (17442): [SPM:perf] 698a51a  buildSpan: 5230µs
I/flutter (17442): [spm] Performance monitoring completed for 698a51a
[spm]: ProfilerData event received.
I/flutter (17442): [SPM:perf] 698a51a  buildSpan: 5206µs
I/flutter (17442): [spm] Performance monitoring completed for 698a51a
I/flutter (17442): [SPM:perf] 698a51a  buildSpan: 3585µs
I/flutter (17442): [spm] Performance monitoring completed for 698a51a
[spm]: ProfilerData event received.
[spm]: ProfilerData event received.
I/flutter (17442): [SPM:perf] 698a51a  buildSpan: 4534µs
I/flutter (17442): [spm] Performance monitoring completed for 698a51a
[spm]: ProfilerData event received.
I/flutter (17442): [SPM:perf] 698a51a  buildSpan: 5107µs
I/flutter (17442): [spm] Performance monitoring completed for 698a51a
[spm]: ProfilerData event received.
I/flutter (17442): [SPM:perf] 698a51a  buildSpan: 4476µs
I/flutter (17442): [spm] Performance monitoring completed for 698a51a
[spm]: ProfilerData event received.
I/flutter (17442): [SPM:perf] 698a51a  buildSpan: 5093µs
I/flutter (17442): [spm] Performance monitoring completed for 698a51a
[spm]: ProfilerData event received.
I/flutter (17442): [SPM:perf] 698a51a  buildSpan: 3518µs
I/flutter (17442): [spm] Performance monitoring completed for 698a51a
I/flutter (17442): [SPM:perf] 698a51a  buildSpan: 5186µs
I/flutter (17442): [spm] Performance monitoring completed for 698a51a
[spm]: ProfilerData event received.
[spm]: ProfilerData event received.
I/flutter (17442): [SPM:perf] 698a51a  buildSpan: 5269µs
I/flutter (17442): [spm] Performance monitoring completed for 698a51a
[spm]: ProfilerData event received.
I/flutter (17442): [SPM:perf] 698a51a  buildSpan: 4277µs
I/flutter (17442): [spm] Performance monitoring completed for 698a51a
[spm]: ProfilerData event received.
I/flutter (17442): [SPM:perf] 698a51a  buildSpan: 3186µs
I/flutter (17442): [spm] Performance monitoring completed for 698a51a
[spm]: ProfilerData event received.
I/flutter (17442): [SPM:perf] 698a51a  buildSpan: 3546µs
I/flutter (17442): [spm] Performance monitoring completed for 698a51a
[spm]: ProfilerData event received.
I/flutter (17442): [SPM:perf] 698a51a  buildSpan: 5353µs
I/flutter (17442): [spm] Performance monitoring completed for 698a51a
I/flutter (17442): [SPM:perf] 698a51a  buildSpan: 5493µs
I/flutter (17442): [spm] Performance monitoring completed for 698a51a
[spm]: ProfilerData event received.
I/flutter (17442): [SPM:perf] 698a51a  buildSpan: 5130µs
I/flutter (17442): [spm] Performance monitoring completed for 698a51a
[spm]: ProfilerData event received.
[spm]: ProfilerData event received.
I/flutter (17442): [SPM:perf] 698a51a  buildSpan: 5128µs
I/flutter (17442): [spm] Performance monitoring completed for 698a51a
[spm]: ProfilerData event received.
I/flutter (17442): [SPM:perf] 698a51a  buildSpan: 3698µs
I/flutter (17442): [spm] Performance monitoring completed for 698a51a
I/flutter (17442): [SPM:perf] 698a51a  buildSpan: 4261µs
I/flutter (17442): [spm] Performance monitoring completed for 698a51a
[spm]: ProfilerData event received.
[spm]: ProfilerData event received.
I/flutter (17442): [SPM:perf] 698a51a  buildSpan: 3819µs
I/flutter (17442): [spm] Performance monitoring completed for 698a51a
[spm]: ProfilerData event received.
I/flutter (17442): [SPM:perf] 698a51a  buildSpan: 3925µs
I/flutter (17442): [spm] Performance monitoring completed for 698a51a
[spm]: ProfilerData event received.
I/flutter (17442): [SPM:perf] 698a51a  buildSpan: 5068µs
I/flutter (17442): [spm] Performance monitoring completed for 698a51a
[spm]: ProfilerData event received.
I/flutter (17442): [SPM:perf] 698a51a  buildSpan: 5192µs
I/flutter (17442): [spm] Performance monitoring completed for 698a51a
[spm]: ProfilerData event received.
I/flutter (17442): [SPM:perf] 698a51a  buildSpan: 3406µs
I/flutter (17442): [spm] Performance monitoring completed for 698a51a
[spm]: ProfilerData event received.
I/flutter (17442): [SPM:perf] 698a51a  buildSpan: 5252µs
I/flutter (17442): [spm] Performance monitoring completed for 698a51a
I/flutter (17442): [SPM:perf] 698a51a  buildSpan: 5349µs
I/flutter (17442): [spm] Performance monitoring completed for 698a51a
[spm]: ProfilerData event received.
[spm]: ProfilerData event received.
I/flutter (17442): [SPM:perf] 698a51a  buildSpan: 5373µs
I/flutter (17442): [spm] Performance monitoring completed for 698a51a
I/flutter (17442): [SPM:perf] 698a51a  buildSpan: 5153µs
I/flutter (17442): [spm] Performance monitoring completed for 698a51a
[spm]: ProfilerData event received.
I/flutter (17442): 01:10 +1: (tearDownAll)
I/flutter (17442): 01:11 +2: All tests passed!
All tests passed.
[spm]: Saved 30 profiler events to <ROOT>/dataset-new_samples/2841/redmi9t/raw/20260913-202220/rev_003_cd6800c4/e6.jsonl
[spm]: Reverting injection...
4 issues found. (ran in 1.1s)
WARNING: Your Android app project: app located at: <ROOT>/android/app/build.gradle.kts
applies the Kotlin Gradle Plugin, which will cause build failures in future versions of Flutter. 
Please migrate your app to Built-in Kotlin using this guide: https://docs.flutter.dev/release/breaking-changes/migrate-to-built-in-kotlin/for-app-developers

VMServiceFlutterDriver: Connecting to Flutter application at http://127.0.0.1:35571/BmYlwp4t0bI=/
[spm]: Detected VM service URI: ws://127.0.0.1:35571/BmYlwp4t0bI=/ws
VMServiceFlutterDriver: Isolate found with number: 1876225391845499
VMServiceFlutterDriver: Isolate 1876225391845499 is runnable.
VMServiceFlutterDriver: Isolate is paused at start.
VMServiceFlutterDriver: Attempting to resume isolate
VMServiceFlutterDriver: Connected to Flutter application.
VMServiceFlutterDriver: request_data message is taking a long time to complete...