# sample_id=2408/rev_020_d458d665 exec_index=13 ok=True perf_lines=30 vm_events=30 battery_pct=53 soc_temp_millic=37000 battery_temp_c=29.0 charging=False preflight_started=2026-09-19T04:06:57.859862+00:00 started=2026-09-19T04:07:00.605374+00:00 ts=2026-09-19T04:08:59.466893+00:00
[spm]: Running flutter analyze...
Resolving dependencies...
Downloading packages...
  _fe_analyzer_shared 100.0.0 (108.0.0 available)
  analyzer 13.0.0 (14.4.0 available)
  async 2.13.0 (2.13.1 available)
  clock 1.1.2 (1.1.3 available)
  cupertino_icons 1.0.8 (1.0.9 available)
  glob 2.1.3 (2.2.0 available)
  lints 6.0.0 (6.1.0 available)
  matcher 0.12.19 (0.12.20 available)
  material_color_utilities 0.13.0 (0.13.1 available)
  meta 1.18.0 (1.19.0 available)
  package_config 2.2.0 (3.0.0 available)
  platform 3.1.6 (3.2.0 available)
  process 5.0.5 (5.0.6 available)
  pub_semver 2.2.0 (2.2.1 available)
  source_span 1.10.1 (1.10.2 available)
  stack_trace 1.12.1 (1.12.2 available)
  test_api 0.7.11 (0.7.14 available)
  vector_math 2.2.0 (2.4.2 available)
  vm_service 15.0.2 (15.3.0 available)
  webdriver 3.1.0 (3.2.0 available)
  yaml 3.1.3 (3.1.4 available)
Got dependencies!
21 packages have newer versions incompatible with dependency constraints.
Try `flutter pub outdated` for more information.
Analyzing lib...                                                

   info • The part-of directive uses a library name. Try converting the directive to use the URI of the library • lib/dependencies.dart:46:1 • use_string_in_part_of_directives
   info • Constructors in '@immutable' classes should be declared as 'const'. Try adding 'const' to the constructor declaration • lib/dependencies.dart:1195:3 • prefer_const_constructors_in_immutables
   info • Constructors in '@immutable' classes should be declared as 'const'. Try adding 'const' to the constructor declaration • lib/dependencies.dart:1219:3 • prefer_const_constructors_in_immutables
   info • Constructors in '@immutable' classes should be declared as 'const'. Try adding 'const' to the constructor declaration • lib/dependencies.dart:1243:3 • prefer_const_constructors_in_immutables
   info • Constructors in '@immutable' classes should be declared as 'const'. Try adding 'const' to the constructor declaration • lib/dependencies.dart:1265:3 • prefer_const_constructors_in_immutables
   info • Constructors in '@immutable' classes should be declared as 'const'. Try adding 'const' to the constructor declaration • lib/dependencies.dart:1287:3 • prefer_const_constructors_in_immutables
   info • Library names are not necessary. Remove the library name • lib/generated_widget.dart:2:9 • unnecessary_library_name
   info • Constructors in '@immutable' classes should be declared as 'const'. Try adding 'const' to the constructor declaration • lib/generated_widget.dart:11:3 • prefer_const_constructors_in_immutables
warning • The value of the local variable 'analytics' isn't used. Try removing the variable or using it • lib/generated_widget.dart:30:11 • unused_local_variable
warning • The value of the local variable 'index' isn't used. Try removing the variable or using it • lib/generated_widget.dart:175:25 • unused_local_variable

[spm]: Injecting profiler code...
[spm]: Starting app...
Running Gradle task 'assembleProfile'...                        
Running Gradle task 'assembleProfile'...                           19.8s
✓ Built build/app/outputs/flutter-apk/app-profile.apk (26.8MB)
Installing build/app/outputs/flutter-apk/app-profile.apk...      1,227ms
D/SurfaceView( 2682): UPDATE null, mIsCastMode = false
D/hw-ProcessState( 2682): Binder ioctl to enable oneway spam detection failed: Invalid argument
W/Looper  ( 2682): PerfMonitor longMsg : seq=8 plan=07:07:36.016 late=516ms wall=1813ms running=0ms h=android.view.Choreographer$FrameHandler c=android.view.Choreographer$FrameDisplayEventReceiver procState=-1
W/Looper  ( 2682): PerfMonitor doFrame : time=1813ms vsyncFrame=0 latency=516ms procState=-1 historyMsgCount=7 (msgIndex=2 wall=486ms seq=4 h=android.app.ActivityThread$H w=159) (msgIndex=3 wall=1813ms seq=8 late=516ms h=android.view.Choreographer$FrameHandler c=android.view.Choreographer$FrameDisplayEventReceiver) (msgIndex=4 wall=486ms seq=4 h=android.app.ActivityThread$H w=159)
I/Choreographer( 2682): Skipped 102 frames!  The application may be doing too much work on its main thread.
D/SurfaceView( 2682): UPDATE Surface(name=SurfaceView[com.example.benchmark_container/com.example.benchmark_container.MainActivity])/@0xd30802a, mIsProjectionMode = false
W/Looper  ( 2682): PerfMonitor doFrame : time=3ms vsyncFrame=0 latency=1702ms procState=-1 historyMsgCount=4
[spm]: Connected to Dart VM service.
I/flutter ( 2682): 00:00 +0: Performance Benchmark
E/hmark_containe( 2682): open libmigui.so failed! dlopen - dlopen failed: library "libmigui.so" not found
D/hmark_containe( 2682): MiuiProcessManagerServiceStub setSchedFifo
I/MiuiProcessManagerImpl( 2682): setSchedFifo pid:2682, mode:3
D/DecorView[]( 2682): onWindowFocusChanged hasWindowFocus true
D/DecorView[]( 2682): getWindowModeFromSystem  windowmode is 1
D/DecorView[]( 2682): updateDecorCaptionStatus displayWindowDecor is false
D/ProfileInstaller( 2682): Installing profile for com.example.benchmark_container
[spm]: ProfilerData event received.
I/flutter ( 2682): [SPM:perf] 698a51a  buildSpan: 3980µs
I/flutter ( 2682): [spm] Performance monitoring completed for 698a51a
I/flutter ( 2682): [SPM:perf] 698a51a  buildSpan: 3892µs
[spm]: ProfilerData event received.
I/flutter ( 2682): [spm] Performance monitoring completed for 698a51a
[spm]: ProfilerData event received.
I/flutter ( 2682): [SPM:perf] 698a51a  buildSpan: 3898µs
I/flutter ( 2682): [spm] Performance monitoring completed for 698a51a
[spm]: ProfilerData event received.
I/flutter ( 2682): [SPM:perf] 698a51a  buildSpan: 3673µs
I/flutter ( 2682): [spm] Performance monitoring completed for 698a51a
I/flutter ( 2682): [SPM:perf] 698a51a  buildSpan: 3880µs
I/flutter ( 2682): [spm] Performance monitoring completed for 698a51a
[spm]: ProfilerData event received.
[spm]: ProfilerData event received.
I/flutter ( 2682): [SPM:perf] 698a51a  buildSpan: 3857µs
I/flutter ( 2682): [spm] Performance monitoring completed for 698a51a
[spm]: ProfilerData event received.
I/flutter ( 2682): [SPM:perf] 698a51a  buildSpan: 3203µs
I/flutter ( 2682): [spm] Performance monitoring completed for 698a51a
[spm]: ProfilerData event received.
I/flutter ( 2682): [SPM:perf] 698a51a  buildSpan: 3705µs
I/flutter ( 2682): [spm] Performance monitoring completed for 698a51a
I/flutter ( 2682): [SPM:perf] 698a51a  buildSpan: 3873µs
[spm]: ProfilerData event received.
I/flutter ( 2682): [spm] Performance monitoring completed for 698a51a
[spm]: ProfilerData event received.
I/flutter ( 2682): [SPM:perf] 698a51a  buildSpan: 3604µs
I/flutter ( 2682): [spm] Performance monitoring completed for 698a51a
[spm]: ProfilerData event received.
I/flutter ( 2682): [SPM:perf] 698a51a  buildSpan: 3871µs
I/flutter ( 2682): [spm] Performance monitoring completed for 698a51a
I/flutter ( 2682): [SPM:perf] 698a51a  buildSpan: 3752µs
I/flutter ( 2682): [spm] Performance monitoring completed for 698a51a
[spm]: ProfilerData event received.
I/flutter ( 2682): [SPM:perf] 698a51a  buildSpan: 3634µs
I/flutter ( 2682): [spm] Performance monitoring completed for 698a51a
[spm]: ProfilerData event received.
[spm]: ProfilerData event received.
I/flutter ( 2682): [SPM:perf] 698a51a  buildSpan: 3061µs
I/flutter ( 2682): [spm] Performance monitoring completed for 698a51a
[spm]: ProfilerData event received.
I/flutter ( 2682): [SPM:perf] 698a51a  buildSpan: 3735µs
I/flutter ( 2682): [spm] Performance monitoring completed for 698a51a
[spm]: ProfilerData event received.
I/flutter ( 2682): [SPM:perf] 698a51a  buildSpan: 3901µs
I/flutter ( 2682): [spm] Performance monitoring completed for 698a51a
[spm]: ProfilerData event received.
I/flutter ( 2682): [SPM:perf] 698a51a  buildSpan: 3952µs
I/flutter ( 2682): [spm] Performance monitoring completed for 698a51a
[spm]: ProfilerData event received.
I/flutter ( 2682): [SPM:perf] 698a51a  buildSpan: 3613µs
I/flutter ( 2682): [spm] Performance monitoring completed for 698a51a
[spm]: ProfilerData event received.
I/flutter ( 2682): [SPM:perf] 698a51a  buildSpan: 3830µs
I/flutter ( 2682): [spm] Performance monitoring completed for 698a51a
I/flutter ( 2682): [SPM:perf] 698a51a  buildSpan: 3889µs
I/flutter ( 2682): [spm] Performance monitoring completed for 698a51a
[spm]: ProfilerData event received.
[spm]: ProfilerData event received.
I/flutter ( 2682): [SPM:perf] 698a51a  buildSpan: 4034µs
I/flutter ( 2682): [spm] Performance monitoring completed for 698a51a
[spm]: ProfilerData event received.
I/flutter ( 2682): [SPM:perf] 698a51a  buildSpan: 3747µs
I/flutter ( 2682): [spm] Performance monitoring completed for 698a51a
[spm]: ProfilerData event received.
I/flutter ( 2682): [SPM:perf] 698a51a  buildSpan: 4004µs
I/flutter ( 2682): [spm] Performance monitoring completed for 698a51a
[spm]: ProfilerData event received.
I/flutter ( 2682): [SPM:perf] 698a51a  buildSpan: 3064µs
I/flutter ( 2682): [spm] Performance monitoring completed for 698a51a
I/flutter ( 2682): [SPM:perf] 698a51a  buildSpan: 3784µs
I/flutter ( 2682): [spm] Performance monitoring completed for 698a51a
[spm]: ProfilerData event received.
I/flutter ( 2682): [SPM:perf] 698a51a  buildSpan: 3752µs
I/flutter ( 2682): [spm] Performance monitoring completed for 698a51a
[spm]: ProfilerData event received.
[spm]: ProfilerData event received.
I/flutter ( 2682): [SPM:perf] 698a51a  buildSpan: 4002µs
I/flutter ( 2682): [spm] Performance monitoring completed for 698a51a
[spm]: ProfilerData event received.
I/flutter ( 2682): [SPM:perf] 698a51a  buildSpan: 3787µs
I/flutter ( 2682): [spm] Performance monitoring completed for 698a51a
[spm]: ProfilerData event received.
I/flutter ( 2682): [SPM:perf] 698a51a  buildSpan: 3873µs
I/flutter ( 2682): [spm] Performance monitoring completed for 698a51a
[spm]: ProfilerData event received.
I/flutter ( 2682): [SPM:perf] 698a51a  buildSpan: 3616µs
I/flutter ( 2682): [spm] Performance monitoring completed for 698a51a
I/flutter ( 2682): 01:10 +1: (tearDownAll)
I/flutter ( 2682): 01:11 +2: All tests passed!
All tests passed.
[spm]: Saved 30 profiler events to <ROOT>/dataset-new_samples/2408/redmi9t/raw/20260918-171017/rev_020_d458d665/e13.jsonl
[spm]: Reverting injection...
10 issues found. (ran in 0.8s)
WARNING: Your Android app project: app located at: <ROOT>/android/app/build.gradle.kts
applies the Kotlin Gradle Plugin, which will cause build failures in future versions of Flutter. 
Please migrate your app to Built-in Kotlin using this guide: https://docs.flutter.dev/release/breaking-changes/migrate-to-built-in-kotlin/for-app-developers

VMServiceFlutterDriver: Connecting to Flutter application at http://127.0.0.1:36665/yEMSNlVjkN8=/
[spm]: Detected VM service URI: ws://127.0.0.1:36665/yEMSNlVjkN8=/ws
VMServiceFlutterDriver: Isolate found with number: 3082480543062423
VMServiceFlutterDriver: Isolate 3082480543062423 is runnable.
VMServiceFlutterDriver: Isolate is paused at start.
VMServiceFlutterDriver: Attempting to resume isolate
VMServiceFlutterDriver: Connected to Flutter application.
VMServiceFlutterDriver: request_data message is taking a long time to complete...