# sample_id=05/base exec_index=1 ok=True perf_lines=30 vm_events=30 battery_pct=55 soc_temp_millic=49700 battery_temp_c=32.6 charging=False preflight_started=2026-07-29T05:38:54.451366+00:00 started=2026-07-29T05:38:57.001099+00:00 ts=2026-07-29T05:40:53.858379+00:00
[spm]: Running flutter analyze...
Analyzing lib...                                                

   info • Invalid use of a private type in a public API. Try making the private type public, or making the API that uses the private type also be private • lib/dependencies.dart:99:3 • library_private_types_in_public_api
   info • Invalid use of a private type in a public API. Try making the private type public, or making the API that uses the private type also be private • lib/dependencies.dart:100:3 • library_private_types_in_public_api
   info • Invalid use of a private type in a public API. Try making the private type public, or making the API that uses the private type also be private • lib/dependencies.dart:101:3 • library_private_types_in_public_api

[spm]: Injecting profiler code...
[spm]: Starting app...
Running Gradle task 'assembleProfile'...                        
Running Gradle task 'assembleProfile'...                           19.9s
✓ Built build/app/outputs/flutter-apk/app-profile.apk (61.8MB)
Installing build/app/outputs/flutter-apk/app-profile.apk...      2,038ms
E/MiuiMultiWindowUtils(31571): initFreeFormResolutionArgs failed, device is lime
D/IS_CTS_MODE(31571): true
D/MULTI_WINDOW_SWITCH_ENABLED(31571): false
D/IS_CTS_MODE(31571): true
D/MULTI_WINDOW_SWITCH_ENABLED(31571): false
D/IS_CTS_MODE(31571): true
D/MULTI_WINDOW_SWITCH_ENABLED(31571): false
D/DecorView[](31571): getWindowModeFromSystem  windowmode is 1
I/ForceDarkHelperStubImpl(31571): setViewRootImplForceDark: false for com.example.benchmark_container.MainActivity@4db2a21, reason: AppDarkModeEnable
I/ForceDarkHelperStubImpl(31571): setViewRootImplForceDark: false for com.example.benchmark_container.MainActivity@4db2a21, reason: AppDarkModeEnable
D/DecorView[](31571): getWindowModeFromSystem  windowmode is 1
D/DecorView[](31571): updateDecorCaptionStatus displayWindowDecor is false
W/Looper  (31571): PerfMonitor looperActivity : package=com.example.benchmark_container/.MainActivity time=475ms latency=402ms running=0ms  procState=-1  historyMsgCount=2 (msgIndex=1 wall=475ms seq=4 late=402ms h=android.app.ActivityThread$H w=159) (msgIndex=2 wall=419ms seq=3 h=android.app.ActivityThread$H w=110)
W/Looper  (31571): PerfMonitor looperActivity : package=com.example.benchmark_container/.MainActivity time=1ms latency=878ms running=0ms  procState=-1  historyMsgCount=4 (msgIndex=2 wall=475ms seq=4 late=402ms h=android.app.ActivityThread$H w=159) (msgIndex=3 wall=419ms seq=3 h=android.app.ActivityThread$H w=110) (msgIndex=4 wall=475ms seq=4 late=402ms h=android.app.ActivityThread$H w=159)
I/Choreographer(31571): Skipped 30 frames!  The application may be doing too much work on its main thread.
D/hw-ProcessState(31571): Binder ioctl to enable oneway spam detection failed: Invalid argument
D/SurfaceView(31571): UPDATE null, mIsCastMode = false
W/Looper  (31571): PerfMonitor longMsg : seq=8 plan=08:39:32.009 late=513ms wall=1831ms running=0ms h=android.view.Choreographer$FrameHandler c=android.view.Choreographer$FrameDisplayEventReceiver procState=-1
W/Looper  (31571): PerfMonitor doFrame : time=1831ms vsyncFrame=0 latency=513ms procState=-1 historyMsgCount=7 (msgIndex=2 wall=475ms seq=4 h=android.app.ActivityThread$H w=159) (msgIndex=3 wall=1831ms seq=8 late=513ms h=android.view.Choreographer$FrameHandler c=android.view.Choreographer$FrameDisplayEventReceiver) (msgIndex=4 wall=475ms seq=4 h=android.app.ActivityThread$H w=159)
I/Choreographer(31571): Skipped 103 frames!  The application may be doing too much work on its main thread.
D/SurfaceView(31571): UPDATE Surface(name=SurfaceView[com.example.benchmark_container/com.example.benchmark_container.MainActivity])/@0x6a147ef, mIsProjectionMode = false
W/Looper  (31571): PerfMonitor doFrame : time=3ms vsyncFrame=0 latency=1720ms procState=-1 historyMsgCount=4
[spm]: Connected to Dart VM service.
I/flutter (31571): 00:00 +0: Performance Benchmark
E/hmark_containe(31571): open libmigui.so failed! dlopen - dlopen failed: library "libmigui.so" not found
D/hmark_containe(31571): MiuiProcessManagerServiceStub setSchedFifo
I/MiuiProcessManagerImpl(31571): setSchedFifo pid:31571, mode:3
D/DecorView[](31571): onWindowFocusChanged hasWindowFocus true
D/DecorView[](31571): getWindowModeFromSystem  windowmode is 1
D/DecorView[](31571): updateDecorCaptionStatus displayWindowDecor is false
D/ProfileInstaller(31571): Installing profile for com.example.benchmark_container
I/flutter (31571): setState 698a51a
[spm]: ProfilerData event received.
I/flutter (31571): [SPM:perf] 698a51a  buildSpan: 1813µs
I/flutter (31571): [spm] Performance monitoring completed for 698a51a
I/flutter (31571): setState 698a51a
[spm]: ProfilerData event received.
I/flutter (31571): [SPM:perf] 698a51a  buildSpan: 2061µs
I/flutter (31571): [spm] Performance monitoring completed for 698a51a
I/flutter (31571): setState 698a51a
[spm]: ProfilerData event received.
I/flutter (31571): [SPM:perf] 698a51a  buildSpan: 1511µs
I/flutter (31571): [spm] Performance monitoring completed for 698a51a
I/flutter (31571): setState 698a51a
[spm]: ProfilerData event received.
I/flutter (31571): [SPM:perf] 698a51a  buildSpan: 2004µs
I/flutter (31571): [spm] Performance monitoring completed for 698a51a
I/flutter (31571): setState 698a51a
[spm]: ProfilerData event received.
I/flutter (31571): [SPM:perf] 698a51a  buildSpan: 2017µs
I/flutter (31571): [spm] Performance monitoring completed for 698a51a
I/flutter (31571): setState 698a51a
I/flutter (31571): [SPM:perf] 698a51a  buildSpan: 2455µs
[spm]: ProfilerData event received.
I/flutter (31571): [spm] Performance monitoring completed for 698a51a
I/flutter (31571): setState 698a51a
[spm]: ProfilerData event received.
I/flutter (31571): [SPM:perf] 698a51a  buildSpan: 2082µs
I/flutter (31571): [spm] Performance monitoring completed for 698a51a
I/flutter (31571): setState 698a51a
[spm]: ProfilerData event received.
I/flutter (31571): [SPM:perf] 698a51a  buildSpan: 1820µs
I/flutter (31571): [spm] Performance monitoring completed for 698a51a
I/flutter (31571): setState 698a51a
[spm]: ProfilerData event received.
I/flutter (31571): [SPM:perf] 698a51a  buildSpan: 2434µs
I/flutter (31571): [spm] Performance monitoring completed for 698a51a
I/flutter (31571): setState 698a51a
[spm]: ProfilerData event received.
I/flutter (31571): [SPM:perf] 698a51a  buildSpan: 2592µs
I/flutter (31571): [spm] Performance monitoring completed for 698a51a
I/flutter (31571): setState 698a51a
[spm]: ProfilerData event received.
I/flutter (31571): [SPM:perf] 698a51a  buildSpan: 2165µs
I/flutter (31571): [spm] Performance monitoring completed for 698a51a
I/flutter (31571): setState 698a51a
[spm]: ProfilerData event received.
I/flutter (31571): [SPM:perf] 698a51a  buildSpan: 2125µs
I/flutter (31571): [spm] Performance monitoring completed for 698a51a
I/flutter (31571): setState 698a51a
[spm]: ProfilerData event received.
I/flutter (31571): [SPM:perf] 698a51a  buildSpan: 2171µs
I/flutter (31571): [spm] Performance monitoring completed for 698a51a
I/flutter (31571): setState 698a51a
[spm]: ProfilerData event received.
I/flutter (31571): [SPM:perf] 698a51a  buildSpan: 2199µs
I/flutter (31571): [spm] Performance monitoring completed for 698a51a
I/flutter (31571): setState 698a51a
I/flutter (31571): [SPM:perf] 698a51a  buildSpan: 1775µs
I/flutter (31571): [spm] Performance monitoring completed for 698a51a
I/flutter (31571): setState 698a51a
[spm]: ProfilerData event received.
[spm]: ProfilerData event received.
I/flutter (31571): [SPM:perf] 698a51a  buildSpan: 2279µs
I/flutter (31571): [spm] Performance monitoring completed for 698a51a
I/flutter (31571): setState 698a51a
[spm]: ProfilerData event received.
I/flutter (31571): [SPM:perf] 698a51a  buildSpan: 2081µs
I/flutter (31571): [spm] Performance monitoring completed for 698a51a
I/flutter (31571): setState 698a51a
I/flutter (31571): [SPM:perf] 698a51a  buildSpan: 2131µs
I/flutter (31571): [spm] Performance monitoring completed for 698a51a
I/flutter (31571): setState 698a51a
[spm]: ProfilerData event received.
[spm]: ProfilerData event received.
I/flutter (31571): [SPM:perf] 698a51a  buildSpan: 2112µs
I/flutter (31571): [spm] Performance monitoring completed for 698a51a
I/flutter (31571): setState 698a51a
[spm]: ProfilerData event received.
I/flutter (31571): [SPM:perf] 698a51a  buildSpan: 2020µs
I/flutter (31571): [spm] Performance monitoring completed for 698a51a
I/flutter (31571): setState 698a51a
[spm]: ProfilerData event received.
I/flutter (31571): [SPM:perf] 698a51a  buildSpan: 1869µs
I/flutter (31571): [spm] Performance monitoring completed for 698a51a
I/flutter (31571): setState 698a51a
[spm]: ProfilerData event received.
I/flutter (31571): [SPM:perf] 698a51a  buildSpan: 1336µs
I/flutter (31571): [spm] Performance monitoring completed for 698a51a
I/flutter (31571): setState 698a51a
[spm]: ProfilerData event received.
I/flutter (31571): [SPM:perf] 698a51a  buildSpan: 2235µs
I/flutter (31571): [spm] Performance monitoring completed for 698a51a
I/flutter (31571): setState 698a51a
[spm]: ProfilerData event received.
I/flutter (31571): [SPM:perf] 698a51a  buildSpan: 2037µs
I/flutter (31571): [spm] Performance monitoring completed for 698a51a
I/flutter (31571): setState 698a51a
[spm]: ProfilerData event received.
I/flutter (31571): [SPM:perf] 698a51a  buildSpan: 1612µs
I/flutter (31571): [spm] Performance monitoring completed for 698a51a
I/flutter (31571): setState 698a51a
[spm]: ProfilerData event received.
I/flutter (31571): [SPM:perf] 698a51a  buildSpan: 2124µs
I/flutter (31571): [spm] Performance monitoring completed for 698a51a
I/flutter (31571): setState 698a51a
[spm]: ProfilerData event received.
I/flutter (31571): [SPM:perf] 698a51a  buildSpan: 1821µs
I/flutter (31571): [spm] Performance monitoring completed for 698a51a
I/flutter (31571): setState 698a51a
[spm]: ProfilerData event received.
I/flutter (31571): [SPM:perf] 698a51a  buildSpan: 2031µs
I/flutter (31571): [spm] Performance monitoring completed for 698a51a
I/flutter (31571): setState 698a51a
[spm]: ProfilerData event received.
I/flutter (31571): [SPM:perf] 698a51a  buildSpan: 2085µs
I/flutter (31571): [spm] Performance monitoring completed for 698a51a
I/flutter (31571): setState 698a51a
[spm]: ProfilerData event received.
I/flutter (31571): [SPM:perf] 698a51a  buildSpan: 2057µs
I/flutter (31571): [spm] Performance monitoring completed for 698a51a
I/flutter (31571): 01:10 +1: (tearDownAll)
I/flutter (31571): 01:11 +2: All tests passed!
All tests passed.
[spm]: Saved 30 profiler events to <ROOT>/dataset/05/redmi9t/raw/20260729-081853/base/e1.jsonl
[spm]: Reverting injection...
3 issues found. (ran in 0.7s)
WARNING: Your Android app project: app located at: <ROOT>/android/app/build.gradle.kts
applies the Kotlin Gradle Plugin, which will cause build failures in future versions of Flutter. 
Please migrate your app to Built-in Kotlin using this guide: https://docs.flutter.dev/release/breaking-changes/migrate-to-built-in-kotlin/for-app-developers

VMServiceFlutterDriver: Connecting to Flutter application at http://127.0.0.1:42915/7FM_beHHnZE=/
[spm]: Detected VM service URI: ws://127.0.0.1:42915/7FM_beHHnZE=/ws
VMServiceFlutterDriver: Isolate found with number: 5000775180283191
VMServiceFlutterDriver: Isolate 5000775180283191 is runnable.
VMServiceFlutterDriver: Isolate is paused at start.
VMServiceFlutterDriver: Attempting to resume isolate
VMServiceFlutterDriver: Connected to Flutter application.