# sample_id=0508/rev_007_59642fcc exec_index=13 ok=True perf_lines=30 vm_events=30 battery_pct=59 soc_temp_millic=42600 battery_temp_c=32.5 charging=False preflight_started=2026-09-10T19:44:03.945024+00:00 started=2026-09-10T19:44:06.593315+00:00 ts=2026-09-10T19:46:10.788942+00:00
[spm]: Running flutter analyze...
Analyzing lib...                                                

   info • The part-of directive uses a library name. Try converting the directive to use the URI of the library • lib/dependencies.dart:43:1 • use_string_in_part_of_directives
   info • Library names are not necessary. Remove the library name • lib/generated_widget.dart:2:9 • unnecessary_library_name
   info • Constructors in '@immutable' classes should be declared as 'const'. Try adding 'const' to the constructor declaration • lib/generated_widget.dart:11:3 • prefer_const_constructors_in_immutables
   info • Use 'isEmpty' instead of 'length' to test whether the collection is empty. Try rewriting the expression to use 'isEmpty' • lib/generated_widget.dart:51:9 • prefer_is_empty
   info • Use a 'SizedBox' to add whitespace to a layout. Try using a 'SizedBox' rather than a 'Container' • lib/generated_widget.dart:165:40 • sized_box_for_whitespace
   info • The 'child' argument should be last in widget constructor invocations. Try moving the argument to the end of the argument list • lib/generated_widget.dart:166:35 • sort_child_properties_last
   info • The 'children' argument should be last in widget constructor invocations. Try moving the argument to the end of the argument list • lib/generated_widget.dart:369:35 • sort_child_properties_last
   info • Parameter 'key' could be a super parameter. Trying converting 'key' to a super parameter • lib/generated_widget.dart:412:9 • use_super_parameters
   info • Field overrides a field inherited from 'Widget'. Try removing the field, overriding the getter and setter if necessary • lib/generated_widget.dart:445:14 • overridden_fields
   info • The member 'key' overrides an inherited member but isn't annotated with '@override'. Try adding the '@override' annotation • lib/generated_widget.dart:445:14 • annotate_overrides

[spm]: Injecting profiler code...
[spm]: Starting app...
Running Gradle task 'assembleProfile'...                        
Running Gradle task 'assembleProfile'...                           20.6s
✓ Built build/app/outputs/flutter-apk/app-profile.apk (26.8MB)
Installing build/app/outputs/flutter-apk/app-profile.apk...      1,228ms
I/ForceDarkHelperStubImpl(17259): setViewRootImplForceDark: false for com.example.benchmark_container.MainActivity@e6f428d, reason: AppDarkModeEnable
I/ForceDarkHelperStubImpl(17259): setViewRootImplForceDark: false for com.example.benchmark_container.MainActivity@e6f428d, reason: AppDarkModeEnable
D/DecorView[](17259): getWindowModeFromSystem  windowmode is 1
D/DecorView[](17259): updateDecorCaptionStatus displayWindowDecor is false
W/Looper  (17259): PerfMonitor looperActivity : package=com.example.benchmark_container/.MainActivity time=360ms latency=357ms running=0ms  procState=-1  historyMsgCount=2 (msgIndex=1 wall=360ms seq=4 late=357ms h=android.app.ActivityThread$H w=159) (msgIndex=2 wall=407ms seq=3 h=android.app.ActivityThread$H w=110)
W/Looper  (17259): PerfMonitor looperActivity : package=com.example.benchmark_container/.MainActivity time=0ms latency=720ms running=0ms  procState=-1  historyMsgCount=4 (msgIndex=2 wall=360ms seq=4 h=android.app.ActivityThread$H w=159) (msgIndex=3 wall=407ms seq=3 h=android.app.ActivityThread$H w=110) (msgIndex=4 wall=360ms seq=4 h=android.app.ActivityThread$H w=159)
D/SurfaceView(17259): UPDATE null, mIsCastMode = false
D/hw-ProcessState(17259): Binder ioctl to enable oneway spam detection failed: Invalid argument
W/Looper  (17259): PerfMonitor longMsg : seq=8 plan=22:44:45.675 late=358ms wall=1664ms running=0ms h=android.view.Choreographer$FrameHandler c=android.view.Choreographer$FrameDisplayEventReceiver procState=-1
W/Looper  (17259): PerfMonitor doFrame : time=1664ms vsyncFrame=0 latency=358ms procState=-1 historyMsgCount=4 (msgIndex=1 wall=1664ms seq=8 late=358ms h=android.view.Choreographer$FrameHandler c=android.view.Choreographer$FrameDisplayEventReceiver)
I/Choreographer(17259): Skipped 94 frames!  The application may be doing too much work on its main thread.
D/SurfaceView(17259): UPDATE Surface(name=SurfaceView[com.example.benchmark_container/com.example.benchmark_container.MainActivity])/@0xca20cbb, mIsProjectionMode = false
W/Looper  (17259): PerfMonitor doFrame : time=3ms vsyncFrame=0 latency=1577ms procState=-1 historyMsgCount=4
[spm]: Connected to Dart VM service.
I/flutter (17259): 00:00 +0: Performance Benchmark
E/hmark_containe(17259): open libmigui.so failed! dlopen - dlopen failed: library "libmigui.so" not found
D/hmark_containe(17259): MiuiProcessManagerServiceStub setSchedFifo
I/MiuiProcessManagerImpl(17259): setSchedFifo pid:17259, mode:3
D/DecorView[](17259): onWindowFocusChanged hasWindowFocus true
D/DecorView[](17259): getWindowModeFromSystem  windowmode is 1
D/DecorView[](17259): updateDecorCaptionStatus displayWindowDecor is false
D/ProfileInstaller(17259): Installing profile for com.example.benchmark_container
[spm]: ProfilerData event received.
I/flutter (17259): [SPM:perf] 698a51a  buildSpan: 395µs
I/flutter (17259): [spm] Performance monitoring completed for 698a51a
[spm]: ProfilerData event received.
I/flutter (17259): [SPM:perf] 698a51a  buildSpan: 632µs
I/flutter (17259): [spm] Performance monitoring completed for 698a51a
I/flutter (17259): [SPM:perf] 698a51a  buildSpan: 476µs
I/flutter (17259): [spm] Performance monitoring completed for 698a51a
[spm]: ProfilerData event received.
[spm]: ProfilerData event received.
I/flutter (17259): [SPM:perf] 698a51a  buildSpan: 296µs
I/flutter (17259): [spm] Performance monitoring completed for 698a51a
[spm]: ProfilerData event received.
I/flutter (17259): [SPM:perf] 698a51a  buildSpan: 319µs
I/flutter (17259): [spm] Performance monitoring completed for 698a51a
[spm]: ProfilerData event received.
I/flutter (17259): [SPM:perf] 698a51a  buildSpan: 504µs
I/flutter (17259): [spm] Performance monitoring completed for 698a51a
[spm]: ProfilerData event received.
I/flutter (17259): [SPM:perf] 698a51a  buildSpan: 680µs
I/flutter (17259): [spm] Performance monitoring completed for 698a51a
[spm]: ProfilerData event received.
I/flutter (17259): [SPM:perf] 698a51a  buildSpan: 490µs
I/flutter (17259): [spm] Performance monitoring completed for 698a51a
[spm]: ProfilerData event received.
I/flutter (17259): [SPM:perf] 698a51a  buildSpan: 538µs
I/flutter (17259): [spm] Performance monitoring completed for 698a51a
[spm]: ProfilerData event received.
I/flutter (17259): [SPM:perf] 698a51a  buildSpan: 549µs
I/flutter (17259): [spm] Performance monitoring completed for 698a51a
[spm]: ProfilerData event received.
I/flutter (17259): [SPM:perf] 698a51a  buildSpan: 675µs
I/flutter (17259): [spm] Performance monitoring completed for 698a51a
[spm]: ProfilerData event received.
I/flutter (17259): [SPM:perf] 698a51a  buildSpan: 519µs
I/flutter (17259): [spm] Performance monitoring completed for 698a51a
[spm]: ProfilerData event received.
I/flutter (17259): [SPM:perf] 698a51a  buildSpan: 463µs
I/flutter (17259): [spm] Performance monitoring completed for 698a51a
[spm]: ProfilerData event received.
I/flutter (17259): [SPM:perf] 698a51a  buildSpan: 495µs
I/flutter (17259): [spm] Performance monitoring completed for 698a51a
[spm]: ProfilerData event received.
I/flutter (17259): [SPM:perf] 698a51a  buildSpan: 405µs
I/flutter (17259): [spm] Performance monitoring completed for 698a51a
[spm]: ProfilerData event received.
I/flutter (17259): [SPM:perf] 698a51a  buildSpan: 499µs
I/flutter (17259): [spm] Performance monitoring completed for 698a51a
I/flutter (17259): [SPM:perf] 698a51a  buildSpan: 301µs
I/flutter (17259): [spm] Performance monitoring completed for 698a51a
[spm]: ProfilerData event received.
[spm]: ProfilerData event received.
I/flutter (17259): [SPM:perf] 698a51a  buildSpan: 313µs
I/flutter (17259): [spm] Performance monitoring completed for 698a51a
[spm]: ProfilerData event received.
I/flutter (17259): [SPM:perf] 698a51a  buildSpan: 522µs
I/flutter (17259): [spm] Performance monitoring completed for 698a51a
I/flutter (17259): [SPM:perf] 698a51a  buildSpan: 487µs
I/flutter (17259): [spm] Performance monitoring completed for 698a51a
[spm]: ProfilerData event received.
[spm]: ProfilerData event received.
I/flutter (17259): [SPM:perf] 698a51a  buildSpan: 394µs
I/flutter (17259): [spm] Performance monitoring completed for 698a51a
I/flutter (17259): [SPM:perf] 698a51a  buildSpan: 697µs
[spm]: ProfilerData event received.
I/flutter (17259): [spm] Performance monitoring completed for 698a51a
[spm]: ProfilerData event received.
I/flutter (17259): [SPM:perf] 698a51a  buildSpan: 600µs
I/flutter (17259): [spm] Performance monitoring completed for 698a51a
[spm]: ProfilerData event received.
I/flutter (17259): [SPM:perf] 698a51a  buildSpan: 486µs
I/flutter (17259): [spm] Performance monitoring completed for 698a51a
[spm]: ProfilerData event received.
I/flutter (17259): [SPM:perf] 698a51a  buildSpan: 445µs
I/flutter (17259): [spm] Performance monitoring completed for 698a51a
[spm]: ProfilerData event received.
I/flutter (17259): [SPM:perf] 698a51a  buildSpan: 369µs
I/flutter (17259): [spm] Performance monitoring completed for 698a51a
[spm]: ProfilerData event received.
I/flutter (17259): [SPM:perf] 698a51a  buildSpan: 489µs
I/flutter (17259): [spm] Performance monitoring completed for 698a51a
[spm]: ProfilerData event received.
I/flutter (17259): [SPM:perf] 698a51a  buildSpan: 318µs
I/flutter (17259): [spm] Performance monitoring completed for 698a51a
[spm]: ProfilerData event received.
I/flutter (17259): [SPM:perf] 698a51a  buildSpan: 351µs
I/flutter (17259): [spm] Performance monitoring completed for 698a51a
I/flutter (17259): [SPM:perf] 698a51a  buildSpan: 371µs
I/flutter (17259): [spm] Performance monitoring completed for 698a51a
[spm]: ProfilerData event received.
I/flutter (17259): 01:10 +1: (tearDownAll)
I/flutter (17259): 01:11 +2: All tests passed!
All tests passed.
[spm]: Saved 30 profiler events to <ROOT>/dataset-new_samples/0508/redmi9t/raw/20260910-192307/rev_007_59642fcc/e13.jsonl
[spm]: Reverting injection...
10 issues found. (ran in 0.7s)
WARNING: Your Android app project: app located at: <ROOT>/android/app/build.gradle.kts
applies the Kotlin Gradle Plugin, which will cause build failures in future versions of Flutter. 
Please migrate your app to Built-in Kotlin using this guide: https://docs.flutter.dev/release/breaking-changes/migrate-to-built-in-kotlin/for-app-developers

VMServiceFlutterDriver: Connecting to Flutter application at http://127.0.0.1:37559/awlwuQXSfAE=/
[spm]: Detected VM service URI: ws://127.0.0.1:37559/awlwuQXSfAE=/ws
VMServiceFlutterDriver: Isolate found with number: 1705488362723419
VMServiceFlutterDriver: Isolate 1705488362723419 is runnable.
VMServiceFlutterDriver: Isolate is paused at start.
VMServiceFlutterDriver: Attempting to resume isolate
VMServiceFlutterDriver: Connected to Flutter application.
VMServiceFlutterDriver: request_data message is taking a long time to complete...