# sample_id=2866/rev_002_6bbb8e8d exec_index=4 ok=True perf_lines=30 vm_events=30 battery_pct=65 soc_temp_millic=37000 battery_temp_c=30.0 charging=False preflight_started=2026-09-14T04:30:44.186878+00:00 started=2026-09-14T04:30:46.895314+00:00 ts=2026-09-14T04:32:48.734922+00:00
[spm]: Running flutter analyze...
Resolving dependencies...
Downloading packages...
  _fe_analyzer_shared 100.0.0 (108.0.0 available)
  analyzer 13.0.0 (14.4.0 available)
  async 2.13.0 (2.13.1 available)
  clock 1.1.2 (1.1.3 available)
  cupertino_icons 1.0.8 (1.0.9 available)
  glob 2.1.3 (2.2.0 available)
  lints 6.0.0 (6.1.0 available)
  matcher 0.12.19 (0.12.20 available)
  material_color_utilities 0.13.0 (0.13.1 available)
  meta 1.18.0 (1.19.0 available)
  package_config 2.2.0 (3.0.0 available)
  platform 3.1.6 (3.2.0 available)
  process 5.0.5 (5.0.6 available)
  pub_semver 2.2.0 (2.2.1 available)
  source_span 1.10.1 (1.10.2 available)
  stack_trace 1.12.1 (1.12.2 available)
  test_api 0.7.11 (0.7.14 available)
  vector_math 2.2.0 (2.4.2 available)
  vm_service 15.0.2 (15.3.0 available)
  webdriver 3.1.0 (3.2.0 available)
  yaml 3.1.3 (3.1.4 available)
Got dependencies!
21 packages have newer versions incompatible with dependency constraints.
Try `flutter pub outdated` for more information.
Analyzing lib...                                                

   info • The part-of directive uses a library name. Try converting the directive to use the URI of the library • lib/dependencies.dart:46:1 • use_string_in_part_of_directives
   info • Unnecessary 'late' modifier. Try removing the 'late' • lib/dependencies.dart:54:1 • unnecessary_late
   info • The constant name 'TABLE_PROJECT' isn't a lowerCamelCase identifier. Try changing the name to follow the lowerCamelCase style • lib/dependencies.dart:99:24 • constant_identifier_names
   info • The constant name 'COLUMN_PROJECT_ID' isn't a lowerCamelCase identifier. Try changing the name to follow the lowerCamelCase style • lib/dependencies.dart:100:24 • constant_identifier_names
   info • The constant name 'COLUMN_APP_NAME' isn't a lowerCamelCase identifier. Try changing the name to follow the lowerCamelCase style • lib/dependencies.dart:101:24 • constant_identifier_names
   info • The constant name 'COLUMN_PROJECT_NAME' isn't a lowerCamelCase identifier. Try changing the name to follow the lowerCamelCase style • lib/dependencies.dart:102:24 • constant_identifier_names
   info • The constant name 'COLUMN_APP_PACKAGE_NAME' isn't a lowerCamelCase identifier. Try changing the name to follow the lowerCamelCase style • lib/dependencies.dart:113:24 • constant_identifier_names
   info • Library names are not necessary. Remove the library name • lib/generated_widget.dart:2:9 • unnecessary_library_name
   info • Constructors in '@immutable' classes should be declared as 'const'. Try adding 'const' to the constructor declaration • lib/generated_widget.dart:11:3 • prefer_const_constructors_in_immutables

[spm]: Injecting profiler code...
[spm]: Starting app...
Running Gradle task 'assembleProfile'...                        
Running Gradle task 'assembleProfile'...                           19.9s
✓ Built build/app/outputs/flutter-apk/app-profile.apk (26.8MB)
Installing build/app/outputs/flutter-apk/app-profile.apk...      1,251ms
D/IS_CTS_MODE(32064): true
D/MULTI_WINDOW_SWITCH_ENABLED(32064): false
D/IS_CTS_MODE(32064): true
D/MULTI_WINDOW_SWITCH_ENABLED(32064): false
D/DecorView[](32064): getWindowModeFromSystem  windowmode is 1
D/DecorView[](32064): getWindowModeFromSystem  windowmode is 1
D/DecorView[](32064): updateDecorCaptionStatus displayWindowDecor is false
W/Looper  (32064): PerfMonitor looperActivity : package=com.example.benchmark_container/.MainActivity time=367ms latency=354ms running=0ms  procState=-1  historyMsgCount=2 (msgIndex=1 wall=367ms seq=4 late=354ms h=android.app.ActivityThread$H w=159) (msgIndex=2 wall=357ms seq=3 h=android.app.ActivityThread$H w=110)
W/Looper  (32064): PerfMonitor looperActivity : package=com.example.benchmark_container/.MainActivity time=0ms latency=724ms running=0ms  procState=-1  historyMsgCount=4 (msgIndex=2 wall=367ms seq=4 h=android.app.ActivityThread$H w=159) (msgIndex=3 wall=357ms seq=3 h=android.app.ActivityThread$H w=110) (msgIndex=4 wall=367ms seq=4 h=android.app.ActivityThread$H w=159)
D/SurfaceView(32064): UPDATE null, mIsCastMode = false
D/hw-ProcessState(32064): Binder ioctl to enable oneway spam detection failed: Invalid argument
W/Looper  (32064): PerfMonitor longMsg : seq=8 plan=07:31:22.809 late=370ms wall=1661ms running=0ms h=android.view.Choreographer$FrameHandler c=android.view.Choreographer$FrameDisplayEventReceiver procState=-1
W/Looper  (32064): PerfMonitor doFrame : time=1661ms vsyncFrame=0 latency=370ms procState=-1 historyMsgCount=4 (msgIndex=1 wall=1661ms seq=8 late=370ms h=android.view.Choreographer$FrameHandler c=android.view.Choreographer$FrameDisplayEventReceiver)
I/Choreographer(32064): Skipped 95 frames!  The application may be doing too much work on its main thread.
D/SurfaceView(32064): UPDATE Surface(name=SurfaceView[com.example.benchmark_container/com.example.benchmark_container.MainActivity])/@0x739554a, mIsProjectionMode = false
W/Looper  (32064): PerfMonitor doFrame : time=4ms vsyncFrame=0 latency=1588ms procState=-1 historyMsgCount=4
[spm]: Connected to Dart VM service.
I/flutter (32064): 00:00 +0: Performance Benchmark
E/hmark_containe(32064): open libmigui.so failed! dlopen - dlopen failed: library "libmigui.so" not found
D/hmark_containe(32064): MiuiProcessManagerServiceStub setSchedFifo
I/MiuiProcessManagerImpl(32064): setSchedFifo pid:32064, mode:3
D/DecorView[](32064): onWindowFocusChanged hasWindowFocus true
D/DecorView[](32064): getWindowModeFromSystem  windowmode is 1
D/DecorView[](32064): updateDecorCaptionStatus displayWindowDecor is false
D/ProfileInstaller(32064): Installing profile for com.example.benchmark_container
[spm]: ProfilerData event received.
I/flutter (32064): [SPM:perf] 698a51a  buildSpan: 4082µs
I/flutter (32064): [spm] Performance monitoring completed for 698a51a
[spm]: ProfilerData event received.
I/flutter (32064): [SPM:perf] 698a51a  buildSpan: 2725µs
I/flutter (32064): [spm] Performance monitoring completed for 698a51a
[spm]: ProfilerData event received.
I/flutter (32064): [SPM:perf] 698a51a  buildSpan: 2712µs
I/flutter (32064): [spm] Performance monitoring completed for 698a51a
[spm]: ProfilerData event received.
I/flutter (32064): [SPM:perf] 698a51a  buildSpan: 10799µs
I/flutter (32064): [spm] Performance monitoring completed for 698a51a
[spm]: ProfilerData event received.
I/flutter (32064): [SPM:perf] 698a51a  buildSpan: 3684µs
I/flutter (32064): [spm] Performance monitoring completed for 698a51a
[spm]: ProfilerData event received.
I/flutter (32064): [SPM:perf] 698a51a  buildSpan: 3413µs
I/flutter (32064): [spm] Performance monitoring completed for 698a51a
[spm]: ProfilerData event received.
I/flutter (32064): [SPM:perf] 698a51a  buildSpan: 2567µs
I/flutter (32064): [spm] Performance monitoring completed for 698a51a
[spm]: ProfilerData event received.
I/flutter (32064): [SPM:perf] 698a51a  buildSpan: 2938µs
I/flutter (32064): [spm] Performance monitoring completed for 698a51a
[spm]: ProfilerData event received.
I/flutter (32064): [SPM:perf] 698a51a  buildSpan: 2828µs
I/flutter (32064): [spm] Performance monitoring completed for 698a51a
[spm]: ProfilerData event received.
I/flutter (32064): [SPM:perf] 698a51a  buildSpan: 3607µs
I/flutter (32064): [spm] Performance monitoring completed for 698a51a
[spm]: ProfilerData event received.
I/flutter (32064): [SPM:perf] 698a51a  buildSpan: 3535µs
I/flutter (32064): [spm] Performance monitoring completed for 698a51a
[spm]: ProfilerData event received.
I/flutter (32064): [SPM:perf] 698a51a  buildSpan: 3235µs
I/flutter (32064): [spm] Performance monitoring completed for 698a51a
[spm]: ProfilerData event received.
I/flutter (32064): [SPM:perf] 698a51a  buildSpan: 3534µs
I/flutter (32064): [spm] Performance monitoring completed for 698a51a
[spm]: ProfilerData event received.
I/flutter (32064): [SPM:perf] 698a51a  buildSpan: 2716µs
I/flutter (32064): [spm] Performance monitoring completed for 698a51a
[spm]: ProfilerData event received.
I/flutter (32064): [SPM:perf] 698a51a  buildSpan: 3510µs
I/flutter (32064): [spm] Performance monitoring completed for 698a51a
I/flutter (32064): [SPM:perf] 698a51a  buildSpan: 3211µs
[spm]: ProfilerData event received.
I/flutter (32064): [spm] Performance monitoring completed for 698a51a
I/flutter (32064): [SPM:perf] 698a51a  buildSpan: 3422µs
I/flutter (32064): [spm] Performance monitoring completed for 698a51a
[spm]: ProfilerData event received.
[spm]: ProfilerData event received.
I/flutter (32064): [SPM:perf] 698a51a  buildSpan: 3336µs
I/flutter (32064): [spm] Performance monitoring completed for 698a51a
I/flutter (32064): [SPM:perf] 698a51a  buildSpan: 2904µs
[spm]: ProfilerData event received.
I/flutter (32064): [spm] Performance monitoring completed for 698a51a
[spm]: ProfilerData event received.
I/flutter (32064): [SPM:perf] 698a51a  buildSpan: 3656µs
I/flutter (32064): [spm] Performance monitoring completed for 698a51a
[spm]: ProfilerData event received.
I/flutter (32064): [SPM:perf] 698a51a  buildSpan: 3143µs
I/flutter (32064): [spm] Performance monitoring completed for 698a51a
I/flutter (32064): [SPM:perf] 698a51a  buildSpan: 2759µs
I/flutter (32064): [spm] Performance monitoring completed for 698a51a
[spm]: ProfilerData event received.
[spm]: ProfilerData event received.
I/flutter (32064): [SPM:perf] 698a51a  buildSpan: 3234µs
I/flutter (32064): [spm] Performance monitoring completed for 698a51a
[spm]: ProfilerData event received.
I/flutter (32064): [SPM:perf] 698a51a  buildSpan: 1923µs
I/flutter (32064): [spm] Performance monitoring completed for 698a51a
[spm]: ProfilerData event received.
I/flutter (32064): [SPM:perf] 698a51a  buildSpan: 3188µs
I/flutter (32064): [spm] Performance monitoring completed for 698a51a
[spm]: ProfilerData event received.
I/flutter (32064): [SPM:perf] 698a51a  buildSpan: 3971µs
I/flutter (32064): [spm] Performance monitoring completed for 698a51a
[spm]: ProfilerData event received.
I/flutter (32064): [SPM:perf] 698a51a  buildSpan: 3333µs
I/flutter (32064): [spm] Performance monitoring completed for 698a51a
[spm]: ProfilerData event received.
I/flutter (32064): [SPM:perf] 698a51a  buildSpan: 3515µs
I/flutter (32064): [spm] Performance monitoring completed for 698a51a
[spm]: ProfilerData event received.
I/flutter (32064): [SPM:perf] 698a51a  buildSpan: 3575µs
I/flutter (32064): [spm] Performance monitoring completed for 698a51a
[spm]: ProfilerData event received.
I/flutter (32064): [SPM:perf] 698a51a  buildSpan: 2948µs
I/flutter (32064): [spm] Performance monitoring completed for 698a51a
I/flutter (32064): 01:12 +1: (tearDownAll)
I/flutter (32064): 01:13 +2: All tests passed!
I/Choreographer(32064): Skipped 58 frames!  The application may be doing too much work on its main thread.
W/Looper  (32064): PerfMonitor doFrame : time=3ms vsyncFrame=0 latency=982ms procState=-1 historyMsgCount=8
I/OpenGLRenderer(32064): Davey! duration=993ms; Flags=0, FrameTimelineVsyncId=15326262, IntendedVsync=480381067420959, Vsync=480382034087587, InputEventId=0, HandleInputStart=480382050294716, AnimationStart=480382050300237, PerformTraversalsStart=480382050303310, DrawStart=480382051026018, FrameDeadline=480381084087625, FrameInterval=480382049950810, FrameStartTime=16666666, SyncQueued=480382051335341, SyncStart=480382051495914, IssueDrawCommandsStart=480382051692685, SwapBuffers=480382053871487, FrameCompleted=480382060735601, DequeueBufferDuration=83697, QueueBufferDuration=896041, GpuCompleted=480382060735601, SwapBuffersCompleted=480382055563622, DisplayPresentTime=525595960656, 
[SPM:shot] wrote <ROOT>/dataset-new_samples/2866/redmi9t/shots/2866__rev_002_6bbb8e8d.png (114013 bytes)
All tests passed.
[spm]: Saved 30 profiler events to <ROOT>/dataset-new_samples/2866/redmi9t/raw/20260913-233628/rev_002_6bbb8e8d/e4.jsonl
[spm]: Reverting injection...
9 issues found. (ran in 0.7s)
WARNING: Your Android app project: app located at: <ROOT>/android/app/build.gradle.kts
applies the Kotlin Gradle Plugin, which will cause build failures in future versions of Flutter. 
Please migrate your app to Built-in Kotlin using this guide: https://docs.flutter.dev/release/breaking-changes/migrate-to-built-in-kotlin/for-app-developers

VMServiceFlutterDriver: Connecting to Flutter application at http://127.0.0.1:37577/AMAveyN8xJU=/
[spm]: Detected VM service URI: ws://127.0.0.1:37577/AMAveyN8xJU=/ws
VMServiceFlutterDriver: Isolate found with number: 536572268938823
VMServiceFlutterDriver: Isolate 536572268938823 is runnable.
VMServiceFlutterDriver: Isolate is paused at start.
VMServiceFlutterDriver: Attempting to resume isolate
VMServiceFlutterDriver: Connected to Flutter application.
VMServiceFlutterDriver: request_data message is taking a long time to complete...