# sample_id=2866/rev_002_6bbb8e8d exec_index=6 ok=True perf_lines=30 vm_events=30 battery_pct=63 soc_temp_millic=38000 battery_temp_c=30.0 charging=False preflight_started=2026-09-14T04:55:42.518118+00:00 started=2026-09-14T04:55:45.199593+00:00 ts=2026-09-14T04:57:25.773596+00:00
[spm]: Running flutter analyze...
Resolving dependencies...
Downloading packages...
  _fe_analyzer_shared 100.0.0 (108.0.0 available)
  analyzer 13.0.0 (14.4.0 available)
  async 2.13.0 (2.13.1 available)
  clock 1.1.2 (1.1.3 available)
  cupertino_icons 1.0.8 (1.0.9 available)
  glob 2.1.3 (2.2.0 available)
  lints 6.0.0 (6.1.0 available)
  matcher 0.12.19 (0.12.20 available)
  material_color_utilities 0.13.0 (0.13.1 available)
  meta 1.18.0 (1.19.0 available)
  package_config 2.2.0 (3.0.0 available)
  platform 3.1.6 (3.2.0 available)
  process 5.0.5 (5.0.6 available)
  pub_semver 2.2.0 (2.2.1 available)
  source_span 1.10.1 (1.10.2 available)
  stack_trace 1.12.1 (1.12.2 available)
  test_api 0.7.11 (0.7.14 available)
  vector_math 2.2.0 (2.4.2 available)
  vm_service 15.0.2 (15.3.0 available)
  webdriver 3.1.0 (3.2.0 available)
  yaml 3.1.3 (3.1.4 available)
Got dependencies!
21 packages have newer versions incompatible with dependency constraints.
Try `flutter pub outdated` for more information.
Analyzing lib...                                                

   info • The part-of directive uses a library name. Try converting the directive to use the URI of the library • lib/dependencies.dart:46:1 • use_string_in_part_of_directives
   info • Unnecessary 'late' modifier. Try removing the 'late' • lib/dependencies.dart:54:1 • unnecessary_late
   info • The constant name 'TABLE_PROJECT' isn't a lowerCamelCase identifier. Try changing the name to follow the lowerCamelCase style • lib/dependencies.dart:99:24 • constant_identifier_names
   info • The constant name 'COLUMN_PROJECT_ID' isn't a lowerCamelCase identifier. Try changing the name to follow the lowerCamelCase style • lib/dependencies.dart:100:24 • constant_identifier_names
   info • The constant name 'COLUMN_APP_NAME' isn't a lowerCamelCase identifier. Try changing the name to follow the lowerCamelCase style • lib/dependencies.dart:101:24 • constant_identifier_names
   info • The constant name 'COLUMN_PROJECT_NAME' isn't a lowerCamelCase identifier. Try changing the name to follow the lowerCamelCase style • lib/dependencies.dart:102:24 • constant_identifier_names
   info • The constant name 'COLUMN_APP_PACKAGE_NAME' isn't a lowerCamelCase identifier. Try changing the name to follow the lowerCamelCase style • lib/dependencies.dart:113:24 • constant_identifier_names
   info • Library names are not necessary. Remove the library name • lib/generated_widget.dart:2:9 • unnecessary_library_name
   info • Constructors in '@immutable' classes should be declared as 'const'. Try adding 'const' to the constructor declaration • lib/generated_widget.dart:11:3 • prefer_const_constructors_in_immutables

[spm]: Injecting profiler code...
[spm]: Starting app...
Running Gradle task 'assembleProfile'...                        
Running Gradle task 'assembleProfile'...                         1,722ms
✓ Built build/app/outputs/flutter-apk/app-profile.apk (26.8MB)
Installing build/app/outputs/flutter-apk/app-profile.apk...      1,204ms
D/DecorView[](19838): getWindowModeFromSystem  windowmode is 1
D/DecorView[](19838): getWindowModeFromSystem  windowmode is 1
D/DecorView[](19838): updateDecorCaptionStatus displayWindowDecor is false
W/Looper  (19838): PerfMonitor looperActivity : package=com.example.benchmark_container/.MainActivity time=338ms latency=342ms running=0ms  procState=-1  historyMsgCount=2 (msgIndex=1 wall=338ms seq=4 late=342ms h=android.app.ActivityThread$H w=159) (msgIndex=2 wall=346ms seq=3 h=android.app.ActivityThread$H w=110)
W/Looper  (19838): PerfMonitor looperActivity : package=com.example.benchmark_container/.MainActivity time=1ms latency=683ms running=0ms  procState=-1  historyMsgCount=4 (msgIndex=2 wall=338ms seq=4 h=android.app.ActivityThread$H w=159) (msgIndex=3 wall=346ms seq=3 h=android.app.ActivityThread$H w=110) (msgIndex=4 wall=338ms seq=4 h=android.app.ActivityThread$H w=159)
D/SurfaceView(19838): UPDATE null, mIsCastMode = false
D/hw-ProcessState(19838): Binder ioctl to enable oneway spam detection failed: Invalid argument
W/Looper  (19838): PerfMonitor longMsg : seq=8 plan=07:56:02.440 late=340ms wall=1668ms running=0ms h=android.view.Choreographer$FrameHandler c=android.view.Choreographer$FrameDisplayEventReceiver procState=-1
W/Looper  (19838): PerfMonitor doFrame : time=1668ms vsyncFrame=0 latency=340ms procState=-1 historyMsgCount=4 (msgIndex=1 wall=1668ms seq=8 late=340ms h=android.view.Choreographer$FrameHandler c=android.view.Choreographer$FrameDisplayEventReceiver)
I/Choreographer(19838): Skipped 94 frames!  The application may be doing too much work on its main thread.
D/SurfaceView(19838): UPDATE Surface(name=SurfaceView[com.example.benchmark_container/com.example.benchmark_container.MainActivity])/@0x739554a, mIsProjectionMode = false
W/Looper  (19838): PerfMonitor doFrame : time=4ms vsyncFrame=0 latency=1582ms procState=-1 historyMsgCount=4
[spm]: Connected to Dart VM service.
I/flutter (19838): 00:00 +0: Performance Benchmark
E/hmark_containe(19838): open libmigui.so failed! dlopen - dlopen failed: library "libmigui.so" not found
D/hmark_containe(19838): MiuiProcessManagerServiceStub setSchedFifo
I/MiuiProcessManagerImpl(19838): setSchedFifo pid:19838, mode:3
D/DecorView[](19838): onWindowFocusChanged hasWindowFocus true
D/DecorView[](19838): getWindowModeFromSystem  windowmode is 1
D/DecorView[](19838): updateDecorCaptionStatus displayWindowDecor is false
D/ProfileInstaller(19838): Installing profile for com.example.benchmark_container
[spm]: ProfilerData event received.
I/flutter (19838): [SPM:perf] 698a51a  buildSpan: 4028µs
I/flutter (19838): [spm] Performance monitoring completed for 698a51a
[spm]: ProfilerData event received.
I/flutter (19838): [SPM:perf] 698a51a  buildSpan: 3847µs
I/flutter (19838): [spm] Performance monitoring completed for 698a51a
[spm]: ProfilerData event received.
I/flutter (19838): [SPM:perf] 698a51a  buildSpan: 2989µs
I/flutter (19838): [spm] Performance monitoring completed for 698a51a
[spm]: ProfilerData event received.
I/flutter (19838): [SPM:perf] 698a51a  buildSpan: 11120µs
I/flutter (19838): [spm] Performance monitoring completed for 698a51a
[spm]: ProfilerData event received.
I/flutter (19838): [SPM:perf] 698a51a  buildSpan: 3640µs
I/flutter (19838): [spm] Performance monitoring completed for 698a51a
[spm]: ProfilerData event received.
I/flutter (19838): [SPM:perf] 698a51a  buildSpan: 2652µs
I/flutter (19838): [spm] Performance monitoring completed for 698a51a
[spm]: ProfilerData event received.
I/flutter (19838): [SPM:perf] 698a51a  buildSpan: 3620µs
I/flutter (19838): [spm] Performance monitoring completed for 698a51a
[spm]: ProfilerData event received.
I/flutter (19838): [SPM:perf] 698a51a  buildSpan: 3088µs
I/flutter (19838): [spm] Performance monitoring completed for 698a51a
I/flutter (19838): [SPM:perf] 698a51a  buildSpan: 3530µs
I/flutter (19838): [spm] Performance monitoring completed for 698a51a
[spm]: ProfilerData event received.
[spm]: ProfilerData event received.
I/flutter (19838): [SPM:perf] 698a51a  buildSpan: 4025µs
I/flutter (19838): [spm] Performance monitoring completed for 698a51a
[spm]: ProfilerData event received.
I/flutter (19838): [SPM:perf] 698a51a  buildSpan: 2693µs
I/flutter (19838): [spm] Performance monitoring completed for 698a51a
I/flutter (19838): [SPM:perf] 698a51a  buildSpan: 3704µs
I/flutter (19838): [spm] Performance monitoring completed for 698a51a
[spm]: ProfilerData event received.
I/flutter (19838): [SPM:perf] 698a51a  buildSpan: 3358µs
[spm]: ProfilerData event received.
I/flutter (19838): [spm] Performance monitoring completed for 698a51a
[spm]: ProfilerData event received.
I/flutter (19838): [SPM:perf] 698a51a  buildSpan: 3614µs
I/flutter (19838): [spm] Performance monitoring completed for 698a51a
[spm]: ProfilerData event received.
I/flutter (19838): [SPM:perf] 698a51a  buildSpan: 3526µs
I/flutter (19838): [spm] Performance monitoring completed for 698a51a
[spm]: ProfilerData event received.
I/flutter (19838): [SPM:perf] 698a51a  buildSpan: 2977µs
I/flutter (19838): [spm] Performance monitoring completed for 698a51a
[spm]: ProfilerData event received.
I/flutter (19838): [SPM:perf] 698a51a  buildSpan: 3091µs
I/flutter (19838): [spm] Performance monitoring completed for 698a51a
[spm]: ProfilerData event received.
I/flutter (19838): [SPM:perf] 698a51a  buildSpan: 3354µs
I/flutter (19838): [spm] Performance monitoring completed for 698a51a
[spm]: ProfilerData event received.
I/flutter (19838): [SPM:perf] 698a51a  buildSpan: 2212µs
I/flutter (19838): [spm] Performance monitoring completed for 698a51a
[spm]: ProfilerData event received.
I/flutter (19838): [SPM:perf] 698a51a  buildSpan: 3337µs
I/flutter (19838): [spm] Performance monitoring completed for 698a51a
[spm]: ProfilerData event received.
I/flutter (19838): [SPM:perf] 698a51a  buildSpan: 2559µs
I/flutter (19838): [spm] Performance monitoring completed for 698a51a
[spm]: ProfilerData event received.
I/flutter (19838): [SPM:perf] 698a51a  buildSpan: 3722µs
I/flutter (19838): [spm] Performance monitoring completed for 698a51a
[spm]: ProfilerData event received.
I/flutter (19838): [SPM:perf] 698a51a  buildSpan: 3714µs
I/flutter (19838): [spm] Performance monitoring completed for 698a51a
[spm]: ProfilerData event received.
I/flutter (19838): [SPM:perf] 698a51a  buildSpan: 3570µs
I/flutter (19838): [spm] Performance monitoring completed for 698a51a
I/flutter (19838): [SPM:perf] 698a51a  buildSpan: 3645µs
I/flutter (19838): [spm] Performance monitoring completed for 698a51a
[spm]: ProfilerData event received.
I/flutter (19838): [SPM:perf] 698a51a  buildSpan: 3991µs
I/flutter (19838): [spm] Performance monitoring completed for 698a51a
[spm]: ProfilerData event received.
[spm]: ProfilerData event received.
I/flutter (19838): [SPM:perf] 698a51a  buildSpan: 2738µs
I/flutter (19838): [spm] Performance monitoring completed for 698a51a
[spm]: ProfilerData event received.
I/flutter (19838): [SPM:perf] 698a51a  buildSpan: 2931µs
I/flutter (19838): [spm] Performance monitoring completed for 698a51a
[spm]: ProfilerData event received.
I/flutter (19838): [SPM:perf] 698a51a  buildSpan: 3661µs
I/flutter (19838): [spm] Performance monitoring completed for 698a51a
[spm]: ProfilerData event received.
I/flutter (19838): [SPM:perf] 698a51a  buildSpan: 2797µs
I/flutter (19838): [spm] Performance monitoring completed for 698a51a
I/flutter (19838): 01:10 +1: (tearDownAll)
I/flutter (19838): 01:11 +2: All tests passed!
All tests passed.
[spm]: Saved 30 profiler events to <ROOT>/dataset-new_samples/2866/redmi9t/raw/20260913-233628/rev_002_6bbb8e8d/e6.jsonl
[spm]: Reverting injection...
9 issues found. (ran in 0.5s)
WARNING: Your Android app project: app located at: <ROOT>/android/app/build.gradle.kts
applies the Kotlin Gradle Plugin, which will cause build failures in future versions of Flutter. 
Please migrate your app to Built-in Kotlin using this guide: https://docs.flutter.dev/release/breaking-changes/migrate-to-built-in-kotlin/for-app-developers

VMServiceFlutterDriver: Connecting to Flutter application at http://127.0.0.1:44597/qfWm55m9D0w=/
[spm]: Detected VM service URI: ws://127.0.0.1:44597/qfWm55m9D0w=/ws
VMServiceFlutterDriver: Isolate found with number: 4092537416134755
VMServiceFlutterDriver: Isolate 4092537416134755 is runnable.
VMServiceFlutterDriver: Isolate is paused at start.
VMServiceFlutterDriver: Attempting to resume isolate
VMServiceFlutterDriver: Connected to Flutter application.
VMServiceFlutterDriver: request_data message is taking a long time to complete...