# sample_id=2866/rev_001_845b3e07 exec_index=14 ok=True perf_lines=30 vm_events=30 battery_pct=65 soc_temp_millic=43200 battery_temp_c=30.0 charging=False preflight_started=2026-09-14T04:32:48.743951+00:00 started=2026-09-14T04:32:51.231620+00:00 ts=2026-09-14T04:34:52.817011+00:00
[spm]: Running flutter analyze...
Resolving dependencies...
Downloading packages...
  _fe_analyzer_shared 100.0.0 (108.0.0 available)
  analyzer 13.0.0 (14.4.0 available)
  async 2.13.0 (2.13.1 available)
  clock 1.1.2 (1.1.3 available)
  cupertino_icons 1.0.8 (1.0.9 available)
  glob 2.1.3 (2.2.0 available)
  lints 6.0.0 (6.1.0 available)
  matcher 0.12.19 (0.12.20 available)
  material_color_utilities 0.13.0 (0.13.1 available)
  meta 1.18.0 (1.19.0 available)
  package_config 2.2.0 (3.0.0 available)
  platform 3.1.6 (3.2.0 available)
  process 5.0.5 (5.0.6 available)
  pub_semver 2.2.0 (2.2.1 available)
  source_span 1.10.1 (1.10.2 available)
  stack_trace 1.12.1 (1.12.2 available)
  test_api 0.7.11 (0.7.14 available)
  vector_math 2.2.0 (2.4.2 available)
  vm_service 15.0.2 (15.3.0 available)
  webdriver 3.1.0 (3.2.0 available)
  yaml 3.1.3 (3.1.4 available)
Got dependencies!
21 packages have newer versions incompatible with dependency constraints.
Try `flutter pub outdated` for more information.
Analyzing lib...                                                

   info • The part-of directive uses a library name. Try converting the directive to use the URI of the library • lib/dependencies.dart:46:1 • use_string_in_part_of_directives
   info • Unnecessary 'late' modifier. Try removing the 'late' • lib/dependencies.dart:54:1 • unnecessary_late
   info • The constant name 'TABLE_PROJECT' isn't a lowerCamelCase identifier. Try changing the name to follow the lowerCamelCase style • lib/dependencies.dart:99:24 • constant_identifier_names
   info • The constant name 'COLUMN_PROJECT_ID' isn't a lowerCamelCase identifier. Try changing the name to follow the lowerCamelCase style • lib/dependencies.dart:100:24 • constant_identifier_names
   info • The constant name 'COLUMN_APP_NAME' isn't a lowerCamelCase identifier. Try changing the name to follow the lowerCamelCase style • lib/dependencies.dart:101:24 • constant_identifier_names
   info • The constant name 'COLUMN_PROJECT_NAME' isn't a lowerCamelCase identifier. Try changing the name to follow the lowerCamelCase style • lib/dependencies.dart:102:24 • constant_identifier_names
   info • The constant name 'COLUMN_APP_PACKAGE_NAME' isn't a lowerCamelCase identifier. Try changing the name to follow the lowerCamelCase style • lib/dependencies.dart:113:24 • constant_identifier_names
   info • Library names are not necessary. Remove the library name • lib/generated_widget.dart:2:9 • unnecessary_library_name
   info • Constructors in '@immutable' classes should be declared as 'const'. Try adding 'const' to the constructor declaration • lib/generated_widget.dart:11:3 • prefer_const_constructors_in_immutables

[spm]: Injecting profiler code...
[spm]: Starting app...
Running Gradle task 'assembleProfile'...                        
Running Gradle task 'assembleProfile'...                           19.8s
✓ Built build/app/outputs/flutter-apk/app-profile.apk (26.8MB)
Installing build/app/outputs/flutter-apk/app-profile.apk...      1,118ms
I/hmark_containe( 8988): hiddenapi: Accessing hidden method Landroid/view/accessibility/AccessibilityNodeInfo;->getSourceNodeId()J (runtime_flags=0, domain=platform, api=unsupported,test-api) from Lio/flutter/view/AccessibilityViewEmbedder$ReflectionAccessors; (domain=app, TargetSdkVersion=36) using reflection: allowed
I/hmark_containe( 8988): hiddenapi: Accessing hidden method Landroid/view/accessibility/AccessibilityRecord;->getSourceNodeId()J (runtime_flags=0, domain=platform, api=unsupported) from Lio/flutter/view/AccessibilityViewEmbedder$ReflectionAccessors; (domain=app, TargetSdkVersion=36) using reflection: allowed
I/hmark_containe( 8988): hiddenapi: Accessing hidden field Landroid/view/accessibility/AccessibilityNodeInfo;->mChildNodeIds:Landroid/util/LongArray; (runtime_flags=0, domain=platform, api=unsupported) from Lio/flutter/view/AccessibilityViewEmbedder$ReflectionAccessors; (domain=app, TargetSdkVersion=36) using reflection: allowed
I/hmark_containe( 8988): hiddenapi: Accessing hidden method Landroid/util/LongArray;->get(I)J (runtime_flags=0, domain=platform, api=unsupported) from Lio/flutter/view/AccessibilityViewEmbedder$ReflectionAccessors; (domain=app, TargetSdkVersion=36) using reflection: allowed
D/MiuiMultiWindowUtils( 8988): freeform resolution args raw data:{  "zizhan":{    "freeform_args": {      "inner":{        "vertical_portrait":{"aspect_ratio":0.626, "original_ratio":0.5643,"original_scale":0.74,"top_margin":0.168,"left_margin":0.484},        "horizontal_portrait":{"aspect_ratio":0.626, "original_ratio":0.5643,"original_scale":0.74,"top_margin":0.1222,"left_margin":0.59745},        "vertical_landscape":{"aspect_ratio":1.6, "original_ratio":1,"original_scale":0.604,"top_margin":0.2596,"left_margin":0.2624},        "horizontal_landscape":{"aspect_ratio":1.6, "original_ratio":1,"original_scale":0.604,"top_margin":0.213,"left_margin":0.3758}      },      "outer":{        "vertical_portrait":{"aspect_ratio":0.626, "original_ratio":1,"original_scale":0.74,"top_margin":0.0753,"left_margin":-1},        "horizontal_portrait":{"aspect_ratio":0.626, "original_ratio":1,"original_scale":0.5756,"top_margin":-1,"left_margin":0.0753},        "vertical_landscape":{"aspect_ratio":1.6, "original_ratio":0.6847,"original_scale":0.587,"top_margin":0.0753,"left_margin":-1},        "horizontal_landscape":{"aspect_ratio":1.6, "original_ratio":0.6847,"original_scale":0.587,"top_margin":-1,"left_margin":0.0753}}    },    "mini_freeform_args":{      "inner":{        "vertical_portrait":{"aspect_ratio":0.626, "original_ratio":0.147},        "horizontal_portrait":{"aspect_ratio":0.626, "original_ratio":0.147},        "vertical_landscape":{"aspect_ratio":1.6, "original_ratio":0.165},        "horizontal_landscape":{"aspect_ratio":1.6, "original_ratio":0.165}      },      "outer":{        "vertical_portrait":{"aspect_ratio":0.626, "original_ratio":0.26},        "horizontal_portrait":{"aspect_ratio":0.626, "original_ratio":0.26},        "vertical_landscape":{"aspect_ratio":1.6, "original_ratio":0.293},        "horizontal_landscape":{"aspect_ratio":1.6, "original_ratio":0.293}}    }  },  "wide_default":{    "freeform_args": {        "vertical_portrait":{"aspect_ratio":0.625, "original_ratio":0.5806,"original_scale":0.7574,"top_margin":0.125,"left_margin":0.392},        "horizontal_portrait":{"aspect_ratio":0.625, "original_ratio":0.5806,"original_scale":0.7574,"top_margin":-1,"left_margin":0.6415},        "vertical_landscape":{"aspect_ratio":1.6, "original_ratio":1,"original_scale":0.5153,"top_margin":0.125,"left_margin":0.206},        "horizontal_landscape":{"aspect_ratio":1.6, "original_ratio":1,"original_scale":0.5153,"top_margin":-1,"left_margin":0.456}    },    "mini_freeform_args":{        "vertical_portrait":{"aspect_ratio":0.5625, "original_ratio":0.144},        "horizontal_portrait":{"aspect_ratio":0.5625, "original_ratio":0.144},        "vertical_landscape":{"aspect_ratio":-1, "original_ratio":0.144},        "horizontal_landscape":{"aspect_ratio":-1, "original_ratio":0.144}    }  },  "narrow_default": {    "freeform_args": {        "vertical_portrait":{"aspect_ratio":0.5625, "original_ratio":1,"original_scale":0.7182,"top_margin":0.142,"left_margin":-1},        "horizontal_portrait":{"aspect_ratio":0.8, "original_ratio":1,"original_scale":0.7182,"top_margin":-1,"left_margin":0.05},        "vertical_landscape":{"aspect_ratio":1.6, "original_ratio":0.6545,"original_scale":0.4473,"top_margin":0.142,"left_margin":-1},        "horizontal_landscape":{"aspect_ratio":1.6, "original_ratio":0.6545,"original_scale":0.4473,"top_margin":-1,"left_margin":0.05}    },    "mini_freeform_args":{        "vertical_portrait":{"aspect_ratio":0.5625, "original_ratio":0.3},        "horizontal_portrait":{"aspect_ratio":0.5625, "original_ratio":0.3},        "vertical_landscape":{"aspect_ratio":1.7778, "original_ratio":0.3},        "horizontal_landscape":{"aspect_ratio":1.7778, "original_ratio":0.3}    }  },  "regular_default": {    "freeform_args": {      "vertical_portrait":{"aspect_ratio":0.625, "original_ratio":1,"original_scale":0.7,"top_margin":0.109,"left_margin":-1},      "horizontal_portrait":{"aspect_ratio":0.6667, "original_ratio":1,"original_scale":0.6102,"top_margin":-1,"left_margin":0.026},      "vertical_landscape":{"asp
E/MiuiMultiWindowUtils( 8988): initFreeFormResolutionArgs failed, device is lime
D/IS_CTS_MODE( 8988): true
D/MULTI_WINDOW_SWITCH_ENABLED( 8988): false
D/IS_CTS_MODE( 8988): true
D/MULTI_WINDOW_SWITCH_ENABLED( 8988): false
D/IS_CTS_MODE( 8988): true
D/MULTI_WINDOW_SWITCH_ENABLED( 8988): false
D/DecorView[]( 8988): getWindowModeFromSystem  windowmode is 1
D/DecorView[]( 8988): getWindowModeFromSystem  windowmode is 1
D/DecorView[]( 8988): updateDecorCaptionStatus displayWindowDecor is false
W/Looper  ( 8988): PerfMonitor looperActivity : package=com.example.benchmark_container/.MainActivity time=366ms latency=384ms running=0ms  procState=-1  historyMsgCount=3 (msgIndex=3 wall=377ms seq=3 h=android.app.ActivityThread$H w=110)
W/Looper  ( 8988): PerfMonitor looperActivity : package=com.example.benchmark_container/.MainActivity time=0ms latency=753ms running=0ms  procState=-1  historyMsgCount=4 (msgIndex=3 wall=377ms seq=3 h=android.app.ActivityThread$H w=110) (msgIndex=4 wall=366ms seq=4 h=android.app.ActivityThread$H w=159)
D/SurfaceView( 8988): UPDATE null, mIsCastMode = false
D/hw-ProcessState( 8988): Binder ioctl to enable oneway spam detection failed: Invalid argument
W/Looper  ( 8988): PerfMonitor longMsg : seq=8 plan=07:33:26.852 late=366ms wall=1657ms running=0ms h=android.view.Choreographer$FrameHandler c=android.view.Choreographer$FrameDisplayEventReceiver procState=-1
W/Looper  ( 8988): PerfMonitor doFrame : time=1657ms vsyncFrame=0 latency=366ms procState=-1 historyMsgCount=4 (msgIndex=1 wall=1657ms seq=8 late=366ms h=android.view.Choreographer$FrameHandler c=android.view.Choreographer$FrameDisplayEventReceiver)
I/Choreographer( 8988): Skipped 94 frames!  The application may be doing too much work on its main thread.
D/SurfaceView( 8988): UPDATE Surface(name=SurfaceView[com.example.benchmark_container/com.example.benchmark_container.MainActivity])/@0x739554a, mIsProjectionMode = false
W/Looper  ( 8988): PerfMonitor doFrame : time=3ms vsyncFrame=0 latency=1579ms procState=-1 historyMsgCount=4
[spm]: Connected to Dart VM service.
I/flutter ( 8988): 00:00 +0: Performance Benchmark
E/hmark_containe( 8988): open libmigui.so failed! dlopen - dlopen failed: library "libmigui.so" not found
D/hmark_containe( 8988): MiuiProcessManagerServiceStub setSchedFifo
I/MiuiProcessManagerImpl( 8988): setSchedFifo pid:8988, mode:3
D/DecorView[]( 8988): onWindowFocusChanged hasWindowFocus true
D/DecorView[]( 8988): getWindowModeFromSystem  windowmode is 1
D/DecorView[]( 8988): updateDecorCaptionStatus displayWindowDecor is false
D/ProfileInstaller( 8988): Installing profile for com.example.benchmark_container
[spm]: ProfilerData event received.
I/flutter ( 8988): [SPM:perf] 698a51a  buildSpan: 2832µs
I/flutter ( 8988): [spm] Performance monitoring completed for 698a51a
[spm]: ProfilerData event received.
I/flutter ( 8988): [SPM:perf] 698a51a  buildSpan: 3232µs
I/flutter ( 8988): [spm] Performance monitoring completed for 698a51a
[spm]: ProfilerData event received.
I/flutter ( 8988): [SPM:perf] 698a51a  buildSpan: 3319µs
I/flutter ( 8988): [spm] Performance monitoring completed for 698a51a
[spm]: ProfilerData event received.
I/flutter ( 8988): [SPM:perf] 698a51a  buildSpan: 3408µs
I/flutter ( 8988): [spm] Performance monitoring completed for 698a51a
I/flutter ( 8988): [SPM:perf] 698a51a  buildSpan: 3307µs
I/flutter ( 8988): [spm] Performance monitoring completed for 698a51a
[spm]: ProfilerData event received.
[spm]: ProfilerData event received.
I/flutter ( 8988): [SPM:perf] 698a51a  buildSpan: 2361µs
I/flutter ( 8988): [spm] Performance monitoring completed for 698a51a
I/flutter ( 8988): [SPM:perf] 698a51a  buildSpan: 2799µs
[spm]: ProfilerData event received.
I/flutter ( 8988): [spm] Performance monitoring completed for 698a51a
[spm]: ProfilerData event received.
I/flutter ( 8988): [SPM:perf] 698a51a  buildSpan: 3662µs
I/flutter ( 8988): [spm] Performance monitoring completed for 698a51a
[spm]: ProfilerData event received.
I/flutter ( 8988): [SPM:perf] 698a51a  buildSpan: 3540µs
I/flutter ( 8988): [spm] Performance monitoring completed for 698a51a
[spm]: ProfilerData event received.
I/flutter ( 8988): [SPM:perf] 698a51a  buildSpan: 3569µs
I/flutter ( 8988): [spm] Performance monitoring completed for 698a51a
[spm]: ProfilerData event received.
I/flutter ( 8988): [SPM:perf] 698a51a  buildSpan: 3305µs
I/flutter ( 8988): [spm] Performance monitoring completed for 698a51a
[spm]: ProfilerData event received.
I/flutter ( 8988): [SPM:perf] 698a51a  buildSpan: 2479µs
I/flutter ( 8988): [spm] Performance monitoring completed for 698a51a
[spm]: ProfilerData event received.
I/flutter ( 8988): [SPM:perf] 698a51a  buildSpan: 3302µs
I/flutter ( 8988): [spm] Performance monitoring completed for 698a51a
[spm]: ProfilerData event received.
I/flutter ( 8988): [SPM:perf] 698a51a  buildSpan: 3737µs
I/flutter ( 8988): [spm] Performance monitoring completed for 698a51a
I/flutter ( 8988): [SPM:perf] 698a51a  buildSpan: 3420µs
I/flutter ( 8988): [spm] Performance monitoring completed for 698a51a
[spm]: ProfilerData event received.
[spm]: ProfilerData event received.
I/flutter ( 8988): [SPM:perf] 698a51a  buildSpan: 3141µs
I/flutter ( 8988): [spm] Performance monitoring completed for 698a51a
[spm]: ProfilerData event received.
I/flutter ( 8988): [SPM:perf] 698a51a  buildSpan: 2720µs
I/flutter ( 8988): [spm] Performance monitoring completed for 698a51a
[spm]: ProfilerData event received.
I/flutter ( 8988): [SPM:perf] 698a51a  buildSpan: 2419µs
I/flutter ( 8988): [spm] Performance monitoring completed for 698a51a
I/flutter ( 8988): [SPM:perf] 698a51a  buildSpan: 2110µs
I/flutter ( 8988): [spm] Performance monitoring completed for 698a51a
[spm]: ProfilerData event received.
[spm]: ProfilerData event received.
I/flutter ( 8988): [SPM:perf] 698a51a  buildSpan: 3364µs
I/flutter ( 8988): [spm] Performance monitoring completed for 698a51a
I/flutter ( 8988): [SPM:perf] 698a51a  buildSpan: 3731µs
I/flutter ( 8988): [spm] Performance monitoring completed for 698a51a
[spm]: ProfilerData event received.
[spm]: ProfilerData event received.
I/flutter ( 8988): [SPM:perf] 698a51a  buildSpan: 2723µs
I/flutter ( 8988): [spm] Performance monitoring completed for 698a51a
[spm]: ProfilerData event received.
I/flutter ( 8988): [SPM:perf] 698a51a  buildSpan: 3492µs
I/flutter ( 8988): [spm] Performance monitoring completed for 698a51a
I/flutter ( 8988): [SPM:perf] 698a51a  buildSpan: 3355µs
I/flutter ( 8988): [spm] Performance monitoring completed for 698a51a
[spm]: ProfilerData event received.
I/flutter ( 8988): [SPM:perf] 698a51a  buildSpan: 3522µs
I/flutter ( 8988): [spm] Performance monitoring completed for 698a51a
[spm]: ProfilerData event received.
[spm]: ProfilerData event received.
I/flutter ( 8988): [SPM:perf] 698a51a  buildSpan: 3785µs
I/flutter ( 8988): [spm] Performance monitoring completed for 698a51a
[spm]: ProfilerData event received.
I/flutter ( 8988): [SPM:perf] 698a51a  buildSpan: 2486µs
I/flutter ( 8988): [spm] Performance monitoring completed for 698a51a
[spm]: ProfilerData event received.
I/flutter ( 8988): [SPM:perf] 698a51a  buildSpan: 2676µs
I/flutter ( 8988): [spm] Performance monitoring completed for 698a51a
I/flutter ( 8988): [SPM:perf] 698a51a  buildSpan: 3573µs
I/flutter ( 8988): [spm] Performance monitoring completed for 698a51a
[spm]: ProfilerData event received.
[spm]: ProfilerData event received.
I/flutter ( 8988): [SPM:perf] 698a51a  buildSpan: 3522µs
I/flutter ( 8988): [spm] Performance monitoring completed for 698a51a
I/flutter ( 8988): 01:12 +1: (tearDownAll)
I/flutter ( 8988): 01:13 +2: All tests passed!
I/Choreographer( 8988): Skipped 60 frames!  The application may be doing too much work on its main thread.
W/Looper  ( 8988): PerfMonitor doFrame : time=2ms vsyncFrame=0 latency=1013ms procState=-1 historyMsgCount=8
I/OpenGLRenderer( 8988): Davey! duration=1025ms; Flags=0, FrameTimelineVsyncId=15330770, IntendedVsync=480504993366205, Vsync=480505993366165, InputEventId=0, HandleInputStart=480506007040919, AnimationStart=480506007049356, PerformTraversalsStart=480506007054408, DrawStart=480506007885242, FrameDeadline=480505010032871, FrameInterval=480506006763419, FrameStartTime=16666666, SyncQueued=480506008237690, SyncStart=480506008381596, IssueDrawCommandsStart=480506008484148, SwapBuffers=480506010172898, FrameCompleted=480506019498002, DequeueBufferDuration=58281, QueueBufferDuration=2632917, GpuCompleted=480506019498002, SwapBuffersCompleted=480506014000190, DisplayPresentTime=0, 
[SPM:shot] wrote <ROOT>/dataset-new_samples/2866/redmi9t/shots/2866__rev_001_845b3e07.png (81507 bytes)
All tests passed.
[spm]: Saved 30 profiler events to <ROOT>/dataset-new_samples/2866/redmi9t/raw/20260913-233628/rev_001_845b3e07/e14.jsonl
[spm]: Reverting injection...
9 issues found. (ran in 0.8s)
WARNING: Your Android app project: app located at: <ROOT>/android/app/build.gradle.kts
applies the Kotlin Gradle Plugin, which will cause build failures in future versions of Flutter. 
Please migrate your app to Built-in Kotlin using this guide: https://docs.flutter.dev/release/breaking-changes/migrate-to-built-in-kotlin/for-app-developers

VMServiceFlutterDriver: Connecting to Flutter application at http://127.0.0.1:46411/fqK7SW8eV6I=/
[spm]: Detected VM service URI: ws://127.0.0.1:46411/fqK7SW8eV6I=/ws
VMServiceFlutterDriver: Isolate found with number: 1381446575284319
VMServiceFlutterDriver: Isolate 1381446575284319 is runnable.
VMServiceFlutterDriver: Isolate is paused at start.
VMServiceFlutterDriver: Attempting to resume isolate
VMServiceFlutterDriver: Connected to Flutter application.
VMServiceFlutterDriver: request_data message is taking a long time to complete...