# sample_id=2380/rev_007_2652487c exec_index=3 ok=True perf_lines=30 vm_events=30 battery_pct=46 soc_temp_millic=40800 battery_temp_c=30.0 charging=False preflight_started=2026-09-18T11:09:43.463861+00:00 started=2026-09-18T11:09:45.815433+00:00 ts=2026-09-18T11:11:45.025129+00:00
[spm]: Running flutter analyze...
Resolving dependencies...
Downloading packages...
  _fe_analyzer_shared 100.0.0 (108.0.0 available)
  analyzer 13.0.0 (14.4.0 available)
  async 2.13.0 (2.13.1 available)
  clock 1.1.2 (1.1.3 available)
  cupertino_icons 1.0.8 (1.0.9 available)
  glob 2.1.3 (2.2.0 available)
  lints 6.0.0 (6.1.0 available)
  matcher 0.12.19 (0.12.20 available)
  material_color_utilities 0.13.0 (0.13.1 available)
  meta 1.18.0 (1.19.0 available)
  package_config 2.2.0 (3.0.0 available)
  platform 3.1.6 (3.2.0 available)
  process 5.0.5 (5.0.6 available)
  pub_semver 2.2.0 (2.2.1 available)
  source_span 1.10.1 (1.10.2 available)
  stack_trace 1.12.1 (1.12.2 available)
  test_api 0.7.11 (0.7.14 available)
  vector_math 2.2.0 (2.4.2 available)
  vm_service 15.0.2 (15.3.0 available)
  webdriver 3.1.0 (3.2.0 available)
  yaml 3.1.3 (3.1.4 available)
Got dependencies!
21 packages have newer versions incompatible with dependency constraints.
Try `flutter pub outdated` for more information.
Analyzing lib...                                                

   info • The part-of directive uses a library name. Try converting the directive to use the URI of the library • lib/dependencies.dart:46:1 • use_string_in_part_of_directives
   info • The variable name 'Hive' isn't a lowerCamelCase identifier. Try changing the name to follow the lowerCamelCase style • lib/dependencies.dart:169:9 • non_constant_identifier_names
   info • Library names are not necessary. Remove the library name • lib/generated_widget.dart:2:9 • unnecessary_library_name
   info • Constructors in '@immutable' classes should be declared as 'const'. Try adding 'const' to the constructor declaration • lib/generated_widget.dart:11:3 • prefer_const_constructors_in_immutables

[spm]: Injecting profiler code...
[spm]: Starting app...
Running Gradle task 'assembleProfile'...                        
Running Gradle task 'assembleProfile'...                           21.7s
✓ Built build/app/outputs/flutter-apk/app-profile.apk (34.5MB)
Installing build/app/outputs/flutter-apk/app-profile.apk...      1,197ms
D/DecorView[](17420): getWindowModeFromSystem  windowmode is 1
D/DecorView[](17420): updateDecorCaptionStatus displayWindowDecor is false
W/Looper  (17420): PerfMonitor looperActivity : package=com.example.benchmark_container/.MainActivity time=423ms latency=438ms running=0ms  procState=-1  historyMsgCount=3 (msgIndex=3 wall=432ms seq=3 h=android.app.ActivityThread$H w=110)
W/Looper  (17420): PerfMonitor looperActivity : package=com.example.benchmark_container/.MainActivity time=0ms latency=859ms running=0ms  procState=-1  historyMsgCount=3 (msgIndex=2 wall=432ms seq=3 h=android.app.ActivityThread$H w=110) (msgIndex=3 wall=423ms seq=4 late=438ms h=android.app.ActivityThread$H w=159)
D/SurfaceView(17420): UPDATE null, mIsCastMode = false
D/hw-ProcessState(17420): Binder ioctl to enable oneway spam detection failed: Invalid argument
W/Looper  (17420): PerfMonitor longMsg : seq=8 plan=14:10:22.119 late=484ms wall=1814ms running=0ms h=android.view.Choreographer$FrameHandler c=android.view.Choreographer$FrameDisplayEventReceiver procState=-1
W/Looper  (17420): PerfMonitor doFrame : time=1814ms vsyncFrame=0 latency=484ms procState=-1 historyMsgCount=7 (msgIndex=3 wall=1814ms seq=8 late=484ms h=android.view.Choreographer$FrameHandler c=android.view.Choreographer$FrameDisplayEventReceiver) (msgIndex=4 wall=423ms seq=4 h=android.app.ActivityThread$H w=159)
I/Choreographer(17420): Skipped 102 frames!  The application may be doing too much work on its main thread.
D/SurfaceView(17420): UPDATE Surface(name=SurfaceView[com.example.benchmark_container/com.example.benchmark_container.MainActivity])/@0x9ac515, mIsProjectionMode = false
W/Looper  (17420): PerfMonitor doFrame : time=2ms vsyncFrame=0 latency=1704ms procState=-1 historyMsgCount=4
[spm]: Connected to Dart VM service.
I/flutter (17420): 00:00 +0: Performance Benchmark
E/hmark_containe(17420): open libmigui.so failed! dlopen - dlopen failed: library "libmigui.so" not found
D/hmark_containe(17420): MiuiProcessManagerServiceStub setSchedFifo
I/MiuiProcessManagerImpl(17420): setSchedFifo pid:17420, mode:3
D/DecorView[](17420): onWindowFocusChanged hasWindowFocus true
D/DecorView[](17420): getWindowModeFromSystem  windowmode is 1
D/DecorView[](17420): updateDecorCaptionStatus displayWindowDecor is false
D/ProfileInstaller(17420): Installing profile for com.example.benchmark_container
[spm]: ProfilerData event received.
I/flutter (17420): [SPM:perf] 698a51a  buildSpan: 3451µs
I/flutter (17420): [spm] Performance monitoring completed for 698a51a
[spm]: ProfilerData event received.
I/flutter (17420): [SPM:perf] 698a51a  buildSpan: 3149µs
I/flutter (17420): [spm] Performance monitoring completed for 698a51a
[spm]: ProfilerData event received.
I/flutter (17420): [SPM:perf] 698a51a  buildSpan: 3105µs
I/flutter (17420): [spm] Performance monitoring completed for 698a51a
[spm]: ProfilerData event received.
I/flutter (17420): [SPM:perf] 698a51a  buildSpan: 3256µs
I/flutter (17420): [spm] Performance monitoring completed for 698a51a
I/flutter (17420): [SPM:perf] 698a51a  buildSpan: 3169µs
I/flutter (17420): [spm] Performance monitoring completed for 698a51a
[spm]: ProfilerData event received.
[spm]: ProfilerData event received.
I/flutter (17420): [SPM:perf] 698a51a  buildSpan: 3156µs
I/flutter (17420): [spm] Performance monitoring completed for 698a51a
[spm]: ProfilerData event received.
I/flutter (17420): [SPM:perf] 698a51a  buildSpan: 3196µs
I/flutter (17420): [spm] Performance monitoring completed for 698a51a
[spm]: ProfilerData event received.
I/flutter (17420): [SPM:perf] 698a51a  buildSpan: 3247µs
I/flutter (17420): [spm] Performance monitoring completed for 698a51a
[spm]: ProfilerData event received.
I/flutter (17420): [SPM:perf] 698a51a  buildSpan: 3132µs
I/flutter (17420): [spm] Performance monitoring completed for 698a51a
[spm]: ProfilerData event received.
I/flutter (17420): [SPM:perf] 698a51a  buildSpan: 3139µs
I/flutter (17420): [spm] Performance monitoring completed for 698a51a
[spm]: ProfilerData event received.
I/flutter (17420): [SPM:perf] 698a51a  buildSpan: 3154µs
I/flutter (17420): [spm] Performance monitoring completed for 698a51a
I/flutter (17420): [SPM:perf] 698a51a  buildSpan: 3738µs
I/flutter (17420): [spm] Performance monitoring completed for 698a51a
[spm]: ProfilerData event received.
[spm]: ProfilerData event received.
I/flutter (17420): [SPM:perf] 698a51a  buildSpan: 3130µs
I/flutter (17420): [spm] Performance monitoring completed for 698a51a
[spm]: ProfilerData event received.
I/flutter (17420): [SPM:perf] 698a51a  buildSpan: 3344µs
I/flutter (17420): [spm] Performance monitoring completed for 698a51a
[spm]: ProfilerData event received.
I/flutter (17420): [SPM:perf] 698a51a  buildSpan: 3147µs
I/flutter (17420): [spm] Performance monitoring completed for 698a51a
[spm]: ProfilerData event received.
I/flutter (17420): [SPM:perf] 698a51a  buildSpan: 3220µs
I/flutter (17420): [spm] Performance monitoring completed for 698a51a
[spm]: ProfilerData event received.
I/flutter (17420): [SPM:perf] 698a51a  buildSpan: 3104µs
I/flutter (17420): [spm] Performance monitoring completed for 698a51a
I/flutter (17420): [SPM:perf] 698a51a  buildSpan: 3178µs
I/flutter (17420): [spm] Performance monitoring completed for 698a51a
[spm]: ProfilerData event received.
[spm]: ProfilerData event received.
I/flutter (17420): [SPM:perf] 698a51a  buildSpan: 3170µs
I/flutter (17420): [spm] Performance monitoring completed for 698a51a
[spm]: ProfilerData event received.
I/flutter (17420): [SPM:perf] 698a51a  buildSpan: 3171µs
I/flutter (17420): [spm] Performance monitoring completed for 698a51a
[spm]: ProfilerData event received.
I/flutter (17420): [SPM:perf] 698a51a  buildSpan: 3254µs
I/flutter (17420): [spm] Performance monitoring completed for 698a51a
I/flutter (17420): [SPM:perf] 698a51a  buildSpan: 3314µs
I/flutter (17420): [spm] Performance monitoring completed for 698a51a
[spm]: ProfilerData event received.
I/flutter (17420): [SPM:perf] 698a51a  buildSpan: 3162µs
I/flutter (17420): [spm] Performance monitoring completed for 698a51a
[spm]: ProfilerData event received.
[spm]: ProfilerData event received.
I/flutter (17420): [SPM:perf] 698a51a  buildSpan: 3099µs
I/flutter (17420): [spm] Performance monitoring completed for 698a51a
[spm]: ProfilerData event received.
I/flutter (17420): [SPM:perf] 698a51a  buildSpan: 3651µs
I/flutter (17420): [spm] Performance monitoring completed for 698a51a
I/flutter (17420): [SPM:perf] 698a51a  buildSpan: 3241µs
I/flutter (17420): [spm] Performance monitoring completed for 698a51a
[spm]: ProfilerData event received.
[spm]: ProfilerData event received.
I/flutter (17420): [SPM:perf] 698a51a  buildSpan: 3108µs
I/flutter (17420): [spm] Performance monitoring completed for 698a51a
[spm]: ProfilerData event received.
I/flutter (17420): [SPM:perf] 698a51a  buildSpan: 3344µs
I/flutter (17420): [spm] Performance monitoring completed for 698a51a
I/flutter (17420): [SPM:perf] 698a51a  buildSpan: 3154µs
[spm]: ProfilerData event received.
I/flutter (17420): [spm] Performance monitoring completed for 698a51a
I/flutter (17420): [SPM:perf] 698a51a  buildSpan: 3209µs
I/flutter (17420): [spm] Performance monitoring completed for 698a51a
[spm]: ProfilerData event received.
I/flutter (17420): 01:10 +1: (tearDownAll)
I/flutter (17420): 01:11 +2: All tests passed!
All tests passed.
[spm]: Saved 30 profiler events to <ROOT>/dataset-new_samples/2380/redmi9t/raw/20260918-112735/rev_007_2652487c/e3.jsonl
[spm]: Reverting injection...
4 issues found. (ran in 0.6s)
WARNING: Your Android app project: app located at: <ROOT>/android/app/build.gradle.kts
applies the Kotlin Gradle Plugin, which will cause build failures in future versions of Flutter. 
Please migrate your app to Built-in Kotlin using this guide: https://docs.flutter.dev/release/breaking-changes/migrate-to-built-in-kotlin/for-app-developers

VMServiceFlutterDriver: Connecting to Flutter application at http://127.0.0.1:40301/tYl4b18joLE=/
[spm]: Detected VM service URI: ws://127.0.0.1:40301/tYl4b18joLE=/ws
VMServiceFlutterDriver: Isolate found with number: 1566036307711275
VMServiceFlutterDriver: Isolate 1566036307711275 is runnable.
VMServiceFlutterDriver: Isolate is paused at start.
VMServiceFlutterDriver: Attempting to resume isolate
VMServiceFlutterDriver: Connected to Flutter application.
VMServiceFlutterDriver: request_data message is taking a long time to complete...