# sample_id=2380/rev_007_2652487c exec_index=8 ok=True perf_lines=30 vm_events=30 battery_pct=47 soc_temp_millic=41700 battery_temp_c=29.9 charging=False preflight_started=2026-09-18T11:05:39.414854+00:00 started=2026-09-18T11:05:41.765474+00:00 ts=2026-09-18T11:07:41.387584+00:00
[spm]: Running flutter analyze...
Resolving dependencies...
Downloading packages...
  _fe_analyzer_shared 100.0.0 (108.0.0 available)
  analyzer 13.0.0 (14.4.0 available)
  async 2.13.0 (2.13.1 available)
  clock 1.1.2 (1.1.3 available)
  cupertino_icons 1.0.8 (1.0.9 available)
  glob 2.1.3 (2.2.0 available)
  lints 6.0.0 (6.1.0 available)
  matcher 0.12.19 (0.12.20 available)
  material_color_utilities 0.13.0 (0.13.1 available)
  meta 1.18.0 (1.19.0 available)
  package_config 2.2.0 (3.0.0 available)
  platform 3.1.6 (3.2.0 available)
  process 5.0.5 (5.0.6 available)
  pub_semver 2.2.0 (2.2.1 available)
  source_span 1.10.1 (1.10.2 available)
  stack_trace 1.12.1 (1.12.2 available)
  test_api 0.7.11 (0.7.14 available)
  vector_math 2.2.0 (2.4.2 available)
  vm_service 15.0.2 (15.3.0 available)
  webdriver 3.1.0 (3.2.0 available)
  yaml 3.1.3 (3.1.4 available)
Got dependencies!
21 packages have newer versions incompatible with dependency constraints.
Try `flutter pub outdated` for more information.
Analyzing lib...                                                

   info • The part-of directive uses a library name. Try converting the directive to use the URI of the library • lib/dependencies.dart:46:1 • use_string_in_part_of_directives
   info • The variable name 'Hive' isn't a lowerCamelCase identifier. Try changing the name to follow the lowerCamelCase style • lib/dependencies.dart:169:9 • non_constant_identifier_names
   info • Library names are not necessary. Remove the library name • lib/generated_widget.dart:2:9 • unnecessary_library_name
   info • Constructors in '@immutable' classes should be declared as 'const'. Try adding 'const' to the constructor declaration • lib/generated_widget.dart:11:3 • prefer_const_constructors_in_immutables

[spm]: Injecting profiler code...
[spm]: Starting app...
Running Gradle task 'assembleProfile'...                        
Running Gradle task 'assembleProfile'...                           21.6s
✓ Built build/app/outputs/flutter-apk/app-profile.apk (34.5MB)
Installing build/app/outputs/flutter-apk/app-profile.apk...      1,218ms
E/MiuiMultiWindowUtils(13857): initFreeFormResolutionArgs failed, device is lime
D/IS_CTS_MODE(13857): true
D/MULTI_WINDOW_SWITCH_ENABLED(13857): false
D/IS_CTS_MODE(13857): true
D/MULTI_WINDOW_SWITCH_ENABLED(13857): false
D/IS_CTS_MODE(13857): true
D/MULTI_WINDOW_SWITCH_ENABLED(13857): false
D/DecorView[](13857): getWindowModeFromSystem  windowmode is 1
D/DecorView[](13857): getWindowModeFromSystem  windowmode is 1
D/DecorView[](13857): updateDecorCaptionStatus displayWindowDecor is false
W/Looper  (13857): PerfMonitor looperActivity : package=com.example.benchmark_container/.MainActivity time=415ms latency=398ms running=0ms  procState=-1  historyMsgCount=3 (msgIndex=1 wall=415ms seq=4 late=398ms h=android.app.ActivityThread$H w=159) (msgIndex=2 wall=415ms seq=4 late=398ms h=android.app.ActivityThread$H w=159) (msgIndex=3 wall=401ms seq=3 h=android.app.ActivityThread$H w=110)
W/Looper  (13857): PerfMonitor looperActivity : package=com.example.benchmark_container/.MainActivity time=0ms latency=817ms running=0ms  procState=-1  historyMsgCount=4 (msgIndex=1 wall=415ms seq=4 late=398ms h=android.app.ActivityThread$H w=159) (msgIndex=2 wall=415ms seq=4 late=398ms h=android.app.ActivityThread$H w=159) (msgIndex=3 wall=401ms seq=3 h=android.app.ActivityThread$H w=110) (msgIndex=4 wall=415ms seq=4 late=398ms h=android.app.ActivityThread$H w=159)
D/SurfaceView(13857): UPDATE null, mIsCastMode = false
D/hw-ProcessState(13857): Binder ioctl to enable oneway spam detection failed: Invalid argument
W/Looper  (13857): PerfMonitor longMsg : seq=8 plan=14:06:18.252 late=449ms wall=1787ms running=0ms h=android.view.Choreographer$FrameHandler c=android.view.Choreographer$FrameDisplayEventReceiver procState=-1
W/Looper  (13857): PerfMonitor doFrame : time=1787ms vsyncFrame=0 latency=449ms procState=-1 historyMsgCount=7 (msgIndex=1 wall=415ms seq=4 h=android.app.ActivityThread$H w=159) (msgIndex=2 wall=415ms seq=4 h=android.app.ActivityThread$H w=159) (msgIndex=3 wall=1787ms seq=8 late=449ms h=android.view.Choreographer$FrameHandler c=android.view.Choreographer$FrameDisplayEventReceiver) (msgIndex=4 wall=415ms seq=4 h=android.app.ActivityThread$H w=159)
I/Choreographer(13857): Skipped 100 frames!  The application may be doing too much work on its main thread.
D/SurfaceView(13857): UPDATE Surface(name=SurfaceView[com.example.benchmark_container/com.example.benchmark_container.MainActivity])/@0x9ac515, mIsProjectionMode = false
W/Looper  (13857): PerfMonitor doFrame : time=2ms vsyncFrame=0 latency=1677ms procState=-1 historyMsgCount=4
[spm]: Connected to Dart VM service.
I/flutter (13857): 00:00 +0: Performance Benchmark
E/hmark_containe(13857): open libmigui.so failed! dlopen - dlopen failed: library "libmigui.so" not found
D/hmark_containe(13857): MiuiProcessManagerServiceStub setSchedFifo
I/MiuiProcessManagerImpl(13857): setSchedFifo pid:13857, mode:3
D/DecorView[](13857): onWindowFocusChanged hasWindowFocus true
D/ProfileInstaller(13857): Installing profile for com.example.benchmark_container
D/DecorView[](13857): getWindowModeFromSystem  windowmode is 1
D/DecorView[](13857): updateDecorCaptionStatus displayWindowDecor is false
[spm]: ProfilerData event received.
I/flutter (13857): [SPM:perf] 698a51a  buildSpan: 3226µs
I/flutter (13857): [spm] Performance monitoring completed for 698a51a
[spm]: ProfilerData event received.
I/flutter (13857): [SPM:perf] 698a51a  buildSpan: 3394µs
I/flutter (13857): [spm] Performance monitoring completed for 698a51a
I/flutter (13857): [SPM:perf] 698a51a  buildSpan: 3161µs
I/flutter (13857): [spm] Performance monitoring completed for 698a51a
[spm]: ProfilerData event received.
[spm]: ProfilerData event received.
I/flutter (13857): [SPM:perf] 698a51a  buildSpan: 3173µs
I/flutter (13857): [spm] Performance monitoring completed for 698a51a
[spm]: ProfilerData event received.
I/flutter (13857): [SPM:perf] 698a51a  buildSpan: 3189µs
I/flutter (13857): [spm] Performance monitoring completed for 698a51a
[spm]: ProfilerData event received.
I/flutter (13857): [SPM:perf] 698a51a  buildSpan: 3369µs
I/flutter (13857): [spm] Performance monitoring completed for 698a51a
[spm]: ProfilerData event received.
I/flutter (13857): [SPM:perf] 698a51a  buildSpan: 3081µs
I/flutter (13857): [spm] Performance monitoring completed for 698a51a
[spm]: ProfilerData event received.
I/flutter (13857): [SPM:perf] 698a51a  buildSpan: 3091µs
I/flutter (13857): [spm] Performance monitoring completed for 698a51a
[spm]: ProfilerData event received.
I/flutter (13857): [SPM:perf] 698a51a  buildSpan: 3297µs
I/flutter (13857): [spm] Performance monitoring completed for 698a51a
[spm]: ProfilerData event received.
I/flutter (13857): [SPM:perf] 698a51a  buildSpan: 3130µs
I/flutter (13857): [spm] Performance monitoring completed for 698a51a
[spm]: ProfilerData event received.
I/flutter (13857): [SPM:perf] 698a51a  buildSpan: 3073µs
I/flutter (13857): [spm] Performance monitoring completed for 698a51a
[spm]: ProfilerData event received.
I/flutter (13857): [SPM:perf] 698a51a  buildSpan: 3129µs
I/flutter (13857): [spm] Performance monitoring completed for 698a51a
I/flutter (13857): [SPM:perf] 698a51a  buildSpan: 3165µs
I/flutter (13857): [spm] Performance monitoring completed for 698a51a
[spm]: ProfilerData event received.
[spm]: ProfilerData event received.
I/flutter (13857): [SPM:perf] 698a51a  buildSpan: 3086µs
I/flutter (13857): [spm] Performance monitoring completed for 698a51a
[spm]: ProfilerData event received.
I/flutter (13857): [SPM:perf] 698a51a  buildSpan: 3229µs
I/flutter (13857): [spm] Performance monitoring completed for 698a51a
[spm]: ProfilerData event received.
I/flutter (13857): [SPM:perf] 698a51a  buildSpan: 3196µs
I/flutter (13857): [spm] Performance monitoring completed for 698a51a
[spm]: ProfilerData event received.
I/flutter (13857): [SPM:perf] 698a51a  buildSpan: 3138µs
I/flutter (13857): [spm] Performance monitoring completed for 698a51a
[spm]: ProfilerData event received.
I/flutter (13857): [SPM:perf] 698a51a  buildSpan: 3130µs
I/flutter (13857): [spm] Performance monitoring completed for 698a51a
[spm]: ProfilerData event received.
I/flutter (13857): [SPM:perf] 698a51a  buildSpan: 4317µs
I/flutter (13857): [spm] Performance monitoring completed for 698a51a
[spm]: ProfilerData event received.
I/flutter (13857): [SPM:perf] 698a51a  buildSpan: 3312µs
I/flutter (13857): [spm] Performance monitoring completed for 698a51a
[spm]: ProfilerData event received.
I/flutter (13857): [SPM:perf] 698a51a  buildSpan: 3296µs
I/flutter (13857): [spm] Performance monitoring completed for 698a51a
[spm]: ProfilerData event received.
I/flutter (13857): [SPM:perf] 698a51a  buildSpan: 3143µs
I/flutter (13857): [spm] Performance monitoring completed for 698a51a
[spm]: ProfilerData event received.
I/flutter (13857): [SPM:perf] 698a51a  buildSpan: 3215µs
I/flutter (13857): [spm] Performance monitoring completed for 698a51a
I/flutter (13857): [SPM:perf] 698a51a  buildSpan: 3610µs
I/flutter (13857): [spm] Performance monitoring completed for 698a51a
[spm]: ProfilerData event received.
[spm]: ProfilerData event received.
I/flutter (13857): [SPM:perf] 698a51a  buildSpan: 3229µs
I/flutter (13857): [spm] Performance monitoring completed for 698a51a
[spm]: ProfilerData event received.
I/flutter (13857): [SPM:perf] 698a51a  buildSpan: 3104µs
I/flutter (13857): [spm] Performance monitoring completed for 698a51a
[spm]: ProfilerData event received.
I/flutter (13857): [SPM:perf] 698a51a  buildSpan: 3280µs
I/flutter (13857): [spm] Performance monitoring completed for 698a51a
[spm]: ProfilerData event received.
I/flutter (13857): [SPM:perf] 698a51a  buildSpan: 3077µs
I/flutter (13857): [spm] Performance monitoring completed for 698a51a
[spm]: ProfilerData event received.
I/flutter (13857): [SPM:perf] 698a51a  buildSpan: 3103µs
I/flutter (13857): [spm] Performance monitoring completed for 698a51a
I/flutter (13857): [SPM:perf] 698a51a  buildSpan: 3268µs
I/flutter (13857): [spm] Performance monitoring completed for 698a51a
[spm]: ProfilerData event received.
I/flutter (13857): 01:10 +1: (tearDownAll)
I/flutter (13857): 01:11 +2: All tests passed!
All tests passed.
[spm]: Saved 30 profiler events to <ROOT>/dataset-new_samples/2380/redmi9t/raw/20260918-112735/rev_007_2652487c/e8.jsonl
[spm]: Reverting injection...
4 issues found. (ran in 0.6s)
WARNING: Your Android app project: app located at: <ROOT>/android/app/build.gradle.kts
applies the Kotlin Gradle Plugin, which will cause build failures in future versions of Flutter. 
Please migrate your app to Built-in Kotlin using this guide: https://docs.flutter.dev/release/breaking-changes/migrate-to-built-in-kotlin/for-app-developers

VMServiceFlutterDriver: Connecting to Flutter application at http://127.0.0.1:34353/3Kn5CwcoGtA=/
[spm]: Detected VM service URI: ws://127.0.0.1:34353/3Kn5CwcoGtA=/ws
VMServiceFlutterDriver: Isolate found with number: 80117058288479
VMServiceFlutterDriver: Isolate 80117058288479 is runnable.
VMServiceFlutterDriver: Isolate is paused at start.
VMServiceFlutterDriver: Attempting to resume isolate
VMServiceFlutterDriver: Connected to Flutter application.
VMServiceFlutterDriver: request_data message is taking a long time to complete...