# sample_id=2941/rev_001_d47256a6 exec_index=0 ok=True perf_lines=30 vm_events=30 battery_pct=43 soc_temp_millic=37100 battery_temp_c=30.9 charging=False preflight_started=2026-09-14T08:41:23.648270+00:00 started=2026-09-14T08:41:26.376945+00:00 ts=2026-09-14T08:43:27.284940+00:00
[spm]: Running flutter analyze...
Resolving dependencies...
Downloading packages...
  _fe_analyzer_shared 100.0.0 (108.0.0 available)
  analyzer 13.0.0 (14.4.0 available)
  async 2.13.0 (2.13.1 available)
  clock 1.1.2 (1.1.3 available)
  cupertino_icons 1.0.8 (1.0.9 available)
  glob 2.1.3 (2.2.0 available)
  lints 6.0.0 (6.1.0 available)
  matcher 0.12.19 (0.12.20 available)
  material_color_utilities 0.13.0 (0.13.1 available)
  meta 1.18.0 (1.19.0 available)
  package_config 2.2.0 (3.0.0 available)
  platform 3.1.6 (3.2.0 available)
  process 5.0.5 (5.0.6 available)
  pub_semver 2.2.0 (2.2.1 available)
  source_span 1.10.1 (1.10.2 available)
  stack_trace 1.12.1 (1.12.2 available)
  test_api 0.7.11 (0.7.14 available)
  vector_math 2.2.0 (2.4.2 available)
  vm_service 15.0.2 (15.3.0 available)
  webdriver 3.1.0 (3.2.0 available)
  yaml 3.1.3 (3.1.4 available)
Got dependencies!
21 packages have newer versions incompatible with dependency constraints.
Try `flutter pub outdated` for more information.
Analyzing lib...                                                

   info • The part-of directive uses a library name. Try converting the directive to use the URI of the library • lib/dependencies.dart:46:1 • use_string_in_part_of_directives
   info • Unnecessary 'late' modifier. Try removing the 'late' • lib/dependencies.dart:61:1 • unnecessary_late
   info • Unnecessary 'late' modifier. Try removing the 'late' • lib/dependencies.dart:77:1 • unnecessary_late
   info • Unnecessary 'late' modifier. Try removing the 'late' • lib/dependencies.dart:81:1 • unnecessary_late
   info • Library names are not necessary. Remove the library name • lib/generated_widget.dart:2:9 • unnecessary_library_name

[spm]: Injecting profiler code...
[spm]: Starting app...
Running Gradle task 'assembleProfile'...                        
Running Gradle task 'assembleProfile'...                           21.3s
✓ Built build/app/outputs/flutter-apk/app-profile.apk (34.3MB)
Installing build/app/outputs/flutter-apk/app-profile.apk...      1,311ms
D/IS_CTS_MODE(17387): true
D/MULTI_WINDOW_SWITCH_ENABLED(17387): false
D/IS_CTS_MODE(17387): true
D/MULTI_WINDOW_SWITCH_ENABLED(17387): false
D/DecorView[](17387): getWindowModeFromSystem  windowmode is 1
D/DecorView[](17387): getWindowModeFromSystem  windowmode is 1
D/DecorView[](17387): updateDecorCaptionStatus displayWindowDecor is false
W/Looper  (17387): PerfMonitor looperActivity : package=com.example.benchmark_container/.MainActivity time=420ms latency=381ms running=0ms  procState=-1  historyMsgCount=3 (msgIndex=3 wall=362ms seq=3 h=android.app.ActivityThread$H w=110)
W/Looper  (17387): PerfMonitor looperActivity : package=com.example.benchmark_container/.MainActivity time=0ms latency=803ms running=0ms  procState=-1  historyMsgCount=4 (msgIndex=3 wall=362ms seq=3 h=android.app.ActivityThread$H w=110) (msgIndex=4 wall=420ms seq=4 late=381ms h=android.app.ActivityThread$H w=159)
D/SurfaceView(17387): UPDATE null, mIsCastMode = false
D/hw-ProcessState(17387): Binder ioctl to enable oneway spam detection failed: Invalid argument
W/Looper  (17387): PerfMonitor longMsg : seq=8 plan=11:42:03.763 late=431ms wall=1808ms running=0ms h=android.view.Choreographer$FrameHandler c=android.view.Choreographer$FrameDisplayEventReceiver procState=-1
W/Looper  (17387): PerfMonitor doFrame : time=1808ms vsyncFrame=0 latency=431ms procState=-1 historyMsgCount=6 (msgIndex=2 wall=1808ms seq=8 late=431ms h=android.view.Choreographer$FrameHandler c=android.view.Choreographer$FrameDisplayEventReceiver) (msgIndex=3 wall=420ms seq=4 h=android.app.ActivityThread$H w=159)
I/Choreographer(17387): Skipped 103 frames!  The application may be doing too much work on its main thread.
D/SurfaceView(17387): UPDATE Surface(name=SurfaceView[com.example.benchmark_container/com.example.benchmark_container.MainActivity])/@0x739554a, mIsProjectionMode = false
W/Looper  (17387): PerfMonitor doFrame : time=3ms vsyncFrame=0 latency=1720ms procState=-1 historyMsgCount=4
[spm]: Connected to Dart VM service.
I/flutter (17387): 00:00 +0: Performance Benchmark
E/hmark_containe(17387): open libmigui.so failed! dlopen - dlopen failed: library "libmigui.so" not found
D/hmark_containe(17387): MiuiProcessManagerServiceStub setSchedFifo
I/MiuiProcessManagerImpl(17387): setSchedFifo pid:17387, mode:3
D/DecorView[](17387): onWindowFocusChanged hasWindowFocus true
D/DecorView[](17387): getWindowModeFromSystem  windowmode is 1
D/DecorView[](17387): updateDecorCaptionStatus displayWindowDecor is false
D/ProfileInstaller(17387): Installing profile for com.example.benchmark_container
[spm]: ProfilerData event received.
I/flutter (17387): [SPM:perf] 698a51a  buildSpan: 4425µs
I/flutter (17387): [spm] Performance monitoring completed for 698a51a
[spm]: ProfilerData event received.
I/flutter (17387): [SPM:perf] 698a51a  buildSpan: 11212µs
I/flutter (17387): [spm] Performance monitoring completed for 698a51a
[spm]: ProfilerData event received.
I/flutter (17387): [SPM:perf] 698a51a  buildSpan: 3508µs
I/flutter (17387): [spm] Performance monitoring completed for 698a51a
[spm]: ProfilerData event received.
I/flutter (17387): [SPM:perf] 698a51a  buildSpan: 3149µs
I/flutter (17387): [spm] Performance monitoring completed for 698a51a
[spm]: ProfilerData event received.
I/flutter (17387): [SPM:perf] 698a51a  buildSpan: 4836µs
I/flutter (17387): [spm] Performance monitoring completed for 698a51a
[spm]: ProfilerData event received.
I/flutter (17387): [SPM:perf] 698a51a  buildSpan: 3316µs
I/flutter (17387): [spm] Performance monitoring completed for 698a51a
[spm]: ProfilerData event received.
I/flutter (17387): [SPM:perf] 698a51a  buildSpan: 4797µs
I/flutter (17387): [spm] Performance monitoring completed for 698a51a
[spm]: ProfilerData event received.
I/flutter (17387): [SPM:perf] 698a51a  buildSpan: 3634µs
I/flutter (17387): [spm] Performance monitoring completed for 698a51a
I/flutter (17387): [SPM:perf] 698a51a  buildSpan: 5025µs
I/flutter (17387): [spm] Performance monitoring completed for 698a51a
[spm]: ProfilerData event received.
[spm]: ProfilerData event received.
I/flutter (17387): [SPM:perf] 698a51a  buildSpan: 4697µs
I/flutter (17387): [spm] Performance monitoring completed for 698a51a
I/flutter (17387): [SPM:perf] 698a51a  buildSpan: 3897µs
I/flutter (17387): [spm] Performance monitoring completed for 698a51a
[spm]: ProfilerData event received.
[spm]: ProfilerData event received.
I/flutter (17387): [SPM:perf] 698a51a  buildSpan: 4764µs
I/flutter (17387): [spm] Performance monitoring completed for 698a51a
[spm]: ProfilerData event received.
I/flutter (17387): [SPM:perf] 698a51a  buildSpan: 4109µs
I/flutter (17387): [spm] Performance monitoring completed for 698a51a
I/flutter (17387): [SPM:perf] 698a51a  buildSpan: 3924µs
I/flutter (17387): [spm] Performance monitoring completed for 698a51a
[spm]: ProfilerData event received.
I/flutter (17387): [SPM:perf] 698a51a  buildSpan: 4791µs
I/flutter (17387): [spm] Performance monitoring completed for 698a51a
[spm]: ProfilerData event received.
[spm]: ProfilerData event received.
I/flutter (17387): [SPM:perf] 698a51a  buildSpan: 5003µs
I/flutter (17387): [spm] Performance monitoring completed for 698a51a
I/flutter (17387): [SPM:perf] 698a51a  buildSpan: 4872µs
I/flutter (17387): [spm] Performance monitoring completed for 698a51a
[spm]: ProfilerData event received.
[spm]: ProfilerData event received.
I/flutter (17387): [SPM:perf] 698a51a  buildSpan: 3463µs
I/flutter (17387): [spm] Performance monitoring completed for 698a51a
[spm]: ProfilerData event received.
I/flutter (17387): [SPM:perf] 698a51a  buildSpan: 4553µs
I/flutter (17387): [spm] Performance monitoring completed for 698a51a
[spm]: ProfilerData event received.
I/flutter (17387): [SPM:perf] 698a51a  buildSpan: 3042µs
I/flutter (17387): [spm] Performance monitoring completed for 698a51a
[spm]: ProfilerData event received.
I/flutter (17387): [SPM:perf] 698a51a  buildSpan: 4102µs
I/flutter (17387): [spm] Performance monitoring completed for 698a51a
[spm]: ProfilerData event received.
I/flutter (17387): [SPM:perf] 698a51a  buildSpan: 4852µs
I/flutter (17387): [spm] Performance monitoring completed for 698a51a
[spm]: ProfilerData event received.
I/flutter (17387): [SPM:perf] 698a51a  buildSpan: 4986µs
I/flutter (17387): [spm] Performance monitoring completed for 698a51a
[spm]: ProfilerData event received.
I/flutter (17387): [SPM:perf] 698a51a  buildSpan: 3094µs
I/flutter (17387): [spm] Performance monitoring completed for 698a51a
[spm]: ProfilerData event received.
I/flutter (17387): [SPM:perf] 698a51a  buildSpan: 5842µs
I/flutter (17387): [spm] Performance monitoring completed for 698a51a
I/flutter (17387): [SPM:perf] 698a51a  buildSpan: 4748µs
[spm]: ProfilerData event received.
I/flutter (17387): [spm] Performance monitoring completed for 698a51a
[spm]: ProfilerData event received.
I/flutter (17387): [SPM:perf] 698a51a  buildSpan: 4974µs
I/flutter (17387): [spm] Performance monitoring completed for 698a51a
[spm]: ProfilerData event received.
I/flutter (17387): [SPM:perf] 698a51a  buildSpan: 4250µs
I/flutter (17387): [spm] Performance monitoring completed for 698a51a
[spm]: ProfilerData event received.
I/flutter (17387): [SPM:perf] 698a51a  buildSpan: 4639µs
I/flutter (17387): [spm] Performance monitoring completed for 698a51a
[spm]: ProfilerData event received.
I/flutter (17387): [SPM:perf] 698a51a  buildSpan: 3631µs
I/flutter (17387): [spm] Performance monitoring completed for 698a51a
I/flutter (17387): 01:10 +1: (tearDownAll)
I/flutter (17387): 01:11 +2: All tests passed!
All tests passed.
[spm]: Saved 30 profiler events to <ROOT>/dataset-new_samples/2941/redmi9t/raw/20260913-234008/rev_001_d47256a6/e0.jsonl
[spm]: Reverting injection...
5 issues found. (ran in 0.5s)
WARNING: Your Android app project: app located at: <ROOT>/android/app/build.gradle.kts
applies the Kotlin Gradle Plugin, which will cause build failures in future versions of Flutter. 
Please migrate your app to Built-in Kotlin using this guide: https://docs.flutter.dev/release/breaking-changes/migrate-to-built-in-kotlin/for-app-developers

VMServiceFlutterDriver: Connecting to Flutter application at http://127.0.0.1:45015/_xylWLqZSOs=/
[spm]: Detected VM service URI: ws://127.0.0.1:45015/_xylWLqZSOs=/ws
VMServiceFlutterDriver: Isolate found with number: 7666318083173455
VMServiceFlutterDriver: Isolate 7666318083173455 is runnable.
VMServiceFlutterDriver: Isolate is paused at start.
VMServiceFlutterDriver: Attempting to resume isolate
VMServiceFlutterDriver: Connected to Flutter application.
VMServiceFlutterDriver: request_data message is taking a long time to complete...