# sample_id=3158/rev_001_741d00b3 exec_index=1 ok=True perf_lines=30 vm_events=30 battery_pct=42 soc_temp_millic=38300 battery_temp_c=30.7 charging=False preflight_started=2026-09-14T20:11:17.885930+00:00 started=2026-09-14T20:11:20.593036+00:00 ts=2026-09-14T20:13:23.463737+00:00
[spm]: Running flutter analyze...
Resolving dependencies...
Downloading packages...
  _fe_analyzer_shared 100.0.0 (108.0.0 available)
  analyzer 13.0.0 (14.4.0 available)
  async 2.13.0 (2.13.1 available)
  clock 1.1.2 (1.1.3 available)
  cupertino_icons 1.0.8 (1.0.9 available)
  glob 2.1.3 (2.2.0 available)
  lints 6.0.0 (6.1.0 available)
  matcher 0.12.19 (0.12.20 available)
  material_color_utilities 0.13.0 (0.13.1 available)
  meta 1.18.0 (1.19.0 available)
  package_config 2.2.0 (3.0.0 available)
  platform 3.1.6 (3.2.0 available)
  process 5.0.5 (5.0.6 available)
  pub_semver 2.2.0 (2.2.1 available)
  source_span 1.10.1 (1.10.2 available)
  stack_trace 1.12.1 (1.12.2 available)
  test_api 0.7.11 (0.7.14 available)
  vector_math 2.2.0 (2.4.2 available)
  vm_service 15.0.2 (15.3.0 available)
  webdriver 3.1.0 (3.2.0 available)
  yaml 3.1.3 (3.1.4 available)
Got dependencies!
21 packages have newer versions incompatible with dependency constraints.
Try `flutter pub outdated` for more information.
Analyzing lib...                                                

   info • The part-of directive uses a library name. Try converting the directive to use the URI of the library • lib/dependencies.dart:46:1 • use_string_in_part_of_directives
   info • The type parameter name 'State' matches a visible type name. Try changing the type parameter name to not match an existing type • lib/dependencies.dart:87:19 • avoid_types_as_parameter_names
   info • Library names are not necessary. Remove the library name • lib/generated_widget.dart:2:9 • unnecessary_library_name
   info • Constructors in '@immutable' classes should be declared as 'const'. Try adding 'const' to the constructor declaration • lib/generated_widget.dart:11:3 • prefer_const_constructors_in_immutables

[spm]: Injecting profiler code...
[spm]: Starting app...
Running Gradle task 'assembleProfile'...                        
Running Gradle task 'assembleProfile'...                           20.6s
✓ Built build/app/outputs/flutter-apk/app-profile.apk (26.8MB)
Installing build/app/outputs/flutter-apk/app-profile.apk...      1,288ms
D/DecorView[](21345): getWindowModeFromSystem  windowmode is 1
I/ForceDarkHelperStubImpl(21345): setViewRootImplForceDark: false for com.example.benchmark_container.MainActivity@e6f428d, reason: AppDarkModeEnable
I/ForceDarkHelperStubImpl(21345): setViewRootImplForceDark: false for com.example.benchmark_container.MainActivity@e6f428d, reason: AppDarkModeEnable
D/DecorView[](21345): getWindowModeFromSystem  windowmode is 1
D/DecorView[](21345): updateDecorCaptionStatus displayWindowDecor is false
W/Looper  (21345): PerfMonitor looperActivity : package=com.example.benchmark_container/.MainActivity time=521ms latency=474ms running=0ms  procState=-1  historyMsgCount=3 (msgIndex=3 wall=455ms seq=3 h=android.app.ActivityThread$H w=110)
W/Looper  (21345): PerfMonitor looperActivity : package=com.example.benchmark_container/.MainActivity time=0ms latency=993ms running=0ms  procState=-1  historyMsgCount=4 (msgIndex=3 wall=455ms seq=3 h=android.app.ActivityThread$H w=110) (msgIndex=4 wall=521ms seq=4 late=474ms h=android.app.ActivityThread$H w=159)
I/Choreographer(21345): Skipped 34 frames!  The application may be doing too much work on its main thread.
D/SurfaceView(21345): UPDATE null, mIsCastMode = false
D/hw-ProcessState(21345): Binder ioctl to enable oneway spam detection failed: Invalid argument
W/Looper  (21345): PerfMonitor longMsg : seq=8 plan=23:11:58.156 late=572ms wall=1908ms running=0ms h=android.view.Choreographer$FrameHandler c=android.view.Choreographer$FrameDisplayEventReceiver procState=-1
W/Looper  (21345): PerfMonitor doFrame : time=1908ms vsyncFrame=0 latency=572ms procState=-1 historyMsgCount=6 (msgIndex=2 wall=1908ms seq=8 late=572ms h=android.view.Choreographer$FrameHandler c=android.view.Choreographer$FrameDisplayEventReceiver) (msgIndex=3 wall=521ms seq=4 h=android.app.ActivityThread$H w=159)
I/Choreographer(21345): Skipped 105 frames!  The application may be doing too much work on its main thread.
D/SurfaceView(21345): UPDATE Surface(name=SurfaceView[com.example.benchmark_container/com.example.benchmark_container.MainActivity])/@0xca20cbb, mIsProjectionMode = false
W/Looper  (21345): PerfMonitor doFrame : time=3ms vsyncFrame=0 latency=1755ms procState=-1 historyMsgCount=5
[spm]: Connected to Dart VM service.
I/flutter (21345): 00:00 +0: Performance Benchmark
E/hmark_containe(21345): open libmigui.so failed! dlopen - dlopen failed: library "libmigui.so" not found
D/hmark_containe(21345): MiuiProcessManagerServiceStub setSchedFifo
I/MiuiProcessManagerImpl(21345): setSchedFifo pid:21345, mode:3
D/DecorView[](21345): onWindowFocusChanged hasWindowFocus true
D/DecorView[](21345): getWindowModeFromSystem  windowmode is 1
D/DecorView[](21345): updateDecorCaptionStatus displayWindowDecor is false
D/ProfileInstaller(21345): Installing profile for com.example.benchmark_container
I/flutter (21345): [SPM:perf] 698a51a  buildSpan: 1577µs
[spm]: ProfilerData event received.
I/flutter (21345): [spm] Performance monitoring completed for 698a51a
[spm]: ProfilerData event received.
I/flutter (21345): [SPM:perf] 698a51a  buildSpan: 1296µs
I/flutter (21345): [spm] Performance monitoring completed for 698a51a
[spm]: ProfilerData event received.
I/flutter (21345): [SPM:perf] 698a51a  buildSpan: 1295µs
I/flutter (21345): [spm] Performance monitoring completed for 698a51a
[spm]: ProfilerData event received.
I/flutter (21345): [SPM:perf] 698a51a  buildSpan: 1280µs
I/flutter (21345): [spm] Performance monitoring completed for 698a51a
[spm]: ProfilerData event received.
I/flutter (21345): [SPM:perf] 698a51a  buildSpan: 1282µs
I/flutter (21345): [spm] Performance monitoring completed for 698a51a
[spm]: ProfilerData event received.
I/flutter (21345): [SPM:perf] 698a51a  buildSpan: 978µs
I/flutter (21345): [spm] Performance monitoring completed for 698a51a
I/flutter (21345): [SPM:perf] 698a51a  buildSpan: 1341µs
I/flutter (21345): [spm] Performance monitoring completed for 698a51a
[spm]: ProfilerData event received.
[spm]: ProfilerData event received.
I/flutter (21345): [SPM:perf] 698a51a  buildSpan: 964µs
I/flutter (21345): [spm] Performance monitoring completed for 698a51a
[spm]: ProfilerData event received.
I/flutter (21345): [SPM:perf] 698a51a  buildSpan: 1362µs
I/flutter (21345): [spm] Performance monitoring completed for 698a51a
[spm]: ProfilerData event received.
I/flutter (21345): [SPM:perf] 698a51a  buildSpan: 1434µs
I/flutter (21345): [spm] Performance monitoring completed for 698a51a
[spm]: ProfilerData event received.
I/flutter (21345): [SPM:perf] 698a51a  buildSpan: 971µs
I/flutter (21345): [spm] Performance monitoring completed for 698a51a
[spm]: ProfilerData event received.
I/flutter (21345): [SPM:perf] 698a51a  buildSpan: 856µs
I/flutter (21345): [spm] Performance monitoring completed for 698a51a
I/flutter (21345): [SPM:perf] 698a51a  buildSpan: 921µs
I/flutter (21345): [spm] Performance monitoring completed for 698a51a
[spm]: ProfilerData event received.
[spm]: ProfilerData event received.
I/flutter (21345): [SPM:perf] 698a51a  buildSpan: 1498µs
I/flutter (21345): [spm] Performance monitoring completed for 698a51a
[spm]: ProfilerData event received.
I/flutter (21345): [SPM:perf] 698a51a  buildSpan: 5405µs
I/flutter (21345): [spm] Performance monitoring completed for 698a51a
[spm]: ProfilerData event received.
I/flutter (21345): [SPM:perf] 698a51a  buildSpan: 803µs
I/flutter (21345): [spm] Performance monitoring completed for 698a51a
[spm]: ProfilerData event received.
I/flutter (21345): [SPM:perf] 698a51a  buildSpan: 1037µs
I/flutter (21345): [spm] Performance monitoring completed for 698a51a
[spm]: ProfilerData event received.
I/flutter (21345): [SPM:perf] 698a51a  buildSpan: 1018µs
I/flutter (21345): [spm] Performance monitoring completed for 698a51a
[spm]: ProfilerData event received.
I/flutter (21345): [SPM:perf] 698a51a  buildSpan: 846µs
I/flutter (21345): [spm] Performance monitoring completed for 698a51a
I/flutter (21345): [SPM:perf] 698a51a  buildSpan: 1335µs
I/flutter (21345): [spm] Performance monitoring completed for 698a51a
[spm]: ProfilerData event received.
I/flutter (21345): [SPM:perf] 698a51a  buildSpan: 1304µs
I/flutter (21345): [spm] Performance monitoring completed for 698a51a
[spm]: ProfilerData event received.
I/flutter (21345): [SPM:perf] 698a51a  buildSpan: 1059µs
I/flutter (21345): [spm] Performance monitoring completed for 698a51a
[spm]: ProfilerData event received.
[spm]: ProfilerData event received.
I/flutter (21345): [SPM:perf] 698a51a  buildSpan: 1253µs
I/flutter (21345): [spm] Performance monitoring completed for 698a51a
[spm]: ProfilerData event received.
I/flutter (21345): [SPM:perf] 698a51a  buildSpan: 1516µs
I/flutter (21345): [spm] Performance monitoring completed for 698a51a
I/flutter (21345): [SPM:perf] 698a51a  buildSpan: 1444µs
I/flutter (21345): [spm] Performance monitoring completed for 698a51a
[spm]: ProfilerData event received.
[spm]: ProfilerData event received.
I/flutter (21345): [SPM:perf] 698a51a  buildSpan: 1289µs
I/flutter (21345): [spm] Performance monitoring completed for 698a51a
[spm]: ProfilerData event received.
I/flutter (21345): [SPM:perf] 698a51a  buildSpan: 1107µs
I/flutter (21345): [spm] Performance monitoring completed for 698a51a
[spm]: ProfilerData event received.
I/flutter (21345): [SPM:perf] 698a51a  buildSpan: 1606µs
I/flutter (21345): [spm] Performance monitoring completed for 698a51a
I/flutter (21345): [SPM:perf] 698a51a  buildSpan: 1413µs
I/flutter (21345): [spm] Performance monitoring completed for 698a51a
[spm]: ProfilerData event received.
I/flutter (21345): [SPM:perf] 698a51a  buildSpan: 1326µs
[spm]: ProfilerData event received.
I/flutter (21345): [spm] Performance monitoring completed for 698a51a
I/flutter (21345): 01:10 +1: (tearDownAll)
I/flutter (21345): 01:11 +2: All tests passed!
All tests passed.
[spm]: Saved 30 profiler events to <ROOT>/dataset-new_samples/3158/redmi9t/raw/20260913-234924/rev_001_741d00b3/e1.jsonl
[spm]: Reverting injection...
4 issues found. (ran in 0.5s)
WARNING: Your Android app project: app located at: <ROOT>/android/app/build.gradle.kts
applies the Kotlin Gradle Plugin, which will cause build failures in future versions of Flutter. 
Please migrate your app to Built-in Kotlin using this guide: https://docs.flutter.dev/release/breaking-changes/migrate-to-built-in-kotlin/for-app-developers

VMServiceFlutterDriver: Connecting to Flutter application at http://127.0.0.1:42691/cnzcl9TxL2E=/
[spm]: Detected VM service URI: ws://127.0.0.1:42691/cnzcl9TxL2E=/ws
VMServiceFlutterDriver: Isolate found with number: 5468931498889907
VMServiceFlutterDriver: Isolate 5468931498889907 is runnable.
VMServiceFlutterDriver: Isolate is paused at start.
VMServiceFlutterDriver: Attempting to resume isolate
VMServiceFlutterDriver: Connected to Flutter application.
VMServiceFlutterDriver: request_data message is taking a long time to complete...