# sample_id=3158/rev_001_741d00b3 exec_index=6 ok=True perf_lines=30 vm_events=30 battery_pct=44 soc_temp_millic=43600 battery_temp_c=30.5 charging=False preflight_started=2026-09-14T19:50:46.903872+00:00 started=2026-09-14T19:50:49.382803+00:00 ts=2026-09-14T19:52:50.163005+00:00
[spm]: Running flutter analyze...
Resolving dependencies...
Downloading packages...
  _fe_analyzer_shared 100.0.0 (108.0.0 available)
  analyzer 13.0.0 (14.4.0 available)
  async 2.13.0 (2.13.1 available)
  clock 1.1.2 (1.1.3 available)
  cupertino_icons 1.0.8 (1.0.9 available)
  glob 2.1.3 (2.2.0 available)
  lints 6.0.0 (6.1.0 available)
  matcher 0.12.19 (0.12.20 available)
  material_color_utilities 0.13.0 (0.13.1 available)
  meta 1.18.0 (1.19.0 available)
  package_config 2.2.0 (3.0.0 available)
  platform 3.1.6 (3.2.0 available)
  process 5.0.5 (5.0.6 available)
  pub_semver 2.2.0 (2.2.1 available)
  source_span 1.10.1 (1.10.2 available)
  stack_trace 1.12.1 (1.12.2 available)
  test_api 0.7.11 (0.7.14 available)
  vector_math 2.2.0 (2.4.2 available)
  vm_service 15.0.2 (15.3.0 available)
  webdriver 3.1.0 (3.2.0 available)
  yaml 3.1.3 (3.1.4 available)
Got dependencies!
21 packages have newer versions incompatible with dependency constraints.
Try `flutter pub outdated` for more information.
Analyzing lib...                                                

   info • The part-of directive uses a library name. Try converting the directive to use the URI of the library • lib/dependencies.dart:46:1 • use_string_in_part_of_directives
   info • The type parameter name 'State' matches a visible type name. Try changing the type parameter name to not match an existing type • lib/dependencies.dart:87:19 • avoid_types_as_parameter_names
   info • Library names are not necessary. Remove the library name • lib/generated_widget.dart:2:9 • unnecessary_library_name
   info • Constructors in '@immutable' classes should be declared as 'const'. Try adding 'const' to the constructor declaration • lib/generated_widget.dart:11:3 • prefer_const_constructors_in_immutables

[spm]: Injecting profiler code...
[spm]: Starting app...
Running Gradle task 'assembleProfile'...                        
Running Gradle task 'assembleProfile'...                           19.5s
✓ Built build/app/outputs/flutter-apk/app-profile.apk (26.8MB)
Installing build/app/outputs/flutter-apk/app-profile.apk...      1,043ms
D/DecorView[](29664): getWindowModeFromSystem  windowmode is 1
D/DecorView[](29664): updateDecorCaptionStatus displayWindowDecor is false
W/Looper  (29664): PerfMonitor looperActivity : package=com.example.benchmark_container/.MainActivity time=496ms latency=449ms running=0ms  procState=-1  historyMsgCount=3 (msgIndex=1 wall=467ms seq=3 h=android.app.ActivityThread$H w=110) (msgIndex=2 wall=467ms seq=3 h=android.app.ActivityThread$H w=110) (msgIndex=3 wall=467ms seq=3 h=android.app.ActivityThread$H w=110)
W/Looper  (29664): PerfMonitor looperActivity : package=com.example.benchmark_container/.MainActivity time=1ms latency=946ms running=0ms  procState=-1  historyMsgCount=4 (msgIndex=1 wall=467ms seq=3 h=android.app.ActivityThread$H w=110) (msgIndex=2 wall=467ms seq=3 h=android.app.ActivityThread$H w=110) (msgIndex=3 wall=467ms seq=3 h=android.app.ActivityThread$H w=110) (msgIndex=4 wall=496ms seq=4 late=449ms h=android.app.ActivityThread$H w=159)
I/Choreographer(29664): Skipped 30 frames!  The application may be doing too much work on its main thread.
D/SurfaceView(29664): UPDATE null, mIsCastMode = false
D/hw-ProcessState(29664): Binder ioctl to enable oneway spam detection failed: Invalid argument
I/Choreographer(29664): Skipped 107 frames!  The application may be doing too much work on its main thread.
D/SurfaceView(29664): UPDATE Surface(name=SurfaceView[com.example.benchmark_container/com.example.benchmark_container.MainActivity])/@0x739554a, mIsProjectionMode = false
W/Looper  (29664): PerfMonitor doFrame : time=3ms vsyncFrame=0 latency=1797ms procState=-1 historyMsgCount=5
[spm]: Connected to Dart VM service.
I/flutter (29664): 00:00 +0: Performance Benchmark
E/hmark_containe(29664): open libmigui.so failed! dlopen - dlopen failed: library "libmigui.so" not found
D/hmark_containe(29664): MiuiProcessManagerServiceStub setSchedFifo
I/MiuiProcessManagerImpl(29664): setSchedFifo pid:29664, mode:3
D/DecorView[](29664): onWindowFocusChanged hasWindowFocus true
D/DecorView[](29664): getWindowModeFromSystem  windowmode is 1
D/DecorView[](29664): updateDecorCaptionStatus displayWindowDecor is false
D/ProfileInstaller(29664): Installing profile for com.example.benchmark_container
[spm]: ProfilerData event received.
I/flutter (29664): [SPM:perf] 698a51a  buildSpan: 806µs
I/flutter (29664): [spm] Performance monitoring completed for 698a51a
[spm]: ProfilerData event received.
I/flutter (29664): [SPM:perf] 698a51a  buildSpan: 1025µs
I/flutter (29664): [spm] Performance monitoring completed for 698a51a
[spm]: ProfilerData event received.
I/flutter (29664): [SPM:perf] 698a51a  buildSpan: 1278µs
I/flutter (29664): [spm] Performance monitoring completed for 698a51a
[spm]: ProfilerData event received.
I/flutter (29664): [SPM:perf] 698a51a  buildSpan: 1441µs
I/flutter (29664): [spm] Performance monitoring completed for 698a51a
[spm]: ProfilerData event received.
I/flutter (29664): [SPM:perf] 698a51a  buildSpan: 1328µs
I/flutter (29664): [spm] Performance monitoring completed for 698a51a
[spm]: ProfilerData event received.
I/flutter (29664): [SPM:perf] 698a51a  buildSpan: 1337µs
I/flutter (29664): [spm] Performance monitoring completed for 698a51a
[spm]: ProfilerData event received.
I/flutter (29664): [SPM:perf] 698a51a  buildSpan: 1058µs
I/flutter (29664): [spm] Performance monitoring completed for 698a51a
[spm]: ProfilerData event received.
I/flutter (29664): [SPM:perf] 698a51a  buildSpan: 887µs
I/flutter (29664): [spm] Performance monitoring completed for 698a51a
[spm]: ProfilerData event received.
I/flutter (29664): [SPM:perf] 698a51a  buildSpan: 1343µs
I/flutter (29664): [spm] Performance monitoring completed for 698a51a
[spm]: ProfilerData event received.
I/flutter (29664): [SPM:perf] 698a51a  buildSpan: 1372µs
I/flutter (29664): [spm] Performance monitoring completed for 698a51a
[spm]: ProfilerData event received.
I/flutter (29664): [SPM:perf] 698a51a  buildSpan: 1326µs
I/flutter (29664): [spm] Performance monitoring completed for 698a51a
[spm]: ProfilerData event received.
I/flutter (29664): [SPM:perf] 698a51a  buildSpan: 1344µs
I/flutter (29664): [spm] Performance monitoring completed for 698a51a
[spm]: ProfilerData event received.
I/flutter (29664): [SPM:perf] 698a51a  buildSpan: 899µs
I/flutter (29664): [spm] Performance monitoring completed for 698a51a
[spm]: ProfilerData event received.
I/flutter (29664): [SPM:perf] 698a51a  buildSpan: 1429µs
I/flutter (29664): [spm] Performance monitoring completed for 698a51a
I/flutter (29664): [SPM:perf] 698a51a  buildSpan: 6132µs
[spm]: ProfilerData event received.
I/flutter (29664): [spm] Performance monitoring completed for 698a51a
I/flutter (29664): [SPM:perf] 698a51a  buildSpan: 1343µs
I/flutter (29664): [spm] Performance monitoring completed for 698a51a
[spm]: ProfilerData event received.
I/flutter (29664): [SPM:perf] 698a51a  buildSpan: 1352µs
I/flutter (29664): [spm] Performance monitoring completed for 698a51a
[spm]: ProfilerData event received.
I/flutter (29664): [SPM:perf] 698a51a  buildSpan: 957µs
I/flutter (29664): [spm] Performance monitoring completed for 698a51a
[spm]: ProfilerData event received.
I/flutter (29664): [SPM:perf] 698a51a  buildSpan: 1281µs
I/flutter (29664): [spm] Performance monitoring completed for 698a51a
[spm]: ProfilerData event received.
I/flutter (29664): [SPM:perf] 698a51a  buildSpan: 1360µs
I/flutter (29664): [spm] Performance monitoring completed for 698a51a
[spm]: ProfilerData event received.
[spm]: ProfilerData event received.
I/flutter (29664): [SPM:perf] 698a51a  buildSpan: 1506µs
I/flutter (29664): [spm] Performance monitoring completed for 698a51a
I/flutter (29664): [SPM:perf] 698a51a  buildSpan: 1378µs
I/flutter (29664): [spm] Performance monitoring completed for 698a51a
[spm]: ProfilerData event received.
[spm]: ProfilerData event received.
I/flutter (29664): [SPM:perf] 698a51a  buildSpan: 967µs
I/flutter (29664): [spm] Performance monitoring completed for 698a51a
[spm]: ProfilerData event received.
I/flutter (29664): [SPM:perf] 698a51a  buildSpan: 1144µs
I/flutter (29664): [spm] Performance monitoring completed for 698a51a
[spm]: ProfilerData event received.
I/flutter (29664): [SPM:perf] 698a51a  buildSpan: 1052µs
I/flutter (29664): [spm] Performance monitoring completed for 698a51a
[spm]: ProfilerData event received.
I/flutter (29664): [SPM:perf] 698a51a  buildSpan: 1329µs
I/flutter (29664): [spm] Performance monitoring completed for 698a51a
[spm]: ProfilerData event received.
I/flutter (29664): [SPM:perf] 698a51a  buildSpan: 1603µs
I/flutter (29664): [spm] Performance monitoring completed for 698a51a
[spm]: ProfilerData event received.
I/flutter (29664): [SPM:perf] 698a51a  buildSpan: 826µs
I/flutter (29664): [spm] Performance monitoring completed for 698a51a
[spm]: ProfilerData event received.
I/flutter (29664): [SPM:perf] 698a51a  buildSpan: 1393µs
I/flutter (29664): [spm] Performance monitoring completed for 698a51a
[spm]: ProfilerData event received.
I/flutter (29664): [SPM:perf] 698a51a  buildSpan: 1392µs
I/flutter (29664): [spm] Performance monitoring completed for 698a51a
I/flutter (29664): 01:10 +1: (tearDownAll)
I/flutter (29664): 01:11 +2: All tests passed!
All tests passed.
[spm]: Saved 30 profiler events to <ROOT>/dataset-new_samples/3158/redmi9t/raw/20260913-234924/rev_001_741d00b3/e6.jsonl
[spm]: Reverting injection...
4 issues found. (ran in 0.5s)
WARNING: Your Android app project: app located at: <ROOT>/android/app/build.gradle.kts
applies the Kotlin Gradle Plugin, which will cause build failures in future versions of Flutter. 
Please migrate your app to Built-in Kotlin using this guide: https://docs.flutter.dev/release/breaking-changes/migrate-to-built-in-kotlin/for-app-developers

VMServiceFlutterDriver: Connecting to Flutter application at http://127.0.0.1:40089/MEb47D_qU9Q=/
[spm]: Detected VM service URI: ws://127.0.0.1:40089/MEb47D_qU9Q=/ws
VMServiceFlutterDriver: Isolate found with number: 2013588826385299
VMServiceFlutterDriver: Isolate 2013588826385299 is runnable.
VMServiceFlutterDriver: Isolate is paused at start.
VMServiceFlutterDriver: Attempting to resume isolate
VMServiceFlutterDriver: Connected to Flutter application.
VMServiceFlutterDriver: request_data message is taking a long time to complete...