# sample_id=2352/rev_008_0d57677a exec_index=9 ok=True perf_lines=30 vm_events=30 battery_pct=78 soc_temp_millic=42600 battery_temp_c=33.4 charging=False preflight_started=2026-09-12T15:05:57.984351+00:00 started=2026-09-12T15:06:00.723965+00:00 ts=2026-09-12T15:08:06.364872+00:00
[spm]: Running flutter analyze...
Resolving dependencies...
Downloading packages...
  _fe_analyzer_shared 100.0.0 (108.0.0 available)
  analyzer 13.0.0 (14.4.0 available)
  async 2.13.0 (2.13.1 available)
  clock 1.1.2 (1.1.3 available)
  cupertino_icons 1.0.8 (1.0.9 available)
  glob 2.1.3 (2.2.0 available)
  lints 6.0.0 (6.1.0 available)
  matcher 0.12.19 (0.12.20 available)
  material_color_utilities 0.13.0 (0.13.1 available)
  meta 1.18.0 (1.19.0 available)
  package_config 2.2.0 (3.0.0 available)
  platform 3.1.6 (3.2.0 available)
  process 5.0.5 (5.0.6 available)
  pub_semver 2.2.0 (2.2.1 available)
  source_span 1.10.1 (1.10.2 available)
  stack_trace 1.12.1 (1.12.2 available)
  test_api 0.7.11 (0.7.14 available)
  vector_math 2.2.0 (2.4.2 available)
  vm_service 15.0.2 (15.3.0 available)
  webdriver 3.1.0 (3.2.0 available)
  yaml 3.1.3 (3.1.4 available)
Got dependencies!
21 packages have newer versions incompatible with dependency constraints.
Try `flutter pub outdated` for more information.
Analyzing lib...                                                

   info • The part-of directive uses a library name. Try converting the directive to use the URI of the library • lib/dependencies.dart:46:1 • use_string_in_part_of_directives
   info • Library names are not necessary. Remove the library name • lib/generated_widget.dart:2:9 • unnecessary_library_name
   info • Parameter 'key' could be a super parameter. Trying converting 'key' to a super parameter • lib/generated_widget.dart:89:9 • use_super_parameters
   info • Statements in an if should be enclosed in a block. Try wrapping the statement in a block • lib/generated_widget.dart:297:9 • curly_braces_in_flow_control_structures
   info • Statements in an if should be enclosed in a block. Try wrapping the statement in a block • lib/generated_widget.dart:317:9 • curly_braces_in_flow_control_structures
   info • Statements in an if should be enclosed in a block. Try wrapping the statement in a block • lib/generated_widget.dart:330:7 • curly_braces_in_flow_control_structures
warning • This default clause is covered by the previous cases. Try removing the default clause, or restructuring the preceding patterns • lib/generated_widget.dart:371:7 • unreachable_switch_default
   info • Statements in an if should be enclosed in a block. Try wrapping the statement in a block • lib/generated_widget.dart:462:19 • curly_braces_in_flow_control_structures
   info • Statements in an if should be enclosed in a block. Try wrapping the statement in a block • lib/generated_widget.dart:555:23 • curly_braces_in_flow_control_structures
   info • Parameter 'key' could be a super parameter. Trying converting 'key' to a super parameter • lib/generated_widget.dart:571:9 • use_super_parameters
   info • 'red' is deprecated and shouldn't be used. Use (*.r * 255.0).round().clamp(0, 255). Try replacing the use of the deprecated member with the replacement • lib/generated_widget.dart:694:60 • deprecated_member_use
   info • 'withOpacity' is deprecated and shouldn't be used. Use .withValues() to avoid precision loss. Try replacing the use of the deprecated member with the replacement • lib/generated_widget.dart:695:45 • deprecated_member_use
   info • 'green' is deprecated and shouldn't be used. Use (*.g * 255.0).round().clamp(0, 255). Try replacing the use of the deprecated member with the replacement • lib/generated_widget.dart:699:60 • deprecated_member_use
   info • 'withOpacity' is deprecated and shouldn't be used. Use .withValues() to avoid precision loss. Try replacing the use of the deprecated member with the replacement • lib/generated_widget.dart:700:45 • deprecated_member_use
   info • 'blue' is deprecated and shouldn't be used. Use (*.b * 255.0).round().clamp(0, 255). Try replacing the use of the deprecated member with the replacement • lib/generated_widget.dart:704:60 • deprecated_member_use
   info • 'withOpacity' is deprecated and shouldn't be used. Use .withValues() to avoid precision loss. Try replacing the use of the deprecated member with the replacement • lib/generated_widget.dart:705:45 • deprecated_member_use
   info • 'opacity' is deprecated and shouldn't be used. Use .a. Try replacing the use of the deprecated member with the replacement • lib/generated_widget.dart:708:71 • deprecated_member_use
   info • 'withOpacity' is deprecated and shouldn't be used. Use .withValues() to avoid precision loss. Try replacing the use of the deprecated member with the replacement • lib/generated_widget.dart:709:45 • deprecated_member_use
warning • The value of the local variable 'getBox' isn't used. Try removing the variable or using it • lib/generated_widget.dart:739:30 • unused_local_variable
   info • 'withOpacity' is deprecated and shouldn't be used. Use .withValues() to avoid precision loss. Try replacing the use of the deprecated member with the replacement • lib/generated_widget.dart:862:41 • deprecated_member_use
   info • 'withOpacity' is deprecated and shouldn't be used. Use .withValues() to avoid precision loss. Try replacing the use of the deprecated member with the replacement • lib/generated_widget.dart:863:43 • deprecated_member_use
   info • 'withOpacity' is deprecated and shouldn't be used. Use .withValues() to avoid precision loss. Try replacing the use of the deprecated member with the replacement • lib/generated_widget.dart:870:43 • deprecated_member_use
   info • 'withOpacity' is deprecated and shouldn't be used. Use .withValues() to avoid precision loss. Try replacing the use of the deprecated member with the replacement • lib/generated_widget.dart:871:45 • deprecated_member_use
   info • 'withOpacity' is deprecated and shouldn't be used. Use .withValues() to avoid precision loss. Try replacing the use of the deprecated member with the replacement • lib/generated_widget.dart:878:42 • deprecated_member_use
   info • 'withOpacity' is deprecated and shouldn't be used. Use .withValues() to avoid precision loss. Try replacing the use of the deprecated member with the replacement • lib/generated_widget.dart:879:44 • deprecated_member_use
   info • 'withOpacity' is deprecated and shouldn't be used. Use .withValues() to avoid precision loss. Try replacing the use of the deprecated member with the replacement • lib/generated_widget.dart:886:30 • deprecated_member_use
   info • 'withOpacity' is deprecated and shouldn't be used. Use .withValues() to avoid precision loss. Try replacing the use of the deprecated member with the replacement • lib/generated_widget.dart:887:30 • deprecated_member_use
   info • Parameter 'key' could be a super parameter. Trying converting 'key' to a super parameter • lib/generated_widget.dart:943:9 • use_super_parameters
warning • This default clause is covered by the previous cases. Try removing the default clause, or restructuring the preceding patterns • lib/generated_widget.dart:1138:17 • unreachable_switch_default
   info • 'withOpacity' is deprecated and shouldn't be used. Use .withValues() to avoid precision loss. Try replacing the use of the deprecated member with the replacement • lib/generated_widget.dart:1289:37 • deprecated_member_use
   info • 'withOpacity' is deprecated and shouldn't be used. Use .withValues() to avoid precision loss. Try replacing the use of the deprecated member with the replacement • lib/generated_widget.dart:1449:32 • deprecated_member_use
   info • 'withOpacity' is deprecated and shouldn't be used. Use .withValues() to avoid precision loss. Try replacing the use of the deprecated member with the replacement • lib/generated_widget.dart:1456:32 • deprecated_member_use
   info • 'red' is deprecated and shouldn't be used. Use (*.r * 255.0).round().clamp(0, 255). Try replacing the use of the deprecated member with the replacement • lib/generated_widget.dart:1494:30 • deprecated_member_use
   info • 'red' is deprecated and shouldn't be used. Use (*.r * 255.0).round().clamp(0, 255). Try replacing the use of the deprecated member with the replacement • lib/generated_widget.dart:1495:30 • deprecated_member_use
   info • 'red' is deprecated and shouldn't be used. Use (*.r * 255.0).round().clamp(0, 255). Try replacing the use of the deprecated member with the replacement • lib/generated_widget.dart:1502:30 • deprecated_member_use
   info • 'red' is deprecated and shouldn't be used. Use (*.r * 255.0).round().clamp(0, 255). Try replacing the use of the deprecated member with the replacement • lib/generated_widget.dart:1503:30 • deprecated_member_use
   info • 'blue' is deprecated and shouldn't be used. Use (*.b * 255.0).round().clamp(0, 255). Try replacing the use of the deprecated member with the replacement • lib/generated_widget.dart:1516:28 • deprecated_member_use
   info • 'green' is deprecated and shouldn't be used. Use (*.g * 255.0).round().clamp(0, 255). Try replacing the use of the deprecated member with the replacement • lib/generated_widget.dart:1517:34 • deprecated_member_use
   info • 'green' is deprecated and shouldn't be used. Use (*.g * 255.0).round().clamp(0, 255). Try replacing the use of the deprecated member with the replacement • lib/generated_widget.dart:1545:35 • deprecated_member_use
   info • 'green' is deprecated and shouldn't be used. Use (*.g * 255.0).round().clamp(0, 255). Try replacing the use of the deprecated member with the replacement • lib/generated_widget.dart:1546:35 • deprecated_member_use
   info • 'green' is deprecated and shouldn't be used. Use (*.g * 255.0).round().clamp(0, 255). Try replacing the use of the deprecated member with the replacement • lib/generated_widget.dart:1553:35 • deprecated_member_use
   info • 'green' is deprecated and shouldn't be used. Use (*.g * 255.0).round().clamp(0, 255). Try replacing the use of the deprecated member with the replacement • lib/generated_widget.dart:1554:33 • deprecated_member_use
   info • 'blue' is deprecated and shouldn't be used. Use (*.b * 255.0).round().clamp(0, 255). Try replacing the use of the deprecated member with the replacement • lib/generated_widget.dart:1567:28 • deprecated_member_use
   info • 'red' is deprecated and shouldn't be used. Use (*.r * 255.0).round().clamp(0, 255). Try replacing the use of the deprecated member with the replacement • lib/generated_widget.dart:1568:34 • deprecated_member_use
   info • 'blue' is deprecated and shouldn't be used. Use (*.b * 255.0).round().clamp(0, 255). Try replacing the use of the deprecated member with the replacement • lib/generated_widget.dart:1596:38 • deprecated_member_use
   info • 'blue' is deprecated and shouldn't be used. Use (*.b * 255.0).round().clamp(0, 255). Try replacing the use of the deprecated member with the replacement • lib/generated_widget.dart:1597:40 • deprecated_member_use
   info • 'blue' is deprecated and shouldn't be used. Use (*.b * 255.0).round().clamp(0, 255). Try replacing the use of the deprecated member with the replacement • lib/generated_widget.dart:1604:40 • deprecated_member_use
   info • 'blue' is deprecated and shouldn't be used. Use (*.b * 255.0).round().clamp(0, 255). Try replacing the use of the deprecated member with the replacement • lib/generated_widget.dart:1605:38 • deprecated_member_use
   info • 'red' is deprecated and shouldn't be used. Use (*.r * 255.0).round().clamp(0, 255). Try replacing the use of the deprecated member with the replacement • lib/generated_widget.dart:1618:28 • deprecated_member_use
   info • 'green' is deprecated and shouldn't be used. Use (*.g * 255.0).round().clamp(0, 255). Try replacing the use of the deprecated member with the replacement • lib/generated_widget.dart:1619:34 • deprecated_member_use
   info • 'withOpacity' is deprecated and shouldn't be used. Use .withValues() to avoid precision loss. Try replacing the use of the deprecated member with the replacement • lib/generated_widget.dart:1674:37 • deprecated_member_use
   info • Parameter 'key' could be a super parameter. Trying converting 'key' to a super parameter • lib/generated_widget.dart:1702:9 • use_super_parameters
   info • Parameter 'key' could be a super parameter. Trying converting 'key' to a super parameter • lib/generated_widget.dart:1765:9 • use_super_parameters
   info • 'red' is deprecated and shouldn't be used. Use (*.r * 255.0).round().clamp(0, 255). Try replacing the use of the deprecated member with the replacement • lib/generated_widget.dart:1807:15 • deprecated_member_use
   info • 'green' is deprecated and shouldn't be used. Use (*.g * 255.0).round().clamp(0, 255). Try replacing the use of the deprecated member with the replacement • lib/generated_widget.dart:1808:15 • deprecated_member_use
   info • 'blue' is deprecated and shouldn't be used. Use (*.b * 255.0).round().clamp(0, 255). Try replacing the use of the deprecated member with the replacement • lib/generated_widget.dart:1809:15 • deprecated_member_use
   info • 'alpha' is deprecated and shouldn't be used. Use (*.a * 255.0).round().clamp(0, 255). Try replacing the use of the deprecated member with the replacement • lib/generated_widget.dart:1810:15 • deprecated_member_use
   info • 'red' is deprecated and shouldn't be used. Use (*.r * 255.0).round().clamp(0, 255). Try replacing the use of the deprecated member with the replacement • lib/generated_widget.dart:1815:15 • deprecated_member_use
   info • 'green' is deprecated and shouldn't be used. Use (*.g * 255.0).round().clamp(0, 255). Try replacing the use of the deprecated member with the replacement • lib/generated_widget.dart:1816:15 • deprecated_member_use
   info • 'blue' is deprecated and shouldn't be used. Use (*.b * 255.0).round().clamp(0, 255). Try replacing the use of the deprecated member with the replacement • lib/generated_widget.dart:1817:15 • deprecated_member_use
   info • 'opacity' is deprecated and shouldn't be used. Use .a. Try replacing the use of the deprecated member with the replacement • lib/generated_widget.dart:1818:19 • deprecated_member_use
   info • Statements in an if should be enclosed in a block. Try wrapping the statement in a block • lib/generated_widget.dart:1843:7 • curly_braces_in_flow_control_structures
   info • Parameter 'key' could be a super parameter. Trying converting 'key' to a super parameter • lib/generated_widget.dart:1909:9 • use_super_parameters
   info • 'value' is deprecated and shouldn't be used. Use component accessors like .r or .g, or toARGB32 for an explicit conversion. Try replacing the use of the deprecated member with the replacement • lib/generated_widget.dart:1940:36 • deprecated_member_use
   info • Use interpolation to compose strings and values. Try using string interpolation to build the composite string • lib/generated_widget.dart:1943:11 • prefer_interpolation_to_compose_strings
   info • 'red' is deprecated and shouldn't be used. Use (*.r * 255.0).round().clamp(0, 255). Try replacing the use of the deprecated member with the replacement • lib/generated_widget.dart:1944:24 • deprecated_member_use
   info • 'green' is deprecated and shouldn't be used. Use (*.g * 255.0).round().clamp(0, 255). Try replacing the use of the deprecated member with the replacement • lib/generated_widget.dart:1945:24 • deprecated_member_use
   info • 'blue' is deprecated and shouldn't be used. Use (*.b * 255.0).round().clamp(0, 255). Try replacing the use of the deprecated member with the replacement • lib/generated_widget.dart:1946:24 • deprecated_member_use
   info • 'alpha' is deprecated and shouldn't be used. Use (*.a * 255.0).round().clamp(0, 255). Try replacing the use of the deprecated member with the replacement • lib/generated_widget.dart:1948:30 • deprecated_member_use

[spm]: Injecting profiler code...
[spm]: Starting app...
Running Gradle task 'assembleProfile'...                        
Running Gradle task 'assembleProfile'...                           22.7s
✓ Built build/app/outputs/flutter-apk/app-profile.apk (34.9MB)
Installing build/app/outputs/flutter-apk/app-profile.apk...      1,479ms
D/MiuiMultiWindowUtils( 6293): freeform resolution args raw data:{  "zizhan":{    "freeform_args": {      "inner":{        "vertical_portrait":{"aspect_ratio":0.626, "original_ratio":0.5643,"original_scale":0.74,"top_margin":0.168,"left_margin":0.484},        "horizontal_portrait":{"aspect_ratio":0.626, "original_ratio":0.5643,"original_scale":0.74,"top_margin":0.1222,"left_margin":0.59745},        "vertical_landscape":{"aspect_ratio":1.6, "original_ratio":1,"original_scale":0.604,"top_margin":0.2596,"left_margin":0.2624},        "horizontal_landscape":{"aspect_ratio":1.6, "original_ratio":1,"original_scale":0.604,"top_margin":0.213,"left_margin":0.3758}      },      "outer":{        "vertical_portrait":{"aspect_ratio":0.626, "original_ratio":1,"original_scale":0.74,"top_margin":0.0753,"left_margin":-1},        "horizontal_portrait":{"aspect_ratio":0.626, "original_ratio":1,"original_scale":0.5756,"top_margin":-1,"left_margin":0.0753},        "vertical_landscape":{"aspect_ratio":1.6, "original_ratio":0.6847,"original_scale":0.587,"top_margin":0.0753,"left_margin":-1},        "horizontal_landscape":{"aspect_ratio":1.6, "original_ratio":0.6847,"original_scale":0.587,"top_margin":-1,"left_margin":0.0753}}    },    "mini_freeform_args":{      "inner":{        "vertical_portrait":{"aspect_ratio":0.626, "original_ratio":0.147},        "horizontal_portrait":{"aspect_ratio":0.626, "original_ratio":0.147},        "vertical_landscape":{"aspect_ratio":1.6, "original_ratio":0.165},        "horizontal_landscape":{"aspect_ratio":1.6, "original_ratio":0.165}      },      "outer":{        "vertical_portrait":{"aspect_ratio":0.626, "original_ratio":0.26},        "horizontal_portrait":{"aspect_ratio":0.626, "original_ratio":0.26},        "vertical_landscape":{"aspect_ratio":1.6, "original_ratio":0.293},        "horizontal_landscape":{"aspect_ratio":1.6, "original_ratio":0.293}}    }  },  "wide_default":{    "freeform_args": {        "vertical_portrait":{"aspect_ratio":0.625, "original_ratio":0.5806,"original_scale":0.7574,"top_margin":0.125,"left_margin":0.392},        "horizontal_portrait":{"aspect_ratio":0.625, "original_ratio":0.5806,"original_scale":0.7574,"top_margin":-1,"left_margin":0.6415},        "vertical_landscape":{"aspect_ratio":1.6, "original_ratio":1,"original_scale":0.5153,"top_margin":0.125,"left_margin":0.206},        "horizontal_landscape":{"aspect_ratio":1.6, "original_ratio":1,"original_scale":0.5153,"top_margin":-1,"left_margin":0.456}    },    "mini_freeform_args":{        "vertical_portrait":{"aspect_ratio":0.5625, "original_ratio":0.144},        "horizontal_portrait":{"aspect_ratio":0.5625, "original_ratio":0.144},        "vertical_landscape":{"aspect_ratio":-1, "original_ratio":0.144},        "horizontal_landscape":{"aspect_ratio":-1, "original_ratio":0.144}    }  },  "narrow_default": {    "freeform_args": {        "vertical_portrait":{"aspect_ratio":0.5625, "original_ratio":1,"original_scale":0.7182,"top_margin":0.142,"left_margin":-1},        "horizontal_portrait":{"aspect_ratio":0.8, "original_ratio":1,"original_scale":0.7182,"top_margin":-1,"left_margin":0.05},        "vertical_landscape":{"aspect_ratio":1.6, "original_ratio":0.6545,"original_scale":0.4473,"top_margin":0.142,"left_margin":-1},        "horizontal_landscape":{"aspect_ratio":1.6, "original_ratio":0.6545,"original_scale":0.4473,"top_margin":-1,"left_margin":0.05}    },    "mini_freeform_args":{        "vertical_portrait":{"aspect_ratio":0.5625, "original_ratio":0.3},        "horizontal_portrait":{"aspect_ratio":0.5625, "original_ratio":0.3},        "vertical_landscape":{"aspect_ratio":1.7778, "original_ratio":0.3},        "horizontal_landscape":{"aspect_ratio":1.7778, "original_ratio":0.3}    }  },  "regular_default": {    "freeform_args": {      "vertical_portrait":{"aspect_ratio":0.625, "original_ratio":1,"original_scale":0.7,"top_margin":0.109,"left_margin":-1},      "horizontal_portrait":{"aspect_ratio":0.6667, "original_ratio":1,"original_scale":0.6102,"top_margin":-1,"left_margin":0.026},      "vertical_landscape":{"asp
E/MiuiMultiWindowUtils( 6293): initFreeFormResolutionArgs failed, device is lime
D/IS_CTS_MODE( 6293): true
D/MULTI_WINDOW_SWITCH_ENABLED( 6293): false
D/IS_CTS_MODE( 6293): true
D/MULTI_WINDOW_SWITCH_ENABLED( 6293): false
D/IS_CTS_MODE( 6293): true
D/MULTI_WINDOW_SWITCH_ENABLED( 6293): false
D/DecorView[]( 6293): getWindowModeFromSystem  windowmode is 1
I/ForceDarkHelperStubImpl( 6293): setViewRootImplForceDark: false for com.example.benchmark_container.MainActivity@e6f428d, reason: AppDarkModeEnable
I/ForceDarkHelperStubImpl( 6293): setViewRootImplForceDark: false for com.example.benchmark_container.MainActivity@e6f428d, reason: AppDarkModeEnable
D/DecorView[]( 6293): getWindowModeFromSystem  windowmode is 1
D/DecorView[]( 6293): updateDecorCaptionStatus displayWindowDecor is false
W/Looper  ( 6293): PerfMonitor looperActivity : package=com.example.benchmark_container/.MainActivity time=350ms latency=316ms running=0ms  procState=-1  historyMsgCount=2 (msgIndex=1 wall=350ms seq=4 late=316ms h=android.app.ActivityThread$H w=159) (msgIndex=2 wall=352ms seq=3 h=android.app.ActivityThread$H w=110)
W/Looper  ( 6293): PerfMonitor looperActivity : package=com.example.benchmark_container/.MainActivity time=0ms latency=668ms running=0ms  procState=-1  historyMsgCount=4 (msgIndex=2 wall=350ms seq=4 h=android.app.ActivityThread$H w=159) (msgIndex=3 wall=352ms seq=3 h=android.app.ActivityThread$H w=110) (msgIndex=4 wall=350ms seq=4 h=android.app.ActivityThread$H w=159)
D/SurfaceView( 6293): UPDATE null, mIsCastMode = false
D/hw-ProcessState( 6293): Binder ioctl to enable oneway spam detection failed: Invalid argument
W/Looper  ( 6293): PerfMonitor longMsg : seq=8 plan=18:06:40.087 late=354ms wall=1660ms running=0ms h=android.view.Choreographer$FrameHandler c=android.view.Choreographer$FrameDisplayEventReceiver procState=-1
W/Looper  ( 6293): PerfMonitor doFrame : time=1660ms vsyncFrame=0 latency=354ms procState=-1 historyMsgCount=4 (msgIndex=1 wall=1660ms seq=8 late=354ms h=android.view.Choreographer$FrameHandler c=android.view.Choreographer$FrameDisplayEventReceiver)
I/Choreographer( 6293): Skipped 95 frames!  The application may be doing too much work on its main thread.
D/SurfaceView( 6293): UPDATE Surface(name=SurfaceView[com.example.benchmark_container/com.example.benchmark_container.MainActivity])/@0xca20cbb, mIsProjectionMode = false
W/Looper  ( 6293): PerfMonitor doFrame : time=3ms vsyncFrame=0 latency=1587ms procState=-1 historyMsgCount=4
[spm]: Connected to Dart VM service.
I/flutter ( 6293): 00:00 +0: Performance Benchmark
E/hmark_containe( 6293): open libmigui.so failed! dlopen - dlopen failed: library "libmigui.so" not found
D/hmark_containe( 6293): MiuiProcessManagerServiceStub setSchedFifo
I/MiuiProcessManagerImpl( 6293): setSchedFifo pid:6293, mode:3
D/DecorView[]( 6293): onWindowFocusChanged hasWindowFocus true
D/DecorView[]( 6293): getWindowModeFromSystem  windowmode is 1
D/DecorView[]( 6293): updateDecorCaptionStatus displayWindowDecor is false
D/ProfileInstaller( 6293): Installing profile for com.example.benchmark_container
[spm]: ProfilerData event received.
I/flutter ( 6293): [SPM:perf] 698a51a  buildSpan: 5838µs
I/flutter ( 6293): [spm] Performance monitoring completed for 698a51a
[spm]: ProfilerData event received.
I/flutter ( 6293): [SPM:perf] 698a51a  buildSpan: 5643µs
I/flutter ( 6293): [spm] Performance monitoring completed for 698a51a
[spm]: ProfilerData event received.
I/flutter ( 6293): [SPM:perf] 698a51a  buildSpan: 4532µs
I/flutter ( 6293): [spm] Performance monitoring completed for 698a51a
[spm]: ProfilerData event received.
I/flutter ( 6293): [SPM:perf] 698a51a  buildSpan: 4178µs
I/flutter ( 6293): [spm] Performance monitoring completed for 698a51a
[spm]: ProfilerData event received.
I/flutter ( 6293): [SPM:perf] 698a51a  buildSpan: 5578µs
I/flutter ( 6293): [spm] Performance monitoring completed for 698a51a
I/flutter ( 6293): [SPM:perf] 698a51a  buildSpan: 5696µs
[spm]: ProfilerData event received.
I/flutter ( 6293): [spm] Performance monitoring completed for 698a51a
[spm]: ProfilerData event received.
I/flutter ( 6293): [SPM:perf] 698a51a  buildSpan: 5598µs
I/flutter ( 6293): [spm] Performance monitoring completed for 698a51a
I/flutter ( 6293): [SPM:perf] 698a51a  buildSpan: 5895µs
I/flutter ( 6293): [spm] Performance monitoring completed for 698a51a
[spm]: ProfilerData event received.
I/flutter ( 6293): [SPM:perf] 698a51a  buildSpan: 3809µs
[spm]: ProfilerData event received.
I/flutter ( 6293): [spm] Performance monitoring completed for 698a51a
[spm]: ProfilerData event received.
I/flutter ( 6293): [SPM:perf] 698a51a  buildSpan: 5842µs
I/flutter ( 6293): [spm] Performance monitoring completed for 698a51a
[spm]: ProfilerData event received.
I/flutter ( 6293): [SPM:perf] 698a51a  buildSpan: 5867µs
I/flutter ( 6293): [spm] Performance monitoring completed for 698a51a
[spm]: ProfilerData event received.
I/flutter ( 6293): [SPM:perf] 698a51a  buildSpan: 5670µs
I/flutter ( 6293): [spm] Performance monitoring completed for 698a51a
[spm]: ProfilerData event received.
I/flutter ( 6293): [SPM:perf] 698a51a  buildSpan: 5449µs
I/flutter ( 6293): [spm] Performance monitoring completed for 698a51a
[spm]: ProfilerData event received.
I/flutter ( 6293): [SPM:perf] 698a51a  buildSpan: 4481µs
I/flutter ( 6293): [spm] Performance monitoring completed for 698a51a
I/flutter ( 6293): [SPM:perf] 698a51a  buildSpan: 5601µs
[spm]: ProfilerData event received.
I/flutter ( 6293): [spm] Performance monitoring completed for 698a51a
[spm]: ProfilerData event received.
I/flutter ( 6293): [SPM:perf] 698a51a  buildSpan: 5871µs
I/flutter ( 6293): [spm] Performance monitoring completed for 698a51a
[spm]: ProfilerData event received.
I/flutter ( 6293): [SPM:perf] 698a51a  buildSpan: 5665µs
I/flutter ( 6293): [spm] Performance monitoring completed for 698a51a
[spm]: ProfilerData event received.
I/flutter ( 6293): [SPM:perf] 698a51a  buildSpan: 5086µs
I/flutter ( 6293): [spm] Performance monitoring completed for 698a51a
I/flutter ( 6293): [SPM:perf] 698a51a  buildSpan: 5942µs
I/flutter ( 6293): [spm] Performance monitoring completed for 698a51a
[spm]: ProfilerData event received.
[spm]: ProfilerData event received.
I/flutter ( 6293): [SPM:perf] 698a51a  buildSpan: 5477µs
I/flutter ( 6293): [spm] Performance monitoring completed for 698a51a
I/flutter ( 6293): [SPM:perf] 698a51a  buildSpan: 6027µs
I/flutter ( 6293): [spm] Performance monitoring completed for 698a51a
[spm]: ProfilerData event received.
[spm]: ProfilerData event received.
I/flutter ( 6293): [SPM:perf] 698a51a  buildSpan: 5708µs
I/flutter ( 6293): [spm] Performance monitoring completed for 698a51a
[spm]: ProfilerData event received.
I/flutter ( 6293): [SPM:perf] 698a51a  buildSpan: 5632µs
I/flutter ( 6293): [spm] Performance monitoring completed for 698a51a
[spm]: ProfilerData event received.
I/flutter ( 6293): [SPM:perf] 698a51a  buildSpan: 4109µs
I/flutter ( 6293): [spm] Performance monitoring completed for 698a51a
[spm]: ProfilerData event received.
I/flutter ( 6293): [SPM:perf] 698a51a  buildSpan: 4778µs
I/flutter ( 6293): [spm] Performance monitoring completed for 698a51a
[spm]: ProfilerData event received.
I/flutter ( 6293): [SPM:perf] 698a51a  buildSpan: 5747µs
I/flutter ( 6293): [spm] Performance monitoring completed for 698a51a
[spm]: ProfilerData event received.
I/flutter ( 6293): [SPM:perf] 698a51a  buildSpan: 5957µs
I/flutter ( 6293): [spm] Performance monitoring completed for 698a51a
I/flutter ( 6293): [SPM:perf] 698a51a  buildSpan: 5505µs
I/flutter ( 6293): [spm] Performance monitoring completed for 698a51a
[spm]: ProfilerData event received.
[spm]: ProfilerData event received.
I/flutter ( 6293): [SPM:perf] 698a51a  buildSpan: 3885µs
I/flutter ( 6293): [spm] Performance monitoring completed for 698a51a
[spm]: ProfilerData event received.
I/flutter ( 6293): [SPM:perf] 698a51a  buildSpan: 4124µs
I/flutter ( 6293): [spm] Performance monitoring completed for 698a51a
I/flutter ( 6293): 01:13 +1: (tearDownAll)
I/flutter ( 6293): 01:14 +2: All tests passed!
[SPM:shot] wrote <ROOT>/dataset-new_samples/2352/redmi9t/shots/2352__rev_008_0d57677a.png (99774 bytes)
All tests passed.
[spm]: Saved 30 profiler events to <ROOT>/dataset-new_samples/2352/redmi9t/raw/20260912-180255/rev_008_0d57677a/e9.jsonl
[spm]: Reverting injection...
69 issues found. (ran in 0.8s)
WARNING: Your Android app project: app located at: <ROOT>/android/app/build.gradle.kts
applies the Kotlin Gradle Plugin, which will cause build failures in future versions of Flutter. 
Please migrate your app to Built-in Kotlin using this guide: https://docs.flutter.dev/release/breaking-changes/migrate-to-built-in-kotlin/for-app-developers

VMServiceFlutterDriver: Connecting to Flutter application at http://127.0.0.1:42377/1WMZ8yh6X2U=/
[spm]: Detected VM service URI: ws://127.0.0.1:42377/1WMZ8yh6X2U=/ws
VMServiceFlutterDriver: Isolate found with number: 6026923427413987
VMServiceFlutterDriver: Isolate 6026923427413987 is runnable.
VMServiceFlutterDriver: Isolate is paused at start.
VMServiceFlutterDriver: Attempting to resume isolate
VMServiceFlutterDriver: Connected to Flutter application.
VMServiceFlutterDriver: request_data message is taking a long time to complete...