# sample_id=2953/rev_003_4720427e exec_index=11 ok=True perf_lines=30 vm_events=30 battery_pct=70 soc_temp_millic=38300 battery_temp_c=31.1 charging=False preflight_started=2026-09-14T15:03:41.292204+00:00 started=2026-09-14T15:03:44.054642+00:00 ts=2026-09-14T15:05:44.237344+00:00
[spm]: Running flutter analyze...
Resolving dependencies...
Downloading packages...
  _fe_analyzer_shared 100.0.0 (108.0.0 available)
  analyzer 13.0.0 (14.4.0 available)
  async 2.13.0 (2.13.1 available)
  clock 1.1.2 (1.1.3 available)
  cupertino_icons 1.0.8 (1.0.9 available)
  glob 2.1.3 (2.2.0 available)
  lints 6.0.0 (6.1.0 available)
  matcher 0.12.19 (0.12.20 available)
  material_color_utilities 0.13.0 (0.13.1 available)
  meta 1.18.0 (1.19.0 available)
  package_config 2.2.0 (3.0.0 available)
  platform 3.1.6 (3.2.0 available)
  process 5.0.5 (5.0.6 available)
  pub_semver 2.2.0 (2.2.1 available)
  source_span 1.10.1 (1.10.2 available)
  stack_trace 1.12.1 (1.12.2 available)
  test_api 0.7.11 (0.7.14 available)
  vector_math 2.2.0 (2.4.2 available)
  vm_service 15.0.2 (15.3.0 available)
  webdriver 3.1.0 (3.2.0 available)
  yaml 3.1.3 (3.1.4 available)
Got dependencies!
21 packages have newer versions incompatible with dependency constraints.
Try `flutter pub outdated` for more information.
Analyzing lib...                                                

   info • The part-of directive uses a library name. Try converting the directive to use the URI of the library • lib/dependencies.dart:46:1 • use_string_in_part_of_directives
   info • Constructors in '@immutable' classes should be declared as 'const'. Try adding 'const' to the constructor declaration • lib/dependencies.dart:91:3 • prefer_const_constructors_in_immutables
   info • Constructors in '@immutable' classes should be declared as 'const'. Try adding 'const' to the constructor declaration • lib/dependencies.dart:112:3 • prefer_const_constructors_in_immutables
   info • Constructors in '@immutable' classes should be declared as 'const'. Try adding 'const' to the constructor declaration • lib/dependencies.dart:133:3 • prefer_const_constructors_in_immutables
   info • Constructors in '@immutable' classes should be declared as 'const'. Try adding 'const' to the constructor declaration • lib/dependencies.dart:152:3 • prefer_const_constructors_in_immutables
   info • Constructors in '@immutable' classes should be declared as 'const'. Try adding 'const' to the constructor declaration • lib/dependencies.dart:171:3 • prefer_const_constructors_in_immutables
   info • The variable name 'EEEE' isn't a lowerCamelCase identifier. Try changing the name to follow the lowerCamelCase style • lib/dependencies.dart:240:14 • non_constant_identifier_names
   info • The variable name 'EEEEE' isn't a lowerCamelCase identifier. Try changing the name to follow the lowerCamelCase style • lib/dependencies.dart:241:14 • non_constant_identifier_names
   info • The variable name 'LLL' isn't a lowerCamelCase identifier. Try changing the name to follow the lowerCamelCase style • lib/dependencies.dart:242:14 • non_constant_identifier_names
   info • The variable name 'LLLL' isn't a lowerCamelCase identifier. Try changing the name to follow the lowerCamelCase style • lib/dependencies.dart:243:14 • non_constant_identifier_names
   info • The variable name 'Md' isn't a lowerCamelCase identifier. Try changing the name to follow the lowerCamelCase style • lib/dependencies.dart:245:14 • non_constant_identifier_names
   info • The variable name 'MEd' isn't a lowerCamelCase identifier. Try changing the name to follow the lowerCamelCase style • lib/dependencies.dart:246:14 • non_constant_identifier_names
   info • The variable name 'MMM' isn't a lowerCamelCase identifier. Try changing the name to follow the lowerCamelCase style • lib/dependencies.dart:247:14 • non_constant_identifier_names
   info • The variable name 'MMMd' isn't a lowerCamelCase identifier. Try changing the name to follow the lowerCamelCase style • lib/dependencies.dart:248:14 • non_constant_identifier_names
   info • The variable name 'MMMEd' isn't a lowerCamelCase identifier. Try changing the name to follow the lowerCamelCase style • lib/dependencies.dart:249:14 • non_constant_identifier_names
   info • The variable name 'MMMM' isn't a lowerCamelCase identifier. Try changing the name to follow the lowerCamelCase style • lib/dependencies.dart:250:14 • non_constant_identifier_names
   info • The variable name 'MMMMd' isn't a lowerCamelCase identifier. Try changing the name to follow the lowerCamelCase style • lib/dependencies.dart:251:14 • non_constant_identifier_names
   info • The variable name 'MMMMEEEEd' isn't a lowerCamelCase identifier. Try changing the name to follow the lowerCamelCase style • lib/dependencies.dart:252:14 • non_constant_identifier_names
   info • The variable name 'QQQ' isn't a lowerCamelCase identifier. Try changing the name to follow the lowerCamelCase style • lib/dependencies.dart:253:14 • non_constant_identifier_names
   info • The variable name 'QQQQ' isn't a lowerCamelCase identifier. Try changing the name to follow the lowerCamelCase style • lib/dependencies.dart:254:14 • non_constant_identifier_names
   info • The variable name 'Hm' isn't a lowerCamelCase identifier. Try changing the name to follow the lowerCamelCase style • lib/dependencies.dart:268:14 • non_constant_identifier_names
   info • The variable name 'Hms' isn't a lowerCamelCase identifier. Try changing the name to follow the lowerCamelCase style • lib/dependencies.dart:269:14 • non_constant_identifier_names
   info • Library names are not necessary. Remove the library name • lib/generated_widget.dart:2:9 • unnecessary_library_name
   info • Constructors in '@immutable' classes should be declared as 'const'. Try adding 'const' to the constructor declaration • lib/generated_widget.dart:11:3 • prefer_const_constructors_in_immutables
   info • The private field _selectedIndex could be 'final'. Try making the field 'final' • lib/generated_widget.dart:118:7 • prefer_final_fields

[spm]: Injecting profiler code...
[spm]: Starting app...
Running Gradle task 'assembleProfile'...                        
Running Gradle task 'assembleProfile'...                           20.1s
✓ Built build/app/outputs/flutter-apk/app-profile.apk (26.8MB)
Installing build/app/outputs/flutter-apk/app-profile.apk...      1,076ms
D/DecorView[](17109): getWindowModeFromSystem  windowmode is 1
D/DecorView[](17109): getWindowModeFromSystem  windowmode is 1
D/DecorView[](17109): updateDecorCaptionStatus displayWindowDecor is false
W/Looper  (17109): PerfMonitor looperActivity : package=com.example.benchmark_container/.MainActivity time=527ms latency=488ms running=0ms  procState=-1  historyMsgCount=3 (msgIndex=3 wall=474ms seq=3 h=android.app.ActivityThread$H w=110)
W/Looper  (17109): PerfMonitor looperActivity : package=com.example.benchmark_container/.MainActivity time=0ms latency=1017ms running=0ms  procState=-1  historyMsgCount=4 (msgIndex=3 wall=474ms seq=3 h=android.app.ActivityThread$H w=110) (msgIndex=4 wall=527ms seq=4 late=488ms h=android.app.ActivityThread$H w=159)
I/Choreographer(17109): Skipped 33 frames!  The application may be doing too much work on its main thread.
D/SurfaceView(17109): UPDATE null, mIsCastMode = false
D/hw-ProcessState(17109): Binder ioctl to enable oneway spam detection failed: Invalid argument
W/Looper  (17109): PerfMonitor longMsg : seq=8 plan=18:04:20.278 late=564ms wall=1967ms running=0ms h=android.view.Choreographer$FrameHandler c=android.view.Choreographer$FrameDisplayEventReceiver procState=-1
W/Looper  (17109): PerfMonitor doFrame : time=1967ms vsyncFrame=0 latency=564ms procState=-1 historyMsgCount=6 (msgIndex=2 wall=1967ms seq=8 late=564ms h=android.view.Choreographer$FrameHandler c=android.view.Choreographer$FrameDisplayEventReceiver) (msgIndex=3 wall=527ms seq=4 h=android.app.ActivityThread$H w=159)
I/Choreographer(17109): Skipped 111 frames!  The application may be doing too much work on its main thread.
D/SurfaceView(17109): UPDATE Surface(name=SurfaceView[com.example.benchmark_container/com.example.benchmark_container.MainActivity])/@0x739554a, mIsProjectionMode = false
W/Looper  (17109): PerfMonitor doFrame : time=2ms vsyncFrame=0 latency=1858ms procState=-1 historyMsgCount=5
[spm]: Connected to Dart VM service.
I/flutter (17109): 00:00 +0: Performance Benchmark
E/hmark_containe(17109): open libmigui.so failed! dlopen - dlopen failed: library "libmigui.so" not found
D/hmark_containe(17109): MiuiProcessManagerServiceStub setSchedFifo
I/MiuiProcessManagerImpl(17109): setSchedFifo pid:17109, mode:3
D/DecorView[](17109): onWindowFocusChanged hasWindowFocus true
D/DecorView[](17109): getWindowModeFromSystem  windowmode is 1
D/DecorView[](17109): updateDecorCaptionStatus displayWindowDecor is false
D/ProfileInstaller(17109): Installing profile for com.example.benchmark_container
[spm]: ProfilerData event received.
I/flutter (17109): [SPM:perf] 698a51a  buildSpan: 5354µs
I/flutter (17109): [spm] Performance monitoring completed for 698a51a
[spm]: ProfilerData event received.
I/flutter (17109): [SPM:perf] 698a51a  buildSpan: 4735µs
I/flutter (17109): [spm] Performance monitoring completed for 698a51a
I/flutter (17109): [SPM:perf] 698a51a  buildSpan: 5231µs
[spm]: ProfilerData event received.
I/flutter (17109): [spm] Performance monitoring completed for 698a51a
[spm]: ProfilerData event received.
I/flutter (17109): [SPM:perf] 698a51a  buildSpan: 5492µs
I/flutter (17109): [spm] Performance monitoring completed for 698a51a
I/flutter (17109): [SPM:perf] 698a51a  buildSpan: 4186µs
I/flutter (17109): [spm] Performance monitoring completed for 698a51a
[spm]: ProfilerData event received.
[spm]: ProfilerData event received.
I/flutter (17109): [SPM:perf] 698a51a  buildSpan: 4258µs
I/flutter (17109): [spm] Performance monitoring completed for 698a51a
I/flutter (17109): [SPM:perf] 698a51a  buildSpan: 3613µs
I/flutter (17109): [spm] Performance monitoring completed for 698a51a
[spm]: ProfilerData event received.
[spm]: ProfilerData event received.
I/flutter (17109): [SPM:perf] 698a51a  buildSpan: 3722µs
I/flutter (17109): [spm] Performance monitoring completed for 698a51a
[spm]: ProfilerData event received.
I/flutter (17109): [SPM:perf] 698a51a  buildSpan: 4832µs
I/flutter (17109): [spm] Performance monitoring completed for 698a51a
[spm]: ProfilerData event received.
I/flutter (17109): [SPM:perf] 698a51a  buildSpan: 3905µs
I/flutter (17109): [spm] Performance monitoring completed for 698a51a
[spm]: ProfilerData event received.
I/flutter (17109): [SPM:perf] 698a51a  buildSpan: 4997µs
I/flutter (17109): [spm] Performance monitoring completed for 698a51a
[spm]: ProfilerData event received.
I/flutter (17109): [SPM:perf] 698a51a  buildSpan: 5282µs
I/flutter (17109): [spm] Performance monitoring completed for 698a51a
[spm]: ProfilerData event received.
I/flutter (17109): [SPM:perf] 698a51a  buildSpan: 4363µs
I/flutter (17109): [spm] Performance monitoring completed for 698a51a
[spm]: ProfilerData event received.
I/flutter (17109): [SPM:perf] 698a51a  buildSpan: 4882µs
I/flutter (17109): [spm] Performance monitoring completed for 698a51a
[spm]: ProfilerData event received.
I/flutter (17109): [SPM:perf] 698a51a  buildSpan: 3993µs
I/flutter (17109): [spm] Performance monitoring completed for 698a51a
I/flutter (17109): [SPM:perf] 698a51a  buildSpan: 5273µs
I/flutter (17109): [spm] Performance monitoring completed for 698a51a
[spm]: ProfilerData event received.
I/flutter (17109): [SPM:perf] 698a51a  buildSpan: 4917µs
I/flutter (17109): [spm] Performance monitoring completed for 698a51a
[spm]: ProfilerData event received.
[spm]: ProfilerData event received.
I/flutter (17109): [SPM:perf] 698a51a  buildSpan: 3995µs
I/flutter (17109): [spm] Performance monitoring completed for 698a51a
[spm]: ProfilerData event received.
I/flutter (17109): [SPM:perf] 698a51a  buildSpan: 5124µs
I/flutter (17109): [spm] Performance monitoring completed for 698a51a
I/flutter (17109): [SPM:perf] 698a51a  buildSpan: 5041µs
[spm]: ProfilerData event received.
I/flutter (17109): [spm] Performance monitoring completed for 698a51a
[spm]: ProfilerData event received.
I/flutter (17109): [SPM:perf] 698a51a  buildSpan: 3926µs
I/flutter (17109): [spm] Performance monitoring completed for 698a51a
I/flutter (17109): [SPM:perf] 698a51a  buildSpan: 5035µs
[spm]: ProfilerData event received.
I/flutter (17109): [spm] Performance monitoring completed for 698a51a
[spm]: ProfilerData event received.
I/flutter (17109): [SPM:perf] 698a51a  buildSpan: 5117µs
I/flutter (17109): [spm] Performance monitoring completed for 698a51a
I/flutter (17109): [SPM:perf] 698a51a  buildSpan: 4114µs
I/flutter (17109): [spm] Performance monitoring completed for 698a51a
[spm]: ProfilerData event received.
[spm]: ProfilerData event received.
I/flutter (17109): [SPM:perf] 698a51a  buildSpan: 5047µs
I/flutter (17109): [spm] Performance monitoring completed for 698a51a
[spm]: ProfilerData event received.
I/flutter (17109): [SPM:perf] 698a51a  buildSpan: 4447µs
I/flutter (17109): [spm] Performance monitoring completed for 698a51a
I/flutter (17109): [SPM:perf] 698a51a  buildSpan: 5231µs
I/flutter (17109): [spm] Performance monitoring completed for 698a51a
[spm]: ProfilerData event received.
[spm]: ProfilerData event received.
I/flutter (17109): [SPM:perf] 698a51a  buildSpan: 4895µs
I/flutter (17109): [spm] Performance monitoring completed for 698a51a
I/flutter (17109): [SPM:perf] 698a51a  buildSpan: 5382µs
I/flutter (17109): [spm] Performance monitoring completed for 698a51a
[spm]: ProfilerData event received.
[spm]: ProfilerData event received.
I/flutter (17109): [SPM:perf] 698a51a  buildSpan: 4111µs
I/flutter (17109): [spm] Performance monitoring completed for 698a51a
I/flutter (17109): 01:10 +1: (tearDownAll)
I/flutter (17109): 01:11 +2: All tests passed!
All tests passed.
[spm]: Saved 30 profiler events to <ROOT>/dataset-new_samples/2953/redmi9t/raw/20260913-234156/rev_003_4720427e/e11.jsonl
[spm]: Reverting injection...
25 issues found. (ran in 0.6s)
WARNING: Your Android app project: app located at: <ROOT>/android/app/build.gradle.kts
applies the Kotlin Gradle Plugin, which will cause build failures in future versions of Flutter. 
Please migrate your app to Built-in Kotlin using this guide: https://docs.flutter.dev/release/breaking-changes/migrate-to-built-in-kotlin/for-app-developers

VMServiceFlutterDriver: Connecting to Flutter application at http://127.0.0.1:42747/S_DEQSWoBVk=/
[spm]: Detected VM service URI: ws://127.0.0.1:42747/S_DEQSWoBVk=/ws
VMServiceFlutterDriver: Isolate found with number: 1811350146763775
VMServiceFlutterDriver: Isolate 1811350146763775 is runnable.
VMServiceFlutterDriver: Isolate is paused at start.
VMServiceFlutterDriver: Attempting to resume isolate
VMServiceFlutterDriver: Connected to Flutter application.
VMServiceFlutterDriver: request_data message is taking a long time to complete...