# sample_id=0314/rev_002_df5ca135 exec_index=10 ok=True perf_lines=30 vm_events=30 battery_pct=73 soc_temp_millic=37400 battery_temp_c=30.6 charging=False preflight_started=2026-09-10T08:59:23.520322+00:00 started=2026-09-10T08:59:26.268702+00:00 ts=2026-09-10T09:01:33.917415+00:00
[spm]: Running flutter analyze...
Analyzing lib...                                                

   info • The part-of directive uses a library name. Try converting the directive to use the URI of the library • lib/dependencies.dart:43:1 • use_string_in_part_of_directives
   info • The variable name 'checkmark_outline' isn't a lowerCamelCase identifier. Try changing the name to follow the lowerCamelCase style • lib/dependencies.dart:72:22 • non_constant_identifier_names
   info • The variable name 'radio_button' isn't a lowerCamelCase identifier. Try changing the name to follow the lowerCamelCase style • lib/dependencies.dart:73:22 • non_constant_identifier_names
   info • The variable name 'pin_filled' isn't a lowerCamelCase identifier. Try changing the name to follow the lowerCamelCase style • lib/dependencies.dart:74:22 • non_constant_identifier_names
   info • The type parameter name 'State' matches a visible type name. Try changing the type parameter name to not match an existing type • lib/dependencies.dart:128:19 • avoid_types_as_parameter_names
   info • Library names are not necessary. Remove the library name • lib/generated_widget.dart:2:9 • unnecessary_library_name
   info • Constructors in '@immutable' classes should be declared as 'const'. Try adding 'const' to the constructor declaration • lib/generated_widget.dart:11:3 • prefer_const_constructors_in_immutables
   info • 'withOpacity' is deprecated and shouldn't be used. Use .withValues() to avoid precision loss. Try replacing the use of the deprecated member with the replacement • lib/generated_widget.dart:66:53 • deprecated_member_use
   info • 'withOpacity' is deprecated and shouldn't be used. Use .withValues() to avoid precision loss. Try replacing the use of the deprecated member with the replacement • lib/generated_widget.dart:109:51 • deprecated_member_use

[spm]: Injecting profiler code...
[spm]: Starting app...
Running Gradle task 'assembleProfile'...                        
Running Gradle task 'assembleProfile'...                           23.0s
✓ Built build/app/outputs/flutter-apk/app-profile.apk (34.3MB)
Installing build/app/outputs/flutter-apk/app-profile.apk...      1,503ms
D/MiuiMultiWindowUtils(29523): freeform resolution args raw data:{  "zizhan":{    "freeform_args": {      "inner":{        "vertical_portrait":{"aspect_ratio":0.626, "original_ratio":0.5643,"original_scale":0.74,"top_margin":0.168,"left_margin":0.484},        "horizontal_portrait":{"aspect_ratio":0.626, "original_ratio":0.5643,"original_scale":0.74,"top_margin":0.1222,"left_margin":0.59745},        "vertical_landscape":{"aspect_ratio":1.6, "original_ratio":1,"original_scale":0.604,"top_margin":0.2596,"left_margin":0.2624},        "horizontal_landscape":{"aspect_ratio":1.6, "original_ratio":1,"original_scale":0.604,"top_margin":0.213,"left_margin":0.3758}      },      "outer":{        "vertical_portrait":{"aspect_ratio":0.626, "original_ratio":1,"original_scale":0.74,"top_margin":0.0753,"left_margin":-1},        "horizontal_portrait":{"aspect_ratio":0.626, "original_ratio":1,"original_scale":0.5756,"top_margin":-1,"left_margin":0.0753},        "vertical_landscape":{"aspect_ratio":1.6, "original_ratio":0.6847,"original_scale":0.587,"top_margin":0.0753,"left_margin":-1},        "horizontal_landscape":{"aspect_ratio":1.6, "original_ratio":0.6847,"original_scale":0.587,"top_margin":-1,"left_margin":0.0753}}    },    "mini_freeform_args":{      "inner":{        "vertical_portrait":{"aspect_ratio":0.626, "original_ratio":0.147},        "horizontal_portrait":{"aspect_ratio":0.626, "original_ratio":0.147},        "vertical_landscape":{"aspect_ratio":1.6, "original_ratio":0.165},        "horizontal_landscape":{"aspect_ratio":1.6, "original_ratio":0.165}      },      "outer":{        "vertical_portrait":{"aspect_ratio":0.626, "original_ratio":0.26},        "horizontal_portrait":{"aspect_ratio":0.626, "original_ratio":0.26},        "vertical_landscape":{"aspect_ratio":1.6, "original_ratio":0.293},        "horizontal_landscape":{"aspect_ratio":1.6, "original_ratio":0.293}}    }  },  "wide_default":{    "freeform_args": {        "vertical_portrait":{"aspect_ratio":0.625, "original_ratio":0.5806,"original_scale":0.7574,"top_margin":0.125,"left_margin":0.392},        "horizontal_portrait":{"aspect_ratio":0.625, "original_ratio":0.5806,"original_scale":0.7574,"top_margin":-1,"left_margin":0.6415},        "vertical_landscape":{"aspect_ratio":1.6, "original_ratio":1,"original_scale":0.5153,"top_margin":0.125,"left_margin":0.206},        "horizontal_landscape":{"aspect_ratio":1.6, "original_ratio":1,"original_scale":0.5153,"top_margin":-1,"left_margin":0.456}    },    "mini_freeform_args":{        "vertical_portrait":{"aspect_ratio":0.5625, "original_ratio":0.144},        "horizontal_portrait":{"aspect_ratio":0.5625, "original_ratio":0.144},        "vertical_landscape":{"aspect_ratio":-1, "original_ratio":0.144},        "horizontal_landscape":{"aspect_ratio":-1, "original_ratio":0.144}    }  },  "narrow_default": {    "freeform_args": {        "vertical_portrait":{"aspect_ratio":0.5625, "original_ratio":1,"original_scale":0.7182,"top_margin":0.142,"left_margin":-1},        "horizontal_portrait":{"aspect_ratio":0.8, "original_ratio":1,"original_scale":0.7182,"top_margin":-1,"left_margin":0.05},        "vertical_landscape":{"aspect_ratio":1.6, "original_ratio":0.6545,"original_scale":0.4473,"top_margin":0.142,"left_margin":-1},        "horizontal_landscape":{"aspect_ratio":1.6, "original_ratio":0.6545,"original_scale":0.4473,"top_margin":-1,"left_margin":0.05}    },    "mini_freeform_args":{        "vertical_portrait":{"aspect_ratio":0.5625, "original_ratio":0.3},        "horizontal_portrait":{"aspect_ratio":0.5625, "original_ratio":0.3},        "vertical_landscape":{"aspect_ratio":1.7778, "original_ratio":0.3},        "horizontal_landscape":{"aspect_ratio":1.7778, "original_ratio":0.3}    }  },  "regular_default": {    "freeform_args": {      "vertical_portrait":{"aspect_ratio":0.625, "original_ratio":1,"original_scale":0.7,"top_margin":0.109,"left_margin":-1},      "horizontal_portrait":{"aspect_ratio":0.6667, "original_ratio":1,"original_scale":0.6102,"top_margin":-1,"left_margin":0.026},      "vertical_landscape":{"asp
E/MiuiMultiWindowUtils(29523): initFreeFormResolutionArgs failed, device is lime
D/IS_CTS_MODE(29523): true
D/MULTI_WINDOW_SWITCH_ENABLED(29523): false
D/IS_CTS_MODE(29523): true
D/MULTI_WINDOW_SWITCH_ENABLED(29523): false
D/IS_CTS_MODE(29523): true
D/MULTI_WINDOW_SWITCH_ENABLED(29523): false
D/DecorView[](29523): getWindowModeFromSystem  windowmode is 1
I/ForceDarkHelperStubImpl(29523): setViewRootImplForceDark: false for com.example.benchmark_container.MainActivity@e6f428d, reason: AppDarkModeEnable
I/ForceDarkHelperStubImpl(29523): setViewRootImplForceDark: false for com.example.benchmark_container.MainActivity@e6f428d, reason: AppDarkModeEnable
D/DecorView[](29523): getWindowModeFromSystem  windowmode is 1
D/DecorView[](29523): updateDecorCaptionStatus displayWindowDecor is false
W/Looper  (29523): PerfMonitor looperActivity : package=com.example.benchmark_container/.MainActivity time=358ms latency=315ms running=0ms  procState=-1  historyMsgCount=2 (msgIndex=1 wall=358ms seq=4 late=315ms h=android.app.ActivityThread$H w=159) (msgIndex=2 wall=385ms seq=3 h=android.app.ActivityThread$H w=110)
W/Looper  (29523): PerfMonitor looperActivity : package=com.example.benchmark_container/.MainActivity time=1ms latency=664ms running=0ms  procState=-1  historyMsgCount=4 (msgIndex=2 wall=358ms seq=4 h=android.app.ActivityThread$H w=159) (msgIndex=3 wall=385ms seq=3 h=android.app.ActivityThread$H w=110) (msgIndex=4 wall=358ms seq=4 h=android.app.ActivityThread$H w=159)
D/SurfaceView(29523): UPDATE null, mIsCastMode = false
D/hw-ProcessState(29523): Binder ioctl to enable oneway spam detection failed: Invalid argument
W/Looper  (29523): PerfMonitor longMsg : seq=8 plan=12:00:07.045 late=363ms wall=1656ms running=0ms h=android.view.Choreographer$FrameHandler c=android.view.Choreographer$FrameDisplayEventReceiver procState=-1
W/Looper  (29523): PerfMonitor doFrame : time=1656ms vsyncFrame=0 latency=363ms procState=-1 historyMsgCount=4 (msgIndex=1 wall=1656ms seq=8 late=363ms h=android.view.Choreographer$FrameHandler c=android.view.Choreographer$FrameDisplayEventReceiver)
I/Choreographer(29523): Skipped 94 frames!  The application may be doing too much work on its main thread.
D/SurfaceView(29523): UPDATE Surface(name=SurfaceView[com.example.benchmark_container/com.example.benchmark_container.MainActivity])/@0xca20cbb, mIsProjectionMode = false
W/Looper  (29523): PerfMonitor doFrame : time=3ms vsyncFrame=0 latency=1575ms procState=-1 historyMsgCount=4
[spm]: Connected to Dart VM service.
I/flutter (29523): 00:00 +0: Performance Benchmark
E/hmark_containe(29523): open libmigui.so failed! dlopen - dlopen failed: library "libmigui.so" not found
D/hmark_containe(29523): MiuiProcessManagerServiceStub setSchedFifo
I/MiuiProcessManagerImpl(29523): setSchedFifo pid:29523, mode:3
D/DecorView[](29523): onWindowFocusChanged hasWindowFocus true
D/DecorView[](29523): getWindowModeFromSystem  windowmode is 1
D/DecorView[](29523): updateDecorCaptionStatus displayWindowDecor is false
D/ProfileInstaller(29523): Installing profile for com.example.benchmark_container
[spm]: ProfilerData event received.
I/flutter (29523): [SPM:perf] 698a51a  buildSpan: 983µs
I/flutter (29523): [spm] Performance monitoring completed for 698a51a
[spm]: ProfilerData event received.
I/flutter (29523): [SPM:perf] 698a51a  buildSpan: 752µs
I/flutter (29523): [spm] Performance monitoring completed for 698a51a
[spm]: ProfilerData event received.
I/flutter (29523): [SPM:perf] 698a51a  buildSpan: 1237µs
I/flutter (29523): [spm] Performance monitoring completed for 698a51a
[spm]: ProfilerData event received.
I/flutter (29523): [SPM:perf] 698a51a  buildSpan: 814µs
I/flutter (29523): [spm] Performance monitoring completed for 698a51a
[spm]: ProfilerData event received.
I/flutter (29523): [SPM:perf] 698a51a  buildSpan: 1117µs
I/flutter (29523): [spm] Performance monitoring completed for 698a51a
[spm]: ProfilerData event received.
I/flutter (29523): [SPM:perf] 698a51a  buildSpan: 790µs
I/flutter (29523): [spm] Performance monitoring completed for 698a51a
[spm]: ProfilerData event received.
I/flutter (29523): [SPM:perf] 698a51a  buildSpan: 970µs
I/flutter (29523): [spm] Performance monitoring completed for 698a51a
[spm]: ProfilerData event received.
I/flutter (29523): [SPM:perf] 698a51a  buildSpan: 975µs
I/flutter (29523): [spm] Performance monitoring completed for 698a51a
[spm]: ProfilerData event received.
I/flutter (29523): [SPM:perf] 698a51a  buildSpan: 1411µs
I/flutter (29523): [spm] Performance monitoring completed for 698a51a
[spm]: ProfilerData event received.
I/flutter (29523): [SPM:perf] 698a51a  buildSpan: 1099µs
I/flutter (29523): [spm] Performance monitoring completed for 698a51a
[spm]: ProfilerData event received.
I/flutter (29523): [SPM:perf] 698a51a  buildSpan: 1370µs
I/flutter (29523): [spm] Performance monitoring completed for 698a51a
[spm]: ProfilerData event received.
I/flutter (29523): [SPM:perf] 698a51a  buildSpan: 1506µs
I/flutter (29523): [spm] Performance monitoring completed for 698a51a
[spm]: ProfilerData event received.
I/flutter (29523): [SPM:perf] 698a51a  buildSpan: 1036µs
I/flutter (29523): [spm] Performance monitoring completed for 698a51a
I/flutter (29523): [SPM:perf] 698a51a  buildSpan: 1364µs
I/flutter (29523): [spm] Performance monitoring completed for 698a51a
[spm]: ProfilerData event received.
[spm]: ProfilerData event received.
I/flutter (29523): [SPM:perf] 698a51a  buildSpan: 1408µs
I/flutter (29523): [spm] Performance monitoring completed for 698a51a
I/flutter (29523): [SPM:perf] 698a51a  buildSpan: 1098µs
I/flutter (29523): [spm] Performance monitoring completed for 698a51a
[spm]: ProfilerData event received.
[spm]: ProfilerData event received.
I/flutter (29523): [SPM:perf] 698a51a  buildSpan: 804µs
I/flutter (29523): [spm] Performance monitoring completed for 698a51a
[spm]: ProfilerData event received.
I/flutter (29523): [SPM:perf] 698a51a  buildSpan: 907µs
I/flutter (29523): [spm] Performance monitoring completed for 698a51a
I/flutter (29523): [SPM:perf] 698a51a  buildSpan: 1343µs
I/flutter (29523): [spm] Performance monitoring completed for 698a51a
[spm]: ProfilerData event received.
[spm]: ProfilerData event received.
I/flutter (29523): [SPM:perf] 698a51a  buildSpan: 1393µs
I/flutter (29523): [spm] Performance monitoring completed for 698a51a
I/flutter (29523): [SPM:perf] 698a51a  buildSpan: 937µs
[spm]: ProfilerData event received.
I/flutter (29523): [spm] Performance monitoring completed for 698a51a
[spm]: ProfilerData event received.
I/flutter (29523): [SPM:perf] 698a51a  buildSpan: 1370µs
I/flutter (29523): [spm] Performance monitoring completed for 698a51a
I/flutter (29523): [SPM:perf] 698a51a  buildSpan: 823µs
I/flutter (29523): [spm] Performance monitoring completed for 698a51a
[spm]: ProfilerData event received.
I/flutter (29523): [SPM:perf] 698a51a  buildSpan: 1548µs
[spm]: ProfilerData event received.
I/flutter (29523): [spm] Performance monitoring completed for 698a51a
[spm]: ProfilerData event received.
I/flutter (29523): [SPM:perf] 698a51a  buildSpan: 1386µs
I/flutter (29523): [spm] Performance monitoring completed for 698a51a
[spm]: ProfilerData event received.
I/flutter (29523): [SPM:perf] 698a51a  buildSpan: 1585µs
I/flutter (29523): [spm] Performance monitoring completed for 698a51a
I/flutter (29523): [SPM:perf] 698a51a  buildSpan: 1649µs
I/flutter (29523): [spm] Performance monitoring completed for 698a51a
[spm]: ProfilerData event received.
[spm]: ProfilerData event received.
I/flutter (29523): [SPM:perf] 698a51a  buildSpan: 1104µs
I/flutter (29523): [spm] Performance monitoring completed for 698a51a
[spm]: ProfilerData event received.
I/flutter (29523): [SPM:perf] 698a51a  buildSpan: 990µs
I/flutter (29523): [spm] Performance monitoring completed for 698a51a
[spm]: ProfilerData event received.
I/flutter (29523): [SPM:perf] 698a51a  buildSpan: 1360µs
I/flutter (29523): [spm] Performance monitoring completed for 698a51a
I/flutter (29523): 01:12 +1: (tearDownAll)
I/flutter (29523): 01:13 +2: All tests passed!
I/Choreographer(29523): Skipped 59 frames!  The application may be doing too much work on its main thread.
W/Looper  (29523): PerfMonitor doFrame : time=2ms vsyncFrame=0 latency=990ms procState=-1 historyMsgCount=6
I/OpenGLRenderer(29523): Davey! duration=1002ms; Flags=0, FrameTimelineVsyncId=5837014, IntendedVsync=151112429601627, Vsync=151113412934921, InputEventId=0, HandleInputStart=151113419751676, AnimationStart=151113419757197, PerformTraversalsStart=151113419761260, DrawStart=151113420490583, FrameDeadline=151112446268293, FrameInterval=151113419509801, FrameStartTime=16666666, SyncQueued=151113420863239, SyncStart=151113420961624, IssueDrawCommandsStart=151113421051572, SwapBuffers=151113423243083, FrameCompleted=151113432207562, DequeueBufferDuration=56771, QueueBufferDuration=1224896, GpuCompleted=151113432207562, SwapBuffersCompleted=151113425336833, DisplayPresentTime=0, 
[SPM:shot] wrote <ROOT>/dataset-new_samples/0314/redmi9t/shots/0314__rev_002_df5ca135.png (43426 bytes)
All tests passed.
[spm]: Saved 30 profiler events to <ROOT>/dataset-new_samples/0314/redmi9t/raw/20260910-115257/rev_002_df5ca135/e10.jsonl
[spm]: Reverting injection...
9 issues found. (ran in 0.8s)
WARNING: Your Android app project: app located at: <ROOT>/android/app/build.gradle.kts
applies the Kotlin Gradle Plugin, which will cause build failures in future versions of Flutter. 
Please migrate your app to Built-in Kotlin using this guide: https://docs.flutter.dev/release/breaking-changes/migrate-to-built-in-kotlin/for-app-developers

VMServiceFlutterDriver: Connecting to Flutter application at http://127.0.0.1:36537/n_6CFG4HRMo=/
[spm]: Detected VM service URI: ws://127.0.0.1:36537/n_6CFG4HRMo=/ws
VMServiceFlutterDriver: Isolate found with number: 6725972740297507
VMServiceFlutterDriver: Isolate 6725972740297507 is runnable.
VMServiceFlutterDriver: Isolate is paused at start.
VMServiceFlutterDriver: Attempting to resume isolate
VMServiceFlutterDriver: Connected to Flutter application.
VMServiceFlutterDriver: request_data message is taking a long time to complete...