# sample_id=0314/rev_002_df5ca135 exec_index=7 ok=True perf_lines=30 vm_events=30 battery_pct=67 soc_temp_millic=43200 battery_temp_c=31.0 charging=False preflight_started=2026-09-10T10:18:33.558455+00:00 started=2026-09-10T10:18:36.128799+00:00 ts=2026-09-10T10:20:19.403579+00:00
[spm]: Running flutter analyze...
Analyzing lib...                                                

   info • The part-of directive uses a library name. Try converting the directive to use the URI of the library • lib/dependencies.dart:43:1 • use_string_in_part_of_directives
   info • The variable name 'checkmark_outline' isn't a lowerCamelCase identifier. Try changing the name to follow the lowerCamelCase style • lib/dependencies.dart:72:22 • non_constant_identifier_names
   info • The variable name 'radio_button' isn't a lowerCamelCase identifier. Try changing the name to follow the lowerCamelCase style • lib/dependencies.dart:73:22 • non_constant_identifier_names
   info • The variable name 'pin_filled' isn't a lowerCamelCase identifier. Try changing the name to follow the lowerCamelCase style • lib/dependencies.dart:74:22 • non_constant_identifier_names
   info • The type parameter name 'State' matches a visible type name. Try changing the type parameter name to not match an existing type • lib/dependencies.dart:128:19 • avoid_types_as_parameter_names
   info • Library names are not necessary. Remove the library name • lib/generated_widget.dart:2:9 • unnecessary_library_name
   info • Constructors in '@immutable' classes should be declared as 'const'. Try adding 'const' to the constructor declaration • lib/generated_widget.dart:11:3 • prefer_const_constructors_in_immutables
   info • 'withOpacity' is deprecated and shouldn't be used. Use .withValues() to avoid precision loss. Try replacing the use of the deprecated member with the replacement • lib/generated_widget.dart:66:53 • deprecated_member_use
   info • 'withOpacity' is deprecated and shouldn't be used. Use .withValues() to avoid precision loss. Try replacing the use of the deprecated member with the replacement • lib/generated_widget.dart:109:51 • deprecated_member_use

[spm]: Injecting profiler code...
[spm]: Starting app...
Running Gradle task 'assembleProfile'...                        
Running Gradle task 'assembleProfile'...                         1,867ms
✓ Built build/app/outputs/flutter-apk/app-profile.apk (34.3MB)
Installing build/app/outputs/flutter-apk/app-profile.apk...      1,552ms
D/DecorView[]( 6587): getWindowModeFromSystem  windowmode is 1
I/ForceDarkHelperStubImpl( 6587): setViewRootImplForceDark: false for com.example.benchmark_container.MainActivity@e6f428d, reason: AppDarkModeEnable
I/ForceDarkHelperStubImpl( 6587): setViewRootImplForceDark: false for com.example.benchmark_container.MainActivity@e6f428d, reason: AppDarkModeEnable
D/DecorView[]( 6587): getWindowModeFromSystem  windowmode is 1
D/DecorView[]( 6587): updateDecorCaptionStatus displayWindowDecor is false
W/Looper  ( 6587): PerfMonitor looperActivity : package=com.example.benchmark_container/.MainActivity time=350ms latency=397ms running=0ms  procState=-1  historyMsgCount=3 (msgIndex=1 wall=350ms seq=4 late=397ms h=android.app.ActivityThread$H w=159) (msgIndex=2 wall=350ms seq=4 late=397ms h=android.app.ActivityThread$H w=159) (msgIndex=3 wall=401ms seq=3 h=android.app.ActivityThread$H w=110)
W/Looper  ( 6587): PerfMonitor looperActivity : package=com.example.benchmark_container/.MainActivity time=1ms latency=748ms running=0ms  procState=-1  historyMsgCount=4 (msgIndex=1 wall=350ms seq=4 h=android.app.ActivityThread$H w=159) (msgIndex=2 wall=350ms seq=4 h=android.app.ActivityThread$H w=159) (msgIndex=3 wall=401ms seq=3 h=android.app.ActivityThread$H w=110) (msgIndex=4 wall=350ms seq=4 h=android.app.ActivityThread$H w=159)
D/SurfaceView( 6587): UPDATE null, mIsCastMode = false
D/hw-ProcessState( 6587): Binder ioctl to enable oneway spam detection failed: Invalid argument
W/Looper  ( 6587): PerfMonitor longMsg : seq=8 plan=13:18:55.597 late=347ms wall=1657ms running=0ms h=android.view.Choreographer$FrameHandler c=android.view.Choreographer$FrameDisplayEventReceiver procState=-1
W/Looper  ( 6587): PerfMonitor doFrame : time=1657ms vsyncFrame=0 latency=347ms procState=-1 historyMsgCount=4 (msgIndex=1 wall=1657ms seq=8 late=347ms h=android.view.Choreographer$FrameHandler c=android.view.Choreographer$FrameDisplayEventReceiver)
I/Choreographer( 6587): Skipped 94 frames!  The application may be doing too much work on its main thread.
D/SurfaceView( 6587): UPDATE Surface(name=SurfaceView[com.example.benchmark_container/com.example.benchmark_container.MainActivity])/@0xca20cbb, mIsProjectionMode = false
W/Looper  ( 6587): PerfMonitor doFrame : time=2ms vsyncFrame=0 latency=1577ms procState=-1 historyMsgCount=4
[spm]: Connected to Dart VM service.
I/flutter ( 6587): 00:00 +0: Performance Benchmark
E/hmark_containe( 6587): open libmigui.so failed! dlopen - dlopen failed: library "libmigui.so" not found
D/hmark_containe( 6587): MiuiProcessManagerServiceStub setSchedFifo
I/MiuiProcessManagerImpl( 6587): setSchedFifo pid:6587, mode:3
D/DecorView[]( 6587): onWindowFocusChanged hasWindowFocus true
D/DecorView[]( 6587): getWindowModeFromSystem  windowmode is 1
D/DecorView[]( 6587): updateDecorCaptionStatus displayWindowDecor is false
D/ProfileInstaller( 6587): Installing profile for com.example.benchmark_container
I/flutter ( 6587): [SPM:perf] 698a51a  buildSpan: 1448µs
I/flutter ( 6587): [spm] Performance monitoring completed for 698a51a
[spm]: ProfilerData event received.
[spm]: ProfilerData event received.
I/flutter ( 6587): [SPM:perf] 698a51a  buildSpan: 1497µs
I/flutter ( 6587): [spm] Performance monitoring completed for 698a51a
[spm]: ProfilerData event received.
I/flutter ( 6587): [SPM:perf] 698a51a  buildSpan: 1432µs
I/flutter ( 6587): [spm] Performance monitoring completed for 698a51a
[spm]: ProfilerData event received.
I/flutter ( 6587): [SPM:perf] 698a51a  buildSpan: 953µs
I/flutter ( 6587): [spm] Performance monitoring completed for 698a51a
[spm]: ProfilerData event received.
I/flutter ( 6587): [SPM:perf] 698a51a  buildSpan: 1355µs
I/flutter ( 6587): [spm] Performance monitoring completed for 698a51a
[spm]: ProfilerData event received.
I/flutter ( 6587): [SPM:perf] 698a51a  buildSpan: 1533µs
I/flutter ( 6587): [spm] Performance monitoring completed for 698a51a
[spm]: ProfilerData event received.
I/flutter ( 6587): [SPM:perf] 698a51a  buildSpan: 1334µs
I/flutter ( 6587): [spm] Performance monitoring completed for 698a51a
[spm]: ProfilerData event received.
I/flutter ( 6587): [SPM:perf] 698a51a  buildSpan: 1379µs
I/flutter ( 6587): [spm] Performance monitoring completed for 698a51a
I/flutter ( 6587): [SPM:perf] 698a51a  buildSpan: 957µs
I/flutter ( 6587): [spm] Performance monitoring completed for 698a51a
[spm]: ProfilerData event received.
[spm]: ProfilerData event received.
I/flutter ( 6587): [SPM:perf] 698a51a  buildSpan: 960µs
I/flutter ( 6587): [spm] Performance monitoring completed for 698a51a
[spm]: ProfilerData event received.
I/flutter ( 6587): [SPM:perf] 698a51a  buildSpan: 1102µs
I/flutter ( 6587): [spm] Performance monitoring completed for 698a51a
[spm]: ProfilerData event received.
I/flutter ( 6587): [SPM:perf] 698a51a  buildSpan: 1142µs
I/flutter ( 6587): [spm] Performance monitoring completed for 698a51a
[spm]: ProfilerData event received.
I/flutter ( 6587): [SPM:perf] 698a51a  buildSpan: 771µs
I/flutter ( 6587): [spm] Performance monitoring completed for 698a51a
[spm]: ProfilerData event received.
I/flutter ( 6587): [SPM:perf] 698a51a  buildSpan: 1365µs
I/flutter ( 6587): [spm] Performance monitoring completed for 698a51a
I/flutter ( 6587): [SPM:perf] 698a51a  buildSpan: 962µs
[spm]: ProfilerData event received.
I/flutter ( 6587): [spm] Performance monitoring completed for 698a51a
[spm]: ProfilerData event received.
I/flutter ( 6587): [SPM:perf] 698a51a  buildSpan: 1428µs
I/flutter ( 6587): [spm] Performance monitoring completed for 698a51a
[spm]: ProfilerData event received.
I/flutter ( 6587): [SPM:perf] 698a51a  buildSpan: 1407µs
I/flutter ( 6587): [spm] Performance monitoring completed for 698a51a
[spm]: ProfilerData event received.
I/flutter ( 6587): [SPM:perf] 698a51a  buildSpan: 1347µs
I/flutter ( 6587): [spm] Performance monitoring completed for 698a51a
[spm]: ProfilerData event received.
I/flutter ( 6587): [SPM:perf] 698a51a  buildSpan: 1399µs
I/flutter ( 6587): [spm] Performance monitoring completed for 698a51a
[spm]: ProfilerData event received.
I/flutter ( 6587): [SPM:perf] 698a51a  buildSpan: 1298µs
I/flutter ( 6587): [spm] Performance monitoring completed for 698a51a
[spm]: ProfilerData event received.
I/flutter ( 6587): [SPM:perf] 698a51a  buildSpan: 1086µs
I/flutter ( 6587): [spm] Performance monitoring completed for 698a51a
I/flutter ( 6587): [SPM:perf] 698a51a  buildSpan: 1580µs
[spm]: ProfilerData event received.
I/flutter ( 6587): [spm] Performance monitoring completed for 698a51a
I/flutter ( 6587): [SPM:perf] 698a51a  buildSpan: 1366µs
I/flutter ( 6587): [spm] Performance monitoring completed for 698a51a
[spm]: ProfilerData event received.
[spm]: ProfilerData event received.
I/flutter ( 6587): [SPM:perf] 698a51a  buildSpan: 1016µs
I/flutter ( 6587): [spm] Performance monitoring completed for 698a51a
[spm]: ProfilerData event received.
I/flutter ( 6587): [SPM:perf] 698a51a  buildSpan: 1553µs
I/flutter ( 6587): [spm] Performance monitoring completed for 698a51a
[spm]: ProfilerData event received.
I/flutter ( 6587): [SPM:perf] 698a51a  buildSpan: 981µs
I/flutter ( 6587): [spm] Performance monitoring completed for 698a51a
[spm]: ProfilerData event received.
I/flutter ( 6587): [SPM:perf] 698a51a  buildSpan: 1353µs
I/flutter ( 6587): [spm] Performance monitoring completed for 698a51a
I/flutter ( 6587): [SPM:perf] 698a51a  buildSpan: 1368µs
[spm]: ProfilerData event received.
I/flutter ( 6587): [spm] Performance monitoring completed for 698a51a
[spm]: ProfilerData event received.
I/flutter ( 6587): [SPM:perf] 698a51a  buildSpan: 1398µs
I/flutter ( 6587): [spm] Performance monitoring completed for 698a51a
[spm]: ProfilerData event received.
I/flutter ( 6587): [SPM:perf] 698a51a  buildSpan: 1388µs
I/flutter ( 6587): [spm] Performance monitoring completed for 698a51a
I/flutter ( 6587): 01:10 +1: (tearDownAll)
I/flutter ( 6587): 01:11 +2: All tests passed!
All tests passed.
[spm]: Saved 30 profiler events to <ROOT>/dataset-new_samples/0314/redmi9t/raw/20260910-115257/rev_002_df5ca135/e7.jsonl
[spm]: Reverting injection...
9 issues found. (ran in 0.5s)
WARNING: Your Android app project: app located at: <ROOT>/android/app/build.gradle.kts
applies the Kotlin Gradle Plugin, which will cause build failures in future versions of Flutter. 
Please migrate your app to Built-in Kotlin using this guide: https://docs.flutter.dev/release/breaking-changes/migrate-to-built-in-kotlin/for-app-developers

VMServiceFlutterDriver: Connecting to Flutter application at http://127.0.0.1:40821/i_Unc8zKonk=/
[spm]: Detected VM service URI: ws://127.0.0.1:40821/i_Unc8zKonk=/ws
VMServiceFlutterDriver: Isolate found with number: 4046403256483111
VMServiceFlutterDriver: Isolate 4046403256483111 is runnable.
VMServiceFlutterDriver: Isolate is paused at start.
VMServiceFlutterDriver: Attempting to resume isolate
VMServiceFlutterDriver: Connected to Flutter application.
VMServiceFlutterDriver: request_data message is taking a long time to complete...