# sample_id=28/base exec_index=12 ok=True perf_lines=30 vm_events=30 battery_pct=69 soc_temp_millic=49100 battery_temp_c=32.9 charging=False preflight_started=2026-08-04T19:44:55.421016+00:00 started=2026-08-04T19:44:57.884208+00:00 ts=2026-08-04T19:46:57.668423+00:00
[spm]: Running flutter analyze...
Analyzing lib...                                                

   info • Invalid use of a private type in a public API. Try making the private type public, or making the API that uses the private type also be private • lib/dependencies.dart:16:3 • library_private_types_in_public_api
   info • Invalid use of a private type in a public API. Try making the private type public, or making the API that uses the private type also be private • lib/dependencies.dart:25:7 • library_private_types_in_public_api
   info • Invalid use of a private type in a public API. Try making the private type public, or making the API that uses the private type also be private • lib/dependencies.dart:26:6 • library_private_types_in_public_api

[spm]: Injecting profiler code...
[spm]: Starting app...
Running Gradle task 'assembleProfile'...                        
Running Gradle task 'assembleProfile'...                           22.2s
✓ Built build/app/outputs/flutter-apk/app-profile.apk (61.8MB)
Installing build/app/outputs/flutter-apk/app-profile.apk...      2,454ms
D/DecorView[]( 9022): getWindowModeFromSystem  windowmode is 1
D/DecorView[]( 9022): updateDecorCaptionStatus displayWindowDecor is false
W/Looper  ( 9022): PerfMonitor looperActivity : package=com.example.benchmark_container/.MainActivity time=413ms latency=393ms running=0ms  procState=-1  historyMsgCount=3 (msgIndex=1 wall=431ms seq=3 h=android.app.ActivityThread$H w=110) (msgIndex=2 wall=431ms seq=3 h=android.app.ActivityThread$H w=110) (msgIndex=3 wall=431ms seq=3 h=android.app.ActivityThread$H w=110)
W/Looper  ( 9022): PerfMonitor looperActivity : package=com.example.benchmark_container/.MainActivity time=0ms latency=808ms running=0ms  procState=-1  historyMsgCount=4 (msgIndex=1 wall=431ms seq=3 h=android.app.ActivityThread$H w=110) (msgIndex=2 wall=431ms seq=3 h=android.app.ActivityThread$H w=110) (msgIndex=3 wall=431ms seq=3 h=android.app.ActivityThread$H w=110) (msgIndex=4 wall=413ms seq=4 late=393ms h=android.app.ActivityThread$H w=159)
D/SurfaceView( 9022): UPDATE null, mIsCastMode = false
D/hw-ProcessState( 9022): Binder ioctl to enable oneway spam detection failed: Invalid argument
W/Looper  ( 9022): PerfMonitor longMsg : seq=8 plan=22:45:35.538 late=425ms wall=1681ms running=0ms h=android.view.Choreographer$FrameHandler c=android.view.Choreographer$FrameDisplayEventReceiver procState=-1
W/Looper  ( 9022): PerfMonitor doFrame : time=1681ms vsyncFrame=0 latency=425ms procState=-1 historyMsgCount=7 (msgIndex=1 wall=1681ms seq=8 late=425ms h=android.view.Choreographer$FrameHandler c=android.view.Choreographer$FrameDisplayEventReceiver) (msgIndex=2 wall=1681ms seq=8 late=425ms h=android.view.Choreographer$FrameHandler c=android.view.Choreographer$FrameDisplayEventReceiver) (msgIndex=3 wall=1681ms seq=8 late=425ms h=android.view.Choreographer$FrameHandler c=android.view.Choreographer$FrameDisplayEventReceiver) (msgIndex=4 wall=413ms seq=4 h=android.app.ActivityThread$H w=159)
I/Choreographer( 9022): Skipped 95 frames!  The application may be doing too much work on its main thread.
D/SurfaceView( 9022): UPDATE Surface(name=SurfaceView[com.example.benchmark_container/com.example.benchmark_container.MainActivity])/@0xf40fc89, mIsProjectionMode = false
W/Looper  ( 9022): PerfMonitor doFrame : time=3ms vsyncFrame=0 latency=1597ms procState=-1 historyMsgCount=4
[spm]: Connected to Dart VM service.
I/flutter ( 9022): 00:00 +0: Performance Benchmark
E/hmark_containe( 9022): open libmigui.so failed! dlopen - dlopen failed: library "libmigui.so" not found
D/hmark_containe( 9022): MiuiProcessManagerServiceStub setSchedFifo
I/MiuiProcessManagerImpl( 9022): setSchedFifo pid:9022, mode:3
D/DecorView[]( 9022): onWindowFocusChanged hasWindowFocus true
D/DecorView[]( 9022): getWindowModeFromSystem  windowmode is 1
D/DecorView[]( 9022): updateDecorCaptionStatus displayWindowDecor is false
D/ProfileInstaller( 9022): Installing profile for com.example.benchmark_container
I/flutter ( 9022): setState 698a51a
[spm]: ProfilerData event received.
I/flutter ( 9022): [SPM:perf] 698a51a  buildSpan: 2570µs
I/flutter ( 9022): [spm] Performance monitoring completed for 698a51a
I/flutter ( 9022): setState 698a51a
I/flutter ( 9022): [SPM:perf] 698a51a  buildSpan: 2102µs
I/flutter ( 9022): [spm] Performance monitoring completed for 698a51a
[spm]: ProfilerData event received.
I/flutter ( 9022): setState 698a51a
I/flutter ( 9022): [SPM:perf] 698a51a  buildSpan: 2880µs
I/flutter ( 9022): [spm] Performance monitoring completed for 698a51a
I/flutter ( 9022): setState 698a51a
[spm]: ProfilerData event received.
[spm]: ProfilerData event received.
I/flutter ( 9022): [SPM:perf] 698a51a  buildSpan: 4887µs
I/flutter ( 9022): [spm] Performance monitoring completed for 698a51a
I/flutter ( 9022): setState 698a51a
[spm]: ProfilerData event received.
I/flutter ( 9022): [SPM:perf] 698a51a  buildSpan: 3832µs
I/flutter ( 9022): [spm] Performance monitoring completed for 698a51a
I/flutter ( 9022): setState 698a51a
[spm]: ProfilerData event received.
I/flutter ( 9022): [SPM:perf] 698a51a  buildSpan: 3881µs
I/flutter ( 9022): [spm] Performance monitoring completed for 698a51a
I/flutter ( 9022): setState 698a51a
[spm]: ProfilerData event received.
I/flutter ( 9022): [SPM:perf] 698a51a  buildSpan: 2502µs
I/flutter ( 9022): [spm] Performance monitoring completed for 698a51a
I/flutter ( 9022): setState 698a51a
[spm]: ProfilerData event received.
I/flutter ( 9022): [SPM:perf] 698a51a  buildSpan: 3004µs
I/flutter ( 9022): [spm] Performance monitoring completed for 698a51a
I/flutter ( 9022): setState 698a51a
[spm]: ProfilerData event received.
I/flutter ( 9022): [SPM:perf] 698a51a  buildSpan: 3758µs
I/flutter ( 9022): [spm] Performance monitoring completed for 698a51a
I/flutter ( 9022): setState 698a51a
[spm]: ProfilerData event received.
I/flutter ( 9022): [SPM:perf] 698a51a  buildSpan: 3818µs
I/flutter ( 9022): [spm] Performance monitoring completed for 698a51a
I/flutter ( 9022): setState 698a51a
I/flutter ( 9022): [SPM:perf] 698a51a  buildSpan: 3775µs
[spm]: ProfilerData event received.
I/flutter ( 9022): [spm] Performance monitoring completed for 698a51a
I/flutter ( 9022): setState 698a51a
[spm]: ProfilerData event received.
I/flutter ( 9022): [SPM:perf] 698a51a  buildSpan: 3221µs
I/flutter ( 9022): [spm] Performance monitoring completed for 698a51a
I/flutter ( 9022): setState 698a51a
[spm]: ProfilerData event received.
I/flutter ( 9022): [SPM:perf] 698a51a  buildSpan: 3101µs
I/flutter ( 9022): [spm] Performance monitoring completed for 698a51a
I/flutter ( 9022): setState 698a51a
I/flutter ( 9022): [SPM:perf] 698a51a  buildSpan: 3931µs
[spm]: ProfilerData event received.
I/flutter ( 9022): [spm] Performance monitoring completed for 698a51a
I/flutter ( 9022): setState 698a51a
I/flutter ( 9022): [SPM:perf] 698a51a  buildSpan: 3392µs
I/flutter ( 9022): [spm] Performance monitoring completed for 698a51a
I/flutter ( 9022): setState 698a51a
[spm]: ProfilerData event received.
I/flutter ( 9022): [SPM:perf] 698a51a  buildSpan: 3937µs
I/flutter ( 9022): [spm] Performance monitoring completed for 698a51a
I/flutter ( 9022): setState 698a51a
[spm]: ProfilerData event received.
I/flutter ( 9022): [SPM:perf] 698a51a  buildSpan: 3851µs
[spm]: ProfilerData event received.
I/flutter ( 9022): [spm] Performance monitoring completed for 698a51a
I/flutter ( 9022): setState 698a51a
[spm]: ProfilerData event received.
I/flutter ( 9022): [SPM:perf] 698a51a  buildSpan: 3553µs
I/flutter ( 9022): [spm] Performance monitoring completed for 698a51a
I/flutter ( 9022): setState 698a51a
I/flutter ( 9022): [SPM:perf] 698a51a  buildSpan: 4048µs
I/flutter ( 9022): [spm] Performance monitoring completed for 698a51a
[spm]: ProfilerData event received.
I/flutter ( 9022): setState 698a51a
[spm]: ProfilerData event received.
I/flutter ( 9022): [SPM:perf] 698a51a  buildSpan: 3651µs
I/flutter ( 9022): [spm] Performance monitoring completed for 698a51a
I/flutter ( 9022): setState 698a51a
[spm]: ProfilerData event received.
I/flutter ( 9022): [SPM:perf] 698a51a  buildSpan: 3859µs
I/flutter ( 9022): [spm] Performance monitoring completed for 698a51a
I/flutter ( 9022): setState 698a51a
[spm]: ProfilerData event received.
I/flutter ( 9022): [SPM:perf] 698a51a  buildSpan: 3716µs
I/flutter ( 9022): [spm] Performance monitoring completed for 698a51a
I/flutter ( 9022): setState 698a51a
[spm]: ProfilerData event received.
I/flutter ( 9022): [SPM:perf] 698a51a  buildSpan: 3053µs
I/flutter ( 9022): [spm] Performance monitoring completed for 698a51a
I/flutter ( 9022): setState 698a51a
[spm]: ProfilerData event received.
I/flutter ( 9022): [SPM:perf] 698a51a  buildSpan: 4134µs
I/flutter ( 9022): [spm] Performance monitoring completed for 698a51a
I/flutter ( 9022): setState 698a51a
[spm]: ProfilerData event received.
I/flutter ( 9022): [SPM:perf] 698a51a  buildSpan: 3762µs
I/flutter ( 9022): [spm] Performance monitoring completed for 698a51a
I/flutter ( 9022): setState 698a51a
I/flutter ( 9022): [SPM:perf] 698a51a  buildSpan: 3731µs
I/flutter ( 9022): [spm] Performance monitoring completed for 698a51a
[spm]: ProfilerData event received.
I/flutter ( 9022): setState 698a51a
[spm]: ProfilerData event received.
I/flutter ( 9022): [SPM:perf] 698a51a  buildSpan: 3822µs
I/flutter ( 9022): [spm] Performance monitoring completed for 698a51a
I/flutter ( 9022): setState 698a51a
[spm]: ProfilerData event received.
I/flutter ( 9022): [SPM:perf] 698a51a  buildSpan: 3062µs
I/flutter ( 9022): [spm] Performance monitoring completed for 698a51a
I/flutter ( 9022): setState 698a51a
[spm]: ProfilerData event received.
I/flutter ( 9022): [SPM:perf] 698a51a  buildSpan: 3986µs
I/flutter ( 9022): [spm] Performance monitoring completed for 698a51a
I/flutter ( 9022): setState 698a51a
[spm]: ProfilerData event received.
I/flutter ( 9022): [SPM:perf] 698a51a  buildSpan: 3667µs
I/flutter ( 9022): [spm] Performance monitoring completed for 698a51a
I/flutter ( 9022): 01:10 +1: (tearDownAll)
I/flutter ( 9022): 01:11 +2: All tests passed!
All tests passed.
[spm]: Saved 30 profiler events to <ROOT>/dataset/28/redmi9t/raw/20260804-202904/base/e12.jsonl
[spm]: Reverting injection...
3 issues found. (ran in 0.5s)
WARNING: Your Android app project: app located at: <ROOT>/android/app/build.gradle.kts
applies the Kotlin Gradle Plugin, which will cause build failures in future versions of Flutter. 
Please migrate your app to Built-in Kotlin using this guide: https://docs.flutter.dev/release/breaking-changes/migrate-to-built-in-kotlin/for-app-developers

VMServiceFlutterDriver: Connecting to Flutter application at http://127.0.0.1:45915/NIUDDHx1ktw=/
[spm]: Detected VM service URI: ws://127.0.0.1:45915/NIUDDHx1ktw=/ws
VMServiceFlutterDriver: Isolate found with number: 1675945359140415
VMServiceFlutterDriver: Isolate 1675945359140415 is runnable.
VMServiceFlutterDriver: Isolate is paused at start.
VMServiceFlutterDriver: Attempting to resume isolate
VMServiceFlutterDriver: Connected to Flutter application.