# sample_id=28/base exec_index=13 ok=True perf_lines=30 vm_events=30 battery_pct=69 soc_temp_millic=39800 battery_temp_c=32.7 charging=False preflight_started=2026-08-04T19:51:02.531916+00:00 started=2026-08-04T19:51:05.342883+00:00 ts=2026-08-04T19:53:05.742292+00:00
[spm]: Running flutter analyze...
Analyzing lib...                                                

   info • Invalid use of a private type in a public API. Try making the private type public, or making the API that uses the private type also be private • lib/dependencies.dart:16:3 • library_private_types_in_public_api
   info • Invalid use of a private type in a public API. Try making the private type public, or making the API that uses the private type also be private • lib/dependencies.dart:25:7 • library_private_types_in_public_api
   info • Invalid use of a private type in a public API. Try making the private type public, or making the API that uses the private type also be private • lib/dependencies.dart:26:6 • library_private_types_in_public_api

[spm]: Injecting profiler code...
[spm]: Starting app...
Running Gradle task 'assembleProfile'...                        
Running Gradle task 'assembleProfile'...                           22.2s
✓ Built build/app/outputs/flutter-apk/app-profile.apk (61.8MB)
Installing build/app/outputs/flutter-apk/app-profile.apk...      2,306ms
D/MiuiMultiWindowUtils(28947): freeform resolution args raw data:{  "zizhan":{    "freeform_args": {      "inner":{        "vertical_portrait":{"aspect_ratio":0.626, "original_ratio":0.5643,"original_scale":0.74,"top_margin":0.168,"left_margin":0.484},        "horizontal_portrait":{"aspect_ratio":0.626, "original_ratio":0.5643,"original_scale":0.74,"top_margin":0.1222,"left_margin":0.59745},        "vertical_landscape":{"aspect_ratio":1.6, "original_ratio":1,"original_scale":0.604,"top_margin":0.2596,"left_margin":0.2624},        "horizontal_landscape":{"aspect_ratio":1.6, "original_ratio":1,"original_scale":0.604,"top_margin":0.213,"left_margin":0.3758}      },      "outer":{        "vertical_portrait":{"aspect_ratio":0.626, "original_ratio":1,"original_scale":0.74,"top_margin":0.0753,"left_margin":-1},        "horizontal_portrait":{"aspect_ratio":0.626, "original_ratio":1,"original_scale":0.5756,"top_margin":-1,"left_margin":0.0753},        "vertical_landscape":{"aspect_ratio":1.6, "original_ratio":0.6847,"original_scale":0.587,"top_margin":0.0753,"left_margin":-1},        "horizontal_landscape":{"aspect_ratio":1.6, "original_ratio":0.6847,"original_scale":0.587,"top_margin":-1,"left_margin":0.0753}}    },    "mini_freeform_args":{      "inner":{        "vertical_portrait":{"aspect_ratio":0.626, "original_ratio":0.147},        "horizontal_portrait":{"aspect_ratio":0.626, "original_ratio":0.147},        "vertical_landscape":{"aspect_ratio":1.6, "original_ratio":0.165},        "horizontal_landscape":{"aspect_ratio":1.6, "original_ratio":0.165}      },      "outer":{        "vertical_portrait":{"aspect_ratio":0.626, "original_ratio":0.26},        "horizontal_portrait":{"aspect_ratio":0.626, "original_ratio":0.26},        "vertical_landscape":{"aspect_ratio":1.6, "original_ratio":0.293},        "horizontal_landscape":{"aspect_ratio":1.6, "original_ratio":0.293}}    }  },  "wide_default":{    "freeform_args": {        "vertical_portrait":{"aspect_ratio":0.625, "original_ratio":0.5806,"original_scale":0.7574,"top_margin":0.125,"left_margin":0.392},        "horizontal_portrait":{"aspect_ratio":0.625, "original_ratio":0.5806,"original_scale":0.7574,"top_margin":-1,"left_margin":0.6415},        "vertical_landscape":{"aspect_ratio":1.6, "original_ratio":1,"original_scale":0.5153,"top_margin":0.125,"left_margin":0.206},        "horizontal_landscape":{"aspect_ratio":1.6, "original_ratio":1,"original_scale":0.5153,"top_margin":-1,"left_margin":0.456}    },    "mini_freeform_args":{        "vertical_portrait":{"aspect_ratio":0.5625, "original_ratio":0.144},        "horizontal_portrait":{"aspect_ratio":0.5625, "original_ratio":0.144},        "vertical_landscape":{"aspect_ratio":-1, "original_ratio":0.144},        "horizontal_landscape":{"aspect_ratio":-1, "original_ratio":0.144}    }  },  "narrow_default": {    "freeform_args": {        "vertical_portrait":{"aspect_ratio":0.5625, "original_ratio":1,"original_scale":0.7182,"top_margin":0.142,"left_margin":-1},        "horizontal_portrait":{"aspect_ratio":0.8, "original_ratio":1,"original_scale":0.7182,"top_margin":-1,"left_margin":0.05},        "vertical_landscape":{"aspect_ratio":1.6, "original_ratio":0.6545,"original_scale":0.4473,"top_margin":0.142,"left_margin":-1},        "horizontal_landscape":{"aspect_ratio":1.6, "original_ratio":0.6545,"original_scale":0.4473,"top_margin":-1,"left_margin":0.05}    },    "mini_freeform_args":{        "vertical_portrait":{"aspect_ratio":0.5625, "original_ratio":0.3},        "horizontal_portrait":{"aspect_ratio":0.5625, "original_ratio":0.3},        "vertical_landscape":{"aspect_ratio":1.7778, "original_ratio":0.3},        "horizontal_landscape":{"aspect_ratio":1.7778, "original_ratio":0.3}    }  },  "regular_default": {    "freeform_args": {      "vertical_portrait":{"aspect_ratio":0.625, "original_ratio":1,"original_scale":0.7,"top_margin":0.109,"left_margin":-1},      "horizontal_portrait":{"aspect_ratio":0.6667, "original_ratio":1,"original_scale":0.6102,"top_margin":-1,"left_margin":0.026},      "vertical_landscape":{"asp
E/MiuiMultiWindowUtils(28947): initFreeFormResolutionArgs failed, device is lime
D/IS_CTS_MODE(28947): true
D/MULTI_WINDOW_SWITCH_ENABLED(28947): false
D/IS_CTS_MODE(28947): true
D/MULTI_WINDOW_SWITCH_ENABLED(28947): false
D/IS_CTS_MODE(28947): true
D/MULTI_WINDOW_SWITCH_ENABLED(28947): false
D/DecorView[](28947): getWindowModeFromSystem  windowmode is 1
D/DecorView[](28947): getWindowModeFromSystem  windowmode is 1
D/DecorView[](28947): updateDecorCaptionStatus displayWindowDecor is false
W/Looper  (28947): PerfMonitor looperActivity : package=com.example.benchmark_container/.MainActivity time=410ms latency=434ms running=0ms  procState=-1  historyMsgCount=3 (msgIndex=3 wall=427ms seq=3 h=android.app.ActivityThread$H w=110)
W/Looper  (28947): PerfMonitor looperActivity : package=com.example.benchmark_container/.MainActivity time=1ms latency=832ms running=0ms  procState=-1  historyMsgCount=3 (msgIndex=2 wall=427ms seq=3 h=android.app.ActivityThread$H w=110) (msgIndex=3 wall=410ms seq=4 late=434ms h=android.app.ActivityThread$H w=159)
D/SurfaceView(28947): UPDATE null, mIsCastMode = false
D/hw-ProcessState(28947): Binder ioctl to enable oneway spam detection failed: Invalid argument
W/Looper  (28947): PerfMonitor longMsg : seq=8 plan=22:51:42.798 late=424ms wall=1682ms running=0ms h=android.view.Choreographer$FrameHandler c=android.view.Choreographer$FrameDisplayEventReceiver procState=-1
W/Looper  (28947): PerfMonitor doFrame : time=1682ms vsyncFrame=0 latency=424ms procState=-1 historyMsgCount=7 (msgIndex=3 wall=1682ms seq=8 late=424ms h=android.view.Choreographer$FrameHandler c=android.view.Choreographer$FrameDisplayEventReceiver) (msgIndex=4 wall=410ms seq=4 h=android.app.ActivityThread$H w=159)
I/Choreographer(28947): Skipped 95 frames!  The application may be doing too much work on its main thread.
D/SurfaceView(28947): UPDATE Surface(name=SurfaceView[com.example.benchmark_container/com.example.benchmark_container.MainActivity])/@0xf40fc89, mIsProjectionMode = false
W/Looper  (28947): PerfMonitor doFrame : time=3ms vsyncFrame=0 latency=1594ms procState=-1 historyMsgCount=4
[spm]: Connected to Dart VM service.
I/flutter (28947): 00:00 +0: Performance Benchmark
E/hmark_containe(28947): open libmigui.so failed! dlopen - dlopen failed: library "libmigui.so" not found
D/hmark_containe(28947): MiuiProcessManagerServiceStub setSchedFifo
I/MiuiProcessManagerImpl(28947): setSchedFifo pid:28947, mode:3
D/DecorView[](28947): onWindowFocusChanged hasWindowFocus true
D/DecorView[](28947): getWindowModeFromSystem  windowmode is 1
D/DecorView[](28947): updateDecorCaptionStatus displayWindowDecor is false
D/ProfileInstaller(28947): Installing profile for com.example.benchmark_container
I/flutter (28947): setState 698a51a
I/flutter (28947): [SPM:perf] 698a51a  buildSpan: 3088µs
[spm]: ProfilerData event received.
I/flutter (28947): [spm] Performance monitoring completed for 698a51a
I/flutter (28947): setState 698a51a
[spm]: ProfilerData event received.
I/flutter (28947): [SPM:perf] 698a51a  buildSpan: 4024µs
I/flutter (28947): [spm] Performance monitoring completed for 698a51a
I/flutter (28947): setState 698a51a
[spm]: ProfilerData event received.
I/flutter (28947): [SPM:perf] 698a51a  buildSpan: 4074µs
I/flutter (28947): [spm] Performance monitoring completed for 698a51a
I/flutter (28947): setState 698a51a
I/flutter (28947): [SPM:perf] 698a51a  buildSpan: 4099µs
I/flutter (28947): [spm] Performance monitoring completed for 698a51a
[spm]: ProfilerData event received.
I/flutter (28947): setState 698a51a
[spm]: ProfilerData event received.
I/flutter (28947): [SPM:perf] 698a51a  buildSpan: 3943µs
I/flutter (28947): [spm] Performance monitoring completed for 698a51a
I/flutter (28947): setState 698a51a
I/flutter (28947): [SPM:perf] 698a51a  buildSpan: 2966µs
[spm]: ProfilerData event received.
I/flutter (28947): [spm] Performance monitoring completed for 698a51a
I/flutter (28947): setState 698a51a
[spm]: ProfilerData event received.
I/flutter (28947): [SPM:perf] 698a51a  buildSpan: 2988µs
I/flutter (28947): [spm] Performance monitoring completed for 698a51a
I/flutter (28947): setState 698a51a
[spm]: ProfilerData event received.
I/flutter (28947): [SPM:perf] 698a51a  buildSpan: 2257µs
I/flutter (28947): [spm] Performance monitoring completed for 698a51a
I/flutter (28947): setState 698a51a
[spm]: ProfilerData event received.
I/flutter (28947): [SPM:perf] 698a51a  buildSpan: 3912µs
I/flutter (28947): [spm] Performance monitoring completed for 698a51a
I/flutter (28947): setState 698a51a
[spm]: ProfilerData event received.
I/flutter (28947): [SPM:perf] 698a51a  buildSpan: 3458µs
I/flutter (28947): [spm] Performance monitoring completed for 698a51a
I/flutter (28947): setState 698a51a
[spm]: ProfilerData event received.
I/flutter (28947): [SPM:perf] 698a51a  buildSpan: 2425µs
I/flutter (28947): [spm] Performance monitoring completed for 698a51a
I/flutter (28947): setState 698a51a
[spm]: ProfilerData event received.
I/flutter (28947): [SPM:perf] 698a51a  buildSpan: 3793µs
I/flutter (28947): [spm] Performance monitoring completed for 698a51a
I/flutter (28947): setState 698a51a
[spm]: ProfilerData event received.
I/flutter (28947): [SPM:perf] 698a51a  buildSpan: 3709µs
I/flutter (28947): [spm] Performance monitoring completed for 698a51a
I/flutter (28947): setState 698a51a
I/flutter (28947): [SPM:perf] 698a51a  buildSpan: 3270µs
I/flutter (28947): [spm] Performance monitoring completed for 698a51a
I/flutter (28947): setState 698a51a
[spm]: ProfilerData event received.
[spm]: ProfilerData event received.
I/flutter (28947): [SPM:perf] 698a51a  buildSpan: 2970µs
I/flutter (28947): [spm] Performance monitoring completed for 698a51a
I/flutter (28947): setState 698a51a
[spm]: ProfilerData event received.
I/flutter (28947): [SPM:perf] 698a51a  buildSpan: 2419µs
I/flutter (28947): [spm] Performance monitoring completed for 698a51a
I/flutter (28947): setState 698a51a
[spm]: ProfilerData event received.
I/flutter (28947): [SPM:perf] 698a51a  buildSpan: 3217µs
I/flutter (28947): [spm] Performance monitoring completed for 698a51a
I/flutter (28947): setState 698a51a
I/flutter (28947): [SPM:perf] 698a51a  buildSpan: 3871µs
I/flutter (28947): [spm] Performance monitoring completed for 698a51a
I/flutter (28947): setState 698a51a
[spm]: ProfilerData event received.
[spm]: ProfilerData event received.
I/flutter (28947): [SPM:perf] 698a51a  buildSpan: 3967µs
I/flutter (28947): [spm] Performance monitoring completed for 698a51a
I/flutter (28947): setState 698a51a
[spm]: ProfilerData event received.
I/flutter (28947): [SPM:perf] 698a51a  buildSpan: 4121µs
I/flutter (28947): [spm] Performance monitoring completed for 698a51a
I/flutter (28947): setState 698a51a
I/flutter (28947): [SPM:perf] 698a51a  buildSpan: 4021µs
I/flutter (28947): [spm] Performance monitoring completed for 698a51a
[spm]: ProfilerData event received.
I/flutter (28947): setState 698a51a
I/flutter (28947): [SPM:perf] 698a51a  buildSpan: 2879µs
[spm]: ProfilerData event received.
I/flutter (28947): [spm] Performance monitoring completed for 698a51a
I/flutter (28947): setState 698a51a
[spm]: ProfilerData event received.
I/flutter (28947): [SPM:perf] 698a51a  buildSpan: 3755µs
I/flutter (28947): [spm] Performance monitoring completed for 698a51a
I/flutter (28947): setState 698a51a
I/flutter (28947): [SPM:perf] 698a51a  buildSpan: 3868µs
I/flutter (28947): [spm] Performance monitoring completed for 698a51a
I/flutter (28947): setState 698a51a
[spm]: ProfilerData event received.
I/flutter (28947): [SPM:perf] 698a51a  buildSpan: 3269µs
I/flutter (28947): [spm] Performance monitoring completed for 698a51a
I/flutter (28947): setState 698a51a
[spm]: ProfilerData event received.
[spm]: ProfilerData event received.
I/flutter (28947): [SPM:perf] 698a51a  buildSpan: 3920µs
I/flutter (28947): [spm] Performance monitoring completed for 698a51a
I/flutter (28947): setState 698a51a
[spm]: ProfilerData event received.
I/flutter (28947): [SPM:perf] 698a51a  buildSpan: 2849µs
I/flutter (28947): [spm] Performance monitoring completed for 698a51a
I/flutter (28947): setState 698a51a
[spm]: ProfilerData event received.
I/flutter (28947): [SPM:perf] 698a51a  buildSpan: 2589µs
I/flutter (28947): [spm] Performance monitoring completed for 698a51a
I/flutter (28947): setState 698a51a
[spm]: ProfilerData event received.
I/flutter (28947): [SPM:perf] 698a51a  buildSpan: 3739µs
I/flutter (28947): [spm] Performance monitoring completed for 698a51a
I/flutter (28947): setState 698a51a
[spm]: ProfilerData event received.
I/flutter (28947): [SPM:perf] 698a51a  buildSpan: 3906µs
I/flutter (28947): [spm] Performance monitoring completed for 698a51a
I/flutter (28947): 01:10 +1: (tearDownAll)
I/flutter (28947): 01:11 +2: All tests passed!
All tests passed.
[spm]: Saved 30 profiler events to <ROOT>/dataset/28/redmi9t/raw/20260804-202904/base/e13.jsonl
[spm]: Reverting injection...
3 issues found. (ran in 0.5s)
WARNING: Your Android app project: app located at: <ROOT>/android/app/build.gradle.kts
applies the Kotlin Gradle Plugin, which will cause build failures in future versions of Flutter. 
Please migrate your app to Built-in Kotlin using this guide: https://docs.flutter.dev/release/breaking-changes/migrate-to-built-in-kotlin/for-app-developers

VMServiceFlutterDriver: Connecting to Flutter application at http://127.0.0.1:43881/TBi4C2Gu2NQ=/
[spm]: Detected VM service URI: ws://127.0.0.1:43881/TBi4C2Gu2NQ=/ws
VMServiceFlutterDriver: Isolate found with number: 7772475233669563
VMServiceFlutterDriver: Isolate 7772475233669563 is runnable.
VMServiceFlutterDriver: Isolate is paused at start.
VMServiceFlutterDriver: Attempting to resume isolate
VMServiceFlutterDriver: Connected to Flutter application.