# sample_id=28/base exec_index=2 ok=True perf_lines=30 vm_events=30 battery_pct=71 soc_temp_millic=44200 battery_temp_c=32.6 charging=False preflight_started=2026-08-05T01:57:28.926069+00:00 started=2026-08-05T01:57:31.366762+00:00 ts=2026-08-05T01:59:31.398407+00:00
[spm]: Running flutter analyze...
Analyzing lib...                                                

   info • Invalid use of a private type in a public API. Try making the private type public, or making the API that uses the private type also be private • lib/dependencies.dart:16:3 • library_private_types_in_public_api
   info • Invalid use of a private type in a public API. Try making the private type public, or making the API that uses the private type also be private • lib/dependencies.dart:25:7 • library_private_types_in_public_api
   info • Invalid use of a private type in a public API. Try making the private type public, or making the API that uses the private type also be private • lib/dependencies.dart:26:6 • library_private_types_in_public_api

[spm]: Injecting profiler code...
[spm]: Starting app...
Running Gradle task 'assembleProfile'...                        
Running Gradle task 'assembleProfile'...                           22.8s
✓ Built build/app/outputs/flutter-apk/app-profile.apk (61.8MB)
Installing build/app/outputs/flutter-apk/app-profile.apk...      2,001ms
D/DecorView[]( 9834): getWindowModeFromSystem  windowmode is 1
D/DecorView[]( 9834): updateDecorCaptionStatus displayWindowDecor is false
W/Looper  ( 9834): PerfMonitor looperActivity : package=com.example.benchmark_container/.MainActivity time=426ms latency=384ms running=0ms  procState=-1  historyMsgCount=2 (msgIndex=1 wall=426ms seq=4 late=384ms h=android.app.ActivityThread$H w=159) (msgIndex=2 wall=388ms seq=3 h=android.app.ActivityThread$H w=110)
W/Looper  ( 9834): PerfMonitor looperActivity : package=com.example.benchmark_container/.MainActivity time=0ms latency=813ms running=0ms  procState=-1  historyMsgCount=4 (msgIndex=2 wall=426ms seq=4 h=android.app.ActivityThread$H w=159) (msgIndex=3 wall=388ms seq=3 h=android.app.ActivityThread$H w=110) (msgIndex=4 wall=426ms seq=4 h=android.app.ActivityThread$H w=159)
D/SurfaceView( 9834): UPDATE null, mIsCastMode = false
D/hw-ProcessState( 9834): Binder ioctl to enable oneway spam detection failed: Invalid argument
W/Looper  ( 9834): PerfMonitor longMsg : seq=8 plan=04:58:09.326 late=425ms wall=1677ms running=0ms h=android.view.Choreographer$FrameHandler c=android.view.Choreographer$FrameDisplayEventReceiver procState=-1
W/Looper  ( 9834): PerfMonitor doFrame : time=1677ms vsyncFrame=0 latency=425ms procState=-1 historyMsgCount=4 (msgIndex=1 wall=1677ms seq=8 late=425ms h=android.view.Choreographer$FrameHandler c=android.view.Choreographer$FrameDisplayEventReceiver)
I/Choreographer( 9834): Skipped 95 frames!  The application may be doing too much work on its main thread.
D/SurfaceView( 9834): UPDATE Surface(name=SurfaceView[com.example.benchmark_container/com.example.benchmark_container.MainActivity])/@0xf40fc89, mIsProjectionMode = false
W/Looper  ( 9834): PerfMonitor doFrame : time=3ms vsyncFrame=0 latency=1595ms procState=-1 historyMsgCount=4
[spm]: Connected to Dart VM service.
I/flutter ( 9834): 00:00 +0: Performance Benchmark
E/hmark_containe( 9834): open libmigui.so failed! dlopen - dlopen failed: library "libmigui.so" not found
D/hmark_containe( 9834): MiuiProcessManagerServiceStub setSchedFifo
I/MiuiProcessManagerImpl( 9834): setSchedFifo pid:9834, mode:3
D/DecorView[]( 9834): onWindowFocusChanged hasWindowFocus true
D/DecorView[]( 9834): getWindowModeFromSystem  windowmode is 1
D/DecorView[]( 9834): updateDecorCaptionStatus displayWindowDecor is false
D/ProfileInstaller( 9834): Installing profile for com.example.benchmark_container
I/flutter ( 9834): setState 698a51a
[spm]: ProfilerData event received.
I/flutter ( 9834): [SPM:perf] 698a51a  buildSpan: 2327µs
I/flutter ( 9834): [spm] Performance monitoring completed for 698a51a
I/flutter ( 9834): setState 698a51a
I/flutter ( 9834): [SPM:perf] 698a51a  buildSpan: 2171µs
[spm]: ProfilerData event received.
I/flutter ( 9834): [spm] Performance monitoring completed for 698a51a
I/flutter ( 9834): setState 698a51a
[spm]: ProfilerData event received.
I/flutter ( 9834): [SPM:perf] 698a51a  buildSpan: 2341µs
I/flutter ( 9834): [spm] Performance monitoring completed for 698a51a
I/flutter ( 9834): setState 698a51a
[spm]: ProfilerData event received.
I/flutter ( 9834): [SPM:perf] 698a51a  buildSpan: 2110µs
I/flutter ( 9834): [spm] Performance monitoring completed for 698a51a
I/flutter ( 9834): setState 698a51a
[spm]: ProfilerData event received.
I/flutter ( 9834): [SPM:perf] 698a51a  buildSpan: 2210µs
I/flutter ( 9834): [spm] Performance monitoring completed for 698a51a
I/flutter ( 9834): setState 698a51a
[spm]: ProfilerData event received.
I/flutter ( 9834): [SPM:perf] 698a51a  buildSpan: 2492µs
I/flutter ( 9834): [spm] Performance monitoring completed for 698a51a
I/flutter ( 9834): setState 698a51a
[spm]: ProfilerData event received.
I/flutter ( 9834): [SPM:perf] 698a51a  buildSpan: 2287µs
I/flutter ( 9834): [spm] Performance monitoring completed for 698a51a
I/flutter ( 9834): setState 698a51a
[spm]: ProfilerData event received.
I/flutter ( 9834): [SPM:perf] 698a51a  buildSpan: 2164µs
I/flutter ( 9834): [spm] Performance monitoring completed for 698a51a
I/flutter ( 9834): setState 698a51a
I/flutter ( 9834): [SPM:perf] 698a51a  buildSpan: 2204µs
I/flutter ( 9834): [spm] Performance monitoring completed for 698a51a
[spm]: ProfilerData event received.
I/flutter ( 9834): setState 698a51a
[spm]: ProfilerData event received.
I/flutter ( 9834): [SPM:perf] 698a51a  buildSpan: 2274µs
I/flutter ( 9834): [spm] Performance monitoring completed for 698a51a
I/flutter ( 9834): setState 698a51a
[spm]: ProfilerData event received.
I/flutter ( 9834): [SPM:perf] 698a51a  buildSpan: 2179µs
I/flutter ( 9834): [spm] Performance monitoring completed for 698a51a
I/flutter ( 9834): setState 698a51a
[spm]: ProfilerData event received.
I/flutter ( 9834): [SPM:perf] 698a51a  buildSpan: 2489µs
I/flutter ( 9834): [spm] Performance monitoring completed for 698a51a
I/flutter ( 9834): setState 698a51a
[spm]: ProfilerData event received.
I/flutter ( 9834): [SPM:perf] 698a51a  buildSpan: 2405µs
I/flutter ( 9834): [spm] Performance monitoring completed for 698a51a
I/flutter ( 9834): setState 698a51a
[spm]: ProfilerData event received.
I/flutter ( 9834): [SPM:perf] 698a51a  buildSpan: 2643µs
I/flutter ( 9834): [spm] Performance monitoring completed for 698a51a
I/flutter ( 9834): setState 698a51a
I/flutter ( 9834): [SPM:perf] 698a51a  buildSpan: 2609µs
I/flutter ( 9834): [spm] Performance monitoring completed for 698a51a
[spm]: ProfilerData event received.
I/flutter ( 9834): setState 698a51a
[spm]: ProfilerData event received.
I/flutter ( 9834): [SPM:perf] 698a51a  buildSpan: 2319µs
I/flutter ( 9834): [spm] Performance monitoring completed for 698a51a
I/flutter ( 9834): setState 698a51a
[spm]: ProfilerData event received.
I/flutter ( 9834): [SPM:perf] 698a51a  buildSpan: 2314µs
I/flutter ( 9834): [spm] Performance monitoring completed for 698a51a
I/flutter ( 9834): setState 698a51a
[spm]: ProfilerData event received.
I/flutter ( 9834): [SPM:perf] 698a51a  buildSpan: 2186µs
I/flutter ( 9834): [spm] Performance monitoring completed for 698a51a
I/flutter ( 9834): setState 698a51a
[spm]: ProfilerData event received.
I/flutter ( 9834): [SPM:perf] 698a51a  buildSpan: 2149µs
I/flutter ( 9834): [spm] Performance monitoring completed for 698a51a
I/flutter ( 9834): setState 698a51a
I/flutter ( 9834): [SPM:perf] 698a51a  buildSpan: 2181µs
I/flutter ( 9834): [spm] Performance monitoring completed for 698a51a
[spm]: ProfilerData event received.
I/flutter ( 9834): setState 698a51a
I/flutter ( 9834): [SPM:perf] 698a51a  buildSpan: 2321µs
I/flutter ( 9834): [spm] Performance monitoring completed for 698a51a
I/flutter ( 9834): setState 698a51a
[spm]: ProfilerData event received.
[spm]: ProfilerData event received.
I/flutter ( 9834): [SPM:perf] 698a51a  buildSpan: 2180µs
I/flutter ( 9834): [spm] Performance monitoring completed for 698a51a
I/flutter ( 9834): setState 698a51a
[spm]: ProfilerData event received.
I/flutter ( 9834): [SPM:perf] 698a51a  buildSpan: 2163µs
I/flutter ( 9834): [spm] Performance monitoring completed for 698a51a
I/flutter ( 9834): setState 698a51a
[spm]: ProfilerData event received.
I/flutter ( 9834): [SPM:perf] 698a51a  buildSpan: 2345µs
I/flutter ( 9834): [spm] Performance monitoring completed for 698a51a
I/flutter ( 9834): setState 698a51a
[spm]: ProfilerData event received.
I/flutter ( 9834): [SPM:perf] 698a51a  buildSpan: 2228µs
I/flutter ( 9834): [spm] Performance monitoring completed for 698a51a
I/flutter ( 9834): setState 698a51a
[spm]: ProfilerData event received.
I/flutter ( 9834): [SPM:perf] 698a51a  buildSpan: 2201µs
I/flutter ( 9834): [spm] Performance monitoring completed for 698a51a
I/flutter ( 9834): setState 698a51a
[spm]: ProfilerData event received.
I/flutter ( 9834): [SPM:perf] 698a51a  buildSpan: 2324µs
I/flutter ( 9834): [spm] Performance monitoring completed for 698a51a
I/flutter ( 9834): setState 698a51a
[spm]: ProfilerData event received.
I/flutter ( 9834): [SPM:perf] 698a51a  buildSpan: 2187µs
I/flutter ( 9834): [spm] Performance monitoring completed for 698a51a
I/flutter ( 9834): setState 698a51a
[spm]: ProfilerData event received.
I/flutter ( 9834): [SPM:perf] 698a51a  buildSpan: 2179µs
I/flutter ( 9834): [spm] Performance monitoring completed for 698a51a
I/flutter ( 9834): setState 698a51a
[spm]: ProfilerData event received.
I/flutter ( 9834): [SPM:perf] 698a51a  buildSpan: 2256µs
I/flutter ( 9834): [spm] Performance monitoring completed for 698a51a
I/flutter ( 9834): 01:10 +1: (tearDownAll)
I/flutter ( 9834): 01:11 +2: All tests passed!
All tests passed.
[spm]: Saved 30 profiler events to <ROOT>/dataset/28/redmi9t/raw/20260804-202904/base/e2.jsonl
[spm]: Reverting injection...
3 issues found. (ran in 0.6s)
WARNING: Your Android app project: app located at: <ROOT>/android/app/build.gradle.kts
applies the Kotlin Gradle Plugin, which will cause build failures in future versions of Flutter. 
Please migrate your app to Built-in Kotlin using this guide: https://docs.flutter.dev/release/breaking-changes/migrate-to-built-in-kotlin/for-app-developers

VMServiceFlutterDriver: Connecting to Flutter application at http://127.0.0.1:36425/VLEJfWRAH7U=/
[spm]: Detected VM service URI: ws://127.0.0.1:36425/VLEJfWRAH7U=/ws
VMServiceFlutterDriver: Isolate found with number: 757517201389463
VMServiceFlutterDriver: Isolate 757517201389463 is runnable.
VMServiceFlutterDriver: Isolate is paused at start.
VMServiceFlutterDriver: Attempting to resume isolate
VMServiceFlutterDriver: Connected to Flutter application.