# sample_id=28/base exec_index=3 ok=True perf_lines=30 vm_events=30 battery_pct=63 soc_temp_millic=42600 battery_temp_c=32.9 charging=False preflight_started=2026-08-04T20:53:53.895436+00:00 started=2026-08-04T20:53:56.628060+00:00 ts=2026-08-04T20:55:36.509826+00:00
[spm]: Running flutter analyze...
Analyzing lib...                                                

   info • Invalid use of a private type in a public API. Try making the private type public, or making the API that uses the private type also be private • lib/dependencies.dart:16:3 • library_private_types_in_public_api
   info • Invalid use of a private type in a public API. Try making the private type public, or making the API that uses the private type also be private • lib/dependencies.dart:25:7 • library_private_types_in_public_api
   info • Invalid use of a private type in a public API. Try making the private type public, or making the API that uses the private type also be private • lib/dependencies.dart:26:6 • library_private_types_in_public_api

[spm]: Injecting profiler code...
[spm]: Starting app...
Running Gradle task 'assembleProfile'...                        
Running Gradle task 'assembleProfile'...                         2,347ms
✓ Built build/app/outputs/flutter-apk/app-profile.apk (61.8MB)
Installing build/app/outputs/flutter-apk/app-profile.apk...      2,366ms
D/DecorView[]( 7989): getWindowModeFromSystem  windowmode is 1
D/DecorView[]( 7989): getWindowModeFromSystem  windowmode is 1
D/DecorView[]( 7989): updateDecorCaptionStatus displayWindowDecor is false
W/Looper  ( 7989): PerfMonitor looperActivity : package=com.example.benchmark_container/.MainActivity time=350ms latency=352ms running=0ms  procState=-1  historyMsgCount=3 (msgIndex=1 wall=350ms seq=4 late=352ms h=android.app.ActivityThread$H w=159) (msgIndex=2 wall=350ms seq=4 late=352ms h=android.app.ActivityThread$H w=159) (msgIndex=3 wall=357ms seq=3 h=android.app.ActivityThread$H w=110)
W/Looper  ( 7989): PerfMonitor looperActivity : package=com.example.benchmark_container/.MainActivity time=1ms latency=704ms running=0ms  procState=-1  historyMsgCount=4 (msgIndex=1 wall=350ms seq=4 late=352ms h=android.app.ActivityThread$H w=159) (msgIndex=2 wall=350ms seq=4 late=352ms h=android.app.ActivityThread$H w=159) (msgIndex=3 wall=357ms seq=3 h=android.app.ActivityThread$H w=110) (msgIndex=4 wall=350ms seq=4 late=352ms h=android.app.ActivityThread$H w=159)
D/SurfaceView( 7989): UPDATE null, mIsCastMode = false
D/hw-ProcessState( 7989): Binder ioctl to enable oneway spam detection failed: Invalid argument
W/Looper  ( 7989): PerfMonitor longMsg : seq=8 plan=23:54:14.211 late=360ms wall=1676ms running=0ms h=android.view.Choreographer$FrameHandler c=android.view.Choreographer$FrameDisplayEventReceiver procState=-1
W/Looper  ( 7989): PerfMonitor doFrame : time=1676ms vsyncFrame=0 latency=360ms procState=-1 historyMsgCount=7 (msgIndex=1 wall=350ms seq=4 h=android.app.ActivityThread$H w=159) (msgIndex=2 wall=350ms seq=4 h=android.app.ActivityThread$H w=159) (msgIndex=3 wall=1676ms seq=8 late=360ms h=android.view.Choreographer$FrameHandler c=android.view.Choreographer$FrameDisplayEventReceiver) (msgIndex=4 wall=350ms seq=4 h=android.app.ActivityThread$H w=159)
I/Choreographer( 7989): Skipped 95 frames!  The application may be doing too much work on its main thread.
D/SurfaceView( 7989): UPDATE Surface(name=SurfaceView[com.example.benchmark_container/com.example.benchmark_container.MainActivity])/@0xf40fc89, mIsProjectionMode = false
W/Looper  ( 7989): PerfMonitor doFrame : time=2ms vsyncFrame=0 latency=1592ms procState=-1 historyMsgCount=4
[spm]: Connected to Dart VM service.
I/flutter ( 7989): 00:00 +0: Performance Benchmark
E/hmark_containe( 7989): open libmigui.so failed! dlopen - dlopen failed: library "libmigui.so" not found
D/hmark_containe( 7989): MiuiProcessManagerServiceStub setSchedFifo
I/MiuiProcessManagerImpl( 7989): setSchedFifo pid:7989, mode:3
D/DecorView[]( 7989): onWindowFocusChanged hasWindowFocus true
D/DecorView[]( 7989): getWindowModeFromSystem  windowmode is 1
D/DecorView[]( 7989): updateDecorCaptionStatus displayWindowDecor is false
D/ProfileInstaller( 7989): Installing profile for com.example.benchmark_container
I/flutter ( 7989): setState 698a51a
[spm]: ProfilerData event received.
I/flutter ( 7989): [SPM:perf] 698a51a  buildSpan: 4132µs
I/flutter ( 7989): [spm] Performance monitoring completed for 698a51a
I/flutter ( 7989): setState 698a51a
[spm]: ProfilerData event received.
I/flutter ( 7989): [SPM:perf] 698a51a  buildSpan: 3833µs
I/flutter ( 7989): [spm] Performance monitoring completed for 698a51a
I/flutter ( 7989): setState 698a51a
[spm]: ProfilerData event received.
I/flutter ( 7989): [SPM:perf] 698a51a  buildSpan: 3978µs
I/flutter ( 7989): [spm] Performance monitoring completed for 698a51a
I/flutter ( 7989): setState 698a51a
[spm]: ProfilerData event received.
I/flutter ( 7989): [SPM:perf] 698a51a  buildSpan: 2607µs
I/flutter ( 7989): [spm] Performance monitoring completed for 698a51a
I/flutter ( 7989): setState 698a51a
[spm]: ProfilerData event received.
I/flutter ( 7989): [SPM:perf] 698a51a  buildSpan: 4165µs
I/flutter ( 7989): [spm] Performance monitoring completed for 698a51a
I/flutter ( 7989): setState 698a51a
[spm]: ProfilerData event received.
I/flutter ( 7989): [SPM:perf] 698a51a  buildSpan: 2923µs
I/flutter ( 7989): [spm] Performance monitoring completed for 698a51a
I/flutter ( 7989): setState 698a51a
[spm]: ProfilerData event received.
I/flutter ( 7989): [SPM:perf] 698a51a  buildSpan: 2408µs
I/flutter ( 7989): [spm] Performance monitoring completed for 698a51a
I/flutter ( 7989): setState 698a51a
[spm]: ProfilerData event received.
I/flutter ( 7989): [SPM:perf] 698a51a  buildSpan: 3053µs
I/flutter ( 7989): [spm] Performance monitoring completed for 698a51a
I/flutter ( 7989): setState 698a51a
[spm]: ProfilerData event received.
I/flutter ( 7989): [SPM:perf] 698a51a  buildSpan: 2355µs
I/flutter ( 7989): [spm] Performance monitoring completed for 698a51a
I/flutter ( 7989): setState 698a51a
[spm]: ProfilerData event received.
I/flutter ( 7989): [SPM:perf] 698a51a  buildSpan: 3843µs
I/flutter ( 7989): [spm] Performance monitoring completed for 698a51a
I/flutter ( 7989): setState 698a51a
[spm]: ProfilerData event received.
I/flutter ( 7989): [SPM:perf] 698a51a  buildSpan: 3655µs
I/flutter ( 7989): [spm] Performance monitoring completed for 698a51a
I/flutter ( 7989): setState 698a51a
[spm]: ProfilerData event received.
I/flutter ( 7989): [SPM:perf] 698a51a  buildSpan: 3564µs
I/flutter ( 7989): [spm] Performance monitoring completed for 698a51a
I/flutter ( 7989): setState 698a51a
[spm]: ProfilerData event received.
I/flutter ( 7989): [SPM:perf] 698a51a  buildSpan: 2868µs
I/flutter ( 7989): [spm] Performance monitoring completed for 698a51a
I/flutter ( 7989): setState 698a51a
[spm]: ProfilerData event received.
I/flutter ( 7989): [SPM:perf] 698a51a  buildSpan: 3735µs
I/flutter ( 7989): [spm] Performance monitoring completed for 698a51a
I/flutter ( 7989): setState 698a51a
[spm]: ProfilerData event received.
I/flutter ( 7989): [SPM:perf] 698a51a  buildSpan: 3822µs
I/flutter ( 7989): [spm] Performance monitoring completed for 698a51a
I/flutter ( 7989): setState 698a51a
[spm]: ProfilerData event received.
I/flutter ( 7989): [SPM:perf] 698a51a  buildSpan: 3836µs
I/flutter ( 7989): [spm] Performance monitoring completed for 698a51a
I/flutter ( 7989): setState 698a51a
[spm]: ProfilerData event received.
I/flutter ( 7989): [SPM:perf] 698a51a  buildSpan: 3726µs
I/flutter ( 7989): [spm] Performance monitoring completed for 698a51a
I/flutter ( 7989): setState 698a51a
[spm]: ProfilerData event received.
I/flutter ( 7989): [SPM:perf] 698a51a  buildSpan: 3838µs
I/flutter ( 7989): [spm] Performance monitoring completed for 698a51a
I/flutter ( 7989): setState 698a51a
[spm]: ProfilerData event received.
I/flutter ( 7989): [SPM:perf] 698a51a  buildSpan: 2992µs
I/flutter ( 7989): [spm] Performance monitoring completed for 698a51a
I/flutter ( 7989): setState 698a51a
[spm]: ProfilerData event received.
I/flutter ( 7989): [SPM:perf] 698a51a  buildSpan: 4029µs
I/flutter ( 7989): [spm] Performance monitoring completed for 698a51a
I/flutter ( 7989): setState 698a51a
I/flutter ( 7989): [SPM:perf] 698a51a  buildSpan: 2973µs
I/flutter ( 7989): [spm] Performance monitoring completed for 698a51a
I/flutter ( 7989): setState 698a51a
[spm]: ProfilerData event received.
[spm]: ProfilerData event received.
I/flutter ( 7989): [SPM:perf] 698a51a  buildSpan: 4006µs
I/flutter ( 7989): [spm] Performance monitoring completed for 698a51a
I/flutter ( 7989): setState 698a51a
[spm]: ProfilerData event received.
I/flutter ( 7989): [SPM:perf] 698a51a  buildSpan: 3927µs
I/flutter ( 7989): [spm] Performance monitoring completed for 698a51a
I/flutter ( 7989): setState 698a51a
[spm]: ProfilerData event received.
I/flutter ( 7989): [SPM:perf] 698a51a  buildSpan: 3710µs
I/flutter ( 7989): [spm] Performance monitoring completed for 698a51a
I/flutter ( 7989): setState 698a51a
[spm]: ProfilerData event received.
I/flutter ( 7989): [SPM:perf] 698a51a  buildSpan: 3886µs
I/flutter ( 7989): [spm] Performance monitoring completed for 698a51a
I/flutter ( 7989): setState 698a51a
[spm]: ProfilerData event received.
I/flutter ( 7989): [SPM:perf] 698a51a  buildSpan: 3736µs
I/flutter ( 7989): [spm] Performance monitoring completed for 698a51a
I/flutter ( 7989): setState 698a51a
[spm]: ProfilerData event received.
I/flutter ( 7989): [SPM:perf] 698a51a  buildSpan: 3786µs
I/flutter ( 7989): [spm] Performance monitoring completed for 698a51a
I/flutter ( 7989): setState 698a51a
I/flutter ( 7989): [SPM:perf] 698a51a  buildSpan: 3494µs
I/flutter ( 7989): [spm] Performance monitoring completed for 698a51a
I/flutter ( 7989): setState 698a51a
[spm]: ProfilerData event received.
I/flutter ( 7989): [SPM:perf] 698a51a  buildSpan: 3065µs
I/flutter ( 7989): [spm] Performance monitoring completed for 698a51a
I/flutter ( 7989): setState 698a51a
[spm]: ProfilerData event received.
[spm]: ProfilerData event received.
I/flutter ( 7989): [SPM:perf] 698a51a  buildSpan: 3027µs
I/flutter ( 7989): [spm] Performance monitoring completed for 698a51a
I/flutter ( 7989): 01:10 +1: (tearDownAll)
I/flutter ( 7989): 01:11 +2: All tests passed!
All tests passed.
[spm]: Saved 30 profiler events to <ROOT>/dataset/28/redmi9t/raw/20260804-202904/base/e3.jsonl
[spm]: Reverting injection...
3 issues found. (ran in 0.5s)
WARNING: Your Android app project: app located at: <ROOT>/android/app/build.gradle.kts
applies the Kotlin Gradle Plugin, which will cause build failures in future versions of Flutter. 
Please migrate your app to Built-in Kotlin using this guide: https://docs.flutter.dev/release/breaking-changes/migrate-to-built-in-kotlin/for-app-developers

VMServiceFlutterDriver: Connecting to Flutter application at http://127.0.0.1:34439/_Q6qgBHc15o=/
[spm]: Detected VM service URI: ws://127.0.0.1:34439/_Q6qgBHc15o=/ws
VMServiceFlutterDriver: Isolate found with number: 5122267173638979
VMServiceFlutterDriver: Isolate 5122267173638979 is runnable.
VMServiceFlutterDriver: Isolate is paused at start.
VMServiceFlutterDriver: Attempting to resume isolate
VMServiceFlutterDriver: Connected to Flutter application.