# sample_id=28/base exec_index=9 ok=True perf_lines=30 vm_events=30 battery_pct=80 soc_temp_millic=41100 battery_temp_c=32.6 charging=False preflight_started=2026-08-04T17:35:12.565944+00:00 started=2026-08-04T17:35:15.258849+00:00 ts=2026-08-04T17:37:15.144644+00:00
[spm]: Running flutter analyze...
Analyzing lib...                                                

   info • Invalid use of a private type in a public API. Try making the private type public, or making the API that uses the private type also be private • lib/dependencies.dart:16:3 • library_private_types_in_public_api
   info • Invalid use of a private type in a public API. Try making the private type public, or making the API that uses the private type also be private • lib/dependencies.dart:25:7 • library_private_types_in_public_api
   info • Invalid use of a private type in a public API. Try making the private type public, or making the API that uses the private type also be private • lib/dependencies.dart:26:6 • library_private_types_in_public_api

[spm]: Injecting profiler code...
[spm]: Starting app...
Running Gradle task 'assembleProfile'...                        
Running Gradle task 'assembleProfile'...                           22.4s
✓ Built build/app/outputs/flutter-apk/app-profile.apk (61.8MB)
Installing build/app/outputs/flutter-apk/app-profile.apk...      2,198ms
E/MiuiMultiWindowUtils(21147): initFreeFormResolutionArgs failed, device is lime
D/IS_CTS_MODE(21147): true
D/MULTI_WINDOW_SWITCH_ENABLED(21147): false
D/IS_CTS_MODE(21147): true
D/MULTI_WINDOW_SWITCH_ENABLED(21147): false
D/IS_CTS_MODE(21147): true
D/MULTI_WINDOW_SWITCH_ENABLED(21147): false
D/DecorView[](21147): getWindowModeFromSystem  windowmode is 1
D/DecorView[](21147): getWindowModeFromSystem  windowmode is 1
D/DecorView[](21147): updateDecorCaptionStatus displayWindowDecor is false
W/Looper  (21147): PerfMonitor looperActivity : package=com.example.benchmark_container/.MainActivity time=421ms latency=390ms running=0ms  procState=-1  historyMsgCount=2 (msgIndex=1 wall=421ms seq=4 late=390ms h=android.app.ActivityThread$H w=159) (msgIndex=2 wall=390ms seq=3 h=android.app.ActivityThread$H w=110)
W/Looper  (21147): PerfMonitor looperActivity : package=com.example.benchmark_container/.MainActivity time=0ms latency=813ms running=0ms  procState=-1  historyMsgCount=4 (msgIndex=2 wall=421ms seq=4 h=android.app.ActivityThread$H w=159) (msgIndex=3 wall=390ms seq=3 h=android.app.ActivityThread$H w=110) (msgIndex=4 wall=421ms seq=4 h=android.app.ActivityThread$H w=159)
D/SurfaceView(21147): UPDATE null, mIsCastMode = false
D/hw-ProcessState(21147): Binder ioctl to enable oneway spam detection failed: Invalid argument
W/Looper  (21147): PerfMonitor longMsg : seq=8 plan=20:35:52.805 late=424ms wall=1727ms running=0ms h=android.view.Choreographer$FrameHandler c=android.view.Choreographer$FrameDisplayEventReceiver procState=-1
W/Looper  (21147): PerfMonitor doFrame : time=1727ms vsyncFrame=0 latency=424ms procState=-1 historyMsgCount=4 (msgIndex=1 wall=1727ms seq=8 late=424ms h=android.view.Choreographer$FrameHandler c=android.view.Choreographer$FrameDisplayEventReceiver)
I/Choreographer(21147): Skipped 97 frames!  The application may be doing too much work on its main thread.
D/SurfaceView(21147): UPDATE Surface(name=SurfaceView[com.example.benchmark_container/com.example.benchmark_container.MainActivity])/@0xf40fc89, mIsProjectionMode = false
W/Looper  (21147): PerfMonitor doFrame : time=3ms vsyncFrame=0 latency=1623ms procState=-1 historyMsgCount=4
[spm]: Connected to Dart VM service.
I/flutter (21147): 00:00 +0: Performance Benchmark
E/hmark_containe(21147): open libmigui.so failed! dlopen - dlopen failed: library "libmigui.so" not found
D/hmark_containe(21147): MiuiProcessManagerServiceStub setSchedFifo
I/MiuiProcessManagerImpl(21147): setSchedFifo pid:21147, mode:3
D/DecorView[](21147): onWindowFocusChanged hasWindowFocus true
D/DecorView[](21147): getWindowModeFromSystem  windowmode is 1
D/DecorView[](21147): updateDecorCaptionStatus displayWindowDecor is false
D/ProfileInstaller(21147): Installing profile for com.example.benchmark_container
I/flutter (21147): setState 698a51a
[spm]: ProfilerData event received.
I/flutter (21147): [SPM:perf] 698a51a  buildSpan: 4284µs
I/flutter (21147): [spm] Performance monitoring completed for 698a51a
I/flutter (21147): setState 698a51a
[spm]: ProfilerData event received.
I/flutter (21147): [SPM:perf] 698a51a  buildSpan: 4034µs
I/flutter (21147): [spm] Performance monitoring completed for 698a51a
I/flutter (21147): setState 698a51a
[spm]: ProfilerData event received.
I/flutter (21147): [SPM:perf] 698a51a  buildSpan: 4778µs
I/flutter (21147): [spm] Performance monitoring completed for 698a51a
I/flutter (21147): setState 698a51a
[spm]: ProfilerData event received.
I/flutter (21147): [SPM:perf] 698a51a  buildSpan: 3821µs
I/flutter (21147): [spm] Performance monitoring completed for 698a51a
I/flutter (21147): setState 698a51a
[spm]: ProfilerData event received.
I/flutter (21147): [SPM:perf] 698a51a  buildSpan: 4017µs
I/flutter (21147): [spm] Performance monitoring completed for 698a51a
I/flutter (21147): setState 698a51a
[spm]: ProfilerData event received.
I/flutter (21147): [SPM:perf] 698a51a  buildSpan: 2918µs
I/flutter (21147): [spm] Performance monitoring completed for 698a51a
I/flutter (21147): setState 698a51a
[spm]: ProfilerData event received.
I/flutter (21147): [SPM:perf] 698a51a  buildSpan: 3224µs
I/flutter (21147): [spm] Performance monitoring completed for 698a51a
I/flutter (21147): setState 698a51a
[spm]: ProfilerData event received.
I/flutter (21147): [SPM:perf] 698a51a  buildSpan: 3853µs
I/flutter (21147): [spm] Performance monitoring completed for 698a51a
I/flutter (21147): setState 698a51a
[spm]: ProfilerData event received.
I/flutter (21147): [SPM:perf] 698a51a  buildSpan: 3619µs
I/flutter (21147): [spm] Performance monitoring completed for 698a51a
I/flutter (21147): setState 698a51a
I/flutter (21147): [SPM:perf] 698a51a  buildSpan: 3871µs
I/flutter (21147): [spm] Performance monitoring completed for 698a51a
I/flutter (21147): setState 698a51a
[spm]: ProfilerData event received.
[spm]: ProfilerData event received.
I/flutter (21147): [SPM:perf] 698a51a  buildSpan: 2547µs
I/flutter (21147): [spm] Performance monitoring completed for 698a51a
I/flutter (21147): setState 698a51a
[spm]: ProfilerData event received.
I/flutter (21147): [SPM:perf] 698a51a  buildSpan: 2663µs
I/flutter (21147): [spm] Performance monitoring completed for 698a51a
I/flutter (21147): setState 698a51a
[spm]: ProfilerData event received.
I/flutter (21147): [SPM:perf] 698a51a  buildSpan: 3990µs
I/flutter (21147): [spm] Performance monitoring completed for 698a51a
I/flutter (21147): setState 698a51a
[spm]: ProfilerData event received.
I/flutter (21147): [SPM:perf] 698a51a  buildSpan: 3790µs
I/flutter (21147): [spm] Performance monitoring completed for 698a51a
I/flutter (21147): setState 698a51a
I/flutter (21147): [SPM:perf] 698a51a  buildSpan: 3891µs
[spm]: ProfilerData event received.
I/flutter (21147): [spm] Performance monitoring completed for 698a51a
I/flutter (21147): setState 698a51a
I/flutter (21147): [SPM:perf] 698a51a  buildSpan: 3917µs
I/flutter (21147): [spm] Performance monitoring completed for 698a51a
I/flutter (21147): setState 698a51a
[spm]: ProfilerData event received.
I/flutter (21147): [SPM:perf] 698a51a  buildSpan: 3205µs
I/flutter (21147): [spm] Performance monitoring completed for 698a51a
[spm]: ProfilerData event received.
I/flutter (21147): setState 698a51a
I/flutter (21147): [SPM:perf] 698a51a  buildSpan: 3406µs
[spm]: ProfilerData event received.
I/flutter (21147): [spm] Performance monitoring completed for 698a51a
I/flutter (21147): setState 698a51a
I/flutter (21147): [SPM:perf] 698a51a  buildSpan: 3527µs
I/flutter (21147): [spm] Performance monitoring completed for 698a51a
[spm]: ProfilerData event received.
I/flutter (21147): setState 698a51a
[spm]: ProfilerData event received.
I/flutter (21147): [SPM:perf] 698a51a  buildSpan: 3758µs
I/flutter (21147): [spm] Performance monitoring completed for 698a51a
I/flutter (21147): setState 698a51a
[spm]: ProfilerData event received.
I/flutter (21147): [SPM:perf] 698a51a  buildSpan: 3825µs
I/flutter (21147): [spm] Performance monitoring completed for 698a51a
I/flutter (21147): setState 698a51a
[spm]: ProfilerData event received.
I/flutter (21147): [SPM:perf] 698a51a  buildSpan: 2985µs
I/flutter (21147): [spm] Performance monitoring completed for 698a51a
I/flutter (21147): setState 698a51a
[spm]: ProfilerData event received.
I/flutter (21147): [SPM:perf] 698a51a  buildSpan: 3850µs
I/flutter (21147): [spm] Performance monitoring completed for 698a51a
I/flutter (21147): setState 698a51a
I/flutter (21147): [SPM:perf] 698a51a  buildSpan: 3309µs
[spm]: ProfilerData event received.
I/flutter (21147): [spm] Performance monitoring completed for 698a51a
I/flutter (21147): setState 698a51a
[spm]: ProfilerData event received.
I/flutter (21147): [SPM:perf] 698a51a  buildSpan: 3866µs
I/flutter (21147): [spm] Performance monitoring completed for 698a51a
I/flutter (21147): setState 698a51a
[spm]: ProfilerData event received.
I/flutter (21147): [SPM:perf] 698a51a  buildSpan: 3759µs
I/flutter (21147): [spm] Performance monitoring completed for 698a51a
I/flutter (21147): setState 698a51a
[spm]: ProfilerData event received.
I/flutter (21147): [SPM:perf] 698a51a  buildSpan: 3964µs
I/flutter (21147): [spm] Performance monitoring completed for 698a51a
I/flutter (21147): setState 698a51a
[spm]: ProfilerData event received.
I/flutter (21147): [SPM:perf] 698a51a  buildSpan: 2520µs
I/flutter (21147): [spm] Performance monitoring completed for 698a51a
I/flutter (21147): setState 698a51a
[spm]: ProfilerData event received.
I/flutter (21147): [SPM:perf] 698a51a  buildSpan: 3871µs
I/flutter (21147): [spm] Performance monitoring completed for 698a51a
I/flutter (21147): setState 698a51a
[spm]: ProfilerData event received.
I/flutter (21147): [SPM:perf] 698a51a  buildSpan: 3639µs
I/flutter (21147): [spm] Performance monitoring completed for 698a51a
I/flutter (21147): 01:10 +1: (tearDownAll)
I/flutter (21147): 01:11 +2: All tests passed!
All tests passed.
[spm]: Saved 30 profiler events to <ROOT>/dataset/28/redmi9t/raw/20260804-202904/base/e9.jsonl
[spm]: Reverting injection...
3 issues found. (ran in 0.7s)
WARNING: Your Android app project: app located at: <ROOT>/android/app/build.gradle.kts
applies the Kotlin Gradle Plugin, which will cause build failures in future versions of Flutter. 
Please migrate your app to Built-in Kotlin using this guide: https://docs.flutter.dev/release/breaking-changes/migrate-to-built-in-kotlin/for-app-developers

VMServiceFlutterDriver: Connecting to Flutter application at http://127.0.0.1:35353/WnNoYg3AOck=/
[spm]: Detected VM service URI: ws://127.0.0.1:35353/WnNoYg3AOck=/ws
VMServiceFlutterDriver: Isolate found with number: 3406021588998331
VMServiceFlutterDriver: Isolate 3406021588998331 is runnable.
VMServiceFlutterDriver: Isolate is paused at start.
VMServiceFlutterDriver: Attempting to resume isolate
VMServiceFlutterDriver: Connected to Flutter application.