# sample_id=2987/rev_001_a2ef3b0d exec_index=1 ok=True perf_lines=30 vm_events=30 battery_pct=53 soc_temp_millic=42300 battery_temp_c=31.0 charging=False preflight_started=2026-09-14T18:12:49.141078+00:00 started=2026-09-14T18:12:51.779941+00:00 ts=2026-09-14T18:14:51.954153+00:00
[spm]: Running flutter analyze...
Resolving dependencies...
Downloading packages...
  _fe_analyzer_shared 100.0.0 (108.0.0 available)
  analyzer 13.0.0 (14.4.0 available)
  async 2.13.0 (2.13.1 available)
  clock 1.1.2 (1.1.3 available)
  cupertino_icons 1.0.8 (1.0.9 available)
  glob 2.1.3 (2.2.0 available)
  lints 6.0.0 (6.1.0 available)
  matcher 0.12.19 (0.12.20 available)
  material_color_utilities 0.13.0 (0.13.1 available)
  meta 1.18.0 (1.19.0 available)
  package_config 2.2.0 (3.0.0 available)
  platform 3.1.6 (3.2.0 available)
  process 5.0.5 (5.0.6 available)
  pub_semver 2.2.0 (2.2.1 available)
  source_span 1.10.1 (1.10.2 available)
  stack_trace 1.12.1 (1.12.2 available)
  test_api 0.7.11 (0.7.14 available)
  vector_math 2.2.0 (2.4.2 available)
  vm_service 15.0.2 (15.3.0 available)
  webdriver 3.1.0 (3.2.0 available)
  yaml 3.1.3 (3.1.4 available)
Got dependencies!
21 packages have newer versions incompatible with dependency constraints.
Try `flutter pub outdated` for more information.
Analyzing lib...                                                

   info • The part-of directive uses a library name. Try converting the directive to use the URI of the library • lib/dependencies.dart:46:1 • use_string_in_part_of_directives
   info • Unnecessary 'late' modifier. Try removing the 'late' • lib/dependencies.dart:54:1 • unnecessary_late
   info • Library names are not necessary. Remove the library name • lib/generated_widget.dart:2:9 • unnecessary_library_name

[spm]: Injecting profiler code...
[spm]: Starting app...
Running Gradle task 'assembleProfile'...                        
Running Gradle task 'assembleProfile'...                           19.3s
✓ Built build/app/outputs/flutter-apk/app-profile.apk (26.8MB)
Installing build/app/outputs/flutter-apk/app-profile.apk...      1,179ms
D/DecorView[]( 5598): getWindowModeFromSystem  windowmode is 1
D/DecorView[]( 5598): getWindowModeFromSystem  windowmode is 1
D/DecorView[]( 5598): updateDecorCaptionStatus displayWindowDecor is false
W/Looper  ( 5598): PerfMonitor looperActivity : package=com.example.benchmark_container/.MainActivity time=392ms latency=360ms running=0ms  procState=-1  historyMsgCount=2 (msgIndex=1 wall=392ms seq=4 late=360ms h=android.app.ActivityThread$H w=159) (msgIndex=2 wall=377ms seq=3 h=android.app.ActivityThread$H w=110)
W/Looper  ( 5598): PerfMonitor looperActivity : package=com.example.benchmark_container/.MainActivity time=1ms latency=757ms running=0ms  procState=-1  historyMsgCount=4 (msgIndex=2 wall=392ms seq=4 late=360ms h=android.app.ActivityThread$H w=159) (msgIndex=3 wall=377ms seq=3 h=android.app.ActivityThread$H w=110) (msgIndex=4 wall=392ms seq=4 late=360ms h=android.app.ActivityThread$H w=159)
D/SurfaceView( 5598): UPDATE null, mIsCastMode = false
D/hw-ProcessState( 5598): Binder ioctl to enable oneway spam detection failed: Invalid argument
W/Looper  ( 5598): PerfMonitor longMsg : seq=8 plan=21:13:27.749 late=411ms wall=1833ms running=0ms h=android.view.Choreographer$FrameHandler c=android.view.Choreographer$FrameDisplayEventReceiver procState=-1
W/Looper  ( 5598): PerfMonitor doFrame : time=1833ms vsyncFrame=0 latency=411ms procState=-1 historyMsgCount=7 (msgIndex=2 wall=392ms seq=4 h=android.app.ActivityThread$H w=159) (msgIndex=3 wall=1833ms seq=8 late=411ms h=android.view.Choreographer$FrameHandler c=android.view.Choreographer$FrameDisplayEventReceiver) (msgIndex=4 wall=392ms seq=4 h=android.app.ActivityThread$H w=159)
I/Choreographer( 5598): Skipped 100 frames!  The application may be doing too much work on its main thread.
D/SurfaceView( 5598): UPDATE Surface(name=SurfaceView[com.example.benchmark_container/com.example.benchmark_container.MainActivity])/@0x739554a, mIsProjectionMode = false
W/Looper  ( 5598): PerfMonitor doFrame : time=3ms vsyncFrame=0 latency=1683ms procState=-1 historyMsgCount=4
[spm]: Connected to Dart VM service.
I/flutter ( 5598): 00:00 +0: Performance Benchmark
E/hmark_containe( 5598): open libmigui.so failed! dlopen - dlopen failed: library "libmigui.so" not found
D/hmark_containe( 5598): MiuiProcessManagerServiceStub setSchedFifo
I/MiuiProcessManagerImpl( 5598): setSchedFifo pid:5598, mode:3
D/DecorView[]( 5598): onWindowFocusChanged hasWindowFocus true
D/DecorView[]( 5598): getWindowModeFromSystem  windowmode is 1
D/DecorView[]( 5598): updateDecorCaptionStatus displayWindowDecor is false
D/ProfileInstaller( 5598): Installing profile for com.example.benchmark_container
[spm]: ProfilerData event received.
I/flutter ( 5598): [SPM:perf] 698a51a  buildSpan: 453µs
I/flutter ( 5598): [spm] Performance monitoring completed for 698a51a
[spm]: ProfilerData event received.
I/flutter ( 5598): [SPM:perf] 698a51a  buildSpan: 577µs
I/flutter ( 5598): [spm] Performance monitoring completed for 698a51a
[spm]: ProfilerData event received.
I/flutter ( 5598): [SPM:perf] 698a51a  buildSpan: 445µs
I/flutter ( 5598): [spm] Performance monitoring completed for 698a51a
[spm]: ProfilerData event received.
I/flutter ( 5598): [SPM:perf] 698a51a  buildSpan: 398µs
I/flutter ( 5598): [spm] Performance monitoring completed for 698a51a
[spm]: ProfilerData event received.
I/flutter ( 5598): [SPM:perf] 698a51a  buildSpan: 833µs
I/flutter ( 5598): [spm] Performance monitoring completed for 698a51a
[spm]: ProfilerData event received.
I/flutter ( 5598): [SPM:perf] 698a51a  buildSpan: 712µs
I/flutter ( 5598): [spm] Performance monitoring completed for 698a51a
[spm]: ProfilerData event received.
I/flutter ( 5598): [SPM:perf] 698a51a  buildSpan: 639µs
I/flutter ( 5598): [spm] Performance monitoring completed for 698a51a
[spm]: ProfilerData event received.
I/flutter ( 5598): [SPM:perf] 698a51a  buildSpan: 840µs
I/flutter ( 5598): [spm] Performance monitoring completed for 698a51a
[spm]: ProfilerData event received.
I/flutter ( 5598): [SPM:perf] 698a51a  buildSpan: 781µs
I/flutter ( 5598): [spm] Performance monitoring completed for 698a51a
[spm]: ProfilerData event received.
I/flutter ( 5598): [SPM:perf] 698a51a  buildSpan: 660µs
I/flutter ( 5598): [spm] Performance monitoring completed for 698a51a
[spm]: ProfilerData event received.
I/flutter ( 5598): [SPM:perf] 698a51a  buildSpan: 671µs
I/flutter ( 5598): [spm] Performance monitoring completed for 698a51a
[spm]: ProfilerData event received.
I/flutter ( 5598): [SPM:perf] 698a51a  buildSpan: 868µs
I/flutter ( 5598): [spm] Performance monitoring completed for 698a51a
I/flutter ( 5598): [SPM:perf] 698a51a  buildSpan: 817µs
I/flutter ( 5598): [spm] Performance monitoring completed for 698a51a
[spm]: ProfilerData event received.
[spm]: ProfilerData event received.
I/flutter ( 5598): [SPM:perf] 698a51a  buildSpan: 597µs
I/flutter ( 5598): [spm] Performance monitoring completed for 698a51a
[spm]: ProfilerData event received.
I/flutter ( 5598): [SPM:perf] 698a51a  buildSpan: 649µs
I/flutter ( 5598): [spm] Performance monitoring completed for 698a51a
I/flutter ( 5598): [SPM:perf] 698a51a  buildSpan: 681µs
I/flutter ( 5598): [spm] Performance monitoring completed for 698a51a
[spm]: ProfilerData event received.
[spm]: ProfilerData event received.
I/flutter ( 5598): [SPM:perf] 698a51a  buildSpan: 863µs
I/flutter ( 5598): [spm] Performance monitoring completed for 698a51a
[spm]: ProfilerData event received.
I/flutter ( 5598): [SPM:perf] 698a51a  buildSpan: 635µs
I/flutter ( 5598): [spm] Performance monitoring completed for 698a51a
[spm]: ProfilerData event received.
I/flutter ( 5598): [SPM:perf] 698a51a  buildSpan: 636µs
I/flutter ( 5598): [spm] Performance monitoring completed for 698a51a
[spm]: ProfilerData event received.
I/flutter ( 5598): [SPM:perf] 698a51a  buildSpan: 453µs
I/flutter ( 5598): [spm] Performance monitoring completed for 698a51a
I/flutter ( 5598): [SPM:perf] 698a51a  buildSpan: 853µs
[spm]: ProfilerData event received.
I/flutter ( 5598): [spm] Performance monitoring completed for 698a51a
[spm]: ProfilerData event received.
I/flutter ( 5598): [SPM:perf] 698a51a  buildSpan: 861µs
I/flutter ( 5598): [spm] Performance monitoring completed for 698a51a
[spm]: ProfilerData event received.
I/flutter ( 5598): [SPM:perf] 698a51a  buildSpan: 558µs
I/flutter ( 5598): [spm] Performance monitoring completed for 698a51a
[spm]: ProfilerData event received.
I/flutter ( 5598): [SPM:perf] 698a51a  buildSpan: 652µs
I/flutter ( 5598): [spm] Performance monitoring completed for 698a51a
[spm]: ProfilerData event received.
I/flutter ( 5598): [SPM:perf] 698a51a  buildSpan: 539µs
I/flutter ( 5598): [spm] Performance monitoring completed for 698a51a
[spm]: ProfilerData event received.
I/flutter ( 5598): [SPM:perf] 698a51a  buildSpan: 533µs
I/flutter ( 5598): [spm] Performance monitoring completed for 698a51a
[spm]: ProfilerData event received.
I/flutter ( 5598): [SPM:perf] 698a51a  buildSpan: 684µs
I/flutter ( 5598): [spm] Performance monitoring completed for 698a51a
[spm]: ProfilerData event received.
I/flutter ( 5598): [SPM:perf] 698a51a  buildSpan: 839µs
I/flutter ( 5598): [spm] Performance monitoring completed for 698a51a
[spm]: ProfilerData event received.
I/flutter ( 5598): [SPM:perf] 698a51a  buildSpan: 695µs
I/flutter ( 5598): [spm] Performance monitoring completed for 698a51a
[spm]: ProfilerData event received.
I/flutter ( 5598): [SPM:perf] 698a51a  buildSpan: 592µs
I/flutter ( 5598): [spm] Performance monitoring completed for 698a51a
I/flutter ( 5598): 01:10 +1: (tearDownAll)
I/flutter ( 5598): 01:11 +2: All tests passed!
All tests passed.
[spm]: Saved 30 profiler events to <ROOT>/dataset-new_samples/2987/redmi9t/raw/20260913-234351/rev_001_a2ef3b0d/e1.jsonl
[spm]: Reverting injection...
3 issues found. (ran in 0.5s)
WARNING: Your Android app project: app located at: <ROOT>/android/app/build.gradle.kts
applies the Kotlin Gradle Plugin, which will cause build failures in future versions of Flutter. 
Please migrate your app to Built-in Kotlin using this guide: https://docs.flutter.dev/release/breaking-changes/migrate-to-built-in-kotlin/for-app-developers

VMServiceFlutterDriver: Connecting to Flutter application at http://127.0.0.1:38419/MzNoTwwc73c=/
[spm]: Detected VM service URI: ws://127.0.0.1:38419/MzNoTwwc73c=/ws
VMServiceFlutterDriver: Isolate found with number: 7935070873019415
VMServiceFlutterDriver: Isolate 7935070873019415 is runnable.
VMServiceFlutterDriver: Isolate is paused at start.
VMServiceFlutterDriver: Attempting to resume isolate
VMServiceFlutterDriver: Connected to Flutter application.
VMServiceFlutterDriver: request_data message is taking a long time to complete...