# sample_id=2987/rev_001_a2ef3b0d exec_index=2 ok=True perf_lines=30 vm_events=30 battery_pct=52 soc_temp_millic=39800 battery_temp_c=30.9 charging=False preflight_started=2026-09-14T18:23:33.803382+00:00 started=2026-09-14T18:23:36.417157+00:00 ts=2026-09-14T18:25:36.392398+00:00
[spm]: Running flutter analyze...
Resolving dependencies...
Downloading packages...
  _fe_analyzer_shared 100.0.0 (108.0.0 available)
  analyzer 13.0.0 (14.4.0 available)
  async 2.13.0 (2.13.1 available)
  clock 1.1.2 (1.1.3 available)
  cupertino_icons 1.0.8 (1.0.9 available)
  glob 2.1.3 (2.2.0 available)
  lints 6.0.0 (6.1.0 available)
  matcher 0.12.19 (0.12.20 available)
  material_color_utilities 0.13.0 (0.13.1 available)
  meta 1.18.0 (1.19.0 available)
  package_config 2.2.0 (3.0.0 available)
  platform 3.1.6 (3.2.0 available)
  process 5.0.5 (5.0.6 available)
  pub_semver 2.2.0 (2.2.1 available)
  source_span 1.10.1 (1.10.2 available)
  stack_trace 1.12.1 (1.12.2 available)
  test_api 0.7.11 (0.7.14 available)
  vector_math 2.2.0 (2.4.2 available)
  vm_service 15.0.2 (15.3.0 available)
  webdriver 3.1.0 (3.2.0 available)
  yaml 3.1.3 (3.1.4 available)
Got dependencies!
21 packages have newer versions incompatible with dependency constraints.
Try `flutter pub outdated` for more information.
Analyzing lib...                                                

   info • The part-of directive uses a library name. Try converting the directive to use the URI of the library • lib/dependencies.dart:46:1 • use_string_in_part_of_directives
   info • Unnecessary 'late' modifier. Try removing the 'late' • lib/dependencies.dart:54:1 • unnecessary_late
   info • Library names are not necessary. Remove the library name • lib/generated_widget.dart:2:9 • unnecessary_library_name

[spm]: Injecting profiler code...
[spm]: Starting app...
Running Gradle task 'assembleProfile'...                        
Running Gradle task 'assembleProfile'...                           19.3s
✓ Built build/app/outputs/flutter-apk/app-profile.apk (26.8MB)
Installing build/app/outputs/flutter-apk/app-profile.apk...      1,262ms
D/IS_CTS_MODE(17138): true
D/MULTI_WINDOW_SWITCH_ENABLED(17138): false
D/IS_CTS_MODE(17138): true
D/MULTI_WINDOW_SWITCH_ENABLED(17138): false
D/DecorView[](17138): getWindowModeFromSystem  windowmode is 1
D/DecorView[](17138): getWindowModeFromSystem  windowmode is 1
D/DecorView[](17138): updateDecorCaptionStatus displayWindowDecor is false
W/Looper  (17138): PerfMonitor looperActivity : package=com.example.benchmark_container/.MainActivity time=360ms latency=419ms running=0ms  procState=-1  historyMsgCount=2 (msgIndex=1 wall=360ms seq=4 late=419ms h=android.app.ActivityThread$H w=159) (msgIndex=2 wall=423ms seq=3 h=android.app.ActivityThread$H w=110)
W/Looper  (17138): PerfMonitor looperActivity : package=com.example.benchmark_container/.MainActivity time=0ms latency=780ms running=0ms  procState=-1  historyMsgCount=4 (msgIndex=2 wall=360ms seq=4 late=419ms h=android.app.ActivityThread$H w=159) (msgIndex=3 wall=423ms seq=3 h=android.app.ActivityThread$H w=110) (msgIndex=4 wall=360ms seq=4 late=419ms h=android.app.ActivityThread$H w=159)
D/SurfaceView(17138): UPDATE null, mIsCastMode = false
D/hw-ProcessState(17138): Binder ioctl to enable oneway spam detection failed: Invalid argument
W/Looper  (17138): PerfMonitor longMsg : seq=8 plan=21:24:12.520 late=369ms wall=1653ms running=0ms h=android.view.Choreographer$FrameHandler c=android.view.Choreographer$FrameDisplayEventReceiver procState=-1
W/Looper  (17138): PerfMonitor doFrame : time=1653ms vsyncFrame=0 latency=369ms procState=-1 historyMsgCount=7 (msgIndex=2 wall=360ms seq=4 h=android.app.ActivityThread$H w=159) (msgIndex=3 wall=1653ms seq=8 late=369ms h=android.view.Choreographer$FrameHandler c=android.view.Choreographer$FrameDisplayEventReceiver) (msgIndex=4 wall=360ms seq=4 h=android.app.ActivityThread$H w=159)
I/Choreographer(17138): Skipped 93 frames!  The application may be doing too much work on its main thread.
D/SurfaceView(17138): UPDATE Surface(name=SurfaceView[com.example.benchmark_container/com.example.benchmark_container.MainActivity])/@0x739554a, mIsProjectionMode = false
W/Looper  (17138): PerfMonitor doFrame : time=3ms vsyncFrame=0 latency=1561ms procState=-1 historyMsgCount=4
[spm]: Connected to Dart VM service.
I/flutter (17138): 00:00 +0: Performance Benchmark
E/hmark_containe(17138): open libmigui.so failed! dlopen - dlopen failed: library "libmigui.so" not found
D/hmark_containe(17138): MiuiProcessManagerServiceStub setSchedFifo
I/MiuiProcessManagerImpl(17138): setSchedFifo pid:17138, mode:3
D/DecorView[](17138): onWindowFocusChanged hasWindowFocus true
D/DecorView[](17138): getWindowModeFromSystem  windowmode is 1
D/DecorView[](17138): updateDecorCaptionStatus displayWindowDecor is false
D/ProfileInstaller(17138): Installing profile for com.example.benchmark_container
[spm]: ProfilerData event received.
I/flutter (17138): [SPM:perf] 698a51a  buildSpan: 494µs
I/flutter (17138): [spm] Performance monitoring completed for 698a51a
[spm]: ProfilerData event received.
I/flutter (17138): [SPM:perf] 698a51a  buildSpan: 536µs
I/flutter (17138): [spm] Performance monitoring completed for 698a51a
[spm]: ProfilerData event received.
I/flutter (17138): [SPM:perf] 698a51a  buildSpan: 536µs
I/flutter (17138): [spm] Performance monitoring completed for 698a51a
[spm]: ProfilerData event received.
I/flutter (17138): [SPM:perf] 698a51a  buildSpan: 820µs
I/flutter (17138): [spm] Performance monitoring completed for 698a51a
I/flutter (17138): [SPM:perf] 698a51a  buildSpan: 653µs
I/flutter (17138): [spm] Performance monitoring completed for 698a51a
[spm]: ProfilerData event received.
[spm]: ProfilerData event received.
I/flutter (17138): [SPM:perf] 698a51a  buildSpan: 628µs
I/flutter (17138): [spm] Performance monitoring completed for 698a51a
[spm]: ProfilerData event received.
I/flutter (17138): [SPM:perf] 698a51a  buildSpan: 605µs
I/flutter (17138): [spm] Performance monitoring completed for 698a51a
[spm]: ProfilerData event received.
I/flutter (17138): [SPM:perf] 698a51a  buildSpan: 687µs
I/flutter (17138): [spm] Performance monitoring completed for 698a51a
[spm]: ProfilerData event received.
I/flutter (17138): [SPM:perf] 698a51a  buildSpan: 676µs
I/flutter (17138): [spm] Performance monitoring completed for 698a51a
I/flutter (17138): [SPM:perf] 698a51a  buildSpan: 649µs
[spm]: ProfilerData event received.
I/flutter (17138): [spm] Performance monitoring completed for 698a51a
[spm]: ProfilerData event received.
I/flutter (17138): [SPM:perf] 698a51a  buildSpan: 844µs
I/flutter (17138): [spm] Performance monitoring completed for 698a51a
[spm]: ProfilerData event received.
I/flutter (17138): [SPM:perf] 698a51a  buildSpan: 621µs
I/flutter (17138): [spm] Performance monitoring completed for 698a51a
I/flutter (17138): [SPM:perf] 698a51a  buildSpan: 705µs
I/flutter (17138): [spm] Performance monitoring completed for 698a51a
[spm]: ProfilerData event received.
[spm]: ProfilerData event received.
I/flutter (17138): [SPM:perf] 698a51a  buildSpan: 458µs
I/flutter (17138): [spm] Performance monitoring completed for 698a51a
I/flutter (17138): [SPM:perf] 698a51a  buildSpan: 678µs
[spm]: ProfilerData event received.
I/flutter (17138): [spm] Performance monitoring completed for 698a51a
[spm]: ProfilerData event received.
I/flutter (17138): [SPM:perf] 698a51a  buildSpan: 683µs
I/flutter (17138): [spm] Performance monitoring completed for 698a51a
[spm]: ProfilerData event received.
I/flutter (17138): [SPM:perf] 698a51a  buildSpan: 702µs
I/flutter (17138): [spm] Performance monitoring completed for 698a51a
[spm]: ProfilerData event received.
I/flutter (17138): [SPM:perf] 698a51a  buildSpan: 465µs
I/flutter (17138): [spm] Performance monitoring completed for 698a51a
[spm]: ProfilerData event received.
I/flutter (17138): [SPM:perf] 698a51a  buildSpan: 641µs
I/flutter (17138): [spm] Performance monitoring completed for 698a51a
[spm]: ProfilerData event received.
I/flutter (17138): [SPM:perf] 698a51a  buildSpan: 641µs
I/flutter (17138): [spm] Performance monitoring completed for 698a51a
[spm]: ProfilerData event received.
I/flutter (17138): [SPM:perf] 698a51a  buildSpan: 543µs
I/flutter (17138): [spm] Performance monitoring completed for 698a51a
[spm]: ProfilerData event received.
I/flutter (17138): [SPM:perf] 698a51a  buildSpan: 425µs
I/flutter (17138): [spm] Performance monitoring completed for 698a51a
I/flutter (17138): [SPM:perf] 698a51a  buildSpan: 733µs
I/flutter (17138): [spm] Performance monitoring completed for 698a51a
[spm]: ProfilerData event received.
[spm]: ProfilerData event received.
I/flutter (17138): [SPM:perf] 698a51a  buildSpan: 567µs
I/flutter (17138): [spm] Performance monitoring completed for 698a51a
[spm]: ProfilerData event received.
I/flutter (17138): [SPM:perf] 698a51a  buildSpan: 1056µs
I/flutter (17138): [spm] Performance monitoring completed for 698a51a
[spm]: ProfilerData event received.
I/flutter (17138): [SPM:perf] 698a51a  buildSpan: 613µs
I/flutter (17138): [spm] Performance monitoring completed for 698a51a
I/flutter (17138): [SPM:perf] 698a51a  buildSpan: 629µs
[spm]: ProfilerData event received.
I/flutter (17138): [spm] Performance monitoring completed for 698a51a
[spm]: ProfilerData event received.
I/flutter (17138): [SPM:perf] 698a51a  buildSpan: 847µs
I/flutter (17138): [spm] Performance monitoring completed for 698a51a
[spm]: ProfilerData event received.
I/flutter (17138): [SPM:perf] 698a51a  buildSpan: 622µs
I/flutter (17138): [spm] Performance monitoring completed for 698a51a
[spm]: ProfilerData event received.
I/flutter (17138): [SPM:perf] 698a51a  buildSpan: 736µs
I/flutter (17138): [spm] Performance monitoring completed for 698a51a
I/flutter (17138): 01:10 +1: (tearDownAll)
I/flutter (17138): 01:11 +2: All tests passed!
All tests passed.
[spm]: Saved 30 profiler events to <ROOT>/dataset-new_samples/2987/redmi9t/raw/20260913-234351/rev_001_a2ef3b0d/e2.jsonl
[spm]: Reverting injection...
3 issues found. (ran in 0.6s)
WARNING: Your Android app project: app located at: <ROOT>/android/app/build.gradle.kts
applies the Kotlin Gradle Plugin, which will cause build failures in future versions of Flutter. 
Please migrate your app to Built-in Kotlin using this guide: https://docs.flutter.dev/release/breaking-changes/migrate-to-built-in-kotlin/for-app-developers

VMServiceFlutterDriver: Connecting to Flutter application at http://127.0.0.1:37687/-5oo4MIFkKE=/
[spm]: Detected VM service URI: ws://127.0.0.1:37687/-5oo4MIFkKE=/ws
VMServiceFlutterDriver: Isolate found with number: 1923988786039843
VMServiceFlutterDriver: Isolate 1923988786039843 is runnable.
VMServiceFlutterDriver: Isolate is paused at start.
VMServiceFlutterDriver: Attempting to resume isolate
VMServiceFlutterDriver: Connected to Flutter application.
VMServiceFlutterDriver: request_data message is taking a long time to complete...