# sample_id=0334/rev_007_e854d9d7 exec_index=0 ok=True perf_lines=30 vm_events=30 battery_pct=72 soc_temp_millic=40200 battery_temp_c=30.2 charging=False preflight_started=2026-09-16T07:58:13.259707+00:00 started=2026-09-16T07:58:15.600845+00:00 ts=2026-09-16T08:00:15.154377+00:00
[spm]: Running flutter analyze...
Resolving dependencies...
Downloading packages...
  _fe_analyzer_shared 100.0.0 (108.0.0 available)
  analyzer 13.0.0 (14.4.0 available)
  async 2.13.0 (2.13.1 available)
  clock 1.1.2 (1.1.3 available)
  cupertino_icons 1.0.8 (1.0.9 available)
  glob 2.1.3 (2.2.0 available)
  lints 6.0.0 (6.1.0 available)
  matcher 0.12.19 (0.12.20 available)
  material_color_utilities 0.13.0 (0.13.1 available)
  meta 1.18.0 (1.19.0 available)
  package_config 2.2.0 (3.0.0 available)
  platform 3.1.6 (3.2.0 available)
  process 5.0.5 (5.0.6 available)
  pub_semver 2.2.0 (2.2.1 available)
  source_span 1.10.1 (1.10.2 available)
  stack_trace 1.12.1 (1.12.2 available)
  test_api 0.7.11 (0.7.14 available)
  vector_math 2.2.0 (2.4.2 available)
  vm_service 15.0.2 (15.3.0 available)
  webdriver 3.1.0 (3.2.0 available)
  yaml 3.1.3 (3.1.4 available)
Got dependencies!
21 packages have newer versions incompatible with dependency constraints.
Try `flutter pub outdated` for more information.
Analyzing lib...                                                

   info • The part-of directive uses a library name. Try converting the directive to use the URI of the library • lib/dependencies.dart:43:1 • use_string_in_part_of_directives
   info • The variable name 'EEEE' isn't a lowerCamelCase identifier. Try changing the name to follow the lowerCamelCase style • lib/dependencies.dart:89:14 • non_constant_identifier_names
   info • The variable name 'LLL' isn't a lowerCamelCase identifier. Try changing the name to follow the lowerCamelCase style • lib/dependencies.dart:90:14 • non_constant_identifier_names
   info • The variable name 'LLLL' isn't a lowerCamelCase identifier. Try changing the name to follow the lowerCamelCase style • lib/dependencies.dart:91:14 • non_constant_identifier_names
   info • The variable name 'Md' isn't a lowerCamelCase identifier. Try changing the name to follow the lowerCamelCase style • lib/dependencies.dart:93:14 • non_constant_identifier_names
   info • The variable name 'MEd' isn't a lowerCamelCase identifier. Try changing the name to follow the lowerCamelCase style • lib/dependencies.dart:94:14 • non_constant_identifier_names
   info • The variable name 'MMM' isn't a lowerCamelCase identifier. Try changing the name to follow the lowerCamelCase style • lib/dependencies.dart:95:14 • non_constant_identifier_names
   info • The variable name 'MMMd' isn't a lowerCamelCase identifier. Try changing the name to follow the lowerCamelCase style • lib/dependencies.dart:96:14 • non_constant_identifier_names
   info • The variable name 'MMMEd' isn't a lowerCamelCase identifier. Try changing the name to follow the lowerCamelCase style • lib/dependencies.dart:97:14 • non_constant_identifier_names
   info • The variable name 'MMMM' isn't a lowerCamelCase identifier. Try changing the name to follow the lowerCamelCase style • lib/dependencies.dart:98:14 • non_constant_identifier_names
   info • The variable name 'MMMMd' isn't a lowerCamelCase identifier. Try changing the name to follow the lowerCamelCase style • lib/dependencies.dart:99:14 • non_constant_identifier_names
   info • The variable name 'MMMMEEEEd' isn't a lowerCamelCase identifier. Try changing the name to follow the lowerCamelCase style • lib/dependencies.dart:100:14 • non_constant_identifier_names
   info • The variable name 'QQQ' isn't a lowerCamelCase identifier. Try changing the name to follow the lowerCamelCase style • lib/dependencies.dart:102:14 • non_constant_identifier_names
   info • The variable name 'QQQQ' isn't a lowerCamelCase identifier. Try changing the name to follow the lowerCamelCase style • lib/dependencies.dart:103:14 • non_constant_identifier_names
   info • The variable name 'Hm' isn't a lowerCamelCase identifier. Try changing the name to follow the lowerCamelCase style • lib/dependencies.dart:118:14 • non_constant_identifier_names
   info • The variable name 'Hms' isn't a lowerCamelCase identifier. Try changing the name to follow the lowerCamelCase style • lib/dependencies.dart:119:14 • non_constant_identifier_names
   info • The type parameter name 'State' matches a visible type name. Try changing the type parameter name to not match an existing type • lib/dependencies.dart:206:19 • avoid_types_as_parameter_names
   info • Library names are not necessary. Remove the library name • lib/generated_widget.dart:2:9 • unnecessary_library_name
   info • Constructors in '@immutable' classes should be declared as 'const'. Try adding 'const' to the constructor declaration • lib/generated_widget.dart:11:3 • prefer_const_constructors_in_immutables

[spm]: Injecting profiler code...
[spm]: Starting app...
Running Gradle task 'assembleProfile'...                        
Running Gradle task 'assembleProfile'...                           20.4s
✓ Built build/app/outputs/flutter-apk/app-profile.apk (26.8MB)
Installing build/app/outputs/flutter-apk/app-profile.apk...        983ms
W/Looper  (20972): PerfMonitor longMsg : seq=8 plan=10:58:51.172 late=471ms wall=1756ms running=0ms h=android.view.Choreographer$FrameHandler c=android.view.Choreographer$FrameDisplayEventReceiver procState=-1
W/Looper  (20972): PerfMonitor doFrame : time=1756ms vsyncFrame=0 latency=471ms procState=-1 historyMsgCount=7 (msgIndex=2 wall=454ms seq=4 h=android.app.ActivityThread$H w=159) (msgIndex=3 wall=1756ms seq=8 late=471ms h=android.view.Choreographer$FrameHandler c=android.view.Choreographer$FrameDisplayEventReceiver) (msgIndex=4 wall=454ms seq=4 h=android.app.ActivityThread$H w=159)
I/Choreographer(20972): Skipped 99 frames!  The application may be doing too much work on its main thread.
D/SurfaceView(20972): UPDATE Surface(name=SurfaceView[com.example.benchmark_container/com.example.benchmark_container.MainActivity])/@0x9ac515, mIsProjectionMode = false
W/Looper  (20972): PerfMonitor doFrame : time=2ms vsyncFrame=0 latency=1652ms procState=-1 historyMsgCount=4
[spm]: Connected to Dart VM service.
I/flutter (20972): 00:00 +0: Performance Benchmark
E/hmark_containe(20972): open libmigui.so failed! dlopen - dlopen failed: library "libmigui.so" not found
D/hmark_containe(20972): MiuiProcessManagerServiceStub setSchedFifo
I/MiuiProcessManagerImpl(20972): setSchedFifo pid:20972, mode:3
D/DecorView[](20972): onWindowFocusChanged hasWindowFocus true
D/DecorView[](20972): getWindowModeFromSystem  windowmode is 1
D/DecorView[](20972): updateDecorCaptionStatus displayWindowDecor is false
D/ProfileInstaller(20972): Installing profile for com.example.benchmark_container
[spm]: ProfilerData event received.
I/flutter (20972): [SPM:perf] 698a51a  buildSpan: 2794µs
I/flutter (20972): [spm] Performance monitoring completed for 698a51a
[spm]: ProfilerData event received.
I/flutter (20972): [SPM:perf] 698a51a  buildSpan: 2815µs
I/flutter (20972): [spm] Performance monitoring completed for 698a51a
[spm]: ProfilerData event received.
I/flutter (20972): [SPM:perf] 698a51a  buildSpan: 2620µs
I/flutter (20972): [spm] Performance monitoring completed for 698a51a
[spm]: ProfilerData event received.
I/flutter (20972): [SPM:perf] 698a51a  buildSpan: 2603µs
I/flutter (20972): [spm] Performance monitoring completed for 698a51a
[spm]: ProfilerData event received.
I/flutter (20972): [SPM:perf] 698a51a  buildSpan: 2786µs
I/flutter (20972): [spm] Performance monitoring completed for 698a51a
[spm]: ProfilerData event received.
I/flutter (20972): [SPM:perf] 698a51a  buildSpan: 2595µs
I/flutter (20972): [spm] Performance monitoring completed for 698a51a
I/flutter (20972): [SPM:perf] 698a51a  buildSpan: 2575µs
[spm]: ProfilerData event received.
I/flutter (20972): [spm] Performance monitoring completed for 698a51a
[spm]: ProfilerData event received.
I/flutter (20972): [SPM:perf] 698a51a  buildSpan: 2570µs
I/flutter (20972): [spm] Performance monitoring completed for 698a51a
[spm]: ProfilerData event received.
I/flutter (20972): [SPM:perf] 698a51a  buildSpan: 2735µs
I/flutter (20972): [spm] Performance monitoring completed for 698a51a
[spm]: ProfilerData event received.
I/flutter (20972): [SPM:perf] 698a51a  buildSpan: 2564µs
I/flutter (20972): [spm] Performance monitoring completed for 698a51a
[spm]: ProfilerData event received.
I/flutter (20972): [SPM:perf] 698a51a  buildSpan: 2634µs
I/flutter (20972): [spm] Performance monitoring completed for 698a51a
[spm]: ProfilerData event received.
I/flutter (20972): [SPM:perf] 698a51a  buildSpan: 2610µs
I/flutter (20972): [spm] Performance monitoring completed for 698a51a
[spm]: ProfilerData event received.
I/flutter (20972): [SPM:perf] 698a51a  buildSpan: 2611µs
I/flutter (20972): [spm] Performance monitoring completed for 698a51a
[spm]: ProfilerData event received.
I/flutter (20972): [SPM:perf] 698a51a  buildSpan: 2586µs
I/flutter (20972): [spm] Performance monitoring completed for 698a51a
I/flutter (20972): [SPM:perf] 698a51a  buildSpan: 2576µs
I/flutter (20972): [spm] Performance monitoring completed for 698a51a
[spm]: ProfilerData event received.
[spm]: ProfilerData event received.
I/flutter (20972): [SPM:perf] 698a51a  buildSpan: 2603µs
I/flutter (20972): [spm] Performance monitoring completed for 698a51a
[spm]: ProfilerData event received.
I/flutter (20972): [SPM:perf] 698a51a  buildSpan: 2630µs
I/flutter (20972): [spm] Performance monitoring completed for 698a51a
[spm]: ProfilerData event received.
I/flutter (20972): [SPM:perf] 698a51a  buildSpan: 2565µs
I/flutter (20972): [spm] Performance monitoring completed for 698a51a
[spm]: ProfilerData event received.
I/flutter (20972): [SPM:perf] 698a51a  buildSpan: 2706µs
I/flutter (20972): [spm] Performance monitoring completed for 698a51a
[spm]: ProfilerData event received.
I/flutter (20972): [SPM:perf] 698a51a  buildSpan: 2566µs
I/flutter (20972): [spm] Performance monitoring completed for 698a51a
[spm]: ProfilerData event received.
I/flutter (20972): [SPM:perf] 698a51a  buildSpan: 2771µs
I/flutter (20972): [spm] Performance monitoring completed for 698a51a
[spm]: ProfilerData event received.
I/flutter (20972): [SPM:perf] 698a51a  buildSpan: 2583µs
I/flutter (20972): [spm] Performance monitoring completed for 698a51a
[spm]: ProfilerData event received.
I/flutter (20972): [SPM:perf] 698a51a  buildSpan: 2733µs
I/flutter (20972): [spm] Performance monitoring completed for 698a51a
[spm]: ProfilerData event received.
I/flutter (20972): [SPM:perf] 698a51a  buildSpan: 2577µs
I/flutter (20972): [spm] Performance monitoring completed for 698a51a
[spm]: ProfilerData event received.
I/flutter (20972): [SPM:perf] 698a51a  buildSpan: 2544µs
I/flutter (20972): [spm] Performance monitoring completed for 698a51a
[spm]: ProfilerData event received.
I/flutter (20972): [SPM:perf] 698a51a  buildSpan: 2563µs
I/flutter (20972): [spm] Performance monitoring completed for 698a51a
[spm]: ProfilerData event received.
I/flutter (20972): [SPM:perf] 698a51a  buildSpan: 2566µs
I/flutter (20972): [spm] Performance monitoring completed for 698a51a
I/flutter (20972): [SPM:perf] 698a51a  buildSpan: 2587µs
I/flutter (20972): [spm] Performance monitoring completed for 698a51a
[spm]: ProfilerData event received.
[spm]: ProfilerData event received.
I/flutter (20972): [SPM:perf] 698a51a  buildSpan: 2656µs
I/flutter (20972): [spm] Performance monitoring completed for 698a51a
[spm]: ProfilerData event received.
I/flutter (20972): [SPM:perf] 698a51a  buildSpan: 2987µs
I/flutter (20972): [spm] Performance monitoring completed for 698a51a
I/flutter (20972): 01:10 +1: (tearDownAll)
I/flutter (20972): 01:11 +2: All tests passed!
All tests passed.
[spm]: Saved 30 profiler events to <ROOT>/dataset-new_samples/0334/redmi9t/raw/20260916-103139/rev_007_e854d9d7/e0.jsonl
[spm]: Reverting injection...
19 issues found. (ran in 0.5s)
WARNING: Your Android app project: app located at: <ROOT>/android/app/build.gradle.kts
applies the Kotlin Gradle Plugin, which will cause build failures in future versions of Flutter. 
Please migrate your app to Built-in Kotlin using this guide: https://docs.flutter.dev/release/breaking-changes/migrate-to-built-in-kotlin/for-app-developers

VMServiceFlutterDriver: Connecting to Flutter application at http://127.0.0.1:46549/vaOTqx3QyJ0=/
[spm]: Detected VM service URI: ws://127.0.0.1:46549/vaOTqx3QyJ0=/ws
VMServiceFlutterDriver: Isolate found with number: 1836870428193095
VMServiceFlutterDriver: Isolate 1836870428193095 is runnable.
VMServiceFlutterDriver: Isolate is paused at start.
VMServiceFlutterDriver: Attempting to resume isolate
VMServiceFlutterDriver: Connected to Flutter application.
VMServiceFlutterDriver: request_data message is taking a long time to complete...