# sample_id=0334/rev_007_e854d9d7 exec_index=6 ok=True perf_lines=30 vm_events=30 battery_pct=68 soc_temp_millic=40500 battery_temp_c=30.4 charging=False preflight_started=2026-09-16T09:08:06.042419+00:00 started=2026-09-16T09:08:08.394400+00:00 ts=2026-09-16T09:10:07.013364+00:00
[spm]: Running flutter analyze...
Resolving dependencies...
Downloading packages...
  _fe_analyzer_shared 100.0.0 (108.0.0 available)
  analyzer 13.0.0 (14.4.0 available)
  async 2.13.0 (2.13.1 available)
  clock 1.1.2 (1.1.3 available)
  cupertino_icons 1.0.8 (1.0.9 available)
  glob 2.1.3 (2.2.0 available)
  lints 6.0.0 (6.1.0 available)
  matcher 0.12.19 (0.12.20 available)
  material_color_utilities 0.13.0 (0.13.1 available)
  meta 1.18.0 (1.19.0 available)
  package_config 2.2.0 (3.0.0 available)
  platform 3.1.6 (3.2.0 available)
  process 5.0.5 (5.0.6 available)
  pub_semver 2.2.0 (2.2.1 available)
  source_span 1.10.1 (1.10.2 available)
  stack_trace 1.12.1 (1.12.2 available)
  test_api 0.7.11 (0.7.14 available)
  vector_math 2.2.0 (2.4.2 available)
  vm_service 15.0.2 (15.3.0 available)
  webdriver 3.1.0 (3.2.0 available)
  yaml 3.1.3 (3.1.4 available)
Got dependencies!
21 packages have newer versions incompatible with dependency constraints.
Try `flutter pub outdated` for more information.
Analyzing lib...                                                

   info • The part-of directive uses a library name. Try converting the directive to use the URI of the library • lib/dependencies.dart:43:1 • use_string_in_part_of_directives
   info • The variable name 'EEEE' isn't a lowerCamelCase identifier. Try changing the name to follow the lowerCamelCase style • lib/dependencies.dart:89:14 • non_constant_identifier_names
   info • The variable name 'LLL' isn't a lowerCamelCase identifier. Try changing the name to follow the lowerCamelCase style • lib/dependencies.dart:90:14 • non_constant_identifier_names
   info • The variable name 'LLLL' isn't a lowerCamelCase identifier. Try changing the name to follow the lowerCamelCase style • lib/dependencies.dart:91:14 • non_constant_identifier_names
   info • The variable name 'Md' isn't a lowerCamelCase identifier. Try changing the name to follow the lowerCamelCase style • lib/dependencies.dart:93:14 • non_constant_identifier_names
   info • The variable name 'MEd' isn't a lowerCamelCase identifier. Try changing the name to follow the lowerCamelCase style • lib/dependencies.dart:94:14 • non_constant_identifier_names
   info • The variable name 'MMM' isn't a lowerCamelCase identifier. Try changing the name to follow the lowerCamelCase style • lib/dependencies.dart:95:14 • non_constant_identifier_names
   info • The variable name 'MMMd' isn't a lowerCamelCase identifier. Try changing the name to follow the lowerCamelCase style • lib/dependencies.dart:96:14 • non_constant_identifier_names
   info • The variable name 'MMMEd' isn't a lowerCamelCase identifier. Try changing the name to follow the lowerCamelCase style • lib/dependencies.dart:97:14 • non_constant_identifier_names
   info • The variable name 'MMMM' isn't a lowerCamelCase identifier. Try changing the name to follow the lowerCamelCase style • lib/dependencies.dart:98:14 • non_constant_identifier_names
   info • The variable name 'MMMMd' isn't a lowerCamelCase identifier. Try changing the name to follow the lowerCamelCase style • lib/dependencies.dart:99:14 • non_constant_identifier_names
   info • The variable name 'MMMMEEEEd' isn't a lowerCamelCase identifier. Try changing the name to follow the lowerCamelCase style • lib/dependencies.dart:100:14 • non_constant_identifier_names
   info • The variable name 'QQQ' isn't a lowerCamelCase identifier. Try changing the name to follow the lowerCamelCase style • lib/dependencies.dart:102:14 • non_constant_identifier_names
   info • The variable name 'QQQQ' isn't a lowerCamelCase identifier. Try changing the name to follow the lowerCamelCase style • lib/dependencies.dart:103:14 • non_constant_identifier_names
   info • The variable name 'Hm' isn't a lowerCamelCase identifier. Try changing the name to follow the lowerCamelCase style • lib/dependencies.dart:118:14 • non_constant_identifier_names
   info • The variable name 'Hms' isn't a lowerCamelCase identifier. Try changing the name to follow the lowerCamelCase style • lib/dependencies.dart:119:14 • non_constant_identifier_names
   info • The type parameter name 'State' matches a visible type name. Try changing the type parameter name to not match an existing type • lib/dependencies.dart:206:19 • avoid_types_as_parameter_names
   info • Library names are not necessary. Remove the library name • lib/generated_widget.dart:2:9 • unnecessary_library_name
   info • Constructors in '@immutable' classes should be declared as 'const'. Try adding 'const' to the constructor declaration • lib/generated_widget.dart:11:3 • prefer_const_constructors_in_immutables

[spm]: Injecting profiler code...
[spm]: Starting app...
Running Gradle task 'assembleProfile'...                        
Running Gradle task 'assembleProfile'...                           20.1s
✓ Built build/app/outputs/flutter-apk/app-profile.apk (26.8MB)
Installing build/app/outputs/flutter-apk/app-profile.apk...        998ms
D/SurfaceView(31618): UPDATE null, mIsCastMode = false
D/hw-ProcessState(31618): Binder ioctl to enable oneway spam detection failed: Invalid argument
W/Looper  (31618): PerfMonitor longMsg : seq=8 plan=12:08:43.693 late=411ms wall=1732ms running=0ms h=android.view.Choreographer$FrameHandler c=android.view.Choreographer$FrameDisplayEventReceiver procState=-1
W/Looper  (31618): PerfMonitor doFrame : time=1732ms vsyncFrame=0 latency=411ms procState=-1 historyMsgCount=7 (msgIndex=1 wall=390ms seq=4 h=android.app.ActivityThread$H w=159) (msgIndex=2 wall=390ms seq=4 h=android.app.ActivityThread$H w=159) (msgIndex=3 wall=1732ms seq=8 late=411ms h=android.view.Choreographer$FrameHandler c=android.view.Choreographer$FrameDisplayEventReceiver) (msgIndex=4 wall=390ms seq=4 h=android.app.ActivityThread$H w=159)
I/Choreographer(31618): Skipped 98 frames!  The application may be doing too much work on its main thread.
D/SurfaceView(31618): UPDATE Surface(name=SurfaceView[com.example.benchmark_container/com.example.benchmark_container.MainActivity])/@0x9ac515, mIsProjectionMode = false
W/Looper  (31618): PerfMonitor doFrame : time=3ms vsyncFrame=0 latency=1649ms procState=-1 historyMsgCount=4
[spm]: Connected to Dart VM service.
I/flutter (31618): 00:00 +0: Performance Benchmark
E/hmark_containe(31618): open libmigui.so failed! dlopen - dlopen failed: library "libmigui.so" not found
D/hmark_containe(31618): MiuiProcessManagerServiceStub setSchedFifo
I/MiuiProcessManagerImpl(31618): setSchedFifo pid:31618, mode:3
D/DecorView[](31618): onWindowFocusChanged hasWindowFocus true
D/DecorView[](31618): getWindowModeFromSystem  windowmode is 1
D/DecorView[](31618): updateDecorCaptionStatus displayWindowDecor is false
D/ProfileInstaller(31618): Installing profile for com.example.benchmark_container
[spm]: ProfilerData event received.
I/flutter (31618): [SPM:perf] 698a51a  buildSpan: 3069µs
I/flutter (31618): [spm] Performance monitoring completed for 698a51a
I/flutter (31618): [SPM:perf] 698a51a  buildSpan: 2571µs
I/flutter (31618): [spm] Performance monitoring completed for 698a51a
[spm]: ProfilerData event received.
[spm]: ProfilerData event received.
I/flutter (31618): [SPM:perf] 698a51a  buildSpan: 2590µs
I/flutter (31618): [spm] Performance monitoring completed for 698a51a
[spm]: ProfilerData event received.
I/flutter (31618): [SPM:perf] 698a51a  buildSpan: 2715µs
I/flutter (31618): [spm] Performance monitoring completed for 698a51a
[spm]: ProfilerData event received.
I/flutter (31618): [SPM:perf] 698a51a  buildSpan: 2680µs
I/flutter (31618): [spm] Performance monitoring completed for 698a51a
[spm]: ProfilerData event received.
I/flutter (31618): [SPM:perf] 698a51a  buildSpan: 2611µs
I/flutter (31618): [spm] Performance monitoring completed for 698a51a
[spm]: ProfilerData event received.
I/flutter (31618): [SPM:perf] 698a51a  buildSpan: 2878µs
I/flutter (31618): [spm] Performance monitoring completed for 698a51a
[spm]: ProfilerData event received.
I/flutter (31618): [SPM:perf] 698a51a  buildSpan: 2605µs
I/flutter (31618): [spm] Performance monitoring completed for 698a51a
[spm]: ProfilerData event received.
I/flutter (31618): [SPM:perf] 698a51a  buildSpan: 2567µs
I/flutter (31618): [spm] Performance monitoring completed for 698a51a
[spm]: ProfilerData event received.
I/flutter (31618): [SPM:perf] 698a51a  buildSpan: 2802µs
I/flutter (31618): [spm] Performance monitoring completed for 698a51a
[spm]: ProfilerData event received.
I/flutter (31618): [SPM:perf] 698a51a  buildSpan: 2760µs
I/flutter (31618): [spm] Performance monitoring completed for 698a51a
[spm]: ProfilerData event received.
I/flutter (31618): [SPM:perf] 698a51a  buildSpan: 2572µs
I/flutter (31618): [spm] Performance monitoring completed for 698a51a
[spm]: ProfilerData event received.
I/flutter (31618): [SPM:perf] 698a51a  buildSpan: 2553µs
I/flutter (31618): [spm] Performance monitoring completed for 698a51a
[spm]: ProfilerData event received.
I/flutter (31618): [SPM:perf] 698a51a  buildSpan: 2781µs
I/flutter (31618): [spm] Performance monitoring completed for 698a51a
[spm]: ProfilerData event received.
I/flutter (31618): [SPM:perf] 698a51a  buildSpan: 2552µs
I/flutter (31618): [spm] Performance monitoring completed for 698a51a
[spm]: ProfilerData event received.
I/flutter (31618): [SPM:perf] 698a51a  buildSpan: 2557µs
I/flutter (31618): [spm] Performance monitoring completed for 698a51a
[spm]: ProfilerData event received.
I/flutter (31618): [SPM:perf] 698a51a  buildSpan: 2618µs
I/flutter (31618): [spm] Performance monitoring completed for 698a51a
[spm]: ProfilerData event received.
I/flutter (31618): [SPM:perf] 698a51a  buildSpan: 2665µs
I/flutter (31618): [spm] Performance monitoring completed for 698a51a
[spm]: ProfilerData event received.
I/flutter (31618): [SPM:perf] 698a51a  buildSpan: 2561µs
I/flutter (31618): [spm] Performance monitoring completed for 698a51a
[spm]: ProfilerData event received.
I/flutter (31618): [SPM:perf] 698a51a  buildSpan: 2567µs
I/flutter (31618): [spm] Performance monitoring completed for 698a51a
I/flutter (31618): [SPM:perf] 698a51a  buildSpan: 2635µs
[spm]: ProfilerData event received.
I/flutter (31618): [spm] Performance monitoring completed for 698a51a
[spm]: ProfilerData event received.
I/flutter (31618): [SPM:perf] 698a51a  buildSpan: 2690µs
I/flutter (31618): [spm] Performance monitoring completed for 698a51a
I/flutter (31618): [SPM:perf] 698a51a  buildSpan: 2596µs
[spm]: ProfilerData event received.
I/flutter (31618): [spm] Performance monitoring completed for 698a51a
I/flutter (31618): [SPM:perf] 698a51a  buildSpan: 2593µs
I/flutter (31618): [spm] Performance monitoring completed for 698a51a
[spm]: ProfilerData event received.
[spm]: ProfilerData event received.
I/flutter (31618): [SPM:perf] 698a51a  buildSpan: 2989µs
I/flutter (31618): [spm] Performance monitoring completed for 698a51a
[spm]: ProfilerData event received.
I/flutter (31618): [SPM:perf] 698a51a  buildSpan: 2865µs
I/flutter (31618): [spm] Performance monitoring completed for 698a51a
[spm]: ProfilerData event received.
I/flutter (31618): [SPM:perf] 698a51a  buildSpan: 2606µs
I/flutter (31618): [spm] Performance monitoring completed for 698a51a
[spm]: ProfilerData event received.
I/flutter (31618): [SPM:perf] 698a51a  buildSpan: 2796µs
I/flutter (31618): [spm] Performance monitoring completed for 698a51a
[spm]: ProfilerData event received.
I/flutter (31618): [SPM:perf] 698a51a  buildSpan: 2675µs
I/flutter (31618): [spm] Performance monitoring completed for 698a51a
[spm]: ProfilerData event received.
I/flutter (31618): [SPM:perf] 698a51a  buildSpan: 2542µs
I/flutter (31618): [spm] Performance monitoring completed for 698a51a
I/flutter (31618): 01:10 +1: (tearDownAll)
I/flutter (31618): 01:11 +2: All tests passed!
All tests passed.
[spm]: Saved 30 profiler events to <ROOT>/dataset-new_samples/0334/redmi9t/raw/20260916-103139/rev_007_e854d9d7/e6.jsonl
[spm]: Reverting injection...
19 issues found. (ran in 0.5s)
WARNING: Your Android app project: app located at: <ROOT>/android/app/build.gradle.kts
applies the Kotlin Gradle Plugin, which will cause build failures in future versions of Flutter. 
Please migrate your app to Built-in Kotlin using this guide: https://docs.flutter.dev/release/breaking-changes/migrate-to-built-in-kotlin/for-app-developers

VMServiceFlutterDriver: Connecting to Flutter application at http://127.0.0.1:41677/FGiUY8NI5m8=/
[spm]: Detected VM service URI: ws://127.0.0.1:41677/FGiUY8NI5m8=/ws
VMServiceFlutterDriver: Isolate found with number: 7138879091975343
VMServiceFlutterDriver: Isolate 7138879091975343 is runnable.
VMServiceFlutterDriver: Isolate is paused at start.
VMServiceFlutterDriver: Attempting to resume isolate
VMServiceFlutterDriver: Connected to Flutter application.
VMServiceFlutterDriver: request_data message is taking a long time to complete...