# sample_id=0334/rev_007_e854d9d7 exec_index=7 ok=True perf_lines=30 vm_events=30 battery_pct=70 soc_temp_millic=39800 battery_temp_c=30.2 charging=False preflight_started=2026-09-16T08:30:45.555125+00:00 started=2026-09-16T08:30:47.893366+00:00 ts=2026-09-16T08:32:47.570947+00:00
[spm]: Running flutter analyze...
Resolving dependencies...
Downloading packages...
  _fe_analyzer_shared 100.0.0 (108.0.0 available)
  analyzer 13.0.0 (14.4.0 available)
  async 2.13.0 (2.13.1 available)
  clock 1.1.2 (1.1.3 available)
  cupertino_icons 1.0.8 (1.0.9 available)
  glob 2.1.3 (2.2.0 available)
  lints 6.0.0 (6.1.0 available)
  matcher 0.12.19 (0.12.20 available)
  material_color_utilities 0.13.0 (0.13.1 available)
  meta 1.18.0 (1.19.0 available)
  package_config 2.2.0 (3.0.0 available)
  platform 3.1.6 (3.2.0 available)
  process 5.0.5 (5.0.6 available)
  pub_semver 2.2.0 (2.2.1 available)
  source_span 1.10.1 (1.10.2 available)
  stack_trace 1.12.1 (1.12.2 available)
  test_api 0.7.11 (0.7.14 available)
  vector_math 2.2.0 (2.4.2 available)
  vm_service 15.0.2 (15.3.0 available)
  webdriver 3.1.0 (3.2.0 available)
  yaml 3.1.3 (3.1.4 available)
Got dependencies!
21 packages have newer versions incompatible with dependency constraints.
Try `flutter pub outdated` for more information.
Analyzing lib...                                                

   info • The part-of directive uses a library name. Try converting the directive to use the URI of the library • lib/dependencies.dart:43:1 • use_string_in_part_of_directives
   info • The variable name 'EEEE' isn't a lowerCamelCase identifier. Try changing the name to follow the lowerCamelCase style • lib/dependencies.dart:89:14 • non_constant_identifier_names
   info • The variable name 'LLL' isn't a lowerCamelCase identifier. Try changing the name to follow the lowerCamelCase style • lib/dependencies.dart:90:14 • non_constant_identifier_names
   info • The variable name 'LLLL' isn't a lowerCamelCase identifier. Try changing the name to follow the lowerCamelCase style • lib/dependencies.dart:91:14 • non_constant_identifier_names
   info • The variable name 'Md' isn't a lowerCamelCase identifier. Try changing the name to follow the lowerCamelCase style • lib/dependencies.dart:93:14 • non_constant_identifier_names
   info • The variable name 'MEd' isn't a lowerCamelCase identifier. Try changing the name to follow the lowerCamelCase style • lib/dependencies.dart:94:14 • non_constant_identifier_names
   info • The variable name 'MMM' isn't a lowerCamelCase identifier. Try changing the name to follow the lowerCamelCase style • lib/dependencies.dart:95:14 • non_constant_identifier_names
   info • The variable name 'MMMd' isn't a lowerCamelCase identifier. Try changing the name to follow the lowerCamelCase style • lib/dependencies.dart:96:14 • non_constant_identifier_names
   info • The variable name 'MMMEd' isn't a lowerCamelCase identifier. Try changing the name to follow the lowerCamelCase style • lib/dependencies.dart:97:14 • non_constant_identifier_names
   info • The variable name 'MMMM' isn't a lowerCamelCase identifier. Try changing the name to follow the lowerCamelCase style • lib/dependencies.dart:98:14 • non_constant_identifier_names
   info • The variable name 'MMMMd' isn't a lowerCamelCase identifier. Try changing the name to follow the lowerCamelCase style • lib/dependencies.dart:99:14 • non_constant_identifier_names
   info • The variable name 'MMMMEEEEd' isn't a lowerCamelCase identifier. Try changing the name to follow the lowerCamelCase style • lib/dependencies.dart:100:14 • non_constant_identifier_names
   info • The variable name 'QQQ' isn't a lowerCamelCase identifier. Try changing the name to follow the lowerCamelCase style • lib/dependencies.dart:102:14 • non_constant_identifier_names
   info • The variable name 'QQQQ' isn't a lowerCamelCase identifier. Try changing the name to follow the lowerCamelCase style • lib/dependencies.dart:103:14 • non_constant_identifier_names
   info • The variable name 'Hm' isn't a lowerCamelCase identifier. Try changing the name to follow the lowerCamelCase style • lib/dependencies.dart:118:14 • non_constant_identifier_names
   info • The variable name 'Hms' isn't a lowerCamelCase identifier. Try changing the name to follow the lowerCamelCase style • lib/dependencies.dart:119:14 • non_constant_identifier_names
   info • The type parameter name 'State' matches a visible type name. Try changing the type parameter name to not match an existing type • lib/dependencies.dart:206:19 • avoid_types_as_parameter_names
   info • Library names are not necessary. Remove the library name • lib/generated_widget.dart:2:9 • unnecessary_library_name
   info • Constructors in '@immutable' classes should be declared as 'const'. Try adding 'const' to the constructor declaration • lib/generated_widget.dart:11:3 • prefer_const_constructors_in_immutables

[spm]: Injecting profiler code...
[spm]: Starting app...
Running Gradle task 'assembleProfile'...                        
Running Gradle task 'assembleProfile'...                           20.9s
✓ Built build/app/outputs/flutter-apk/app-profile.apk (26.8MB)
Installing build/app/outputs/flutter-apk/app-profile.apk...      1,006ms
E/MiuiMultiWindowUtils(24257): initFreeFormResolutionArgs failed, device is lime
D/IS_CTS_MODE(24257): true
D/MULTI_WINDOW_SWITCH_ENABLED(24257): false
D/IS_CTS_MODE(24257): true
D/MULTI_WINDOW_SWITCH_ENABLED(24257): false
D/IS_CTS_MODE(24257): true
D/MULTI_WINDOW_SWITCH_ENABLED(24257): false
D/DecorView[](24257): getWindowModeFromSystem  windowmode is 1
D/DecorView[](24257): getWindowModeFromSystem  windowmode is 1
D/DecorView[](24257): updateDecorCaptionStatus displayWindowDecor is false
W/Looper  (24257): PerfMonitor looperActivity : package=com.example.benchmark_container/.MainActivity time=454ms latency=377ms running=0ms  procState=-1  historyMsgCount=3 (msgIndex=3 wall=361ms seq=3 h=android.app.ActivityThread$H w=110)
W/Looper  (24257): PerfMonitor looperActivity : package=com.example.benchmark_container/.MainActivity time=1ms latency=832ms running=0ms  procState=-1  historyMsgCount=4 (msgIndex=3 wall=361ms seq=3 h=android.app.ActivityThread$H w=110) (msgIndex=4 wall=454ms seq=4 late=377ms h=android.app.ActivityThread$H w=159)
D/SurfaceView(24257): UPDATE null, mIsCastMode = false
D/hw-ProcessState(24257): Binder ioctl to enable oneway spam detection failed: Invalid argument
W/Looper  (24257): PerfMonitor longMsg : seq=8 plan=11:31:24.035 late=497ms wall=1773ms running=0ms h=android.view.Choreographer$FrameHandler c=android.view.Choreographer$FrameDisplayEventReceiver procState=-1
W/Looper  (24257): PerfMonitor doFrame : time=1773ms vsyncFrame=0 latency=497ms procState=-1 historyMsgCount=6 (msgIndex=2 wall=1773ms seq=8 late=497ms h=android.view.Choreographer$FrameHandler c=android.view.Choreographer$FrameDisplayEventReceiver) (msgIndex=3 wall=454ms seq=4 h=android.app.ActivityThread$H w=159)
I/Choreographer(24257): Skipped 100 frames!  The application may be doing too much work on its main thread.
D/SurfaceView(24257): UPDATE Surface(name=SurfaceView[com.example.benchmark_container/com.example.benchmark_container.MainActivity])/@0x9ac515, mIsProjectionMode = false
W/Looper  (24257): PerfMonitor doFrame : time=2ms vsyncFrame=0 latency=1676ms procState=-1 historyMsgCount=4
[spm]: Connected to Dart VM service.
I/flutter (24257): 00:00 +0: Performance Benchmark
E/hmark_containe(24257): open libmigui.so failed! dlopen - dlopen failed: library "libmigui.so" not found
D/hmark_containe(24257): MiuiProcessManagerServiceStub setSchedFifo
I/MiuiProcessManagerImpl(24257): setSchedFifo pid:24257, mode:3
D/DecorView[](24257): onWindowFocusChanged hasWindowFocus true
D/DecorView[](24257): getWindowModeFromSystem  windowmode is 1
D/DecorView[](24257): updateDecorCaptionStatus displayWindowDecor is false
D/ProfileInstaller(24257): Installing profile for com.example.benchmark_container
[spm]: ProfilerData event received.
I/flutter (24257): [SPM:perf] 698a51a  buildSpan: 3083µs
I/flutter (24257): [spm] Performance monitoring completed for 698a51a
[spm]: ProfilerData event received.
I/flutter (24257): [SPM:perf] 698a51a  buildSpan: 2681µs
I/flutter (24257): [spm] Performance monitoring completed for 698a51a
[spm]: ProfilerData event received.
I/flutter (24257): [SPM:perf] 698a51a  buildSpan: 2723µs
I/flutter (24257): [spm] Performance monitoring completed for 698a51a
[spm]: ProfilerData event received.
I/flutter (24257): [SPM:perf] 698a51a  buildSpan: 2576µs
I/flutter (24257): [spm] Performance monitoring completed for 698a51a
[spm]: ProfilerData event received.
I/flutter (24257): [SPM:perf] 698a51a  buildSpan: 2582µs
I/flutter (24257): [spm] Performance monitoring completed for 698a51a
[spm]: ProfilerData event received.
I/flutter (24257): [SPM:perf] 698a51a  buildSpan: 2541µs
I/flutter (24257): [spm] Performance monitoring completed for 698a51a
[spm]: ProfilerData event received.
I/flutter (24257): [SPM:perf] 698a51a  buildSpan: 2647µs
I/flutter (24257): [spm] Performance monitoring completed for 698a51a
[spm]: ProfilerData event received.
I/flutter (24257): [SPM:perf] 698a51a  buildSpan: 2576µs
I/flutter (24257): [spm] Performance monitoring completed for 698a51a
[spm]: ProfilerData event received.
I/flutter (24257): [SPM:perf] 698a51a  buildSpan: 2618µs
I/flutter (24257): [spm] Performance monitoring completed for 698a51a
[spm]: ProfilerData event received.
I/flutter (24257): [SPM:perf] 698a51a  buildSpan: 3135µs
I/flutter (24257): [spm] Performance monitoring completed for 698a51a
[spm]: ProfilerData event received.
I/flutter (24257): [SPM:perf] 698a51a  buildSpan: 2662µs
I/flutter (24257): [spm] Performance monitoring completed for 698a51a
[spm]: ProfilerData event received.
I/flutter (24257): [SPM:perf] 698a51a  buildSpan: 3445µs
I/flutter (24257): [spm] Performance monitoring completed for 698a51a
[spm]: ProfilerData event received.
I/flutter (24257): [SPM:perf] 698a51a  buildSpan: 2566µs
I/flutter (24257): [spm] Performance monitoring completed for 698a51a
[spm]: ProfilerData event received.
I/flutter (24257): [SPM:perf] 698a51a  buildSpan: 2635µs
I/flutter (24257): [spm] Performance monitoring completed for 698a51a
[spm]: ProfilerData event received.
I/flutter (24257): [SPM:perf] 698a51a  buildSpan: 2561µs
I/flutter (24257): [spm] Performance monitoring completed for 698a51a
[spm]: ProfilerData event received.
I/flutter (24257): [SPM:perf] 698a51a  buildSpan: 2562µs
I/flutter (24257): [spm] Performance monitoring completed for 698a51a
[spm]: ProfilerData event received.
I/flutter (24257): [SPM:perf] 698a51a  buildSpan: 2727µs
I/flutter (24257): [spm] Performance monitoring completed for 698a51a
[spm]: ProfilerData event received.
I/flutter (24257): [SPM:perf] 698a51a  buildSpan: 2569µs
I/flutter (24257): [spm] Performance monitoring completed for 698a51a
[spm]: ProfilerData event received.
I/flutter (24257): [SPM:perf] 698a51a  buildSpan: 2804µs
I/flutter (24257): [spm] Performance monitoring completed for 698a51a
[spm]: ProfilerData event received.
I/flutter (24257): [SPM:perf] 698a51a  buildSpan: 2606µs
I/flutter (24257): [spm] Performance monitoring completed for 698a51a
[spm]: ProfilerData event received.
I/flutter (24257): [SPM:perf] 698a51a  buildSpan: 2565µs
I/flutter (24257): [spm] Performance monitoring completed for 698a51a
I/flutter (24257): [SPM:perf] 698a51a  buildSpan: 2554µs
I/flutter (24257): [spm] Performance monitoring completed for 698a51a
[spm]: ProfilerData event received.
[spm]: ProfilerData event received.
I/flutter (24257): [SPM:perf] 698a51a  buildSpan: 2653µs
I/flutter (24257): [spm] Performance monitoring completed for 698a51a
[spm]: ProfilerData event received.
I/flutter (24257): [SPM:perf] 698a51a  buildSpan: 2788µs
I/flutter (24257): [spm] Performance monitoring completed for 698a51a
[spm]: ProfilerData event received.
I/flutter (24257): [SPM:perf] 698a51a  buildSpan: 2567µs
I/flutter (24257): [spm] Performance monitoring completed for 698a51a
[spm]: ProfilerData event received.
I/flutter (24257): [SPM:perf] 698a51a  buildSpan: 2562µs
I/flutter (24257): [spm] Performance monitoring completed for 698a51a
[spm]: ProfilerData event received.
I/flutter (24257): [SPM:perf] 698a51a  buildSpan: 2608µs
I/flutter (24257): [spm] Performance monitoring completed for 698a51a
[spm]: ProfilerData event received.
I/flutter (24257): [SPM:perf] 698a51a  buildSpan: 2682µs
I/flutter (24257): [spm] Performance monitoring completed for 698a51a
I/flutter (24257): [SPM:perf] 698a51a  buildSpan: 2680µs
[spm]: ProfilerData event received.
I/flutter (24257): [spm] Performance monitoring completed for 698a51a
[spm]: ProfilerData event received.
I/flutter (24257): [SPM:perf] 698a51a  buildSpan: 2565µs
I/flutter (24257): [spm] Performance monitoring completed for 698a51a
I/flutter (24257): 01:10 +1: (tearDownAll)
I/flutter (24257): 01:11 +2: All tests passed!
All tests passed.
[spm]: Saved 30 profiler events to <ROOT>/dataset-new_samples/0334/redmi9t/raw/20260916-103139/rev_007_e854d9d7/e7.jsonl
[spm]: Reverting injection...
19 issues found. (ran in 0.5s)
WARNING: Your Android app project: app located at: <ROOT>/android/app/build.gradle.kts
applies the Kotlin Gradle Plugin, which will cause build failures in future versions of Flutter. 
Please migrate your app to Built-in Kotlin using this guide: https://docs.flutter.dev/release/breaking-changes/migrate-to-built-in-kotlin/for-app-developers

VMServiceFlutterDriver: Connecting to Flutter application at http://127.0.0.1:33143/TMtw7KKwbPw=/
[spm]: Detected VM service URI: ws://127.0.0.1:33143/TMtw7KKwbPw=/ws
VMServiceFlutterDriver: Isolate found with number: 3417176646392019
VMServiceFlutterDriver: Isolate 3417176646392019 is runnable.
VMServiceFlutterDriver: Isolate is paused at start.
VMServiceFlutterDriver: Attempting to resume isolate
VMServiceFlutterDriver: Connected to Flutter application.
VMServiceFlutterDriver: request_data message is taking a long time to complete...