# sample_id=13/base exec_index=7 ok=True perf_lines=30 vm_events=30 battery_pct=66 soc_temp_millic=42300 battery_temp_c=30.7 charging=False preflight_started=2026-07-31T08:38:58.145858+00:00 started=2026-07-31T08:39:00.533989+00:00 ts=2026-07-31T08:40:57.843619+00:00
[spm]: Running flutter analyze...
Analyzing lib...                                                

   info • Invalid use of a private type in a public API. Try making the private type public, or making the API that uses the private type also be private • lib/dependencies.dart:90:3 • library_private_types_in_public_api
   info • Invalid use of a private type in a public API. Try making the private type public, or making the API that uses the private type also be private • lib/dependencies.dart:92:3 • library_private_types_in_public_api

[spm]: Injecting profiler code...
[spm]: Starting app...
Running Gradle task 'assembleProfile'...                        
Running Gradle task 'assembleProfile'...                           20.3s
✓ Built build/app/outputs/flutter-apk/app-profile.apk (61.8MB)
Installing build/app/outputs/flutter-apk/app-profile.apk...      1,968ms
D/DecorView[](15902): getWindowModeFromSystem  windowmode is 1
D/DecorView[](15902): updateDecorCaptionStatus displayWindowDecor is false
W/Looper  (15902): PerfMonitor looperActivity : package=com.example.benchmark_container/.MainActivity time=449ms latency=366ms running=0ms  procState=-1  historyMsgCount=2 (msgIndex=1 wall=449ms seq=4 late=366ms h=android.app.ActivityThread$H w=159) (msgIndex=2 wall=401ms seq=3 h=android.app.ActivityThread$H w=110)
W/Looper  (15902): PerfMonitor looperActivity : package=com.example.benchmark_container/.MainActivity time=0ms latency=817ms running=0ms  procState=-1  historyMsgCount=4 (msgIndex=2 wall=449ms seq=4 late=366ms h=android.app.ActivityThread$H w=159) (msgIndex=3 wall=401ms seq=3 h=android.app.ActivityThread$H w=110) (msgIndex=4 wall=449ms seq=4 late=366ms h=android.app.ActivityThread$H w=159)
D/SurfaceView(15902): UPDATE null, mIsCastMode = false
D/hw-ProcessState(15902): Binder ioctl to enable oneway spam detection failed: Invalid argument
W/Looper  (15902): PerfMonitor longMsg : seq=8 plan=11:39:35.513 late=471ms wall=1709ms running=0ms h=android.view.Choreographer$FrameHandler c=android.view.Choreographer$FrameDisplayEventReceiver procState=-1
W/Looper  (15902): PerfMonitor doFrame : time=1709ms vsyncFrame=0 latency=471ms procState=-1 historyMsgCount=7 (msgIndex=2 wall=449ms seq=4 h=android.app.ActivityThread$H w=159) (msgIndex=3 wall=1709ms seq=8 late=471ms h=android.view.Choreographer$FrameHandler c=android.view.Choreographer$FrameDisplayEventReceiver) (msgIndex=4 wall=449ms seq=4 h=android.app.ActivityThread$H w=159)
I/Choreographer(15902): Skipped 96 frames!  The application may be doing too much work on its main thread.
D/SurfaceView(15902): UPDATE Surface(name=SurfaceView[com.example.benchmark_container/com.example.benchmark_container.MainActivity])/@0x4d86cce, mIsProjectionMode = false
W/Looper  (15902): PerfMonitor doFrame : time=3ms vsyncFrame=0 latency=1603ms procState=-1 historyMsgCount=4
[spm]: Connected to Dart VM service.
I/flutter (15902): 00:00 +0: Performance Benchmark
E/hmark_containe(15902): open libmigui.so failed! dlopen - dlopen failed: library "libmigui.so" not found
D/hmark_containe(15902): MiuiProcessManagerServiceStub setSchedFifo
I/MiuiProcessManagerImpl(15902): setSchedFifo pid:15902, mode:3
D/DecorView[](15902): onWindowFocusChanged hasWindowFocus true
D/DecorView[](15902): getWindowModeFromSystem  windowmode is 1
D/DecorView[](15902): updateDecorCaptionStatus displayWindowDecor is false
D/ProfileInstaller(15902): Installing profile for com.example.benchmark_container
I/flutter (15902): setState 698a51a
[spm]: ProfilerData event received.
I/flutter (15902): [SPM:perf] 698a51a  buildSpan: 691µs
I/flutter (15902): [spm] Performance monitoring completed for 698a51a
I/flutter (15902): setState 698a51a
[spm]: ProfilerData event received.
I/flutter (15902): [SPM:perf] 698a51a  buildSpan: 696µs
I/flutter (15902): [spm] Performance monitoring completed for 698a51a
I/flutter (15902): setState 698a51a
[spm]: ProfilerData event received.
I/flutter (15902): [SPM:perf] 698a51a  buildSpan: 703µs
I/flutter (15902): [spm] Performance monitoring completed for 698a51a
I/flutter (15902): setState 698a51a
[spm]: ProfilerData event received.
I/flutter (15902): [SPM:perf] 698a51a  buildSpan: 687µs
I/flutter (15902): [spm] Performance monitoring completed for 698a51a
I/flutter (15902): setState 698a51a
[spm]: ProfilerData event received.
I/flutter (15902): [SPM:perf] 698a51a  buildSpan: 831µs
I/flutter (15902): [spm] Performance monitoring completed for 698a51a
I/flutter (15902): setState 698a51a
[spm]: ProfilerData event received.
I/flutter (15902): [SPM:perf] 698a51a  buildSpan: 682µs
I/flutter (15902): [spm] Performance monitoring completed for 698a51a
I/flutter (15902): setState 698a51a
[spm]: ProfilerData event received.
I/flutter (15902): [SPM:perf] 698a51a  buildSpan: 694µs
I/flutter (15902): [spm] Performance monitoring completed for 698a51a
I/flutter (15902): setState 698a51a
I/flutter (15902): [SPM:perf] 698a51a  buildSpan: 640µs
I/flutter (15902): [spm] Performance monitoring completed for 698a51a
I/flutter (15902): setState 698a51a
[spm]: ProfilerData event received.
[spm]: ProfilerData event received.
I/flutter (15902): [SPM:perf] 698a51a  buildSpan: 685µs
I/flutter (15902): [spm] Performance monitoring completed for 698a51a
I/flutter (15902): setState 698a51a
I/flutter (15902): [SPM:perf] 698a51a  buildSpan: 657µs
[spm]: ProfilerData event received.
I/flutter (15902): [spm] Performance monitoring completed for 698a51a
I/flutter (15902): setState 698a51a
[spm]: ProfilerData event received.
I/flutter (15902): [SPM:perf] 698a51a  buildSpan: 727µs
I/flutter (15902): [spm] Performance monitoring completed for 698a51a
I/flutter (15902): setState 698a51a
[spm]: ProfilerData event received.
I/flutter (15902): [SPM:perf] 698a51a  buildSpan: 775µs
I/flutter (15902): [spm] Performance monitoring completed for 698a51a
I/flutter (15902): setState 698a51a
[spm]: ProfilerData event received.
I/flutter (15902): [SPM:perf] 698a51a  buildSpan: 659µs
I/flutter (15902): [spm] Performance monitoring completed for 698a51a
I/flutter (15902): setState 698a51a
[spm]: ProfilerData event received.
I/flutter (15902): [SPM:perf] 698a51a  buildSpan: 719µs
I/flutter (15902): [spm] Performance monitoring completed for 698a51a
I/flutter (15902): setState 698a51a
[spm]: ProfilerData event received.
I/flutter (15902): [SPM:perf] 698a51a  buildSpan: 671µs
I/flutter (15902): [spm] Performance monitoring completed for 698a51a
I/flutter (15902): setState 698a51a
I/flutter (15902): [SPM:perf] 698a51a  buildSpan: 675µs
[spm]: ProfilerData event received.
I/flutter (15902): [spm] Performance monitoring completed for 698a51a
I/flutter (15902): setState 698a51a
[spm]: ProfilerData event received.
I/flutter (15902): [SPM:perf] 698a51a  buildSpan: 681µs
I/flutter (15902): [spm] Performance monitoring completed for 698a51a
I/flutter (15902): setState 698a51a
[spm]: ProfilerData event received.
I/flutter (15902): [SPM:perf] 698a51a  buildSpan: 744µs
I/flutter (15902): [spm] Performance monitoring completed for 698a51a
I/flutter (15902): setState 698a51a
[spm]: ProfilerData event received.
I/flutter (15902): [SPM:perf] 698a51a  buildSpan: 649µs
I/flutter (15902): [spm] Performance monitoring completed for 698a51a
I/flutter (15902): setState 698a51a
I/flutter (15902): [SPM:perf] 698a51a  buildSpan: 677µs
I/flutter (15902): [spm] Performance monitoring completed for 698a51a
I/flutter (15902): setState 698a51a
[spm]: ProfilerData event received.
[spm]: ProfilerData event received.
I/flutter (15902): [SPM:perf] 698a51a  buildSpan: 780µs
I/flutter (15902): [spm] Performance monitoring completed for 698a51a
I/flutter (15902): setState 698a51a
[spm]: ProfilerData event received.
I/flutter (15902): [SPM:perf] 698a51a  buildSpan: 930µs
I/flutter (15902): [spm] Performance monitoring completed for 698a51a
I/flutter (15902): setState 698a51a
I/flutter (15902): [SPM:perf] 698a51a  buildSpan: 739µs
[spm]: ProfilerData event received.
I/flutter (15902): [spm] Performance monitoring completed for 698a51a
I/flutter (15902): setState 698a51a
[spm]: ProfilerData event received.
I/flutter (15902): [SPM:perf] 698a51a  buildSpan: 685µs
I/flutter (15902): [spm] Performance monitoring completed for 698a51a
I/flutter (15902): setState 698a51a
[spm]: ProfilerData event received.
I/flutter (15902): [SPM:perf] 698a51a  buildSpan: 665µs
I/flutter (15902): [spm] Performance monitoring completed for 698a51a
I/flutter (15902): setState 698a51a
[spm]: ProfilerData event received.
I/flutter (15902): [SPM:perf] 698a51a  buildSpan: 704µs
I/flutter (15902): [spm] Performance monitoring completed for 698a51a
I/flutter (15902): setState 698a51a
[spm]: ProfilerData event received.
I/flutter (15902): [SPM:perf] 698a51a  buildSpan: 659µs
I/flutter (15902): [spm] Performance monitoring completed for 698a51a
I/flutter (15902): setState 698a51a
I/flutter (15902): [SPM:perf] 698a51a  buildSpan: 693µs
I/flutter (15902): [spm] Performance monitoring completed for 698a51a
[spm]: ProfilerData event received.
I/flutter (15902): setState 698a51a
[spm]: ProfilerData event received.
I/flutter (15902): [SPM:perf] 698a51a  buildSpan: 721µs
I/flutter (15902): [spm] Performance monitoring completed for 698a51a
I/flutter (15902): setState 698a51a
[spm]: ProfilerData event received.
I/flutter (15902): [SPM:perf] 698a51a  buildSpan: 666µs
I/flutter (15902): [spm] Performance monitoring completed for 698a51a
I/flutter (15902): 01:10 +1: (tearDownAll)
I/flutter (15902): 01:11 +2: All tests passed!
All tests passed.
[spm]: Saved 30 profiler events to <ROOT>/dataset/13/redmi9t/raw/20260731-105505/base/e7.jsonl
[spm]: Reverting injection...
2 issues found. (ran in 0.6s)
WARNING: Your Android app project: app located at: <ROOT>/android/app/build.gradle.kts
applies the Kotlin Gradle Plugin, which will cause build failures in future versions of Flutter. 
Please migrate your app to Built-in Kotlin using this guide: https://docs.flutter.dev/release/breaking-changes/migrate-to-built-in-kotlin/for-app-developers

VMServiceFlutterDriver: Connecting to Flutter application at http://127.0.0.1:45205/MTM7mf9nq1o=/
[spm]: Detected VM service URI: ws://127.0.0.1:45205/MTM7mf9nq1o=/ws
VMServiceFlutterDriver: Isolate found with number: 3009425882556335
VMServiceFlutterDriver: Isolate 3009425882556335 is runnable.
VMServiceFlutterDriver: Isolate is paused at start.
VMServiceFlutterDriver: Attempting to resume isolate
VMServiceFlutterDriver: Connected to Flutter application.