# sample_id=0314/rev_003_883908ec exec_index=4 ok=True perf_lines=30 vm_events=30 battery_pct=69 soc_temp_millic=37100 battery_temp_c=31.0 charging=False preflight_started=2026-09-10T09:46:48.285372+00:00 started=2026-09-10T09:46:50.999808+00:00 ts=2026-09-10T09:48:57.966209+00:00
[spm]: Running flutter analyze...
Analyzing lib...                                                

   info • The part-of directive uses a library name. Try converting the directive to use the URI of the library • lib/dependencies.dart:43:1 • use_string_in_part_of_directives
   info • The variable name 'checkmark_outline' isn't a lowerCamelCase identifier. Try changing the name to follow the lowerCamelCase style • lib/dependencies.dart:72:22 • non_constant_identifier_names
   info • The variable name 'radio_button' isn't a lowerCamelCase identifier. Try changing the name to follow the lowerCamelCase style • lib/dependencies.dart:73:22 • non_constant_identifier_names
   info • The variable name 'pin_filled' isn't a lowerCamelCase identifier. Try changing the name to follow the lowerCamelCase style • lib/dependencies.dart:74:22 • non_constant_identifier_names
   info • The type parameter name 'State' matches a visible type name. Try changing the type parameter name to not match an existing type • lib/dependencies.dart:128:19 • avoid_types_as_parameter_names
   info • Library names are not necessary. Remove the library name • lib/generated_widget.dart:2:9 • unnecessary_library_name
   info • Constructors in '@immutable' classes should be declared as 'const'. Try adding 'const' to the constructor declaration • lib/generated_widget.dart:11:3 • prefer_const_constructors_in_immutables
   info • 'withOpacity' is deprecated and shouldn't be used. Use .withValues() to avoid precision loss. Try replacing the use of the deprecated member with the replacement • lib/generated_widget.dart:66:53 • deprecated_member_use
   info • 'withOpacity' is deprecated and shouldn't be used. Use .withValues() to avoid precision loss. Try replacing the use of the deprecated member with the replacement • lib/generated_widget.dart:109:51 • deprecated_member_use

[spm]: Injecting profiler code...
[spm]: Starting app...
Running Gradle task 'assembleProfile'...                        
Running Gradle task 'assembleProfile'...                           23.3s
✓ Built build/app/outputs/flutter-apk/app-profile.apk (34.3MB)
Installing build/app/outputs/flutter-apk/app-profile.apk...      1,380ms
I/ForceDarkHelperStubImpl(19323): setViewRootImplForceDark: false for com.example.benchmark_container.MainActivity@e6f428d, reason: AppDarkModeEnable
D/DecorView[](19323): getWindowModeFromSystem  windowmode is 1
D/DecorView[](19323): updateDecorCaptionStatus displayWindowDecor is false
W/Looper  (19323): PerfMonitor looperActivity : package=com.example.benchmark_container/.MainActivity time=385ms latency=389ms running=0ms  procState=-1  historyMsgCount=2 (msgIndex=1 wall=385ms seq=4 late=389ms h=android.app.ActivityThread$H w=159) (msgIndex=2 wall=397ms seq=3 h=android.app.ActivityThread$H w=110)
W/Looper  (19323): PerfMonitor looperActivity : package=com.example.benchmark_container/.MainActivity time=0ms latency=776ms running=0ms  procState=-1  historyMsgCount=4 (msgIndex=2 wall=385ms seq=4 h=android.app.ActivityThread$H w=159) (msgIndex=3 wall=397ms seq=3 h=android.app.ActivityThread$H w=110) (msgIndex=4 wall=385ms seq=4 h=android.app.ActivityThread$H w=159)
D/SurfaceView(19323): UPDATE null, mIsCastMode = false
D/hw-ProcessState(19323): Binder ioctl to enable oneway spam detection failed: Invalid argument
W/Looper  (19323): PerfMonitor longMsg : seq=8 plan=12:47:32.031 late=386ms wall=1745ms running=0ms h=android.view.Choreographer$FrameHandler c=android.view.Choreographer$FrameDisplayEventReceiver procState=-1
W/Looper  (19323): PerfMonitor doFrame : time=1745ms vsyncFrame=0 latency=386ms procState=-1 historyMsgCount=4 (msgIndex=1 wall=1745ms seq=8 late=386ms h=android.view.Choreographer$FrameHandler c=android.view.Choreographer$FrameDisplayEventReceiver)
I/Choreographer(19323): Skipped 99 frames!  The application may be doing too much work on its main thread.
D/SurfaceView(19323): UPDATE Surface(name=SurfaceView[com.example.benchmark_container/com.example.benchmark_container.MainActivity])/@0xca20cbb, mIsProjectionMode = false
W/Looper  (19323): PerfMonitor doFrame : time=3ms vsyncFrame=0 latency=1657ms procState=-1 historyMsgCount=4
[spm]: Connected to Dart VM service.
I/flutter (19323): 00:00 +0: Performance Benchmark
E/hmark_containe(19323): open libmigui.so failed! dlopen - dlopen failed: library "libmigui.so" not found
D/hmark_containe(19323): MiuiProcessManagerServiceStub setSchedFifo
I/MiuiProcessManagerImpl(19323): setSchedFifo pid:19323, mode:3
D/DecorView[](19323): onWindowFocusChanged hasWindowFocus true
D/DecorView[](19323): getWindowModeFromSystem  windowmode is 1
D/DecorView[](19323): updateDecorCaptionStatus displayWindowDecor is false
D/ProfileInstaller(19323): Installing profile for com.example.benchmark_container
[spm]: ProfilerData event received.
I/flutter (19323): [SPM:perf] 698a51a  buildSpan: 1668µs
I/flutter (19323): [spm] Performance monitoring completed for 698a51a
[spm]: ProfilerData event received.
I/flutter (19323): [SPM:perf] 698a51a  buildSpan: 1382µs
I/flutter (19323): [spm] Performance monitoring completed for 698a51a
[spm]: ProfilerData event received.
I/flutter (19323): [SPM:perf] 698a51a  buildSpan: 1068µs
I/flutter (19323): [spm] Performance monitoring completed for 698a51a
[spm]: ProfilerData event received.
I/flutter (19323): [SPM:perf] 698a51a  buildSpan: 1369µs
I/flutter (19323): [spm] Performance monitoring completed for 698a51a
[spm]: ProfilerData event received.
I/flutter (19323): [SPM:perf] 698a51a  buildSpan: 1364µs
I/flutter (19323): [spm] Performance monitoring completed for 698a51a
[spm]: ProfilerData event received.
I/flutter (19323): [SPM:perf] 698a51a  buildSpan: 1540µs
I/flutter (19323): [spm] Performance monitoring completed for 698a51a
[spm]: ProfilerData event received.
I/flutter (19323): [SPM:perf] 698a51a  buildSpan: 993µs
I/flutter (19323): [spm] Performance monitoring completed for 698a51a
I/flutter (19323): [SPM:perf] 698a51a  buildSpan: 746µs
I/flutter (19323): [spm] Performance monitoring completed for 698a51a
[spm]: ProfilerData event received.
[spm]: ProfilerData event received.
I/flutter (19323): [SPM:perf] 698a51a  buildSpan: 1004µs
I/flutter (19323): [spm] Performance monitoring completed for 698a51a
[spm]: ProfilerData event received.
I/flutter (19323): [SPM:perf] 698a51a  buildSpan: 941µs
I/flutter (19323): [spm] Performance monitoring completed for 698a51a
[spm]: ProfilerData event received.
I/flutter (19323): [SPM:perf] 698a51a  buildSpan: 1108µs
I/flutter (19323): [spm] Performance monitoring completed for 698a51a
[spm]: ProfilerData event received.
I/flutter (19323): [SPM:perf] 698a51a  buildSpan: 1363µs
I/flutter (19323): [spm] Performance monitoring completed for 698a51a
[spm]: ProfilerData event received.
I/flutter (19323): [SPM:perf] 698a51a  buildSpan: 773µs
I/flutter (19323): [spm] Performance monitoring completed for 698a51a
[spm]: ProfilerData event received.
I/flutter (19323): [SPM:perf] 698a51a  buildSpan: 1336µs
I/flutter (19323): [spm] Performance monitoring completed for 698a51a
[spm]: ProfilerData event received.
I/flutter (19323): [SPM:perf] 698a51a  buildSpan: 978µs
I/flutter (19323): [spm] Performance monitoring completed for 698a51a
[spm]: ProfilerData event received.
I/flutter (19323): [SPM:perf] 698a51a  buildSpan: 1414µs
I/flutter (19323): [spm] Performance monitoring completed for 698a51a
[spm]: ProfilerData event received.
I/flutter (19323): [SPM:perf] 698a51a  buildSpan: 1372µs
I/flutter (19323): [spm] Performance monitoring completed for 698a51a
[spm]: ProfilerData event received.
I/flutter (19323): [SPM:perf] 698a51a  buildSpan: 1446µs
I/flutter (19323): [spm] Performance monitoring completed for 698a51a
[spm]: ProfilerData event received.
I/flutter (19323): [SPM:perf] 698a51a  buildSpan: 1381µs
I/flutter (19323): [spm] Performance monitoring completed for 698a51a
I/flutter (19323): [SPM:perf] 698a51a  buildSpan: 888µs
[spm]: ProfilerData event received.
I/flutter (19323): [spm] Performance monitoring completed for 698a51a
[spm]: ProfilerData event received.
I/flutter (19323): [SPM:perf] 698a51a  buildSpan: 1444µs
I/flutter (19323): [spm] Performance monitoring completed for 698a51a
[spm]: ProfilerData event received.
I/flutter (19323): [SPM:perf] 698a51a  buildSpan: 1455µs
I/flutter (19323): [spm] Performance monitoring completed for 698a51a
[spm]: ProfilerData event received.
I/flutter (19323): [SPM:perf] 698a51a  buildSpan: 1391µs
I/flutter (19323): [spm] Performance monitoring completed for 698a51a
I/flutter (19323): [SPM:perf] 698a51a  buildSpan: 1365µs
[spm]: ProfilerData event received.
I/flutter (19323): [spm] Performance monitoring completed for 698a51a
[spm]: ProfilerData event received.
I/flutter (19323): [SPM:perf] 698a51a  buildSpan: 1125µs
I/flutter (19323): [spm] Performance monitoring completed for 698a51a
[spm]: ProfilerData event received.
I/flutter (19323): [SPM:perf] 698a51a  buildSpan: 1545µs
I/flutter (19323): [spm] Performance monitoring completed for 698a51a
I/flutter (19323): [SPM:perf] 698a51a  buildSpan: 1411µs
[spm]: ProfilerData event received.
I/flutter (19323): [spm] Performance monitoring completed for 698a51a
[spm]: ProfilerData event received.
I/flutter (19323): [SPM:perf] 698a51a  buildSpan: 1350µs
I/flutter (19323): [spm] Performance monitoring completed for 698a51a
[spm]: ProfilerData event received.
I/flutter (19323): [SPM:perf] 698a51a  buildSpan: 1411µs
I/flutter (19323): [spm] Performance monitoring completed for 698a51a
I/flutter (19323): [SPM:perf] 698a51a  buildSpan: 1050µs
I/flutter (19323): [spm] Performance monitoring completed for 698a51a
[spm]: ProfilerData event received.
I/flutter (19323): 01:10 +1: (tearDownAll)
I/flutter (19323): 01:11 +2: All tests passed!
All tests passed.
[spm]: Saved 30 profiler events to <ROOT>/dataset-new_samples/0314/redmi9t/raw/20260910-115257/rev_003_883908ec/e4.jsonl
[spm]: Reverting injection...
9 issues found. (ran in 0.5s)
WARNING: Your Android app project: app located at: <ROOT>/android/app/build.gradle.kts
applies the Kotlin Gradle Plugin, which will cause build failures in future versions of Flutter. 
Please migrate your app to Built-in Kotlin using this guide: https://docs.flutter.dev/release/breaking-changes/migrate-to-built-in-kotlin/for-app-developers

VMServiceFlutterDriver: Connecting to Flutter application at http://127.0.0.1:43201/ydc9t6kUIes=/
[spm]: Detected VM service URI: ws://127.0.0.1:43201/ydc9t6kUIes=/ws
VMServiceFlutterDriver: Isolate found with number: 4344896852633871
VMServiceFlutterDriver: Isolate 4344896852633871 is runnable.
VMServiceFlutterDriver: Isolate is paused at start.
VMServiceFlutterDriver: Attempting to resume isolate
VMServiceFlutterDriver: Connected to Flutter application.
VMServiceFlutterDriver: request_data message is taking a long time to complete...