# sample_id=0314/rev_003_883908ec exec_index=6 ok=True perf_lines=30 vm_events=30 battery_pct=74 soc_temp_millic=46000 battery_temp_c=30.5 charging=False preflight_started=2026-09-10T08:55:07.034259+00:00 started=2026-09-10T08:55:09.535126+00:00 ts=2026-09-10T08:57:13.332099+00:00
[spm]: Running flutter analyze...
Analyzing lib...                                                

   info • The part-of directive uses a library name. Try converting the directive to use the URI of the library • lib/dependencies.dart:43:1 • use_string_in_part_of_directives
   info • The variable name 'checkmark_outline' isn't a lowerCamelCase identifier. Try changing the name to follow the lowerCamelCase style • lib/dependencies.dart:72:22 • non_constant_identifier_names
   info • The variable name 'radio_button' isn't a lowerCamelCase identifier. Try changing the name to follow the lowerCamelCase style • lib/dependencies.dart:73:22 • non_constant_identifier_names
   info • The variable name 'pin_filled' isn't a lowerCamelCase identifier. Try changing the name to follow the lowerCamelCase style • lib/dependencies.dart:74:22 • non_constant_identifier_names
   info • The type parameter name 'State' matches a visible type name. Try changing the type parameter name to not match an existing type • lib/dependencies.dart:128:19 • avoid_types_as_parameter_names
   info • Library names are not necessary. Remove the library name • lib/generated_widget.dart:2:9 • unnecessary_library_name
   info • Constructors in '@immutable' classes should be declared as 'const'. Try adding 'const' to the constructor declaration • lib/generated_widget.dart:11:3 • prefer_const_constructors_in_immutables
   info • 'withOpacity' is deprecated and shouldn't be used. Use .withValues() to avoid precision loss. Try replacing the use of the deprecated member with the replacement • lib/generated_widget.dart:66:53 • deprecated_member_use
   info • 'withOpacity' is deprecated and shouldn't be used. Use .withValues() to avoid precision loss. Try replacing the use of the deprecated member with the replacement • lib/generated_widget.dart:109:51 • deprecated_member_use

[spm]: Injecting profiler code...
[spm]: Starting app...
Running Gradle task 'assembleProfile'...                        
Running Gradle task 'assembleProfile'...                           22.9s
✓ Built build/app/outputs/flutter-apk/app-profile.apk (34.3MB)
Installing build/app/outputs/flutter-apk/app-profile.apk...      1,517ms
D/DecorView[](13231): getWindowModeFromSystem  windowmode is 1
I/ForceDarkHelperStubImpl(13231): setViewRootImplForceDark: false for com.example.benchmark_container.MainActivity@e6f428d, reason: AppDarkModeEnable
I/ForceDarkHelperStubImpl(13231): setViewRootImplForceDark: false for com.example.benchmark_container.MainActivity@e6f428d, reason: AppDarkModeEnable
D/DecorView[](13231): getWindowModeFromSystem  windowmode is 1
D/DecorView[](13231): updateDecorCaptionStatus displayWindowDecor is false
W/Looper  (13231): PerfMonitor looperActivity : package=com.example.benchmark_container/.MainActivity time=351ms latency=360ms running=0ms  procState=-1  historyMsgCount=3 (msgIndex=3 wall=350ms seq=3 h=android.app.ActivityThread$H w=110)
W/Looper  (13231): PerfMonitor looperActivity : package=com.example.benchmark_container/.MainActivity time=0ms latency=712ms running=0ms  procState=-1  historyMsgCount=4 (msgIndex=3 wall=350ms seq=3 h=android.app.ActivityThread$H w=110) (msgIndex=4 wall=351ms seq=4 h=android.app.ActivityThread$H w=159)
D/SurfaceView(13231): UPDATE null, mIsCastMode = false
D/hw-ProcessState(13231): Binder ioctl to enable oneway spam detection failed: Invalid argument
W/Looper  (13231): PerfMonitor longMsg : seq=8 plan=11:55:49.707 late=354ms wall=1656ms running=0ms h=android.view.Choreographer$FrameHandler c=android.view.Choreographer$FrameDisplayEventReceiver procState=-1
W/Looper  (13231): PerfMonitor doFrame : time=1656ms vsyncFrame=0 latency=354ms procState=-1 historyMsgCount=4 (msgIndex=1 wall=1656ms seq=8 late=354ms h=android.view.Choreographer$FrameHandler c=android.view.Choreographer$FrameDisplayEventReceiver)
I/Choreographer(13231): Skipped 94 frames!  The application may be doing too much work on its main thread.
D/SurfaceView(13231): UPDATE Surface(name=SurfaceView[com.example.benchmark_container/com.example.benchmark_container.MainActivity])/@0xca20cbb, mIsProjectionMode = false
W/Looper  (13231): PerfMonitor doFrame : time=2ms vsyncFrame=0 latency=1569ms procState=-1 historyMsgCount=4
[spm]: Connected to Dart VM service.
I/flutter (13231): 00:00 +0: Performance Benchmark
E/hmark_containe(13231): open libmigui.so failed! dlopen - dlopen failed: library "libmigui.so" not found
D/hmark_containe(13231): MiuiProcessManagerServiceStub setSchedFifo
I/MiuiProcessManagerImpl(13231): setSchedFifo pid:13231, mode:3
D/DecorView[](13231): onWindowFocusChanged hasWindowFocus true
D/DecorView[](13231): getWindowModeFromSystem  windowmode is 1
D/DecorView[](13231): updateDecorCaptionStatus displayWindowDecor is false
D/ProfileInstaller(13231): Installing profile for com.example.benchmark_container
[spm]: ProfilerData event received.
I/flutter (13231): [SPM:perf] 698a51a  buildSpan: 1267µs
I/flutter (13231): [spm] Performance monitoring completed for 698a51a
[spm]: ProfilerData event received.
I/flutter (13231): [SPM:perf] 698a51a  buildSpan: 766µs
I/flutter (13231): [spm] Performance monitoring completed for 698a51a
[spm]: ProfilerData event received.
I/flutter (13231): [SPM:perf] 698a51a  buildSpan: 968µs
I/flutter (13231): [spm] Performance monitoring completed for 698a51a
[spm]: ProfilerData event received.
I/flutter (13231): [SPM:perf] 698a51a  buildSpan: 1300µs
I/flutter (13231): [spm] Performance monitoring completed for 698a51a
[spm]: ProfilerData event received.
I/flutter (13231): [SPM:perf] 698a51a  buildSpan: 1434µs
I/flutter (13231): [spm] Performance monitoring completed for 698a51a
[spm]: ProfilerData event received.
I/flutter (13231): [SPM:perf] 698a51a  buildSpan: 1229µs
I/flutter (13231): [spm] Performance monitoring completed for 698a51a
[spm]: ProfilerData event received.
I/flutter (13231): [SPM:perf] 698a51a  buildSpan: 1308µs
I/flutter (13231): [spm] Performance monitoring completed for 698a51a
[spm]: ProfilerData event received.
I/flutter (13231): [SPM:perf] 698a51a  buildSpan: 944µs
I/flutter (13231): [spm] Performance monitoring completed for 698a51a
[spm]: ProfilerData event received.
I/flutter (13231): [SPM:perf] 698a51a  buildSpan: 1706µs
I/flutter (13231): [spm] Performance monitoring completed for 698a51a
I/flutter (13231): [SPM:perf] 698a51a  buildSpan: 1328µs
I/flutter (13231): [spm] Performance monitoring completed for 698a51a
[spm]: ProfilerData event received.
[spm]: ProfilerData event received.
I/flutter (13231): [SPM:perf] 698a51a  buildSpan: 1711µs
I/flutter (13231): [spm] Performance monitoring completed for 698a51a
[spm]: ProfilerData event received.
I/flutter (13231): [SPM:perf] 698a51a  buildSpan: 1610µs
I/flutter (13231): [spm] Performance monitoring completed for 698a51a
[spm]: ProfilerData event received.
I/flutter (13231): [SPM:perf] 698a51a  buildSpan: 1382µs
I/flutter (13231): [spm] Performance monitoring completed for 698a51a
[spm]: ProfilerData event received.
I/flutter (13231): [SPM:perf] 698a51a  buildSpan: 1406µs
I/flutter (13231): [spm] Performance monitoring completed for 698a51a
[spm]: ProfilerData event received.
I/flutter (13231): [SPM:perf] 698a51a  buildSpan: 1392µs
I/flutter (13231): [spm] Performance monitoring completed for 698a51a
[spm]: ProfilerData event received.
I/flutter (13231): [SPM:perf] 698a51a  buildSpan: 1530µs
I/flutter (13231): [spm] Performance monitoring completed for 698a51a
[spm]: ProfilerData event received.
I/flutter (13231): [SPM:perf] 698a51a  buildSpan: 1663µs
I/flutter (13231): [spm] Performance monitoring completed for 698a51a
[spm]: ProfilerData event received.
I/flutter (13231): [SPM:perf] 698a51a  buildSpan: 1358µs
I/flutter (13231): [spm] Performance monitoring completed for 698a51a
[spm]: ProfilerData event received.
I/flutter (13231): [SPM:perf] 698a51a  buildSpan: 1062µs
I/flutter (13231): [spm] Performance monitoring completed for 698a51a
[spm]: ProfilerData event received.
I/flutter (13231): [SPM:perf] 698a51a  buildSpan: 1249µs
I/flutter (13231): [spm] Performance monitoring completed for 698a51a
I/flutter (13231): [SPM:perf] 698a51a  buildSpan: 946µs
[spm]: ProfilerData event received.
I/flutter (13231): [spm] Performance monitoring completed for 698a51a
[spm]: ProfilerData event received.
I/flutter (13231): [SPM:perf] 698a51a  buildSpan: 1437µs
I/flutter (13231): [spm] Performance monitoring completed for 698a51a
[spm]: ProfilerData event received.
I/flutter (13231): [SPM:perf] 698a51a  buildSpan: 1365µs
I/flutter (13231): [spm] Performance monitoring completed for 698a51a
I/flutter (13231): [SPM:perf] 698a51a  buildSpan: 1069µs
I/flutter (13231): [spm] Performance monitoring completed for 698a51a
[spm]: ProfilerData event received.
[spm]: ProfilerData event received.
I/flutter (13231): [SPM:perf] 698a51a  buildSpan: 1361µs
I/flutter (13231): [spm] Performance monitoring completed for 698a51a
[spm]: ProfilerData event received.
I/flutter (13231): [SPM:perf] 698a51a  buildSpan: 1570µs
I/flutter (13231): [spm] Performance monitoring completed for 698a51a
[spm]: ProfilerData event received.
I/flutter (13231): [SPM:perf] 698a51a  buildSpan: 1394µs
I/flutter (13231): [spm] Performance monitoring completed for 698a51a
[spm]: ProfilerData event received.
I/flutter (13231): [SPM:perf] 698a51a  buildSpan: 1347µs
I/flutter (13231): [spm] Performance monitoring completed for 698a51a
[spm]: ProfilerData event received.
I/flutter (13231): [SPM:perf] 698a51a  buildSpan: 972µs
I/flutter (13231): [spm] Performance monitoring completed for 698a51a
[spm]: ProfilerData event received.
I/flutter (13231): [SPM:perf] 698a51a  buildSpan: 1081µs
I/flutter (13231): [spm] Performance monitoring completed for 698a51a
I/flutter (13231): 01:10 +1: (tearDownAll)
I/flutter (13231): 01:11 +2: All tests passed!
All tests passed.
[spm]: Saved 30 profiler events to <ROOT>/dataset-new_samples/0314/redmi9t/raw/20260910-115257/rev_003_883908ec/e6.jsonl
[spm]: Reverting injection...
9 issues found. (ran in 0.5s)
WARNING: Your Android app project: app located at: <ROOT>/android/app/build.gradle.kts
applies the Kotlin Gradle Plugin, which will cause build failures in future versions of Flutter. 
Please migrate your app to Built-in Kotlin using this guide: https://docs.flutter.dev/release/breaking-changes/migrate-to-built-in-kotlin/for-app-developers

VMServiceFlutterDriver: Connecting to Flutter application at http://127.0.0.1:44043/OjN2rQGIQd8=/
[spm]: Detected VM service URI: ws://127.0.0.1:44043/OjN2rQGIQd8=/ws
VMServiceFlutterDriver: Isolate found with number: 4504836327269559
VMServiceFlutterDriver: Isolate 4504836327269559 is runnable.
VMServiceFlutterDriver: Isolate is paused at start.
VMServiceFlutterDriver: Attempting to resume isolate
VMServiceFlutterDriver: Connected to Flutter application.
VMServiceFlutterDriver: request_data message is taking a long time to complete...