# sample_id=45/base exec_index=5 ok=True perf_lines=30 vm_events=30 battery_pct=55 soc_temp_millic=42000 battery_temp_c=31.0 charging=False preflight_started=2026-08-16T02:09:53.143338+00:00 started=2026-08-16T02:09:55.802259+00:00 ts=2026-08-16T02:11:55.381826+00:00
[spm]: Running flutter analyze...
Resolving dependencies...
Downloading packages...
  _fe_analyzer_shared 100.0.0 (105.0.0 available)
  analyzer 13.0.0 (14.1.0 available)
  async 2.13.0 (2.13.1 available)
  cupertino_icons 1.0.8 (1.0.9 available)
  lints 6.0.0 (6.1.0 available)
  matcher 0.12.19 (0.12.20 available)
  material_color_utilities 0.13.0 (0.13.1 available)
  meta 1.18.0 (1.19.0 available)
  package_config 2.2.0 (3.0.0 available)
  source_span 1.10.1 (1.10.2 available)
  test_api 0.7.11 (0.7.13 available)
  vector_math 2.2.0 (2.4.2 available)
  vm_service 15.0.2 (15.2.0 available)
Got dependencies!
13 packages have newer versions incompatible with dependency constraints.
Try `flutter pub outdated` for more information.
Analyzing lib...                                                

   info • The variable name 'episode_filter_semantic_label' isn't a lowerCamelCase identifier. Try changing the name to follow the lowerCamelCase style • lib/dependencies.dart:54:14 • non_constant_identifier_names
   info • The variable name 'episode_filter_none_label' isn't a lowerCamelCase identifier. Try changing the name to follow the lowerCamelCase style • lib/dependencies.dart:55:14 • non_constant_identifier_names
   info • The variable name 'episode_filter_started_label' isn't a lowerCamelCase identifier. Try changing the name to follow the lowerCamelCase style • lib/dependencies.dart:56:14 • non_constant_identifier_names
   info • The variable name 'episode_filter_played_label' isn't a lowerCamelCase identifier. Try changing the name to follow the lowerCamelCase style • lib/dependencies.dart:57:14 • non_constant_identifier_names
   info • The variable name 'episode_filter_unplayed_label' isn't a lowerCamelCase identifier. Try changing the name to follow the lowerCamelCase style • lib/dependencies.dart:58:14 • non_constant_identifier_names

[spm]: Injecting profiler code...
[spm]: Starting app...
Running Gradle task 'assembleProfile'...                        
Running Gradle task 'assembleProfile'...                           20.0s
✓ Built build/app/outputs/flutter-apk/app-profile.apk (61.8MB)
Installing build/app/outputs/flutter-apk/app-profile.apk...      2,223ms
W/Activity(28497): PerfMonitor: Slow Operation: Activity com.example.benchmark_container/.MainActivity onCreate took 594ms
I/ForceDarkHelperStubImpl(28497): setViewRootImplForceDark: false for com.example.benchmark_container.MainActivity@facf14f, reason: AppDarkModeEnable
I/ForceDarkHelperStubImpl(28497): setViewRootImplForceDark: false for com.example.benchmark_container.MainActivity@facf14f, reason: AppDarkModeEnable
D/DecorView[](28497): getWindowModeFromSystem  windowmode is 1
D/DecorView[](28497): updateDecorCaptionStatus displayWindowDecor is false
W/Looper  (28497): PerfMonitor looperActivity : package=com.example.benchmark_container/.MainActivity time=710ms latency=438ms running=0ms  procState=-1  historyMsgCount=2 (msgIndex=1 wall=710ms seq=4 late=438ms h=android.app.ActivityThread$H w=159) (msgIndex=2 wall=474ms seq=3 h=android.app.ActivityThread$H w=110)
W/Looper  (28497): PerfMonitor looperActivity : package=com.example.benchmark_container/.MainActivity time=1ms latency=1149ms running=0ms  procState=-1  historyMsgCount=4 (msgIndex=2 wall=710ms seq=4 late=438ms h=android.app.ActivityThread$H w=159) (msgIndex=3 wall=474ms seq=3 h=android.app.ActivityThread$H w=110) (msgIndex=4 wall=710ms seq=4 late=438ms h=android.app.ActivityThread$H w=159)
I/Choreographer(28497): Skipped 43 frames!  The application may be doing too much work on its main thread.
D/hw-ProcessState(28497): Binder ioctl to enable oneway spam detection failed: Invalid argument
D/SurfaceView(28497): UPDATE null, mIsCastMode = false
W/Looper  (28497): PerfMonitor longMsg : seq=8 plan=05:10:31.651 late=727ms wall=1907ms running=0ms h=android.view.Choreographer$FrameHandler c=android.view.Choreographer$FrameDisplayEventReceiver procState=-1
W/Looper  (28497): PerfMonitor doFrame : time=1907ms vsyncFrame=0 latency=727ms procState=-1 historyMsgCount=7 (msgIndex=2 wall=710ms seq=4 h=android.app.ActivityThread$H w=159) (msgIndex=3 wall=1907ms seq=8 late=727ms h=android.view.Choreographer$FrameHandler c=android.view.Choreographer$FrameDisplayEventReceiver) (msgIndex=4 wall=710ms seq=4 h=android.app.ActivityThread$H w=159)
I/Choreographer(28497): Skipped 106 frames!  The application may be doing too much work on its main thread.
D/SurfaceView(28497): UPDATE Surface(name=SurfaceView[com.example.benchmark_container/com.example.benchmark_container.MainActivity])/@0xf0ce70d, mIsProjectionMode = false
W/Looper  (28497): PerfMonitor doFrame : time=3ms vsyncFrame=0 latency=1774ms procState=-1 historyMsgCount=5
[spm]: Connected to Dart VM service.
I/flutter (28497): 00:00 +0: Performance Benchmark
E/hmark_containe(28497): open libmigui.so failed! dlopen - dlopen failed: library "libmigui.so" not found
D/hmark_containe(28497): MiuiProcessManagerServiceStub setSchedFifo
I/MiuiProcessManagerImpl(28497): setSchedFifo pid:28497, mode:3
D/DecorView[](28497): onWindowFocusChanged hasWindowFocus true
D/DecorView[](28497): getWindowModeFromSystem  windowmode is 1
D/DecorView[](28497): updateDecorCaptionStatus displayWindowDecor is false
D/ProfileInstaller(28497): Installing profile for com.example.benchmark_container
I/flutter (28497): setState 698a51a
[spm]: ProfilerData event received.
I/flutter (28497): [SPM:perf] 698a51a  buildSpan: 1789µs
I/flutter (28497): [spm] Performance monitoring completed for 698a51a
I/flutter (28497): setState 698a51a
[spm]: ProfilerData event received.
I/flutter (28497): [SPM:perf] 698a51a  buildSpan: 2020µs
I/flutter (28497): [spm] Performance monitoring completed for 698a51a
I/flutter (28497): setState 698a51a
[spm]: ProfilerData event received.
I/flutter (28497): [SPM:perf] 698a51a  buildSpan: 1772µs
I/flutter (28497): [spm] Performance monitoring completed for 698a51a
I/flutter (28497): setState 698a51a
[spm]: ProfilerData event received.
I/flutter (28497): [SPM:perf] 698a51a  buildSpan: 1938µs
I/flutter (28497): [spm] Performance monitoring completed for 698a51a
I/flutter (28497): setState 698a51a
[spm]: ProfilerData event received.
I/flutter (28497): [SPM:perf] 698a51a  buildSpan: 1951µs
I/flutter (28497): [spm] Performance monitoring completed for 698a51a
I/flutter (28497): setState 698a51a
[spm]: ProfilerData event received.
I/flutter (28497): [SPM:perf] 698a51a  buildSpan: 1667µs
I/flutter (28497): [spm] Performance monitoring completed for 698a51a
I/flutter (28497): setState 698a51a
[spm]: ProfilerData event received.
I/flutter (28497): [SPM:perf] 698a51a  buildSpan: 1780µs
I/flutter (28497): [spm] Performance monitoring completed for 698a51a
I/flutter (28497): setState 698a51a
[spm]: ProfilerData event received.
I/flutter (28497): [SPM:perf] 698a51a  buildSpan: 2171µs
I/flutter (28497): [spm] Performance monitoring completed for 698a51a
I/flutter (28497): setState 698a51a
[spm]: ProfilerData event received.
I/flutter (28497): [SPM:perf] 698a51a  buildSpan: 2381µs
I/flutter (28497): [spm] Performance monitoring completed for 698a51a
I/flutter (28497): setState 698a51a
[spm]: ProfilerData event received.
I/flutter (28497): [SPM:perf] 698a51a  buildSpan: 1757µs
I/flutter (28497): [spm] Performance monitoring completed for 698a51a
I/flutter (28497): setState 698a51a
[spm]: ProfilerData event received.
I/flutter (28497): [SPM:perf] 698a51a  buildSpan: 1758µs
I/flutter (28497): [spm] Performance monitoring completed for 698a51a
I/flutter (28497): setState 698a51a
[spm]: ProfilerData event received.
I/flutter (28497): [SPM:perf] 698a51a  buildSpan: 1665µs
I/flutter (28497): [spm] Performance monitoring completed for 698a51a
I/flutter (28497): setState 698a51a
[spm]: ProfilerData event received.
I/flutter (28497): [SPM:perf] 698a51a  buildSpan: 2397µs
I/flutter (28497): [spm] Performance monitoring completed for 698a51a
I/flutter (28497): setState 698a51a
[spm]: ProfilerData event received.
I/flutter (28497): [SPM:perf] 698a51a  buildSpan: 1685µs
I/flutter (28497): [spm] Performance monitoring completed for 698a51a
I/flutter (28497): setState 698a51a
[spm]: ProfilerData event received.
I/flutter (28497): [SPM:perf] 698a51a  buildSpan: 2025µs
I/flutter (28497): [spm] Performance monitoring completed for 698a51a
I/flutter (28497): setState 698a51a
[spm]: ProfilerData event received.
I/flutter (28497): [SPM:perf] 698a51a  buildSpan: 1619µs
I/flutter (28497): [spm] Performance monitoring completed for 698a51a
I/flutter (28497): setState 698a51a
I/flutter (28497): [SPM:perf] 698a51a  buildSpan: 2182µs
I/flutter (28497): [spm] Performance monitoring completed for 698a51a
I/flutter (28497): setState 698a51a
[spm]: ProfilerData event received.
[spm]: ProfilerData event received.
I/flutter (28497): [SPM:perf] 698a51a  buildSpan: 1635µs
I/flutter (28497): [spm] Performance monitoring completed for 698a51a
I/flutter (28497): setState 698a51a
[spm]: ProfilerData event received.
I/flutter (28497): [SPM:perf] 698a51a  buildSpan: 2080µs
I/flutter (28497): [spm] Performance monitoring completed for 698a51a
I/flutter (28497): setState 698a51a
[spm]: ProfilerData event received.
I/flutter (28497): [SPM:perf] 698a51a  buildSpan: 2039µs
I/flutter (28497): [spm] Performance monitoring completed for 698a51a
I/flutter (28497): setState 698a51a
[spm]: ProfilerData event received.
I/flutter (28497): [SPM:perf] 698a51a  buildSpan: 1855µs
I/flutter (28497): [spm] Performance monitoring completed for 698a51a
I/flutter (28497): setState 698a51a
[spm]: ProfilerData event received.
I/flutter (28497): [SPM:perf] 698a51a  buildSpan: 2036µs
I/flutter (28497): [spm] Performance monitoring completed for 698a51a
I/flutter (28497): setState 698a51a
[spm]: ProfilerData event received.
I/flutter (28497): [SPM:perf] 698a51a  buildSpan: 1688µs
I/flutter (28497): [spm] Performance monitoring completed for 698a51a
I/flutter (28497): setState 698a51a
[spm]: ProfilerData event received.
I/flutter (28497): [SPM:perf] 698a51a  buildSpan: 2076µs
I/flutter (28497): [spm] Performance monitoring completed for 698a51a
I/flutter (28497): setState 698a51a
[spm]: ProfilerData event received.
I/flutter (28497): [SPM:perf] 698a51a  buildSpan: 2020µs
I/flutter (28497): [spm] Performance monitoring completed for 698a51a
I/flutter (28497): setState 698a51a
I/flutter (28497): [SPM:perf] 698a51a  buildSpan: 2078µs
I/flutter (28497): [spm] Performance monitoring completed for 698a51a
I/flutter (28497): setState 698a51a
[spm]: ProfilerData event received.
[spm]: ProfilerData event received.
I/flutter (28497): [SPM:perf] 698a51a  buildSpan: 1997µs
I/flutter (28497): [spm] Performance monitoring completed for 698a51a
I/flutter (28497): setState 698a51a
I/flutter (28497): [SPM:perf] 698a51a  buildSpan: 2200µs
I/flutter (28497): [spm] Performance monitoring completed for 698a51a
I/flutter (28497): setState 698a51a
[spm]: ProfilerData event received.
I/flutter (28497): [SPM:perf] 698a51a  buildSpan: 1557µs
I/flutter (28497): [spm] Performance monitoring completed for 698a51a
I/flutter (28497): setState 698a51a
[spm]: ProfilerData event received.
I/flutter (28497): [SPM:perf] 698a51a  buildSpan: 2004µs
I/flutter (28497): [spm] Performance monitoring completed for 698a51a
[spm]: ProfilerData event received.
I/flutter (28497): 01:10 +1: (tearDownAll)
I/flutter (28497): 01:11 +2: All tests passed!
All tests passed.
[spm]: Saved 30 profiler events to <ROOT>/dataset/45/redmi9t/raw/20260816-021744/base/e5.jsonl
[spm]: Reverting injection...
5 issues found. (ran in 0.5s)
WARNING: Your Android app project: app located at: <ROOT>/android/app/build.gradle.kts
applies the Kotlin Gradle Plugin, which will cause build failures in future versions of Flutter. 
Please migrate your app to Built-in Kotlin using this guide: https://docs.flutter.dev/release/breaking-changes/migrate-to-built-in-kotlin/for-app-developers

VMServiceFlutterDriver: Connecting to Flutter application at http://127.0.0.1:37989/yCo5uLzs9e8=/
[spm]: Detected VM service URI: ws://127.0.0.1:37989/yCo5uLzs9e8=/ws
VMServiceFlutterDriver: Isolate found with number: 7581972956725919
VMServiceFlutterDriver: Isolate 7581972956725919 is runnable.
VMServiceFlutterDriver: Isolate is paused at start.
VMServiceFlutterDriver: Attempting to resume isolate
VMServiceFlutterDriver: Connected to Flutter application.