# sample_id=2408/rev_019_672ed006 exec_index=10 ok=True perf_lines=30 vm_events=30 battery_pct=50 soc_temp_millic=37100 battery_temp_c=29.0 charging=False preflight_started=2026-09-19T04:48:32.485240+00:00 started=2026-09-19T04:48:35.176161+00:00 ts=2026-09-19T04:50:34.259285+00:00
[spm]: Running flutter analyze...
Resolving dependencies...
Downloading packages...
  _fe_analyzer_shared 100.0.0 (108.0.0 available)
  analyzer 13.0.0 (14.4.0 available)
  async 2.13.0 (2.13.1 available)
  clock 1.1.2 (1.1.3 available)
  cupertino_icons 1.0.8 (1.0.9 available)
  glob 2.1.3 (2.2.0 available)
  lints 6.0.0 (6.1.0 available)
  matcher 0.12.19 (0.12.20 available)
  material_color_utilities 0.13.0 (0.13.1 available)
  meta 1.18.0 (1.19.0 available)
  package_config 2.2.0 (3.0.0 available)
  platform 3.1.6 (3.2.0 available)
  process 5.0.5 (5.0.6 available)
  pub_semver 2.2.0 (2.2.1 available)
  source_span 1.10.1 (1.10.2 available)
  stack_trace 1.12.1 (1.12.2 available)
  test_api 0.7.11 (0.7.14 available)
  vector_math 2.2.0 (2.4.2 available)
  vm_service 15.0.2 (15.3.0 available)
  webdriver 3.1.0 (3.2.0 available)
  yaml 3.1.3 (3.1.4 available)
Got dependencies!
21 packages have newer versions incompatible with dependency constraints.
Try `flutter pub outdated` for more information.
Analyzing lib...                                                

   info • The part-of directive uses a library name. Try converting the directive to use the URI of the library • lib/dependencies.dart:46:1 • use_string_in_part_of_directives
   info • Constructors in '@immutable' classes should be declared as 'const'. Try adding 'const' to the constructor declaration • lib/dependencies.dart:1195:3 • prefer_const_constructors_in_immutables
   info • Constructors in '@immutable' classes should be declared as 'const'. Try adding 'const' to the constructor declaration • lib/dependencies.dart:1219:3 • prefer_const_constructors_in_immutables
   info • Constructors in '@immutable' classes should be declared as 'const'. Try adding 'const' to the constructor declaration • lib/dependencies.dart:1243:3 • prefer_const_constructors_in_immutables
   info • Constructors in '@immutable' classes should be declared as 'const'. Try adding 'const' to the constructor declaration • lib/dependencies.dart:1265:3 • prefer_const_constructors_in_immutables
   info • Constructors in '@immutable' classes should be declared as 'const'. Try adding 'const' to the constructor declaration • lib/dependencies.dart:1287:3 • prefer_const_constructors_in_immutables
   info • Library names are not necessary. Remove the library name • lib/generated_widget.dart:2:9 • unnecessary_library_name
   info • Constructors in '@immutable' classes should be declared as 'const'. Try adding 'const' to the constructor declaration • lib/generated_widget.dart:11:3 • prefer_const_constructors_in_immutables
warning • The value of the local variable 'analytics' isn't used. Try removing the variable or using it • lib/generated_widget.dart:51:11 • unused_local_variable
warning • The value of the local variable 'index' isn't used. Try removing the variable or using it • lib/generated_widget.dart:191:21 • unused_local_variable
   info • 'value' is deprecated and shouldn't be used. Use initialValue instead. This will set the initial value for the form field. This feature was deprecated after v3.33.0-1.0.pre. Try replacing the use of the deprecated member with the replacement • lib/generated_widget.dart:336:19 • deprecated_member_use

[spm]: Injecting profiler code...
[spm]: Starting app...
Running Gradle task 'assembleProfile'...                        
Running Gradle task 'assembleProfile'...                           20.7s
✓ Built build/app/outputs/flutter-apk/app-profile.apk (26.8MB)
Installing build/app/outputs/flutter-apk/app-profile.apk...      1,284ms
I/ForceDarkHelperStubImpl( 8808): setViewRootImplForceDark: false for com.example.benchmark_container.MainActivity@14bb04, reason: AppDarkModeEnable
I/ForceDarkHelperStubImpl( 8808): setViewRootImplForceDark: false for com.example.benchmark_container.MainActivity@14bb04, reason: AppDarkModeEnable
D/DecorView[]( 8808): getWindowModeFromSystem  windowmode is 1
D/DecorView[]( 8808): updateDecorCaptionStatus displayWindowDecor is false
W/Looper  ( 8808): PerfMonitor looperActivity : package=com.example.benchmark_container/.MainActivity time=376ms latency=358ms running=0ms  procState=-1  historyMsgCount=3 (msgIndex=1 wall=361ms seq=3 h=android.app.ActivityThread$H w=110) (msgIndex=2 wall=361ms seq=3 h=android.app.ActivityThread$H w=110) (msgIndex=3 wall=361ms seq=3 h=android.app.ActivityThread$H w=110)
W/Looper  ( 8808): PerfMonitor looperActivity : package=com.example.benchmark_container/.MainActivity time=0ms latency=736ms running=0ms  procState=-1  historyMsgCount=4 (msgIndex=1 wall=361ms seq=3 h=android.app.ActivityThread$H w=110) (msgIndex=2 wall=361ms seq=3 h=android.app.ActivityThread$H w=110) (msgIndex=3 wall=361ms seq=3 h=android.app.ActivityThread$H w=110) (msgIndex=4 wall=376ms seq=4 late=358ms h=android.app.ActivityThread$H w=159)
D/SurfaceView( 8808): UPDATE null, mIsCastMode = false
D/hw-ProcessState( 8808): Binder ioctl to enable oneway spam detection failed: Invalid argument
W/Looper  ( 8808): PerfMonitor longMsg : seq=8 plan=07:49:11.196 late=401ms wall=1747ms running=0ms h=android.view.Choreographer$FrameHandler c=android.view.Choreographer$FrameDisplayEventReceiver procState=-1
W/Looper  ( 8808): PerfMonitor doFrame : time=1747ms vsyncFrame=0 latency=401ms procState=-1 historyMsgCount=7 (msgIndex=1 wall=1747ms seq=8 late=401ms h=android.view.Choreographer$FrameHandler c=android.view.Choreographer$FrameDisplayEventReceiver) (msgIndex=2 wall=1747ms seq=8 late=401ms h=android.view.Choreographer$FrameHandler c=android.view.Choreographer$FrameDisplayEventReceiver) (msgIndex=3 wall=1747ms seq=8 late=401ms h=android.view.Choreographer$FrameHandler c=android.view.Choreographer$FrameDisplayEventReceiver) (msgIndex=4 wall=376ms seq=4 h=android.app.ActivityThread$H w=159)
I/Choreographer( 8808): Skipped 98 frames!  The application may be doing too much work on its main thread.
D/SurfaceView( 8808): UPDATE Surface(name=SurfaceView[com.example.benchmark_container/com.example.benchmark_container.MainActivity])/@0xd30802a, mIsProjectionMode = false
W/Looper  ( 8808): PerfMonitor doFrame : time=2ms vsyncFrame=0 latency=1640ms procState=-1 historyMsgCount=4
[spm]: Connected to Dart VM service.
I/flutter ( 8808): 00:00 +0: Performance Benchmark
E/hmark_containe( 8808): open libmigui.so failed! dlopen - dlopen failed: library "libmigui.so" not found
D/hmark_containe( 8808): MiuiProcessManagerServiceStub setSchedFifo
I/MiuiProcessManagerImpl( 8808): setSchedFifo pid:8808, mode:3
D/DecorView[]( 8808): onWindowFocusChanged hasWindowFocus true
D/DecorView[]( 8808): getWindowModeFromSystem  windowmode is 1
D/DecorView[]( 8808): updateDecorCaptionStatus displayWindowDecor is false
D/ProfileInstaller( 8808): Installing profile for com.example.benchmark_container
[spm]: ProfilerData event received.
I/flutter ( 8808): [SPM:perf] 698a51a  buildSpan: 4150µs
I/flutter ( 8808): [spm] Performance monitoring completed for 698a51a
I/flutter ( 8808): [SPM:perf] 698a51a  buildSpan: 3661µs
[spm]: ProfilerData event received.
I/flutter ( 8808): [spm] Performance monitoring completed for 698a51a
[spm]: ProfilerData event received.
I/flutter ( 8808): [SPM:perf] 698a51a  buildSpan: 3998µs
I/flutter ( 8808): [spm] Performance monitoring completed for 698a51a
[spm]: ProfilerData event received.
I/flutter ( 8808): [SPM:perf] 698a51a  buildSpan: 3486µs
I/flutter ( 8808): [spm] Performance monitoring completed for 698a51a
[spm]: ProfilerData event received.
I/flutter ( 8808): [SPM:perf] 698a51a  buildSpan: 4088µs
I/flutter ( 8808): [spm] Performance monitoring completed for 698a51a
[spm]: ProfilerData event received.
I/flutter ( 8808): [SPM:perf] 698a51a  buildSpan: 3763µs
I/flutter ( 8808): [spm] Performance monitoring completed for 698a51a
[spm]: ProfilerData event received.
I/flutter ( 8808): [SPM:perf] 698a51a  buildSpan: 3837µs
I/flutter ( 8808): [spm] Performance monitoring completed for 698a51a
[spm]: ProfilerData event received.
I/flutter ( 8808): [SPM:perf] 698a51a  buildSpan: 3997µs
I/flutter ( 8808): [spm] Performance monitoring completed for 698a51a
[spm]: ProfilerData event received.
I/flutter ( 8808): [SPM:perf] 698a51a  buildSpan: 3791µs
I/flutter ( 8808): [spm] Performance monitoring completed for 698a51a
[spm]: ProfilerData event received.
I/flutter ( 8808): [SPM:perf] 698a51a  buildSpan: 3923µs
I/flutter ( 8808): [spm] Performance monitoring completed for 698a51a
[spm]: ProfilerData event received.
I/flutter ( 8808): [SPM:perf] 698a51a  buildSpan: 4059µs
I/flutter ( 8808): [spm] Performance monitoring completed for 698a51a
[spm]: ProfilerData event received.
I/flutter ( 8808): [SPM:perf] 698a51a  buildSpan: 3867µs
I/flutter ( 8808): [spm] Performance monitoring completed for 698a51a
[spm]: ProfilerData event received.
I/flutter ( 8808): [SPM:perf] 698a51a  buildSpan: 3466µs
I/flutter ( 8808): [spm] Performance monitoring completed for 698a51a
I/flutter ( 8808): [SPM:perf] 698a51a  buildSpan: 3858µs
[spm]: ProfilerData event received.
I/flutter ( 8808): [spm] Performance monitoring completed for 698a51a
I/flutter ( 8808): [SPM:perf] 698a51a  buildSpan: 3693µs
I/flutter ( 8808): [spm] Performance monitoring completed for 698a51a
[spm]: ProfilerData event received.
I/flutter ( 8808): [SPM:perf] 698a51a  buildSpan: 3672µs
I/flutter ( 8808): [spm] Performance monitoring completed for 698a51a
[spm]: ProfilerData event received.
[spm]: ProfilerData event received.
I/flutter ( 8808): [SPM:perf] 698a51a  buildSpan: 3817µs
I/flutter ( 8808): [spm] Performance monitoring completed for 698a51a
[spm]: ProfilerData event received.
I/flutter ( 8808): [SPM:perf] 698a51a  buildSpan: 3843µs
I/flutter ( 8808): [spm] Performance monitoring completed for 698a51a
I/flutter ( 8808): [SPM:perf] 698a51a  buildSpan: 2638µs
I/flutter ( 8808): [spm] Performance monitoring completed for 698a51a
[spm]: ProfilerData event received.
[spm]: ProfilerData event received.
I/flutter ( 8808): [SPM:perf] 698a51a  buildSpan: 3672µs
I/flutter ( 8808): [spm] Performance monitoring completed for 698a51a
I/flutter ( 8808): [SPM:perf] 698a51a  buildSpan: 3941µs
I/flutter ( 8808): [spm] Performance monitoring completed for 698a51a
[spm]: ProfilerData event received.
[spm]: ProfilerData event received.
I/flutter ( 8808): [SPM:perf] 698a51a  buildSpan: 3782µs
I/flutter ( 8808): [spm] Performance monitoring completed for 698a51a
[spm]: ProfilerData event received.
I/flutter ( 8808): [SPM:perf] 698a51a  buildSpan: 3915µs
I/flutter ( 8808): [spm] Performance monitoring completed for 698a51a
I/flutter ( 8808): [SPM:perf] 698a51a  buildSpan: 3398µs
I/flutter ( 8808): [spm] Performance monitoring completed for 698a51a
[spm]: ProfilerData event received.
[spm]: ProfilerData event received.
I/flutter ( 8808): [SPM:perf] 698a51a  buildSpan: 4026µs
I/flutter ( 8808): [spm] Performance monitoring completed for 698a51a
[spm]: ProfilerData event received.
I/flutter ( 8808): [SPM:perf] 698a51a  buildSpan: 3597µs
I/flutter ( 8808): [spm] Performance monitoring completed for 698a51a
[spm]: ProfilerData event received.
I/flutter ( 8808): [SPM:perf] 698a51a  buildSpan: 3691µs
I/flutter ( 8808): [spm] Performance monitoring completed for 698a51a
[spm]: ProfilerData event received.
I/flutter ( 8808): [SPM:perf] 698a51a  buildSpan: 3721µs
I/flutter ( 8808): [spm] Performance monitoring completed for 698a51a
[spm]: ProfilerData event received.
I/flutter ( 8808): [SPM:perf] 698a51a  buildSpan: 3836µs
I/flutter ( 8808): [spm] Performance monitoring completed for 698a51a
[spm]: ProfilerData event received.
I/flutter ( 8808): [SPM:perf] 698a51a  buildSpan: 3822µs
I/flutter ( 8808): [spm] Performance monitoring completed for 698a51a
I/flutter ( 8808): 01:10 +1: (tearDownAll)
I/flutter ( 8808): 01:11 +2: All tests passed!
All tests passed.
[spm]: Saved 30 profiler events to <ROOT>/dataset-new_samples/2408/redmi9t/raw/20260918-171017/rev_019_672ed006/e10.jsonl
[spm]: Reverting injection...
11 issues found. (ran in 0.8s)
WARNING: Your Android app project: app located at: <ROOT>/android/app/build.gradle.kts
applies the Kotlin Gradle Plugin, which will cause build failures in future versions of Flutter. 
Please migrate your app to Built-in Kotlin using this guide: https://docs.flutter.dev/release/breaking-changes/migrate-to-built-in-kotlin/for-app-developers

VMServiceFlutterDriver: Connecting to Flutter application at http://127.0.0.1:33935/7lWvJMqiF5c=/
[spm]: Detected VM service URI: ws://127.0.0.1:33935/7lWvJMqiF5c=/ws
VMServiceFlutterDriver: Isolate found with number: 8981432427997239
VMServiceFlutterDriver: Isolate 8981432427997239 is runnable.
VMServiceFlutterDriver: Isolate is paused at start.
VMServiceFlutterDriver: Attempting to resume isolate
VMServiceFlutterDriver: Connected to Flutter application.
VMServiceFlutterDriver: request_data message is taking a long time to complete...