# sample_id=2408/rev_019_672ed006 exec_index=13 ok=True perf_lines=30 vm_events=30 battery_pct=59 soc_temp_millic=37000 battery_temp_c=28.2 charging=False preflight_started=2026-09-19T02:25:27.584803+00:00 started=2026-09-19T02:25:30.284771+00:00 ts=2026-09-19T02:27:25.479369+00:00
[spm]: Running flutter analyze...
Resolving dependencies...
Downloading packages...
  _fe_analyzer_shared 100.0.0 (108.0.0 available)
  analyzer 13.0.0 (14.4.0 available)
  async 2.13.0 (2.13.1 available)
  clock 1.1.2 (1.1.3 available)
  cupertino_icons 1.0.8 (1.0.9 available)
  glob 2.1.3 (2.2.0 available)
  lints 6.0.0 (6.1.0 available)
  matcher 0.12.19 (0.12.20 available)
  material_color_utilities 0.13.0 (0.13.1 available)
  meta 1.18.0 (1.19.0 available)
  package_config 2.2.0 (3.0.0 available)
  platform 3.1.6 (3.2.0 available)
  process 5.0.5 (5.0.6 available)
  pub_semver 2.2.0 (2.2.1 available)
  source_span 1.10.1 (1.10.2 available)
  stack_trace 1.12.1 (1.12.2 available)
  test_api 0.7.11 (0.7.14 available)
  vector_math 2.2.0 (2.4.2 available)
  vm_service 15.0.2 (15.3.0 available)
  webdriver 3.1.0 (3.2.0 available)
  yaml 3.1.3 (3.1.4 available)
Got dependencies!
21 packages have newer versions incompatible with dependency constraints.
Try `flutter pub outdated` for more information.
Analyzing lib...                                                

   info • The part-of directive uses a library name. Try converting the directive to use the URI of the library • lib/dependencies.dart:46:1 • use_string_in_part_of_directives
   info • Constructors in '@immutable' classes should be declared as 'const'. Try adding 'const' to the constructor declaration • lib/dependencies.dart:1195:3 • prefer_const_constructors_in_immutables
   info • Constructors in '@immutable' classes should be declared as 'const'. Try adding 'const' to the constructor declaration • lib/dependencies.dart:1219:3 • prefer_const_constructors_in_immutables
   info • Constructors in '@immutable' classes should be declared as 'const'. Try adding 'const' to the constructor declaration • lib/dependencies.dart:1243:3 • prefer_const_constructors_in_immutables
   info • Constructors in '@immutable' classes should be declared as 'const'. Try adding 'const' to the constructor declaration • lib/dependencies.dart:1265:3 • prefer_const_constructors_in_immutables
   info • Constructors in '@immutable' classes should be declared as 'const'. Try adding 'const' to the constructor declaration • lib/dependencies.dart:1287:3 • prefer_const_constructors_in_immutables
   info • Library names are not necessary. Remove the library name • lib/generated_widget.dart:2:9 • unnecessary_library_name
   info • Constructors in '@immutable' classes should be declared as 'const'. Try adding 'const' to the constructor declaration • lib/generated_widget.dart:11:3 • prefer_const_constructors_in_immutables
warning • The value of the local variable 'analytics' isn't used. Try removing the variable or using it • lib/generated_widget.dart:51:11 • unused_local_variable
warning • The value of the local variable 'index' isn't used. Try removing the variable or using it • lib/generated_widget.dart:191:21 • unused_local_variable
   info • 'value' is deprecated and shouldn't be used. Use initialValue instead. This will set the initial value for the form field. This feature was deprecated after v3.33.0-1.0.pre. Try replacing the use of the deprecated member with the replacement • lib/generated_widget.dart:336:19 • deprecated_member_use

[spm]: Injecting profiler code...
[spm]: Starting app...
Running Gradle task 'assembleProfile'...                        
Running Gradle task 'assembleProfile'...                         2,662ms
✓ Built build/app/outputs/flutter-apk/app-profile.apk (26.8MB)
Installing build/app/outputs/flutter-apk/app-profile.apk...      1,210ms
E/MiuiMultiWindowUtils( 1197): initFreeFormResolutionArgs failed, device is lime
D/IS_CTS_MODE( 1197): true
D/MULTI_WINDOW_SWITCH_ENABLED( 1197): false
D/IS_CTS_MODE( 1197): true
D/MULTI_WINDOW_SWITCH_ENABLED( 1197): false
D/IS_CTS_MODE( 1197): true
D/MULTI_WINDOW_SWITCH_ENABLED( 1197): false
D/DecorView[]( 1197): getWindowModeFromSystem  windowmode is 1
I/ForceDarkHelperStubImpl( 1197): setViewRootImplForceDark: false for com.example.benchmark_container.MainActivity@14bb04, reason: AppDarkModeEnable
I/ForceDarkHelperStubImpl( 1197): setViewRootImplForceDark: false for com.example.benchmark_container.MainActivity@14bb04, reason: AppDarkModeEnable
D/DecorView[]( 1197): getWindowModeFromSystem  windowmode is 1
D/DecorView[]( 1197): updateDecorCaptionStatus displayWindowDecor is false
W/Looper  ( 1197): PerfMonitor looperActivity : package=com.example.benchmark_container/.MainActivity time=437ms latency=424ms running=0ms  procState=-1  historyMsgCount=2 (msgIndex=1 wall=437ms seq=4 late=424ms h=android.app.ActivityThread$H w=159) (msgIndex=2 wall=426ms seq=3 h=android.app.ActivityThread$H w=110)
W/Looper  ( 1197): PerfMonitor looperActivity : package=com.example.benchmark_container/.MainActivity time=1ms latency=864ms running=0ms  procState=-1  historyMsgCount=4 (msgIndex=2 wall=437ms seq=4 late=424ms h=android.app.ActivityThread$H w=159) (msgIndex=3 wall=426ms seq=3 h=android.app.ActivityThread$H w=110) (msgIndex=4 wall=437ms seq=4 late=424ms h=android.app.ActivityThread$H w=159)
D/SurfaceView( 1197): UPDATE null, mIsCastMode = false
D/hw-ProcessState( 1197): Binder ioctl to enable oneway spam detection failed: Invalid argument
W/Looper  ( 1197): PerfMonitor longMsg : seq=8 plan=05:25:51.803 late=463ms wall=1833ms running=0ms h=android.view.Choreographer$FrameHandler c=android.view.Choreographer$FrameDisplayEventReceiver procState=-1
W/Looper  ( 1197): PerfMonitor doFrame : time=1833ms vsyncFrame=0 latency=463ms procState=-1 historyMsgCount=7 (msgIndex=2 wall=437ms seq=4 h=android.app.ActivityThread$H w=159) (msgIndex=3 wall=1833ms seq=8 late=463ms h=android.view.Choreographer$FrameHandler c=android.view.Choreographer$FrameDisplayEventReceiver) (msgIndex=4 wall=437ms seq=4 h=android.app.ActivityThread$H w=159)
I/Choreographer( 1197): Skipped 103 frames!  The application may be doing too much work on its main thread.
D/SurfaceView( 1197): UPDATE Surface(name=SurfaceView[com.example.benchmark_container/com.example.benchmark_container.MainActivity])/@0xd30802a, mIsProjectionMode = false
W/Looper  ( 1197): PerfMonitor doFrame : time=3ms vsyncFrame=0 latency=1724ms procState=-1 historyMsgCount=4
[spm]: Connected to Dart VM service.
I/flutter ( 1197): 00:00 +0: Performance Benchmark
E/hmark_containe( 1197): open libmigui.so failed! dlopen - dlopen failed: library "libmigui.so" not found
D/hmark_containe( 1197): MiuiProcessManagerServiceStub setSchedFifo
I/MiuiProcessManagerImpl( 1197): setSchedFifo pid:1197, mode:3
D/DecorView[]( 1197): onWindowFocusChanged hasWindowFocus true
D/ProfileInstaller( 1197): Installing profile for com.example.benchmark_container
D/DecorView[]( 1197): getWindowModeFromSystem  windowmode is 1
D/DecorView[]( 1197): updateDecorCaptionStatus displayWindowDecor is false
[spm]: ProfilerData event received.
I/flutter ( 1197): [SPM:perf] 698a51a  buildSpan: 4005µs
I/flutter ( 1197): [spm] Performance monitoring completed for 698a51a
[spm]: ProfilerData event received.
I/flutter ( 1197): [SPM:perf] 698a51a  buildSpan: 3594µs
I/flutter ( 1197): [spm] Performance monitoring completed for 698a51a
[spm]: ProfilerData event received.
I/flutter ( 1197): [SPM:perf] 698a51a  buildSpan: 4035µs
I/flutter ( 1197): [spm] Performance monitoring completed for 698a51a
[spm]: ProfilerData event received.
I/flutter ( 1197): [SPM:perf] 698a51a  buildSpan: 3927µs
I/flutter ( 1197): [spm] Performance monitoring completed for 698a51a
[spm]: ProfilerData event received.
I/flutter ( 1197): [SPM:perf] 698a51a  buildSpan: 3772µs
I/flutter ( 1197): [spm] Performance monitoring completed for 698a51a
[spm]: ProfilerData event received.
I/flutter ( 1197): [SPM:perf] 698a51a  buildSpan: 3793µs
I/flutter ( 1197): [spm] Performance monitoring completed for 698a51a
[spm]: ProfilerData event received.
I/flutter ( 1197): [SPM:perf] 698a51a  buildSpan: 3873µs
I/flutter ( 1197): [spm] Performance monitoring completed for 698a51a
I/flutter ( 1197): [SPM:perf] 698a51a  buildSpan: 3930µs
I/flutter ( 1197): [spm] Performance monitoring completed for 698a51a
[spm]: ProfilerData event received.
[spm]: ProfilerData event received.
I/flutter ( 1197): [SPM:perf] 698a51a  buildSpan: 3658µs
I/flutter ( 1197): [spm] Performance monitoring completed for 698a51a
[spm]: ProfilerData event received.
I/flutter ( 1197): [SPM:perf] 698a51a  buildSpan: 3349µs
I/flutter ( 1197): [spm] Performance monitoring completed for 698a51a
I/flutter ( 1197): [SPM:perf] 698a51a  buildSpan: 3745µs
I/flutter ( 1197): [spm] Performance monitoring completed for 698a51a
[spm]: ProfilerData event received.
[spm]: ProfilerData event received.
I/flutter ( 1197): [SPM:perf] 698a51a  buildSpan: 3792µs
I/flutter ( 1197): [spm] Performance monitoring completed for 698a51a
[spm]: ProfilerData event received.
I/flutter ( 1197): [SPM:perf] 698a51a  buildSpan: 3837µs
I/flutter ( 1197): [spm] Performance monitoring completed for 698a51a
I/flutter ( 1197): [SPM:perf] 698a51a  buildSpan: 3754µs
I/flutter ( 1197): [spm] Performance monitoring completed for 698a51a
[spm]: ProfilerData event received.
[spm]: ProfilerData event received.
I/flutter ( 1197): [SPM:perf] 698a51a  buildSpan: 3754µs
I/flutter ( 1197): [spm] Performance monitoring completed for 698a51a
[spm]: ProfilerData event received.
I/flutter ( 1197): [SPM:perf] 698a51a  buildSpan: 3825µs
I/flutter ( 1197): [spm] Performance monitoring completed for 698a51a
I/flutter ( 1197): [SPM:perf] 698a51a  buildSpan: 2635µs
I/flutter ( 1197): [spm] Performance monitoring completed for 698a51a
[spm]: ProfilerData event received.
I/flutter ( 1197): [SPM:perf] 698a51a  buildSpan: 3784µs
I/flutter ( 1197): [spm] Performance monitoring completed for 698a51a
[spm]: ProfilerData event received.
[spm]: ProfilerData event received.
I/flutter ( 1197): [SPM:perf] 698a51a  buildSpan: 3782µs
I/flutter ( 1197): [spm] Performance monitoring completed for 698a51a
I/flutter ( 1197): [SPM:perf] 698a51a  buildSpan: 3787µs
I/flutter ( 1197): [spm] Performance monitoring completed for 698a51a
[spm]: ProfilerData event received.
[spm]: ProfilerData event received.
I/flutter ( 1197): [SPM:perf] 698a51a  buildSpan: 3741µs
I/flutter ( 1197): [spm] Performance monitoring completed for 698a51a
I/flutter ( 1197): [SPM:perf] 698a51a  buildSpan: 3959µs
I/flutter ( 1197): [spm] Performance monitoring completed for 698a51a
[spm]: ProfilerData event received.
[spm]: ProfilerData event received.
I/flutter ( 1197): [SPM:perf] 698a51a  buildSpan: 3631µs
I/flutter ( 1197): [spm] Performance monitoring completed for 698a51a
[spm]: ProfilerData event received.
I/flutter ( 1197): [SPM:perf] 698a51a  buildSpan: 3735µs
I/flutter ( 1197): [spm] Performance monitoring completed for 698a51a
I/flutter ( 1197): [SPM:perf] 698a51a  buildSpan: 3611µs
[spm]: ProfilerData event received.
I/flutter ( 1197): [spm] Performance monitoring completed for 698a51a
[spm]: ProfilerData event received.
I/flutter ( 1197): [SPM:perf] 698a51a  buildSpan: 4016µs
I/flutter ( 1197): [spm] Performance monitoring completed for 698a51a
[spm]: ProfilerData event received.
I/flutter ( 1197): [SPM:perf] 698a51a  buildSpan: 3803µs
I/flutter ( 1197): [spm] Performance monitoring completed for 698a51a
[spm]: ProfilerData event received.
I/flutter ( 1197): [SPM:perf] 698a51a  buildSpan: 4096µs
I/flutter ( 1197): [spm] Performance monitoring completed for 698a51a
[spm]: ProfilerData event received.
I/flutter ( 1197): [SPM:perf] 698a51a  buildSpan: 3643µs
I/flutter ( 1197): [spm] Performance monitoring completed for 698a51a
I/flutter ( 1197): [SPM:perf] 698a51a  buildSpan: 3708µs
I/flutter ( 1197): [spm] Performance monitoring completed for 698a51a
[spm]: ProfilerData event received.
I/flutter ( 1197): 01:10 +1: (tearDownAll)
I/flutter ( 1197): 01:11 +2: All tests passed!
All tests passed.
[spm]: Saved 30 profiler events to <ROOT>/dataset-new_samples/2408/redmi9t/raw/20260918-171017/rev_019_672ed006/e13.jsonl
[spm]: Reverting injection...
11 issues found. (ran in 0.6s)
WARNING: Your Android app project: app located at: <ROOT>/android/app/build.gradle.kts
applies the Kotlin Gradle Plugin, which will cause build failures in future versions of Flutter. 
Please migrate your app to Built-in Kotlin using this guide: https://docs.flutter.dev/release/breaking-changes/migrate-to-built-in-kotlin/for-app-developers

VMServiceFlutterDriver: Connecting to Flutter application at http://127.0.0.1:36303/l5fm59fY5Xw=/
[spm]: Detected VM service URI: ws://127.0.0.1:36303/l5fm59fY5Xw=/ws
VMServiceFlutterDriver: Isolate found with number: 6614104809410771
VMServiceFlutterDriver: Isolate 6614104809410771 is runnable.
VMServiceFlutterDriver: Isolate is paused at start.
VMServiceFlutterDriver: Attempting to resume isolate
VMServiceFlutterDriver: Connected to Flutter application.
VMServiceFlutterDriver: request_data message is taking a long time to complete...