# sample_id=2408/rev_019_672ed006 exec_index=8 ok=True perf_lines=30 vm_events=30 battery_pct=49 soc_temp_millic=37000 battery_temp_c=29.1 charging=False preflight_started=2026-09-19T05:12:32.956662+00:00 started=2026-09-19T05:12:35.667158+00:00 ts=2026-09-19T05:14:16.288825+00:00
[spm]: Running flutter analyze...
Resolving dependencies...
Downloading packages...
  _fe_analyzer_shared 100.0.0 (108.0.0 available)
  analyzer 13.0.0 (14.4.0 available)
  async 2.13.0 (2.13.1 available)
  clock 1.1.2 (1.1.3 available)
  cupertino_icons 1.0.8 (1.0.9 available)
  glob 2.1.3 (2.2.0 available)
  lints 6.0.0 (6.1.0 available)
  matcher 0.12.19 (0.12.20 available)
  material_color_utilities 0.13.0 (0.13.1 available)
  meta 1.18.0 (1.19.0 available)
  package_config 2.2.0 (3.0.0 available)
  platform 3.1.6 (3.2.0 available)
  process 5.0.5 (5.0.6 available)
  pub_semver 2.2.0 (2.2.1 available)
  source_span 1.10.1 (1.10.2 available)
  stack_trace 1.12.1 (1.12.2 available)
  test_api 0.7.11 (0.7.14 available)
  vector_math 2.2.0 (2.4.2 available)
  vm_service 15.0.2 (15.3.0 available)
  webdriver 3.1.0 (3.2.0 available)
  yaml 3.1.3 (3.1.4 available)
Got dependencies!
21 packages have newer versions incompatible with dependency constraints.
Try `flutter pub outdated` for more information.
Analyzing lib...                                                

   info • The part-of directive uses a library name. Try converting the directive to use the URI of the library • lib/dependencies.dart:46:1 • use_string_in_part_of_directives
   info • Constructors in '@immutable' classes should be declared as 'const'. Try adding 'const' to the constructor declaration • lib/dependencies.dart:1195:3 • prefer_const_constructors_in_immutables
   info • Constructors in '@immutable' classes should be declared as 'const'. Try adding 'const' to the constructor declaration • lib/dependencies.dart:1219:3 • prefer_const_constructors_in_immutables
   info • Constructors in '@immutable' classes should be declared as 'const'. Try adding 'const' to the constructor declaration • lib/dependencies.dart:1243:3 • prefer_const_constructors_in_immutables
   info • Constructors in '@immutable' classes should be declared as 'const'. Try adding 'const' to the constructor declaration • lib/dependencies.dart:1265:3 • prefer_const_constructors_in_immutables
   info • Constructors in '@immutable' classes should be declared as 'const'. Try adding 'const' to the constructor declaration • lib/dependencies.dart:1287:3 • prefer_const_constructors_in_immutables
   info • Library names are not necessary. Remove the library name • lib/generated_widget.dart:2:9 • unnecessary_library_name
   info • Constructors in '@immutable' classes should be declared as 'const'. Try adding 'const' to the constructor declaration • lib/generated_widget.dart:11:3 • prefer_const_constructors_in_immutables
warning • The value of the local variable 'analytics' isn't used. Try removing the variable or using it • lib/generated_widget.dart:51:11 • unused_local_variable
warning • The value of the local variable 'index' isn't used. Try removing the variable or using it • lib/generated_widget.dart:191:21 • unused_local_variable
   info • 'value' is deprecated and shouldn't be used. Use initialValue instead. This will set the initial value for the form field. This feature was deprecated after v3.33.0-1.0.pre. Try replacing the use of the deprecated member with the replacement • lib/generated_widget.dart:336:19 • deprecated_member_use

[spm]: Injecting profiler code...
[spm]: Starting app...
Running Gradle task 'assembleProfile'...                        
Running Gradle task 'assembleProfile'...                         1,813ms
✓ Built build/app/outputs/flutter-apk/app-profile.apk (26.8MB)
Installing build/app/outputs/flutter-apk/app-profile.apk...      1,254ms
D/IS_CTS_MODE(31824): true
D/MULTI_WINDOW_SWITCH_ENABLED(31824): false
D/IS_CTS_MODE(31824): true
D/MULTI_WINDOW_SWITCH_ENABLED(31824): false
D/IS_CTS_MODE(31824): true
D/MULTI_WINDOW_SWITCH_ENABLED(31824): false
D/DecorView[](31824): getWindowModeFromSystem  windowmode is 1
I/ForceDarkHelperStubImpl(31824): setViewRootImplForceDark: false for com.example.benchmark_container.MainActivity@14bb04, reason: AppDarkModeEnable
I/ForceDarkHelperStubImpl(31824): setViewRootImplForceDark: false for com.example.benchmark_container.MainActivity@14bb04, reason: AppDarkModeEnable
D/DecorView[](31824): getWindowModeFromSystem  windowmode is 1
D/DecorView[](31824): updateDecorCaptionStatus displayWindowDecor is false
W/Looper  (31824): PerfMonitor looperActivity : package=com.example.benchmark_container/.MainActivity time=536ms latency=409ms running=0ms  procState=-1  historyMsgCount=3 (msgIndex=3 wall=394ms seq=3 h=android.app.ActivityThread$H w=110)
W/Looper  (31824): PerfMonitor looperActivity : package=com.example.benchmark_container/.MainActivity time=0ms latency=921ms running=0ms  procState=-1  historyMsgCount=3 (msgIndex=2 wall=394ms seq=3 h=android.app.ActivityThread$H w=110) (msgIndex=3 wall=536ms seq=4 late=409ms h=android.app.ActivityThread$H w=159)
I/Choreographer(31824): Skipped 33 frames!  The application may be doing too much work on its main thread.
D/SurfaceView(31824): UPDATE null, mIsCastMode = false
D/hw-ProcessState(31824): Binder ioctl to enable oneway spam detection failed: Invalid argument
W/Looper  (31824): PerfMonitor longMsg : seq=8 plan=08:12:52.613 late=561ms wall=1851ms running=0ms h=android.view.Choreographer$FrameHandler c=android.view.Choreographer$FrameDisplayEventReceiver procState=-1
W/Looper  (31824): PerfMonitor doFrame : time=1851ms vsyncFrame=0 latency=561ms procState=-1 historyMsgCount=7 (msgIndex=3 wall=1851ms seq=8 late=561ms h=android.view.Choreographer$FrameHandler c=android.view.Choreographer$FrameDisplayEventReceiver) (msgIndex=4 wall=536ms seq=4 h=android.app.ActivityThread$H w=159)
I/Choreographer(31824): Skipped 104 frames!  The application may be doing too much work on its main thread.
D/SurfaceView(31824): UPDATE Surface(name=SurfaceView[com.example.benchmark_container/com.example.benchmark_container.MainActivity])/@0xd30802a, mIsProjectionMode = false
W/Looper  (31824): PerfMonitor doFrame : time=3ms vsyncFrame=0 latency=1735ms procState=-1 historyMsgCount=5
[spm]: Connected to Dart VM service.
I/flutter (31824): 00:00 +0: Performance Benchmark
E/hmark_containe(31824): open libmigui.so failed! dlopen - dlopen failed: library "libmigui.so" not found
D/hmark_containe(31824): MiuiProcessManagerServiceStub setSchedFifo
I/MiuiProcessManagerImpl(31824): setSchedFifo pid:31824, mode:3
D/DecorView[](31824): onWindowFocusChanged hasWindowFocus true
D/ProfileInstaller(31824): Installing profile for com.example.benchmark_container
D/DecorView[](31824): getWindowModeFromSystem  windowmode is 1
D/DecorView[](31824): updateDecorCaptionStatus displayWindowDecor is false
[spm]: ProfilerData event received.
I/flutter (31824): [SPM:perf] 698a51a  buildSpan: 4298µs
I/flutter (31824): [spm] Performance monitoring completed for 698a51a
[spm]: ProfilerData event received.
I/flutter (31824): [SPM:perf] 698a51a  buildSpan: 3036µs
I/flutter (31824): [spm] Performance monitoring completed for 698a51a
[spm]: ProfilerData event received.
I/flutter (31824): [SPM:perf] 698a51a  buildSpan: 4079µs
I/flutter (31824): [spm] Performance monitoring completed for 698a51a
[spm]: ProfilerData event received.
I/flutter (31824): [SPM:perf] 698a51a  buildSpan: 3851µs
I/flutter (31824): [spm] Performance monitoring completed for 698a51a
[spm]: ProfilerData event received.
I/flutter (31824): [SPM:perf] 698a51a  buildSpan: 3872µs
I/flutter (31824): [spm] Performance monitoring completed for 698a51a
[spm]: ProfilerData event received.
I/flutter (31824): [SPM:perf] 698a51a  buildSpan: 3952µs
I/flutter (31824): [spm] Performance monitoring completed for 698a51a
I/flutter (31824): [SPM:perf] 698a51a  buildSpan: 3964µs
[spm]: ProfilerData event received.
I/flutter (31824): [spm] Performance monitoring completed for 698a51a
[spm]: ProfilerData event received.
I/flutter (31824): [SPM:perf] 698a51a  buildSpan: 3851µs
I/flutter (31824): [spm] Performance monitoring completed for 698a51a
[spm]: ProfilerData event received.
I/flutter (31824): [SPM:perf] 698a51a  buildSpan: 3184µs
I/flutter (31824): [spm] Performance monitoring completed for 698a51a
[spm]: ProfilerData event received.
I/flutter (31824): [SPM:perf] 698a51a  buildSpan: 3858µs
I/flutter (31824): [spm] Performance monitoring completed for 698a51a
[spm]: ProfilerData event received.
I/flutter (31824): [SPM:perf] 698a51a  buildSpan: 3397µs
I/flutter (31824): [spm] Performance monitoring completed for 698a51a
[spm]: ProfilerData event received.
I/flutter (31824): [SPM:perf] 698a51a  buildSpan: 3857µs
I/flutter (31824): [spm] Performance monitoring completed for 698a51a
[spm]: ProfilerData event received.
I/flutter (31824): [SPM:perf] 698a51a  buildSpan: 3741µs
I/flutter (31824): [spm] Performance monitoring completed for 698a51a
[spm]: ProfilerData event received.
I/flutter (31824): [SPM:perf] 698a51a  buildSpan: 3816µs
I/flutter (31824): [spm] Performance monitoring completed for 698a51a
I/flutter (31824): [SPM:perf] 698a51a  buildSpan: 3887µs
[spm]: ProfilerData event received.
I/flutter (31824): [spm] Performance monitoring completed for 698a51a
[spm]: ProfilerData event received.
I/flutter (31824): [SPM:perf] 698a51a  buildSpan: 3892µs
I/flutter (31824): [spm] Performance monitoring completed for 698a51a
[spm]: ProfilerData event received.
I/flutter (31824): [SPM:perf] 698a51a  buildSpan: 2885µs
I/flutter (31824): [spm] Performance monitoring completed for 698a51a
[spm]: ProfilerData event received.
I/flutter (31824): [SPM:perf] 698a51a  buildSpan: 3485µs
I/flutter (31824): [spm] Performance monitoring completed for 698a51a
I/flutter (31824): [SPM:perf] 698a51a  buildSpan: 4134µs
I/flutter (31824): [spm] Performance monitoring completed for 698a51a
[spm]: ProfilerData event received.
[spm]: ProfilerData event received.
I/flutter (31824): [SPM:perf] 698a51a  buildSpan: 3720µs
I/flutter (31824): [spm] Performance monitoring completed for 698a51a
I/flutter (31824): [SPM:perf] 698a51a  buildSpan: 3909µs
I/flutter (31824): [spm] Performance monitoring completed for 698a51a
[spm]: ProfilerData event received.
I/flutter (31824): [SPM:perf] 698a51a  buildSpan: 3742µs
I/flutter (31824): [spm] Performance monitoring completed for 698a51a
[spm]: ProfilerData event received.
[spm]: ProfilerData event received.
I/flutter (31824): [SPM:perf] 698a51a  buildSpan: 3417µs
I/flutter (31824): [spm] Performance monitoring completed for 698a51a
[spm]: ProfilerData event received.
I/flutter (31824): [SPM:perf] 698a51a  buildSpan: 3643µs
I/flutter (31824): [spm] Performance monitoring completed for 698a51a
I/flutter (31824): [SPM:perf] 698a51a  buildSpan: 3922µs
[spm]: ProfilerData event received.
I/flutter (31824): [spm] Performance monitoring completed for 698a51a
[spm]: ProfilerData event received.
I/flutter (31824): [SPM:perf] 698a51a  buildSpan: 3756µs
I/flutter (31824): [spm] Performance monitoring completed for 698a51a
I/flutter (31824): [SPM:perf] 698a51a  buildSpan: 3944µs
I/flutter (31824): [spm] Performance monitoring completed for 698a51a
[spm]: ProfilerData event received.
I/flutter (31824): [SPM:perf] 698a51a  buildSpan: 3874µs
I/flutter (31824): [spm] Performance monitoring completed for 698a51a
[spm]: ProfilerData event received.
I/flutter (31824): [SPM:perf] 698a51a  buildSpan: 3699µs
I/flutter (31824): [spm] Performance monitoring completed for 698a51a
[spm]: ProfilerData event received.
[spm]: ProfilerData event received.
I/flutter (31824): [SPM:perf] 698a51a  buildSpan: 3801µs
I/flutter (31824): [spm] Performance monitoring completed for 698a51a
I/flutter (31824): 01:10 +1: (tearDownAll)
I/flutter (31824): 01:11 +2: All tests passed!
All tests passed.
[spm]: Saved 30 profiler events to <ROOT>/dataset-new_samples/2408/redmi9t/raw/20260918-171017/rev_019_672ed006/e8.jsonl
[spm]: Reverting injection...
11 issues found. (ran in 0.5s)
WARNING: Your Android app project: app located at: <ROOT>/android/app/build.gradle.kts
applies the Kotlin Gradle Plugin, which will cause build failures in future versions of Flutter. 
Please migrate your app to Built-in Kotlin using this guide: https://docs.flutter.dev/release/breaking-changes/migrate-to-built-in-kotlin/for-app-developers

VMServiceFlutterDriver: Connecting to Flutter application at http://127.0.0.1:46331/OKtbL6jLEGk=/
[spm]: Detected VM service URI: ws://127.0.0.1:46331/OKtbL6jLEGk=/ws
VMServiceFlutterDriver: Isolate found with number: 6415239940639735
VMServiceFlutterDriver: Isolate 6415239940639735 is runnable.
VMServiceFlutterDriver: Isolate is paused at start.
VMServiceFlutterDriver: Attempting to resume isolate
VMServiceFlutterDriver: Connected to Flutter application.
VMServiceFlutterDriver: request_data message is taking a long time to complete...