# sample_id=32/base exec_index=12 ok=True perf_lines=30 vm_events=30 battery_pct=64 soc_temp_millic=42000 battery_temp_c=33.6 charging=False preflight_started=2026-08-11T13:15:13.247536+00:00 started=2026-08-11T13:15:15.924060+00:00 ts=2026-08-11T13:17:23.316072+00:00
[spm]: Running flutter analyze...
Analyzing lib...                                                

   info • The import of 'package:flutter/cupertino.dart' is unnecessary because all of the used elements are also provided by the import of 'package:flutter/material.dart'. Try removing the import directive • lib/dependencies.dart:3:8 • unnecessary_import
   info • 'withOpacity' is deprecated and shouldn't be used. Use .withValues() to avoid precision loss. Try replacing the use of the deprecated member with the replacement • lib/dependencies.dart:25:83 • deprecated_member_use
   info • Constructors in '@immutable' classes should be declared as 'const'. Try adding 'const' to the constructor declaration • lib/generated_widget.dart:7:3 • prefer_const_constructors_in_immutables
   info • Parameter 'key' could be a super parameter. Trying converting 'key' to a super parameter • lib/generated_widget.dart:7:3 • use_super_parameters
   info • Missing type annotation. Try adding a type annotation • lib/generated_widget.dart:43:3 • strict_top_level_inference
   info • String literals shouldn't be concatenated by the '+' operator. Try removing the operator to use adjacent strings • lib/generated_widget.dart:47:26 • prefer_adjacent_string_concatenation
   info • Unnecessary 'new' keyword. Try removing the 'new' keyword • lib/generated_widget.dart:69:19 • unnecessary_new
   info • Unnecessary 'new' keyword. Try removing the 'new' keyword • lib/generated_widget.dart:78:15 • unnecessary_new
   info • Constructors for public widgets should have a named 'key' parameter. Try adding a named parameter to the constructor • lib/generated_widget.dart:111:3 • use_key_in_widget_constructors
   info • Constructors in '@immutable' classes should be declared as 'const'. Try adding 'const' to the constructor declaration • lib/generated_widget.dart:111:3 • prefer_const_constructors_in_immutables
   info • The local variable '_color' starts with an underscore. Try renaming the variable to not start with an underscore • lib/generated_widget.dart:135:11 • no_leading_underscores_for_local_identifiers
   info • The 'child' argument should be last in widget constructor invocations. Try moving the argument to the end of the argument list • lib/generated_widget.dart:140:9 • sort_child_properties_last
   info • Parameter 'key' could be a super parameter. Trying converting 'key' to a super parameter • lib/generated_widget.dart:173:9 • use_super_parameters
   info • Use a 'SizedBox' to add whitespace to a layout. Try using a 'SizedBox' rather than a 'Container' • lib/generated_widget.dart:203:16 • sized_box_for_whitespace

[spm]: Injecting profiler code...
[spm]: Starting app...
Running Gradle task 'assembleProfile'...                        
Running Gradle task 'assembleProfile'...                           25.6s
✓ Built build/app/outputs/flutter-apk/app-profile.apk (61.8MB)
Installing build/app/outputs/flutter-apk/app-profile.apk...      2,108ms
I/ForceDarkHelperStubImpl(15391): setViewRootImplForceDark: false for com.example.benchmark_container.MainActivity@6276a4e, reason: AppDarkModeEnable
I/ForceDarkHelperStubImpl(15391): setViewRootImplForceDark: false for com.example.benchmark_container.MainActivity@6276a4e, reason: AppDarkModeEnable
D/DecorView[](15391): getWindowModeFromSystem  windowmode is 1
D/DecorView[](15391): updateDecorCaptionStatus displayWindowDecor is false
W/Looper  (15391): PerfMonitor looperActivity : package=com.example.benchmark_container/.MainActivity time=347ms latency=345ms running=0ms  procState=-1  historyMsgCount=3 (msgIndex=3 wall=342ms seq=3 h=android.app.ActivityThread$H w=110)
W/Looper  (15391): PerfMonitor looperActivity : package=com.example.benchmark_container/.MainActivity time=0ms latency=693ms running=0ms  procState=-1  historyMsgCount=4 (msgIndex=3 wall=342ms seq=3 h=android.app.ActivityThread$H w=110) (msgIndex=4 wall=347ms seq=4 late=345ms h=android.app.ActivityThread$H w=159)
D/SurfaceView(15391): UPDATE null, mIsCastMode = false
D/hw-ProcessState(15391): Binder ioctl to enable oneway spam detection failed: Invalid argument
W/Looper  (15391): PerfMonitor longMsg : seq=8 plan=16:15:59.396 late=360ms wall=1700ms running=0ms h=android.view.Choreographer$FrameHandler c=android.view.Choreographer$FrameDisplayEventReceiver procState=-1
W/Looper  (15391): PerfMonitor doFrame : time=1700ms vsyncFrame=0 latency=360ms procState=-1 historyMsgCount=7 (msgIndex=3 wall=1700ms seq=8 late=360ms h=android.view.Choreographer$FrameHandler c=android.view.Choreographer$FrameDisplayEventReceiver) (msgIndex=4 wall=347ms seq=4 h=android.app.ActivityThread$H w=159)
I/Choreographer(15391): Skipped 97 frames!  The application may be doing too much work on its main thread.
D/SurfaceView(15391): UPDATE Surface(name=SurfaceView[com.example.benchmark_container/com.example.benchmark_container.MainActivity])/@0x3ee5544, mIsProjectionMode = false
W/Looper  (15391): PerfMonitor doFrame : time=3ms vsyncFrame=0 latency=1617ms procState=-1 historyMsgCount=4
[spm]: Connected to Dart VM service.
I/flutter (15391): 00:00 +0: Performance Benchmark
E/hmark_containe(15391): open libmigui.so failed! dlopen - dlopen failed: library "libmigui.so" not found
D/hmark_containe(15391): MiuiProcessManagerServiceStub setSchedFifo
I/MiuiProcessManagerImpl(15391): setSchedFifo pid:15391, mode:3
D/DecorView[](15391): onWindowFocusChanged hasWindowFocus true
D/DecorView[](15391): getWindowModeFromSystem  windowmode is 1
D/DecorView[](15391): updateDecorCaptionStatus displayWindowDecor is false
D/ProfileInstaller(15391): Installing profile for com.example.benchmark_container
I/flutter (15391): setState 698a51a
[spm]: ProfilerData event received.
I/flutter (15391): [SPM:perf] 698a51a  buildSpan: 3792µs
I/flutter (15391): [spm] Performance monitoring completed for 698a51a
I/flutter (15391): setState 698a51a
[spm]: ProfilerData event received.
I/flutter (15391): [SPM:perf] 698a51a  buildSpan: 2456µs
I/flutter (15391): [spm] Performance monitoring completed for 698a51a
I/flutter (15391): setState 698a51a
[spm]: ProfilerData event received.
I/flutter (15391): [SPM:perf] 698a51a  buildSpan: 2545µs
I/flutter (15391): [spm] Performance monitoring completed for 698a51a
I/flutter (15391): setState 698a51a
[spm]: ProfilerData event received.
I/flutter (15391): [SPM:perf] 698a51a  buildSpan: 3234µs
I/flutter (15391): [spm] Performance monitoring completed for 698a51a
I/flutter (15391): setState 698a51a
I/flutter (15391): [SPM:perf] 698a51a  buildSpan: 6721µs
[spm]: ProfilerData event received.
I/flutter (15391): [spm] Performance monitoring completed for 698a51a
I/flutter (15391): setState 698a51a
[spm]: ProfilerData event received.
I/flutter (15391): [SPM:perf] 698a51a  buildSpan: 3100µs
I/flutter (15391): [spm] Performance monitoring completed for 698a51a
I/flutter (15391): setState 698a51a
[spm]: ProfilerData event received.
I/flutter (15391): [SPM:perf] 698a51a  buildSpan: 3136µs
I/flutter (15391): [spm] Performance monitoring completed for 698a51a
I/flutter (15391): setState 698a51a
[spm]: ProfilerData event received.
I/flutter (15391): [SPM:perf] 698a51a  buildSpan: 2757µs
I/flutter (15391): [spm] Performance monitoring completed for 698a51a
I/flutter (15391): setState 698a51a
[spm]: ProfilerData event received.
I/flutter (15391): [SPM:perf] 698a51a  buildSpan: 2361µs
I/flutter (15391): [spm] Performance monitoring completed for 698a51a
I/flutter (15391): setState 698a51a
[spm]: ProfilerData event received.
I/flutter (15391): [SPM:perf] 698a51a  buildSpan: 3145µs
I/flutter (15391): [spm] Performance monitoring completed for 698a51a
I/flutter (15391): setState 698a51a
[spm]: ProfilerData event received.
I/flutter (15391): [SPM:perf] 698a51a  buildSpan: 3200µs
I/flutter (15391): [spm] Performance monitoring completed for 698a51a
I/flutter (15391): setState 698a51a
[spm]: ProfilerData event received.
I/flutter (15391): [SPM:perf] 698a51a  buildSpan: 3183µs
I/flutter (15391): [spm] Performance monitoring completed for 698a51a
I/flutter (15391): setState 698a51a
I/flutter (15391): [SPM:perf] 698a51a  buildSpan: 3133µs
[spm]: ProfilerData event received.
I/flutter (15391): [spm] Performance monitoring completed for 698a51a
I/flutter (15391): setState 698a51a
[spm]: ProfilerData event received.
I/flutter (15391): [SPM:perf] 698a51a  buildSpan: 2436µs
I/flutter (15391): [spm] Performance monitoring completed for 698a51a
I/flutter (15391): setState 698a51a
[spm]: ProfilerData event received.
I/flutter (15391): [SPM:perf] 698a51a  buildSpan: 3333µs
I/flutter (15391): [spm] Performance monitoring completed for 698a51a
I/flutter (15391): setState 698a51a
I/flutter (15391): [SPM:perf] 698a51a  buildSpan: 3080µs
I/flutter (15391): [spm] Performance monitoring completed for 698a51a
I/flutter (15391): setState 698a51a
[spm]: ProfilerData event received.
[spm]: ProfilerData event received.
I/flutter (15391): [SPM:perf] 698a51a  buildSpan: 2651µs
I/flutter (15391): [spm] Performance monitoring completed for 698a51a
I/flutter (15391): setState 698a51a
[spm]: ProfilerData event received.
I/flutter (15391): [SPM:perf] 698a51a  buildSpan: 2699µs
I/flutter (15391): [spm] Performance monitoring completed for 698a51a
I/flutter (15391): setState 698a51a
[spm]: ProfilerData event received.
I/flutter (15391): [SPM:perf] 698a51a  buildSpan: 2464µs
I/flutter (15391): [spm] Performance monitoring completed for 698a51a
I/flutter (15391): setState 698a51a
[spm]: ProfilerData event received.
I/flutter (15391): [SPM:perf] 698a51a  buildSpan: 2353µs
I/flutter (15391): [spm] Performance monitoring completed for 698a51a
I/flutter (15391): setState 698a51a
[spm]: ProfilerData event received.
I/flutter (15391): [SPM:perf] 698a51a  buildSpan: 3124µs
I/flutter (15391): [spm] Performance monitoring completed for 698a51a
I/flutter (15391): setState 698a51a
[spm]: ProfilerData event received.
I/flutter (15391): [SPM:perf] 698a51a  buildSpan: 3286µs
I/flutter (15391): [spm] Performance monitoring completed for 698a51a
I/flutter (15391): setState 698a51a
[spm]: ProfilerData event received.
I/flutter (15391): [SPM:perf] 698a51a  buildSpan: 3181µs
I/flutter (15391): [spm] Performance monitoring completed for 698a51a
I/flutter (15391): setState 698a51a
[spm]: ProfilerData event received.
I/flutter (15391): [SPM:perf] 698a51a  buildSpan: 2799µs
I/flutter (15391): [spm] Performance monitoring completed for 698a51a
I/flutter (15391): setState 698a51a
[spm]: ProfilerData event received.
I/flutter (15391): [SPM:perf] 698a51a  buildSpan: 2580µs
I/flutter (15391): [spm] Performance monitoring completed for 698a51a
I/flutter (15391): setState 698a51a
[spm]: ProfilerData event received.
I/flutter (15391): [SPM:perf] 698a51a  buildSpan: 3130µs
I/flutter (15391): [spm] Performance monitoring completed for 698a51a
I/flutter (15391): setState 698a51a
[spm]: ProfilerData event received.
I/flutter (15391): [SPM:perf] 698a51a  buildSpan: 3141µs
I/flutter (15391): [spm] Performance monitoring completed for 698a51a
I/flutter (15391): setState 698a51a
[spm]: ProfilerData event received.
I/flutter (15391): [SPM:perf] 698a51a  buildSpan: 3135µs
I/flutter (15391): [spm] Performance monitoring completed for 698a51a
I/flutter (15391): setState 698a51a
[spm]: ProfilerData event received.
I/flutter (15391): [SPM:perf] 698a51a  buildSpan: 3287µs
I/flutter (15391): [spm] Performance monitoring completed for 698a51a
I/flutter (15391): setState 698a51a
[spm]: ProfilerData event received.
I/flutter (15391): [SPM:perf] 698a51a  buildSpan: 2902µs
I/flutter (15391): [spm] Performance monitoring completed for 698a51a
I/flutter (15391): 01:10 +1: (tearDownAll)
I/flutter (15391): 01:11 +2: All tests passed!
All tests passed.
[spm]: Saved 30 profiler events to <ROOT>/dataset/32/redmi9t/raw/20260811-130810/base/e12.jsonl
[spm]: Reverting injection...
14 issues found. (ran in 0.8s)
WARNING: Your Android app project: app located at: <ROOT>/android/app/build.gradle.kts
applies the Kotlin Gradle Plugin, which will cause build failures in future versions of Flutter. 
Please migrate your app to Built-in Kotlin using this guide: https://docs.flutter.dev/release/breaking-changes/migrate-to-built-in-kotlin/for-app-developers

VMServiceFlutterDriver: Connecting to Flutter application at http://127.0.0.1:39687/oxJ0f53bJEw=/
[spm]: Detected VM service URI: ws://127.0.0.1:39687/oxJ0f53bJEw=/ws
VMServiceFlutterDriver: Isolate found with number: 6883658674583715
VMServiceFlutterDriver: Isolate 6883658674583715 is runnable.
VMServiceFlutterDriver: Isolate is paused at start.
VMServiceFlutterDriver: Attempting to resume isolate
VMServiceFlutterDriver: Connected to Flutter application.