# sample_id=32/base exec_index=6 ok=True perf_lines=30 vm_events=30 battery_pct=55 soc_temp_millic=44800 battery_temp_c=33.9 charging=False preflight_started=2026-08-11T14:39:29.126086+00:00 started=2026-08-11T14:39:31.883971+00:00 ts=2026-08-11T14:41:31.876344+00:00
[spm]: Running flutter analyze...
Analyzing lib...                                                

   info • The import of 'package:flutter/cupertino.dart' is unnecessary because all of the used elements are also provided by the import of 'package:flutter/material.dart'. Try removing the import directive • lib/dependencies.dart:3:8 • unnecessary_import
   info • 'withOpacity' is deprecated and shouldn't be used. Use .withValues() to avoid precision loss. Try replacing the use of the deprecated member with the replacement • lib/dependencies.dart:25:83 • deprecated_member_use
   info • Constructors in '@immutable' classes should be declared as 'const'. Try adding 'const' to the constructor declaration • lib/generated_widget.dart:7:3 • prefer_const_constructors_in_immutables
   info • Parameter 'key' could be a super parameter. Trying converting 'key' to a super parameter • lib/generated_widget.dart:7:3 • use_super_parameters
   info • Missing type annotation. Try adding a type annotation • lib/generated_widget.dart:43:3 • strict_top_level_inference
   info • String literals shouldn't be concatenated by the '+' operator. Try removing the operator to use adjacent strings • lib/generated_widget.dart:47:26 • prefer_adjacent_string_concatenation
   info • Unnecessary 'new' keyword. Try removing the 'new' keyword • lib/generated_widget.dart:69:19 • unnecessary_new
   info • Unnecessary 'new' keyword. Try removing the 'new' keyword • lib/generated_widget.dart:78:15 • unnecessary_new
   info • Constructors for public widgets should have a named 'key' parameter. Try adding a named parameter to the constructor • lib/generated_widget.dart:111:3 • use_key_in_widget_constructors
   info • Constructors in '@immutable' classes should be declared as 'const'. Try adding 'const' to the constructor declaration • lib/generated_widget.dart:111:3 • prefer_const_constructors_in_immutables
   info • The local variable '_color' starts with an underscore. Try renaming the variable to not start with an underscore • lib/generated_widget.dart:135:11 • no_leading_underscores_for_local_identifiers
   info • The 'child' argument should be last in widget constructor invocations. Try moving the argument to the end of the argument list • lib/generated_widget.dart:140:9 • sort_child_properties_last
   info • Parameter 'key' could be a super parameter. Trying converting 'key' to a super parameter • lib/generated_widget.dart:173:9 • use_super_parameters
   info • Use a 'SizedBox' to add whitespace to a layout. Try using a 'SizedBox' rather than a 'Container' • lib/generated_widget.dart:203:16 • sized_box_for_whitespace

[spm]: Injecting profiler code...
[spm]: Starting app...
Running Gradle task 'assembleProfile'...                        
Running Gradle task 'assembleProfile'...                           22.0s
✓ Built build/app/outputs/flutter-apk/app-profile.apk (61.8MB)
Installing build/app/outputs/flutter-apk/app-profile.apk...      2,236ms
I/hmark_containe(13537): hiddenapi: Accessing hidden method Landroid/view/accessibility/AccessibilityNodeInfo;->getSourceNodeId()J (runtime_flags=0, domain=platform, api=unsupported,test-api) from Lio/flutter/view/AccessibilityViewEmbedder$ReflectionAccessors; (domain=app, TargetSdkVersion=36) using reflection: allowed
I/hmark_containe(13537): hiddenapi: Accessing hidden method Landroid/view/accessibility/AccessibilityRecord;->getSourceNodeId()J (runtime_flags=0, domain=platform, api=unsupported) from Lio/flutter/view/AccessibilityViewEmbedder$ReflectionAccessors; (domain=app, TargetSdkVersion=36) using reflection: allowed
I/hmark_containe(13537): hiddenapi: Accessing hidden field Landroid/view/accessibility/AccessibilityNodeInfo;->mChildNodeIds:Landroid/util/LongArray; (runtime_flags=0, domain=platform, api=unsupported) from Lio/flutter/view/AccessibilityViewEmbedder$ReflectionAccessors; (domain=app, TargetSdkVersion=36) using reflection: allowed
I/hmark_containe(13537): hiddenapi: Accessing hidden method Landroid/util/LongArray;->get(I)J (runtime_flags=0, domain=platform, api=unsupported) from Lio/flutter/view/AccessibilityViewEmbedder$ReflectionAccessors; (domain=app, TargetSdkVersion=36) using reflection: allowed
D/MiuiMultiWindowUtils(13537): freeform resolution args raw data:{  "zizhan":{    "freeform_args": {      "inner":{        "vertical_portrait":{"aspect_ratio":0.626, "original_ratio":0.5643,"original_scale":0.74,"top_margin":0.168,"left_margin":0.484},        "horizontal_portrait":{"aspect_ratio":0.626, "original_ratio":0.5643,"original_scale":0.74,"top_margin":0.1222,"left_margin":0.59745},        "vertical_landscape":{"aspect_ratio":1.6, "original_ratio":1,"original_scale":0.604,"top_margin":0.2596,"left_margin":0.2624},        "horizontal_landscape":{"aspect_ratio":1.6, "original_ratio":1,"original_scale":0.604,"top_margin":0.213,"left_margin":0.3758}      },      "outer":{        "vertical_portrait":{"aspect_ratio":0.626, "original_ratio":1,"original_scale":0.74,"top_margin":0.0753,"left_margin":-1},        "horizontal_portrait":{"aspect_ratio":0.626, "original_ratio":1,"original_scale":0.5756,"top_margin":-1,"left_margin":0.0753},        "vertical_landscape":{"aspect_ratio":1.6, "original_ratio":0.6847,"original_scale":0.587,"top_margin":0.0753,"left_margin":-1},        "horizontal_landscape":{"aspect_ratio":1.6, "original_ratio":0.6847,"original_scale":0.587,"top_margin":-1,"left_margin":0.0753}}    },    "mini_freeform_args":{      "inner":{        "vertical_portrait":{"aspect_ratio":0.626, "original_ratio":0.147},        "horizontal_portrait":{"aspect_ratio":0.626, "original_ratio":0.147},        "vertical_landscape":{"aspect_ratio":1.6, "original_ratio":0.165},        "horizontal_landscape":{"aspect_ratio":1.6, "original_ratio":0.165}      },      "outer":{        "vertical_portrait":{"aspect_ratio":0.626, "original_ratio":0.26},        "horizontal_portrait":{"aspect_ratio":0.626, "original_ratio":0.26},        "vertical_landscape":{"aspect_ratio":1.6, "original_ratio":0.293},        "horizontal_landscape":{"aspect_ratio":1.6, "original_ratio":0.293}}    }  },  "wide_default":{    "freeform_args": {        "vertical_portrait":{"aspect_ratio":0.625, "original_ratio":0.5806,"original_scale":0.7574,"top_margin":0.125,"left_margin":0.392},        "horizontal_portrait":{"aspect_ratio":0.625, "original_ratio":0.5806,"original_scale":0.7574,"top_margin":-1,"left_margin":0.6415},        "vertical_landscape":{"aspect_ratio":1.6, "original_ratio":1,"original_scale":0.5153,"top_margin":0.125,"left_margin":0.206},        "horizontal_landscape":{"aspect_ratio":1.6, "original_ratio":1,"original_scale":0.5153,"top_margin":-1,"left_margin":0.456}    },    "mini_freeform_args":{        "vertical_portrait":{"aspect_ratio":0.5625, "original_ratio":0.144},        "horizontal_portrait":{"aspect_ratio":0.5625, "original_ratio":0.144},        "vertical_landscape":{"aspect_ratio":-1, "original_ratio":0.144},        "horizontal_landscape":{"aspect_ratio":-1, "original_ratio":0.144}    }  },  "narrow_default": {    "freeform_args": {        "vertical_portrait":{"aspect_ratio":0.5625, "original_ratio":1,"original_scale":0.7182,"top_margin":0.142,"left_margin":-1},        "horizontal_portrait":{"aspect_ratio":0.8, "original_ratio":1,"original_scale":0.7182,"top_margin":-1,"left_margin":0.05},        "vertical_landscape":{"aspect_ratio":1.6, "original_ratio":0.6545,"original_scale":0.4473,"top_margin":0.142,"left_margin":-1},        "horizontal_landscape":{"aspect_ratio":1.6, "original_ratio":0.6545,"original_scale":0.4473,"top_margin":-1,"left_margin":0.05}    },    "mini_freeform_args":{        "vertical_portrait":{"aspect_ratio":0.5625, "original_ratio":0.3},        "horizontal_portrait":{"aspect_ratio":0.5625, "original_ratio":0.3},        "vertical_landscape":{"aspect_ratio":1.7778, "original_ratio":0.3},        "horizontal_landscape":{"aspect_ratio":1.7778, "original_ratio":0.3}    }  },  "regular_default": {    "freeform_args": {      "vertical_portrait":{"aspect_ratio":0.625, "original_ratio":1,"original_scale":0.7,"top_margin":0.109,"left_margin":-1},      "horizontal_portrait":{"aspect_ratio":0.6667, "original_ratio":1,"original_scale":0.6102,"top_margin":-1,"left_margin":0.026},      "vertical_landscape":{"asp
E/MiuiMultiWindowUtils(13537): initFreeFormResolutionArgs failed, device is lime
D/IS_CTS_MODE(13537): true
D/MULTI_WINDOW_SWITCH_ENABLED(13537): false
D/IS_CTS_MODE(13537): true
D/MULTI_WINDOW_SWITCH_ENABLED(13537): false
D/IS_CTS_MODE(13537): true
D/MULTI_WINDOW_SWITCH_ENABLED(13537): false
D/DecorView[](13537): getWindowModeFromSystem  windowmode is 1
I/ForceDarkHelperStubImpl(13537): setViewRootImplForceDark: false for com.example.benchmark_container.MainActivity@6276a4e, reason: AppDarkModeEnable
I/ForceDarkHelperStubImpl(13537): setViewRootImplForceDark: false for com.example.benchmark_container.MainActivity@6276a4e, reason: AppDarkModeEnable
D/DecorView[](13537): getWindowModeFromSystem  windowmode is 1
D/DecorView[](13537): updateDecorCaptionStatus displayWindowDecor is false
W/Looper  (13537): PerfMonitor looperActivity : package=com.example.benchmark_container/.MainActivity time=389ms latency=365ms running=0ms  procState=-1  historyMsgCount=3 (msgIndex=3 wall=358ms seq=3 h=android.app.ActivityThread$H w=110)
W/Looper  (13537): PerfMonitor looperActivity : package=com.example.benchmark_container/.MainActivity time=1ms latency=755ms running=0ms  procState=-1  historyMsgCount=4 (msgIndex=3 wall=358ms seq=3 h=android.app.ActivityThread$H w=110) (msgIndex=4 wall=389ms seq=4 late=365ms h=android.app.ActivityThread$H w=159)
D/SurfaceView(13537): UPDATE null, mIsCastMode = false
D/hw-ProcessState(13537): Binder ioctl to enable oneway spam detection failed: Invalid argument
W/Looper  (13537): PerfMonitor longMsg : seq=8 plan=17:40:09.273 late=399ms wall=1908ms running=0ms h=android.view.Choreographer$FrameHandler c=android.view.Choreographer$FrameDisplayEventReceiver procState=-1
W/Looper  (13537): PerfMonitor doFrame : time=1908ms vsyncFrame=0 latency=399ms procState=-1 historyMsgCount=6 (msgIndex=2 wall=1908ms seq=8 late=399ms h=android.view.Choreographer$FrameHandler c=android.view.Choreographer$FrameDisplayEventReceiver) (msgIndex=3 wall=389ms seq=4 h=android.app.ActivityThread$H w=159)
I/Choreographer(13537): Skipped 106 frames!  The application may be doing too much work on its main thread.
D/SurfaceView(13537): UPDATE Surface(name=SurfaceView[com.example.benchmark_container/com.example.benchmark_container.MainActivity])/@0x3ee5544, mIsProjectionMode = false
W/Looper  (13537): PerfMonitor doFrame : time=3ms vsyncFrame=0 latency=1780ms procState=-1 historyMsgCount=4
[spm]: Connected to Dart VM service.
I/flutter (13537): 00:00 +0: Performance Benchmark
E/hmark_containe(13537): open libmigui.so failed! dlopen - dlopen failed: library "libmigui.so" not found
D/hmark_containe(13537): MiuiProcessManagerServiceStub setSchedFifo
I/MiuiProcessManagerImpl(13537): setSchedFifo pid:13537, mode:3
D/DecorView[](13537): onWindowFocusChanged hasWindowFocus true
D/DecorView[](13537): getWindowModeFromSystem  windowmode is 1
D/DecorView[](13537): updateDecorCaptionStatus displayWindowDecor is false
D/ProfileInstaller(13537): Installing profile for com.example.benchmark_container
I/flutter (13537): setState 698a51a
[spm]: ProfilerData event received.
I/flutter (13537): [SPM:perf] 698a51a  buildSpan: 3601µs
I/flutter (13537): [spm] Performance monitoring completed for 698a51a
I/flutter (13537): setState 698a51a
I/flutter (13537): [SPM:perf] 698a51a  buildSpan: 2597µs
[spm]: ProfilerData event received.
I/flutter (13537): [spm] Performance monitoring completed for 698a51a
I/flutter (13537): setState 698a51a
[spm]: ProfilerData event received.
I/flutter (13537): [SPM:perf] 698a51a  buildSpan: 2614µs
I/flutter (13537): [spm] Performance monitoring completed for 698a51a
I/flutter (13537): setState 698a51a
[spm]: ProfilerData event received.
I/flutter (13537): [SPM:perf] 698a51a  buildSpan: 3662µs
I/flutter (13537): [spm] Performance monitoring completed for 698a51a
I/flutter (13537): setState 698a51a
[spm]: ProfilerData event received.
I/flutter (13537): [SPM:perf] 698a51a  buildSpan: 6957µs
I/flutter (13537): [spm] Performance monitoring completed for 698a51a
I/flutter (13537): setState 698a51a
[spm]: ProfilerData event received.
I/flutter (13537): [SPM:perf] 698a51a  buildSpan: 2506µs
I/flutter (13537): [spm] Performance monitoring completed for 698a51a
I/flutter (13537): setState 698a51a
[spm]: ProfilerData event received.
I/flutter (13537): [SPM:perf] 698a51a  buildSpan: 1992µs
I/flutter (13537): [spm] Performance monitoring completed for 698a51a
I/flutter (13537): setState 698a51a
[spm]: ProfilerData event received.
I/flutter (13537): [SPM:perf] 698a51a  buildSpan: 2527µs
I/flutter (13537): [spm] Performance monitoring completed for 698a51a
I/flutter (13537): setState 698a51a
[spm]: ProfilerData event received.
I/flutter (13537): [SPM:perf] 698a51a  buildSpan: 2469µs
I/flutter (13537): [spm] Performance monitoring completed for 698a51a
I/flutter (13537): setState 698a51a
I/flutter (13537): [SPM:perf] 698a51a  buildSpan: 2441µs
I/flutter (13537): [spm] Performance monitoring completed for 698a51a
I/flutter (13537): setState 698a51a
[spm]: ProfilerData event received.
[spm]: ProfilerData event received.
I/flutter (13537): [SPM:perf] 698a51a  buildSpan: 3240µs
I/flutter (13537): [spm] Performance monitoring completed for 698a51a
I/flutter (13537): setState 698a51a
[spm]: ProfilerData event received.
I/flutter (13537): [SPM:perf] 698a51a  buildSpan: 3166µs
I/flutter (13537): [spm] Performance monitoring completed for 698a51a
I/flutter (13537): setState 698a51a
[spm]: ProfilerData event received.
I/flutter (13537): [SPM:perf] 698a51a  buildSpan: 3123µs
I/flutter (13537): [spm] Performance monitoring completed for 698a51a
I/flutter (13537): setState 698a51a
[spm]: ProfilerData event received.
I/flutter (13537): [SPM:perf] 698a51a  buildSpan: 2450µs
I/flutter (13537): [spm] Performance monitoring completed for 698a51a
I/flutter (13537): setState 698a51a
[spm]: ProfilerData event received.
I/flutter (13537): [SPM:perf] 698a51a  buildSpan: 2800µs
I/flutter (13537): [spm] Performance monitoring completed for 698a51a
I/flutter (13537): setState 698a51a
[spm]: ProfilerData event received.
I/flutter (13537): [SPM:perf] 698a51a  buildSpan: 3131µs
I/flutter (13537): [spm] Performance monitoring completed for 698a51a
I/flutter (13537): setState 698a51a
[spm]: ProfilerData event received.
I/flutter (13537): [SPM:perf] 698a51a  buildSpan: 3154µs
I/flutter (13537): [spm] Performance monitoring completed for 698a51a
I/flutter (13537): setState 698a51a
[spm]: ProfilerData event received.
I/flutter (13537): [SPM:perf] 698a51a  buildSpan: 3223µs
I/flutter (13537): [spm] Performance monitoring completed for 698a51a
I/flutter (13537): setState 698a51a
[spm]: ProfilerData event received.
I/flutter (13537): [SPM:perf] 698a51a  buildSpan: 2568µs
I/flutter (13537): [spm] Performance monitoring completed for 698a51a
I/flutter (13537): setState 698a51a
[spm]: ProfilerData event received.
I/flutter (13537): [SPM:perf] 698a51a  buildSpan: 2321µs
I/flutter (13537): [spm] Performance monitoring completed for 698a51a
I/flutter (13537): setState 698a51a
[spm]: ProfilerData event received.
I/flutter (13537): [SPM:perf] 698a51a  buildSpan: 3174µs
I/flutter (13537): [spm] Performance monitoring completed for 698a51a
I/flutter (13537): setState 698a51a
[spm]: ProfilerData event received.
I/flutter (13537): [SPM:perf] 698a51a  buildSpan: 2362µs
I/flutter (13537): [spm] Performance monitoring completed for 698a51a
I/flutter (13537): setState 698a51a
I/flutter (13537): [SPM:perf] 698a51a  buildSpan: 1941µs
[spm]: ProfilerData event received.
I/flutter (13537): [spm] Performance monitoring completed for 698a51a
I/flutter (13537): setState 698a51a
[spm]: ProfilerData event received.
I/flutter (13537): [SPM:perf] 698a51a  buildSpan: 3227µs
I/flutter (13537): [spm] Performance monitoring completed for 698a51a
I/flutter (13537): setState 698a51a
[spm]: ProfilerData event received.
I/flutter (13537): [SPM:perf] 698a51a  buildSpan: 2683µs
I/flutter (13537): [spm] Performance monitoring completed for 698a51a
I/flutter (13537): setState 698a51a
[spm]: ProfilerData event received.
I/flutter (13537): [SPM:perf] 698a51a  buildSpan: 3102µs
I/flutter (13537): [spm] Performance monitoring completed for 698a51a
I/flutter (13537): setState 698a51a
[spm]: ProfilerData event received.
I/flutter (13537): [SPM:perf] 698a51a  buildSpan: 3266µs
I/flutter (13537): [spm] Performance monitoring completed for 698a51a
I/flutter (13537): setState 698a51a
[spm]: ProfilerData event received.
I/flutter (13537): [SPM:perf] 698a51a  buildSpan: 3220µs
I/flutter (13537): [spm] Performance monitoring completed for 698a51a
I/flutter (13537): setState 698a51a
I/flutter (13537): [SPM:perf] 698a51a  buildSpan: 3195µs
[spm]: ProfilerData event received.
I/flutter (13537): [spm] Performance monitoring completed for 698a51a
I/flutter (13537): setState 698a51a
I/flutter (13537): [SPM:perf] 698a51a  buildSpan: 2933µs
[spm]: ProfilerData event received.
I/flutter (13537): [spm] Performance monitoring completed for 698a51a
I/flutter (13537): 01:10 +1: (tearDownAll)
I/flutter (13537): 01:11 +2: All tests passed!
All tests passed.
[spm]: Saved 30 profiler events to <ROOT>/dataset/32/redmi9t/raw/20260811-130810/base/e6.jsonl
[spm]: Reverting injection...
14 issues found. (ran in 0.5s)
WARNING: Your Android app project: app located at: <ROOT>/android/app/build.gradle.kts
applies the Kotlin Gradle Plugin, which will cause build failures in future versions of Flutter. 
Please migrate your app to Built-in Kotlin using this guide: https://docs.flutter.dev/release/breaking-changes/migrate-to-built-in-kotlin/for-app-developers

VMServiceFlutterDriver: Connecting to Flutter application at http://127.0.0.1:45403/7XKkY16TXmE=/
[spm]: Detected VM service URI: ws://127.0.0.1:45403/7XKkY16TXmE=/ws
VMServiceFlutterDriver: Isolate found with number: 1696620586965511
VMServiceFlutterDriver: Isolate 1696620586965511 is runnable.
VMServiceFlutterDriver: Isolate is paused at start.
VMServiceFlutterDriver: Attempting to resume isolate
VMServiceFlutterDriver: Connected to Flutter application.