# sample_id=32/base exec_index=7 ok=True perf_lines=30 vm_events=30 battery_pct=77 soc_temp_millic=43900 battery_temp_c=33.6 charging=False preflight_started=2026-08-11T10:54:22.936163+00:00 started=2026-08-11T10:54:25.554148+00:00 ts=2026-08-11T10:56:27.619843+00:00
[spm]: Running flutter analyze...
Analyzing lib...                                                

   info • The import of 'package:flutter/cupertino.dart' is unnecessary because all of the used elements are also provided by the import of 'package:flutter/material.dart'. Try removing the import directive • lib/dependencies.dart:3:8 • unnecessary_import
   info • 'withOpacity' is deprecated and shouldn't be used. Use .withValues() to avoid precision loss. Try replacing the use of the deprecated member with the replacement • lib/dependencies.dart:25:83 • deprecated_member_use
   info • Constructors in '@immutable' classes should be declared as 'const'. Try adding 'const' to the constructor declaration • lib/generated_widget.dart:7:3 • prefer_const_constructors_in_immutables
   info • Parameter 'key' could be a super parameter. Trying converting 'key' to a super parameter • lib/generated_widget.dart:7:3 • use_super_parameters
   info • Missing type annotation. Try adding a type annotation • lib/generated_widget.dart:43:3 • strict_top_level_inference
   info • String literals shouldn't be concatenated by the '+' operator. Try removing the operator to use adjacent strings • lib/generated_widget.dart:47:26 • prefer_adjacent_string_concatenation
   info • Unnecessary 'new' keyword. Try removing the 'new' keyword • lib/generated_widget.dart:69:19 • unnecessary_new
   info • Unnecessary 'new' keyword. Try removing the 'new' keyword • lib/generated_widget.dart:78:15 • unnecessary_new
   info • Constructors for public widgets should have a named 'key' parameter. Try adding a named parameter to the constructor • lib/generated_widget.dart:111:3 • use_key_in_widget_constructors
   info • Constructors in '@immutable' classes should be declared as 'const'. Try adding 'const' to the constructor declaration • lib/generated_widget.dart:111:3 • prefer_const_constructors_in_immutables
   info • The local variable '_color' starts with an underscore. Try renaming the variable to not start with an underscore • lib/generated_widget.dart:135:11 • no_leading_underscores_for_local_identifiers
   info • The 'child' argument should be last in widget constructor invocations. Try moving the argument to the end of the argument list • lib/generated_widget.dart:140:9 • sort_child_properties_last
   info • Parameter 'key' could be a super parameter. Trying converting 'key' to a super parameter • lib/generated_widget.dart:173:9 • use_super_parameters
   info • Use a 'SizedBox' to add whitespace to a layout. Try using a 'SizedBox' rather than a 'Container' • lib/generated_widget.dart:203:16 • sized_box_for_whitespace

[spm]: Injecting profiler code...
[spm]: Starting app...
Running Gradle task 'assembleProfile'...                        
Running Gradle task 'assembleProfile'...                           23.0s
✓ Built build/app/outputs/flutter-apk/app-profile.apk (61.8MB)
Installing build/app/outputs/flutter-apk/app-profile.apk...      2,008ms
I/ForceDarkHelperStubImpl( 4431): setViewRootImplForceDark: false for com.example.benchmark_container.MainActivity@6276a4e, reason: AppDarkModeEnable
I/ForceDarkHelperStubImpl( 4431): setViewRootImplForceDark: false for com.example.benchmark_container.MainActivity@6276a4e, reason: AppDarkModeEnable
D/DecorView[]( 4431): getWindowModeFromSystem  windowmode is 1
D/DecorView[]( 4431): updateDecorCaptionStatus displayWindowDecor is false
W/Looper  ( 4431): PerfMonitor looperActivity : package=com.example.benchmark_container/.MainActivity time=622ms latency=434ms running=0ms  procState=-1  historyMsgCount=2 (msgIndex=1 wall=622ms seq=4 late=434ms h=android.app.ActivityThread$H w=159) (msgIndex=2 wall=434ms seq=3 h=android.app.ActivityThread$H w=110)
W/Looper  ( 4431): PerfMonitor looperActivity : package=com.example.benchmark_container/.MainActivity time=1ms latency=1058ms running=0ms  procState=-1  historyMsgCount=4 (msgIndex=2 wall=622ms seq=4 late=434ms h=android.app.ActivityThread$H w=159) (msgIndex=3 wall=434ms seq=3 h=android.app.ActivityThread$H w=110) (msgIndex=4 wall=622ms seq=4 late=434ms h=android.app.ActivityThread$H w=159)
I/Choreographer( 4431): Skipped 38 frames!  The application may be doing too much work on its main thread.
D/SurfaceView( 4431): UPDATE null, mIsCastMode = false
D/hw-ProcessState( 4431): Binder ioctl to enable oneway spam detection failed: Invalid argument
W/Looper  ( 4431): PerfMonitor longMsg : seq=8 plan=13:55:04.544 late=641ms wall=1850ms running=0ms h=android.view.Choreographer$FrameHandler c=android.view.Choreographer$FrameDisplayEventReceiver procState=-1
W/Looper  ( 4431): PerfMonitor doFrame : time=1850ms vsyncFrame=0 latency=641ms procState=-1 historyMsgCount=7 (msgIndex=2 wall=622ms seq=4 h=android.app.ActivityThread$H w=159) (msgIndex=3 wall=1850ms seq=8 late=641ms h=android.view.Choreographer$FrameHandler c=android.view.Choreographer$FrameDisplayEventReceiver) (msgIndex=4 wall=622ms seq=4 h=android.app.ActivityThread$H w=159)
I/Choreographer( 4431): Skipped 101 frames!  The application may be doing too much work on its main thread.
D/SurfaceView( 4431): UPDATE Surface(name=SurfaceView[com.example.benchmark_container/com.example.benchmark_container.MainActivity])/@0x3ee5544, mIsProjectionMode = false
W/Looper  ( 4431): PerfMonitor doFrame : time=2ms vsyncFrame=0 latency=1697ms procState=-1 historyMsgCount=5
[spm]: Connected to Dart VM service.
I/flutter ( 4431): 00:00 +0: Performance Benchmark
E/hmark_containe( 4431): open libmigui.so failed! dlopen - dlopen failed: library "libmigui.so" not found
D/hmark_containe( 4431): MiuiProcessManagerServiceStub setSchedFifo
I/MiuiProcessManagerImpl( 4431): setSchedFifo pid:4431, mode:3
D/DecorView[]( 4431): onWindowFocusChanged hasWindowFocus true
D/DecorView[]( 4431): getWindowModeFromSystem  windowmode is 1
D/DecorView[]( 4431): updateDecorCaptionStatus displayWindowDecor is false
D/ProfileInstaller( 4431): Installing profile for com.example.benchmark_container
I/flutter ( 4431): setState 698a51a
[spm]: ProfilerData event received.
I/flutter ( 4431): [SPM:perf] 698a51a  buildSpan: 3457µs
I/flutter ( 4431): [spm] Performance monitoring completed for 698a51a
I/flutter ( 4431): setState 698a51a
[spm]: ProfilerData event received.
I/flutter ( 4431): [SPM:perf] 698a51a  buildSpan: 2591µs
I/flutter ( 4431): [spm] Performance monitoring completed for 698a51a
I/flutter ( 4431): setState 698a51a
[spm]: ProfilerData event received.
I/flutter ( 4431): [SPM:perf] 698a51a  buildSpan: 3236µs
I/flutter ( 4431): [spm] Performance monitoring completed for 698a51a
I/flutter ( 4431): setState 698a51a
[spm]: ProfilerData event received.
I/flutter ( 4431): [SPM:perf] 698a51a  buildSpan: 3290µs
I/flutter ( 4431): [spm] Performance monitoring completed for 698a51a
I/flutter ( 4431): setState 698a51a
[spm]: ProfilerData event received.
I/flutter ( 4431): [SPM:perf] 698a51a  buildSpan: 6972µs
I/flutter ( 4431): [spm] Performance monitoring completed for 698a51a
I/flutter ( 4431): setState 698a51a
[spm]: ProfilerData event received.
I/flutter ( 4431): [SPM:perf] 698a51a  buildSpan: 3146µs
I/flutter ( 4431): [spm] Performance monitoring completed for 698a51a
I/flutter ( 4431): setState 698a51a
[spm]: ProfilerData event received.
I/flutter ( 4431): [SPM:perf] 698a51a  buildSpan: 3131µs
I/flutter ( 4431): [spm] Performance monitoring completed for 698a51a
I/flutter ( 4431): setState 698a51a
[spm]: ProfilerData event received.
I/flutter ( 4431): [SPM:perf] 698a51a  buildSpan: 2389µs
I/flutter ( 4431): [spm] Performance monitoring completed for 698a51a
I/flutter ( 4431): setState 698a51a
[spm]: ProfilerData event received.
I/flutter ( 4431): [SPM:perf] 698a51a  buildSpan: 3218µs
I/flutter ( 4431): [spm] Performance monitoring completed for 698a51a
I/flutter ( 4431): setState 698a51a
[spm]: ProfilerData event received.
I/flutter ( 4431): [SPM:perf] 698a51a  buildSpan: 2639µs
I/flutter ( 4431): [spm] Performance monitoring completed for 698a51a
I/flutter ( 4431): setState 698a51a
[spm]: ProfilerData event received.
I/flutter ( 4431): [SPM:perf] 698a51a  buildSpan: 3416µs
I/flutter ( 4431): [spm] Performance monitoring completed for 698a51a
I/flutter ( 4431): setState 698a51a
[spm]: ProfilerData event received.
I/flutter ( 4431): [SPM:perf] 698a51a  buildSpan: 2517µs
I/flutter ( 4431): [spm] Performance monitoring completed for 698a51a
I/flutter ( 4431): setState 698a51a
[spm]: ProfilerData event received.
I/flutter ( 4431): [SPM:perf] 698a51a  buildSpan: 3313µs
I/flutter ( 4431): [spm] Performance monitoring completed for 698a51a
I/flutter ( 4431): setState 698a51a
[spm]: ProfilerData event received.
I/flutter ( 4431): [SPM:perf] 698a51a  buildSpan: 2325µs
I/flutter ( 4431): [spm] Performance monitoring completed for 698a51a
I/flutter ( 4431): setState 698a51a
[spm]: ProfilerData event received.
I/flutter ( 4431): [SPM:perf] 698a51a  buildSpan: 3055µs
I/flutter ( 4431): [spm] Performance monitoring completed for 698a51a
I/flutter ( 4431): setState 698a51a
[spm]: ProfilerData event received.
I/flutter ( 4431): [SPM:perf] 698a51a  buildSpan: 3142µs
I/flutter ( 4431): [spm] Performance monitoring completed for 698a51a
I/flutter ( 4431): setState 698a51a
[spm]: ProfilerData event received.
I/flutter ( 4431): [SPM:perf] 698a51a  buildSpan: 3277µs
I/flutter ( 4431): [spm] Performance monitoring completed for 698a51a
I/flutter ( 4431): setState 698a51a
[spm]: ProfilerData event received.
I/flutter ( 4431): [SPM:perf] 698a51a  buildSpan: 3005µs
I/flutter ( 4431): [spm] Performance monitoring completed for 698a51a
I/flutter ( 4431): setState 698a51a
[spm]: ProfilerData event received.
I/flutter ( 4431): [SPM:perf] 698a51a  buildSpan: 2423µs
I/flutter ( 4431): [spm] Performance monitoring completed for 698a51a
I/flutter ( 4431): setState 698a51a
[spm]: ProfilerData event received.
I/flutter ( 4431): [SPM:perf] 698a51a  buildSpan: 3365µs
I/flutter ( 4431): [spm] Performance monitoring completed for 698a51a
I/flutter ( 4431): setState 698a51a
[spm]: ProfilerData event received.
I/flutter ( 4431): [SPM:perf] 698a51a  buildSpan: 3090µs
I/flutter ( 4431): [spm] Performance monitoring completed for 698a51a
I/flutter ( 4431): setState 698a51a
[spm]: ProfilerData event received.
I/flutter ( 4431): [SPM:perf] 698a51a  buildSpan: 3070µs
I/flutter ( 4431): [spm] Performance monitoring completed for 698a51a
I/flutter ( 4431): setState 698a51a
[spm]: ProfilerData event received.
I/flutter ( 4431): [SPM:perf] 698a51a  buildSpan: 2421µs
I/flutter ( 4431): [spm] Performance monitoring completed for 698a51a
I/flutter ( 4431): setState 698a51a
[spm]: ProfilerData event received.
I/flutter ( 4431): [SPM:perf] 698a51a  buildSpan: 1968µs
I/flutter ( 4431): [spm] Performance monitoring completed for 698a51a
I/flutter ( 4431): setState 698a51a
[spm]: ProfilerData event received.
I/flutter ( 4431): [SPM:perf] 698a51a  buildSpan: 2450µs
I/flutter ( 4431): [spm] Performance monitoring completed for 698a51a
I/flutter ( 4431): setState 698a51a
[spm]: ProfilerData event received.
I/flutter ( 4431): [SPM:perf] 698a51a  buildSpan: 2503µs
I/flutter ( 4431): [spm] Performance monitoring completed for 698a51a
I/flutter ( 4431): setState 698a51a
[spm]: ProfilerData event received.
I/flutter ( 4431): [SPM:perf] 698a51a  buildSpan: 3449µs
I/flutter ( 4431): [spm] Performance monitoring completed for 698a51a
I/flutter ( 4431): setState 698a51a
[spm]: ProfilerData event received.
I/flutter ( 4431): [SPM:perf] 698a51a  buildSpan: 3109µs
I/flutter ( 4431): [spm] Performance monitoring completed for 698a51a
I/flutter ( 4431): setState 698a51a
[spm]: ProfilerData event received.
I/flutter ( 4431): [SPM:perf] 698a51a  buildSpan: 3086µs
I/flutter ( 4431): [spm] Performance monitoring completed for 698a51a
I/flutter ( 4431): setState 698a51a
[spm]: ProfilerData event received.
I/flutter ( 4431): [SPM:perf] 698a51a  buildSpan: 2767µs
I/flutter ( 4431): [spm] Performance monitoring completed for 698a51a
I/flutter ( 4431): 01:10 +1: (tearDownAll)
I/flutter ( 4431): 01:11 +2: All tests passed!
All tests passed.
[spm]: Saved 30 profiler events to <ROOT>/dataset/32/redmi9t/raw/20260811-130810/base/e7.jsonl
[spm]: Reverting injection...
14 issues found. (ran in 0.5s)
WARNING: Your Android app project: app located at: <ROOT>/android/app/build.gradle.kts
applies the Kotlin Gradle Plugin, which will cause build failures in future versions of Flutter. 
Please migrate your app to Built-in Kotlin using this guide: https://docs.flutter.dev/release/breaking-changes/migrate-to-built-in-kotlin/for-app-developers

VMServiceFlutterDriver: Connecting to Flutter application at http://127.0.0.1:35947/aOXN70BC-D8=/
[spm]: Detected VM service URI: ws://127.0.0.1:35947/aOXN70BC-D8=/ws
VMServiceFlutterDriver: Isolate found with number: 4482427379001947
VMServiceFlutterDriver: Isolate 4482427379001947 is runnable.
VMServiceFlutterDriver: Isolate is paused at start.
VMServiceFlutterDriver: Attempting to resume isolate
VMServiceFlutterDriver: Connected to Flutter application.