# sample_id=20/base exec_index=5 ok=True perf_lines=30 vm_events=30 battery_pct=67 soc_temp_millic=39200 battery_temp_c=30.5 charging=False preflight_started=2026-08-02T07:35:10.230708+00:00 started=2026-08-02T07:35:12.881195+00:00 ts=2026-08-02T07:37:14.233346+00:00
[spm]: Running flutter analyze...
Analyzing lib...                                                
No issues found! (ran in 0.6s)
[spm]: Injecting profiler code...
[spm]: Starting app...
Running Gradle task 'assembleProfile'...                        
Running Gradle task 'assembleProfile'...                           21.3s
✓ Built build/app/outputs/flutter-apk/app-profile.apk (61.8MB)
Installing build/app/outputs/flutter-apk/app-profile.apk...      2,059ms
D/DecorView[](30312): getWindowModeFromSystem  windowmode is 1
D/DecorView[](30312): updateDecorCaptionStatus displayWindowDecor is false
W/Looper  (30312): PerfMonitor looperActivity : package=com.example.benchmark_container/.MainActivity time=383ms latency=370ms running=0ms  procState=-1  historyMsgCount=2 (msgIndex=1 wall=383ms seq=4 late=370ms h=android.app.ActivityThread$H w=159) (msgIndex=2 wall=383ms seq=3 h=android.app.ActivityThread$H w=110)
W/Looper  (30312): PerfMonitor looperActivity : package=com.example.benchmark_container/.MainActivity time=1ms latency=754ms running=0ms  procState=-1  historyMsgCount=4 (msgIndex=2 wall=383ms seq=4 late=370ms h=android.app.ActivityThread$H w=159) (msgIndex=3 wall=383ms seq=3 h=android.app.ActivityThread$H w=110) (msgIndex=4 wall=383ms seq=4 late=370ms h=android.app.ActivityThread$H w=159)
D/SurfaceView(30312): UPDATE null, mIsCastMode = false
D/hw-ProcessState(30312): Binder ioctl to enable oneway spam detection failed: Invalid argument
W/Looper  (30312): PerfMonitor longMsg : seq=8 plan=10:35:50.702 late=400ms wall=1657ms running=0ms h=android.view.Choreographer$FrameHandler c=android.view.Choreographer$FrameDisplayEventReceiver procState=-1
W/Looper  (30312): PerfMonitor doFrame : time=1657ms vsyncFrame=0 latency=400ms procState=-1 historyMsgCount=7 (msgIndex=2 wall=383ms seq=4 h=android.app.ActivityThread$H w=159) (msgIndex=3 wall=1657ms seq=8 late=400ms h=android.view.Choreographer$FrameHandler c=android.view.Choreographer$FrameDisplayEventReceiver) (msgIndex=4 wall=383ms seq=4 h=android.app.ActivityThread$H w=159)
I/Choreographer(30312): Skipped 94 frames!  The application may be doing too much work on its main thread.
D/SurfaceView(30312): UPDATE Surface(name=SurfaceView[com.example.benchmark_container/com.example.benchmark_container.MainActivity])/@0x4d86cce, mIsProjectionMode = false
W/Looper  (30312): PerfMonitor doFrame : time=4ms vsyncFrame=0 latency=1580ms procState=-1 historyMsgCount=4
[spm]: Connected to Dart VM service.
I/flutter (30312): 00:00 +0: Performance Benchmark
E/hmark_containe(30312): open libmigui.so failed! dlopen - dlopen failed: library "libmigui.so" not found
D/hmark_containe(30312): MiuiProcessManagerServiceStub setSchedFifo
I/MiuiProcessManagerImpl(30312): setSchedFifo pid:30312, mode:3
D/DecorView[](30312): onWindowFocusChanged hasWindowFocus true
D/DecorView[](30312): getWindowModeFromSystem  windowmode is 1
D/DecorView[](30312): updateDecorCaptionStatus displayWindowDecor is false
D/ProfileInstaller(30312): Installing profile for com.example.benchmark_container
I/flutter (30312): setState 698a51a
I/flutter (30312): [SPM:perf] 698a51a  buildSpan: 393µs
I/flutter (30312): [spm] Performance monitoring completed for 698a51a
I/flutter (30312): setState 698a51a
[spm]: ProfilerData event received.
[spm]: ProfilerData event received.
I/flutter (30312): [SPM:perf] 698a51a  buildSpan: 388µs
I/flutter (30312): [spm] Performance monitoring completed for 698a51a
I/flutter (30312): setState 698a51a
I/flutter (30312): [SPM:perf] 698a51a  buildSpan: 440µs
I/flutter (30312): [spm] Performance monitoring completed for 698a51a
I/flutter (30312): setState 698a51a
[spm]: ProfilerData event received.
I/flutter (30312): [SPM:perf] 698a51a  buildSpan: 471µs
I/flutter (30312): [spm] Performance monitoring completed for 698a51a
[spm]: ProfilerData event received.
I/flutter (30312): setState 698a51a
[spm]: ProfilerData event received.
I/flutter (30312): [SPM:perf] 698a51a  buildSpan: 443µs
I/flutter (30312): [spm] Performance monitoring completed for 698a51a
I/flutter (30312): setState 698a51a
[spm]: ProfilerData event received.
I/flutter (30312): [SPM:perf] 698a51a  buildSpan: 402µs
I/flutter (30312): [spm] Performance monitoring completed for 698a51a
I/flutter (30312): setState 698a51a
[spm]: ProfilerData event received.
I/flutter (30312): [SPM:perf] 698a51a  buildSpan: 502µs
I/flutter (30312): [spm] Performance monitoring completed for 698a51a
I/flutter (30312): setState 698a51a
[spm]: ProfilerData event received.
I/flutter (30312): [SPM:perf] 698a51a  buildSpan: 374µs
I/flutter (30312): [spm] Performance monitoring completed for 698a51a
I/flutter (30312): setState 698a51a
[spm]: ProfilerData event received.
I/flutter (30312): [SPM:perf] 698a51a  buildSpan: 600µs
I/flutter (30312): [spm] Performance monitoring completed for 698a51a
I/flutter (30312): setState 698a51a
I/flutter (30312): [SPM:perf] 698a51a  buildSpan: 387µs
I/flutter (30312): [spm] Performance monitoring completed for 698a51a
[spm]: ProfilerData event received.
I/flutter (30312): setState 698a51a
I/flutter (30312): [SPM:perf] 698a51a  buildSpan: 321µs
I/flutter (30312): [spm] Performance monitoring completed for 698a51a
I/flutter (30312): setState 698a51a
[spm]: ProfilerData event received.
[spm]: ProfilerData event received.
I/flutter (30312): [SPM:perf] 698a51a  buildSpan: 379µs
I/flutter (30312): [spm] Performance monitoring completed for 698a51a
I/flutter (30312): setState 698a51a
[spm]: ProfilerData event received.
I/flutter (30312): [SPM:perf] 698a51a  buildSpan: 469µs
I/flutter (30312): [spm] Performance monitoring completed for 698a51a
I/flutter (30312): setState 698a51a
[spm]: ProfilerData event received.
I/flutter (30312): [SPM:perf] 698a51a  buildSpan: 375µs
I/flutter (30312): [spm] Performance monitoring completed for 698a51a
I/flutter (30312): setState 698a51a
[spm]: ProfilerData event received.
I/flutter (30312): [SPM:perf] 698a51a  buildSpan: 389µs
I/flutter (30312): [spm] Performance monitoring completed for 698a51a
I/flutter (30312): setState 698a51a
I/flutter (30312): [SPM:perf] 698a51a  buildSpan: 367µs
[spm]: ProfilerData event received.
I/flutter (30312): [spm] Performance monitoring completed for 698a51a
I/flutter (30312): setState 698a51a
[spm]: ProfilerData event received.
I/flutter (30312): [SPM:perf] 698a51a  buildSpan: 493µs
I/flutter (30312): [spm] Performance monitoring completed for 698a51a
I/flutter (30312): setState 698a51a
[spm]: ProfilerData event received.
I/flutter (30312): [SPM:perf] 698a51a  buildSpan: 375µs
I/flutter (30312): [spm] Performance monitoring completed for 698a51a
I/flutter (30312): setState 698a51a
[spm]: ProfilerData event received.
I/flutter (30312): [SPM:perf] 698a51a  buildSpan: 364µs
I/flutter (30312): [spm] Performance monitoring completed for 698a51a
I/flutter (30312): setState 698a51a
[spm]: ProfilerData event received.
I/flutter (30312): [SPM:perf] 698a51a  buildSpan: 397µs
I/flutter (30312): [spm] Performance monitoring completed for 698a51a
I/flutter (30312): setState 698a51a
I/flutter (30312): [SPM:perf] 698a51a  buildSpan: 453µs
I/flutter (30312): [spm] Performance monitoring completed for 698a51a
I/flutter (30312): setState 698a51a
[spm]: ProfilerData event received.
I/flutter (30312): [SPM:perf] 698a51a  buildSpan: 464µs
[spm]: ProfilerData event received.
I/flutter (30312): [spm] Performance monitoring completed for 698a51a
I/flutter (30312): setState 698a51a
I/flutter (30312): [SPM:perf] 698a51a  buildSpan: 502µs
I/flutter (30312): [spm] Performance monitoring completed for 698a51a
I/flutter (30312): setState 698a51a
[spm]: ProfilerData event received.
[spm]: ProfilerData event received.
I/flutter (30312): [SPM:perf] 698a51a  buildSpan: 408µs
I/flutter (30312): [spm] Performance monitoring completed for 698a51a
I/flutter (30312): setState 698a51a
[spm]: ProfilerData event received.
I/flutter (30312): [SPM:perf] 698a51a  buildSpan: 489µs
I/flutter (30312): [spm] Performance monitoring completed for 698a51a
I/flutter (30312): setState 698a51a
[spm]: ProfilerData event received.
I/flutter (30312): [SPM:perf] 698a51a  buildSpan: 407µs
I/flutter (30312): [spm] Performance monitoring completed for 698a51a
I/flutter (30312): setState 698a51a
I/flutter (30312): [SPM:perf] 698a51a  buildSpan: 411µs
[spm]: ProfilerData event received.
I/flutter (30312): [spm] Performance monitoring completed for 698a51a
I/flutter (30312): setState 698a51a
[spm]: ProfilerData event received.
I/flutter (30312): [SPM:perf] 698a51a  buildSpan: 473µs
I/flutter (30312): [spm] Performance monitoring completed for 698a51a
I/flutter (30312): setState 698a51a
[spm]: ProfilerData event received.
I/flutter (30312): [SPM:perf] 698a51a  buildSpan: 402µs
I/flutter (30312): [spm] Performance monitoring completed for 698a51a
I/flutter (30312): setState 698a51a
I/flutter (30312): [SPM:perf] 698a51a  buildSpan: 466µs
I/flutter (30312): [spm] Performance monitoring completed for 698a51a
[spm]: ProfilerData event received.
I/flutter (30312): 01:10 +1: (tearDownAll)
I/flutter (30312): 01:11 +2: All tests passed!
All tests passed.
[spm]: Saved 30 profiler events to <ROOT>/dataset/20/redmi9t/raw/20260802-072907/base/e5.jsonl
[spm]: Reverting injection...
WARNING: Your Android app project: app located at: <ROOT>/android/app/build.gradle.kts
applies the Kotlin Gradle Plugin, which will cause build failures in future versions of Flutter. 
Please migrate your app to Built-in Kotlin using this guide: https://docs.flutter.dev/release/breaking-changes/migrate-to-built-in-kotlin/for-app-developers

VMServiceFlutterDriver: Connecting to Flutter application at http://127.0.0.1:44487/a5SC_4dIlVQ=/
[spm]: Detected VM service URI: ws://127.0.0.1:44487/a5SC_4dIlVQ=/ws
VMServiceFlutterDriver: Isolate found with number: 1180603508038791
VMServiceFlutterDriver: Isolate 1180603508038791 is runnable.
VMServiceFlutterDriver: Isolate is paused at start.
VMServiceFlutterDriver: Attempting to resume isolate
VMServiceFlutterDriver: Connected to Flutter application.