# sample_id=2841/rev_001_deb3f0c8 exec_index=11 ok=True perf_lines=30 vm_events=30 battery_pct=33 soc_temp_millic=38900 battery_temp_c=30.9 charging=False preflight_started=2026-09-13T20:01:10.026457+00:00 started=2026-09-13T20:01:12.780272+00:00 ts=2026-09-13T20:03:14.548001+00:00
[spm]: Running flutter analyze...
Resolving dependencies...
Downloading packages...
  _fe_analyzer_shared 100.0.0 (108.0.0 available)
  analyzer 13.0.0 (14.4.0 available)
  async 2.13.0 (2.13.1 available)
  clock 1.1.2 (1.1.3 available)
  cupertino_icons 1.0.8 (1.0.9 available)
  glob 2.1.3 (2.2.0 available)
  lints 6.0.0 (6.1.0 available)
  matcher 0.12.19 (0.12.20 available)
  material_color_utilities 0.13.0 (0.13.1 available)
  meta 1.18.0 (1.19.0 available)
  package_config 2.2.0 (3.0.0 available)
  platform 3.1.6 (3.2.0 available)
  process 5.0.5 (5.0.6 available)
  pub_semver 2.2.0 (2.2.1 available)
  source_span 1.10.1 (1.10.2 available)
  stack_trace 1.12.1 (1.12.2 available)
  test_api 0.7.11 (0.7.14 available)
  vector_math 2.2.0 (2.4.2 available)
  vm_service 15.0.2 (15.3.0 available)
  webdriver 3.1.0 (3.2.0 available)
  yaml 3.1.3 (3.1.4 available)
Got dependencies!
21 packages have newer versions incompatible with dependency constraints.
Try `flutter pub outdated` for more information.
Analyzing lib...                                                

   info • The part-of directive uses a library name. Try converting the directive to use the URI of the library • lib/dependencies.dart:46:1 • use_string_in_part_of_directives
   info • Unnecessary 'late' modifier. Try removing the 'late' • lib/dependencies.dart:54:1 • unnecessary_late
   info • Unnecessary 'late' modifier. Try removing the 'late' • lib/dependencies.dart:57:1 • unnecessary_late
   info • Library names are not necessary. Remove the library name • lib/generated_widget.dart:2:9 • unnecessary_library_name

[spm]: Injecting profiler code...
[spm]: Starting app...
Running Gradle task 'assembleProfile'...                        
Running Gradle task 'assembleProfile'...                           21.5s
✓ Built build/app/outputs/flutter-apk/app-profile.apk (34.5MB)
Installing build/app/outputs/flutter-apk/app-profile.apk...      1,528ms
W/Looper  (10982): PerfMonitor looperActivity : package=com.example.benchmark_container/.MainActivity time=443ms latency=427ms running=0ms  procState=-1  historyMsgCount=3 (msgIndex=3 wall=423ms seq=3 h=android.app.ActivityThread$H w=110)
W/Looper  (10982): PerfMonitor looperActivity : package=com.example.benchmark_container/.MainActivity time=1ms latency=872ms running=0ms  procState=-1  historyMsgCount=4 (msgIndex=3 wall=423ms seq=3 h=android.app.ActivityThread$H w=110) (msgIndex=4 wall=443ms seq=4 h=android.app.ActivityThread$H w=159)
D/SurfaceView(10982): UPDATE null, mIsCastMode = false
D/hw-ProcessState(10982): Binder ioctl to enable oneway spam detection failed: Invalid argument
W/Looper  (10982): PerfMonitor longMsg : seq=8 plan=23:01:50.497 late=449ms wall=1652ms running=0ms h=android.view.Choreographer$FrameHandler c=android.view.Choreographer$FrameDisplayEventReceiver procState=-1
W/Looper  (10982): PerfMonitor doFrame : time=1652ms vsyncFrame=0 latency=449ms procState=-1 historyMsgCount=4 (msgIndex=1 wall=1652ms seq=8 late=449ms h=android.view.Choreographer$FrameHandler c=android.view.Choreographer$FrameDisplayEventReceiver)
I/Choreographer(10982): Skipped 93 frames!  The application may be doing too much work on its main thread.
D/SurfaceView(10982): UPDATE Surface(name=SurfaceView[com.example.benchmark_container/com.example.benchmark_container.MainActivity])/@0x739554a, mIsProjectionMode = false
W/Looper  (10982): PerfMonitor doFrame : time=3ms vsyncFrame=0 latency=1558ms procState=-1 historyMsgCount=4
[spm]: Connected to Dart VM service.
I/flutter (10982): 00:00 +0: Performance Benchmark
E/hmark_containe(10982): open libmigui.so failed! dlopen - dlopen failed: library "libmigui.so" not found
D/hmark_containe(10982): MiuiProcessManagerServiceStub setSchedFifo
I/MiuiProcessManagerImpl(10982): setSchedFifo pid:10982, mode:3
D/DecorView[](10982): onWindowFocusChanged hasWindowFocus true
D/DecorView[](10982): getWindowModeFromSystem  windowmode is 1
D/DecorView[](10982): updateDecorCaptionStatus displayWindowDecor is false
D/ProfileInstaller(10982): Installing profile for com.example.benchmark_container
[spm]: ProfilerData event received.
I/flutter (10982): [SPM:perf] 698a51a  buildSpan: 4072µs
I/flutter (10982): [spm] Performance monitoring completed for 698a51a
[spm]: ProfilerData event received.
I/flutter (10982): [SPM:perf] 698a51a  buildSpan: 10917µs
I/flutter (10982): [spm] Performance monitoring completed for 698a51a
I/flutter (10982): [SPM:perf] 698a51a  buildSpan: 5281µs
[spm]: ProfilerData event received.
I/flutter (10982): [spm] Performance monitoring completed for 698a51a
[spm]: ProfilerData event received.
I/flutter (10982): [SPM:perf] 698a51a  buildSpan: 5187µs
I/flutter (10982): [spm] Performance monitoring completed for 698a51a
I/flutter (10982): [SPM:perf] 698a51a  buildSpan: 5227µs
I/flutter (10982): [spm] Performance monitoring completed for 698a51a
[spm]: ProfilerData event received.
I/flutter (10982): [SPM:perf] 698a51a  buildSpan: 5375µs
[spm]: ProfilerData event received.
I/flutter (10982): [spm] Performance monitoring completed for 698a51a
[spm]: ProfilerData event received.
I/flutter (10982): [SPM:perf] 698a51a  buildSpan: 3679µs
I/flutter (10982): [spm] Performance monitoring completed for 698a51a
I/flutter (10982): [SPM:perf] 698a51a  buildSpan: 5010µs
I/flutter (10982): [spm] Performance monitoring completed for 698a51a
[spm]: ProfilerData event received.
[spm]: ProfilerData event received.
I/flutter (10982): [SPM:perf] 698a51a  buildSpan: 4971µs
I/flutter (10982): [spm] Performance monitoring completed for 698a51a
I/flutter (10982): [SPM:perf] 698a51a  buildSpan: 5220µs
I/flutter (10982): [spm] Performance monitoring completed for 698a51a
[spm]: ProfilerData event received.
[spm]: ProfilerData event received.
I/flutter (10982): [SPM:perf] 698a51a  buildSpan: 5157µs
I/flutter (10982): [spm] Performance monitoring completed for 698a51a
[spm]: ProfilerData event received.
I/flutter (10982): [SPM:perf] 698a51a  buildSpan: 3522µs
I/flutter (10982): [spm] Performance monitoring completed for 698a51a
I/flutter (10982): [SPM:perf] 698a51a  buildSpan: 5224µs
I/flutter (10982): [spm] Performance monitoring completed for 698a51a
[spm]: ProfilerData event received.
I/flutter (10982): [SPM:perf] 698a51a  buildSpan: 5228µs
I/flutter (10982): [spm] Performance monitoring completed for 698a51a
[spm]: ProfilerData event received.
I/flutter (10982): [SPM:perf] 698a51a  buildSpan: 4321µs
I/flutter (10982): [spm] Performance monitoring completed for 698a51a
[spm]: ProfilerData event received.
[spm]: ProfilerData event received.
I/flutter (10982): [SPM:perf] 698a51a  buildSpan: 3238µs
I/flutter (10982): [spm] Performance monitoring completed for 698a51a
[spm]: ProfilerData event received.
I/flutter (10982): [SPM:perf] 698a51a  buildSpan: 3681µs
I/flutter (10982): [spm] Performance monitoring completed for 698a51a
I/flutter (10982): [SPM:perf] 698a51a  buildSpan: 3762µs
I/flutter (10982): [spm] Performance monitoring completed for 698a51a
[spm]: ProfilerData event received.
[spm]: ProfilerData event received.
I/flutter (10982): [SPM:perf] 698a51a  buildSpan: 3712µs
I/flutter (10982): [spm] Performance monitoring completed for 698a51a
I/flutter (10982): [SPM:perf] 698a51a  buildSpan: 5230µs
I/flutter (10982): [spm] Performance monitoring completed for 698a51a
[spm]: ProfilerData event received.
I/flutter (10982): [SPM:perf] 698a51a  buildSpan: 4075µs
I/flutter (10982): [spm] Performance monitoring completed for 698a51a
[spm]: ProfilerData event received.
[spm]: ProfilerData event received.
I/flutter (10982): [SPM:perf] 698a51a  buildSpan: 4011µs
I/flutter (10982): [spm] Performance monitoring completed for 698a51a
[spm]: ProfilerData event received.
I/flutter (10982): [SPM:perf] 698a51a  buildSpan: 5065µs
I/flutter (10982): [spm] Performance monitoring completed for 698a51a
[spm]: ProfilerData event received.
I/flutter (10982): [SPM:perf] 698a51a  buildSpan: 5037µs
I/flutter (10982): [spm] Performance monitoring completed for 698a51a
[spm]: ProfilerData event received.
I/flutter (10982): [SPM:perf] 698a51a  buildSpan: 5182µs
I/flutter (10982): [spm] Performance monitoring completed for 698a51a
I/flutter (10982): [SPM:perf] 698a51a  buildSpan: 5135µs
I/flutter (10982): [spm] Performance monitoring completed for 698a51a
[spm]: ProfilerData event received.
[spm]: ProfilerData event received.
I/flutter (10982): [SPM:perf] 698a51a  buildSpan: 3924µs
I/flutter (10982): [spm] Performance monitoring completed for 698a51a
[spm]: ProfilerData event received.
I/flutter (10982): [SPM:perf] 698a51a  buildSpan: 4855µs
I/flutter (10982): [spm] Performance monitoring completed for 698a51a
I/flutter (10982): [SPM:perf] 698a51a  buildSpan: 4966µs
[spm]: ProfilerData event received.
I/flutter (10982): [spm] Performance monitoring completed for 698a51a
I/flutter (10982): [SPM:perf] 698a51a  buildSpan: 4546µs
I/flutter (10982): [spm] Performance monitoring completed for 698a51a
[spm]: ProfilerData event received.
I/flutter (10982): 01:10 +1: (tearDownAll)
I/flutter (10982): 01:11 +2: All tests passed!
All tests passed.
[spm]: Saved 30 profiler events to <ROOT>/dataset-new_samples/2841/redmi9t/raw/20260913-202220/rev_001_deb3f0c8/e11.jsonl
[spm]: Reverting injection...
4 issues found. (ran in 0.6s)
WARNING: Your Android app project: app located at: <ROOT>/android/app/build.gradle.kts
applies the Kotlin Gradle Plugin, which will cause build failures in future versions of Flutter. 
Please migrate your app to Built-in Kotlin using this guide: https://docs.flutter.dev/release/breaking-changes/migrate-to-built-in-kotlin/for-app-developers

VMServiceFlutterDriver: Connecting to Flutter application at http://127.0.0.1:46715/JWSvc7IXtDo=/
[spm]: Detected VM service URI: ws://127.0.0.1:46715/JWSvc7IXtDo=/ws
VMServiceFlutterDriver: Isolate found with number: 8490380537956211
VMServiceFlutterDriver: Isolate 8490380537956211 is runnable.
VMServiceFlutterDriver: Isolate is paused at start.
VMServiceFlutterDriver: Attempting to resume isolate
VMServiceFlutterDriver: Connected to Flutter application.
VMServiceFlutterDriver: request_data message is taking a long time to complete...