# sample_id=2841/rev_001_deb3f0c8 exec_index=2 ok=True perf_lines=30 vm_events=30 battery_pct=43 soc_temp_millic=37700 battery_temp_c=30.8 charging=False preflight_started=2026-09-13T18:24:01.610248+00:00 started=2026-09-13T18:24:04.337723+00:00 ts=2026-09-13T18:26:15.226847+00:00
[spm]: Running flutter analyze...
Resolving dependencies...
Downloading packages...
  _fe_analyzer_shared 100.0.0 (108.0.0 available)
  analyzer 13.0.0 (14.4.0 available)
  async 2.13.0 (2.13.1 available)
  clock 1.1.2 (1.1.3 available)
  cupertino_icons 1.0.8 (1.0.9 available)
  glob 2.1.3 (2.2.0 available)
  lints 6.0.0 (6.1.0 available)
  matcher 0.12.19 (0.12.20 available)
  material_color_utilities 0.13.0 (0.13.1 available)
  meta 1.18.0 (1.19.0 available)
  package_config 2.2.0 (3.0.0 available)
  platform 3.1.6 (3.2.0 available)
  process 5.0.5 (5.0.6 available)
  pub_semver 2.2.0 (2.2.1 available)
  source_span 1.10.1 (1.10.2 available)
  stack_trace 1.12.1 (1.12.2 available)
  test_api 0.7.11 (0.7.14 available)
  vector_math 2.2.0 (2.4.2 available)
  vm_service 15.0.2 (15.3.0 available)
  webdriver 3.1.0 (3.2.0 available)
  yaml 3.1.3 (3.1.4 available)
Got dependencies!
21 packages have newer versions incompatible with dependency constraints.
Try `flutter pub outdated` for more information.
Analyzing lib...                                                

   info • The part-of directive uses a library name. Try converting the directive to use the URI of the library • lib/dependencies.dart:46:1 • use_string_in_part_of_directives
   info • Unnecessary 'late' modifier. Try removing the 'late' • lib/dependencies.dart:54:1 • unnecessary_late
   info • Unnecessary 'late' modifier. Try removing the 'late' • lib/dependencies.dart:57:1 • unnecessary_late
   info • Library names are not necessary. Remove the library name • lib/generated_widget.dart:2:9 • unnecessary_library_name

[spm]: Injecting profiler code...
[spm]: Starting app...
Running Gradle task 'assembleProfile'...                        
Running Gradle task 'assembleProfile'...                           25.9s
✓ Built build/app/outputs/flutter-apk/app-profile.apk (34.5MB)
Installing build/app/outputs/flutter-apk/app-profile.apk...      1,463ms
E/MiuiMultiWindowUtils( 4463): initFreeFormResolutionArgs failed, device is lime
D/IS_CTS_MODE( 4463): true
D/MULTI_WINDOW_SWITCH_ENABLED( 4463): false
D/IS_CTS_MODE( 4463): true
D/MULTI_WINDOW_SWITCH_ENABLED( 4463): false
D/IS_CTS_MODE( 4463): true
D/MULTI_WINDOW_SWITCH_ENABLED( 4463): false
D/DecorView[]( 4463): getWindowModeFromSystem  windowmode is 1
D/DecorView[]( 4463): getWindowModeFromSystem  windowmode is 1
D/DecorView[]( 4463): updateDecorCaptionStatus displayWindowDecor is false
W/Looper  ( 4463): PerfMonitor looperActivity : package=com.example.benchmark_container/.MainActivity time=420ms latency=457ms running=0ms  procState=-1  historyMsgCount=3 (msgIndex=3 wall=434ms seq=3 h=android.app.ActivityThread$H w=110)
W/Looper  ( 4463): PerfMonitor looperActivity : package=com.example.benchmark_container/.MainActivity time=1ms latency=878ms running=0ms  procState=-1  historyMsgCount=4 (msgIndex=3 wall=434ms seq=3 h=android.app.ActivityThread$H w=110) (msgIndex=4 wall=420ms seq=4 late=457ms h=android.app.ActivityThread$H w=159)
D/SurfaceView( 4463): UPDATE null, mIsCastMode = false
D/hw-ProcessState( 4463): Binder ioctl to enable oneway spam detection failed: Invalid argument
W/Looper  ( 4463): PerfMonitor longMsg : seq=8 plan=21:24:49.447 late=434ms wall=1652ms running=0ms h=android.view.Choreographer$FrameHandler c=android.view.Choreographer$FrameDisplayEventReceiver procState=-1
W/Looper  ( 4463): PerfMonitor doFrame : time=1652ms vsyncFrame=0 latency=434ms procState=-1 historyMsgCount=6 (msgIndex=2 wall=1652ms seq=8 late=434ms h=android.view.Choreographer$FrameHandler c=android.view.Choreographer$FrameDisplayEventReceiver) (msgIndex=3 wall=420ms seq=4 h=android.app.ActivityThread$H w=159)
I/Choreographer( 4463): Skipped 94 frames!  The application may be doing too much work on its main thread.
D/SurfaceView( 4463): UPDATE Surface(name=SurfaceView[com.example.benchmark_container/com.example.benchmark_container.MainActivity])/@0x739554a, mIsProjectionMode = false
W/Looper  ( 4463): PerfMonitor doFrame : time=3ms vsyncFrame=0 latency=1576ms procState=-1 historyMsgCount=4
[spm]: Connected to Dart VM service.
I/flutter ( 4463): 00:00 +0: Performance Benchmark
E/hmark_containe( 4463): open libmigui.so failed! dlopen - dlopen failed: library "libmigui.so" not found
D/hmark_containe( 4463): MiuiProcessManagerServiceStub setSchedFifo
I/MiuiProcessManagerImpl( 4463): setSchedFifo pid:4463, mode:3
D/DecorView[]( 4463): onWindowFocusChanged hasWindowFocus true
D/DecorView[]( 4463): getWindowModeFromSystem  windowmode is 1
D/DecorView[]( 4463): updateDecorCaptionStatus displayWindowDecor is false
D/ProfileInstaller( 4463): Installing profile for com.example.benchmark_container
[spm]: ProfilerData event received.
I/flutter ( 4463): [SPM:perf] 698a51a  buildSpan: 3029µs
I/flutter ( 4463): [spm] Performance monitoring completed for 698a51a
[spm]: ProfilerData event received.
I/flutter ( 4463): [SPM:perf] 698a51a  buildSpan: 8604µs
I/flutter ( 4463): [spm] Performance monitoring completed for 698a51a
[spm]: ProfilerData event received.
I/flutter ( 4463): [SPM:perf] 698a51a  buildSpan: 5219µs
I/flutter ( 4463): [spm] Performance monitoring completed for 698a51a
[spm]: ProfilerData event received.
I/flutter ( 4463): [SPM:perf] 698a51a  buildSpan: 4541µs
I/flutter ( 4463): [spm] Performance monitoring completed for 698a51a
[spm]: ProfilerData event received.
I/flutter ( 4463): [SPM:perf] 698a51a  buildSpan: 5363µs
I/flutter ( 4463): [spm] Performance monitoring completed for 698a51a
[spm]: ProfilerData event received.
I/flutter ( 4463): [SPM:perf] 698a51a  buildSpan: 5267µs
I/flutter ( 4463): [spm] Performance monitoring completed for 698a51a
[spm]: ProfilerData event received.
I/flutter ( 4463): [SPM:perf] 698a51a  buildSpan: 5854µs
I/flutter ( 4463): [spm] Performance monitoring completed for 698a51a
[spm]: ProfilerData event received.
I/flutter ( 4463): [SPM:perf] 698a51a  buildSpan: 4971µs
I/flutter ( 4463): [spm] Performance monitoring completed for 698a51a
[spm]: ProfilerData event received.
I/flutter ( 4463): [SPM:perf] 698a51a  buildSpan: 5175µs
I/flutter ( 4463): [spm] Performance monitoring completed for 698a51a
[spm]: ProfilerData event received.
I/flutter ( 4463): [SPM:perf] 698a51a  buildSpan: 4844µs
I/flutter ( 4463): [spm] Performance monitoring completed for 698a51a
[spm]: ProfilerData event received.
I/flutter ( 4463): [SPM:perf] 698a51a  buildSpan: 4770µs
I/flutter ( 4463): [spm] Performance monitoring completed for 698a51a
[spm]: ProfilerData event received.
I/flutter ( 4463): [SPM:perf] 698a51a  buildSpan: 5082µs
I/flutter ( 4463): [spm] Performance monitoring completed for 698a51a
[spm]: ProfilerData event received.
I/flutter ( 4463): [SPM:perf] 698a51a  buildSpan: 4202µs
I/flutter ( 4463): [spm] Performance monitoring completed for 698a51a
[spm]: ProfilerData event received.
I/flutter ( 4463): [SPM:perf] 698a51a  buildSpan: 3118µs
I/flutter ( 4463): [spm] Performance monitoring completed for 698a51a
[spm]: ProfilerData event received.
I/flutter ( 4463): [SPM:perf] 698a51a  buildSpan: 5177µs
I/flutter ( 4463): [spm] Performance monitoring completed for 698a51a
I/flutter ( 4463): [SPM:perf] 698a51a  buildSpan: 4012µs
I/flutter ( 4463): [spm] Performance monitoring completed for 698a51a
[spm]: ProfilerData event received.
[spm]: ProfilerData event received.
I/flutter ( 4463): [SPM:perf] 698a51a  buildSpan: 3940µs
I/flutter ( 4463): [spm] Performance monitoring completed for 698a51a
[spm]: ProfilerData event received.
I/flutter ( 4463): [SPM:perf] 698a51a  buildSpan: 5133µs
I/flutter ( 4463): [spm] Performance monitoring completed for 698a51a
[spm]: ProfilerData event received.
I/flutter ( 4463): [SPM:perf] 698a51a  buildSpan: 5307µs
I/flutter ( 4463): [spm] Performance monitoring completed for 698a51a
[spm]: ProfilerData event received.
I/flutter ( 4463): [SPM:perf] 698a51a  buildSpan: 5117µs
I/flutter ( 4463): [spm] Performance monitoring completed for 698a51a
[spm]: ProfilerData event received.
I/flutter ( 4463): [SPM:perf] 698a51a  buildSpan: 5247µs
I/flutter ( 4463): [spm] Performance monitoring completed for 698a51a
[spm]: ProfilerData event received.
I/flutter ( 4463): [SPM:perf] 698a51a  buildSpan: 4156µs
I/flutter ( 4463): [spm] Performance monitoring completed for 698a51a
[spm]: ProfilerData event received.
I/flutter ( 4463): [SPM:perf] 698a51a  buildSpan: 4979µs
I/flutter ( 4463): [spm] Performance monitoring completed for 698a51a
[spm]: ProfilerData event received.
I/flutter ( 4463): [SPM:perf] 698a51a  buildSpan: 4825µs
I/flutter ( 4463): [spm] Performance monitoring completed for 698a51a
[spm]: ProfilerData event received.
I/flutter ( 4463): [SPM:perf] 698a51a  buildSpan: 5228µs
I/flutter ( 4463): [spm] Performance monitoring completed for 698a51a
I/flutter ( 4463): [SPM:perf] 698a51a  buildSpan: 4070µs
I/flutter ( 4463): [spm] Performance monitoring completed for 698a51a
[spm]: ProfilerData event received.
[spm]: ProfilerData event received.
I/flutter ( 4463): [SPM:perf] 698a51a  buildSpan: 3391µs
I/flutter ( 4463): [spm] Performance monitoring completed for 698a51a
[spm]: ProfilerData event received.
I/flutter ( 4463): [SPM:perf] 698a51a  buildSpan: 3701µs
I/flutter ( 4463): [spm] Performance monitoring completed for 698a51a
I/flutter ( 4463): [SPM:perf] 698a51a  buildSpan: 3178µs
I/flutter ( 4463): [spm] Performance monitoring completed for 698a51a
[spm]: ProfilerData event received.
[spm]: ProfilerData event received.
I/flutter ( 4463): [SPM:perf] 698a51a  buildSpan: 4239µs
I/flutter ( 4463): [spm] Performance monitoring completed for 698a51a
I/flutter ( 4463): 01:10 +1: (tearDownAll)
I/flutter ( 4463): 01:11 +2: All tests passed!
All tests passed.
[spm]: Saved 30 profiler events to <ROOT>/dataset-new_samples/2841/redmi9t/raw/20260913-202220/rev_001_deb3f0c8/e2.jsonl
[spm]: Reverting injection...
4 issues found. (ran in 1.0s)
WARNING: Your Android app project: app located at: <ROOT>/android/app/build.gradle.kts
applies the Kotlin Gradle Plugin, which will cause build failures in future versions of Flutter. 
Please migrate your app to Built-in Kotlin using this guide: https://docs.flutter.dev/release/breaking-changes/migrate-to-built-in-kotlin/for-app-developers

VMServiceFlutterDriver: Connecting to Flutter application at http://127.0.0.1:42665/ycRmSYELwkY=/
[spm]: Detected VM service URI: ws://127.0.0.1:42665/ycRmSYELwkY=/ws
VMServiceFlutterDriver: Isolate found with number: 902782146687411
VMServiceFlutterDriver: Isolate 902782146687411 is runnable.
VMServiceFlutterDriver: Isolate is paused at start.
VMServiceFlutterDriver: Attempting to resume isolate
VMServiceFlutterDriver: Connected to Flutter application.
VMServiceFlutterDriver: request_data message is taking a long time to complete...