# sample_id=0837/rev_002_7b810338 exec_index=4 ok=True perf_lines=30 vm_events=30 battery_pct=74 soc_temp_millic=44200 battery_temp_c=31.7 charging=False preflight_started=2026-09-11T22:09:45.009562+00:00 started=2026-09-11T22:09:47.473009+00:00 ts=2026-09-11T22:11:52.269009+00:00
[spm]: Running flutter analyze...
Resolving dependencies...
Downloading packages...
  _fe_analyzer_shared 100.0.0 (108.0.0 available)
  analyzer 13.0.0 (14.4.0 available)
  async 2.13.0 (2.13.1 available)
  clock 1.1.2 (1.1.3 available)
  cupertino_icons 1.0.8 (1.0.9 available)
  glob 2.1.3 (2.2.0 available)
  lints 6.0.0 (6.1.0 available)
  matcher 0.12.19 (0.12.20 available)
  material_color_utilities 0.13.0 (0.13.1 available)
  meta 1.18.0 (1.19.0 available)
  package_config 2.2.0 (3.0.0 available)
  platform 3.1.6 (3.2.0 available)
  process 5.0.5 (5.0.6 available)
  pub_semver 2.2.0 (2.2.1 available)
  source_span 1.10.1 (1.10.2 available)
  stack_trace 1.12.1 (1.12.2 available)
  test_api 0.7.11 (0.7.14 available)
  vector_math 2.2.0 (2.4.2 available)
  vm_service 15.0.2 (15.3.0 available)
  webdriver 3.1.0 (3.2.0 available)
  yaml 3.1.3 (3.1.4 available)
Got dependencies!
21 packages have newer versions incompatible with dependency constraints.
Try `flutter pub outdated` for more information.
Analyzing lib...                                                

   info • The part-of directive uses a library name. Try converting the directive to use the URI of the library • lib/dependencies.dart:46:1 • use_string_in_part_of_directives
   info • Redundant initialization to 'null'. Try removing the initializer • lib/dependencies.dart:80:9 • avoid_init_to_null
   info • Library names are not necessary. Remove the library name • lib/generated_widget.dart:2:9 • unnecessary_library_name

[spm]: Injecting profiler code...
[spm]: Starting app...
Running Gradle task 'assembleProfile'...                        
Running Gradle task 'assembleProfile'...                           20.1s
✓ Built build/app/outputs/flutter-apk/app-profile.apk (26.8MB)
Installing build/app/outputs/flutter-apk/app-profile.apk...      1,230ms
I/ForceDarkHelperStubImpl(10952): setViewRootImplForceDark: false for com.example.benchmark_container.MainActivity@e6f428d, reason: AppDarkModeEnable
I/ForceDarkHelperStubImpl(10952): setViewRootImplForceDark: false for com.example.benchmark_container.MainActivity@e6f428d, reason: AppDarkModeEnable
D/DecorView[](10952): getWindowModeFromSystem  windowmode is 1
D/DecorView[](10952): updateDecorCaptionStatus displayWindowDecor is false
W/Looper  (10952): PerfMonitor looperActivity : package=com.example.benchmark_container/.MainActivity time=342ms latency=330ms running=0ms  procState=-1  historyMsgCount=3 (msgIndex=3 wall=324ms seq=3 h=android.app.ActivityThread$H w=110)
W/Looper  (10952): PerfMonitor looperActivity : package=com.example.benchmark_container/.MainActivity time=0ms latency=674ms running=0ms  procState=-1  historyMsgCount=4 (msgIndex=3 wall=324ms seq=3 h=android.app.ActivityThread$H w=110) (msgIndex=4 wall=342ms seq=4 late=330ms h=android.app.ActivityThread$H w=159)
D/SurfaceView(10952): UPDATE null, mIsCastMode = false
D/hw-ProcessState(10952): Binder ioctl to enable oneway spam detection failed: Invalid argument
W/Looper  (10952): PerfMonitor longMsg : seq=8 plan=01:10:25.072 late=348ms wall=1695ms running=0ms h=android.view.Choreographer$FrameHandler c=android.view.Choreographer$FrameDisplayEventReceiver procState=-1
W/Looper  (10952): PerfMonitor doFrame : time=1695ms vsyncFrame=0 latency=348ms procState=-1 historyMsgCount=6 (msgIndex=2 wall=1695ms seq=8 late=348ms h=android.view.Choreographer$FrameHandler c=android.view.Choreographer$FrameDisplayEventReceiver) (msgIndex=3 wall=342ms seq=4 h=android.app.ActivityThread$H w=159)
I/Choreographer(10952): Skipped 94 frames!  The application may be doing too much work on its main thread.
D/SurfaceView(10952): UPDATE Surface(name=SurfaceView[com.example.benchmark_container/com.example.benchmark_container.MainActivity])/@0xca20cbb, mIsProjectionMode = false
W/Looper  (10952): PerfMonitor doFrame : time=4ms vsyncFrame=0 latency=1583ms procState=-1 historyMsgCount=4
[spm]: Connected to Dart VM service.
I/flutter (10952): 00:00 +0: Performance Benchmark
E/hmark_containe(10952): open libmigui.so failed! dlopen - dlopen failed: library "libmigui.so" not found
D/hmark_containe(10952): MiuiProcessManagerServiceStub setSchedFifo
I/MiuiProcessManagerImpl(10952): setSchedFifo pid:10952, mode:3
D/DecorView[](10952): onWindowFocusChanged hasWindowFocus true
D/DecorView[](10952): getWindowModeFromSystem  windowmode is 1
D/DecorView[](10952): updateDecorCaptionStatus displayWindowDecor is false
D/ProfileInstaller(10952): Installing profile for com.example.benchmark_container
[spm]: ProfilerData event received.
I/flutter (10952): [SPM:perf] 698a51a  buildSpan: 1561µs
I/flutter (10952): [spm] Performance monitoring completed for 698a51a
[spm]: ProfilerData event received.
I/flutter (10952): [SPM:perf] 698a51a  buildSpan: 1621µs
I/flutter (10952): [spm] Performance monitoring completed for 698a51a
[spm]: ProfilerData event received.
I/flutter (10952): [SPM:perf] 698a51a  buildSpan: 1610µs
I/flutter (10952): [spm] Performance monitoring completed for 698a51a
[spm]: ProfilerData event received.
I/flutter (10952): [SPM:perf] 698a51a  buildSpan: 1310µs
I/flutter (10952): [spm] Performance monitoring completed for 698a51a
[spm]: ProfilerData event received.
I/flutter (10952): [SPM:perf] 698a51a  buildSpan: 1192µs
I/flutter (10952): [spm] Performance monitoring completed for 698a51a
[spm]: ProfilerData event received.
I/flutter (10952): [SPM:perf] 698a51a  buildSpan: 1646µs
I/flutter (10952): [spm] Performance monitoring completed for 698a51a
[spm]: ProfilerData event received.
I/flutter (10952): [SPM:perf] 698a51a  buildSpan: 924µs
I/flutter (10952): [spm] Performance monitoring completed for 698a51a
[spm]: ProfilerData event received.
I/flutter (10952): [SPM:perf] 698a51a  buildSpan: 1663µs
I/flutter (10952): [spm] Performance monitoring completed for 698a51a
[spm]: ProfilerData event received.
I/flutter (10952): [SPM:perf] 698a51a  buildSpan: 1331µs
I/flutter (10952): [spm] Performance monitoring completed for 698a51a
[spm]: ProfilerData event received.
I/flutter (10952): [SPM:perf] 698a51a  buildSpan: 4917µs
I/flutter (10952): [spm] Performance monitoring completed for 698a51a
[spm]: ProfilerData event received.
I/flutter (10952): [SPM:perf] 698a51a  buildSpan: 1505µs
I/flutter (10952): [spm] Performance monitoring completed for 698a51a
[spm]: ProfilerData event received.
I/flutter (10952): [SPM:perf] 698a51a  buildSpan: 1834µs
I/flutter (10952): [spm] Performance monitoring completed for 698a51a
[spm]: ProfilerData event received.
I/flutter (10952): [SPM:perf] 698a51a  buildSpan: 1545µs
I/flutter (10952): [spm] Performance monitoring completed for 698a51a
I/flutter (10952): [SPM:perf] 698a51a  buildSpan: 1792µs
I/flutter (10952): [spm] Performance monitoring completed for 698a51a
[spm]: ProfilerData event received.
[spm]: ProfilerData event received.
I/flutter (10952): [SPM:perf] 698a51a  buildSpan: 1669µs
I/flutter (10952): [spm] Performance monitoring completed for 698a51a
[spm]: ProfilerData event received.
I/flutter (10952): [SPM:perf] 698a51a  buildSpan: 1352µs
I/flutter (10952): [spm] Performance monitoring completed for 698a51a
[spm]: ProfilerData event received.
I/flutter (10952): [SPM:perf] 698a51a  buildSpan: 1926µs
I/flutter (10952): [spm] Performance monitoring completed for 698a51a
[spm]: ProfilerData event received.
I/flutter (10952): [SPM:perf] 698a51a  buildSpan: 1017µs
I/flutter (10952): [spm] Performance monitoring completed for 698a51a
[spm]: ProfilerData event received.
I/flutter (10952): [SPM:perf] 698a51a  buildSpan: 1289µs
I/flutter (10952): [spm] Performance monitoring completed for 698a51a
[spm]: ProfilerData event received.
I/flutter (10952): [SPM:perf] 698a51a  buildSpan: 1299µs
I/flutter (10952): [spm] Performance monitoring completed for 698a51a
[spm]: ProfilerData event received.
I/flutter (10952): [SPM:perf] 698a51a  buildSpan: 1505µs
I/flutter (10952): [spm] Performance monitoring completed for 698a51a
I/flutter (10952): [SPM:perf] 698a51a  buildSpan: 945µs
I/flutter (10952): [spm] Performance monitoring completed for 698a51a
[spm]: ProfilerData event received.
I/flutter (10952): [SPM:perf] 698a51a  buildSpan: 1634µs
I/flutter (10952): [spm] Performance monitoring completed for 698a51a
[spm]: ProfilerData event received.
I/flutter (10952): [SPM:perf] 698a51a  buildSpan: 1678µs
I/flutter (10952): [spm] Performance monitoring completed for 698a51a
[spm]: ProfilerData event received.
I/flutter (10952): [SPM:perf] 698a51a  buildSpan: 1198µs
I/flutter (10952): [spm] Performance monitoring completed for 698a51a
[spm]: ProfilerData event received.
[spm]: ProfilerData event received.
I/flutter (10952): [SPM:perf] 698a51a  buildSpan: 1632µs
I/flutter (10952): [spm] Performance monitoring completed for 698a51a
I/flutter (10952): [SPM:perf] 698a51a  buildSpan: 1676µs
[spm]: ProfilerData event received.
I/flutter (10952): [spm] Performance monitoring completed for 698a51a
I/flutter (10952): [SPM:perf] 698a51a  buildSpan: 1123µs
I/flutter (10952): [spm] Performance monitoring completed for 698a51a
[spm]: ProfilerData event received.
[spm]: ProfilerData event received.
I/flutter (10952): [SPM:perf] 698a51a  buildSpan: 1594µs
I/flutter (10952): [spm] Performance monitoring completed for 698a51a
I/flutter (10952): [SPM:perf] 698a51a  buildSpan: 1172µs
I/flutter (10952): [spm] Performance monitoring completed for 698a51a
[spm]: ProfilerData event received.
I/flutter (10952): 01:12 +1: (tearDownAll)
I/flutter (10952): 01:13 +2: All tests passed!
I/Choreographer(10952): Skipped 59 frames!  The application may be doing too much work on its main thread.
W/Looper  (10952): PerfMonitor doFrame : time=5ms vsyncFrame=0 latency=996ms procState=-1 historyMsgCount=8
I/OpenGLRenderer(10952): Davey! duration=1010ms; Flags=0, FrameTimelineVsyncId=10284569, IntendedVsync=284930501819431, Vsync=284931485152725, InputEventId=0, HandleInputStart=284931498491983, AnimationStart=284931498508389, PerformTraversalsStart=284931498516150, DrawStart=284931500713598, FrameDeadline=284930518486097, FrameInterval=284931497528858, FrameStartTime=16666666, SyncQueued=284931501343598, SyncStart=284931501485941, IssueDrawCommandsStart=284931501634952, SwapBuffers=284931503260577, FrameCompleted=284931512690160, DequeueBufferDuration=50000, QueueBufferDuration=1862812, GpuCompleted=284931512690160, SwapBuffersCompleted=284931506497556, DisplayPresentTime=525569085039, 
[SPM:shot] wrote <ROOT>/dataset-new_samples/0837/redmi9t/shots/0837__rev_002_7b810338.png (89247 bytes)
All tests passed.
[spm]: Saved 30 profiler events to <ROOT>/dataset-new_samples/0837/redmi9t/raw/20260912-010844/rev_002_7b810338/e4.jsonl
[spm]: Reverting injection...
3 issues found. (ran in 0.8s)
WARNING: Your Android app project: app located at: <ROOT>/android/app/build.gradle.kts
applies the Kotlin Gradle Plugin, which will cause build failures in future versions of Flutter. 
Please migrate your app to Built-in Kotlin using this guide: https://docs.flutter.dev/release/breaking-changes/migrate-to-built-in-kotlin/for-app-developers

VMServiceFlutterDriver: Connecting to Flutter application at http://127.0.0.1:44837/wTZsdkAOPwE=/
[spm]: Detected VM service URI: ws://127.0.0.1:44837/wTZsdkAOPwE=/ws
VMServiceFlutterDriver: Isolate found with number: 119891155269195
VMServiceFlutterDriver: Isolate 119891155269195 is runnable.
VMServiceFlutterDriver: Isolate is paused at start.
VMServiceFlutterDriver: Attempting to resume isolate
VMServiceFlutterDriver: Connected to Flutter application.
VMServiceFlutterDriver: request_data message is taking a long time to complete...