# sample_id=2039/rev_004_a0b447fb exec_index=0 ok=True perf_lines=30 vm_events=30 battery_pct=71 soc_temp_millic=40500 battery_temp_c=29.9 charging=False preflight_started=2026-09-18T06:24:17.356840+00:00 started=2026-09-18T06:24:19.690757+00:00 ts=2026-09-18T06:26:16.213332+00:00
[spm]: Running flutter analyze...
Resolving dependencies...
Downloading packages...
  _fe_analyzer_shared 100.0.0 (108.0.0 available)
  analyzer 13.0.0 (14.4.0 available)
  async 2.13.0 (2.13.1 available)
  clock 1.1.2 (1.1.3 available)
  cupertino_icons 1.0.8 (1.0.9 available)
  glob 2.1.3 (2.2.0 available)
  lints 6.0.0 (6.1.0 available)
  matcher 0.12.19 (0.12.20 available)
  material_color_utilities 0.13.0 (0.13.1 available)
  meta 1.18.0 (1.19.0 available)
  package_config 2.2.0 (3.0.0 available)
  platform 3.1.6 (3.2.0 available)
  process 5.0.5 (5.0.6 available)
  pub_semver 2.2.0 (2.2.1 available)
  source_span 1.10.1 (1.10.2 available)
  stack_trace 1.12.1 (1.12.2 available)
  test_api 0.7.11 (0.7.14 available)
  vector_math 2.2.0 (2.4.2 available)
  vm_service 15.0.2 (15.3.0 available)
  webdriver 3.1.0 (3.2.0 available)
  yaml 3.1.3 (3.1.4 available)
Got dependencies!
21 packages have newer versions incompatible with dependency constraints.
Try `flutter pub outdated` for more information.
Analyzing lib...                                                

   info • The part-of directive uses a library name. Try converting the directive to use the URI of the library • lib/dependencies.dart:46:1 • use_string_in_part_of_directives
   info • Unnecessary 'late' modifier. Try removing the 'late' • lib/dependencies.dart:57:1 • unnecessary_late
   info • Unnecessary 'late' modifier. Try removing the 'late' • lib/dependencies.dart:60:1 • unnecessary_late
   info • Unnecessary 'late' modifier. Try removing the 'late' • lib/dependencies.dart:66:1 • unnecessary_late
   info • Unnecessary 'late' modifier. Try removing the 'late' • lib/dependencies.dart:68:1 • unnecessary_late
   info • Unnecessary 'late' modifier. Try removing the 'late' • lib/dependencies.dart:74:1 • unnecessary_late
   info • Unnecessary 'late' modifier. Try removing the 'late' • lib/dependencies.dart:76:1 • unnecessary_late
   info • Library names are not necessary. Remove the library name • lib/generated_widget.dart:2:9 • unnecessary_library_name
   info • The constant name 'MAX_FONT_SCALE_FACTOR' isn't a lowerCamelCase identifier. Try changing the name to follow the lowerCamelCase style • lib/generated_widget.dart:41:23 • constant_identifier_names
   info • The constant name 'MIN_FONT_SCALE_FACTOR' isn't a lowerCamelCase identifier. Try changing the name to follow the lowerCamelCase style • lib/generated_widget.dart:43:23 • constant_identifier_names
   info • The constant name 'DART' isn't a lowerCamelCase identifier. Try changing the name to follow the lowerCamelCase style • lib/generated_widget.dart:156:15 • constant_identifier_names
   info • The constant name 'CPP' isn't a lowerCamelCase identifier. Try changing the name to follow the lowerCamelCase style • lib/generated_widget.dart:156:24 • constant_identifier_names
   info • The constant name 'JAVASCRIPT' isn't a lowerCamelCase identifier. Try changing the name to follow the lowerCamelCase style • lib/generated_widget.dart:156:29 • constant_identifier_names
   info • The constant name 'KOTLIN' isn't a lowerCamelCase identifier. Try changing the name to follow the lowerCamelCase style • lib/generated_widget.dart:156:41 • constant_identifier_names
   info • The constant name 'JAVA' isn't a lowerCamelCase identifier. Try changing the name to follow the lowerCamelCase style • lib/generated_widget.dart:156:49 • constant_identifier_names
   info • The constant name 'SWIFT' isn't a lowerCamelCase identifier. Try changing the name to follow the lowerCamelCase style • lib/generated_widget.dart:156:55 • constant_identifier_names
   info • The constant name 'YAML' isn't a lowerCamelCase identifier. Try changing the name to follow the lowerCamelCase style • lib/generated_widget.dart:156:62 • constant_identifier_names

[spm]: Injecting profiler code...
[spm]: Starting app...
Running Gradle task 'assembleProfile'...                        
Running Gradle task 'assembleProfile'...                           19.2s
✓ Built build/app/outputs/flutter-apk/app-profile.apk (26.8MB)
Installing build/app/outputs/flutter-apk/app-profile.apk...        987ms
E/MiuiMultiWindowUtils( 2400): initFreeFormResolutionArgs failed, device is lime
D/IS_CTS_MODE( 2400): true
D/MULTI_WINDOW_SWITCH_ENABLED( 2400): false
D/IS_CTS_MODE( 2400): true
D/MULTI_WINDOW_SWITCH_ENABLED( 2400): false
D/IS_CTS_MODE( 2400): true
D/MULTI_WINDOW_SWITCH_ENABLED( 2400): false
D/DecorView[]( 2400): getWindowModeFromSystem  windowmode is 1
D/DecorView[]( 2400): getWindowModeFromSystem  windowmode is 1
D/DecorView[]( 2400): updateDecorCaptionStatus displayWindowDecor is false
W/Looper  ( 2400): PerfMonitor looperActivity : package=com.example.benchmark_container/.MainActivity time=394ms latency=366ms running=0ms  procState=-1  historyMsgCount=3 (msgIndex=1 wall=394ms seq=4 late=366ms h=android.app.ActivityThread$H w=159) (msgIndex=2 wall=394ms seq=4 late=366ms h=android.app.ActivityThread$H w=159) (msgIndex=3 wall=368ms seq=3 h=android.app.ActivityThread$H w=110)
W/Looper  ( 2400): PerfMonitor looperActivity : package=com.example.benchmark_container/.MainActivity time=1ms latency=761ms running=0ms  procState=-1  historyMsgCount=4 (msgIndex=1 wall=394ms seq=4 late=366ms h=android.app.ActivityThread$H w=159) (msgIndex=2 wall=394ms seq=4 late=366ms h=android.app.ActivityThread$H w=159) (msgIndex=3 wall=368ms seq=3 h=android.app.ActivityThread$H w=110) (msgIndex=4 wall=394ms seq=4 late=366ms h=android.app.ActivityThread$H w=159)
D/SurfaceView( 2400): UPDATE null, mIsCastMode = false
D/hw-ProcessState( 2400): Binder ioctl to enable oneway spam detection failed: Invalid argument
W/Looper  ( 2400): PerfMonitor longMsg : seq=8 plan=09:24:53.372 late=424ms wall=1764ms running=0ms h=android.view.Choreographer$FrameHandler c=android.view.Choreographer$FrameDisplayEventReceiver procState=-1
W/Looper  ( 2400): PerfMonitor doFrame : time=1764ms vsyncFrame=0 latency=424ms procState=-1 historyMsgCount=7 (msgIndex=1 wall=394ms seq=4 h=android.app.ActivityThread$H w=159) (msgIndex=2 wall=394ms seq=4 h=android.app.ActivityThread$H w=159) (msgIndex=3 wall=1764ms seq=8 late=424ms h=android.view.Choreographer$FrameHandler c=android.view.Choreographer$FrameDisplayEventReceiver) (msgIndex=4 wall=394ms seq=4 h=android.app.ActivityThread$H w=159)
I/Choreographer( 2400): Skipped 99 frames!  The application may be doing too much work on its main thread.
D/SurfaceView( 2400): UPDATE Surface(name=SurfaceView[com.example.benchmark_container/com.example.benchmark_container.MainActivity])/@0x9ac515, mIsProjectionMode = false
W/Looper  ( 2400): PerfMonitor doFrame : time=2ms vsyncFrame=0 latency=1662ms procState=-1 historyMsgCount=4
[spm]: Connected to Dart VM service.
I/flutter ( 2400): 00:00 +0: Performance Benchmark
E/hmark_containe( 2400): open libmigui.so failed! dlopen - dlopen failed: library "libmigui.so" not found
D/hmark_containe( 2400): MiuiProcessManagerServiceStub setSchedFifo
I/MiuiProcessManagerImpl( 2400): setSchedFifo pid:2400, mode:3
D/DecorView[]( 2400): onWindowFocusChanged hasWindowFocus true
D/DecorView[]( 2400): getWindowModeFromSystem  windowmode is 1
D/DecorView[]( 2400): updateDecorCaptionStatus displayWindowDecor is false
D/ProfileInstaller( 2400): Installing profile for com.example.benchmark_container
[spm]: ProfilerData event received.
I/flutter ( 2400): [SPM:perf] 698a51a  buildSpan: 712µs
I/flutter ( 2400): [spm] Performance monitoring completed for 698a51a
[spm]: ProfilerData event received.
I/flutter ( 2400): [SPM:perf] 698a51a  buildSpan: 695µs
I/flutter ( 2400): [spm] Performance monitoring completed for 698a51a
I/flutter ( 2400): [SPM:perf] 698a51a  buildSpan: 673µs
I/flutter ( 2400): [spm] Performance monitoring completed for 698a51a
[spm]: ProfilerData event received.
[spm]: ProfilerData event received.
I/flutter ( 2400): [SPM:perf] 698a51a  buildSpan: 753µs
I/flutter ( 2400): [spm] Performance monitoring completed for 698a51a
[spm]: ProfilerData event received.
I/flutter ( 2400): [SPM:perf] 698a51a  buildSpan: 778µs
I/flutter ( 2400): [spm] Performance monitoring completed for 698a51a
[spm]: ProfilerData event received.
I/flutter ( 2400): [SPM:perf] 698a51a  buildSpan: 862µs
I/flutter ( 2400): [spm] Performance monitoring completed for 698a51a
[spm]: ProfilerData event received.
I/flutter ( 2400): [SPM:perf] 698a51a  buildSpan: 696µs
I/flutter ( 2400): [spm] Performance monitoring completed for 698a51a
[spm]: ProfilerData event received.
I/flutter ( 2400): [SPM:perf] 698a51a  buildSpan: 687µs
I/flutter ( 2400): [spm] Performance monitoring completed for 698a51a
[spm]: ProfilerData event received.
I/flutter ( 2400): [SPM:perf] 698a51a  buildSpan: 718µs
I/flutter ( 2400): [spm] Performance monitoring completed for 698a51a
[spm]: ProfilerData event received.
I/flutter ( 2400): [SPM:perf] 698a51a  buildSpan: 701µs
I/flutter ( 2400): [spm] Performance monitoring completed for 698a51a
I/flutter ( 2400): [SPM:perf] 698a51a  buildSpan: 687µs
I/flutter ( 2400): [spm] Performance monitoring completed for 698a51a
[spm]: ProfilerData event received.
[spm]: ProfilerData event received.
I/flutter ( 2400): [SPM:perf] 698a51a  buildSpan: 720µs
I/flutter ( 2400): [spm] Performance monitoring completed for 698a51a
[spm]: ProfilerData event received.
I/flutter ( 2400): [SPM:perf] 698a51a  buildSpan: 657µs
I/flutter ( 2400): [spm] Performance monitoring completed for 698a51a
[spm]: ProfilerData event received.
I/flutter ( 2400): [SPM:perf] 698a51a  buildSpan: 851µs
I/flutter ( 2400): [spm] Performance monitoring completed for 698a51a
[spm]: ProfilerData event received.
I/flutter ( 2400): [SPM:perf] 698a51a  buildSpan: 728µs
I/flutter ( 2400): [spm] Performance monitoring completed for 698a51a
[spm]: ProfilerData event received.
I/flutter ( 2400): [SPM:perf] 698a51a  buildSpan: 722µs
I/flutter ( 2400): [spm] Performance monitoring completed for 698a51a
[spm]: ProfilerData event received.
I/flutter ( 2400): [SPM:perf] 698a51a  buildSpan: 732µs
I/flutter ( 2400): [spm] Performance monitoring completed for 698a51a
[spm]: ProfilerData event received.
I/flutter ( 2400): [SPM:perf] 698a51a  buildSpan: 719µs
I/flutter ( 2400): [spm] Performance monitoring completed for 698a51a
I/flutter ( 2400): [SPM:perf] 698a51a  buildSpan: 745µs
[spm]: ProfilerData event received.
I/flutter ( 2400): [spm] Performance monitoring completed for 698a51a
[spm]: ProfilerData event received.
I/flutter ( 2400): [SPM:perf] 698a51a  buildSpan: 683µs
I/flutter ( 2400): [spm] Performance monitoring completed for 698a51a
[spm]: ProfilerData event received.
I/flutter ( 2400): [SPM:perf] 698a51a  buildSpan: 687µs
I/flutter ( 2400): [spm] Performance monitoring completed for 698a51a
[spm]: ProfilerData event received.
I/flutter ( 2400): [SPM:perf] 698a51a  buildSpan: 676µs
I/flutter ( 2400): [spm] Performance monitoring completed for 698a51a
[spm]: ProfilerData event received.
I/flutter ( 2400): [SPM:perf] 698a51a  buildSpan: 689µs
I/flutter ( 2400): [spm] Performance monitoring completed for 698a51a
[spm]: ProfilerData event received.
I/flutter ( 2400): [SPM:perf] 698a51a  buildSpan: 663µs
I/flutter ( 2400): [spm] Performance monitoring completed for 698a51a
I/flutter ( 2400): [SPM:perf] 698a51a  buildSpan: 729µs
[spm]: ProfilerData event received.
I/flutter ( 2400): [spm] Performance monitoring completed for 698a51a
[spm]: ProfilerData event received.
I/flutter ( 2400): [SPM:perf] 698a51a  buildSpan: 644µs
I/flutter ( 2400): [spm] Performance monitoring completed for 698a51a
[spm]: ProfilerData event received.
I/flutter ( 2400): [SPM:perf] 698a51a  buildSpan: 921µs
I/flutter ( 2400): [spm] Performance monitoring completed for 698a51a
[spm]: ProfilerData event received.
I/flutter ( 2400): [SPM:perf] 698a51a  buildSpan: 741µs
I/flutter ( 2400): [spm] Performance monitoring completed for 698a51a
[spm]: ProfilerData event received.
I/flutter ( 2400): [SPM:perf] 698a51a  buildSpan: 726µs
I/flutter ( 2400): [spm] Performance monitoring completed for 698a51a
[spm]: ProfilerData event received.
I/flutter ( 2400): [SPM:perf] 698a51a  buildSpan: 762µs
I/flutter ( 2400): [spm] Performance monitoring completed for 698a51a
I/flutter ( 2400): 01:10 +1: (tearDownAll)
I/flutter ( 2400): 01:11 +2: All tests passed!
All tests passed.
[spm]: Saved 30 profiler events to <ROOT>/dataset-new_samples/2039/redmi9t/raw/20260918-090345/rev_004_a0b447fb/e0.jsonl
[spm]: Reverting injection...
17 issues found. (ran in 0.5s)
WARNING: Your Android app project: app located at: <ROOT>/android/app/build.gradle.kts
applies the Kotlin Gradle Plugin, which will cause build failures in future versions of Flutter. 
Please migrate your app to Built-in Kotlin using this guide: https://docs.flutter.dev/release/breaking-changes/migrate-to-built-in-kotlin/for-app-developers

VMServiceFlutterDriver: Connecting to Flutter application at http://127.0.0.1:39889/GqfUL_LkjOo=/
[spm]: Detected VM service URI: ws://127.0.0.1:39889/GqfUL_LkjOo=/ws
VMServiceFlutterDriver: Isolate found with number: 4686143903065731
VMServiceFlutterDriver: Isolate 4686143903065731 is runnable.
VMServiceFlutterDriver: Isolate is paused at start.
VMServiceFlutterDriver: Attempting to resume isolate
VMServiceFlutterDriver: Connected to Flutter application.
VMServiceFlutterDriver: request_data message is taking a long time to complete...