# sample_id=2039/rev_004_a0b447fb exec_index=7 ok=True perf_lines=30 vm_events=30 battery_pct=67 soc_temp_millic=40500 battery_temp_c=30.0 charging=False preflight_started=2026-09-18T07:08:32.155662+00:00 started=2026-09-18T07:08:34.528973+00:00 ts=2026-09-18T07:10:30.628467+00:00
[spm]: Running flutter analyze...
Resolving dependencies...
Downloading packages...
  _fe_analyzer_shared 100.0.0 (108.0.0 available)
  analyzer 13.0.0 (14.4.0 available)
  async 2.13.0 (2.13.1 available)
  clock 1.1.2 (1.1.3 available)
  cupertino_icons 1.0.8 (1.0.9 available)
  glob 2.1.3 (2.2.0 available)
  lints 6.0.0 (6.1.0 available)
  matcher 0.12.19 (0.12.20 available)
  material_color_utilities 0.13.0 (0.13.1 available)
  meta 1.18.0 (1.19.0 available)
  package_config 2.2.0 (3.0.0 available)
  platform 3.1.6 (3.2.0 available)
  process 5.0.5 (5.0.6 available)
  pub_semver 2.2.0 (2.2.1 available)
  source_span 1.10.1 (1.10.2 available)
  stack_trace 1.12.1 (1.12.2 available)
  test_api 0.7.11 (0.7.14 available)
  vector_math 2.2.0 (2.4.2 available)
  vm_service 15.0.2 (15.3.0 available)
  webdriver 3.1.0 (3.2.0 available)
  yaml 3.1.3 (3.1.4 available)
Got dependencies!
21 packages have newer versions incompatible with dependency constraints.
Try `flutter pub outdated` for more information.
Analyzing lib...                                                

   info • The part-of directive uses a library name. Try converting the directive to use the URI of the library • lib/dependencies.dart:46:1 • use_string_in_part_of_directives
   info • Unnecessary 'late' modifier. Try removing the 'late' • lib/dependencies.dart:57:1 • unnecessary_late
   info • Unnecessary 'late' modifier. Try removing the 'late' • lib/dependencies.dart:60:1 • unnecessary_late
   info • Unnecessary 'late' modifier. Try removing the 'late' • lib/dependencies.dart:66:1 • unnecessary_late
   info • Unnecessary 'late' modifier. Try removing the 'late' • lib/dependencies.dart:68:1 • unnecessary_late
   info • Unnecessary 'late' modifier. Try removing the 'late' • lib/dependencies.dart:74:1 • unnecessary_late
   info • Unnecessary 'late' modifier. Try removing the 'late' • lib/dependencies.dart:76:1 • unnecessary_late
   info • Library names are not necessary. Remove the library name • lib/generated_widget.dart:2:9 • unnecessary_library_name
   info • The constant name 'MAX_FONT_SCALE_FACTOR' isn't a lowerCamelCase identifier. Try changing the name to follow the lowerCamelCase style • lib/generated_widget.dart:41:23 • constant_identifier_names
   info • The constant name 'MIN_FONT_SCALE_FACTOR' isn't a lowerCamelCase identifier. Try changing the name to follow the lowerCamelCase style • lib/generated_widget.dart:43:23 • constant_identifier_names
   info • The constant name 'DART' isn't a lowerCamelCase identifier. Try changing the name to follow the lowerCamelCase style • lib/generated_widget.dart:156:15 • constant_identifier_names
   info • The constant name 'CPP' isn't a lowerCamelCase identifier. Try changing the name to follow the lowerCamelCase style • lib/generated_widget.dart:156:24 • constant_identifier_names
   info • The constant name 'JAVASCRIPT' isn't a lowerCamelCase identifier. Try changing the name to follow the lowerCamelCase style • lib/generated_widget.dart:156:29 • constant_identifier_names
   info • The constant name 'KOTLIN' isn't a lowerCamelCase identifier. Try changing the name to follow the lowerCamelCase style • lib/generated_widget.dart:156:41 • constant_identifier_names
   info • The constant name 'JAVA' isn't a lowerCamelCase identifier. Try changing the name to follow the lowerCamelCase style • lib/generated_widget.dart:156:49 • constant_identifier_names
   info • The constant name 'SWIFT' isn't a lowerCamelCase identifier. Try changing the name to follow the lowerCamelCase style • lib/generated_widget.dart:156:55 • constant_identifier_names
   info • The constant name 'YAML' isn't a lowerCamelCase identifier. Try changing the name to follow the lowerCamelCase style • lib/generated_widget.dart:156:62 • constant_identifier_names

[spm]: Injecting profiler code...
[spm]: Starting app...
Running Gradle task 'assembleProfile'...                        
Running Gradle task 'assembleProfile'...                           19.1s
✓ Built build/app/outputs/flutter-apk/app-profile.apk (26.8MB)
Installing build/app/outputs/flutter-apk/app-profile.apk...        990ms
D/MiuiMultiWindowUtils(15572): freeform resolution args raw data:{  "zizhan":{    "freeform_args": {      "inner":{        "vertical_portrait":{"aspect_ratio":0.626, "original_ratio":0.5643,"original_scale":0.74,"top_margin":0.168,"left_margin":0.484},        "horizontal_portrait":{"aspect_ratio":0.626, "original_ratio":0.5643,"original_scale":0.74,"top_margin":0.1222,"left_margin":0.59745},        "vertical_landscape":{"aspect_ratio":1.6, "original_ratio":1,"original_scale":0.604,"top_margin":0.2596,"left_margin":0.2624},        "horizontal_landscape":{"aspect_ratio":1.6, "original_ratio":1,"original_scale":0.604,"top_margin":0.213,"left_margin":0.3758}      },      "outer":{        "vertical_portrait":{"aspect_ratio":0.626, "original_ratio":1,"original_scale":0.74,"top_margin":0.0753,"left_margin":-1},        "horizontal_portrait":{"aspect_ratio":0.626, "original_ratio":1,"original_scale":0.5756,"top_margin":-1,"left_margin":0.0753},        "vertical_landscape":{"aspect_ratio":1.6, "original_ratio":0.6847,"original_scale":0.587,"top_margin":0.0753,"left_margin":-1},        "horizontal_landscape":{"aspect_ratio":1.6, "original_ratio":0.6847,"original_scale":0.587,"top_margin":-1,"left_margin":0.0753}}    },    "mini_freeform_args":{      "inner":{        "vertical_portrait":{"aspect_ratio":0.626, "original_ratio":0.147},        "horizontal_portrait":{"aspect_ratio":0.626, "original_ratio":0.147},        "vertical_landscape":{"aspect_ratio":1.6, "original_ratio":0.165},        "horizontal_landscape":{"aspect_ratio":1.6, "original_ratio":0.165}      },      "outer":{        "vertical_portrait":{"aspect_ratio":0.626, "original_ratio":0.26},        "horizontal_portrait":{"aspect_ratio":0.626, "original_ratio":0.26},        "vertical_landscape":{"aspect_ratio":1.6, "original_ratio":0.293},        "horizontal_landscape":{"aspect_ratio":1.6, "original_ratio":0.293}}    }  },  "wide_default":{    "freeform_args": {        "vertical_portrait":{"aspect_ratio":0.625, "original_ratio":0.5806,"original_scale":0.7574,"top_margin":0.125,"left_margin":0.392},        "horizontal_portrait":{"aspect_ratio":0.625, "original_ratio":0.5806,"original_scale":0.7574,"top_margin":-1,"left_margin":0.6415},        "vertical_landscape":{"aspect_ratio":1.6, "original_ratio":1,"original_scale":0.5153,"top_margin":0.125,"left_margin":0.206},        "horizontal_landscape":{"aspect_ratio":1.6, "original_ratio":1,"original_scale":0.5153,"top_margin":-1,"left_margin":0.456}    },    "mini_freeform_args":{        "vertical_portrait":{"aspect_ratio":0.5625, "original_ratio":0.144},        "horizontal_portrait":{"aspect_ratio":0.5625, "original_ratio":0.144},        "vertical_landscape":{"aspect_ratio":-1, "original_ratio":0.144},        "horizontal_landscape":{"aspect_ratio":-1, "original_ratio":0.144}    }  },  "narrow_default": {    "freeform_args": {        "vertical_portrait":{"aspect_ratio":0.5625, "original_ratio":1,"original_scale":0.7182,"top_margin":0.142,"left_margin":-1},        "horizontal_portrait":{"aspect_ratio":0.8, "original_ratio":1,"original_scale":0.7182,"top_margin":-1,"left_margin":0.05},        "vertical_landscape":{"aspect_ratio":1.6, "original_ratio":0.6545,"original_scale":0.4473,"top_margin":0.142,"left_margin":-1},        "horizontal_landscape":{"aspect_ratio":1.6, "original_ratio":0.6545,"original_scale":0.4473,"top_margin":-1,"left_margin":0.05}    },    "mini_freeform_args":{        "vertical_portrait":{"aspect_ratio":0.5625, "original_ratio":0.3},        "horizontal_portrait":{"aspect_ratio":0.5625, "original_ratio":0.3},        "vertical_landscape":{"aspect_ratio":1.7778, "original_ratio":0.3},        "horizontal_landscape":{"aspect_ratio":1.7778, "original_ratio":0.3}    }  },  "regular_default": {    "freeform_args": {      "vertical_portrait":{"aspect_ratio":0.625, "original_ratio":1,"original_scale":0.7,"top_margin":0.109,"left_margin":-1},      "horizontal_portrait":{"aspect_ratio":0.6667, "original_ratio":1,"original_scale":0.6102,"top_margin":-1,"left_margin":0.026},      "vertical_landscape":{"asp
E/MiuiMultiWindowUtils(15572): initFreeFormResolutionArgs failed, device is lime
D/IS_CTS_MODE(15572): true
D/MULTI_WINDOW_SWITCH_ENABLED(15572): false
D/IS_CTS_MODE(15572): true
D/MULTI_WINDOW_SWITCH_ENABLED(15572): false
D/IS_CTS_MODE(15572): true
D/MULTI_WINDOW_SWITCH_ENABLED(15572): false
D/DecorView[](15572): getWindowModeFromSystem  windowmode is 1
D/DecorView[](15572): getWindowModeFromSystem  windowmode is 1
D/DecorView[](15572): updateDecorCaptionStatus displayWindowDecor is false
W/Looper  (15572): PerfMonitor looperActivity : package=com.example.benchmark_container/.MainActivity time=384ms latency=342ms running=0ms  procState=-1  historyMsgCount=2 (msgIndex=1 wall=384ms seq=4 late=342ms h=android.app.ActivityThread$H w=159) (msgIndex=2 wall=344ms seq=3 h=android.app.ActivityThread$H w=110)
W/Looper  (15572): PerfMonitor looperActivity : package=com.example.benchmark_container/.MainActivity time=1ms latency=722ms running=0ms  procState=-1  historyMsgCount=4 (msgIndex=2 wall=384ms seq=4 late=342ms h=android.app.ActivityThread$H w=159) (msgIndex=3 wall=344ms seq=3 h=android.app.ActivityThread$H w=110) (msgIndex=4 wall=384ms seq=4 late=342ms h=android.app.ActivityThread$H w=159)
D/SurfaceView(15572): UPDATE null, mIsCastMode = false
D/hw-ProcessState(15572): Binder ioctl to enable oneway spam detection failed: Invalid argument
W/Looper  (15572): PerfMonitor longMsg : seq=8 plan=10:09:07.969 late=398ms wall=1809ms running=0ms h=android.view.Choreographer$FrameHandler c=android.view.Choreographer$FrameDisplayEventReceiver procState=-1
W/Looper  (15572): PerfMonitor doFrame : time=1809ms vsyncFrame=0 latency=398ms procState=-1 historyMsgCount=7 (msgIndex=2 wall=384ms seq=4 h=android.app.ActivityThread$H w=159) (msgIndex=3 wall=1809ms seq=8 late=398ms h=android.view.Choreographer$FrameHandler c=android.view.Choreographer$FrameDisplayEventReceiver) (msgIndex=4 wall=384ms seq=4 h=android.app.ActivityThread$H w=159)
I/Choreographer(15572): Skipped 102 frames!  The application may be doing too much work on its main thread.
D/SurfaceView(15572): UPDATE Surface(name=SurfaceView[com.example.benchmark_container/com.example.benchmark_container.MainActivity])/@0x9ac515, mIsProjectionMode = false
W/Looper  (15572): PerfMonitor doFrame : time=2ms vsyncFrame=0 latency=1714ms procState=-1 historyMsgCount=4
[spm]: Connected to Dart VM service.
I/flutter (15572): 00:00 +0: Performance Benchmark
E/hmark_containe(15572): open libmigui.so failed! dlopen - dlopen failed: library "libmigui.so" not found
D/hmark_containe(15572): MiuiProcessManagerServiceStub setSchedFifo
I/MiuiProcessManagerImpl(15572): setSchedFifo pid:15572, mode:3
D/DecorView[](15572): onWindowFocusChanged hasWindowFocus true
D/DecorView[](15572): getWindowModeFromSystem  windowmode is 1
D/DecorView[](15572): updateDecorCaptionStatus displayWindowDecor is false
D/ProfileInstaller(15572): Installing profile for com.example.benchmark_container
[spm]: ProfilerData event received.
I/flutter (15572): [SPM:perf] 698a51a  buildSpan: 719µs
I/flutter (15572): [spm] Performance monitoring completed for 698a51a
[spm]: ProfilerData event received.
I/flutter (15572): [SPM:perf] 698a51a  buildSpan: 788µs
I/flutter (15572): [spm] Performance monitoring completed for 698a51a
[spm]: ProfilerData event received.
I/flutter (15572): [SPM:perf] 698a51a  buildSpan: 674µs
I/flutter (15572): [spm] Performance monitoring completed for 698a51a
[spm]: ProfilerData event received.
I/flutter (15572): [SPM:perf] 698a51a  buildSpan: 817µs
I/flutter (15572): [spm] Performance monitoring completed for 698a51a
[spm]: ProfilerData event received.
I/flutter (15572): [SPM:perf] 698a51a  buildSpan: 704µs
I/flutter (15572): [spm] Performance monitoring completed for 698a51a
[spm]: ProfilerData event received.
I/flutter (15572): [SPM:perf] 698a51a  buildSpan: 750µs
I/flutter (15572): [spm] Performance monitoring completed for 698a51a
[spm]: ProfilerData event received.
I/flutter (15572): [SPM:perf] 698a51a  buildSpan: 691µs
I/flutter (15572): [spm] Performance monitoring completed for 698a51a
[spm]: ProfilerData event received.
I/flutter (15572): [SPM:perf] 698a51a  buildSpan: 704µs
I/flutter (15572): [spm] Performance monitoring completed for 698a51a
[spm]: ProfilerData event received.
I/flutter (15572): [SPM:perf] 698a51a  buildSpan: 786µs
I/flutter (15572): [spm] Performance monitoring completed for 698a51a
[spm]: ProfilerData event received.
I/flutter (15572): [SPM:perf] 698a51a  buildSpan: 759µs
I/flutter (15572): [spm] Performance monitoring completed for 698a51a
[spm]: ProfilerData event received.
I/flutter (15572): [SPM:perf] 698a51a  buildSpan: 686µs
I/flutter (15572): [spm] Performance monitoring completed for 698a51a
[spm]: ProfilerData event received.
I/flutter (15572): [SPM:perf] 698a51a  buildSpan: 698µs
I/flutter (15572): [spm] Performance monitoring completed for 698a51a
[spm]: ProfilerData event received.
I/flutter (15572): [SPM:perf] 698a51a  buildSpan: 719µs
I/flutter (15572): [spm] Performance monitoring completed for 698a51a
[spm]: ProfilerData event received.
I/flutter (15572): [SPM:perf] 698a51a  buildSpan: 715µs
I/flutter (15572): [spm] Performance monitoring completed for 698a51a
[spm]: ProfilerData event received.
I/flutter (15572): [SPM:perf] 698a51a  buildSpan: 692µs
I/flutter (15572): [spm] Performance monitoring completed for 698a51a
[spm]: ProfilerData event received.
I/flutter (15572): [SPM:perf] 698a51a  buildSpan: 709µs
I/flutter (15572): [spm] Performance monitoring completed for 698a51a
[spm]: ProfilerData event received.
I/flutter (15572): [SPM:perf] 698a51a  buildSpan: 742µs
I/flutter (15572): [spm] Performance monitoring completed for 698a51a
[spm]: ProfilerData event received.
I/flutter (15572): [SPM:perf] 698a51a  buildSpan: 777µs
I/flutter (15572): [spm] Performance monitoring completed for 698a51a
I/flutter (15572): [SPM:perf] 698a51a  buildSpan: 722µs
I/flutter (15572): [spm] Performance monitoring completed for 698a51a
[spm]: ProfilerData event received.
[spm]: ProfilerData event received.
I/flutter (15572): [SPM:perf] 698a51a  buildSpan: 722µs
I/flutter (15572): [spm] Performance monitoring completed for 698a51a
[spm]: ProfilerData event received.
I/flutter (15572): [SPM:perf] 698a51a  buildSpan: 684µs
I/flutter (15572): [spm] Performance monitoring completed for 698a51a
[spm]: ProfilerData event received.
I/flutter (15572): [SPM:perf] 698a51a  buildSpan: 706µs
I/flutter (15572): [spm] Performance monitoring completed for 698a51a
[spm]: ProfilerData event received.
I/flutter (15572): [SPM:perf] 698a51a  buildSpan: 715µs
I/flutter (15572): [spm] Performance monitoring completed for 698a51a
[spm]: ProfilerData event received.
I/flutter (15572): [SPM:perf] 698a51a  buildSpan: 830µs
I/flutter (15572): [spm] Performance monitoring completed for 698a51a
I/flutter (15572): [SPM:perf] 698a51a  buildSpan: 743µs
I/flutter (15572): [spm] Performance monitoring completed for 698a51a
[spm]: ProfilerData event received.
[spm]: ProfilerData event received.
I/flutter (15572): [SPM:perf] 698a51a  buildSpan: 688µs
I/flutter (15572): [spm] Performance monitoring completed for 698a51a
[spm]: ProfilerData event received.
I/flutter (15572): [SPM:perf] 698a51a  buildSpan: 721µs
I/flutter (15572): [spm] Performance monitoring completed for 698a51a
I/flutter (15572): [SPM:perf] 698a51a  buildSpan: 711µs
I/flutter (15572): [spm] Performance monitoring completed for 698a51a
[spm]: ProfilerData event received.
[spm]: ProfilerData event received.
I/flutter (15572): [SPM:perf] 698a51a  buildSpan: 712µs
I/flutter (15572): [spm] Performance monitoring completed for 698a51a
[spm]: ProfilerData event received.
I/flutter (15572): [SPM:perf] 698a51a  buildSpan: 742µs
I/flutter (15572): [spm] Performance monitoring completed for 698a51a
I/flutter (15572): 01:10 +1: (tearDownAll)
I/flutter (15572): 01:11 +2: All tests passed!
All tests passed.
[spm]: Saved 30 profiler events to <ROOT>/dataset-new_samples/2039/redmi9t/raw/20260918-090345/rev_004_a0b447fb/e7.jsonl
[spm]: Reverting injection...
17 issues found. (ran in 0.5s)
WARNING: Your Android app project: app located at: <ROOT>/android/app/build.gradle.kts
applies the Kotlin Gradle Plugin, which will cause build failures in future versions of Flutter. 
Please migrate your app to Built-in Kotlin using this guide: https://docs.flutter.dev/release/breaking-changes/migrate-to-built-in-kotlin/for-app-developers

VMServiceFlutterDriver: Connecting to Flutter application at http://127.0.0.1:36155/V7onaFN6KYk=/
[spm]: Detected VM service URI: ws://127.0.0.1:36155/V7onaFN6KYk=/ws
VMServiceFlutterDriver: Isolate found with number: 926571539552747
VMServiceFlutterDriver: Isolate 926571539552747 is runnable.
VMServiceFlutterDriver: Isolate is paused at start.
VMServiceFlutterDriver: Attempting to resume isolate
VMServiceFlutterDriver: Connected to Flutter application.
VMServiceFlutterDriver: request_data message is taking a long time to complete...