# sample_id=2860/rev_002_213f9e67 exec_index=0 ok=True perf_lines=30 vm_events=30 battery_pct=74 soc_temp_millic=38300 battery_temp_c=30.1 charging=False preflight_started=2026-09-14T02:52:13.080961+00:00 started=2026-09-14T02:52:15.912299+00:00 ts=2026-09-14T02:54:15.576819+00:00
[spm]: Running flutter analyze...
Resolving dependencies...
Downloading packages...
  _fe_analyzer_shared 100.0.0 (108.0.0 available)
  analyzer 13.0.0 (14.4.0 available)
  async 2.13.0 (2.13.1 available)
  clock 1.1.2 (1.1.3 available)
  cupertino_icons 1.0.8 (1.0.9 available)
  glob 2.1.3 (2.2.0 available)
  lints 6.0.0 (6.1.0 available)
  matcher 0.12.19 (0.12.20 available)
  material_color_utilities 0.13.0 (0.13.1 available)
  meta 1.18.0 (1.19.0 available)
  package_config 2.2.0 (3.0.0 available)
  platform 3.1.6 (3.2.0 available)
  process 5.0.5 (5.0.6 available)
  pub_semver 2.2.0 (2.2.1 available)
  source_span 1.10.1 (1.10.2 available)
  stack_trace 1.12.1 (1.12.2 available)
  test_api 0.7.11 (0.7.14 available)
  vector_math 2.2.0 (2.4.2 available)
  vm_service 15.0.2 (15.3.0 available)
  webdriver 3.1.0 (3.2.0 available)
  yaml 3.1.3 (3.1.4 available)
Got dependencies!
21 packages have newer versions incompatible with dependency constraints.
Try `flutter pub outdated` for more information.
Analyzing lib...                                                

   info • The part-of directive uses a library name. Try converting the directive to use the URI of the library • lib/dependencies.dart:46:1 • use_string_in_part_of_directives
   info • Library names are not necessary. Remove the library name • lib/generated_widget.dart:2:9 • unnecessary_library_name
   info • Constructors in '@immutable' classes should be declared as 'const'. Try adding 'const' to the constructor declaration • lib/generated_widget.dart:11:3 • prefer_const_constructors_in_immutables

[spm]: Injecting profiler code...
[spm]: Starting app...
Running Gradle task 'assembleProfile'...                        
Running Gradle task 'assembleProfile'...                           20.0s
✓ Built build/app/outputs/flutter-apk/app-profile.apk (26.8MB)
Installing build/app/outputs/flutter-apk/app-profile.apk...      1,283ms
D/DecorView[](10806): getWindowModeFromSystem  windowmode is 1
D/DecorView[](10806): getWindowModeFromSystem  windowmode is 1
D/DecorView[](10806): updateDecorCaptionStatus displayWindowDecor is false
W/Looper  (10806): PerfMonitor looperActivity : package=com.example.benchmark_container/.MainActivity time=377ms latency=382ms running=0ms  procState=-1  historyMsgCount=2 (msgIndex=1 wall=377ms seq=4 late=382ms h=android.app.ActivityThread$H w=159) (msgIndex=2 wall=392ms seq=3 h=android.app.ActivityThread$H w=110)
W/Looper  (10806): PerfMonitor looperActivity : package=com.example.benchmark_container/.MainActivity time=1ms latency=759ms running=0ms  procState=-1  historyMsgCount=4 (msgIndex=2 wall=377ms seq=4 late=382ms h=android.app.ActivityThread$H w=159) (msgIndex=3 wall=392ms seq=3 h=android.app.ActivityThread$H w=110) (msgIndex=4 wall=377ms seq=4 late=382ms h=android.app.ActivityThread$H w=159)
D/SurfaceView(10806): UPDATE null, mIsCastMode = false
D/hw-ProcessState(10806): Binder ioctl to enable oneway spam detection failed: Invalid argument
W/Looper  (10806): PerfMonitor longMsg : seq=8 plan=05:52:52.124 late=398ms wall=1650ms running=0ms h=android.view.Choreographer$FrameHandler c=android.view.Choreographer$FrameDisplayEventReceiver procState=-1
W/Looper  (10806): PerfMonitor doFrame : time=1650ms vsyncFrame=0 latency=398ms procState=-1 historyMsgCount=7 (msgIndex=2 wall=377ms seq=4 h=android.app.ActivityThread$H w=159) (msgIndex=3 wall=1650ms seq=8 late=398ms h=android.view.Choreographer$FrameHandler c=android.view.Choreographer$FrameDisplayEventReceiver) (msgIndex=4 wall=377ms seq=4 h=android.app.ActivityThread$H w=159)
I/Choreographer(10806): Skipped 94 frames!  The application may be doing too much work on its main thread.
D/SurfaceView(10806): UPDATE Surface(name=SurfaceView[com.example.benchmark_container/com.example.benchmark_container.MainActivity])/@0x739554a, mIsProjectionMode = false
W/Looper  (10806): PerfMonitor doFrame : time=3ms vsyncFrame=0 latency=1570ms procState=-1 historyMsgCount=4
[spm]: Connected to Dart VM service.
I/flutter (10806): 00:00 +0: Performance Benchmark
E/hmark_containe(10806): open libmigui.so failed! dlopen - dlopen failed: library "libmigui.so" not found
D/hmark_containe(10806): MiuiProcessManagerServiceStub setSchedFifo
I/MiuiProcessManagerImpl(10806): setSchedFifo pid:10806, mode:3
D/DecorView[](10806): onWindowFocusChanged hasWindowFocus true
D/DecorView[](10806): getWindowModeFromSystem  windowmode is 1
D/DecorView[](10806): updateDecorCaptionStatus displayWindowDecor is false
D/ProfileInstaller(10806): Installing profile for com.example.benchmark_container
[spm]: ProfilerData event received.
I/flutter (10806): [SPM:perf] 698a51a  buildSpan: 3701µs
I/flutter (10806): [spm] Performance monitoring completed for 698a51a
[spm]: ProfilerData event received.
I/flutter (10806): [SPM:perf] 698a51a  buildSpan: 2940µs
I/flutter (10806): [spm] Performance monitoring completed for 698a51a
[spm]: ProfilerData event received.
I/flutter (10806): [SPM:perf] 698a51a  buildSpan: 3285µs
I/flutter (10806): [spm] Performance monitoring completed for 698a51a
[spm]: ProfilerData event received.
I/flutter (10806): [SPM:perf] 698a51a  buildSpan: 3361µs
I/flutter (10806): [spm] Performance monitoring completed for 698a51a
[spm]: ProfilerData event received.
I/flutter (10806): [SPM:perf] 698a51a  buildSpan: 2168µs
I/flutter (10806): [spm] Performance monitoring completed for 698a51a
[spm]: ProfilerData event received.
I/flutter (10806): [SPM:perf] 698a51a  buildSpan: 2941µs
I/flutter (10806): [spm] Performance monitoring completed for 698a51a
[spm]: ProfilerData event received.
I/flutter (10806): [SPM:perf] 698a51a  buildSpan: 2850µs
I/flutter (10806): [spm] Performance monitoring completed for 698a51a
[spm]: ProfilerData event received.
I/flutter (10806): [SPM:perf] 698a51a  buildSpan: 3533µs
I/flutter (10806): [spm] Performance monitoring completed for 698a51a
[spm]: ProfilerData event received.
I/flutter (10806): [SPM:perf] 698a51a  buildSpan: 3308µs
I/flutter (10806): [spm] Performance monitoring completed for 698a51a
[spm]: ProfilerData event received.
I/flutter (10806): [SPM:perf] 698a51a  buildSpan: 3600µs
I/flutter (10806): [spm] Performance monitoring completed for 698a51a
[spm]: ProfilerData event received.
I/flutter (10806): [SPM:perf] 698a51a  buildSpan: 3271µs
I/flutter (10806): [spm] Performance monitoring completed for 698a51a
[spm]: ProfilerData event received.
I/flutter (10806): [SPM:perf] 698a51a  buildSpan: 2283µs
I/flutter (10806): [spm] Performance monitoring completed for 698a51a
[spm]: ProfilerData event received.
I/flutter (10806): [SPM:perf] 698a51a  buildSpan: 3251µs
I/flutter (10806): [spm] Performance monitoring completed for 698a51a
[spm]: ProfilerData event received.
I/flutter (10806): [SPM:perf] 698a51a  buildSpan: 3545µs
I/flutter (10806): [spm] Performance monitoring completed for 698a51a
[spm]: ProfilerData event received.
I/flutter (10806): [SPM:perf] 698a51a  buildSpan: 2748µs
I/flutter (10806): [spm] Performance monitoring completed for 698a51a
[spm]: ProfilerData event received.
I/flutter (10806): [SPM:perf] 698a51a  buildSpan: 3202µs
I/flutter (10806): [spm] Performance monitoring completed for 698a51a
I/flutter (10806): [SPM:perf] 698a51a  buildSpan: 3509µs
I/flutter (10806): [spm] Performance monitoring completed for 698a51a
[spm]: ProfilerData event received.
[spm]: ProfilerData event received.
I/flutter (10806): [SPM:perf] 698a51a  buildSpan: 2966µs
I/flutter (10806): [spm] Performance monitoring completed for 698a51a
[spm]: ProfilerData event received.
I/flutter (10806): [SPM:perf] 698a51a  buildSpan: 2461µs
I/flutter (10806): [spm] Performance monitoring completed for 698a51a
I/flutter (10806): [SPM:perf] 698a51a  buildSpan: 2752µs
I/flutter (10806): [spm] Performance monitoring completed for 698a51a
[spm]: ProfilerData event received.
[spm]: ProfilerData event received.
I/flutter (10806): [SPM:perf] 698a51a  buildSpan: 3297µs
I/flutter (10806): [spm] Performance monitoring completed for 698a51a
I/flutter (10806): [SPM:perf] 698a51a  buildSpan: 3254µs
I/flutter (10806): [spm] Performance monitoring completed for 698a51a
[spm]: ProfilerData event received.
[spm]: ProfilerData event received.
I/flutter (10806): [SPM:perf] 698a51a  buildSpan: 2969µs
I/flutter (10806): [spm] Performance monitoring completed for 698a51a
[spm]: ProfilerData event received.
I/flutter (10806): [SPM:perf] 698a51a  buildSpan: 3260µs
I/flutter (10806): [spm] Performance monitoring completed for 698a51a
[spm]: ProfilerData event received.
I/flutter (10806): [SPM:perf] 698a51a  buildSpan: 2305µs
I/flutter (10806): [spm] Performance monitoring completed for 698a51a
[spm]: ProfilerData event received.
I/flutter (10806): [SPM:perf] 698a51a  buildSpan: 2190µs
I/flutter (10806): [spm] Performance monitoring completed for 698a51a
[spm]: ProfilerData event received.
I/flutter (10806): [SPM:perf] 698a51a  buildSpan: 2885µs
I/flutter (10806): [spm] Performance monitoring completed for 698a51a
[spm]: ProfilerData event received.
I/flutter (10806): [SPM:perf] 698a51a  buildSpan: 2222µs
I/flutter (10806): [spm] Performance monitoring completed for 698a51a
[spm]: ProfilerData event received.
I/flutter (10806): [SPM:perf] 698a51a  buildSpan: 3225µs
I/flutter (10806): [spm] Performance monitoring completed for 698a51a
[spm]: ProfilerData event received.
I/flutter (10806): [SPM:perf] 698a51a  buildSpan: 3510µs
I/flutter (10806): [spm] Performance monitoring completed for 698a51a
I/flutter (10806): 01:10 +1: (tearDownAll)
I/flutter (10806): 01:11 +2: All tests passed!
All tests passed.
[spm]: Saved 30 profiler events to <ROOT>/dataset-new_samples/2860/redmi9t/raw/20260913-233439/rev_002_213f9e67/e0.jsonl
[spm]: Reverting injection...
3 issues found. (ran in 0.6s)
WARNING: Your Android app project: app located at: <ROOT>/android/app/build.gradle.kts
applies the Kotlin Gradle Plugin, which will cause build failures in future versions of Flutter. 
Please migrate your app to Built-in Kotlin using this guide: https://docs.flutter.dev/release/breaking-changes/migrate-to-built-in-kotlin/for-app-developers

VMServiceFlutterDriver: Connecting to Flutter application at http://127.0.0.1:45749/SfHBkPMPpdE=/
[spm]: Detected VM service URI: ws://127.0.0.1:45749/SfHBkPMPpdE=/ws
VMServiceFlutterDriver: Isolate found with number: 6729519111309619
VMServiceFlutterDriver: Isolate 6729519111309619 is runnable.
VMServiceFlutterDriver: Isolate is paused at start.
VMServiceFlutterDriver: Attempting to resume isolate
VMServiceFlutterDriver: Connected to Flutter application.
VMServiceFlutterDriver: request_data message is taking a long time to complete...