# sample_id=2382/rev_015_054b5fbc exec_index=13 ok=True perf_lines=30 vm_events=30 battery_pct=62 soc_temp_millic=37000 battery_temp_c=28.1 charging=False preflight_started=2026-09-19T01:52:30.908063+00:00 started=2026-09-19T01:52:33.592160+00:00 ts=2026-09-19T01:54:29.747906+00:00
[spm]: Running flutter analyze...
Resolving dependencies...
Downloading packages...
  _fe_analyzer_shared 100.0.0 (108.0.0 available)
  analyzer 13.0.0 (14.4.0 available)
  async 2.13.0 (2.13.1 available)
  clock 1.1.2 (1.1.3 available)
  cupertino_icons 1.0.8 (1.0.9 available)
  glob 2.1.3 (2.2.0 available)
  lints 6.0.0 (6.1.0 available)
  matcher 0.12.19 (0.12.20 available)
  material_color_utilities 0.13.0 (0.13.1 available)
  meta 1.18.0 (1.19.0 available)
  package_config 2.2.0 (3.0.0 available)
  platform 3.1.6 (3.2.0 available)
  process 5.0.5 (5.0.6 available)
  pub_semver 2.2.0 (2.2.1 available)
  source_span 1.10.1 (1.10.2 available)
  stack_trace 1.12.1 (1.12.2 available)
  test_api 0.7.11 (0.7.14 available)
  vector_math 2.2.0 (2.4.2 available)
  vm_service 15.0.2 (15.3.0 available)
  webdriver 3.1.0 (3.2.0 available)
  yaml 3.1.3 (3.1.4 available)
Got dependencies!
21 packages have newer versions incompatible with dependency constraints.
Try `flutter pub outdated` for more information.
Analyzing lib...                                                

   info • The part-of directive uses a library name. Try converting the directive to use the URI of the library • lib/dependencies.dart:46:1 • use_string_in_part_of_directives
   info • Library names are not necessary. Remove the library name • lib/generated_widget.dart:2:9 • unnecessary_library_name
   info • Constructors in '@immutable' classes should be declared as 'const'. Try adding 'const' to the constructor declaration • lib/generated_widget.dart:12:3 • prefer_const_constructors_in_immutables

[spm]: Injecting profiler code...
[spm]: Starting app...
Running Gradle task 'assembleProfile'...                        
Running Gradle task 'assembleProfile'...                           18.2s
✓ Built build/app/outputs/flutter-apk/app-profile.apk (26.8MB)
Installing build/app/outputs/flutter-apk/app-profile.apk...      1,213ms
E/MiuiMultiWindowUtils( 7019): initFreeFormResolutionArgs failed, device is lime
D/IS_CTS_MODE( 7019): true
D/MULTI_WINDOW_SWITCH_ENABLED( 7019): false
D/IS_CTS_MODE( 7019): true
D/MULTI_WINDOW_SWITCH_ENABLED( 7019): false
D/IS_CTS_MODE( 7019): true
D/MULTI_WINDOW_SWITCH_ENABLED( 7019): false
D/DecorView[]( 7019): getWindowModeFromSystem  windowmode is 1
I/ForceDarkHelperStubImpl( 7019): setViewRootImplForceDark: false for com.example.benchmark_container.MainActivity@14bb04, reason: AppDarkModeEnable
I/ForceDarkHelperStubImpl( 7019): setViewRootImplForceDark: false for com.example.benchmark_container.MainActivity@14bb04, reason: AppDarkModeEnable
D/DecorView[]( 7019): getWindowModeFromSystem  windowmode is 1
D/DecorView[]( 7019): updateDecorCaptionStatus displayWindowDecor is false
W/Looper  ( 7019): PerfMonitor looperActivity : package=com.example.benchmark_container/.MainActivity time=394ms latency=362ms running=0ms  procState=-1  historyMsgCount=3 (msgIndex=3 wall=356ms seq=3 h=android.app.ActivityThread$H w=110)
W/Looper  ( 7019): PerfMonitor looperActivity : package=com.example.benchmark_container/.MainActivity time=1ms latency=758ms running=0ms  procState=-1  historyMsgCount=4 (msgIndex=3 wall=356ms seq=3 h=android.app.ActivityThread$H w=110) (msgIndex=4 wall=394ms seq=4 late=362ms h=android.app.ActivityThread$H w=159)
D/SurfaceView( 7019): UPDATE null, mIsCastMode = false
D/hw-ProcessState( 7019): Binder ioctl to enable oneway spam detection failed: Invalid argument
W/Looper  ( 7019): PerfMonitor longMsg : seq=8 plan=04:53:06.856 late=415ms wall=1854ms running=0ms h=android.view.Choreographer$FrameHandler c=android.view.Choreographer$FrameDisplayEventReceiver procState=-1
W/Looper  ( 7019): PerfMonitor doFrame : time=1854ms vsyncFrame=0 latency=415ms procState=-1 historyMsgCount=7 (msgIndex=3 wall=1854ms seq=8 late=415ms h=android.view.Choreographer$FrameHandler c=android.view.Choreographer$FrameDisplayEventReceiver) (msgIndex=4 wall=394ms seq=4 h=android.app.ActivityThread$H w=159)
I/Choreographer( 7019): Skipped 106 frames!  The application may be doing too much work on its main thread.
D/SurfaceView( 7019): UPDATE Surface(name=SurfaceView[com.example.benchmark_container/com.example.benchmark_container.MainActivity])/@0xd30802a, mIsProjectionMode = false
W/Looper  ( 7019): PerfMonitor doFrame : time=3ms vsyncFrame=0 latency=1776ms procState=-1 historyMsgCount=4
[spm]: Connected to Dart VM service.
I/flutter ( 7019): 00:00 +0: Performance Benchmark
E/hmark_containe( 7019): open libmigui.so failed! dlopen - dlopen failed: library "libmigui.so" not found
D/hmark_containe( 7019): MiuiProcessManagerServiceStub setSchedFifo
I/MiuiProcessManagerImpl( 7019): setSchedFifo pid:7019, mode:3
D/DecorView[]( 7019): onWindowFocusChanged hasWindowFocus true
D/DecorView[]( 7019): getWindowModeFromSystem  windowmode is 1
D/DecorView[]( 7019): updateDecorCaptionStatus displayWindowDecor is false
D/ProfileInstaller( 7019): Installing profile for com.example.benchmark_container
[spm]: ProfilerData event received.
I/flutter ( 7019): [SPM:perf] 698a51a  buildSpan: 2087µs
I/flutter ( 7019): [spm] Performance monitoring completed for 698a51a
[spm]: ProfilerData event received.
I/flutter ( 7019): [SPM:perf] 698a51a  buildSpan: 2453µs
I/flutter ( 7019): [spm] Performance monitoring completed for 698a51a
[spm]: ProfilerData event received.
I/flutter ( 7019): [SPM:perf] 698a51a  buildSpan: 1928µs
I/flutter ( 7019): [spm] Performance monitoring completed for 698a51a
[spm]: ProfilerData event received.
I/flutter ( 7019): [SPM:perf] 698a51a  buildSpan: 1564µs
I/flutter ( 7019): [spm] Performance monitoring completed for 698a51a
[spm]: ProfilerData event received.
I/flutter ( 7019): [SPM:perf] 698a51a  buildSpan: 2019µs
I/flutter ( 7019): [spm] Performance monitoring completed for 698a51a
[spm]: ProfilerData event received.
I/flutter ( 7019): [SPM:perf] 698a51a  buildSpan: 1965µs
I/flutter ( 7019): [spm] Performance monitoring completed for 698a51a
I/flutter ( 7019): [SPM:perf] 698a51a  buildSpan: 2034µs
I/flutter ( 7019): [spm] Performance monitoring completed for 698a51a
[spm]: ProfilerData event received.
[spm]: ProfilerData event received.
I/flutter ( 7019): [SPM:perf] 698a51a  buildSpan: 2051µs
I/flutter ( 7019): [spm] Performance monitoring completed for 698a51a
[spm]: ProfilerData event received.
I/flutter ( 7019): [SPM:perf] 698a51a  buildSpan: 2264µs
I/flutter ( 7019): [spm] Performance monitoring completed for 698a51a
I/flutter ( 7019): [SPM:perf] 698a51a  buildSpan: 2077µs
I/flutter ( 7019): [spm] Performance monitoring completed for 698a51a
[spm]: ProfilerData event received.
[spm]: ProfilerData event received.
I/flutter ( 7019): [SPM:perf] 698a51a  buildSpan: 2101µs
I/flutter ( 7019): [spm] Performance monitoring completed for 698a51a
[spm]: ProfilerData event received.
I/flutter ( 7019): [SPM:perf] 698a51a  buildSpan: 2244µs
I/flutter ( 7019): [spm] Performance monitoring completed for 698a51a
[spm]: ProfilerData event received.
I/flutter ( 7019): [SPM:perf] 698a51a  buildSpan: 2199µs
I/flutter ( 7019): [spm] Performance monitoring completed for 698a51a
I/flutter ( 7019): [SPM:perf] 698a51a  buildSpan: 2237µs
[spm]: ProfilerData event received.
I/flutter ( 7019): [spm] Performance monitoring completed for 698a51a
[spm]: ProfilerData event received.
I/flutter ( 7019): [SPM:perf] 698a51a  buildSpan: 2026µs
I/flutter ( 7019): [spm] Performance monitoring completed for 698a51a
[spm]: ProfilerData event received.
I/flutter ( 7019): [SPM:perf] 698a51a  buildSpan: 1957µs
I/flutter ( 7019): [spm] Performance monitoring completed for 698a51a
[spm]: ProfilerData event received.
I/flutter ( 7019): [SPM:perf] 698a51a  buildSpan: 2066µs
I/flutter ( 7019): [spm] Performance monitoring completed for 698a51a
[spm]: ProfilerData event received.
I/flutter ( 7019): [SPM:perf] 698a51a  buildSpan: 2009µs
I/flutter ( 7019): [spm] Performance monitoring completed for 698a51a
[spm]: ProfilerData event received.
I/flutter ( 7019): [SPM:perf] 698a51a  buildSpan: 2010µs
I/flutter ( 7019): [spm] Performance monitoring completed for 698a51a
[spm]: ProfilerData event received.
I/flutter ( 7019): [SPM:perf] 698a51a  buildSpan: 2002µs
I/flutter ( 7019): [spm] Performance monitoring completed for 698a51a
[spm]: ProfilerData event received.
I/flutter ( 7019): [SPM:perf] 698a51a  buildSpan: 2161µs
I/flutter ( 7019): [spm] Performance monitoring completed for 698a51a
[spm]: ProfilerData event received.
I/flutter ( 7019): [SPM:perf] 698a51a  buildSpan: 1972µs
I/flutter ( 7019): [spm] Performance monitoring completed for 698a51a
I/flutter ( 7019): [SPM:perf] 698a51a  buildSpan: 2244µs
I/flutter ( 7019): [spm] Performance monitoring completed for 698a51a
[spm]: ProfilerData event received.
[spm]: ProfilerData event received.
I/flutter ( 7019): [SPM:perf] 698a51a  buildSpan: 2206µs
I/flutter ( 7019): [spm] Performance monitoring completed for 698a51a
I/flutter ( 7019): [SPM:perf] 698a51a  buildSpan: 2047µs
I/flutter ( 7019): [spm] Performance monitoring completed for 698a51a
[spm]: ProfilerData event received.
I/flutter ( 7019): [SPM:perf] 698a51a  buildSpan: 2039µs
I/flutter ( 7019): [spm] Performance monitoring completed for 698a51a
[spm]: ProfilerData event received.
[spm]: ProfilerData event received.
I/flutter ( 7019): [SPM:perf] 698a51a  buildSpan: 3119µs
I/flutter ( 7019): [spm] Performance monitoring completed for 698a51a
I/flutter ( 7019): [SPM:perf] 698a51a  buildSpan: 1984µs
I/flutter ( 7019): [spm] Performance monitoring completed for 698a51a
[spm]: ProfilerData event received.
I/flutter ( 7019): [SPM:perf] 698a51a  buildSpan: 2073µs
[spm]: ProfilerData event received.
I/flutter ( 7019): [spm] Performance monitoring completed for 698a51a
[spm]: ProfilerData event received.
I/flutter ( 7019): [SPM:perf] 698a51a  buildSpan: 1777µs
I/flutter ( 7019): [spm] Performance monitoring completed for 698a51a
I/flutter ( 7019): 01:10 +1: (tearDownAll)
I/flutter ( 7019): 01:11 +2: All tests passed!
All tests passed.
[spm]: Saved 30 profiler events to <ROOT>/dataset-new_samples/2382/redmi9t/raw/20260918-150519/rev_015_054b5fbc/e13.jsonl
[spm]: Reverting injection...
3 issues found. (ran in 0.6s)
WARNING: Your Android app project: app located at: <ROOT>/android/app/build.gradle.kts
applies the Kotlin Gradle Plugin, which will cause build failures in future versions of Flutter. 
Please migrate your app to Built-in Kotlin using this guide: https://docs.flutter.dev/release/breaking-changes/migrate-to-built-in-kotlin/for-app-developers

VMServiceFlutterDriver: Connecting to Flutter application at http://127.0.0.1:34535/35azMhDQTuI=/
[spm]: Detected VM service URI: ws://127.0.0.1:34535/35azMhDQTuI=/ws
VMServiceFlutterDriver: Isolate found with number: 6744159292072451
VMServiceFlutterDriver: Isolate 6744159292072451 is runnable.
VMServiceFlutterDriver: Isolate is paused at start.
VMServiceFlutterDriver: Attempting to resume isolate
VMServiceFlutterDriver: Connected to Flutter application.
VMServiceFlutterDriver: request_data message is taking a long time to complete...