# sample_id=0349/rev_003_2b387dd1 exec_index=7 ok=True perf_lines=30 vm_events=30 battery_pct=51 soc_temp_millic=38300 battery_temp_c=32.0 charging=False preflight_started=2026-09-10T13:36:13.077011+00:00 started=2026-09-10T13:36:15.862321+00:00 ts=2026-09-10T13:38:18.118380+00:00
[spm]: Running flutter analyze...
Analyzing lib...                                                

   info • The part-of directive uses a library name. Try converting the directive to use the URI of the library • lib/dependencies.dart:46:1 • use_string_in_part_of_directives
   info • The variable name 'EEEE' isn't a lowerCamelCase identifier. Try changing the name to follow the lowerCamelCase style • lib/dependencies.dart:164:14 • non_constant_identifier_names
   info • The variable name 'EEEEE' isn't a lowerCamelCase identifier. Try changing the name to follow the lowerCamelCase style • lib/dependencies.dart:165:14 • non_constant_identifier_names
   info • The variable name 'LLL' isn't a lowerCamelCase identifier. Try changing the name to follow the lowerCamelCase style • lib/dependencies.dart:166:14 • non_constant_identifier_names
   info • The variable name 'LLLL' isn't a lowerCamelCase identifier. Try changing the name to follow the lowerCamelCase style • lib/dependencies.dart:167:14 • non_constant_identifier_names
   info • The variable name 'Md' isn't a lowerCamelCase identifier. Try changing the name to follow the lowerCamelCase style • lib/dependencies.dart:169:14 • non_constant_identifier_names
   info • The variable name 'MEd' isn't a lowerCamelCase identifier. Try changing the name to follow the lowerCamelCase style • lib/dependencies.dart:170:14 • non_constant_identifier_names
   info • The variable name 'MMM' isn't a lowerCamelCase identifier. Try changing the name to follow the lowerCamelCase style • lib/dependencies.dart:171:14 • non_constant_identifier_names
   info • The variable name 'MMMd' isn't a lowerCamelCase identifier. Try changing the name to follow the lowerCamelCase style • lib/dependencies.dart:172:14 • non_constant_identifier_names
   info • The variable name 'MMMEd' isn't a lowerCamelCase identifier. Try changing the name to follow the lowerCamelCase style • lib/dependencies.dart:173:14 • non_constant_identifier_names
   info • The variable name 'MMMM' isn't a lowerCamelCase identifier. Try changing the name to follow the lowerCamelCase style • lib/dependencies.dart:174:14 • non_constant_identifier_names
   info • The variable name 'MMMMd' isn't a lowerCamelCase identifier. Try changing the name to follow the lowerCamelCase style • lib/dependencies.dart:175:14 • non_constant_identifier_names
   info • The variable name 'MMMMEEEEd' isn't a lowerCamelCase identifier. Try changing the name to follow the lowerCamelCase style • lib/dependencies.dart:176:14 • non_constant_identifier_names
   info • The variable name 'QQQ' isn't a lowerCamelCase identifier. Try changing the name to follow the lowerCamelCase style • lib/dependencies.dart:177:14 • non_constant_identifier_names
   info • The variable name 'QQQQ' isn't a lowerCamelCase identifier. Try changing the name to follow the lowerCamelCase style • lib/dependencies.dart:178:14 • non_constant_identifier_names
   info • The variable name 'Hm' isn't a lowerCamelCase identifier. Try changing the name to follow the lowerCamelCase style • lib/dependencies.dart:192:14 • non_constant_identifier_names
   info • The variable name 'Hms' isn't a lowerCamelCase identifier. Try changing the name to follow the lowerCamelCase style • lib/dependencies.dart:193:14 • non_constant_identifier_names
   info • Library names are not necessary. Remove the library name • lib/generated_widget.dart:2:9 • unnecessary_library_name
   info • 'withOpacity' is deprecated and shouldn't be used. Use .withValues() to avoid precision loss. Try replacing the use of the deprecated member with the replacement • lib/generated_widget.dart:64:35 • deprecated_member_use
   info • 'withOpacity' is deprecated and shouldn't be used. Use .withValues() to avoid precision loss. Try replacing the use of the deprecated member with the replacement • lib/generated_widget.dart:164:44 • deprecated_member_use

[spm]: Injecting profiler code...
[spm]: Starting app...
Running Gradle task 'assembleProfile'...                        
Running Gradle task 'assembleProfile'...                           20.6s
✓ Built build/app/outputs/flutter-apk/app-profile.apk (26.8MB)
Installing build/app/outputs/flutter-apk/app-profile.apk...      1,288ms
D/SurfaceView( 3010): UPDATE null, mIsCastMode = false
D/hw-ProcessState( 3010): Binder ioctl to enable oneway spam detection failed: Invalid argument
W/Looper  ( 3010): PerfMonitor longMsg : seq=8 plan=16:36:53.698 late=364ms wall=1665ms running=0ms h=android.view.Choreographer$FrameHandler c=android.view.Choreographer$FrameDisplayEventReceiver procState=-1
W/Looper  ( 3010): PerfMonitor doFrame : time=1665ms vsyncFrame=0 latency=364ms procState=-1 historyMsgCount=4 (msgIndex=1 wall=1665ms seq=8 late=364ms h=android.view.Choreographer$FrameHandler c=android.view.Choreographer$FrameDisplayEventReceiver)
I/Choreographer( 3010): Skipped 95 frames!  The application may be doing too much work on its main thread.
D/SurfaceView( 3010): UPDATE Surface(name=SurfaceView[com.example.benchmark_container/com.example.benchmark_container.MainActivity])/@0xca20cbb, mIsProjectionMode = false
W/Looper  ( 3010): PerfMonitor doFrame : time=3ms vsyncFrame=0 latency=1590ms procState=-1 historyMsgCount=4
[spm]: Connected to Dart VM service.
I/flutter ( 3010): 00:00 +0: Performance Benchmark
E/hmark_containe( 3010): open libmigui.so failed! dlopen - dlopen failed: library "libmigui.so" not found
D/hmark_containe( 3010): MiuiProcessManagerServiceStub setSchedFifo
I/MiuiProcessManagerImpl( 3010): setSchedFifo pid:3010, mode:3
D/DecorView[]( 3010): onWindowFocusChanged hasWindowFocus true
D/DecorView[]( 3010): getWindowModeFromSystem  windowmode is 1
D/DecorView[]( 3010): updateDecorCaptionStatus displayWindowDecor is false
D/ProfileInstaller( 3010): Installing profile for com.example.benchmark_container
[spm]: ProfilerData event received.
I/flutter ( 3010): [SPM:perf] 698a51a  buildSpan: 4850µs
I/flutter ( 3010): [spm] Performance monitoring completed for 698a51a
[spm]: ProfilerData event received.
I/flutter ( 3010): [SPM:perf] 698a51a  buildSpan: 2934µs
I/flutter ( 3010): [spm] Performance monitoring completed for 698a51a
[spm]: ProfilerData event received.
I/flutter ( 3010): [SPM:perf] 698a51a  buildSpan: 4187µs
I/flutter ( 3010): [spm] Performance monitoring completed for 698a51a
[spm]: ProfilerData event received.
I/flutter ( 3010): [SPM:perf] 698a51a  buildSpan: 4299µs
I/flutter ( 3010): [spm] Performance monitoring completed for 698a51a
[spm]: ProfilerData event received.
I/flutter ( 3010): [SPM:perf] 698a51a  buildSpan: 4328µs
I/flutter ( 3010): [spm] Performance monitoring completed for 698a51a
[spm]: ProfilerData event received.
I/flutter ( 3010): [SPM:perf] 698a51a  buildSpan: 4396µs
I/flutter ( 3010): [spm] Performance monitoring completed for 698a51a
[spm]: ProfilerData event received.
I/flutter ( 3010): [SPM:perf] 698a51a  buildSpan: 2934µs
I/flutter ( 3010): [spm] Performance monitoring completed for 698a51a
[spm]: ProfilerData event received.
I/flutter ( 3010): [SPM:perf] 698a51a  buildSpan: 3397µs
I/flutter ( 3010): [spm] Performance monitoring completed for 698a51a
[spm]: ProfilerData event received.
I/flutter ( 3010): [SPM:perf] 698a51a  buildSpan: 4352µs
I/flutter ( 3010): [spm] Performance monitoring completed for 698a51a
[spm]: ProfilerData event received.
I/flutter ( 3010): [SPM:perf] 698a51a  buildSpan: 4345µs
I/flutter ( 3010): [spm] Performance monitoring completed for 698a51a
[spm]: ProfilerData event received.
I/flutter ( 3010): [SPM:perf] 698a51a  buildSpan: 4050µs
I/flutter ( 3010): [spm] Performance monitoring completed for 698a51a
[spm]: ProfilerData event received.
I/flutter ( 3010): [SPM:perf] 698a51a  buildSpan: 4347µs
I/flutter ( 3010): [spm] Performance monitoring completed for 698a51a
[spm]: ProfilerData event received.
I/flutter ( 3010): [SPM:perf] 698a51a  buildSpan: 4277µs
I/flutter ( 3010): [spm] Performance monitoring completed for 698a51a
[spm]: ProfilerData event received.
I/flutter ( 3010): [SPM:perf] 698a51a  buildSpan: 4477µs
I/flutter ( 3010): [spm] Performance monitoring completed for 698a51a
[spm]: ProfilerData event received.
I/flutter ( 3010): [SPM:perf] 698a51a  buildSpan: 4230µs
I/flutter ( 3010): [spm] Performance monitoring completed for 698a51a
[spm]: ProfilerData event received.
I/flutter ( 3010): [SPM:perf] 698a51a  buildSpan: 4266µs
I/flutter ( 3010): [spm] Performance monitoring completed for 698a51a
I/flutter ( 3010): [SPM:perf] 698a51a  buildSpan: 3670µs
I/flutter ( 3010): [spm] Performance monitoring completed for 698a51a
[spm]: ProfilerData event received.
[spm]: ProfilerData event received.
I/flutter ( 3010): [SPM:perf] 698a51a  buildSpan: 3823µs
I/flutter ( 3010): [spm] Performance monitoring completed for 698a51a
[spm]: ProfilerData event received.
I/flutter ( 3010): [SPM:perf] 698a51a  buildSpan: 4249µs
I/flutter ( 3010): [spm] Performance monitoring completed for 698a51a
[spm]: ProfilerData event received.
I/flutter ( 3010): [SPM:perf] 698a51a  buildSpan: 4422µs
I/flutter ( 3010): [spm] Performance monitoring completed for 698a51a
[spm]: ProfilerData event received.
I/flutter ( 3010): [SPM:perf] 698a51a  buildSpan: 4102µs
I/flutter ( 3010): [spm] Performance monitoring completed for 698a51a
[spm]: ProfilerData event received.
I/flutter ( 3010): [SPM:perf] 698a51a  buildSpan: 3389µs
I/flutter ( 3010): [spm] Performance monitoring completed for 698a51a
[spm]: ProfilerData event received.
I/flutter ( 3010): [SPM:perf] 698a51a  buildSpan: 3120µs
I/flutter ( 3010): [spm] Performance monitoring completed for 698a51a
[spm]: ProfilerData event received.
I/flutter ( 3010): [SPM:perf] 698a51a  buildSpan: 4631µs
I/flutter ( 3010): [spm] Performance monitoring completed for 698a51a
I/flutter ( 3010): [SPM:perf] 698a51a  buildSpan: 4195µs
I/flutter ( 3010): [spm] Performance monitoring completed for 698a51a
[spm]: ProfilerData event received.
[spm]: ProfilerData event received.
I/flutter ( 3010): [SPM:perf] 698a51a  buildSpan: 4487µs
I/flutter ( 3010): [spm] Performance monitoring completed for 698a51a
[spm]: ProfilerData event received.
I/flutter ( 3010): [SPM:perf] 698a51a  buildSpan: 4932µs
I/flutter ( 3010): [spm] Performance monitoring completed for 698a51a
[spm]: ProfilerData event received.
I/flutter ( 3010): [SPM:perf] 698a51a  buildSpan: 4393µs
I/flutter ( 3010): [spm] Performance monitoring completed for 698a51a
[spm]: ProfilerData event received.
I/flutter ( 3010): [SPM:perf] 698a51a  buildSpan: 4095µs
I/flutter ( 3010): [spm] Performance monitoring completed for 698a51a
[spm]: ProfilerData event received.
I/flutter ( 3010): [SPM:perf] 698a51a  buildSpan: 4237µs
I/flutter ( 3010): [spm] Performance monitoring completed for 698a51a
I/flutter ( 3010): 01:10 +1: (tearDownAll)
I/flutter ( 3010): 01:11 +2: All tests passed!
All tests passed.
[spm]: Saved 30 profiler events to <ROOT>/dataset-new_samples/0349/redmi9t/raw/20260910-150350/rev_003_2b387dd1/e7.jsonl
[spm]: Reverting injection...
20 issues found. (ran in 0.6s)
WARNING: Your Android app project: app located at: <ROOT>/android/app/build.gradle.kts
applies the Kotlin Gradle Plugin, which will cause build failures in future versions of Flutter. 
Please migrate your app to Built-in Kotlin using this guide: https://docs.flutter.dev/release/breaking-changes/migrate-to-built-in-kotlin/for-app-developers

VMServiceFlutterDriver: Connecting to Flutter application at http://127.0.0.1:36309/H7hcDfYxT4o=/
[spm]: Detected VM service URI: ws://127.0.0.1:36309/H7hcDfYxT4o=/ws
VMServiceFlutterDriver: Isolate found with number: 2153828530837863
VMServiceFlutterDriver: Isolate 2153828530837863 is runnable.
VMServiceFlutterDriver: Isolate is paused at start.
VMServiceFlutterDriver: Attempting to resume isolate
VMServiceFlutterDriver: Connected to Flutter application.
VMServiceFlutterDriver: request_data message is taking a long time to complete...