# sample_id=0344/rev_006_972e1f89 exec_index=14 ok=True perf_lines=30 vm_events=30 battery_pct=59 soc_temp_millic=43900 battery_temp_c=31.4 charging=False preflight_started=2026-09-09T19:11:00.279271+00:00 started=2026-09-09T19:11:02.654681+00:00 ts=2026-09-09T19:13:10.660917+00:00
[spm]: Running flutter analyze...
Analyzing lib...                                                

   info • The part-of directive uses a library name. Try converting the directive to use the URI of the library • lib/dependencies.dart:46:1 • use_string_in_part_of_directives
   info • The variable name 'EEEE' isn't a lowerCamelCase identifier. Try changing the name to follow the lowerCamelCase style • lib/dependencies.dart:104:14 • non_constant_identifier_names
   info • The variable name 'EEEEE' isn't a lowerCamelCase identifier. Try changing the name to follow the lowerCamelCase style • lib/dependencies.dart:105:14 • non_constant_identifier_names
   info • The variable name 'LLL' isn't a lowerCamelCase identifier. Try changing the name to follow the lowerCamelCase style • lib/dependencies.dart:106:14 • non_constant_identifier_names
   info • The variable name 'LLLL' isn't a lowerCamelCase identifier. Try changing the name to follow the lowerCamelCase style • lib/dependencies.dart:107:14 • non_constant_identifier_names
   info • The variable name 'Md' isn't a lowerCamelCase identifier. Try changing the name to follow the lowerCamelCase style • lib/dependencies.dart:109:14 • non_constant_identifier_names
   info • The variable name 'MEd' isn't a lowerCamelCase identifier. Try changing the name to follow the lowerCamelCase style • lib/dependencies.dart:110:14 • non_constant_identifier_names
   info • The variable name 'MMM' isn't a lowerCamelCase identifier. Try changing the name to follow the lowerCamelCase style • lib/dependencies.dart:111:14 • non_constant_identifier_names
   info • The variable name 'MMMd' isn't a lowerCamelCase identifier. Try changing the name to follow the lowerCamelCase style • lib/dependencies.dart:112:14 • non_constant_identifier_names
   info • The variable name 'MMMEd' isn't a lowerCamelCase identifier. Try changing the name to follow the lowerCamelCase style • lib/dependencies.dart:113:14 • non_constant_identifier_names
   info • The variable name 'MMMM' isn't a lowerCamelCase identifier. Try changing the name to follow the lowerCamelCase style • lib/dependencies.dart:114:14 • non_constant_identifier_names
   info • The variable name 'MMMMd' isn't a lowerCamelCase identifier. Try changing the name to follow the lowerCamelCase style • lib/dependencies.dart:115:14 • non_constant_identifier_names
   info • The variable name 'MMMMEEEEd' isn't a lowerCamelCase identifier. Try changing the name to follow the lowerCamelCase style • lib/dependencies.dart:116:14 • non_constant_identifier_names
   info • The variable name 'QQQ' isn't a lowerCamelCase identifier. Try changing the name to follow the lowerCamelCase style • lib/dependencies.dart:117:14 • non_constant_identifier_names
   info • The variable name 'QQQQ' isn't a lowerCamelCase identifier. Try changing the name to follow the lowerCamelCase style • lib/dependencies.dart:118:14 • non_constant_identifier_names
   info • The variable name 'Hm' isn't a lowerCamelCase identifier. Try changing the name to follow the lowerCamelCase style • lib/dependencies.dart:133:14 • non_constant_identifier_names
   info • The variable name 'Hms' isn't a lowerCamelCase identifier. Try changing the name to follow the lowerCamelCase style • lib/dependencies.dart:134:14 • non_constant_identifier_names
   info • Library names are not necessary. Remove the library name • lib/generated_widget.dart:2:9 • unnecessary_library_name
   info • Constructors in '@immutable' classes should be declared as 'const'. Try adding 'const' to the constructor declaration • lib/generated_widget.dart:11:3 • prefer_const_constructors_in_immutables
   info • 'withOpacity' is deprecated and shouldn't be used. Use .withValues() to avoid precision loss. Try replacing the use of the deprecated member with the replacement • lib/generated_widget.dart:101:42 • deprecated_member_use

[spm]: Injecting profiler code...
[spm]: Starting app...
Running Gradle task 'assembleProfile'...                        
Running Gradle task 'assembleProfile'...                           24.0s
✓ Built build/app/outputs/flutter-apk/app-profile.apk (26.8MB)
Installing build/app/outputs/flutter-apk/app-profile.apk...        971ms
W/Looper  (18236): PerfMonitor looperActivity : package=com.example.benchmark_container/.MainActivity time=413ms latency=395ms running=0ms  procState=-1  historyMsgCount=3 (msgIndex=1 wall=413ms seq=4 late=395ms h=android.app.ActivityThread$H w=159) (msgIndex=3 wall=395ms seq=3 h=android.app.ActivityThread$H w=110)
W/Looper  (18236): PerfMonitor looperActivity : package=com.example.benchmark_container/.MainActivity time=1ms latency=810ms running=0ms  procState=-1  historyMsgCount=4 (msgIndex=1 wall=413ms seq=4 late=395ms h=android.app.ActivityThread$H w=159) (msgIndex=3 wall=395ms seq=3 h=android.app.ActivityThread$H w=110) (msgIndex=4 wall=413ms seq=4 late=395ms h=android.app.ActivityThread$H w=159)
D/SurfaceView(18236): UPDATE null, mIsCastMode = false
D/hw-ProcessState(18236): Binder ioctl to enable oneway spam detection failed: Invalid argument
W/Looper  (18236): PerfMonitor longMsg : seq=8 plan=22:11:45.431 late=423ms wall=1699ms running=0ms h=android.view.Choreographer$FrameHandler c=android.view.Choreographer$FrameDisplayEventReceiver procState=-1
W/Looper  (18236): PerfMonitor doFrame : time=1699ms vsyncFrame=0 latency=423ms procState=-1 historyMsgCount=7 (msgIndex=1 wall=413ms seq=4 h=android.app.ActivityThread$H w=159) (msgIndex=3 wall=1699ms seq=8 late=423ms h=android.view.Choreographer$FrameHandler c=android.view.Choreographer$FrameDisplayEventReceiver) (msgIndex=4 wall=413ms seq=4 h=android.app.ActivityThread$H w=159)
I/Choreographer(18236): Skipped 96 frames!  The application may be doing too much work on its main thread.
D/SurfaceView(18236): UPDATE Surface(name=SurfaceView[com.example.benchmark_container/com.example.benchmark_container.MainActivity])/@0xca20cbb, mIsProjectionMode = false
W/Looper  (18236): PerfMonitor doFrame : time=2ms vsyncFrame=0 latency=1613ms procState=-1 historyMsgCount=4
[spm]: Connected to Dart VM service.
I/flutter (18236): 00:00 +0: Performance Benchmark
E/hmark_containe(18236): open libmigui.so failed! dlopen - dlopen failed: library "libmigui.so" not found
D/hmark_containe(18236): MiuiProcessManagerServiceStub setSchedFifo
I/MiuiProcessManagerImpl(18236): setSchedFifo pid:18236, mode:3
D/DecorView[](18236): onWindowFocusChanged hasWindowFocus true
D/DecorView[](18236): getWindowModeFromSystem  windowmode is 1
D/DecorView[](18236): updateDecorCaptionStatus displayWindowDecor is false
D/ProfileInstaller(18236): Installing profile for com.example.benchmark_container
[spm]: ProfilerData event received.
I/flutter (18236): [SPM:perf] 698a51a  buildSpan: 14106µs
I/flutter (18236): [spm] Performance monitoring completed for 698a51a
[spm]: ProfilerData event received.
I/flutter (18236): [SPM:perf] 698a51a  buildSpan: 3430µs
I/flutter (18236): [spm] Performance monitoring completed for 698a51a
[spm]: ProfilerData event received.
I/flutter (18236): [SPM:perf] 698a51a  buildSpan: 3672µs
I/flutter (18236): [spm] Performance monitoring completed for 698a51a
[spm]: ProfilerData event received.
I/flutter (18236): [SPM:perf] 698a51a  buildSpan: 3566µs
I/flutter (18236): [spm] Performance monitoring completed for 698a51a
[spm]: ProfilerData event received.
I/flutter (18236): [SPM:perf] 698a51a  buildSpan: 3346µs
I/flutter (18236): [spm] Performance monitoring completed for 698a51a
[spm]: ProfilerData event received.
I/flutter (18236): [SPM:perf] 698a51a  buildSpan: 4252µs
I/flutter (18236): [spm] Performance monitoring completed for 698a51a
[spm]: ProfilerData event received.
I/flutter (18236): [SPM:perf] 698a51a  buildSpan: 3657µs
I/flutter (18236): [spm] Performance monitoring completed for 698a51a
[spm]: ProfilerData event received.
I/flutter (18236): [SPM:perf] 698a51a  buildSpan: 3330µs
I/flutter (18236): [spm] Performance monitoring completed for 698a51a
[spm]: ProfilerData event received.
I/flutter (18236): [SPM:perf] 698a51a  buildSpan: 3357µs
I/flutter (18236): [spm] Performance monitoring completed for 698a51a
[spm]: ProfilerData event received.
I/flutter (18236): [SPM:perf] 698a51a  buildSpan: 3445µs
I/flutter (18236): [spm] Performance monitoring completed for 698a51a
[spm]: ProfilerData event received.
I/flutter (18236): [SPM:perf] 698a51a  buildSpan: 3534µs
I/flutter (18236): [spm] Performance monitoring completed for 698a51a
[spm]: ProfilerData event received.
I/flutter (18236): [SPM:perf] 698a51a  buildSpan: 3336µs
I/flutter (18236): [spm] Performance monitoring completed for 698a51a
[spm]: ProfilerData event received.
I/flutter (18236): [SPM:perf] 698a51a  buildSpan: 3368µs
I/flutter (18236): [spm] Performance monitoring completed for 698a51a
[spm]: ProfilerData event received.
I/flutter (18236): [SPM:perf] 698a51a  buildSpan: 3978µs
I/flutter (18236): [spm] Performance monitoring completed for 698a51a
[spm]: ProfilerData event received.
I/flutter (18236): [SPM:perf] 698a51a  buildSpan: 4600µs
I/flutter (18236): [spm] Performance monitoring completed for 698a51a
[spm]: ProfilerData event received.
I/flutter (18236): [SPM:perf] 698a51a  buildSpan: 3912µs
I/flutter (18236): [spm] Performance monitoring completed for 698a51a
[spm]: ProfilerData event received.
I/flutter (18236): [SPM:perf] 698a51a  buildSpan: 3383µs
I/flutter (18236): [spm] Performance monitoring completed for 698a51a
[spm]: ProfilerData event received.
I/flutter (18236): [SPM:perf] 698a51a  buildSpan: 3520µs
I/flutter (18236): [spm] Performance monitoring completed for 698a51a
[spm]: ProfilerData event received.
I/flutter (18236): [SPM:perf] 698a51a  buildSpan: 3402µs
I/flutter (18236): [spm] Performance monitoring completed for 698a51a
[spm]: ProfilerData event received.
I/flutter (18236): [SPM:perf] 698a51a  buildSpan: 3321µs
I/flutter (18236): [spm] Performance monitoring completed for 698a51a
[spm]: ProfilerData event received.
I/flutter (18236): [SPM:perf] 698a51a  buildSpan: 4766µs
I/flutter (18236): [spm] Performance monitoring completed for 698a51a
[spm]: ProfilerData event received.
I/flutter (18236): [SPM:perf] 698a51a  buildSpan: 5276µs
I/flutter (18236): [spm] Performance monitoring completed for 698a51a
[spm]: ProfilerData event received.
I/flutter (18236): [SPM:perf] 698a51a  buildSpan: 4093µs
I/flutter (18236): [spm] Performance monitoring completed for 698a51a
[spm]: ProfilerData event received.
I/flutter (18236): [SPM:perf] 698a51a  buildSpan: 3648µs
I/flutter (18236): [spm] Performance monitoring completed for 698a51a
[spm]: ProfilerData event received.
I/flutter (18236): [SPM:perf] 698a51a  buildSpan: 3311µs
I/flutter (18236): [spm] Performance monitoring completed for 698a51a
[spm]: ProfilerData event received.
I/flutter (18236): [SPM:perf] 698a51a  buildSpan: 3447µs
I/flutter (18236): [spm] Performance monitoring completed for 698a51a
[spm]: ProfilerData event received.
I/flutter (18236): [SPM:perf] 698a51a  buildSpan: 4995µs
I/flutter (18236): [spm] Performance monitoring completed for 698a51a
[spm]: ProfilerData event received.
I/flutter (18236): [SPM:perf] 698a51a  buildSpan: 3743µs
I/flutter (18236): [spm] Performance monitoring completed for 698a51a
[spm]: ProfilerData event received.
I/flutter (18236): [SPM:perf] 698a51a  buildSpan: 3827µs
I/flutter (18236): [spm] Performance monitoring completed for 698a51a
[spm]: ProfilerData event received.
I/flutter (18236): [SPM:perf] 698a51a  buildSpan: 3855µs
I/flutter (18236): [spm] Performance monitoring completed for 698a51a
I/flutter (18236): 01:10 +1: (tearDownAll)
I/flutter (18236): 01:11 +2: All tests passed!
All tests passed.
[spm]: Saved 30 profiler events to <ROOT>/dataset-new_samples/0344/redmi9t/raw/20260909-194357/rev_006_972e1f89/e14.jsonl
[spm]: Reverting injection...
20 issues found. (ran in 0.7s)
WARNING: Your Android app project: app located at: <ROOT>/android/app/build.gradle.kts
applies the Kotlin Gradle Plugin, which will cause build failures in future versions of Flutter. 
Please migrate your app to Built-in Kotlin using this guide: https://docs.flutter.dev/release/breaking-changes/migrate-to-built-in-kotlin/for-app-developers

VMServiceFlutterDriver: Connecting to Flutter application at http://127.0.0.1:44043/jb3GErlExcE=/
[spm]: Detected VM service URI: ws://127.0.0.1:44043/jb3GErlExcE=/ws
VMServiceFlutterDriver: Isolate found with number: 6864862945776975
VMServiceFlutterDriver: Isolate 6864862945776975 is runnable.
VMServiceFlutterDriver: Isolate is paused at start.
VMServiceFlutterDriver: Attempting to resume isolate
VMServiceFlutterDriver: Connected to Flutter application.
VMServiceFlutterDriver: request_data message is taking a long time to complete...