# sample_id=0344/rev_006_972e1f89 exec_index=7 ok=True perf_lines=30 vm_events=30 battery_pct=63 soc_temp_millic=42900 battery_temp_c=32.1 charging=False preflight_started=2026-09-09T18:45:08.262068+00:00 started=2026-09-09T18:45:10.637698+00:00 ts=2026-09-09T18:47:18.329001+00:00
[spm]: Running flutter analyze...
Analyzing lib...                                                

   info • The part-of directive uses a library name. Try converting the directive to use the URI of the library • lib/dependencies.dart:46:1 • use_string_in_part_of_directives
   info • The variable name 'EEEE' isn't a lowerCamelCase identifier. Try changing the name to follow the lowerCamelCase style • lib/dependencies.dart:104:14 • non_constant_identifier_names
   info • The variable name 'EEEEE' isn't a lowerCamelCase identifier. Try changing the name to follow the lowerCamelCase style • lib/dependencies.dart:105:14 • non_constant_identifier_names
   info • The variable name 'LLL' isn't a lowerCamelCase identifier. Try changing the name to follow the lowerCamelCase style • lib/dependencies.dart:106:14 • non_constant_identifier_names
   info • The variable name 'LLLL' isn't a lowerCamelCase identifier. Try changing the name to follow the lowerCamelCase style • lib/dependencies.dart:107:14 • non_constant_identifier_names
   info • The variable name 'Md' isn't a lowerCamelCase identifier. Try changing the name to follow the lowerCamelCase style • lib/dependencies.dart:109:14 • non_constant_identifier_names
   info • The variable name 'MEd' isn't a lowerCamelCase identifier. Try changing the name to follow the lowerCamelCase style • lib/dependencies.dart:110:14 • non_constant_identifier_names
   info • The variable name 'MMM' isn't a lowerCamelCase identifier. Try changing the name to follow the lowerCamelCase style • lib/dependencies.dart:111:14 • non_constant_identifier_names
   info • The variable name 'MMMd' isn't a lowerCamelCase identifier. Try changing the name to follow the lowerCamelCase style • lib/dependencies.dart:112:14 • non_constant_identifier_names
   info • The variable name 'MMMEd' isn't a lowerCamelCase identifier. Try changing the name to follow the lowerCamelCase style • lib/dependencies.dart:113:14 • non_constant_identifier_names
   info • The variable name 'MMMM' isn't a lowerCamelCase identifier. Try changing the name to follow the lowerCamelCase style • lib/dependencies.dart:114:14 • non_constant_identifier_names
   info • The variable name 'MMMMd' isn't a lowerCamelCase identifier. Try changing the name to follow the lowerCamelCase style • lib/dependencies.dart:115:14 • non_constant_identifier_names
   info • The variable name 'MMMMEEEEd' isn't a lowerCamelCase identifier. Try changing the name to follow the lowerCamelCase style • lib/dependencies.dart:116:14 • non_constant_identifier_names
   info • The variable name 'QQQ' isn't a lowerCamelCase identifier. Try changing the name to follow the lowerCamelCase style • lib/dependencies.dart:117:14 • non_constant_identifier_names
   info • The variable name 'QQQQ' isn't a lowerCamelCase identifier. Try changing the name to follow the lowerCamelCase style • lib/dependencies.dart:118:14 • non_constant_identifier_names
   info • The variable name 'Hm' isn't a lowerCamelCase identifier. Try changing the name to follow the lowerCamelCase style • lib/dependencies.dart:133:14 • non_constant_identifier_names
   info • The variable name 'Hms' isn't a lowerCamelCase identifier. Try changing the name to follow the lowerCamelCase style • lib/dependencies.dart:134:14 • non_constant_identifier_names
   info • Library names are not necessary. Remove the library name • lib/generated_widget.dart:2:9 • unnecessary_library_name
   info • Constructors in '@immutable' classes should be declared as 'const'. Try adding 'const' to the constructor declaration • lib/generated_widget.dart:11:3 • prefer_const_constructors_in_immutables
   info • 'withOpacity' is deprecated and shouldn't be used. Use .withValues() to avoid precision loss. Try replacing the use of the deprecated member with the replacement • lib/generated_widget.dart:101:42 • deprecated_member_use

[spm]: Injecting profiler code...
[spm]: Starting app...
Running Gradle task 'assembleProfile'...                        
Running Gradle task 'assembleProfile'...                           23.8s
✓ Built build/app/outputs/flutter-apk/app-profile.apk (26.8MB)
Installing build/app/outputs/flutter-apk/app-profile.apk...      1,003ms
I/ForceDarkHelperStubImpl( 6006): setViewRootImplForceDark: false for com.example.benchmark_container.MainActivity@e6f428d, reason: AppDarkModeEnable
I/ForceDarkHelperStubImpl( 6006): setViewRootImplForceDark: false for com.example.benchmark_container.MainActivity@e6f428d, reason: AppDarkModeEnable
D/DecorView[]( 6006): getWindowModeFromSystem  windowmode is 1
D/DecorView[]( 6006): updateDecorCaptionStatus displayWindowDecor is false
W/Looper  ( 6006): PerfMonitor looperActivity : package=com.example.benchmark_container/.MainActivity time=382ms latency=377ms running=0ms  procState=-1  historyMsgCount=2 (msgIndex=1 wall=382ms seq=4 late=377ms h=android.app.ActivityThread$H w=159) (msgIndex=2 wall=378ms seq=3 h=android.app.ActivityThread$H w=110)
W/Looper  ( 6006): PerfMonitor looperActivity : package=com.example.benchmark_container/.MainActivity time=1ms latency=760ms running=0ms  procState=-1  historyMsgCount=4 (msgIndex=2 wall=382ms seq=4 late=377ms h=android.app.ActivityThread$H w=159) (msgIndex=3 wall=378ms seq=3 h=android.app.ActivityThread$H w=110) (msgIndex=4 wall=382ms seq=4 late=377ms h=android.app.ActivityThread$H w=159)
D/SurfaceView( 6006): UPDATE null, mIsCastMode = false
D/hw-ProcessState( 6006): Binder ioctl to enable oneway spam detection failed: Invalid argument
W/Looper  ( 6006): PerfMonitor longMsg : seq=8 plan=21:45:53.302 late=394ms wall=1689ms running=0ms h=android.view.Choreographer$FrameHandler c=android.view.Choreographer$FrameDisplayEventReceiver procState=-1
W/Looper  ( 6006): PerfMonitor doFrame : time=1689ms vsyncFrame=0 latency=394ms procState=-1 historyMsgCount=7 (msgIndex=2 wall=382ms seq=4 h=android.app.ActivityThread$H w=159) (msgIndex=3 wall=1689ms seq=8 late=394ms h=android.view.Choreographer$FrameHandler c=android.view.Choreographer$FrameDisplayEventReceiver) (msgIndex=4 wall=382ms seq=4 h=android.app.ActivityThread$H w=159)
I/Choreographer( 6006): Skipped 96 frames!  The application may be doing too much work on its main thread.
D/SurfaceView( 6006): UPDATE Surface(name=SurfaceView[com.example.benchmark_container/com.example.benchmark_container.MainActivity])/@0xca20cbb, mIsProjectionMode = false
W/Looper  ( 6006): PerfMonitor doFrame : time=3ms vsyncFrame=0 latency=1606ms procState=-1 historyMsgCount=4
[spm]: Connected to Dart VM service.
I/flutter ( 6006): 00:00 +0: Performance Benchmark
E/hmark_containe( 6006): open libmigui.so failed! dlopen - dlopen failed: library "libmigui.so" not found
D/hmark_containe( 6006): MiuiProcessManagerServiceStub setSchedFifo
I/MiuiProcessManagerImpl( 6006): setSchedFifo pid:6006, mode:3
D/DecorView[]( 6006): onWindowFocusChanged hasWindowFocus true
D/DecorView[]( 6006): getWindowModeFromSystem  windowmode is 1
D/DecorView[]( 6006): updateDecorCaptionStatus displayWindowDecor is false
D/ProfileInstaller( 6006): Installing profile for com.example.benchmark_container
I/flutter ( 6006): [SPM:perf] 698a51a  buildSpan: 10388µs
I/flutter ( 6006): [spm] Performance monitoring completed for 698a51a
[spm]: ProfilerData event received.
[spm]: ProfilerData event received.
I/flutter ( 6006): [SPM:perf] 698a51a  buildSpan: 4388µs
I/flutter ( 6006): [spm] Performance monitoring completed for 698a51a
[spm]: ProfilerData event received.
I/flutter ( 6006): [SPM:perf] 698a51a  buildSpan: 4011µs
I/flutter ( 6006): [spm] Performance monitoring completed for 698a51a
[spm]: ProfilerData event received.
I/flutter ( 6006): [SPM:perf] 698a51a  buildSpan: 3573µs
I/flutter ( 6006): [spm] Performance monitoring completed for 698a51a
[spm]: ProfilerData event received.
I/flutter ( 6006): [SPM:perf] 698a51a  buildSpan: 3345µs
I/flutter ( 6006): [spm] Performance monitoring completed for 698a51a
[spm]: ProfilerData event received.
I/flutter ( 6006): [SPM:perf] 698a51a  buildSpan: 3688µs
I/flutter ( 6006): [spm] Performance monitoring completed for 698a51a
[spm]: ProfilerData event received.
I/flutter ( 6006): [SPM:perf] 698a51a  buildSpan: 3435µs
I/flutter ( 6006): [spm] Performance monitoring completed for 698a51a
[spm]: ProfilerData event received.
I/flutter ( 6006): [SPM:perf] 698a51a  buildSpan: 3335µs
I/flutter ( 6006): [spm] Performance monitoring completed for 698a51a
[spm]: ProfilerData event received.
I/flutter ( 6006): [SPM:perf] 698a51a  buildSpan: 3329µs
I/flutter ( 6006): [spm] Performance monitoring completed for 698a51a
I/flutter ( 6006): [SPM:perf] 698a51a  buildSpan: 3592µs
I/flutter ( 6006): [spm] Performance monitoring completed for 698a51a
[spm]: ProfilerData event received.
I/flutter ( 6006): [SPM:perf] 698a51a  buildSpan: 3847µs
[spm]: ProfilerData event received.
I/flutter ( 6006): [spm] Performance monitoring completed for 698a51a
[spm]: ProfilerData event received.
I/flutter ( 6006): [SPM:perf] 698a51a  buildSpan: 4945µs
I/flutter ( 6006): [spm] Performance monitoring completed for 698a51a
I/flutter ( 6006): [SPM:perf] 698a51a  buildSpan: 4669µs
[spm]: ProfilerData event received.
I/flutter ( 6006): [spm] Performance monitoring completed for 698a51a
[spm]: ProfilerData event received.
I/flutter ( 6006): [SPM:perf] 698a51a  buildSpan: 3414µs
I/flutter ( 6006): [spm] Performance monitoring completed for 698a51a
[spm]: ProfilerData event received.
I/flutter ( 6006): [SPM:perf] 698a51a  buildSpan: 3407µs
I/flutter ( 6006): [spm] Performance monitoring completed for 698a51a
I/flutter ( 6006): [SPM:perf] 698a51a  buildSpan: 3378µs
[spm]: ProfilerData event received.
I/flutter ( 6006): [spm] Performance monitoring completed for 698a51a
[spm]: ProfilerData event received.
I/flutter ( 6006): [SPM:perf] 698a51a  buildSpan: 3392µs
I/flutter ( 6006): [spm] Performance monitoring completed for 698a51a
[spm]: ProfilerData event received.
I/flutter ( 6006): [SPM:perf] 698a51a  buildSpan: 3381µs
I/flutter ( 6006): [spm] Performance monitoring completed for 698a51a
[spm]: ProfilerData event received.
I/flutter ( 6006): [SPM:perf] 698a51a  buildSpan: 3553µs
I/flutter ( 6006): [spm] Performance monitoring completed for 698a51a
[spm]: ProfilerData event received.
I/flutter ( 6006): [SPM:perf] 698a51a  buildSpan: 3869µs
I/flutter ( 6006): [spm] Performance monitoring completed for 698a51a
[spm]: ProfilerData event received.
I/flutter ( 6006): [SPM:perf] 698a51a  buildSpan: 3350µs
I/flutter ( 6006): [spm] Performance monitoring completed for 698a51a
[spm]: ProfilerData event received.
I/flutter ( 6006): [SPM:perf] 698a51a  buildSpan: 3456µs
I/flutter ( 6006): [spm] Performance monitoring completed for 698a51a
[spm]: ProfilerData event received.
I/flutter ( 6006): [SPM:perf] 698a51a  buildSpan: 3355µs
I/flutter ( 6006): [spm] Performance monitoring completed for 698a51a
[spm]: ProfilerData event received.
I/flutter ( 6006): [SPM:perf] 698a51a  buildSpan: 3423µs
I/flutter ( 6006): [spm] Performance monitoring completed for 698a51a
I/flutter ( 6006): [SPM:perf] 698a51a  buildSpan: 3312µs
[spm]: ProfilerData event received.
I/flutter ( 6006): [spm] Performance monitoring completed for 698a51a
I/flutter ( 6006): [SPM:perf] 698a51a  buildSpan: 3946µs
[spm]: ProfilerData event received.
I/flutter ( 6006): [spm] Performance monitoring completed for 698a51a
[spm]: ProfilerData event received.
I/flutter ( 6006): [SPM:perf] 698a51a  buildSpan: 3366µs
I/flutter ( 6006): [spm] Performance monitoring completed for 698a51a
I/flutter ( 6006): [SPM:perf] 698a51a  buildSpan: 4201µs
I/flutter ( 6006): [spm] Performance monitoring completed for 698a51a
[spm]: ProfilerData event received.
[spm]: ProfilerData event received.
I/flutter ( 6006): [SPM:perf] 698a51a  buildSpan: 3507µs
I/flutter ( 6006): [spm] Performance monitoring completed for 698a51a
I/flutter ( 6006): [SPM:perf] 698a51a  buildSpan: 3431µs
I/flutter ( 6006): [spm] Performance monitoring completed for 698a51a
[spm]: ProfilerData event received.
I/flutter ( 6006): 01:10 +1: (tearDownAll)
I/flutter ( 6006): 01:11 +2: All tests passed!
All tests passed.
[spm]: Saved 30 profiler events to <ROOT>/dataset-new_samples/0344/redmi9t/raw/20260909-194357/rev_006_972e1f89/e7.jsonl
[spm]: Reverting injection...
20 issues found. (ran in 0.8s)
WARNING: Your Android app project: app located at: <ROOT>/android/app/build.gradle.kts
applies the Kotlin Gradle Plugin, which will cause build failures in future versions of Flutter. 
Please migrate your app to Built-in Kotlin using this guide: https://docs.flutter.dev/release/breaking-changes/migrate-to-built-in-kotlin/for-app-developers

VMServiceFlutterDriver: Connecting to Flutter application at http://127.0.0.1:45405/3f_QsfQY2Xw=/
[spm]: Detected VM service URI: ws://127.0.0.1:45405/3f_QsfQY2Xw=/ws
VMServiceFlutterDriver: Isolate found with number: 5921582423652959
VMServiceFlutterDriver: Isolate 5921582423652959 is runnable.
VMServiceFlutterDriver: Isolate is paused at start.
VMServiceFlutterDriver: Attempting to resume isolate
VMServiceFlutterDriver: Connected to Flutter application.
VMServiceFlutterDriver: request_data message is taking a long time to complete...