# sample_id=2382/rev_016_42cdec2b exec_index=0 ok=True perf_lines=30 vm_events=30 battery_pct=40 soc_temp_millic=38300 battery_temp_c=31.5 charging=False preflight_started=2026-09-12T22:32:24.261350+00:00 started=2026-09-12T22:32:27.038730+00:00 ts=2026-09-12T22:34:34.620099+00:00
[spm]: Running flutter analyze...
Resolving dependencies...
Downloading packages...
  _fe_analyzer_shared 100.0.0 (108.0.0 available)
  analyzer 13.0.0 (14.4.0 available)
  async 2.13.0 (2.13.1 available)
  clock 1.1.2 (1.1.3 available)
  cupertino_icons 1.0.8 (1.0.9 available)
  glob 2.1.3 (2.2.0 available)
  lints 6.0.0 (6.1.0 available)
  matcher 0.12.19 (0.12.20 available)
  material_color_utilities 0.13.0 (0.13.1 available)
  meta 1.18.0 (1.19.0 available)
  package_config 2.2.0 (3.0.0 available)
  platform 3.1.6 (3.2.0 available)
  process 5.0.5 (5.0.6 available)
  pub_semver 2.2.0 (2.2.1 available)
  source_span 1.10.1 (1.10.2 available)
  stack_trace 1.12.1 (1.12.2 available)
  test_api 0.7.11 (0.7.14 available)
  vector_math 2.2.0 (2.4.2 available)
  vm_service 15.0.2 (15.3.0 available)
  webdriver 3.1.0 (3.2.0 available)
  yaml 3.1.3 (3.1.4 available)
Got dependencies!
21 packages have newer versions incompatible with dependency constraints.
Try `flutter pub outdated` for more information.
Analyzing lib...                                                

   info • The part-of directive uses a library name. Try converting the directive to use the URI of the library • lib/dependencies.dart:46:1 • use_string_in_part_of_directives
   info • Library names are not necessary. Remove the library name • lib/generated_widget.dart:2:9 • unnecessary_library_name
   info • Constructors in '@immutable' classes should be declared as 'const'. Try adding 'const' to the constructor declaration • lib/generated_widget.dart:12:3 • prefer_const_constructors_in_immutables

[spm]: Injecting profiler code...
[spm]: Starting app...
Running Gradle task 'assembleProfile'...                        
Running Gradle task 'assembleProfile'...                           22.0s
✓ Built build/app/outputs/flutter-apk/app-profile.apk (26.8MB)
Installing build/app/outputs/flutter-apk/app-profile.apk...      1,102ms
D/DecorView[](22321): getWindowModeFromSystem  windowmode is 1
D/DecorView[](22321): getWindowModeFromSystem  windowmode is 1
D/DecorView[](22321): updateDecorCaptionStatus displayWindowDecor is false
W/Looper  (22321): PerfMonitor looperActivity : package=com.example.benchmark_container/.MainActivity time=387ms latency=373ms running=0ms  procState=-1  historyMsgCount=2 (msgIndex=1 wall=387ms seq=4 late=373ms h=android.app.ActivityThread$H w=159) (msgIndex=2 wall=378ms seq=3 h=android.app.ActivityThread$H w=110)
W/Looper  (22321): PerfMonitor looperActivity : package=com.example.benchmark_container/.MainActivity time=0ms latency=762ms running=0ms  procState=-1  historyMsgCount=4 (msgIndex=2 wall=387ms seq=4 late=373ms h=android.app.ActivityThread$H w=159) (msgIndex=3 wall=378ms seq=3 h=android.app.ActivityThread$H w=110) (msgIndex=4 wall=387ms seq=4 late=373ms h=android.app.ActivityThread$H w=159)
D/SurfaceView(22321): UPDATE null, mIsCastMode = false
D/hw-ProcessState(22321): Binder ioctl to enable oneway spam detection failed: Invalid argument
W/Looper  (22321): PerfMonitor longMsg : seq=8 plan=01:33:08.331 late=395ms wall=1665ms running=0ms h=android.view.Choreographer$FrameHandler c=android.view.Choreographer$FrameDisplayEventReceiver procState=-1
W/Looper  (22321): PerfMonitor doFrame : time=1665ms vsyncFrame=0 latency=395ms procState=-1 historyMsgCount=7 (msgIndex=2 wall=387ms seq=4 h=android.app.ActivityThread$H w=159) (msgIndex=3 wall=1665ms seq=8 late=395ms h=android.view.Choreographer$FrameHandler c=android.view.Choreographer$FrameDisplayEventReceiver) (msgIndex=4 wall=387ms seq=4 h=android.app.ActivityThread$H w=159)
I/Choreographer(22321): Skipped 94 frames!  The application may be doing too much work on its main thread.
D/SurfaceView(22321): UPDATE Surface(name=SurfaceView[com.example.benchmark_container/com.example.benchmark_container.MainActivity])/@0x739554a, mIsProjectionMode = false
W/Looper  (22321): PerfMonitor doFrame : time=2ms vsyncFrame=0 latency=1584ms procState=-1 historyMsgCount=4
[spm]: Connected to Dart VM service.
I/flutter (22321): 00:00 +0: Performance Benchmark
E/hmark_containe(22321): open libmigui.so failed! dlopen - dlopen failed: library "libmigui.so" not found
D/hmark_containe(22321): MiuiProcessManagerServiceStub setSchedFifo
I/MiuiProcessManagerImpl(22321): setSchedFifo pid:22321, mode:3
D/DecorView[](22321): onWindowFocusChanged hasWindowFocus true
D/DecorView[](22321): getWindowModeFromSystem  windowmode is 1
D/DecorView[](22321): updateDecorCaptionStatus displayWindowDecor is false
D/ProfileInstaller(22321): Installing profile for com.example.benchmark_container
I/flutter (22321): [SPM:perf] 698a51a  buildSpan: 1663µs
I/flutter (22321): [spm] Performance monitoring completed for 698a51a
[spm]: ProfilerData event received.
I/flutter (22321): [SPM:perf] 698a51a  buildSpan: 2028µs
I/flutter (22321): [spm] Performance monitoring completed for 698a51a
[spm]: ProfilerData event received.
[spm]: ProfilerData event received.
I/flutter (22321): [SPM:perf] 698a51a  buildSpan: 1823µs
I/flutter (22321): [spm] Performance monitoring completed for 698a51a
[spm]: ProfilerData event received.
I/flutter (22321): [SPM:perf] 698a51a  buildSpan: 1930µs
I/flutter (22321): [spm] Performance monitoring completed for 698a51a
[spm]: ProfilerData event received.
I/flutter (22321): [SPM:perf] 698a51a  buildSpan: 2016µs
I/flutter (22321): [spm] Performance monitoring completed for 698a51a
[spm]: ProfilerData event received.
I/flutter (22321): [SPM:perf] 698a51a  buildSpan: 1468µs
I/flutter (22321): [spm] Performance monitoring completed for 698a51a
[spm]: ProfilerData event received.
I/flutter (22321): [SPM:perf] 698a51a  buildSpan: 1646µs
I/flutter (22321): [spm] Performance monitoring completed for 698a51a
[spm]: ProfilerData event received.
I/flutter (22321): [SPM:perf] 698a51a  buildSpan: 2008µs
I/flutter (22321): [spm] Performance monitoring completed for 698a51a
[spm]: ProfilerData event received.
I/flutter (22321): [SPM:perf] 698a51a  buildSpan: 2696µs
I/flutter (22321): [spm] Performance monitoring completed for 698a51a
[spm]: ProfilerData event received.
I/flutter (22321): [SPM:perf] 698a51a  buildSpan: 2002µs
I/flutter (22321): [spm] Performance monitoring completed for 698a51a
[spm]: ProfilerData event received.
I/flutter (22321): [SPM:perf] 698a51a  buildSpan: 2178µs
I/flutter (22321): [spm] Performance monitoring completed for 698a51a
[spm]: ProfilerData event received.
I/flutter (22321): [SPM:perf] 698a51a  buildSpan: 2331µs
I/flutter (22321): [spm] Performance monitoring completed for 698a51a
[spm]: ProfilerData event received.
I/flutter (22321): [SPM:perf] 698a51a  buildSpan: 2036µs
I/flutter (22321): [spm] Performance monitoring completed for 698a51a
[spm]: ProfilerData event received.
I/flutter (22321): [SPM:perf] 698a51a  buildSpan: 1969µs
I/flutter (22321): [spm] Performance monitoring completed for 698a51a
[spm]: ProfilerData event received.
I/flutter (22321): [SPM:perf] 698a51a  buildSpan: 2076µs
I/flutter (22321): [spm] Performance monitoring completed for 698a51a
I/flutter (22321): [SPM:perf] 698a51a  buildSpan: 1972µs
[spm]: ProfilerData event received.
I/flutter (22321): [spm] Performance monitoring completed for 698a51a
[spm]: ProfilerData event received.
I/flutter (22321): [SPM:perf] 698a51a  buildSpan: 1690µs
I/flutter (22321): [spm] Performance monitoring completed for 698a51a
[spm]: ProfilerData event received.
I/flutter (22321): [SPM:perf] 698a51a  buildSpan: 1561µs
I/flutter (22321): [spm] Performance monitoring completed for 698a51a
[spm]: ProfilerData event received.
I/flutter (22321): [SPM:perf] 698a51a  buildSpan: 1601µs
I/flutter (22321): [spm] Performance monitoring completed for 698a51a
[spm]: ProfilerData event received.
I/flutter (22321): [SPM:perf] 698a51a  buildSpan: 1206µs
I/flutter (22321): [spm] Performance monitoring completed for 698a51a
I/flutter (22321): [SPM:perf] 698a51a  buildSpan: 1167µs
I/flutter (22321): [spm] Performance monitoring completed for 698a51a
[spm]: ProfilerData event received.
I/flutter (22321): [SPM:perf] 698a51a  buildSpan: 2110µs
[spm]: ProfilerData event received.
I/flutter (22321): [spm] Performance monitoring completed for 698a51a
[spm]: ProfilerData event received.
I/flutter (22321): [SPM:perf] 698a51a  buildSpan: 2098µs
I/flutter (22321): [spm] Performance monitoring completed for 698a51a
[spm]: ProfilerData event received.
I/flutter (22321): [SPM:perf] 698a51a  buildSpan: 2026µs
I/flutter (22321): [spm] Performance monitoring completed for 698a51a
[spm]: ProfilerData event received.
I/flutter (22321): [SPM:perf] 698a51a  buildSpan: 2126µs
I/flutter (22321): [spm] Performance monitoring completed for 698a51a
[spm]: ProfilerData event received.
I/flutter (22321): [SPM:perf] 698a51a  buildSpan: 2200µs
I/flutter (22321): [spm] Performance monitoring completed for 698a51a
[spm]: ProfilerData event received.
I/flutter (22321): [SPM:perf] 698a51a  buildSpan: 1720µs
I/flutter (22321): [spm] Performance monitoring completed for 698a51a
[spm]: ProfilerData event received.
I/flutter (22321): [SPM:perf] 698a51a  buildSpan: 1982µs
I/flutter (22321): [spm] Performance monitoring completed for 698a51a
[spm]: ProfilerData event received.
I/flutter (22321): [SPM:perf] 698a51a  buildSpan: 1636µs
I/flutter (22321): [spm] Performance monitoring completed for 698a51a
I/flutter (22321): [SPM:perf] 698a51a  buildSpan: 2002µs
[spm]: ProfilerData event received.
I/flutter (22321): [spm] Performance monitoring completed for 698a51a
I/flutter (22321): 01:10 +1: (tearDownAll)
I/flutter (22321): 01:11 +2: All tests passed!
All tests passed.
[spm]: Saved 30 profiler events to <ROOT>/dataset-new_samples/2382/redmi9t/raw/20260913-000259/rev_016_42cdec2b/e0.jsonl
[spm]: Reverting injection...
3 issues found. (ran in 0.7s)
WARNING: Your Android app project: app located at: <ROOT>/android/app/build.gradle.kts
applies the Kotlin Gradle Plugin, which will cause build failures in future versions of Flutter. 
Please migrate your app to Built-in Kotlin using this guide: https://docs.flutter.dev/release/breaking-changes/migrate-to-built-in-kotlin/for-app-developers

VMServiceFlutterDriver: Connecting to Flutter application at http://127.0.0.1:34537/uIdTXjsdACo=/
[spm]: Detected VM service URI: ws://127.0.0.1:34537/uIdTXjsdACo=/ws
VMServiceFlutterDriver: Isolate found with number: 5185871163068915
VMServiceFlutterDriver: Isolate 5185871163068915 is runnable.
VMServiceFlutterDriver: Isolate is paused at start.
VMServiceFlutterDriver: Attempting to resume isolate
VMServiceFlutterDriver: Connected to Flutter application.
VMServiceFlutterDriver: request_data message is taking a long time to complete...