# sample_id=2382/rev_016_42cdec2b exec_index=1 ok=True perf_lines=30 vm_events=30 battery_pct=64 soc_temp_millic=38000 battery_temp_c=28.6 charging=False preflight_started=2026-09-13T07:11:03.168690+00:00 started=2026-09-13T07:11:05.859737+00:00 ts=2026-09-13T07:12:46.612382+00:00
[spm]: Running flutter analyze...
Resolving dependencies...
Downloading packages...
  _fe_analyzer_shared 100.0.0 (108.0.0 available)
  analyzer 13.0.0 (14.4.0 available)
  async 2.13.0 (2.13.1 available)
  clock 1.1.2 (1.1.3 available)
  cupertino_icons 1.0.8 (1.0.9 available)
  glob 2.1.3 (2.2.0 available)
  lints 6.0.0 (6.1.0 available)
  matcher 0.12.19 (0.12.20 available)
  material_color_utilities 0.13.0 (0.13.1 available)
  meta 1.18.0 (1.19.0 available)
  package_config 2.2.0 (3.0.0 available)
  platform 3.1.6 (3.2.0 available)
  process 5.0.5 (5.0.6 available)
  pub_semver 2.2.0 (2.2.1 available)
  source_span 1.10.1 (1.10.2 available)
  stack_trace 1.12.1 (1.12.2 available)
  test_api 0.7.11 (0.7.14 available)
  vector_math 2.2.0 (2.4.2 available)
  vm_service 15.0.2 (15.3.0 available)
  webdriver 3.1.0 (3.2.0 available)
  yaml 3.1.3 (3.1.4 available)
Got dependencies!
21 packages have newer versions incompatible with dependency constraints.
Try `flutter pub outdated` for more information.
Analyzing lib...                                                

   info • The part-of directive uses a library name. Try converting the directive to use the URI of the library • lib/dependencies.dart:46:1 • use_string_in_part_of_directives
   info • Library names are not necessary. Remove the library name • lib/generated_widget.dart:2:9 • unnecessary_library_name
   info • Constructors in '@immutable' classes should be declared as 'const'. Try adding 'const' to the constructor declaration • lib/generated_widget.dart:12:3 • prefer_const_constructors_in_immutables

[spm]: Injecting profiler code...
[spm]: Starting app...
Running Gradle task 'assembleProfile'...                        
Running Gradle task 'assembleProfile'...                         1,718ms
✓ Built build/app/outputs/flutter-apk/app-profile.apk (26.8MB)
Installing build/app/outputs/flutter-apk/app-profile.apk...      1,103ms
D/DecorView[](20111): getWindowModeFromSystem  windowmode is 1
D/DecorView[](20111): getWindowModeFromSystem  windowmode is 1
D/DecorView[](20111): updateDecorCaptionStatus displayWindowDecor is false
W/Looper  (20111): PerfMonitor looperActivity : package=com.example.benchmark_container/.MainActivity time=362ms latency=339ms running=0ms  procState=-1  historyMsgCount=2 (msgIndex=1 wall=362ms seq=4 late=339ms h=android.app.ActivityThread$H w=159) (msgIndex=2 wall=386ms seq=3 h=android.app.ActivityThread$H w=110)
W/Looper  (20111): PerfMonitor looperActivity : package=com.example.benchmark_container/.MainActivity time=1ms latency=702ms running=0ms  procState=-1  historyMsgCount=4 (msgIndex=2 wall=362ms seq=4 late=339ms h=android.app.ActivityThread$H w=159) (msgIndex=3 wall=386ms seq=3 h=android.app.ActivityThread$H w=110) (msgIndex=4 wall=362ms seq=4 late=339ms h=android.app.ActivityThread$H w=159)
D/SurfaceView(20111): UPDATE null, mIsCastMode = false
D/hw-ProcessState(20111): Binder ioctl to enable oneway spam detection failed: Invalid argument
W/Looper  (20111): PerfMonitor longMsg : seq=8 plan=10:11:23.133 late=376ms wall=1716ms running=0ms h=android.view.Choreographer$FrameHandler c=android.view.Choreographer$FrameDisplayEventReceiver procState=-1
W/Looper  (20111): PerfMonitor doFrame : time=1716ms vsyncFrame=0 latency=376ms procState=-1 historyMsgCount=7 (msgIndex=2 wall=362ms seq=4 h=android.app.ActivityThread$H w=159) (msgIndex=3 wall=1716ms seq=8 late=376ms h=android.view.Choreographer$FrameHandler c=android.view.Choreographer$FrameDisplayEventReceiver) (msgIndex=4 wall=362ms seq=4 h=android.app.ActivityThread$H w=159)
I/Choreographer(20111): Skipped 97 frames!  The application may be doing too much work on its main thread.
D/SurfaceView(20111): UPDATE Surface(name=SurfaceView[com.example.benchmark_container/com.example.benchmark_container.MainActivity])/@0x739554a, mIsProjectionMode = false
W/Looper  (20111): PerfMonitor doFrame : time=4ms vsyncFrame=0 latency=1631ms procState=-1 historyMsgCount=4
[spm]: Connected to Dart VM service.
I/flutter (20111): 00:00 +0: Performance Benchmark
E/hmark_containe(20111): open libmigui.so failed! dlopen - dlopen failed: library "libmigui.so" not found
D/hmark_containe(20111): MiuiProcessManagerServiceStub setSchedFifo
I/MiuiProcessManagerImpl(20111): setSchedFifo pid:20111, mode:3
D/DecorView[](20111): onWindowFocusChanged hasWindowFocus true
D/DecorView[](20111): getWindowModeFromSystem  windowmode is 1
D/DecorView[](20111): updateDecorCaptionStatus displayWindowDecor is false
D/ProfileInstaller(20111): Installing profile for com.example.benchmark_container
I/flutter (20111): [SPM:perf] 698a51a  buildSpan: 1485µs
[spm]: ProfilerData event received.
I/flutter (20111): [spm] Performance monitoring completed for 698a51a
[spm]: ProfilerData event received.
I/flutter (20111): [SPM:perf] 698a51a  buildSpan: 1891µs
I/flutter (20111): [spm] Performance monitoring completed for 698a51a
[spm]: ProfilerData event received.
I/flutter (20111): [SPM:perf] 698a51a  buildSpan: 1283µs
I/flutter (20111): [spm] Performance monitoring completed for 698a51a
[spm]: ProfilerData event received.
I/flutter (20111): [SPM:perf] 698a51a  buildSpan: 2021µs
I/flutter (20111): [spm] Performance monitoring completed for 698a51a
I/flutter (20111): [SPM:perf] 698a51a  buildSpan: 1598µs
I/flutter (20111): [spm] Performance monitoring completed for 698a51a
[spm]: ProfilerData event received.
[spm]: ProfilerData event received.
I/flutter (20111): [SPM:perf] 698a51a  buildSpan: 1653µs
I/flutter (20111): [spm] Performance monitoring completed for 698a51a
[spm]: ProfilerData event received.
I/flutter (20111): [SPM:perf] 698a51a  buildSpan: 1300µs
I/flutter (20111): [spm] Performance monitoring completed for 698a51a
[spm]: ProfilerData event received.
I/flutter (20111): [SPM:perf] 698a51a  buildSpan: 1631µs
I/flutter (20111): [spm] Performance monitoring completed for 698a51a
[spm]: ProfilerData event received.
I/flutter (20111): [SPM:perf] 698a51a  buildSpan: 1572µs
I/flutter (20111): [spm] Performance monitoring completed for 698a51a
I/flutter (20111): [SPM:perf] 698a51a  buildSpan: 1278µs
I/flutter (20111): [spm] Performance monitoring completed for 698a51a
[spm]: ProfilerData event received.
[spm]: ProfilerData event received.
I/flutter (20111): [SPM:perf] 698a51a  buildSpan: 1986µs
I/flutter (20111): [spm] Performance monitoring completed for 698a51a
[spm]: ProfilerData event received.
I/flutter (20111): [SPM:perf] 698a51a  buildSpan: 1400µs
I/flutter (20111): [spm] Performance monitoring completed for 698a51a
[spm]: ProfilerData event received.
I/flutter (20111): [SPM:perf] 698a51a  buildSpan: 1360µs
I/flutter (20111): [spm] Performance monitoring completed for 698a51a
[spm]: ProfilerData event received.
I/flutter (20111): [SPM:perf] 698a51a  buildSpan: 2042µs
I/flutter (20111): [spm] Performance monitoring completed for 698a51a
[spm]: ProfilerData event received.
I/flutter (20111): [SPM:perf] 698a51a  buildSpan: 2039µs
I/flutter (20111): [spm] Performance monitoring completed for 698a51a
[spm]: ProfilerData event received.
I/flutter (20111): [SPM:perf] 698a51a  buildSpan: 1809µs
I/flutter (20111): [spm] Performance monitoring completed for 698a51a
[spm]: ProfilerData event received.
I/flutter (20111): [SPM:perf] 698a51a  buildSpan: 2008µs
I/flutter (20111): [spm] Performance monitoring completed for 698a51a
[spm]: ProfilerData event received.
I/flutter (20111): [SPM:perf] 698a51a  buildSpan: 2026µs
I/flutter (20111): [spm] Performance monitoring completed for 698a51a
[spm]: ProfilerData event received.
I/flutter (20111): [SPM:perf] 698a51a  buildSpan: 2162µs
I/flutter (20111): [spm] Performance monitoring completed for 698a51a
I/flutter (20111): [SPM:perf] 698a51a  buildSpan: 1835µs
[spm]: ProfilerData event received.
I/flutter (20111): [spm] Performance monitoring completed for 698a51a
[spm]: ProfilerData event received.
I/flutter (20111): [SPM:perf] 698a51a  buildSpan: 2159µs
I/flutter (20111): [spm] Performance monitoring completed for 698a51a
[spm]: ProfilerData event received.
I/flutter (20111): [SPM:perf] 698a51a  buildSpan: 2000µs
I/flutter (20111): [spm] Performance monitoring completed for 698a51a
I/flutter (20111): [SPM:perf] 698a51a  buildSpan: 2173µs
[spm]: ProfilerData event received.
I/flutter (20111): [spm] Performance monitoring completed for 698a51a
I/flutter (20111): [SPM:perf] 698a51a  buildSpan: 1633µs
[spm]: ProfilerData event received.
I/flutter (20111): [spm] Performance monitoring completed for 698a51a
[spm]: ProfilerData event received.
I/flutter (20111): [SPM:perf] 698a51a  buildSpan: 2038µs
I/flutter (20111): [spm] Performance monitoring completed for 698a51a
[spm]: ProfilerData event received.
I/flutter (20111): [SPM:perf] 698a51a  buildSpan: 1783µs
I/flutter (20111): [spm] Performance monitoring completed for 698a51a
[spm]: ProfilerData event received.
I/flutter (20111): [SPM:perf] 698a51a  buildSpan: 1801µs
I/flutter (20111): [spm] Performance monitoring completed for 698a51a
[spm]: ProfilerData event received.
I/flutter (20111): [SPM:perf] 698a51a  buildSpan: 2091µs
I/flutter (20111): [spm] Performance monitoring completed for 698a51a
[spm]: ProfilerData event received.
I/flutter (20111): [SPM:perf] 698a51a  buildSpan: 1994µs
I/flutter (20111): [spm] Performance monitoring completed for 698a51a
[spm]: ProfilerData event received.
I/flutter (20111): [SPM:perf] 698a51a  buildSpan: 2421µs
I/flutter (20111): [spm] Performance monitoring completed for 698a51a
I/flutter (20111): 01:10 +1: (tearDownAll)
I/flutter (20111): 01:11 +2: All tests passed!
All tests passed.
[spm]: Saved 30 profiler events to <ROOT>/dataset-new_samples/2382/redmi9t/raw/20260913-000259/rev_016_42cdec2b/e1.jsonl
[spm]: Reverting injection...
3 issues found. (ran in 0.5s)
WARNING: Your Android app project: app located at: <ROOT>/android/app/build.gradle.kts
applies the Kotlin Gradle Plugin, which will cause build failures in future versions of Flutter. 
Please migrate your app to Built-in Kotlin using this guide: https://docs.flutter.dev/release/breaking-changes/migrate-to-built-in-kotlin/for-app-developers

VMServiceFlutterDriver: Connecting to Flutter application at http://127.0.0.1:45453/M_KtQCj7pYw=/
[spm]: Detected VM service URI: ws://127.0.0.1:45453/M_KtQCj7pYw=/ws
VMServiceFlutterDriver: Isolate found with number: 2415992099966431
VMServiceFlutterDriver: Isolate 2415992099966431 is runnable.
VMServiceFlutterDriver: Isolate is paused at start.
VMServiceFlutterDriver: Attempting to resume isolate
VMServiceFlutterDriver: Connected to Flutter application.
VMServiceFlutterDriver: request_data message is taking a long time to complete...