# sample_id=2382/rev_016_42cdec2b exec_index=5 ok=True perf_lines=30 vm_events=30 battery_pct=73 soc_temp_millic=37100 battery_temp_c=29.2 charging=False preflight_started=2026-09-13T05:25:15.960234+00:00 started=2026-09-13T05:25:18.643942+00:00 ts=2026-09-13T05:27:16.704039+00:00
[spm]: Running flutter analyze...
Resolving dependencies...
Downloading packages...
  _fe_analyzer_shared 100.0.0 (108.0.0 available)
  analyzer 13.0.0 (14.4.0 available)
  async 2.13.0 (2.13.1 available)
  clock 1.1.2 (1.1.3 available)
  cupertino_icons 1.0.8 (1.0.9 available)
  glob 2.1.3 (2.2.0 available)
  lints 6.0.0 (6.1.0 available)
  matcher 0.12.19 (0.12.20 available)
  material_color_utilities 0.13.0 (0.13.1 available)
  meta 1.18.0 (1.19.0 available)
  package_config 2.2.0 (3.0.0 available)
  platform 3.1.6 (3.2.0 available)
  process 5.0.5 (5.0.6 available)
  pub_semver 2.2.0 (2.2.1 available)
  source_span 1.10.1 (1.10.2 available)
  stack_trace 1.12.1 (1.12.2 available)
  test_api 0.7.11 (0.7.14 available)
  vector_math 2.2.0 (2.4.2 available)
  vm_service 15.0.2 (15.3.0 available)
  webdriver 3.1.0 (3.2.0 available)
  yaml 3.1.3 (3.1.4 available)
Got dependencies!
21 packages have newer versions incompatible with dependency constraints.
Try `flutter pub outdated` for more information.
Analyzing lib...                                                

   info • The part-of directive uses a library name. Try converting the directive to use the URI of the library • lib/dependencies.dart:46:1 • use_string_in_part_of_directives
   info • Library names are not necessary. Remove the library name • lib/generated_widget.dart:2:9 • unnecessary_library_name
   info • Constructors in '@immutable' classes should be declared as 'const'. Try adding 'const' to the constructor declaration • lib/generated_widget.dart:12:3 • prefer_const_constructors_in_immutables

[spm]: Injecting profiler code...
[spm]: Starting app...
Running Gradle task 'assembleProfile'...                        
Running Gradle task 'assembleProfile'...                           18.1s
✓ Built build/app/outputs/flutter-apk/app-profile.apk (26.8MB)
Installing build/app/outputs/flutter-apk/app-profile.apk...      1,093ms
I/hmark_containe(32729): hiddenapi: Accessing hidden method Landroid/view/accessibility/AccessibilityNodeInfo;->getSourceNodeId()J (runtime_flags=0, domain=platform, api=unsupported,test-api) from Lio/flutter/view/AccessibilityViewEmbedder$ReflectionAccessors; (domain=app, TargetSdkVersion=36) using reflection: allowed
I/hmark_containe(32729): hiddenapi: Accessing hidden method Landroid/view/accessibility/AccessibilityRecord;->getSourceNodeId()J (runtime_flags=0, domain=platform, api=unsupported) from Lio/flutter/view/AccessibilityViewEmbedder$ReflectionAccessors; (domain=app, TargetSdkVersion=36) using reflection: allowed
I/hmark_containe(32729): hiddenapi: Accessing hidden field Landroid/view/accessibility/AccessibilityNodeInfo;->mChildNodeIds:Landroid/util/LongArray; (runtime_flags=0, domain=platform, api=unsupported) from Lio/flutter/view/AccessibilityViewEmbedder$ReflectionAccessors; (domain=app, TargetSdkVersion=36) using reflection: allowed
I/hmark_containe(32729): hiddenapi: Accessing hidden method Landroid/util/LongArray;->get(I)J (runtime_flags=0, domain=platform, api=unsupported) from Lio/flutter/view/AccessibilityViewEmbedder$ReflectionAccessors; (domain=app, TargetSdkVersion=36) using reflection: allowed
D/MiuiMultiWindowUtils(32729): freeform resolution args raw data:{  "zizhan":{    "freeform_args": {      "inner":{        "vertical_portrait":{"aspect_ratio":0.626, "original_ratio":0.5643,"original_scale":0.74,"top_margin":0.168,"left_margin":0.484},        "horizontal_portrait":{"aspect_ratio":0.626, "original_ratio":0.5643,"original_scale":0.74,"top_margin":0.1222,"left_margin":0.59745},        "vertical_landscape":{"aspect_ratio":1.6, "original_ratio":1,"original_scale":0.604,"top_margin":0.2596,"left_margin":0.2624},        "horizontal_landscape":{"aspect_ratio":1.6, "original_ratio":1,"original_scale":0.604,"top_margin":0.213,"left_margin":0.3758}      },      "outer":{        "vertical_portrait":{"aspect_ratio":0.626, "original_ratio":1,"original_scale":0.74,"top_margin":0.0753,"left_margin":-1},        "horizontal_portrait":{"aspect_ratio":0.626, "original_ratio":1,"original_scale":0.5756,"top_margin":-1,"left_margin":0.0753},        "vertical_landscape":{"aspect_ratio":1.6, "original_ratio":0.6847,"original_scale":0.587,"top_margin":0.0753,"left_margin":-1},        "horizontal_landscape":{"aspect_ratio":1.6, "original_ratio":0.6847,"original_scale":0.587,"top_margin":-1,"left_margin":0.0753}}    },    "mini_freeform_args":{      "inner":{        "vertical_portrait":{"aspect_ratio":0.626, "original_ratio":0.147},        "horizontal_portrait":{"aspect_ratio":0.626, "original_ratio":0.147},        "vertical_landscape":{"aspect_ratio":1.6, "original_ratio":0.165},        "horizontal_landscape":{"aspect_ratio":1.6, "original_ratio":0.165}      },      "outer":{        "vertical_portrait":{"aspect_ratio":0.626, "original_ratio":0.26},        "horizontal_portrait":{"aspect_ratio":0.626, "original_ratio":0.26},        "vertical_landscape":{"aspect_ratio":1.6, "original_ratio":0.293},        "horizontal_landscape":{"aspect_ratio":1.6, "original_ratio":0.293}}    }  },  "wide_default":{    "freeform_args": {        "vertical_portrait":{"aspect_ratio":0.625, "original_ratio":0.5806,"original_scale":0.7574,"top_margin":0.125,"left_margin":0.392},        "horizontal_portrait":{"aspect_ratio":0.625, "original_ratio":0.5806,"original_scale":0.7574,"top_margin":-1,"left_margin":0.6415},        "vertical_landscape":{"aspect_ratio":1.6, "original_ratio":1,"original_scale":0.5153,"top_margin":0.125,"left_margin":0.206},        "horizontal_landscape":{"aspect_ratio":1.6, "original_ratio":1,"original_scale":0.5153,"top_margin":-1,"left_margin":0.456}    },    "mini_freeform_args":{        "vertical_portrait":{"aspect_ratio":0.5625, "original_ratio":0.144},        "horizontal_portrait":{"aspect_ratio":0.5625, "original_ratio":0.144},        "vertical_landscape":{"aspect_ratio":-1, "original_ratio":0.144},        "horizontal_landscape":{"aspect_ratio":-1, "original_ratio":0.144}    }  },  "narrow_default": {    "freeform_args": {        "vertical_portrait":{"aspect_ratio":0.5625, "original_ratio":1,"original_scale":0.7182,"top_margin":0.142,"left_margin":-1},        "horizontal_portrait":{"aspect_ratio":0.8, "original_ratio":1,"original_scale":0.7182,"top_margin":-1,"left_margin":0.05},        "vertical_landscape":{"aspect_ratio":1.6, "original_ratio":0.6545,"original_scale":0.4473,"top_margin":0.142,"left_margin":-1},        "horizontal_landscape":{"aspect_ratio":1.6, "original_ratio":0.6545,"original_scale":0.4473,"top_margin":-1,"left_margin":0.05}    },    "mini_freeform_args":{        "vertical_portrait":{"aspect_ratio":0.5625, "original_ratio":0.3},        "horizontal_portrait":{"aspect_ratio":0.5625, "original_ratio":0.3},        "vertical_landscape":{"aspect_ratio":1.7778, "original_ratio":0.3},        "horizontal_landscape":{"aspect_ratio":1.7778, "original_ratio":0.3}    }  },  "regular_default": {    "freeform_args": {      "vertical_portrait":{"aspect_ratio":0.625, "original_ratio":1,"original_scale":0.7,"top_margin":0.109,"left_margin":-1},      "horizontal_portrait":{"aspect_ratio":0.6667, "original_ratio":1,"original_scale":0.6102,"top_margin":-1,"left_margin":0.026},      "vertical_landscape":{"asp
E/MiuiMultiWindowUtils(32729): initFreeFormResolutionArgs failed, device is lime
D/IS_CTS_MODE(32729): true
D/MULTI_WINDOW_SWITCH_ENABLED(32729): false
D/IS_CTS_MODE(32729): true
D/MULTI_WINDOW_SWITCH_ENABLED(32729): false
D/IS_CTS_MODE(32729): true
D/MULTI_WINDOW_SWITCH_ENABLED(32729): false
D/DecorView[](32729): getWindowModeFromSystem  windowmode is 1
D/DecorView[](32729): getWindowModeFromSystem  windowmode is 1
D/DecorView[](32729): updateDecorCaptionStatus displayWindowDecor is false
W/Looper  (32729): PerfMonitor looperActivity : package=com.example.benchmark_container/.MainActivity time=380ms latency=370ms running=0ms  procState=-1  historyMsgCount=2 (msgIndex=1 wall=380ms seq=4 late=370ms h=android.app.ActivityThread$H w=159) (msgIndex=2 wall=374ms seq=3 h=android.app.ActivityThread$H w=110)
W/Looper  (32729): PerfMonitor looperActivity : package=com.example.benchmark_container/.MainActivity time=0ms latency=752ms running=0ms  procState=-1  historyMsgCount=4 (msgIndex=2 wall=380ms seq=4 h=android.app.ActivityThread$H w=159) (msgIndex=3 wall=374ms seq=3 h=android.app.ActivityThread$H w=110) (msgIndex=4 wall=380ms seq=4 h=android.app.ActivityThread$H w=159)
D/SurfaceView(32729): UPDATE null, mIsCastMode = false
D/hw-ProcessState(32729): Binder ioctl to enable oneway spam detection failed: Invalid argument
W/Looper  (32729): PerfMonitor longMsg : seq=8 plan=08:25:53.359 late=386ms wall=1792ms running=0ms h=android.view.Choreographer$FrameHandler c=android.view.Choreographer$FrameDisplayEventReceiver procState=-1
W/Looper  (32729): PerfMonitor doFrame : time=1792ms vsyncFrame=0 latency=386ms procState=-1 historyMsgCount=4 (msgIndex=1 wall=1792ms seq=8 late=386ms h=android.view.Choreographer$FrameHandler c=android.view.Choreographer$FrameDisplayEventReceiver)
I/Choreographer(32729): Skipped 103 frames!  The application may be doing too much work on its main thread.
D/SurfaceView(32729): UPDATE Surface(name=SurfaceView[com.example.benchmark_container/com.example.benchmark_container.MainActivity])/@0x739554a, mIsProjectionMode = false
W/Looper  (32729): PerfMonitor doFrame : time=2ms vsyncFrame=0 latency=1720ms procState=-1 historyMsgCount=4
[spm]: Connected to Dart VM service.
I/flutter (32729): 00:00 +0: Performance Benchmark
E/hmark_containe(32729): open libmigui.so failed! dlopen - dlopen failed: library "libmigui.so" not found
D/hmark_containe(32729): MiuiProcessManagerServiceStub setSchedFifo
I/MiuiProcessManagerImpl(32729): setSchedFifo pid:32729, mode:3
D/DecorView[](32729): onWindowFocusChanged hasWindowFocus true
D/DecorView[](32729): getWindowModeFromSystem  windowmode is 1
D/DecorView[](32729): updateDecorCaptionStatus displayWindowDecor is false
D/ProfileInstaller(32729): Installing profile for com.example.benchmark_container
I/flutter (32729): [SPM:perf] 698a51a  buildSpan: 1976µs
[spm]: ProfilerData event received.
I/flutter (32729): [spm] Performance monitoring completed for 698a51a
[spm]: ProfilerData event received.
I/flutter (32729): [SPM:perf] 698a51a  buildSpan: 2143µs
I/flutter (32729): [spm] Performance monitoring completed for 698a51a
I/flutter (32729): [SPM:perf] 698a51a  buildSpan: 2203µs
I/flutter (32729): [spm] Performance monitoring completed for 698a51a
[spm]: ProfilerData event received.
[spm]: ProfilerData event received.
I/flutter (32729): [SPM:perf] 698a51a  buildSpan: 2236µs
I/flutter (32729): [spm] Performance monitoring completed for 698a51a
I/flutter (32729): [SPM:perf] 698a51a  buildSpan: 1962µs
I/flutter (32729): [spm] Performance monitoring completed for 698a51a
[spm]: ProfilerData event received.
[spm]: ProfilerData event received.
I/flutter (32729): [SPM:perf] 698a51a  buildSpan: 2068µs
I/flutter (32729): [spm] Performance monitoring completed for 698a51a
[spm]: ProfilerData event received.
I/flutter (32729): [SPM:perf] 698a51a  buildSpan: 2183µs
I/flutter (32729): [spm] Performance monitoring completed for 698a51a
[spm]: ProfilerData event received.
I/flutter (32729): [SPM:perf] 698a51a  buildSpan: 1417µs
I/flutter (32729): [spm] Performance monitoring completed for 698a51a
I/flutter (32729): [SPM:perf] 698a51a  buildSpan: 1583µs
I/flutter (32729): [spm] Performance monitoring completed for 698a51a
[spm]: ProfilerData event received.
[spm]: ProfilerData event received.
I/flutter (32729): [SPM:perf] 698a51a  buildSpan: 1988µs
I/flutter (32729): [spm] Performance monitoring completed for 698a51a
[spm]: ProfilerData event received.
I/flutter (32729): [SPM:perf] 698a51a  buildSpan: 1605µs
I/flutter (32729): [spm] Performance monitoring completed for 698a51a
I/flutter (32729): [SPM:perf] 698a51a  buildSpan: 1954µs
[spm]: ProfilerData event received.
I/flutter (32729): [spm] Performance monitoring completed for 698a51a
[spm]: ProfilerData event received.
I/flutter (32729): [SPM:perf] 698a51a  buildSpan: 2272µs
I/flutter (32729): [spm] Performance monitoring completed for 698a51a
I/flutter (32729): [SPM:perf] 698a51a  buildSpan: 1591µs
I/flutter (32729): [spm] Performance monitoring completed for 698a51a
[spm]: ProfilerData event received.
[spm]: ProfilerData event received.
I/flutter (32729): [SPM:perf] 698a51a  buildSpan: 2559µs
I/flutter (32729): [spm] Performance monitoring completed for 698a51a
[spm]: ProfilerData event received.
I/flutter (32729): [SPM:perf] 698a51a  buildSpan: 1812µs
I/flutter (32729): [spm] Performance monitoring completed for 698a51a
[spm]: ProfilerData event received.
I/flutter (32729): [SPM:perf] 698a51a  buildSpan: 2267µs
I/flutter (32729): [spm] Performance monitoring completed for 698a51a
[spm]: ProfilerData event received.
I/flutter (32729): [SPM:perf] 698a51a  buildSpan: 1988µs
I/flutter (32729): [spm] Performance monitoring completed for 698a51a
I/flutter (32729): [SPM:perf] 698a51a  buildSpan: 1559µs
I/flutter (32729): [spm] Performance monitoring completed for 698a51a
[spm]: ProfilerData event received.
I/flutter (32729): [SPM:perf] 698a51a  buildSpan: 2119µs
I/flutter (32729): [spm] Performance monitoring completed for 698a51a
[spm]: ProfilerData event received.
[spm]: ProfilerData event received.
I/flutter (32729): [SPM:perf] 698a51a  buildSpan: 1959µs
I/flutter (32729): [spm] Performance monitoring completed for 698a51a
I/flutter (32729): [SPM:perf] 698a51a  buildSpan: 1551µs
[spm]: ProfilerData event received.
I/flutter (32729): [spm] Performance monitoring completed for 698a51a
[spm]: ProfilerData event received.
I/flutter (32729): [SPM:perf] 698a51a  buildSpan: 2035µs
I/flutter (32729): [spm] Performance monitoring completed for 698a51a
[spm]: ProfilerData event received.
I/flutter (32729): [SPM:perf] 698a51a  buildSpan: 1662µs
I/flutter (32729): [spm] Performance monitoring completed for 698a51a
[spm]: ProfilerData event received.
I/flutter (32729): [SPM:perf] 698a51a  buildSpan: 2045µs
I/flutter (32729): [spm] Performance monitoring completed for 698a51a
[spm]: ProfilerData event received.
I/flutter (32729): [SPM:perf] 698a51a  buildSpan: 2046µs
I/flutter (32729): [spm] Performance monitoring completed for 698a51a
[spm]: ProfilerData event received.
I/flutter (32729): [SPM:perf] 698a51a  buildSpan: 1394µs
I/flutter (32729): [spm] Performance monitoring completed for 698a51a
[spm]: ProfilerData event received.
I/flutter (32729): [SPM:perf] 698a51a  buildSpan: 1947µs
I/flutter (32729): [spm] Performance monitoring completed for 698a51a
[spm]: ProfilerData event received.
I/flutter (32729): [SPM:perf] 698a51a  buildSpan: 1586µs
I/flutter (32729): [spm] Performance monitoring completed for 698a51a
[spm]: ProfilerData event received.
I/flutter (32729): [SPM:perf] 698a51a  buildSpan: 1661µs
I/flutter (32729): [spm] Performance monitoring completed for 698a51a
I/flutter (32729): 01:10 +1: (tearDownAll)
I/flutter (32729): 01:11 +2: All tests passed!
All tests passed.
[spm]: Saved 30 profiler events to <ROOT>/dataset-new_samples/2382/redmi9t/raw/20260913-000259/rev_016_42cdec2b/e5.jsonl
[spm]: Reverting injection...
3 issues found. (ran in 0.5s)
WARNING: Your Android app project: app located at: <ROOT>/android/app/build.gradle.kts
applies the Kotlin Gradle Plugin, which will cause build failures in future versions of Flutter. 
Please migrate your app to Built-in Kotlin using this guide: https://docs.flutter.dev/release/breaking-changes/migrate-to-built-in-kotlin/for-app-developers

VMServiceFlutterDriver: Connecting to Flutter application at http://127.0.0.1:35899/5waLR-krCNo=/
[spm]: Detected VM service URI: ws://127.0.0.1:35899/5waLR-krCNo=/ws
VMServiceFlutterDriver: Isolate found with number: 3022661161553947
VMServiceFlutterDriver: Isolate 3022661161553947 is runnable.
VMServiceFlutterDriver: Isolate is paused at start.
VMServiceFlutterDriver: Attempting to resume isolate
VMServiceFlutterDriver: Connected to Flutter application.
VMServiceFlutterDriver: request_data message is taking a long time to complete...