# sample_id=24/base exec_index=5 ok=True perf_lines=30 vm_events=30 battery_pct=65 soc_temp_millic=45100 battery_temp_c=32.9 charging=False preflight_started=2026-08-03T12:30:04.159017+00:00 started=2026-08-03T12:30:06.518764+00:00 ts=2026-08-03T12:32:04.008746+00:00
[spm]: Running flutter analyze...
Analyzing lib...                                                
No issues found! (ran in 0.6s)
[spm]: Injecting profiler code...
[spm]: Starting app...
Running Gradle task 'assembleProfile'...                        
Running Gradle task 'assembleProfile'...                           21.1s
✓ Built build/app/outputs/flutter-apk/app-profile.apk (61.8MB)
Installing build/app/outputs/flutter-apk/app-profile.apk...      1,980ms
D/IS_CTS_MODE( 3748): true
D/MULTI_WINDOW_SWITCH_ENABLED( 3748): false
D/IS_CTS_MODE( 3748): true
D/MULTI_WINDOW_SWITCH_ENABLED( 3748): false
D/DecorView[]( 3748): getWindowModeFromSystem  windowmode is 1
I/ForceDarkHelperStubImpl( 3748): setViewRootImplForceDark: false for com.example.benchmark_container.MainActivity@c97a48, reason: AppDarkModeEnable
I/ForceDarkHelperStubImpl( 3748): setViewRootImplForceDark: false for com.example.benchmark_container.MainActivity@c97a48, reason: AppDarkModeEnable
D/DecorView[]( 3748): getWindowModeFromSystem  windowmode is 1
D/DecorView[]( 3748): updateDecorCaptionStatus displayWindowDecor is false
W/Looper  ( 3748): PerfMonitor looperActivity : package=com.example.benchmark_container/.MainActivity time=399ms latency=348ms running=0ms  procState=-1  historyMsgCount=2 (msgIndex=1 wall=399ms seq=4 late=348ms h=android.app.ActivityThread$H w=159) (msgIndex=2 wall=397ms seq=3 h=android.app.ActivityThread$H w=110)
W/Looper  ( 3748): PerfMonitor looperActivity : package=com.example.benchmark_container/.MainActivity time=1ms latency=748ms running=0ms  procState=-1  historyMsgCount=4 (msgIndex=2 wall=399ms seq=4 late=348ms h=android.app.ActivityThread$H w=159) (msgIndex=3 wall=397ms seq=3 h=android.app.ActivityThread$H w=110) (msgIndex=4 wall=399ms seq=4 late=348ms h=android.app.ActivityThread$H w=159)
D/SurfaceView( 3748): UPDATE null, mIsCastMode = false
D/hw-ProcessState( 3748): Binder ioctl to enable oneway spam detection failed: Invalid argument
W/Looper  ( 3748): PerfMonitor longMsg : seq=8 plan=15:30:42.445 late=408ms wall=1704ms running=0ms h=android.view.Choreographer$FrameHandler c=android.view.Choreographer$FrameDisplayEventReceiver procState=-1
W/Looper  ( 3748): PerfMonitor doFrame : time=1704ms vsyncFrame=0 latency=408ms procState=-1 historyMsgCount=7 (msgIndex=2 wall=399ms seq=4 h=android.app.ActivityThread$H w=159) (msgIndex=3 wall=1704ms seq=8 late=408ms h=android.view.Choreographer$FrameHandler c=android.view.Choreographer$FrameDisplayEventReceiver) (msgIndex=4 wall=399ms seq=4 h=android.app.ActivityThread$H w=159)
I/Choreographer( 3748): Skipped 97 frames!  The application may be doing too much work on its main thread.
D/SurfaceView( 3748): UPDATE Surface(name=SurfaceView[com.example.benchmark_container/com.example.benchmark_container.MainActivity])/@0x693748e, mIsProjectionMode = false
W/Looper  ( 3748): PerfMonitor doFrame : time=2ms vsyncFrame=0 latency=1619ms procState=-1 historyMsgCount=4
[spm]: Connected to Dart VM service.
I/flutter ( 3748): 00:00 +0: Performance Benchmark
E/hmark_containe( 3748): open libmigui.so failed! dlopen - dlopen failed: library "libmigui.so" not found
D/hmark_containe( 3748): MiuiProcessManagerServiceStub setSchedFifo
I/MiuiProcessManagerImpl( 3748): setSchedFifo pid:3748, mode:3
D/DecorView[]( 3748): onWindowFocusChanged hasWindowFocus true
D/DecorView[]( 3748): getWindowModeFromSystem  windowmode is 1
D/DecorView[]( 3748): updateDecorCaptionStatus displayWindowDecor is false
D/ProfileInstaller( 3748): Installing profile for com.example.benchmark_container
I/flutter ( 3748): setState 698a51a
I/flutter ( 3748): [SPM:perf] 698a51a  buildSpan: 1017µs
I/flutter ( 3748): [spm] Performance monitoring completed for 698a51a
I/flutter ( 3748): setState 698a51a
[spm]: ProfilerData event received.
[spm]: ProfilerData event received.
I/flutter ( 3748): [SPM:perf] 698a51a  buildSpan: 844µs
I/flutter ( 3748): [spm] Performance monitoring completed for 698a51a
I/flutter ( 3748): setState 698a51a
[spm]: ProfilerData event received.
I/flutter ( 3748): [SPM:perf] 698a51a  buildSpan: 1018µs
I/flutter ( 3748): [spm] Performance monitoring completed for 698a51a
I/flutter ( 3748): setState 698a51a
[spm]: ProfilerData event received.
I/flutter ( 3748): [SPM:perf] 698a51a  buildSpan: 828µs
I/flutter ( 3748): [spm] Performance monitoring completed for 698a51a
I/flutter ( 3748): setState 698a51a
I/flutter ( 3748): [SPM:perf] 698a51a  buildSpan: 987µs
I/flutter ( 3748): [spm] Performance monitoring completed for 698a51a
I/flutter ( 3748): setState 698a51a
[spm]: ProfilerData event received.
I/flutter ( 3748): [SPM:perf] 698a51a  buildSpan: 824µs
[spm]: ProfilerData event received.
I/flutter ( 3748): [spm] Performance monitoring completed for 698a51a
I/flutter ( 3748): setState 698a51a
[spm]: ProfilerData event received.
I/flutter ( 3748): [SPM:perf] 698a51a  buildSpan: 796µs
I/flutter ( 3748): [spm] Performance monitoring completed for 698a51a
I/flutter ( 3748): setState 698a51a
[spm]: ProfilerData event received.
I/flutter ( 3748): [SPM:perf] 698a51a  buildSpan: 851µs
I/flutter ( 3748): [spm] Performance monitoring completed for 698a51a
I/flutter ( 3748): setState 698a51a
[spm]: ProfilerData event received.
I/flutter ( 3748): [SPM:perf] 698a51a  buildSpan: 912µs
I/flutter ( 3748): [spm] Performance monitoring completed for 698a51a
I/flutter ( 3748): setState 698a51a
[spm]: ProfilerData event received.
I/flutter ( 3748): [SPM:perf] 698a51a  buildSpan: 1491µs
I/flutter ( 3748): [spm] Performance monitoring completed for 698a51a
I/flutter ( 3748): setState 698a51a
[spm]: ProfilerData event received.
I/flutter ( 3748): [SPM:perf] 698a51a  buildSpan: 845µs
I/flutter ( 3748): [spm] Performance monitoring completed for 698a51a
I/flutter ( 3748): setState 698a51a
I/flutter ( 3748): [SPM:perf] 698a51a  buildSpan: 848µs
[spm]: ProfilerData event received.
I/flutter ( 3748): [spm] Performance monitoring completed for 698a51a
I/flutter ( 3748): setState 698a51a
[spm]: ProfilerData event received.
I/flutter ( 3748): [SPM:perf] 698a51a  buildSpan: 969µs
I/flutter ( 3748): [spm] Performance monitoring completed for 698a51a
I/flutter ( 3748): setState 698a51a
[spm]: ProfilerData event received.
I/flutter ( 3748): [SPM:perf] 698a51a  buildSpan: 900µs
I/flutter ( 3748): [spm] Performance monitoring completed for 698a51a
I/flutter ( 3748): setState 698a51a
[spm]: ProfilerData event received.
I/flutter ( 3748): [SPM:perf] 698a51a  buildSpan: 863µs
I/flutter ( 3748): [spm] Performance monitoring completed for 698a51a
I/flutter ( 3748): setState 698a51a
[spm]: ProfilerData event received.
I/flutter ( 3748): [SPM:perf] 698a51a  buildSpan: 873µs
I/flutter ( 3748): [spm] Performance monitoring completed for 698a51a
I/flutter ( 3748): setState 698a51a
[spm]: ProfilerData event received.
I/flutter ( 3748): [SPM:perf] 698a51a  buildSpan: 893µs
I/flutter ( 3748): [spm] Performance monitoring completed for 698a51a
I/flutter ( 3748): setState 698a51a
[spm]: ProfilerData event received.
I/flutter ( 3748): [SPM:perf] 698a51a  buildSpan: 879µs
I/flutter ( 3748): [spm] Performance monitoring completed for 698a51a
I/flutter ( 3748): setState 698a51a
I/flutter ( 3748): [SPM:perf] 698a51a  buildSpan: 866µs
I/flutter ( 3748): [spm] Performance monitoring completed for 698a51a
[spm]: ProfilerData event received.
I/flutter ( 3748): setState 698a51a
[spm]: ProfilerData event received.
I/flutter ( 3748): [SPM:perf] 698a51a  buildSpan: 1054µs
I/flutter ( 3748): [spm] Performance monitoring completed for 698a51a
I/flutter ( 3748): setState 698a51a
[spm]: ProfilerData event received.
I/flutter ( 3748): [SPM:perf] 698a51a  buildSpan: 854µs
I/flutter ( 3748): [spm] Performance monitoring completed for 698a51a
I/flutter ( 3748): setState 698a51a
[spm]: ProfilerData event received.
I/flutter ( 3748): [SPM:perf] 698a51a  buildSpan: 819µs
I/flutter ( 3748): [spm] Performance monitoring completed for 698a51a
I/flutter ( 3748): setState 698a51a
I/flutter ( 3748): [SPM:perf] 698a51a  buildSpan: 1042µs
I/flutter ( 3748): [spm] Performance monitoring completed for 698a51a
[spm]: ProfilerData event received.
I/flutter ( 3748): setState 698a51a
[spm]: ProfilerData event received.
I/flutter ( 3748): [SPM:perf] 698a51a  buildSpan: 1150µs
I/flutter ( 3748): [spm] Performance monitoring completed for 698a51a
I/flutter ( 3748): setState 698a51a
[spm]: ProfilerData event received.
I/flutter ( 3748): [SPM:perf] 698a51a  buildSpan: 1035µs
I/flutter ( 3748): [spm] Performance monitoring completed for 698a51a
I/flutter ( 3748): setState 698a51a
I/flutter ( 3748): [SPM:perf] 698a51a  buildSpan: 1023µs
I/flutter ( 3748): [spm] Performance monitoring completed for 698a51a
I/flutter ( 3748): setState 698a51a
[spm]: ProfilerData event received.
[spm]: ProfilerData event received.
I/flutter ( 3748): [SPM:perf] 698a51a  buildSpan: 891µs
I/flutter ( 3748): [spm] Performance monitoring completed for 698a51a
I/flutter ( 3748): setState 698a51a
[spm]: ProfilerData event received.
I/flutter ( 3748): [SPM:perf] 698a51a  buildSpan: 884µs
I/flutter ( 3748): [spm] Performance monitoring completed for 698a51a
I/flutter ( 3748): setState 698a51a
I/flutter ( 3748): [SPM:perf] 698a51a  buildSpan: 850µs
I/flutter ( 3748): [spm] Performance monitoring completed for 698a51a
[spm]: ProfilerData event received.
I/flutter ( 3748): setState 698a51a
[spm]: ProfilerData event received.
I/flutter ( 3748): [SPM:perf] 698a51a  buildSpan: 922µs
I/flutter ( 3748): [spm] Performance monitoring completed for 698a51a
I/flutter ( 3748): 01:10 +1: (tearDownAll)
I/flutter ( 3748): 01:11 +2: All tests passed!
All tests passed.
[spm]: Saved 30 profiler events to <ROOT>/dataset/24/redmi9t/raw/20260803-122848/base/e5.jsonl
[spm]: Reverting injection...
WARNING: Your Android app project: app located at: <ROOT>/android/app/build.gradle.kts
applies the Kotlin Gradle Plugin, which will cause build failures in future versions of Flutter. 
Please migrate your app to Built-in Kotlin using this guide: https://docs.flutter.dev/release/breaking-changes/migrate-to-built-in-kotlin/for-app-developers

VMServiceFlutterDriver: Connecting to Flutter application at http://127.0.0.1:43691/GJR79_wq9Bg=/
[spm]: Detected VM service URI: ws://127.0.0.1:43691/GJR79_wq9Bg=/ws
VMServiceFlutterDriver: Isolate found with number: 1853188949549495
VMServiceFlutterDriver: Isolate 1853188949549495 is runnable.
VMServiceFlutterDriver: Isolate is paused at start.
VMServiceFlutterDriver: Attempting to resume isolate
VMServiceFlutterDriver: Connected to Flutter application.