# sample_id=12/base exec_index=13 ok=True perf_lines=30 vm_events=30 battery_pct=65 soc_temp_millic=37100 battery_temp_c=28.9 charging=False preflight_started=2026-07-31T06:15:27.735138+00:00 started=2026-07-31T06:15:30.552475+00:00 ts=2026-07-31T06:17:31.026009+00:00
[spm]: Running flutter analyze...
Analyzing lib...                                                

   info • Invalid use of a private type in a public API. Try making the private type public, or making the API that uses the private type also be private • lib/dependencies.dart:13:3 • library_private_types_in_public_api

[spm]: Injecting profiler code...
[spm]: Starting app...
Running Gradle task 'assembleProfile'...                        
Running Gradle task 'assembleProfile'...                           20.1s
✓ Built build/app/outputs/flutter-apk/app-profile.apk (61.8MB)
Installing build/app/outputs/flutter-apk/app-profile.apk...      2,454ms
D/DecorView[](30716): getWindowModeFromSystem  windowmode is 1
D/DecorView[](30716): getWindowModeFromSystem  windowmode is 1
D/DecorView[](30716): updateDecorCaptionStatus displayWindowDecor is false
W/Looper  (30716): PerfMonitor looperActivity : package=com.example.benchmark_container/.MainActivity time=366ms latency=404ms running=0ms  procState=-1  historyMsgCount=2 (msgIndex=1 wall=366ms seq=4 late=404ms h=android.app.ActivityThread$H w=159) (msgIndex=2 wall=411ms seq=3 h=android.app.ActivityThread$H w=110)
W/Looper  (30716): PerfMonitor looperActivity : package=com.example.benchmark_container/.MainActivity time=1ms latency=771ms running=0ms  procState=-1  historyMsgCount=4 (msgIndex=2 wall=366ms seq=4 late=404ms h=android.app.ActivityThread$H w=159) (msgIndex=3 wall=411ms seq=3 h=android.app.ActivityThread$H w=110) (msgIndex=4 wall=366ms seq=4 late=404ms h=android.app.ActivityThread$H w=159)
D/SurfaceView(30716): UPDATE null, mIsCastMode = false
D/hw-ProcessState(30716): Binder ioctl to enable oneway spam detection failed: Invalid argument
W/Looper  (30716): PerfMonitor longMsg : seq=8 plan=09:16:06.704 late=393ms wall=1685ms running=0ms h=android.view.Choreographer$FrameHandler c=android.view.Choreographer$FrameDisplayEventReceiver procState=-1
W/Looper  (30716): PerfMonitor doFrame : time=1685ms vsyncFrame=0 latency=393ms procState=-1 historyMsgCount=7 (msgIndex=2 wall=366ms seq=4 h=android.app.ActivityThread$H w=159) (msgIndex=3 wall=1685ms seq=8 late=393ms h=android.view.Choreographer$FrameHandler c=android.view.Choreographer$FrameDisplayEventReceiver) (msgIndex=4 wall=366ms seq=4 h=android.app.ActivityThread$H w=159)
I/Choreographer(30716): Skipped 96 frames!  The application may be doing too much work on its main thread.
D/SurfaceView(30716): UPDATE Surface(name=SurfaceView[com.example.benchmark_container/com.example.benchmark_container.MainActivity])/@0x4d86cce, mIsProjectionMode = false
W/Looper  (30716): PerfMonitor doFrame : time=3ms vsyncFrame=0 latency=1602ms procState=-1 historyMsgCount=4
[spm]: Connected to Dart VM service.
I/flutter (30716): 00:00 +0: Performance Benchmark
E/hmark_containe(30716): open libmigui.so failed! dlopen - dlopen failed: library "libmigui.so" not found
D/hmark_containe(30716): MiuiProcessManagerServiceStub setSchedFifo
I/MiuiProcessManagerImpl(30716): setSchedFifo pid:30716, mode:3
D/DecorView[](30716): onWindowFocusChanged hasWindowFocus true
D/DecorView[](30716): getWindowModeFromSystem  windowmode is 1
D/DecorView[](30716): updateDecorCaptionStatus displayWindowDecor is false
D/ProfileInstaller(30716): Installing profile for com.example.benchmark_container
I/flutter (30716): setState 698a51a
[spm]: ProfilerData event received.
I/flutter (30716): [SPM:perf] 698a51a  buildSpan: 1908µs
I/flutter (30716): [spm] Performance monitoring completed for 698a51a
I/flutter (30716): setState 698a51a
[spm]: ProfilerData event received.
I/flutter (30716): [SPM:perf] 698a51a  buildSpan: 2123µs
I/flutter (30716): [spm] Performance monitoring completed for 698a51a
I/flutter (30716): setState 698a51a
[spm]: ProfilerData event received.
I/flutter (30716): [SPM:perf] 698a51a  buildSpan: 1904µs
I/flutter (30716): [spm] Performance monitoring completed for 698a51a
I/flutter (30716): setState 698a51a
[spm]: ProfilerData event received.
I/flutter (30716): [SPM:perf] 698a51a  buildSpan: 1470µs
I/flutter (30716): [spm] Performance monitoring completed for 698a51a
I/flutter (30716): setState 698a51a
[spm]: ProfilerData event received.
I/flutter (30716): [SPM:perf] 698a51a  buildSpan: 1943µs
I/flutter (30716): [spm] Performance monitoring completed for 698a51a
I/flutter (30716): setState 698a51a
[spm]: ProfilerData event received.
I/flutter (30716): [SPM:perf] 698a51a  buildSpan: 1908µs
I/flutter (30716): [spm] Performance monitoring completed for 698a51a
I/flutter (30716): setState 698a51a
[spm]: ProfilerData event received.
I/flutter (30716): [SPM:perf] 698a51a  buildSpan: 1973µs
I/flutter (30716): [spm] Performance monitoring completed for 698a51a
I/flutter (30716): setState 698a51a
[spm]: ProfilerData event received.
I/flutter (30716): [SPM:perf] 698a51a  buildSpan: 2017µs
I/flutter (30716): [spm] Performance monitoring completed for 698a51a
I/flutter (30716): setState 698a51a
[spm]: ProfilerData event received.
I/flutter (30716): [SPM:perf] 698a51a  buildSpan: 1888µs
I/flutter (30716): [spm] Performance monitoring completed for 698a51a
I/flutter (30716): setState 698a51a
[spm]: ProfilerData event received.
I/flutter (30716): [SPM:perf] 698a51a  buildSpan: 1933µs
I/flutter (30716): [spm] Performance monitoring completed for 698a51a
I/flutter (30716): setState 698a51a
[spm]: ProfilerData event received.
I/flutter (30716): [SPM:perf] 698a51a  buildSpan: 1902µs
I/flutter (30716): [spm] Performance monitoring completed for 698a51a
I/flutter (30716): setState 698a51a
[spm]: ProfilerData event received.
I/flutter (30716): [SPM:perf] 698a51a  buildSpan: 1986µs
I/flutter (30716): [spm] Performance monitoring completed for 698a51a
I/flutter (30716): setState 698a51a
[spm]: ProfilerData event received.
I/flutter (30716): [SPM:perf] 698a51a  buildSpan: 1915µs
I/flutter (30716): [spm] Performance monitoring completed for 698a51a
I/flutter (30716): setState 698a51a
[spm]: ProfilerData event received.
I/flutter (30716): [SPM:perf] 698a51a  buildSpan: 1371µs
I/flutter (30716): [spm] Performance monitoring completed for 698a51a
I/flutter (30716): setState 698a51a
[spm]: ProfilerData event received.
I/flutter (30716): [SPM:perf] 698a51a  buildSpan: 2028µs
I/flutter (30716): [spm] Performance monitoring completed for 698a51a
I/flutter (30716): setState 698a51a
[spm]: ProfilerData event received.
I/flutter (30716): [SPM:perf] 698a51a  buildSpan: 2217µs
I/flutter (30716): [spm] Performance monitoring completed for 698a51a
I/flutter (30716): setState 698a51a
[spm]: ProfilerData event received.
I/flutter (30716): [SPM:perf] 698a51a  buildSpan: 1742µs
I/flutter (30716): [spm] Performance monitoring completed for 698a51a
I/flutter (30716): setState 698a51a
[spm]: ProfilerData event received.
I/flutter (30716): [SPM:perf] 698a51a  buildSpan: 1940µs
I/flutter (30716): [spm] Performance monitoring completed for 698a51a
I/flutter (30716): setState 698a51a
[spm]: ProfilerData event received.
I/flutter (30716): [SPM:perf] 698a51a  buildSpan: 1545µs
I/flutter (30716): [spm] Performance monitoring completed for 698a51a
I/flutter (30716): setState 698a51a
[spm]: ProfilerData event received.
I/flutter (30716): [SPM:perf] 698a51a  buildSpan: 1535µs
I/flutter (30716): [spm] Performance monitoring completed for 698a51a
I/flutter (30716): setState 698a51a
[spm]: ProfilerData event received.
I/flutter (30716): [SPM:perf] 698a51a  buildSpan: 1918µs
I/flutter (30716): [spm] Performance monitoring completed for 698a51a
I/flutter (30716): setState 698a51a
[spm]: ProfilerData event received.
I/flutter (30716): [SPM:perf] 698a51a  buildSpan: 1994µs
I/flutter (30716): [spm] Performance monitoring completed for 698a51a
I/flutter (30716): setState 698a51a
[spm]: ProfilerData event received.
I/flutter (30716): [SPM:perf] 698a51a  buildSpan: 2170µs
I/flutter (30716): [spm] Performance monitoring completed for 698a51a
I/flutter (30716): setState 698a51a
[spm]: ProfilerData event received.
I/flutter (30716): [SPM:perf] 698a51a  buildSpan: 1949µs
I/flutter (30716): [spm] Performance monitoring completed for 698a51a
I/flutter (30716): setState 698a51a
[spm]: ProfilerData event received.
I/flutter (30716): [SPM:perf] 698a51a  buildSpan: 1497µs
I/flutter (30716): [spm] Performance monitoring completed for 698a51a
I/flutter (30716): setState 698a51a
[spm]: ProfilerData event received.
I/flutter (30716): [SPM:perf] 698a51a  buildSpan: 1975µs
I/flutter (30716): [spm] Performance monitoring completed for 698a51a
I/flutter (30716): setState 698a51a
[spm]: ProfilerData event received.
I/flutter (30716): [SPM:perf] 698a51a  buildSpan: 2073µs
I/flutter (30716): [spm] Performance monitoring completed for 698a51a
I/flutter (30716): setState 698a51a
[spm]: ProfilerData event received.
I/flutter (30716): [SPM:perf] 698a51a  buildSpan: 1906µs
I/flutter (30716): [spm] Performance monitoring completed for 698a51a
I/flutter (30716): setState 698a51a
[spm]: ProfilerData event received.
I/flutter (30716): [SPM:perf] 698a51a  buildSpan: 1968µs
I/flutter (30716): [spm] Performance monitoring completed for 698a51a
I/flutter (30716): setState 698a51a
[spm]: ProfilerData event received.
I/flutter (30716): [SPM:perf] 698a51a  buildSpan: 1591µs
I/flutter (30716): [spm] Performance monitoring completed for 698a51a
I/flutter (30716): 01:12 +1: (tearDownAll)
I/flutter (30716): 01:13 +2: All tests passed!
All tests passed.
[spm]: Saved 30 profiler events to <ROOT>/dataset/12/redmi9t/raw/20260731-060049/base/e13.jsonl
[spm]: Reverting injection...
1 issue found. (ran in 0.5s)
WARNING: Your Android app project: app located at: <ROOT>/android/app/build.gradle.kts
applies the Kotlin Gradle Plugin, which will cause build failures in future versions of Flutter. 
Please migrate your app to Built-in Kotlin using this guide: https://docs.flutter.dev/release/breaking-changes/migrate-to-built-in-kotlin/for-app-developers

VMServiceFlutterDriver: Connecting to Flutter application at http://127.0.0.1:46193/zQUPBxYcHe8=/
[spm]: Detected VM service URI: ws://127.0.0.1:46193/zQUPBxYcHe8=/ws
VMServiceFlutterDriver: Isolate found with number: 2450163281309911
VMServiceFlutterDriver: Isolate 2450163281309911 is runnable.
VMServiceFlutterDriver: Isolate is paused at start.
VMServiceFlutterDriver: Attempting to resume isolate
VMServiceFlutterDriver: Connected to Flutter application.