# sample_id=12/base exec_index=14 ok=True perf_lines=30 vm_events=30 battery_pct=73 soc_temp_millic=37000 battery_temp_c=27.6 charging=False preflight_started=2026-07-31T04:28:11.586556+00:00 started=2026-07-31T04:28:14.281695+00:00 ts=2026-07-31T04:30:18.355091+00:00
[spm]: Running flutter analyze...
Analyzing lib...                                                

   info • Invalid use of a private type in a public API. Try making the private type public, or making the API that uses the private type also be private • lib/dependencies.dart:13:3 • library_private_types_in_public_api

[spm]: Injecting profiler code...
[spm]: Starting app...
Running Gradle task 'assembleProfile'...                        
Running Gradle task 'assembleProfile'...                           22.5s
✓ Built build/app/outputs/flutter-apk/app-profile.apk (61.8MB)
Installing build/app/outputs/flutter-apk/app-profile.apk...      2,290ms
E/MiuiMultiWindowUtils(  644): initFreeFormResolutionArgs failed, device is lime
D/IS_CTS_MODE(  644): true
D/MULTI_WINDOW_SWITCH_ENABLED(  644): false
D/IS_CTS_MODE(  644): true
D/MULTI_WINDOW_SWITCH_ENABLED(  644): false
D/IS_CTS_MODE(  644): true
D/MULTI_WINDOW_SWITCH_ENABLED(  644): false
D/DecorView[](  644): getWindowModeFromSystem  windowmode is 1
D/DecorView[](  644): getWindowModeFromSystem  windowmode is 1
D/DecorView[](  644): updateDecorCaptionStatus displayWindowDecor is false
W/Looper  (  644): PerfMonitor looperActivity : package=com.example.benchmark_container/.MainActivity time=371ms latency=379ms running=0ms  procState=-1  historyMsgCount=3 (msgIndex=3 wall=372ms seq=3 h=android.app.ActivityThread$H w=110)
W/Looper  (  644): PerfMonitor looperActivity : package=com.example.benchmark_container/.MainActivity time=0ms latency=676ms running=0ms  procState=-1  historyMsgCount=3 (msgIndex=2 wall=372ms seq=3 h=android.app.ActivityThread$H w=110) (msgIndex=3 wall=371ms seq=4 late=379ms h=android.app.ActivityThread$H w=159)
D/SurfaceView(  644): UPDATE null, mIsCastMode = false
D/hw-ProcessState(  644): Binder ioctl to enable oneway spam detection failed: Invalid argument
W/Looper  (  644): PerfMonitor longMsg : seq=8 plan=07:28:53.624 late=394ms wall=1669ms running=0ms h=android.view.Choreographer$FrameHandler c=android.view.Choreographer$FrameDisplayEventReceiver procState=-1
W/Looper  (  644): PerfMonitor doFrame : time=1669ms vsyncFrame=0 latency=394ms procState=-1 historyMsgCount=7 (msgIndex=3 wall=1669ms seq=8 late=394ms h=android.view.Choreographer$FrameHandler c=android.view.Choreographer$FrameDisplayEventReceiver) (msgIndex=4 wall=371ms seq=4 h=android.app.ActivityThread$H w=159)
I/Choreographer(  644): Skipped 95 frames!  The application may be doing too much work on its main thread.
D/SurfaceView(  644): UPDATE Surface(name=SurfaceView[com.example.benchmark_container/com.example.benchmark_container.MainActivity])/@0x4d86cce, mIsProjectionMode = false
W/Looper  (  644): PerfMonitor doFrame : time=4ms vsyncFrame=0 latency=1585ms procState=-1 historyMsgCount=4
[spm]: Connected to Dart VM service.
I/flutter (  644): 00:00 +0: Performance Benchmark
E/hmark_containe(  644): open libmigui.so failed! dlopen - dlopen failed: library "libmigui.so" not found
D/hmark_containe(  644): MiuiProcessManagerServiceStub setSchedFifo
I/MiuiProcessManagerImpl(  644): setSchedFifo pid:644, mode:3
D/DecorView[](  644): onWindowFocusChanged hasWindowFocus true
D/DecorView[](  644): getWindowModeFromSystem  windowmode is 1
D/DecorView[](  644): updateDecorCaptionStatus displayWindowDecor is false
D/ProfileInstaller(  644): Installing profile for com.example.benchmark_container
I/flutter (  644): setState 698a51a
I/flutter (  644): [SPM:perf] 698a51a  buildSpan: 1699µs
I/flutter (  644): [spm] Performance monitoring completed for 698a51a
I/flutter (  644): setState 698a51a
[spm]: ProfilerData event received.
[spm]: ProfilerData event received.
I/flutter (  644): [SPM:perf] 698a51a  buildSpan: 1968µs
I/flutter (  644): [spm] Performance monitoring completed for 698a51a
I/flutter (  644): setState 698a51a
[spm]: ProfilerData event received.
I/flutter (  644): [SPM:perf] 698a51a  buildSpan: 1898µs
I/flutter (  644): [spm] Performance monitoring completed for 698a51a
I/flutter (  644): setState 698a51a
[spm]: ProfilerData event received.
I/flutter (  644): [SPM:perf] 698a51a  buildSpan: 1957µs
I/flutter (  644): [spm] Performance monitoring completed for 698a51a
I/flutter (  644): setState 698a51a
[spm]: ProfilerData event received.
I/flutter (  644): [SPM:perf] 698a51a  buildSpan: 2019µs
I/flutter (  644): [spm] Performance monitoring completed for 698a51a
I/flutter (  644): setState 698a51a
[spm]: ProfilerData event received.
I/flutter (  644): [SPM:perf] 698a51a  buildSpan: 1455µs
I/flutter (  644): [spm] Performance monitoring completed for 698a51a
I/flutter (  644): setState 698a51a
[spm]: ProfilerData event received.
I/flutter (  644): [SPM:perf] 698a51a  buildSpan: 1634µs
I/flutter (  644): [spm] Performance monitoring completed for 698a51a
I/flutter (  644): setState 698a51a
[spm]: ProfilerData event received.
I/flutter (  644): [SPM:perf] 698a51a  buildSpan: 1945µs
I/flutter (  644): [spm] Performance monitoring completed for 698a51a
I/flutter (  644): setState 698a51a
[spm]: ProfilerData event received.
I/flutter (  644): [SPM:perf] 698a51a  buildSpan: 1994µs
I/flutter (  644): [spm] Performance monitoring completed for 698a51a
I/flutter (  644): setState 698a51a
[spm]: ProfilerData event received.
I/flutter (  644): [SPM:perf] 698a51a  buildSpan: 1948µs
I/flutter (  644): [spm] Performance monitoring completed for 698a51a
I/flutter (  644): setState 698a51a
[spm]: ProfilerData event received.
I/flutter (  644): [SPM:perf] 698a51a  buildSpan: 1649µs
I/flutter (  644): [spm] Performance monitoring completed for 698a51a
I/flutter (  644): setState 698a51a
[spm]: ProfilerData event received.
I/flutter (  644): [SPM:perf] 698a51a  buildSpan: 2074µs
I/flutter (  644): [spm] Performance monitoring completed for 698a51a
I/flutter (  644): setState 698a51a
[spm]: ProfilerData event received.
I/flutter (  644): [SPM:perf] 698a51a  buildSpan: 1884µs
I/flutter (  644): [spm] Performance monitoring completed for 698a51a
I/flutter (  644): setState 698a51a
[spm]: ProfilerData event received.
I/flutter (  644): [SPM:perf] 698a51a  buildSpan: 1984µs
I/flutter (  644): [spm] Performance monitoring completed for 698a51a
I/flutter (  644): setState 698a51a
[spm]: ProfilerData event received.
I/flutter (  644): [SPM:perf] 698a51a  buildSpan: 2221µs
I/flutter (  644): [spm] Performance monitoring completed for 698a51a
I/flutter (  644): setState 698a51a
[spm]: ProfilerData event received.
I/flutter (  644): [SPM:perf] 698a51a  buildSpan: 1715µs
I/flutter (  644): [spm] Performance monitoring completed for 698a51a
I/flutter (  644): setState 698a51a
[spm]: ProfilerData event received.
I/flutter (  644): [SPM:perf] 698a51a  buildSpan: 1925µs
I/flutter (  644): [spm] Performance monitoring completed for 698a51a
I/flutter (  644): setState 698a51a
[spm]: ProfilerData event received.
I/flutter (  644): [SPM:perf] 698a51a  buildSpan: 1956µs
I/flutter (  644): [spm] Performance monitoring completed for 698a51a
I/flutter (  644): setState 698a51a
[spm]: ProfilerData event received.
I/flutter (  644): [SPM:perf] 698a51a  buildSpan: 2072µs
I/flutter (  644): [spm] Performance monitoring completed for 698a51a
I/flutter (  644): setState 698a51a
[spm]: ProfilerData event received.
I/flutter (  644): [SPM:perf] 698a51a  buildSpan: 1925µs
I/flutter (  644): [spm] Performance monitoring completed for 698a51a
I/flutter (  644): setState 698a51a
[spm]: ProfilerData event received.
I/flutter (  644): [SPM:perf] 698a51a  buildSpan: 1513µs
I/flutter (  644): [spm] Performance monitoring completed for 698a51a
I/flutter (  644): setState 698a51a
[spm]: ProfilerData event received.
I/flutter (  644): [SPM:perf] 698a51a  buildSpan: 2174µs
I/flutter (  644): [spm] Performance monitoring completed for 698a51a
I/flutter (  644): setState 698a51a
[spm]: ProfilerData event received.
I/flutter (  644): [SPM:perf] 698a51a  buildSpan: 2055µs
I/flutter (  644): [spm] Performance monitoring completed for 698a51a
I/flutter (  644): setState 698a51a
[spm]: ProfilerData event received.
I/flutter (  644): [SPM:perf] 698a51a  buildSpan: 1964µs
I/flutter (  644): [spm] Performance monitoring completed for 698a51a
I/flutter (  644): setState 698a51a
[spm]: ProfilerData event received.
I/flutter (  644): [SPM:perf] 698a51a  buildSpan: 1943µs
I/flutter (  644): [spm] Performance monitoring completed for 698a51a
I/flutter (  644): setState 698a51a
[spm]: ProfilerData event received.
I/flutter (  644): [SPM:perf] 698a51a  buildSpan: 1344µs
I/flutter (  644): [spm] Performance monitoring completed for 698a51a
I/flutter (  644): setState 698a51a
[spm]: ProfilerData event received.
I/flutter (  644): [SPM:perf] 698a51a  buildSpan: 1923µs
I/flutter (  644): [spm] Performance monitoring completed for 698a51a
I/flutter (  644): setState 698a51a
[spm]: ProfilerData event received.
I/flutter (  644): [SPM:perf] 698a51a  buildSpan: 1991µs
I/flutter (  644): [spm] Performance monitoring completed for 698a51a
I/flutter (  644): setState 698a51a
[spm]: ProfilerData event received.
I/flutter (  644): [SPM:perf] 698a51a  buildSpan: 2156µs
I/flutter (  644): [spm] Performance monitoring completed for 698a51a
I/flutter (  644): setState 698a51a
[spm]: ProfilerData event received.
I/flutter (  644): [SPM:perf] 698a51a  buildSpan: 2007µs
I/flutter (  644): [spm] Performance monitoring completed for 698a51a
I/flutter (  644): 01:12 +1: (tearDownAll)
I/flutter (  644): 01:13 +2: All tests passed!
All tests passed.
[spm]: Saved 30 profiler events to <ROOT>/dataset/12/redmi9t/raw/20260731-060049/base/e14.jsonl
[spm]: Reverting injection...
1 issue found. (ran in 0.5s)
WARNING: Your Android app project: app located at: <ROOT>/android/app/build.gradle.kts
applies the Kotlin Gradle Plugin, which will cause build failures in future versions of Flutter. 
Please migrate your app to Built-in Kotlin using this guide: https://docs.flutter.dev/release/breaking-changes/migrate-to-built-in-kotlin/for-app-developers

VMServiceFlutterDriver: Connecting to Flutter application at http://127.0.0.1:45965/DcTqSd3ulz4=/
[spm]: Detected VM service URI: ws://127.0.0.1:45965/DcTqSd3ulz4=/ws
VMServiceFlutterDriver: Isolate found with number: 5205538513493475
VMServiceFlutterDriver: Isolate 5205538513493475 is runnable.
VMServiceFlutterDriver: Isolate is paused at start.
VMServiceFlutterDriver: Attempting to resume isolate
VMServiceFlutterDriver: Connected to Flutter application.