# sample_id=2382/rev_020_a1a08e5c exec_index=11 ok=True perf_lines=30 vm_events=30 battery_pct=63 soc_temp_millic=37000 battery_temp_c=28.6 charging=False preflight_started=2026-09-19T01:30:34.755692+00:00 started=2026-09-19T01:30:37.496721+00:00 ts=2026-09-19T01:32:34.685014+00:00
[spm]: Running flutter analyze...
Resolving dependencies...
Downloading packages...
  _fe_analyzer_shared 100.0.0 (108.0.0 available)
  analyzer 13.0.0 (14.4.0 available)
  async 2.13.0 (2.13.1 available)
  clock 1.1.2 (1.1.3 available)
  cupertino_icons 1.0.8 (1.0.9 available)
  glob 2.1.3 (2.2.0 available)
  lints 6.0.0 (6.1.0 available)
  matcher 0.12.19 (0.12.20 available)
  material_color_utilities 0.13.0 (0.13.1 available)
  meta 1.18.0 (1.19.0 available)
  package_config 2.2.0 (3.0.0 available)
  platform 3.1.6 (3.2.0 available)
  process 5.0.5 (5.0.6 available)
  pub_semver 2.2.0 (2.2.1 available)
  source_span 1.10.1 (1.10.2 available)
  stack_trace 1.12.1 (1.12.2 available)
  test_api 0.7.11 (0.7.14 available)
  vector_math 2.2.0 (2.4.2 available)
  vm_service 15.0.2 (15.3.0 available)
  webdriver 3.1.0 (3.2.0 available)
  yaml 3.1.3 (3.1.4 available)
Got dependencies!
21 packages have newer versions incompatible with dependency constraints.
Try `flutter pub outdated` for more information.
Analyzing lib...                                                

   info • The part-of directive uses a library name. Try converting the directive to use the URI of the library • lib/dependencies.dart:46:1 • use_string_in_part_of_directives
   info • Library names are not necessary. Remove the library name • lib/generated_widget.dart:2:9 • unnecessary_library_name
   info • Constructors in '@immutable' classes should be declared as 'const'. Try adding 'const' to the constructor declaration • lib/generated_widget.dart:12:3 • prefer_const_constructors_in_immutables

[spm]: Injecting profiler code...
[spm]: Starting app...
Running Gradle task 'assembleProfile'...                        
Running Gradle task 'assembleProfile'...                           18.7s
✓ Built build/app/outputs/flutter-apk/app-profile.apk (26.8MB)
Installing build/app/outputs/flutter-apk/app-profile.apk...      1,223ms
I/ForceDarkHelperStubImpl(17484): setViewRootImplForceDark: false for com.example.benchmark_container.MainActivity@14bb04, reason: AppDarkModeEnable
I/ForceDarkHelperStubImpl(17484): setViewRootImplForceDark: false for com.example.benchmark_container.MainActivity@14bb04, reason: AppDarkModeEnable
D/DecorView[](17484): getWindowModeFromSystem  windowmode is 1
D/DecorView[](17484): updateDecorCaptionStatus displayWindowDecor is false
W/Looper  (17484): PerfMonitor looperActivity : package=com.example.benchmark_container/.MainActivity time=409ms latency=433ms running=0ms  procState=-1  historyMsgCount=2 (msgIndex=1 wall=409ms seq=4 late=433ms h=android.app.ActivityThread$H w=159) (msgIndex=2 wall=435ms seq=3 h=android.app.ActivityThread$H w=110)
W/Looper  (17484): PerfMonitor looperActivity : package=com.example.benchmark_container/.MainActivity time=0ms latency=844ms running=0ms  procState=-1  historyMsgCount=4 (msgIndex=2 wall=409ms seq=4 late=433ms h=android.app.ActivityThread$H w=159) (msgIndex=3 wall=435ms seq=3 h=android.app.ActivityThread$H w=110) (msgIndex=4 wall=409ms seq=4 late=433ms h=android.app.ActivityThread$H w=159)
D/SurfaceView(17484): UPDATE null, mIsCastMode = false
D/hw-ProcessState(17484): Binder ioctl to enable oneway spam detection failed: Invalid argument
W/Looper  (17484): PerfMonitor longMsg : seq=8 plan=04:31:11.377 late=448ms wall=1791ms running=0ms h=android.view.Choreographer$FrameHandler c=android.view.Choreographer$FrameDisplayEventReceiver procState=-1
W/Looper  (17484): PerfMonitor doFrame : time=1791ms vsyncFrame=0 latency=448ms procState=-1 historyMsgCount=7 (msgIndex=2 wall=409ms seq=4 h=android.app.ActivityThread$H w=159) (msgIndex=3 wall=1791ms seq=8 late=448ms h=android.view.Choreographer$FrameHandler c=android.view.Choreographer$FrameDisplayEventReceiver) (msgIndex=4 wall=409ms seq=4 h=android.app.ActivityThread$H w=159)
I/Choreographer(17484): Skipped 100 frames!  The application may be doing too much work on its main thread.
D/SurfaceView(17484): UPDATE Surface(name=SurfaceView[com.example.benchmark_container/com.example.benchmark_container.MainActivity])/@0xd30802a, mIsProjectionMode = false
W/Looper  (17484): PerfMonitor doFrame : time=3ms vsyncFrame=0 latency=1679ms procState=-1 historyMsgCount=4
[spm]: Connected to Dart VM service.
I/flutter (17484): 00:00 +0: Performance Benchmark
E/hmark_containe(17484): open libmigui.so failed! dlopen - dlopen failed: library "libmigui.so" not found
D/hmark_containe(17484): MiuiProcessManagerServiceStub setSchedFifo
I/MiuiProcessManagerImpl(17484): setSchedFifo pid:17484, mode:3
D/DecorView[](17484): onWindowFocusChanged hasWindowFocus true
D/DecorView[](17484): getWindowModeFromSystem  windowmode is 1
D/DecorView[](17484): updateDecorCaptionStatus displayWindowDecor is false
D/ProfileInstaller(17484): Installing profile for com.example.benchmark_container
[spm]: ProfilerData event received.
I/flutter (17484): [SPM:perf] 698a51a  buildSpan: 3659µs
I/flutter (17484): [spm] Performance monitoring completed for 698a51a
[spm]: ProfilerData event received.
I/flutter (17484): [SPM:perf] 698a51a  buildSpan: 3358µs
I/flutter (17484): [spm] Performance monitoring completed for 698a51a
[spm]: ProfilerData event received.
I/flutter (17484): [SPM:perf] 698a51a  buildSpan: 3201µs
I/flutter (17484): [spm] Performance monitoring completed for 698a51a
[spm]: ProfilerData event received.
I/flutter (17484): [SPM:perf] 698a51a  buildSpan: 8554µs
I/flutter (17484): [spm] Performance monitoring completed for 698a51a
[spm]: ProfilerData event received.
I/flutter (17484): [SPM:perf] 698a51a  buildSpan: 3014µs
I/flutter (17484): [spm] Performance monitoring completed for 698a51a
[spm]: ProfilerData event received.
I/flutter (17484): [SPM:perf] 698a51a  buildSpan: 3237µs
I/flutter (17484): [spm] Performance monitoring completed for 698a51a
[spm]: ProfilerData event received.
I/flutter (17484): [SPM:perf] 698a51a  buildSpan: 3222µs
I/flutter (17484): [spm] Performance monitoring completed for 698a51a
[spm]: ProfilerData event received.
I/flutter (17484): [SPM:perf] 698a51a  buildSpan: 3490µs
I/flutter (17484): [spm] Performance monitoring completed for 698a51a
[spm]: ProfilerData event received.
I/flutter (17484): [SPM:perf] 698a51a  buildSpan: 3205µs
I/flutter (17484): [spm] Performance monitoring completed for 698a51a
[spm]: ProfilerData event received.
I/flutter (17484): [SPM:perf] 698a51a  buildSpan: 3159µs
I/flutter (17484): [spm] Performance monitoring completed for 698a51a
[spm]: ProfilerData event received.
I/flutter (17484): [SPM:perf] 698a51a  buildSpan: 3214µs
I/flutter (17484): [spm] Performance monitoring completed for 698a51a
[spm]: ProfilerData event received.
I/flutter (17484): [SPM:perf] 698a51a  buildSpan: 3043µs
I/flutter (17484): [spm] Performance monitoring completed for 698a51a
[spm]: ProfilerData event received.
I/flutter (17484): [SPM:perf] 698a51a  buildSpan: 3198µs
I/flutter (17484): [spm] Performance monitoring completed for 698a51a
I/flutter (17484): [SPM:perf] 698a51a  buildSpan: 3226µs
[spm]: ProfilerData event received.
I/flutter (17484): [spm] Performance monitoring completed for 698a51a
[spm]: ProfilerData event received.
I/flutter (17484): [SPM:perf] 698a51a  buildSpan: 3594µs
I/flutter (17484): [spm] Performance monitoring completed for 698a51a
[spm]: ProfilerData event received.
I/flutter (17484): [SPM:perf] 698a51a  buildSpan: 3424µs
I/flutter (17484): [spm] Performance monitoring completed for 698a51a
I/flutter (17484): [SPM:perf] 698a51a  buildSpan: 3397µs
I/flutter (17484): [spm] Performance monitoring completed for 698a51a
[spm]: ProfilerData event received.
[spm]: ProfilerData event received.
I/flutter (17484): [SPM:perf] 698a51a  buildSpan: 2724µs
I/flutter (17484): [spm] Performance monitoring completed for 698a51a
[spm]: ProfilerData event received.
I/flutter (17484): [SPM:perf] 698a51a  buildSpan: 3211µs
I/flutter (17484): [spm] Performance monitoring completed for 698a51a
[spm]: ProfilerData event received.
I/flutter (17484): [SPM:perf] 698a51a  buildSpan: 3280µs
I/flutter (17484): [spm] Performance monitoring completed for 698a51a
[spm]: ProfilerData event received.
I/flutter (17484): [SPM:perf] 698a51a  buildSpan: 3633µs
I/flutter (17484): [spm] Performance monitoring completed for 698a51a
[spm]: ProfilerData event received.
I/flutter (17484): [SPM:perf] 698a51a  buildSpan: 3276µs
I/flutter (17484): [spm] Performance monitoring completed for 698a51a
[spm]: ProfilerData event received.
I/flutter (17484): [SPM:perf] 698a51a  buildSpan: 3286µs
I/flutter (17484): [spm] Performance monitoring completed for 698a51a
[spm]: ProfilerData event received.
I/flutter (17484): [SPM:perf] 698a51a  buildSpan: 3259µs
I/flutter (17484): [spm] Performance monitoring completed for 698a51a
[spm]: ProfilerData event received.
I/flutter (17484): [SPM:perf] 698a51a  buildSpan: 3145µs
I/flutter (17484): [spm] Performance monitoring completed for 698a51a
[spm]: ProfilerData event received.
I/flutter (17484): [SPM:perf] 698a51a  buildSpan: 3296µs
I/flutter (17484): [spm] Performance monitoring completed for 698a51a
I/flutter (17484): [SPM:perf] 698a51a  buildSpan: 3651µs
I/flutter (17484): [spm] Performance monitoring completed for 698a51a
[spm]: ProfilerData event received.
[spm]: ProfilerData event received.
I/flutter (17484): [SPM:perf] 698a51a  buildSpan: 3182µs
I/flutter (17484): [spm] Performance monitoring completed for 698a51a
[spm]: ProfilerData event received.
I/flutter (17484): [SPM:perf] 698a51a  buildSpan: 3281µs
I/flutter (17484): [spm] Performance monitoring completed for 698a51a
[spm]: ProfilerData event received.
I/flutter (17484): [SPM:perf] 698a51a  buildSpan: 3330µs
I/flutter (17484): [spm] Performance monitoring completed for 698a51a
I/flutter (17484): 01:10 +1: (tearDownAll)
I/flutter (17484): 01:11 +2: All tests passed!
All tests passed.
[spm]: Saved 30 profiler events to <ROOT>/dataset-new_samples/2382/redmi9t/raw/20260918-150519/rev_020_a1a08e5c/e11.jsonl
[spm]: Reverting injection...
3 issues found. (ran in 0.5s)
WARNING: Your Android app project: app located at: <ROOT>/android/app/build.gradle.kts
applies the Kotlin Gradle Plugin, which will cause build failures in future versions of Flutter. 
Please migrate your app to Built-in Kotlin using this guide: https://docs.flutter.dev/release/breaking-changes/migrate-to-built-in-kotlin/for-app-developers

VMServiceFlutterDriver: Connecting to Flutter application at http://127.0.0.1:39735/9882rc6IUUM=/
[spm]: Detected VM service URI: ws://127.0.0.1:39735/9882rc6IUUM=/ws
VMServiceFlutterDriver: Isolate found with number: 1558528669618035
VMServiceFlutterDriver: Isolate 1558528669618035 is runnable.
VMServiceFlutterDriver: Isolate is paused at start.
VMServiceFlutterDriver: Attempting to resume isolate
VMServiceFlutterDriver: Connected to Flutter application.
VMServiceFlutterDriver: request_data message is taking a long time to complete...