# sample_id=2382/rev_020_a1a08e5c exec_index=13 ok=True perf_lines=30 vm_events=30 battery_pct=73 soc_temp_millic=37000 battery_temp_c=28.9 charging=False preflight_started=2026-09-18T22:55:24.278003+00:00 started=2026-09-18T22:55:27.034240+00:00 ts=2026-09-18T22:57:25.401861+00:00
[spm]: Running flutter analyze...
Resolving dependencies...
Downloading packages...
  _fe_analyzer_shared 100.0.0 (108.0.0 available)
  analyzer 13.0.0 (14.4.0 available)
  async 2.13.0 (2.13.1 available)
  clock 1.1.2 (1.1.3 available)
  cupertino_icons 1.0.8 (1.0.9 available)
  glob 2.1.3 (2.2.0 available)
  lints 6.0.0 (6.1.0 available)
  matcher 0.12.19 (0.12.20 available)
  material_color_utilities 0.13.0 (0.13.1 available)
  meta 1.18.0 (1.19.0 available)
  package_config 2.2.0 (3.0.0 available)
  platform 3.1.6 (3.2.0 available)
  process 5.0.5 (5.0.6 available)
  pub_semver 2.2.0 (2.2.1 available)
  source_span 1.10.1 (1.10.2 available)
  stack_trace 1.12.1 (1.12.2 available)
  test_api 0.7.11 (0.7.14 available)
  vector_math 2.2.0 (2.4.2 available)
  vm_service 15.0.2 (15.3.0 available)
  webdriver 3.1.0 (3.2.0 available)
  yaml 3.1.3 (3.1.4 available)
Got dependencies!
21 packages have newer versions incompatible with dependency constraints.
Try `flutter pub outdated` for more information.
Analyzing lib...                                                

   info • The part-of directive uses a library name. Try converting the directive to use the URI of the library • lib/dependencies.dart:46:1 • use_string_in_part_of_directives
   info • Library names are not necessary. Remove the library name • lib/generated_widget.dart:2:9 • unnecessary_library_name
   info • Constructors in '@immutable' classes should be declared as 'const'. Try adding 'const' to the constructor declaration • lib/generated_widget.dart:12:3 • prefer_const_constructors_in_immutables

[spm]: Injecting profiler code...
[spm]: Starting app...
Running Gradle task 'assembleProfile'...                        
Running Gradle task 'assembleProfile'...                           18.8s
✓ Built build/app/outputs/flutter-apk/app-profile.apk (26.8MB)
Installing build/app/outputs/flutter-apk/app-profile.apk...      1,221ms
E/MiuiMultiWindowUtils(24718): initFreeFormResolutionArgs failed, device is lime
D/IS_CTS_MODE(24718): true
D/MULTI_WINDOW_SWITCH_ENABLED(24718): false
D/IS_CTS_MODE(24718): true
D/MULTI_WINDOW_SWITCH_ENABLED(24718): false
D/IS_CTS_MODE(24718): true
D/MULTI_WINDOW_SWITCH_ENABLED(24718): false
D/DecorView[](24718): getWindowModeFromSystem  windowmode is 1
I/ForceDarkHelperStubImpl(24718): setViewRootImplForceDark: false for com.example.benchmark_container.MainActivity@14bb04, reason: AppDarkModeEnable
I/ForceDarkHelperStubImpl(24718): setViewRootImplForceDark: false for com.example.benchmark_container.MainActivity@14bb04, reason: AppDarkModeEnable
D/DecorView[](24718): getWindowModeFromSystem  windowmode is 1
D/DecorView[](24718): updateDecorCaptionStatus displayWindowDecor is false
W/Looper  (24718): PerfMonitor looperActivity : package=com.example.benchmark_container/.MainActivity time=419ms latency=439ms running=0ms  procState=-1  historyMsgCount=3 (msgIndex=3 wall=418ms seq=3 h=android.app.ActivityThread$H w=110)
W/Looper  (24718): PerfMonitor looperActivity : package=com.example.benchmark_container/.MainActivity time=1ms latency=859ms running=0ms  procState=-1  historyMsgCount=4 (msgIndex=3 wall=418ms seq=3 h=android.app.ActivityThread$H w=110) (msgIndex=4 wall=419ms seq=4 late=439ms h=android.app.ActivityThread$H w=159)
D/SurfaceView(24718): UPDATE null, mIsCastMode = false
D/hw-ProcessState(24718): Binder ioctl to enable oneway spam detection failed: Invalid argument
W/Looper  (24718): PerfMonitor longMsg : seq=8 plan=01:56:01.520 late=433ms wall=1765ms running=0ms h=android.view.Choreographer$FrameHandler c=android.view.Choreographer$FrameDisplayEventReceiver procState=-1
W/Looper  (24718): PerfMonitor doFrame : time=1765ms vsyncFrame=0 latency=433ms procState=-1 historyMsgCount=7 (msgIndex=3 wall=1765ms seq=8 late=433ms h=android.view.Choreographer$FrameHandler c=android.view.Choreographer$FrameDisplayEventReceiver) (msgIndex=4 wall=419ms seq=4 h=android.app.ActivityThread$H w=159)
I/Choreographer(24718): Skipped 100 frames!  The application may be doing too much work on its main thread.
D/SurfaceView(24718): UPDATE Surface(name=SurfaceView[com.example.benchmark_container/com.example.benchmark_container.MainActivity])/@0xd30802a, mIsProjectionMode = false
W/Looper  (24718): PerfMonitor doFrame : time=3ms vsyncFrame=0 latency=1670ms procState=-1 historyMsgCount=4
[spm]: Connected to Dart VM service.
I/flutter (24718): 00:00 +0: Performance Benchmark
E/hmark_containe(24718): open libmigui.so failed! dlopen - dlopen failed: library "libmigui.so" not found
D/hmark_containe(24718): MiuiProcessManagerServiceStub setSchedFifo
I/MiuiProcessManagerImpl(24718): setSchedFifo pid:24718, mode:3
D/DecorView[](24718): onWindowFocusChanged hasWindowFocus true
D/DecorView[](24718): getWindowModeFromSystem  windowmode is 1
D/DecorView[](24718): updateDecorCaptionStatus displayWindowDecor is false
D/ProfileInstaller(24718): Installing profile for com.example.benchmark_container
[spm]: ProfilerData event received.
I/flutter (24718): [SPM:perf] 698a51a  buildSpan: 3568µs
I/flutter (24718): [spm] Performance monitoring completed for 698a51a
[spm]: ProfilerData event received.
I/flutter (24718): [SPM:perf] 698a51a  buildSpan: 3030µs
I/flutter (24718): [spm] Performance monitoring completed for 698a51a
[spm]: ProfilerData event received.
I/flutter (24718): [SPM:perf] 698a51a  buildSpan: 3302µs
I/flutter (24718): [spm] Performance monitoring completed for 698a51a
[spm]: ProfilerData event received.
I/flutter (24718): [SPM:perf] 698a51a  buildSpan: 9319µs
I/flutter (24718): [spm] Performance monitoring completed for 698a51a
[spm]: ProfilerData event received.
I/flutter (24718): [SPM:perf] 698a51a  buildSpan: 3687µs
I/flutter (24718): [spm] Performance monitoring completed for 698a51a
I/flutter (24718): [SPM:perf] 698a51a  buildSpan: 3354µs
I/flutter (24718): [spm] Performance monitoring completed for 698a51a
[spm]: ProfilerData event received.
I/flutter (24718): [SPM:perf] 698a51a  buildSpan: 3094µs
I/flutter (24718): [spm] Performance monitoring completed for 698a51a
[spm]: ProfilerData event received.
I/flutter (24718): [SPM:perf] 698a51a  buildSpan: 3323µs
I/flutter (24718): [spm] Performance monitoring completed for 698a51a
[spm]: ProfilerData event received.
[spm]: ProfilerData event received.
I/flutter (24718): [SPM:perf] 698a51a  buildSpan: 3332µs
I/flutter (24718): [spm] Performance monitoring completed for 698a51a
[spm]: ProfilerData event received.
I/flutter (24718): [SPM:perf] 698a51a  buildSpan: 3248µs
I/flutter (24718): [spm] Performance monitoring completed for 698a51a
[spm]: ProfilerData event received.
I/flutter (24718): [SPM:perf] 698a51a  buildSpan: 3754µs
I/flutter (24718): [spm] Performance monitoring completed for 698a51a
[spm]: ProfilerData event received.
I/flutter (24718): [SPM:perf] 698a51a  buildSpan: 3376µs
I/flutter (24718): [spm] Performance monitoring completed for 698a51a
[spm]: ProfilerData event received.
I/flutter (24718): [SPM:perf] 698a51a  buildSpan: 3330µs
I/flutter (24718): [spm] Performance monitoring completed for 698a51a
[spm]: ProfilerData event received.
I/flutter (24718): [SPM:perf] 698a51a  buildSpan: 3346µs
I/flutter (24718): [spm] Performance monitoring completed for 698a51a
[spm]: ProfilerData event received.
I/flutter (24718): [SPM:perf] 698a51a  buildSpan: 3269µs
I/flutter (24718): [spm] Performance monitoring completed for 698a51a
I/flutter (24718): [SPM:perf] 698a51a  buildSpan: 3377µs
[spm]: ProfilerData event received.
I/flutter (24718): [spm] Performance monitoring completed for 698a51a
[spm]: ProfilerData event received.
I/flutter (24718): [SPM:perf] 698a51a  buildSpan: 3355µs
I/flutter (24718): [spm] Performance monitoring completed for 698a51a
[spm]: ProfilerData event received.
I/flutter (24718): [SPM:perf] 698a51a  buildSpan: 3335µs
I/flutter (24718): [spm] Performance monitoring completed for 698a51a
[spm]: ProfilerData event received.
I/flutter (24718): [SPM:perf] 698a51a  buildSpan: 3239µs
I/flutter (24718): [spm] Performance monitoring completed for 698a51a
I/flutter (24718): [SPM:perf] 698a51a  buildSpan: 3211µs
[spm]: ProfilerData event received.
I/flutter (24718): [spm] Performance monitoring completed for 698a51a
I/flutter (24718): [SPM:perf] 698a51a  buildSpan: 3222µs
I/flutter (24718): [spm] Performance monitoring completed for 698a51a
[spm]: ProfilerData event received.
I/flutter (24718): [SPM:perf] 698a51a  buildSpan: 3045µs
[spm]: ProfilerData event received.
I/flutter (24718): [spm] Performance monitoring completed for 698a51a
[spm]: ProfilerData event received.
I/flutter (24718): [SPM:perf] 698a51a  buildSpan: 3279µs
I/flutter (24718): [spm] Performance monitoring completed for 698a51a
[spm]: ProfilerData event received.
I/flutter (24718): [SPM:perf] 698a51a  buildSpan: 3242µs
I/flutter (24718): [spm] Performance monitoring completed for 698a51a
[spm]: ProfilerData event received.
I/flutter (24718): [SPM:perf] 698a51a  buildSpan: 3896µs
I/flutter (24718): [spm] Performance monitoring completed for 698a51a
[spm]: ProfilerData event received.
I/flutter (24718): [SPM:perf] 698a51a  buildSpan: 3657µs
I/flutter (24718): [spm] Performance monitoring completed for 698a51a
[spm]: ProfilerData event received.
I/flutter (24718): [SPM:perf] 698a51a  buildSpan: 3299µs
I/flutter (24718): [spm] Performance monitoring completed for 698a51a
[spm]: ProfilerData event received.
I/flutter (24718): [SPM:perf] 698a51a  buildSpan: 3252µs
I/flutter (24718): [spm] Performance monitoring completed for 698a51a
[spm]: ProfilerData event received.
I/flutter (24718): [SPM:perf] 698a51a  buildSpan: 3255µs
I/flutter (24718): [spm] Performance monitoring completed for 698a51a
I/flutter (24718): [SPM:perf] 698a51a  buildSpan: 3646µs
[spm]: ProfilerData event received.
I/flutter (24718): [spm] Performance monitoring completed for 698a51a
I/flutter (24718): 01:10 +1: (tearDownAll)
I/flutter (24718): 01:11 +2: All tests passed!
All tests passed.
[spm]: Saved 30 profiler events to <ROOT>/dataset-new_samples/2382/redmi9t/raw/20260918-150519/rev_020_a1a08e5c/e13.jsonl
[spm]: Reverting injection...
3 issues found. (ran in 0.5s)
WARNING: Your Android app project: app located at: <ROOT>/android/app/build.gradle.kts
applies the Kotlin Gradle Plugin, which will cause build failures in future versions of Flutter. 
Please migrate your app to Built-in Kotlin using this guide: https://docs.flutter.dev/release/breaking-changes/migrate-to-built-in-kotlin/for-app-developers

VMServiceFlutterDriver: Connecting to Flutter application at http://127.0.0.1:45107/Qly01Z6PyxI=/
[spm]: Detected VM service URI: ws://127.0.0.1:45107/Qly01Z6PyxI=/ws
VMServiceFlutterDriver: Isolate found with number: 7568865627732995
VMServiceFlutterDriver: Isolate 7568865627732995 is runnable.
VMServiceFlutterDriver: Isolate is paused at start.
VMServiceFlutterDriver: Attempting to resume isolate
VMServiceFlutterDriver: Connected to Flutter application.
VMServiceFlutterDriver: request_data message is taking a long time to complete...