# sample_id=2382/rev_020_a1a08e5c exec_index=2 ok=True perf_lines=30 vm_events=30 battery_pct=66 soc_temp_millic=37000 battery_temp_c=29.3 charging=False preflight_started=2026-09-19T00:55:30.825944+00:00 started=2026-09-19T00:55:33.580560+00:00 ts=2026-09-19T00:57:30.745712+00:00
[spm]: Running flutter analyze...
Resolving dependencies...
Downloading packages...
  _fe_analyzer_shared 100.0.0 (108.0.0 available)
  analyzer 13.0.0 (14.4.0 available)
  async 2.13.0 (2.13.1 available)
  clock 1.1.2 (1.1.3 available)
  cupertino_icons 1.0.8 (1.0.9 available)
  glob 2.1.3 (2.2.0 available)
  lints 6.0.0 (6.1.0 available)
  matcher 0.12.19 (0.12.20 available)
  material_color_utilities 0.13.0 (0.13.1 available)
  meta 1.18.0 (1.19.0 available)
  package_config 2.2.0 (3.0.0 available)
  platform 3.1.6 (3.2.0 available)
  process 5.0.5 (5.0.6 available)
  pub_semver 2.2.0 (2.2.1 available)
  source_span 1.10.1 (1.10.2 available)
  stack_trace 1.12.1 (1.12.2 available)
  test_api 0.7.11 (0.7.14 available)
  vector_math 2.2.0 (2.4.2 available)
  vm_service 15.0.2 (15.3.0 available)
  webdriver 3.1.0 (3.2.0 available)
  yaml 3.1.3 (3.1.4 available)
Got dependencies!
21 packages have newer versions incompatible with dependency constraints.
Try `flutter pub outdated` for more information.
Analyzing lib...                                                

   info • The part-of directive uses a library name. Try converting the directive to use the URI of the library • lib/dependencies.dart:46:1 • use_string_in_part_of_directives
   info • Library names are not necessary. Remove the library name • lib/generated_widget.dart:2:9 • unnecessary_library_name
   info • Constructors in '@immutable' classes should be declared as 'const'. Try adding 'const' to the constructor declaration • lib/generated_widget.dart:12:3 • prefer_const_constructors_in_immutables

[spm]: Injecting profiler code...
[spm]: Starting app...
Running Gradle task 'assembleProfile'...                        
Running Gradle task 'assembleProfile'...                           18.2s
✓ Built build/app/outputs/flutter-apk/app-profile.apk (26.8MB)
Installing build/app/outputs/flutter-apk/app-profile.apk...      1,246ms
E/MiuiMultiWindowUtils(16345): initFreeFormResolutionArgs failed, device is lime
D/IS_CTS_MODE(16345): true
D/MULTI_WINDOW_SWITCH_ENABLED(16345): false
D/IS_CTS_MODE(16345): true
D/MULTI_WINDOW_SWITCH_ENABLED(16345): false
D/IS_CTS_MODE(16345): true
D/MULTI_WINDOW_SWITCH_ENABLED(16345): false
D/DecorView[](16345): getWindowModeFromSystem  windowmode is 1
I/ForceDarkHelperStubImpl(16345): setViewRootImplForceDark: false for com.example.benchmark_container.MainActivity@14bb04, reason: AppDarkModeEnable
I/ForceDarkHelperStubImpl(16345): setViewRootImplForceDark: false for com.example.benchmark_container.MainActivity@14bb04, reason: AppDarkModeEnable
D/DecorView[](16345): getWindowModeFromSystem  windowmode is 1
D/DecorView[](16345): updateDecorCaptionStatus displayWindowDecor is false
W/Looper  (16345): PerfMonitor looperActivity : package=com.example.benchmark_container/.MainActivity time=387ms latency=382ms running=0ms  procState=-1  historyMsgCount=2 (msgIndex=1 wall=387ms seq=4 late=382ms h=android.app.ActivityThread$H w=159) (msgIndex=2 wall=385ms seq=3 h=android.app.ActivityThread$H w=110)
W/Looper  (16345): PerfMonitor looperActivity : package=com.example.benchmark_container/.MainActivity time=1ms latency=770ms running=0ms  procState=-1  historyMsgCount=4 (msgIndex=2 wall=387ms seq=4 late=382ms h=android.app.ActivityThread$H w=159) (msgIndex=3 wall=385ms seq=3 h=android.app.ActivityThread$H w=110) (msgIndex=4 wall=387ms seq=4 late=382ms h=android.app.ActivityThread$H w=159)
D/SurfaceView(16345): UPDATE null, mIsCastMode = false
D/hw-ProcessState(16345): Binder ioctl to enable oneway spam detection failed: Invalid argument
W/Looper  (16345): PerfMonitor longMsg : seq=7 plan=03:56:06.731 late=409ms wall=1804ms running=0ms h=android.view.Choreographer$FrameHandler c=android.view.Choreographer$FrameDisplayEventReceiver procState=-1
W/Looper  (16345): PerfMonitor doFrame : time=1804ms vsyncFrame=0 latency=409ms procState=-1 historyMsgCount=6 (msgIndex=2 wall=387ms seq=4 late=382ms h=android.app.ActivityThread$H w=159) (msgIndex=3 wall=1804ms seq=7 late=409ms h=android.view.Choreographer$FrameHandler c=android.view.Choreographer$FrameDisplayEventReceiver) (msgIndex=4 wall=387ms seq=4 late=382ms h=android.app.ActivityThread$H w=159)
I/Choreographer(16345): Skipped 101 frames!  The application may be doing too much work on its main thread.
D/SurfaceView(16345): UPDATE Surface(name=SurfaceView[com.example.benchmark_container/com.example.benchmark_container.MainActivity])/@0xd30802a, mIsProjectionMode = false
W/Looper  (16345): PerfMonitor doFrame : time=3ms vsyncFrame=0 latency=1687ms procState=-1 historyMsgCount=4
[spm]: Connected to Dart VM service.
I/flutter (16345): 00:00 +0: Performance Benchmark
E/hmark_containe(16345): open libmigui.so failed! dlopen - dlopen failed: library "libmigui.so" not found
D/hmark_containe(16345): MiuiProcessManagerServiceStub setSchedFifo
I/MiuiProcessManagerImpl(16345): setSchedFifo pid:16345, mode:3
D/DecorView[](16345): onWindowFocusChanged hasWindowFocus true
D/DecorView[](16345): getWindowModeFromSystem  windowmode is 1
D/DecorView[](16345): updateDecorCaptionStatus displayWindowDecor is false
D/ProfileInstaller(16345): Installing profile for com.example.benchmark_container
[spm]: ProfilerData event received.
I/flutter (16345): [SPM:perf] 698a51a  buildSpan: 3290µs
I/flutter (16345): [spm] Performance monitoring completed for 698a51a
[spm]: ProfilerData event received.
I/flutter (16345): [SPM:perf] 698a51a  buildSpan: 3303µs
I/flutter (16345): [spm] Performance monitoring completed for 698a51a
[spm]: ProfilerData event received.
I/flutter (16345): [SPM:perf] 698a51a  buildSpan: 3333µs
I/flutter (16345): [spm] Performance monitoring completed for 698a51a
[spm]: ProfilerData event received.
I/flutter (16345): [SPM:perf] 698a51a  buildSpan: 8595µs
I/flutter (16345): [spm] Performance monitoring completed for 698a51a
[spm]: ProfilerData event received.
I/flutter (16345): [SPM:perf] 698a51a  buildSpan: 3282µs
I/flutter (16345): [spm] Performance monitoring completed for 698a51a
I/flutter (16345): [SPM:perf] 698a51a  buildSpan: 3294µs
I/flutter (16345): [spm] Performance monitoring completed for 698a51a
[spm]: ProfilerData event received.
I/flutter (16345): [SPM:perf] 698a51a  buildSpan: 2102µs
[spm]: ProfilerData event received.
I/flutter (16345): [spm] Performance monitoring completed for 698a51a
[spm]: ProfilerData event received.
I/flutter (16345): [SPM:perf] 698a51a  buildSpan: 4138µs
I/flutter (16345): [spm] Performance monitoring completed for 698a51a
[spm]: ProfilerData event received.
I/flutter (16345): [SPM:perf] 698a51a  buildSpan: 3624µs
I/flutter (16345): [spm] Performance monitoring completed for 698a51a
[spm]: ProfilerData event received.
I/flutter (16345): [SPM:perf] 698a51a  buildSpan: 3269µs
I/flutter (16345): [spm] Performance monitoring completed for 698a51a
I/flutter (16345): [SPM:perf] 698a51a  buildSpan: 3225µs
[spm]: ProfilerData event received.
I/flutter (16345): [spm] Performance monitoring completed for 698a51a
[spm]: ProfilerData event received.
I/flutter (16345): [SPM:perf] 698a51a  buildSpan: 3649µs
I/flutter (16345): [spm] Performance monitoring completed for 698a51a
[spm]: ProfilerData event received.
I/flutter (16345): [SPM:perf] 698a51a  buildSpan: 3576µs
I/flutter (16345): [spm] Performance monitoring completed for 698a51a
[spm]: ProfilerData event received.
I/flutter (16345): [SPM:perf] 698a51a  buildSpan: 3501µs
I/flutter (16345): [spm] Performance monitoring completed for 698a51a
[spm]: ProfilerData event received.
I/flutter (16345): [SPM:perf] 698a51a  buildSpan: 3306µs
I/flutter (16345): [spm] Performance monitoring completed for 698a51a
I/flutter (16345): [SPM:perf] 698a51a  buildSpan: 3333µs
I/flutter (16345): [spm] Performance monitoring completed for 698a51a
[spm]: ProfilerData event received.
I/flutter (16345): [SPM:perf] 698a51a  buildSpan: 3260µs
I/flutter (16345): [spm] Performance monitoring completed for 698a51a
[spm]: ProfilerData event received.
[spm]: ProfilerData event received.
I/flutter (16345): [SPM:perf] 698a51a  buildSpan: 3343µs
I/flutter (16345): [spm] Performance monitoring completed for 698a51a
[spm]: ProfilerData event received.
I/flutter (16345): [SPM:perf] 698a51a  buildSpan: 3321µs
I/flutter (16345): [spm] Performance monitoring completed for 698a51a
[spm]: ProfilerData event received.
I/flutter (16345): [SPM:perf] 698a51a  buildSpan: 2438µs
I/flutter (16345): [spm] Performance monitoring completed for 698a51a
I/flutter (16345): [SPM:perf] 698a51a  buildSpan: 3044µs
I/flutter (16345): [spm] Performance monitoring completed for 698a51a
[spm]: ProfilerData event received.
I/flutter (16345): [SPM:perf] 698a51a  buildSpan: 3336µs
I/flutter (16345): [spm] Performance monitoring completed for 698a51a
[spm]: ProfilerData event received.
I/flutter (16345): [SPM:perf] 698a51a  buildSpan: 3382µs
[spm]: ProfilerData event received.
I/flutter (16345): [spm] Performance monitoring completed for 698a51a
[spm]: ProfilerData event received.
I/flutter (16345): [SPM:perf] 698a51a  buildSpan: 3248µs
I/flutter (16345): [spm] Performance monitoring completed for 698a51a
[spm]: ProfilerData event received.
I/flutter (16345): [SPM:perf] 698a51a  buildSpan: 3294µs
I/flutter (16345): [spm] Performance monitoring completed for 698a51a
[spm]: ProfilerData event received.
I/flutter (16345): [SPM:perf] 698a51a  buildSpan: 3380µs
I/flutter (16345): [spm] Performance monitoring completed for 698a51a
I/flutter (16345): [SPM:perf] 698a51a  buildSpan: 3329µs
[spm]: ProfilerData event received.
I/flutter (16345): [spm] Performance monitoring completed for 698a51a
[spm]: ProfilerData event received.
I/flutter (16345): [SPM:perf] 698a51a  buildSpan: 3259µs
I/flutter (16345): [spm] Performance monitoring completed for 698a51a
[spm]: ProfilerData event received.
I/flutter (16345): [SPM:perf] 698a51a  buildSpan: 3276µs
I/flutter (16345): [spm] Performance monitoring completed for 698a51a
[spm]: ProfilerData event received.
I/flutter (16345): [SPM:perf] 698a51a  buildSpan: 3417µs
I/flutter (16345): [spm] Performance monitoring completed for 698a51a
I/flutter (16345): 01:10 +1: (tearDownAll)
I/flutter (16345): 01:11 +2: All tests passed!
All tests passed.
[spm]: Saved 30 profiler events to <ROOT>/dataset-new_samples/2382/redmi9t/raw/20260918-150519/rev_020_a1a08e5c/e2.jsonl
[spm]: Reverting injection...
3 issues found. (ran in 0.5s)
WARNING: Your Android app project: app located at: <ROOT>/android/app/build.gradle.kts
applies the Kotlin Gradle Plugin, which will cause build failures in future versions of Flutter. 
Please migrate your app to Built-in Kotlin using this guide: https://docs.flutter.dev/release/breaking-changes/migrate-to-built-in-kotlin/for-app-developers

VMServiceFlutterDriver: Connecting to Flutter application at http://127.0.0.1:33327/75c_H4-ooHw=/
[spm]: Detected VM service URI: ws://127.0.0.1:33327/75c_H4-ooHw=/ws
VMServiceFlutterDriver: Isolate found with number: 436548909767315
VMServiceFlutterDriver: Isolate 436548909767315 is runnable.
VMServiceFlutterDriver: Isolate is paused at start.
VMServiceFlutterDriver: Attempting to resume isolate
VMServiceFlutterDriver: Connected to Flutter application.
VMServiceFlutterDriver: request_data message is taking a long time to complete...