# sample_id=0334/rev_005_54e60730 exec_index=1 ok=True perf_lines=30 vm_events=30 battery_pct=53 soc_temp_millic=42900 battery_temp_c=31.3 charging=False preflight_started=2026-09-09T20:04:36.359296+00:00 started=2026-09-09T20:04:38.760953+00:00 ts=2026-09-09T20:06:48.424832+00:00
[spm]: Running flutter analyze...
Analyzing lib...                                                

   info • The part-of directive uses a library name. Try converting the directive to use the URI of the library • lib/dependencies.dart:43:1 • use_string_in_part_of_directives
   info • The variable name 'EEEE' isn't a lowerCamelCase identifier. Try changing the name to follow the lowerCamelCase style • lib/dependencies.dart:89:14 • non_constant_identifier_names
   info • The variable name 'LLL' isn't a lowerCamelCase identifier. Try changing the name to follow the lowerCamelCase style • lib/dependencies.dart:90:14 • non_constant_identifier_names
   info • The variable name 'LLLL' isn't a lowerCamelCase identifier. Try changing the name to follow the lowerCamelCase style • lib/dependencies.dart:91:14 • non_constant_identifier_names
   info • The variable name 'Md' isn't a lowerCamelCase identifier. Try changing the name to follow the lowerCamelCase style • lib/dependencies.dart:93:14 • non_constant_identifier_names
   info • The variable name 'MEd' isn't a lowerCamelCase identifier. Try changing the name to follow the lowerCamelCase style • lib/dependencies.dart:94:14 • non_constant_identifier_names
   info • The variable name 'MMM' isn't a lowerCamelCase identifier. Try changing the name to follow the lowerCamelCase style • lib/dependencies.dart:95:14 • non_constant_identifier_names
   info • The variable name 'MMMd' isn't a lowerCamelCase identifier. Try changing the name to follow the lowerCamelCase style • lib/dependencies.dart:96:14 • non_constant_identifier_names
   info • The variable name 'MMMEd' isn't a lowerCamelCase identifier. Try changing the name to follow the lowerCamelCase style • lib/dependencies.dart:97:14 • non_constant_identifier_names
   info • The variable name 'MMMM' isn't a lowerCamelCase identifier. Try changing the name to follow the lowerCamelCase style • lib/dependencies.dart:98:14 • non_constant_identifier_names
   info • The variable name 'MMMMd' isn't a lowerCamelCase identifier. Try changing the name to follow the lowerCamelCase style • lib/dependencies.dart:99:14 • non_constant_identifier_names
   info • The variable name 'MMMMEEEEd' isn't a lowerCamelCase identifier. Try changing the name to follow the lowerCamelCase style • lib/dependencies.dart:100:14 • non_constant_identifier_names
   info • The variable name 'QQQ' isn't a lowerCamelCase identifier. Try changing the name to follow the lowerCamelCase style • lib/dependencies.dart:102:14 • non_constant_identifier_names
   info • The variable name 'QQQQ' isn't a lowerCamelCase identifier. Try changing the name to follow the lowerCamelCase style • lib/dependencies.dart:103:14 • non_constant_identifier_names
   info • The variable name 'Hm' isn't a lowerCamelCase identifier. Try changing the name to follow the lowerCamelCase style • lib/dependencies.dart:118:14 • non_constant_identifier_names
   info • The variable name 'Hms' isn't a lowerCamelCase identifier. Try changing the name to follow the lowerCamelCase style • lib/dependencies.dart:119:14 • non_constant_identifier_names
   info • The type parameter name 'State' matches a visible type name. Try changing the type parameter name to not match an existing type • lib/dependencies.dart:206:19 • avoid_types_as_parameter_names
   info • Library names are not necessary. Remove the library name • lib/generated_widget.dart:2:9 • unnecessary_library_name
   info • Constructors in '@immutable' classes should be declared as 'const'. Try adding 'const' to the constructor declaration • lib/generated_widget.dart:11:3 • prefer_const_constructors_in_immutables

[spm]: Injecting profiler code...
[spm]: Starting app...
Running Gradle task 'assembleProfile'...                        
Running Gradle task 'assembleProfile'...                           25.6s
✓ Built build/app/outputs/flutter-apk/app-profile.apk (26.8MB)
Installing build/app/outputs/flutter-apk/app-profile.apk...      1,007ms
D/IS_CTS_MODE( 2244): true
D/MULTI_WINDOW_SWITCH_ENABLED( 2244): false
D/IS_CTS_MODE( 2244): true
D/MULTI_WINDOW_SWITCH_ENABLED( 2244): false
D/DecorView[]( 2244): getWindowModeFromSystem  windowmode is 1
I/ForceDarkHelperStubImpl( 2244): setViewRootImplForceDark: false for com.example.benchmark_container.MainActivity@e6f428d, reason: AppDarkModeEnable
I/ForceDarkHelperStubImpl( 2244): setViewRootImplForceDark: false for com.example.benchmark_container.MainActivity@e6f428d, reason: AppDarkModeEnable
D/DecorView[]( 2244): getWindowModeFromSystem  windowmode is 1
D/DecorView[]( 2244): updateDecorCaptionStatus displayWindowDecor is false
W/Looper  ( 2244): PerfMonitor looperActivity : package=com.example.benchmark_container/.MainActivity time=342ms latency=342ms running=0ms  procState=-1  historyMsgCount=3 (msgIndex=1 wall=342ms seq=4 late=342ms h=android.app.ActivityThread$H w=159) (msgIndex=2 wall=342ms seq=4 late=342ms h=android.app.ActivityThread$H w=159) (msgIndex=3 wall=347ms seq=3 h=android.app.ActivityThread$H w=110)
W/Looper  ( 2244): PerfMonitor looperActivity : package=com.example.benchmark_container/.MainActivity time=1ms latency=685ms running=0ms  procState=-1  historyMsgCount=4 (msgIndex=1 wall=342ms seq=4 h=android.app.ActivityThread$H w=159) (msgIndex=2 wall=342ms seq=4 h=android.app.ActivityThread$H w=159) (msgIndex=3 wall=347ms seq=3 h=android.app.ActivityThread$H w=110) (msgIndex=4 wall=342ms seq=4 h=android.app.ActivityThread$H w=159)
D/SurfaceView( 2244): UPDATE null, mIsCastMode = false
D/hw-ProcessState( 2244): Binder ioctl to enable oneway spam detection failed: Invalid argument
W/Looper  ( 2244): PerfMonitor longMsg : seq=8 plan=23:05:23.095 late=340ms wall=1703ms running=0ms h=android.view.Choreographer$FrameHandler c=android.view.Choreographer$FrameDisplayEventReceiver procState=-1
W/Looper  ( 2244): PerfMonitor doFrame : time=1703ms vsyncFrame=0 latency=340ms procState=-1 historyMsgCount=4 (msgIndex=1 wall=1703ms seq=8 late=340ms h=android.view.Choreographer$FrameHandler c=android.view.Choreographer$FrameDisplayEventReceiver)
I/Choreographer( 2244): Skipped 96 frames!  The application may be doing too much work on its main thread.
D/SurfaceView( 2244): UPDATE Surface(name=SurfaceView[com.example.benchmark_container/com.example.benchmark_container.MainActivity])/@0xca20cbb, mIsProjectionMode = false
W/Looper  ( 2244): PerfMonitor doFrame : time=3ms vsyncFrame=0 latency=1616ms procState=-1 historyMsgCount=4
[spm]: Connected to Dart VM service.
I/flutter ( 2244): 00:00 +0: Performance Benchmark
E/hmark_containe( 2244): open libmigui.so failed! dlopen - dlopen failed: library "libmigui.so" not found
D/hmark_containe( 2244): MiuiProcessManagerServiceStub setSchedFifo
I/MiuiProcessManagerImpl( 2244): setSchedFifo pid:2244, mode:3
D/DecorView[]( 2244): onWindowFocusChanged hasWindowFocus true
D/DecorView[]( 2244): getWindowModeFromSystem  windowmode is 1
D/DecorView[]( 2244): updateDecorCaptionStatus displayWindowDecor is false
D/ProfileInstaller( 2244): Installing profile for com.example.benchmark_container
I/flutter ( 2244): [SPM:perf] 698a51a  buildSpan: 2844µs
[spm]: ProfilerData event received.
I/flutter ( 2244): [spm] Performance monitoring completed for 698a51a
[spm]: ProfilerData event received.
I/flutter ( 2244): [SPM:perf] 698a51a  buildSpan: 2704µs
I/flutter ( 2244): [spm] Performance monitoring completed for 698a51a
[spm]: ProfilerData event received.
I/flutter ( 2244): [SPM:perf] 698a51a  buildSpan: 2872µs
I/flutter ( 2244): [spm] Performance monitoring completed for 698a51a
[spm]: ProfilerData event received.
I/flutter ( 2244): [SPM:perf] 698a51a  buildSpan: 2646µs
I/flutter ( 2244): [spm] Performance monitoring completed for 698a51a
[spm]: ProfilerData event received.
I/flutter ( 2244): [SPM:perf] 698a51a  buildSpan: 3401µs
I/flutter ( 2244): [spm] Performance monitoring completed for 698a51a
[spm]: ProfilerData event received.
I/flutter ( 2244): [SPM:perf] 698a51a  buildSpan: 2754µs
I/flutter ( 2244): [spm] Performance monitoring completed for 698a51a
[spm]: ProfilerData event received.
I/flutter ( 2244): [SPM:perf] 698a51a  buildSpan: 2668µs
I/flutter ( 2244): [spm] Performance monitoring completed for 698a51a
[spm]: ProfilerData event received.
I/flutter ( 2244): [SPM:perf] 698a51a  buildSpan: 2643µs
I/flutter ( 2244): [spm] Performance monitoring completed for 698a51a
[spm]: ProfilerData event received.
I/flutter ( 2244): [SPM:perf] 698a51a  buildSpan: 2785µs
I/flutter ( 2244): [spm] Performance monitoring completed for 698a51a
[spm]: ProfilerData event received.
I/flutter ( 2244): [SPM:perf] 698a51a  buildSpan: 3783µs
I/flutter ( 2244): [spm] Performance monitoring completed for 698a51a
[spm]: ProfilerData event received.
I/flutter ( 2244): [SPM:perf] 698a51a  buildSpan: 2740µs
I/flutter ( 2244): [spm] Performance monitoring completed for 698a51a
[spm]: ProfilerData event received.
I/flutter ( 2244): [SPM:perf] 698a51a  buildSpan: 2765µs
I/flutter ( 2244): [spm] Performance monitoring completed for 698a51a
[spm]: ProfilerData event received.
I/flutter ( 2244): [SPM:perf] 698a51a  buildSpan: 2962µs
I/flutter ( 2244): [spm] Performance monitoring completed for 698a51a
[spm]: ProfilerData event received.
I/flutter ( 2244): [SPM:perf] 698a51a  buildSpan: 3104µs
I/flutter ( 2244): [spm] Performance monitoring completed for 698a51a
[spm]: ProfilerData event received.
I/flutter ( 2244): [SPM:perf] 698a51a  buildSpan: 3369µs
I/flutter ( 2244): [spm] Performance monitoring completed for 698a51a
I/flutter ( 2244): [SPM:perf] 698a51a  buildSpan: 2717µs
I/flutter ( 2244): [spm] Performance monitoring completed for 698a51a
[spm]: ProfilerData event received.
[spm]: ProfilerData event received.
I/flutter ( 2244): [SPM:perf] 698a51a  buildSpan: 2903µs
I/flutter ( 2244): [spm] Performance monitoring completed for 698a51a
[spm]: ProfilerData event received.
I/flutter ( 2244): [SPM:perf] 698a51a  buildSpan: 3312µs
I/flutter ( 2244): [spm] Performance monitoring completed for 698a51a
I/flutter ( 2244): [SPM:perf] 698a51a  buildSpan: 2725µs
I/flutter ( 2244): [spm] Performance monitoring completed for 698a51a
[spm]: ProfilerData event received.
[spm]: ProfilerData event received.
I/flutter ( 2244): [SPM:perf] 698a51a  buildSpan: 2706µs
I/flutter ( 2244): [spm] Performance monitoring completed for 698a51a
[spm]: ProfilerData event received.
I/flutter ( 2244): [SPM:perf] 698a51a  buildSpan: 3058µs
I/flutter ( 2244): [spm] Performance monitoring completed for 698a51a
[spm]: ProfilerData event received.
I/flutter ( 2244): [SPM:perf] 698a51a  buildSpan: 2840µs
I/flutter ( 2244): [spm] Performance monitoring completed for 698a51a
[spm]: ProfilerData event received.
I/flutter ( 2244): [SPM:perf] 698a51a  buildSpan: 2862µs
I/flutter ( 2244): [spm] Performance monitoring completed for 698a51a
[spm]: ProfilerData event received.
I/flutter ( 2244): [SPM:perf] 698a51a  buildSpan: 3780µs
I/flutter ( 2244): [spm] Performance monitoring completed for 698a51a
[spm]: ProfilerData event received.
I/flutter ( 2244): [SPM:perf] 698a51a  buildSpan: 2669µs
I/flutter ( 2244): [spm] Performance monitoring completed for 698a51a
I/flutter ( 2244): [SPM:perf] 698a51a  buildSpan: 2735µs
I/flutter ( 2244): [spm] Performance monitoring completed for 698a51a
[spm]: ProfilerData event received.
[spm]: ProfilerData event received.
I/flutter ( 2244): [SPM:perf] 698a51a  buildSpan: 2704µs
I/flutter ( 2244): [spm] Performance monitoring completed for 698a51a
[spm]: ProfilerData event received.
I/flutter ( 2244): [SPM:perf] 698a51a  buildSpan: 2641µs
I/flutter ( 2244): [spm] Performance monitoring completed for 698a51a
[spm]: ProfilerData event received.
I/flutter ( 2244): [SPM:perf] 698a51a  buildSpan: 2741µs
I/flutter ( 2244): [spm] Performance monitoring completed for 698a51a
[spm]: ProfilerData event received.
I/flutter ( 2244): [SPM:perf] 698a51a  buildSpan: 2659µs
I/flutter ( 2244): [spm] Performance monitoring completed for 698a51a
I/flutter ( 2244): 01:10 +1: (tearDownAll)
I/flutter ( 2244): 01:11 +2: All tests passed!
All tests passed.
[spm]: Saved 30 profiler events to <ROOT>/dataset-new_samples/0334/redmi9t/raw/20260909-225500/rev_005_54e60730/e1.jsonl
[spm]: Reverting injection...
19 issues found. (ran in 0.6s)
WARNING: Your Android app project: app located at: <ROOT>/android/app/build.gradle.kts
applies the Kotlin Gradle Plugin, which will cause build failures in future versions of Flutter. 
Please migrate your app to Built-in Kotlin using this guide: https://docs.flutter.dev/release/breaking-changes/migrate-to-built-in-kotlin/for-app-developers

VMServiceFlutterDriver: Connecting to Flutter application at http://127.0.0.1:35203/xhi9FeM165w=/
[spm]: Detected VM service URI: ws://127.0.0.1:35203/xhi9FeM165w=/ws
VMServiceFlutterDriver: Isolate found with number: 5868682522781571
VMServiceFlutterDriver: Isolate 5868682522781571 is runnable.
VMServiceFlutterDriver: Isolate is paused at start.
VMServiceFlutterDriver: Attempting to resume isolate
VMServiceFlutterDriver: Connected to Flutter application.
VMServiceFlutterDriver: request_data message is taking a long time to complete...