# sample_id=0334/rev_005_54e60730 exec_index=7 ok=True perf_lines=30 vm_events=30 battery_pct=49 soc_temp_millic=44800 battery_temp_c=33.5 charging=False preflight_started=2026-09-09T20:46:27.752292+00:00 started=2026-09-09T20:46:30.123858+00:00 ts=2026-09-09T20:48:31.508150+00:00
[spm]: Running flutter analyze...
Analyzing lib...                                                

   info • The part-of directive uses a library name. Try converting the directive to use the URI of the library • lib/dependencies.dart:43:1 • use_string_in_part_of_directives
   info • The variable name 'EEEE' isn't a lowerCamelCase identifier. Try changing the name to follow the lowerCamelCase style • lib/dependencies.dart:89:14 • non_constant_identifier_names
   info • The variable name 'LLL' isn't a lowerCamelCase identifier. Try changing the name to follow the lowerCamelCase style • lib/dependencies.dart:90:14 • non_constant_identifier_names
   info • The variable name 'LLLL' isn't a lowerCamelCase identifier. Try changing the name to follow the lowerCamelCase style • lib/dependencies.dart:91:14 • non_constant_identifier_names
   info • The variable name 'Md' isn't a lowerCamelCase identifier. Try changing the name to follow the lowerCamelCase style • lib/dependencies.dart:93:14 • non_constant_identifier_names
   info • The variable name 'MEd' isn't a lowerCamelCase identifier. Try changing the name to follow the lowerCamelCase style • lib/dependencies.dart:94:14 • non_constant_identifier_names
   info • The variable name 'MMM' isn't a lowerCamelCase identifier. Try changing the name to follow the lowerCamelCase style • lib/dependencies.dart:95:14 • non_constant_identifier_names
   info • The variable name 'MMMd' isn't a lowerCamelCase identifier. Try changing the name to follow the lowerCamelCase style • lib/dependencies.dart:96:14 • non_constant_identifier_names
   info • The variable name 'MMMEd' isn't a lowerCamelCase identifier. Try changing the name to follow the lowerCamelCase style • lib/dependencies.dart:97:14 • non_constant_identifier_names
   info • The variable name 'MMMM' isn't a lowerCamelCase identifier. Try changing the name to follow the lowerCamelCase style • lib/dependencies.dart:98:14 • non_constant_identifier_names
   info • The variable name 'MMMMd' isn't a lowerCamelCase identifier. Try changing the name to follow the lowerCamelCase style • lib/dependencies.dart:99:14 • non_constant_identifier_names
   info • The variable name 'MMMMEEEEd' isn't a lowerCamelCase identifier. Try changing the name to follow the lowerCamelCase style • lib/dependencies.dart:100:14 • non_constant_identifier_names
   info • The variable name 'QQQ' isn't a lowerCamelCase identifier. Try changing the name to follow the lowerCamelCase style • lib/dependencies.dart:102:14 • non_constant_identifier_names
   info • The variable name 'QQQQ' isn't a lowerCamelCase identifier. Try changing the name to follow the lowerCamelCase style • lib/dependencies.dart:103:14 • non_constant_identifier_names
   info • The variable name 'Hm' isn't a lowerCamelCase identifier. Try changing the name to follow the lowerCamelCase style • lib/dependencies.dart:118:14 • non_constant_identifier_names
   info • The variable name 'Hms' isn't a lowerCamelCase identifier. Try changing the name to follow the lowerCamelCase style • lib/dependencies.dart:119:14 • non_constant_identifier_names
   info • The type parameter name 'State' matches a visible type name. Try changing the type parameter name to not match an existing type • lib/dependencies.dart:206:19 • avoid_types_as_parameter_names
   info • Library names are not necessary. Remove the library name • lib/generated_widget.dart:2:9 • unnecessary_library_name
   info • Constructors in '@immutable' classes should be declared as 'const'. Try adding 'const' to the constructor declaration • lib/generated_widget.dart:11:3 • prefer_const_constructors_in_immutables

[spm]: Injecting profiler code...
[spm]: Starting app...
Running Gradle task 'assembleProfile'...                        
Running Gradle task 'assembleProfile'...                           22.3s
✓ Built build/app/outputs/flutter-apk/app-profile.apk (26.8MB)
Installing build/app/outputs/flutter-apk/app-profile.apk...      1,003ms
D/IS_CTS_MODE( 2750): true
D/MULTI_WINDOW_SWITCH_ENABLED( 2750): false
D/IS_CTS_MODE( 2750): true
D/MULTI_WINDOW_SWITCH_ENABLED( 2750): false
D/DecorView[]( 2750): getWindowModeFromSystem  windowmode is 1
I/ForceDarkHelperStubImpl( 2750): setViewRootImplForceDark: false for com.example.benchmark_container.MainActivity@e6f428d, reason: AppDarkModeEnable
I/ForceDarkHelperStubImpl( 2750): setViewRootImplForceDark: false for com.example.benchmark_container.MainActivity@e6f428d, reason: AppDarkModeEnable
D/DecorView[]( 2750): getWindowModeFromSystem  windowmode is 1
D/DecorView[]( 2750): updateDecorCaptionStatus displayWindowDecor is false
W/Looper  ( 2750): PerfMonitor looperActivity : package=com.example.benchmark_container/.MainActivity time=395ms latency=398ms running=0ms  procState=-1  historyMsgCount=2 (msgIndex=1 wall=395ms seq=4 late=398ms h=android.app.ActivityThread$H w=159) (msgIndex=2 wall=399ms seq=3 h=android.app.ActivityThread$H w=110)
W/Looper  ( 2750): PerfMonitor looperActivity : package=com.example.benchmark_container/.MainActivity time=0ms latency=757ms running=0ms  procState=-1  historyMsgCount=4 (msgIndex=2 wall=395ms seq=4 late=398ms h=android.app.ActivityThread$H w=159) (msgIndex=3 wall=399ms seq=3 h=android.app.ActivityThread$H w=110) (msgIndex=4 wall=395ms seq=4 late=398ms h=android.app.ActivityThread$H w=159)
D/SurfaceView( 2750): UPDATE null, mIsCastMode = false
D/hw-ProcessState( 2750): Binder ioctl to enable oneway spam detection failed: Invalid argument
W/Looper  ( 2750): PerfMonitor longMsg : seq=8 plan=23:47:08.944 late=403ms wall=1725ms running=0ms h=android.view.Choreographer$FrameHandler c=android.view.Choreographer$FrameDisplayEventReceiver procState=-1
W/Looper  ( 2750): PerfMonitor doFrame : time=1725ms vsyncFrame=0 latency=403ms procState=-1 historyMsgCount=7 (msgIndex=2 wall=395ms seq=4 h=android.app.ActivityThread$H w=159) (msgIndex=3 wall=1725ms seq=8 late=403ms h=android.view.Choreographer$FrameHandler c=android.view.Choreographer$FrameDisplayEventReceiver) (msgIndex=4 wall=395ms seq=4 h=android.app.ActivityThread$H w=159)
I/Choreographer( 2750): Skipped 98 frames!  The application may be doing too much work on its main thread.
D/SurfaceView( 2750): UPDATE Surface(name=SurfaceView[com.example.benchmark_container/com.example.benchmark_container.MainActivity])/@0xca20cbb, mIsProjectionMode = false
W/Looper  ( 2750): PerfMonitor doFrame : time=2ms vsyncFrame=0 latency=1639ms procState=-1 historyMsgCount=4
[spm]: Connected to Dart VM service.
I/flutter ( 2750): 00:00 +0: Performance Benchmark
E/hmark_containe( 2750): open libmigui.so failed! dlopen - dlopen failed: library "libmigui.so" not found
D/hmark_containe( 2750): MiuiProcessManagerServiceStub setSchedFifo
I/MiuiProcessManagerImpl( 2750): setSchedFifo pid:2750, mode:3
D/DecorView[]( 2750): onWindowFocusChanged hasWindowFocus true
D/DecorView[]( 2750): getWindowModeFromSystem  windowmode is 1
D/DecorView[]( 2750): updateDecorCaptionStatus displayWindowDecor is false
D/ProfileInstaller( 2750): Installing profile for com.example.benchmark_container
[spm]: ProfilerData event received.
I/flutter ( 2750): [SPM:perf] 698a51a  buildSpan: 2907µs
I/flutter ( 2750): [spm] Performance monitoring completed for 698a51a
[spm]: ProfilerData event received.
I/flutter ( 2750): [SPM:perf] 698a51a  buildSpan: 2842µs
I/flutter ( 2750): [spm] Performance monitoring completed for 698a51a
[spm]: ProfilerData event received.
I/flutter ( 2750): [SPM:perf] 698a51a  buildSpan: 2670µs
I/flutter ( 2750): [spm] Performance monitoring completed for 698a51a
[spm]: ProfilerData event received.
I/flutter ( 2750): [SPM:perf] 698a51a  buildSpan: 2913µs
I/flutter ( 2750): [spm] Performance monitoring completed for 698a51a
[spm]: ProfilerData event received.
I/flutter ( 2750): [SPM:perf] 698a51a  buildSpan: 2718µs
I/flutter ( 2750): [spm] Performance monitoring completed for 698a51a
[spm]: ProfilerData event received.
I/flutter ( 2750): [SPM:perf] 698a51a  buildSpan: 2877µs
I/flutter ( 2750): [spm] Performance monitoring completed for 698a51a
I/flutter ( 2750): [SPM:perf] 698a51a  buildSpan: 2854µs
I/flutter ( 2750): [spm] Performance monitoring completed for 698a51a
[spm]: ProfilerData event received.
[spm]: ProfilerData event received.
I/flutter ( 2750): [SPM:perf] 698a51a  buildSpan: 3368µs
I/flutter ( 2750): [spm] Performance monitoring completed for 698a51a
[spm]: ProfilerData event received.
I/flutter ( 2750): [SPM:perf] 698a51a  buildSpan: 6303µs
I/flutter ( 2750): [spm] Performance monitoring completed for 698a51a
[spm]: ProfilerData event received.
I/flutter ( 2750): [SPM:perf] 698a51a  buildSpan: 2930µs
I/flutter ( 2750): [spm] Performance monitoring completed for 698a51a
[spm]: ProfilerData event received.
I/flutter ( 2750): [SPM:perf] 698a51a  buildSpan: 2790µs
I/flutter ( 2750): [spm] Performance monitoring completed for 698a51a
[spm]: ProfilerData event received.
I/flutter ( 2750): [SPM:perf] 698a51a  buildSpan: 3273µs
I/flutter ( 2750): [spm] Performance monitoring completed for 698a51a
I/flutter ( 2750): [SPM:perf] 698a51a  buildSpan: 2674µs
I/flutter ( 2750): [spm] Performance monitoring completed for 698a51a
[spm]: ProfilerData event received.
[spm]: ProfilerData event received.
I/flutter ( 2750): [SPM:perf] 698a51a  buildSpan: 2677µs
I/flutter ( 2750): [spm] Performance monitoring completed for 698a51a
[spm]: ProfilerData event received.
I/flutter ( 2750): [SPM:perf] 698a51a  buildSpan: 2679µs
I/flutter ( 2750): [spm] Performance monitoring completed for 698a51a
[spm]: ProfilerData event received.
I/flutter ( 2750): [SPM:perf] 698a51a  buildSpan: 3282µs
I/flutter ( 2750): [spm] Performance monitoring completed for 698a51a
[spm]: ProfilerData event received.
I/flutter ( 2750): [SPM:perf] 698a51a  buildSpan: 2834µs
I/flutter ( 2750): [spm] Performance monitoring completed for 698a51a
[spm]: ProfilerData event received.
I/flutter ( 2750): [SPM:perf] 698a51a  buildSpan: 2814µs
I/flutter ( 2750): [spm] Performance monitoring completed for 698a51a
[spm]: ProfilerData event received.
I/flutter ( 2750): [SPM:perf] 698a51a  buildSpan: 2649µs
I/flutter ( 2750): [spm] Performance monitoring completed for 698a51a
[spm]: ProfilerData event received.
I/flutter ( 2750): [SPM:perf] 698a51a  buildSpan: 3149µs
I/flutter ( 2750): [spm] Performance monitoring completed for 698a51a
[spm]: ProfilerData event received.
I/flutter ( 2750): [SPM:perf] 698a51a  buildSpan: 2831µs
I/flutter ( 2750): [spm] Performance monitoring completed for 698a51a
[spm]: ProfilerData event received.
I/flutter ( 2750): [SPM:perf] 698a51a  buildSpan: 2689µs
I/flutter ( 2750): [spm] Performance monitoring completed for 698a51a
[spm]: ProfilerData event received.
I/flutter ( 2750): [SPM:perf] 698a51a  buildSpan: 2786µs
I/flutter ( 2750): [spm] Performance monitoring completed for 698a51a
[spm]: ProfilerData event received.
I/flutter ( 2750): [SPM:perf] 698a51a  buildSpan: 2927µs
I/flutter ( 2750): [spm] Performance monitoring completed for 698a51a
[spm]: ProfilerData event received.
I/flutter ( 2750): [SPM:perf] 698a51a  buildSpan: 2920µs
I/flutter ( 2750): [spm] Performance monitoring completed for 698a51a
[spm]: ProfilerData event received.
I/flutter ( 2750): [SPM:perf] 698a51a  buildSpan: 2815µs
I/flutter ( 2750): [spm] Performance monitoring completed for 698a51a
I/flutter ( 2750): [SPM:perf] 698a51a  buildSpan: 2671µs
I/flutter ( 2750): [spm] Performance monitoring completed for 698a51a
[spm]: ProfilerData event received.
I/flutter ( 2750): [SPM:perf] 698a51a  buildSpan: 2892µs
I/flutter ( 2750): [spm] Performance monitoring completed for 698a51a
[spm]: ProfilerData event received.
[spm]: ProfilerData event received.
I/flutter ( 2750): [SPM:perf] 698a51a  buildSpan: 3487µs
I/flutter ( 2750): [spm] Performance monitoring completed for 698a51a
[spm]: ProfilerData event received.
I/flutter ( 2750): [SPM:perf] 698a51a  buildSpan: 2728µs
I/flutter ( 2750): [spm] Performance monitoring completed for 698a51a
I/flutter ( 2750): 01:10 +1: (tearDownAll)
I/flutter ( 2750): 01:11 +2: All tests passed!
All tests passed.
[spm]: Saved 30 profiler events to <ROOT>/dataset-new_samples/0334/redmi9t/raw/20260909-225500/rev_005_54e60730/e7.jsonl
[spm]: Reverting injection...
19 issues found. (ran in 0.5s)
WARNING: Your Android app project: app located at: <ROOT>/android/app/build.gradle.kts
applies the Kotlin Gradle Plugin, which will cause build failures in future versions of Flutter. 
Please migrate your app to Built-in Kotlin using this guide: https://docs.flutter.dev/release/breaking-changes/migrate-to-built-in-kotlin/for-app-developers

VMServiceFlutterDriver: Connecting to Flutter application at http://127.0.0.1:39853/uKwdNaF8PTk=/
[spm]: Detected VM service URI: ws://127.0.0.1:39853/uKwdNaF8PTk=/ws
VMServiceFlutterDriver: Isolate found with number: 2866663728638807
VMServiceFlutterDriver: Isolate 2866663728638807 is runnable.
VMServiceFlutterDriver: Isolate is paused at start.
VMServiceFlutterDriver: Attempting to resume isolate
VMServiceFlutterDriver: Connected to Flutter application.
VMServiceFlutterDriver: request_data message is taking a long time to complete...