# sample_id=0334/rev_005_54e60730 exec_index=9 ok=True perf_lines=30 vm_events=30 battery_pct=49 soc_temp_millic=45400 battery_temp_c=33.5 charging=False preflight_started=2026-09-09T20:50:35.935096+00:00 started=2026-09-09T20:50:38.285079+00:00 ts=2026-09-09T20:52:39.901973+00:00
[spm]: Running flutter analyze...
Analyzing lib...                                                

   info • The part-of directive uses a library name. Try converting the directive to use the URI of the library • lib/dependencies.dart:43:1 • use_string_in_part_of_directives
   info • The variable name 'EEEE' isn't a lowerCamelCase identifier. Try changing the name to follow the lowerCamelCase style • lib/dependencies.dart:89:14 • non_constant_identifier_names
   info • The variable name 'LLL' isn't a lowerCamelCase identifier. Try changing the name to follow the lowerCamelCase style • lib/dependencies.dart:90:14 • non_constant_identifier_names
   info • The variable name 'LLLL' isn't a lowerCamelCase identifier. Try changing the name to follow the lowerCamelCase style • lib/dependencies.dart:91:14 • non_constant_identifier_names
   info • The variable name 'Md' isn't a lowerCamelCase identifier. Try changing the name to follow the lowerCamelCase style • lib/dependencies.dart:93:14 • non_constant_identifier_names
   info • The variable name 'MEd' isn't a lowerCamelCase identifier. Try changing the name to follow the lowerCamelCase style • lib/dependencies.dart:94:14 • non_constant_identifier_names
   info • The variable name 'MMM' isn't a lowerCamelCase identifier. Try changing the name to follow the lowerCamelCase style • lib/dependencies.dart:95:14 • non_constant_identifier_names
   info • The variable name 'MMMd' isn't a lowerCamelCase identifier. Try changing the name to follow the lowerCamelCase style • lib/dependencies.dart:96:14 • non_constant_identifier_names
   info • The variable name 'MMMEd' isn't a lowerCamelCase identifier. Try changing the name to follow the lowerCamelCase style • lib/dependencies.dart:97:14 • non_constant_identifier_names
   info • The variable name 'MMMM' isn't a lowerCamelCase identifier. Try changing the name to follow the lowerCamelCase style • lib/dependencies.dart:98:14 • non_constant_identifier_names
   info • The variable name 'MMMMd' isn't a lowerCamelCase identifier. Try changing the name to follow the lowerCamelCase style • lib/dependencies.dart:99:14 • non_constant_identifier_names
   info • The variable name 'MMMMEEEEd' isn't a lowerCamelCase identifier. Try changing the name to follow the lowerCamelCase style • lib/dependencies.dart:100:14 • non_constant_identifier_names
   info • The variable name 'QQQ' isn't a lowerCamelCase identifier. Try changing the name to follow the lowerCamelCase style • lib/dependencies.dart:102:14 • non_constant_identifier_names
   info • The variable name 'QQQQ' isn't a lowerCamelCase identifier. Try changing the name to follow the lowerCamelCase style • lib/dependencies.dart:103:14 • non_constant_identifier_names
   info • The variable name 'Hm' isn't a lowerCamelCase identifier. Try changing the name to follow the lowerCamelCase style • lib/dependencies.dart:118:14 • non_constant_identifier_names
   info • The variable name 'Hms' isn't a lowerCamelCase identifier. Try changing the name to follow the lowerCamelCase style • lib/dependencies.dart:119:14 • non_constant_identifier_names
   info • The type parameter name 'State' matches a visible type name. Try changing the type parameter name to not match an existing type • lib/dependencies.dart:206:19 • avoid_types_as_parameter_names
   info • Library names are not necessary. Remove the library name • lib/generated_widget.dart:2:9 • unnecessary_library_name
   info • Constructors in '@immutable' classes should be declared as 'const'. Try adding 'const' to the constructor declaration • lib/generated_widget.dart:11:3 • prefer_const_constructors_in_immutables

[spm]: Injecting profiler code...
[spm]: Starting app...
Running Gradle task 'assembleProfile'...                        
Running Gradle task 'assembleProfile'...                           22.0s
✓ Built build/app/outputs/flutter-apk/app-profile.apk (26.8MB)
Installing build/app/outputs/flutter-apk/app-profile.apk...      1,003ms
D/MiuiMultiWindowUtils(15924): freeform resolution args raw data:{  "zizhan":{    "freeform_args": {      "inner":{        "vertical_portrait":{"aspect_ratio":0.626, "original_ratio":0.5643,"original_scale":0.74,"top_margin":0.168,"left_margin":0.484},        "horizontal_portrait":{"aspect_ratio":0.626, "original_ratio":0.5643,"original_scale":0.74,"top_margin":0.1222,"left_margin":0.59745},        "vertical_landscape":{"aspect_ratio":1.6, "original_ratio":1,"original_scale":0.604,"top_margin":0.2596,"left_margin":0.2624},        "horizontal_landscape":{"aspect_ratio":1.6, "original_ratio":1,"original_scale":0.604,"top_margin":0.213,"left_margin":0.3758}      },      "outer":{        "vertical_portrait":{"aspect_ratio":0.626, "original_ratio":1,"original_scale":0.74,"top_margin":0.0753,"left_margin":-1},        "horizontal_portrait":{"aspect_ratio":0.626, "original_ratio":1,"original_scale":0.5756,"top_margin":-1,"left_margin":0.0753},        "vertical_landscape":{"aspect_ratio":1.6, "original_ratio":0.6847,"original_scale":0.587,"top_margin":0.0753,"left_margin":-1},        "horizontal_landscape":{"aspect_ratio":1.6, "original_ratio":0.6847,"original_scale":0.587,"top_margin":-1,"left_margin":0.0753}}    },    "mini_freeform_args":{      "inner":{        "vertical_portrait":{"aspect_ratio":0.626, "original_ratio":0.147},        "horizontal_portrait":{"aspect_ratio":0.626, "original_ratio":0.147},        "vertical_landscape":{"aspect_ratio":1.6, "original_ratio":0.165},        "horizontal_landscape":{"aspect_ratio":1.6, "original_ratio":0.165}      },      "outer":{        "vertical_portrait":{"aspect_ratio":0.626, "original_ratio":0.26},        "horizontal_portrait":{"aspect_ratio":0.626, "original_ratio":0.26},        "vertical_landscape":{"aspect_ratio":1.6, "original_ratio":0.293},        "horizontal_landscape":{"aspect_ratio":1.6, "original_ratio":0.293}}    }  },  "wide_default":{    "freeform_args": {        "vertical_portrait":{"aspect_ratio":0.625, "original_ratio":0.5806,"original_scale":0.7574,"top_margin":0.125,"left_margin":0.392},        "horizontal_portrait":{"aspect_ratio":0.625, "original_ratio":0.5806,"original_scale":0.7574,"top_margin":-1,"left_margin":0.6415},        "vertical_landscape":{"aspect_ratio":1.6, "original_ratio":1,"original_scale":0.5153,"top_margin":0.125,"left_margin":0.206},        "horizontal_landscape":{"aspect_ratio":1.6, "original_ratio":1,"original_scale":0.5153,"top_margin":-1,"left_margin":0.456}    },    "mini_freeform_args":{        "vertical_portrait":{"aspect_ratio":0.5625, "original_ratio":0.144},        "horizontal_portrait":{"aspect_ratio":0.5625, "original_ratio":0.144},        "vertical_landscape":{"aspect_ratio":-1, "original_ratio":0.144},        "horizontal_landscape":{"aspect_ratio":-1, "original_ratio":0.144}    }  },  "narrow_default": {    "freeform_args": {        "vertical_portrait":{"aspect_ratio":0.5625, "original_ratio":1,"original_scale":0.7182,"top_margin":0.142,"left_margin":-1},        "horizontal_portrait":{"aspect_ratio":0.8, "original_ratio":1,"original_scale":0.7182,"top_margin":-1,"left_margin":0.05},        "vertical_landscape":{"aspect_ratio":1.6, "original_ratio":0.6545,"original_scale":0.4473,"top_margin":0.142,"left_margin":-1},        "horizontal_landscape":{"aspect_ratio":1.6, "original_ratio":0.6545,"original_scale":0.4473,"top_margin":-1,"left_margin":0.05}    },    "mini_freeform_args":{        "vertical_portrait":{"aspect_ratio":0.5625, "original_ratio":0.3},        "horizontal_portrait":{"aspect_ratio":0.5625, "original_ratio":0.3},        "vertical_landscape":{"aspect_ratio":1.7778, "original_ratio":0.3},        "horizontal_landscape":{"aspect_ratio":1.7778, "original_ratio":0.3}    }  },  "regular_default": {    "freeform_args": {      "vertical_portrait":{"aspect_ratio":0.625, "original_ratio":1,"original_scale":0.7,"top_margin":0.109,"left_margin":-1},      "horizontal_portrait":{"aspect_ratio":0.6667, "original_ratio":1,"original_scale":0.6102,"top_margin":-1,"left_margin":0.026},      "vertical_landscape":{"asp
E/MiuiMultiWindowUtils(15924): initFreeFormResolutionArgs failed, device is lime
D/IS_CTS_MODE(15924): true
D/MULTI_WINDOW_SWITCH_ENABLED(15924): false
D/IS_CTS_MODE(15924): true
D/MULTI_WINDOW_SWITCH_ENABLED(15924): false
D/IS_CTS_MODE(15924): true
D/MULTI_WINDOW_SWITCH_ENABLED(15924): false
D/DecorView[](15924): getWindowModeFromSystem  windowmode is 1
I/ForceDarkHelperStubImpl(15924): setViewRootImplForceDark: false for com.example.benchmark_container.MainActivity@e6f428d, reason: AppDarkModeEnable
I/ForceDarkHelperStubImpl(15924): setViewRootImplForceDark: false for com.example.benchmark_container.MainActivity@e6f428d, reason: AppDarkModeEnable
D/DecorView[](15924): getWindowModeFromSystem  windowmode is 1
D/DecorView[](15924): updateDecorCaptionStatus displayWindowDecor is false
W/Looper  (15924): PerfMonitor looperActivity : package=com.example.benchmark_container/.MainActivity time=433ms latency=415ms running=0ms  procState=-1  historyMsgCount=3 (msgIndex=3 wall=411ms seq=3 h=android.app.ActivityThread$H w=110)
W/Looper  (15924): PerfMonitor looperActivity : package=com.example.benchmark_container/.MainActivity time=0ms latency=849ms running=0ms  procState=-1  historyMsgCount=4 (msgIndex=3 wall=411ms seq=3 h=android.app.ActivityThread$H w=110) (msgIndex=4 wall=433ms seq=4 h=android.app.ActivityThread$H w=159)
D/SurfaceView(15924): UPDATE null, mIsCastMode = false
D/hw-ProcessState(15924): Binder ioctl to enable oneway spam detection failed: Invalid argument
W/Looper  (15924): PerfMonitor longMsg : seq=8 plan=23:51:16.512 late=427ms wall=1730ms running=0ms h=android.view.Choreographer$FrameHandler c=android.view.Choreographer$FrameDisplayEventReceiver procState=-1
W/Looper  (15924): PerfMonitor doFrame : time=1730ms vsyncFrame=0 latency=427ms procState=-1 historyMsgCount=4 (msgIndex=1 wall=1730ms seq=8 late=427ms h=android.view.Choreographer$FrameHandler c=android.view.Choreographer$FrameDisplayEventReceiver)
I/Choreographer(15924): Skipped 98 frames!  The application may be doing too much work on its main thread.
D/SurfaceView(15924): UPDATE Surface(name=SurfaceView[com.example.benchmark_container/com.example.benchmark_container.MainActivity])/@0xca20cbb, mIsProjectionMode = false
W/Looper  (15924): PerfMonitor doFrame : time=3ms vsyncFrame=0 latency=1650ms procState=-1 historyMsgCount=4
[spm]: Connected to Dart VM service.
I/flutter (15924): 00:00 +0: Performance Benchmark
E/hmark_containe(15924): open libmigui.so failed! dlopen - dlopen failed: library "libmigui.so" not found
D/hmark_containe(15924): MiuiProcessManagerServiceStub setSchedFifo
I/MiuiProcessManagerImpl(15924): setSchedFifo pid:15924, mode:3
D/DecorView[](15924): onWindowFocusChanged hasWindowFocus true
D/DecorView[](15924): getWindowModeFromSystem  windowmode is 1
D/DecorView[](15924): updateDecorCaptionStatus displayWindowDecor is false
D/ProfileInstaller(15924): Installing profile for com.example.benchmark_container
[spm]: ProfilerData event received.
I/flutter (15924): [SPM:perf] 698a51a  buildSpan: 2867µs
I/flutter (15924): [spm] Performance monitoring completed for 698a51a
[spm]: ProfilerData event received.
I/flutter (15924): [SPM:perf] 698a51a  buildSpan: 2675µs
I/flutter (15924): [spm] Performance monitoring completed for 698a51a
I/flutter (15924): [SPM:perf] 698a51a  buildSpan: 2869µs
[spm]: ProfilerData event received.
I/flutter (15924): [spm] Performance monitoring completed for 698a51a
I/flutter (15924): [SPM:perf] 698a51a  buildSpan: 2743µs
[spm]: ProfilerData event received.
I/flutter (15924): [spm] Performance monitoring completed for 698a51a
[spm]: ProfilerData event received.
I/flutter (15924): [SPM:perf] 698a51a  buildSpan: 2704µs
I/flutter (15924): [spm] Performance monitoring completed for 698a51a
[spm]: ProfilerData event received.
I/flutter (15924): [SPM:perf] 698a51a  buildSpan: 4067µs
I/flutter (15924): [spm] Performance monitoring completed for 698a51a
[spm]: ProfilerData event received.
I/flutter (15924): [SPM:perf] 698a51a  buildSpan: 2738µs
I/flutter (15924): [spm] Performance monitoring completed for 698a51a
[spm]: ProfilerData event received.
I/flutter (15924): [SPM:perf] 698a51a  buildSpan: 2788µs
I/flutter (15924): [spm] Performance monitoring completed for 698a51a
[spm]: ProfilerData event received.
I/flutter (15924): [SPM:perf] 698a51a  buildSpan: 2692µs
I/flutter (15924): [spm] Performance monitoring completed for 698a51a
[spm]: ProfilerData event received.
I/flutter (15924): [SPM:perf] 698a51a  buildSpan: 2828µs
I/flutter (15924): [spm] Performance monitoring completed for 698a51a
[spm]: ProfilerData event received.
I/flutter (15924): [SPM:perf] 698a51a  buildSpan: 2815µs
I/flutter (15924): [spm] Performance monitoring completed for 698a51a
[spm]: ProfilerData event received.
I/flutter (15924): [SPM:perf] 698a51a  buildSpan: 2657µs
I/flutter (15924): [spm] Performance monitoring completed for 698a51a
I/flutter (15924): [SPM:perf] 698a51a  buildSpan: 2909µs
I/flutter (15924): [spm] Performance monitoring completed for 698a51a
[spm]: ProfilerData event received.
I/flutter (15924): [SPM:perf] 698a51a  buildSpan: 3425µs
[spm]: ProfilerData event received.
I/flutter (15924): [spm] Performance monitoring completed for 698a51a
I/flutter (15924): [SPM:perf] 698a51a  buildSpan: 2699µs
[spm]: ProfilerData event received.
I/flutter (15924): [spm] Performance monitoring completed for 698a51a
[spm]: ProfilerData event received.
I/flutter (15924): [SPM:perf] 698a51a  buildSpan: 2644µs
I/flutter (15924): [spm] Performance monitoring completed for 698a51a
[spm]: ProfilerData event received.
I/flutter (15924): [SPM:perf] 698a51a  buildSpan: 3154µs
I/flutter (15924): [spm] Performance monitoring completed for 698a51a
[spm]: ProfilerData event received.
I/flutter (15924): [SPM:perf] 698a51a  buildSpan: 3275µs
I/flutter (15924): [spm] Performance monitoring completed for 698a51a
[spm]: ProfilerData event received.
I/flutter (15924): [SPM:perf] 698a51a  buildSpan: 2626µs
I/flutter (15924): [spm] Performance monitoring completed for 698a51a
[spm]: ProfilerData event received.
I/flutter (15924): [SPM:perf] 698a51a  buildSpan: 2733µs
I/flutter (15924): [spm] Performance monitoring completed for 698a51a
[spm]: ProfilerData event received.
I/flutter (15924): [SPM:perf] 698a51a  buildSpan: 2878µs
I/flutter (15924): [spm] Performance monitoring completed for 698a51a
[spm]: ProfilerData event received.
I/flutter (15924): [SPM:perf] 698a51a  buildSpan: 2995µs
I/flutter (15924): [spm] Performance monitoring completed for 698a51a
I/flutter (15924): [SPM:perf] 698a51a  buildSpan: 2707µs
I/flutter (15924): [spm] Performance monitoring completed for 698a51a
[spm]: ProfilerData event received.
I/flutter (15924): [SPM:perf] 698a51a  buildSpan: 3014µs
I/flutter (15924): [spm] Performance monitoring completed for 698a51a
[spm]: ProfilerData event received.
[spm]: ProfilerData event received.
I/flutter (15924): [SPM:perf] 698a51a  buildSpan: 2685µs
I/flutter (15924): [spm] Performance monitoring completed for 698a51a
I/flutter (15924): [SPM:perf] 698a51a  buildSpan: 2738µs
[spm]: ProfilerData event received.
I/flutter (15924): [spm] Performance monitoring completed for 698a51a
[spm]: ProfilerData event received.
I/flutter (15924): [SPM:perf] 698a51a  buildSpan: 2659µs
I/flutter (15924): [spm] Performance monitoring completed for 698a51a
[spm]: ProfilerData event received.
I/flutter (15924): [SPM:perf] 698a51a  buildSpan: 2863µs
I/flutter (15924): [spm] Performance monitoring completed for 698a51a
[spm]: ProfilerData event received.
I/flutter (15924): [SPM:perf] 698a51a  buildSpan: 2746µs
I/flutter (15924): [spm] Performance monitoring completed for 698a51a
[spm]: ProfilerData event received.
I/flutter (15924): [SPM:perf] 698a51a  buildSpan: 3364µs
I/flutter (15924): [spm] Performance monitoring completed for 698a51a
I/flutter (15924): 01:10 +1: (tearDownAll)
I/flutter (15924): 01:11 +2: All tests passed!
All tests passed.
[spm]: Saved 30 profiler events to <ROOT>/dataset-new_samples/0334/redmi9t/raw/20260909-225500/rev_005_54e60730/e9.jsonl
[spm]: Reverting injection...
19 issues found. (ran in 0.5s)
WARNING: Your Android app project: app located at: <ROOT>/android/app/build.gradle.kts
applies the Kotlin Gradle Plugin, which will cause build failures in future versions of Flutter. 
Please migrate your app to Built-in Kotlin using this guide: https://docs.flutter.dev/release/breaking-changes/migrate-to-built-in-kotlin/for-app-developers

VMServiceFlutterDriver: Connecting to Flutter application at http://127.0.0.1:35137/RQAmBSNFUXI=/
[spm]: Detected VM service URI: ws://127.0.0.1:35137/RQAmBSNFUXI=/ws
VMServiceFlutterDriver: Isolate found with number: 4597878162056783
VMServiceFlutterDriver: Isolate 4597878162056783 is runnable.
VMServiceFlutterDriver: Isolate is paused at start.
VMServiceFlutterDriver: Attempting to resume isolate
VMServiceFlutterDriver: Connected to Flutter application.
VMServiceFlutterDriver: request_data message is taking a long time to complete...