# sample_id=22/base exec_index=6 ok=True perf_lines=30 vm_events=30 battery_pct=56 soc_temp_millic=43200 battery_temp_c=31.9 charging=False preflight_started=2026-08-03T01:19:04.888597+00:00 started=2026-08-03T01:19:07.257106+00:00 ts=2026-08-03T01:21:04.384588+00:00
[spm]: Running flutter analyze...
Analyzing lib...                                                

   info • Invalid use of a private type in a public API. Try making the private type public, or making the API that uses the private type also be private • lib/dependencies.dart:48:9 • library_private_types_in_public_api
   info • Invalid use of a private type in a public API. Try making the private type public, or making the API that uses the private type also be private • lib/dependencies.dart:48:13 • library_private_types_in_public_api
   info • Invalid use of a private type in a public API. Try making the private type public, or making the API that uses the private type also be private • lib/dependencies.dart:49:9 • library_private_types_in_public_api
   info • Invalid use of a private type in a public API. Try making the private type public, or making the API that uses the private type also be private • lib/dependencies.dart:49:18 • library_private_types_in_public_api
   info • Invalid use of a private type in a public API. Try making the private type public, or making the API that uses the private type also be private • lib/dependencies.dart:50:9 • library_private_types_in_public_api
   info • Invalid use of a private type in a public API. Try making the private type public, or making the API that uses the private type also be private • lib/dependencies.dart:50:13 • library_private_types_in_public_api
   info • Invalid use of a private type in a public API. Try making the private type public, or making the API that uses the private type also be private • lib/dependencies.dart:52:9 • library_private_types_in_public_api
   info • Invalid use of a private type in a public API. Try making the private type public, or making the API that uses the private type also be private • lib/dependencies.dart:53:9 • library_private_types_in_public_api
   info • Invalid use of a private type in a public API. Try making the private type public, or making the API that uses the private type also be private • lib/dependencies.dart:53:13 • library_private_types_in_public_api
   info • Invalid use of a private type in a public API. Try making the private type public, or making the API that uses the private type also be private • lib/dependencies.dart:54:9 • library_private_types_in_public_api
   info • Constructors in '@immutable' classes should be declared as 'const'. Try adding 'const' to the constructor declaration • lib/generated_widget.dart:8:3 • prefer_const_constructors_in_immutables

[spm]: Injecting profiler code...
[spm]: Starting app...
Running Gradle task 'assembleProfile'...                        
Running Gradle task 'assembleProfile'...                           20.5s
✓ Built build/app/outputs/flutter-apk/app-profile.apk (61.8MB)
Installing build/app/outputs/flutter-apk/app-profile.apk...      1,988ms
D/SurfaceView(11804): UPDATE null, mIsCastMode = false
D/hw-ProcessState(11804): Binder ioctl to enable oneway spam detection failed: Invalid argument
W/Looper  (11804): PerfMonitor longMsg : seq=8 plan=04:19:42.896 late=539ms wall=1725ms running=0ms h=android.view.Choreographer$FrameHandler c=android.view.Choreographer$FrameDisplayEventReceiver procState=-1
W/Looper  (11804): PerfMonitor doFrame : time=1725ms vsyncFrame=0 latency=539ms procState=-1 historyMsgCount=6 (msgIndex=2 wall=1725ms seq=8 late=539ms h=android.view.Choreographer$FrameHandler c=android.view.Choreographer$FrameDisplayEventReceiver) (msgIndex=3 wall=518ms seq=4 h=android.app.ActivityThread$H w=159)
I/Choreographer(11804): Skipped 95 frames!  The application may be doing too much work on its main thread.
D/SurfaceView(11804): UPDATE Surface(name=SurfaceView[com.example.benchmark_container/com.example.benchmark_container.MainActivity])/@0x693748e, mIsProjectionMode = false
W/Looper  (11804): PerfMonitor doFrame : time=3ms vsyncFrame=0 latency=1587ms procState=-1 historyMsgCount=5
[spm]: Connected to Dart VM service.
I/flutter (11804): 00:00 +0: Performance Benchmark
E/hmark_containe(11804): open libmigui.so failed! dlopen - dlopen failed: library "libmigui.so" not found
D/hmark_containe(11804): MiuiProcessManagerServiceStub setSchedFifo
I/MiuiProcessManagerImpl(11804): setSchedFifo pid:11804, mode:3
D/DecorView[](11804): onWindowFocusChanged hasWindowFocus true
D/DecorView[](11804): getWindowModeFromSystem  windowmode is 1
D/DecorView[](11804): updateDecorCaptionStatus displayWindowDecor is false
D/ProfileInstaller(11804): Installing profile for com.example.benchmark_container
I/flutter (11804): setState 698a51a
[spm]: ProfilerData event received.
I/flutter (11804): [SPM:perf] 698a51a  buildSpan: 2624µs
I/flutter (11804): [spm] Performance monitoring completed for 698a51a
I/flutter (11804): setState 698a51a
I/flutter (11804): [SPM:perf] 698a51a  buildSpan: 2552µs
I/flutter (11804): [spm] Performance monitoring completed for 698a51a
I/flutter (11804): setState 698a51a
[spm]: ProfilerData event received.
[spm]: ProfilerData event received.
I/flutter (11804): [SPM:perf] 698a51a  buildSpan: 2477µs
I/flutter (11804): [spm] Performance monitoring completed for 698a51a
I/flutter (11804): setState 698a51a
[spm]: ProfilerData event received.
I/flutter (11804): [SPM:perf] 698a51a  buildSpan: 2875µs
I/flutter (11804): [spm] Performance monitoring completed for 698a51a
I/flutter (11804): setState 698a51a
[spm]: ProfilerData event received.
I/flutter (11804): [SPM:perf] 698a51a  buildSpan: 2586µs
I/flutter (11804): [spm] Performance monitoring completed for 698a51a
I/flutter (11804): setState 698a51a
[spm]: ProfilerData event received.
I/flutter (11804): [SPM:perf] 698a51a  buildSpan: 2437µs
I/flutter (11804): [spm] Performance monitoring completed for 698a51a
I/flutter (11804): setState 698a51a
[spm]: ProfilerData event received.
I/flutter (11804): [SPM:perf] 698a51a  buildSpan: 2421µs
I/flutter (11804): [spm] Performance monitoring completed for 698a51a
I/flutter (11804): setState 698a51a
[spm]: ProfilerData event received.
I/flutter (11804): [SPM:perf] 698a51a  buildSpan: 2399µs
I/flutter (11804): [spm] Performance monitoring completed for 698a51a
I/flutter (11804): setState 698a51a
[spm]: ProfilerData event received.
I/flutter (11804): [SPM:perf] 698a51a  buildSpan: 2510µs
I/flutter (11804): [spm] Performance monitoring completed for 698a51a
I/flutter (11804): setState 698a51a
[spm]: ProfilerData event received.
I/flutter (11804): [SPM:perf] 698a51a  buildSpan: 2462µs
I/flutter (11804): [spm] Performance monitoring completed for 698a51a
I/flutter (11804): setState 698a51a
[spm]: ProfilerData event received.
I/flutter (11804): [SPM:perf] 698a51a  buildSpan: 2515µs
I/flutter (11804): [spm] Performance monitoring completed for 698a51a
I/flutter (11804): setState 698a51a
[spm]: ProfilerData event received.
I/flutter (11804): [SPM:perf] 698a51a  buildSpan: 2842µs
I/flutter (11804): [spm] Performance monitoring completed for 698a51a
I/flutter (11804): setState 698a51a
[spm]: ProfilerData event received.
I/flutter (11804): [SPM:perf] 698a51a  buildSpan: 2386µs
I/flutter (11804): [spm] Performance monitoring completed for 698a51a
I/flutter (11804): setState 698a51a
[spm]: ProfilerData event received.
I/flutter (11804): [SPM:perf] 698a51a  buildSpan: 2479µs
I/flutter (11804): [spm] Performance monitoring completed for 698a51a
I/flutter (11804): setState 698a51a
[spm]: ProfilerData event received.
I/flutter (11804): [SPM:perf] 698a51a  buildSpan: 2549µs
I/flutter (11804): [spm] Performance monitoring completed for 698a51a
I/flutter (11804): setState 698a51a
I/flutter (11804): [SPM:perf] 698a51a  buildSpan: 2362µs
I/flutter (11804): [spm] Performance monitoring completed for 698a51a
I/flutter (11804): setState 698a51a
[spm]: ProfilerData event received.
[spm]: ProfilerData event received.
I/flutter (11804): [SPM:perf] 698a51a  buildSpan: 2740µs
I/flutter (11804): [spm] Performance monitoring completed for 698a51a
I/flutter (11804): setState 698a51a
I/flutter (11804): [SPM:perf] 698a51a  buildSpan: 2316µs
I/flutter (11804): [spm] Performance monitoring completed for 698a51a
I/flutter (11804): setState 698a51a
[spm]: ProfilerData event received.
[spm]: ProfilerData event received.
I/flutter (11804): [SPM:perf] 698a51a  buildSpan: 2523µs
I/flutter (11804): [spm] Performance monitoring completed for 698a51a
I/flutter (11804): setState 698a51a
[spm]: ProfilerData event received.
I/flutter (11804): [SPM:perf] 698a51a  buildSpan: 2783µs
I/flutter (11804): [spm] Performance monitoring completed for 698a51a
I/flutter (11804): setState 698a51a
[spm]: ProfilerData event received.
I/flutter (11804): [SPM:perf] 698a51a  buildSpan: 2791µs
I/flutter (11804): [spm] Performance monitoring completed for 698a51a
I/flutter (11804): setState 698a51a
[spm]: ProfilerData event received.
I/flutter (11804): [SPM:perf] 698a51a  buildSpan: 2445µs
I/flutter (11804): [spm] Performance monitoring completed for 698a51a
I/flutter (11804): setState 698a51a
[spm]: ProfilerData event received.
I/flutter (11804): [SPM:perf] 698a51a  buildSpan: 2392µs
I/flutter (11804): [spm] Performance monitoring completed for 698a51a
I/flutter (11804): setState 698a51a
[spm]: ProfilerData event received.
I/flutter (11804): [SPM:perf] 698a51a  buildSpan: 2493µs
I/flutter (11804): [spm] Performance monitoring completed for 698a51a
I/flutter (11804): setState 698a51a
[spm]: ProfilerData event received.
I/flutter (11804): [SPM:perf] 698a51a  buildSpan: 2565µs
I/flutter (11804): [spm] Performance monitoring completed for 698a51a
I/flutter (11804): setState 698a51a
[spm]: ProfilerData event received.
I/flutter (11804): [SPM:perf] 698a51a  buildSpan: 2435µs
I/flutter (11804): [spm] Performance monitoring completed for 698a51a
I/flutter (11804): setState 698a51a
I/flutter (11804): [SPM:perf] 698a51a  buildSpan: 2388µs
[spm]: ProfilerData event received.
I/flutter (11804): [spm] Performance monitoring completed for 698a51a
I/flutter (11804): setState 698a51a
[spm]: ProfilerData event received.
I/flutter (11804): [SPM:perf] 698a51a  buildSpan: 3465µs
I/flutter (11804): [spm] Performance monitoring completed for 698a51a
I/flutter (11804): setState 698a51a
I/flutter (11804): [SPM:perf] 698a51a  buildSpan: 2526µs
I/flutter (11804): [spm] Performance monitoring completed for 698a51a
I/flutter (11804): setState 698a51a
[spm]: ProfilerData event received.
I/flutter (11804): [SPM:perf] 698a51a  buildSpan: 2450µs
I/flutter (11804): [spm] Performance monitoring completed for 698a51a
[spm]: ProfilerData event received.
I/flutter (11804): 01:10 +1: (tearDownAll)
I/flutter (11804): 01:11 +2: All tests passed!
All tests passed.
[spm]: Saved 30 profiler events to <ROOT>/dataset/22/redmi9t/raw/20260802-231733/base/e6.jsonl
[spm]: Reverting injection...
11 issues found. (ran in 0.5s)
WARNING: Your Android app project: app located at: <ROOT>/android/app/build.gradle.kts
applies the Kotlin Gradle Plugin, which will cause build failures in future versions of Flutter. 
Please migrate your app to Built-in Kotlin using this guide: https://docs.flutter.dev/release/breaking-changes/migrate-to-built-in-kotlin/for-app-developers

VMServiceFlutterDriver: Connecting to Flutter application at http://127.0.0.1:39291/6qseEzzN2I4=/
[spm]: Detected VM service URI: ws://127.0.0.1:39291/6qseEzzN2I4=/ws
VMServiceFlutterDriver: Isolate found with number: 6625676934767451
VMServiceFlutterDriver: Isolate 6625676934767451 is runnable.
VMServiceFlutterDriver: Isolate is paused at start.
VMServiceFlutterDriver: Attempting to resume isolate
VMServiceFlutterDriver: Connected to Flutter application.