# sample_id=0862/rev_012_035256ac exec_index=2 ok=True perf_lines=30 vm_events=30 battery_pct=61 soc_temp_millic=37000 battery_temp_c=29.4 charging=False preflight_started=2026-09-17T18:58:52.489050+00:00 started=2026-09-17T18:58:55.251157+00:00 ts=2026-09-17T19:00:38.850376+00:00
[spm]: Running flutter analyze...
Resolving dependencies...
Downloading packages...
  _fe_analyzer_shared 100.0.0 (108.0.0 available)
  analyzer 13.0.0 (14.4.0 available)
  async 2.13.0 (2.13.1 available)
  clock 1.1.2 (1.1.3 available)
  cupertino_icons 1.0.8 (1.0.9 available)
  glob 2.1.3 (2.2.0 available)
  lints 6.0.0 (6.1.0 available)
  matcher 0.12.19 (0.12.20 available)
  material_color_utilities 0.13.0 (0.13.1 available)
  meta 1.18.0 (1.19.0 available)
  package_config 2.2.0 (3.0.0 available)
  platform 3.1.6 (3.2.0 available)
  process 5.0.5 (5.0.6 available)
  pub_semver 2.2.0 (2.2.1 available)
  source_span 1.10.1 (1.10.2 available)
  stack_trace 1.12.1 (1.12.2 available)
  test_api 0.7.11 (0.7.14 available)
  vector_math 2.2.0 (2.4.2 available)
  vm_service 15.0.2 (15.3.0 available)
  webdriver 3.1.0 (3.2.0 available)
  yaml 3.1.3 (3.1.4 available)
Got dependencies!
21 packages have newer versions incompatible with dependency constraints.
Try `flutter pub outdated` for more information.
Analyzing lib...                                                

   info • The part-of directive uses a library name. Try converting the directive to use the URI of the library • lib/dependencies.dart:46:1 • use_string_in_part_of_directives
   info • The type parameter name 'State' matches a visible type name. Try changing the type parameter name to not match an existing type • lib/dependencies.dart:318:19 • avoid_types_as_parameter_names
   info • Library names are not necessary. Remove the library name • lib/generated_widget.dart:2:9 • unnecessary_library_name
   info • Constructors in '@immutable' classes should be declared as 'const'. Try adding 'const' to the constructor declaration • lib/generated_widget.dart:11:3 • prefer_const_constructors_in_immutables
   info • 'withOpacity' is deprecated and shouldn't be used. Use .withValues() to avoid precision loss. Try replacing the use of the deprecated member with the replacement • lib/generated_widget.dart:53:58 • deprecated_member_use
   info • 'withOpacity' is deprecated and shouldn't be used. Use .withValues() to avoid precision loss. Try replacing the use of the deprecated member with the replacement • lib/generated_widget.dart:78:61 • deprecated_member_use
   info • Parameter 'key' could be a super parameter. Trying converting 'key' to a super parameter • lib/generated_widget.dart:157:9 • use_super_parameters

[spm]: Injecting profiler code...
[spm]: Starting app...
Running Gradle task 'assembleProfile'...                        
Running Gradle task 'assembleProfile'...                         1,947ms
✓ Built build/app/outputs/flutter-apk/app-profile.apk (34.3MB)
Installing build/app/outputs/flutter-apk/app-profile.apk...      1,501ms
E/MiuiMultiWindowUtils( 7786): initFreeFormResolutionArgs failed, device is lime
D/IS_CTS_MODE( 7786): true
D/MULTI_WINDOW_SWITCH_ENABLED( 7786): false
D/IS_CTS_MODE( 7786): true
D/MULTI_WINDOW_SWITCH_ENABLED( 7786): false
D/IS_CTS_MODE( 7786): true
D/MULTI_WINDOW_SWITCH_ENABLED( 7786): false
D/DecorView[]( 7786): getWindowModeFromSystem  windowmode is 1
D/DecorView[]( 7786): getWindowModeFromSystem  windowmode is 1
D/DecorView[]( 7786): updateDecorCaptionStatus displayWindowDecor is false
W/Looper  ( 7786): PerfMonitor looperActivity : package=com.example.benchmark_container/.MainActivity time=397ms latency=363ms running=0ms  procState=-1  historyMsgCount=3 (msgIndex=1 wall=397ms seq=4 late=363ms h=android.app.ActivityThread$H w=159) (msgIndex=2 wall=397ms seq=4 late=363ms h=android.app.ActivityThread$H w=159) (msgIndex=3 wall=366ms seq=3 h=android.app.ActivityThread$H w=110)
W/Looper  ( 7786): PerfMonitor looperActivity : package=com.example.benchmark_container/.MainActivity time=1ms latency=760ms running=0ms  procState=-1  historyMsgCount=4 (msgIndex=1 wall=397ms seq=4 late=363ms h=android.app.ActivityThread$H w=159) (msgIndex=2 wall=397ms seq=4 late=363ms h=android.app.ActivityThread$H w=159) (msgIndex=3 wall=366ms seq=3 h=android.app.ActivityThread$H w=110) (msgIndex=4 wall=397ms seq=4 late=363ms h=android.app.ActivityThread$H w=159)
D/SurfaceView( 7786): UPDATE null, mIsCastMode = false
D/hw-ProcessState( 7786): Binder ioctl to enable oneway spam detection failed: Invalid argument
W/Looper  ( 7786): PerfMonitor longMsg : seq=8 plan=21:59:14.828 late=416ms wall=1678ms running=0ms h=android.view.Choreographer$FrameHandler c=android.view.Choreographer$FrameDisplayEventReceiver procState=-1
W/Looper  ( 7786): PerfMonitor doFrame : time=1678ms vsyncFrame=0 latency=416ms procState=-1 historyMsgCount=7 (msgIndex=1 wall=397ms seq=4 h=android.app.ActivityThread$H w=159) (msgIndex=2 wall=397ms seq=4 h=android.app.ActivityThread$H w=159) (msgIndex=3 wall=1678ms seq=8 late=416ms h=android.view.Choreographer$FrameHandler c=android.view.Choreographer$FrameDisplayEventReceiver) (msgIndex=4 wall=397ms seq=4 h=android.app.ActivityThread$H w=159)
I/Choreographer( 7786): Skipped 95 frames!  The application may be doing too much work on its main thread.
D/SurfaceView( 7786): UPDATE Surface(name=SurfaceView[com.example.benchmark_container/com.example.benchmark_container.MainActivity])/@0x9ac515, mIsProjectionMode = false
W/Looper  ( 7786): PerfMonitor doFrame : time=3ms vsyncFrame=0 latency=1596ms procState=-1 historyMsgCount=4
[spm]: Connected to Dart VM service.
I/flutter ( 7786): 00:00 +0: Performance Benchmark
E/hmark_containe( 7786): open libmigui.so failed! dlopen - dlopen failed: library "libmigui.so" not found
D/hmark_containe( 7786): MiuiProcessManagerServiceStub setSchedFifo
I/MiuiProcessManagerImpl( 7786): setSchedFifo pid:7786, mode:3
D/DecorView[]( 7786): onWindowFocusChanged hasWindowFocus true
D/DecorView[]( 7786): getWindowModeFromSystem  windowmode is 1
D/DecorView[]( 7786): updateDecorCaptionStatus displayWindowDecor is false
D/ProfileInstaller( 7786): Installing profile for com.example.benchmark_container
[spm]: ProfilerData event received.
I/flutter ( 7786): [SPM:perf] 698a51a  buildSpan: 12324µs
I/flutter ( 7786): [spm] Performance monitoring completed for 698a51a
[spm]: ProfilerData event received.
I/flutter ( 7786): [SPM:perf] 698a51a  buildSpan: 5950µs
I/flutter ( 7786): [spm] Performance monitoring completed for 698a51a
[spm]: ProfilerData event received.
I/flutter ( 7786): [SPM:perf] 698a51a  buildSpan: 6113µs
I/flutter ( 7786): [spm] Performance monitoring completed for 698a51a
[spm]: ProfilerData event received.
I/flutter ( 7786): [SPM:perf] 698a51a  buildSpan: 5545µs
I/flutter ( 7786): [spm] Performance monitoring completed for 698a51a
[spm]: ProfilerData event received.
I/flutter ( 7786): [SPM:perf] 698a51a  buildSpan: 5522µs
I/flutter ( 7786): [spm] Performance monitoring completed for 698a51a
[spm]: ProfilerData event received.
I/flutter ( 7786): [SPM:perf] 698a51a  buildSpan: 5191µs
I/flutter ( 7786): [spm] Performance monitoring completed for 698a51a
[spm]: ProfilerData event received.
I/flutter ( 7786): [SPM:perf] 698a51a  buildSpan: 5813µs
I/flutter ( 7786): [spm] Performance monitoring completed for 698a51a
[spm]: ProfilerData event received.
I/flutter ( 7786): [SPM:perf] 698a51a  buildSpan: 5423µs
I/flutter ( 7786): [spm] Performance monitoring completed for 698a51a
[spm]: ProfilerData event received.
I/flutter ( 7786): [SPM:perf] 698a51a  buildSpan: 6011µs
I/flutter ( 7786): [spm] Performance monitoring completed for 698a51a
[spm]: ProfilerData event received.
I/flutter ( 7786): [SPM:perf] 698a51a  buildSpan: 5263µs
I/flutter ( 7786): [spm] Performance monitoring completed for 698a51a
[spm]: ProfilerData event received.
I/flutter ( 7786): [SPM:perf] 698a51a  buildSpan: 5881µs
I/flutter ( 7786): [spm] Performance monitoring completed for 698a51a
I/flutter ( 7786): [SPM:perf] 698a51a  buildSpan: 5445µs
I/flutter ( 7786): [spm] Performance monitoring completed for 698a51a
[spm]: ProfilerData event received.
[spm]: ProfilerData event received.
I/flutter ( 7786): [SPM:perf] 698a51a  buildSpan: 6306µs
I/flutter ( 7786): [spm] Performance monitoring completed for 698a51a
[spm]: ProfilerData event received.
I/flutter ( 7786): [SPM:perf] 698a51a  buildSpan: 5818µs
I/flutter ( 7786): [spm] Performance monitoring completed for 698a51a
[spm]: ProfilerData event received.
I/flutter ( 7786): [SPM:perf] 698a51a  buildSpan: 6135µs
I/flutter ( 7786): [spm] Performance monitoring completed for 698a51a
[spm]: ProfilerData event received.
I/flutter ( 7786): [SPM:perf] 698a51a  buildSpan: 5321µs
I/flutter ( 7786): [spm] Performance monitoring completed for 698a51a
I/flutter ( 7786): [SPM:perf] 698a51a  buildSpan: 5314µs
I/flutter ( 7786): [spm] Performance monitoring completed for 698a51a
[spm]: ProfilerData event received.
[spm]: ProfilerData event received.
I/flutter ( 7786): [SPM:perf] 698a51a  buildSpan: 5406µs
I/flutter ( 7786): [spm] Performance monitoring completed for 698a51a
[spm]: ProfilerData event received.
I/flutter ( 7786): [SPM:perf] 698a51a  buildSpan: 6014µs
I/flutter ( 7786): [spm] Performance monitoring completed for 698a51a
[spm]: ProfilerData event received.
I/flutter ( 7786): [SPM:perf] 698a51a  buildSpan: 5316µs
I/flutter ( 7786): [spm] Performance monitoring completed for 698a51a
[spm]: ProfilerData event received.
I/flutter ( 7786): [SPM:perf] 698a51a  buildSpan: 5248µs
I/flutter ( 7786): [spm] Performance monitoring completed for 698a51a
[spm]: ProfilerData event received.
I/flutter ( 7786): [SPM:perf] 698a51a  buildSpan: 6239µs
I/flutter ( 7786): [spm] Performance monitoring completed for 698a51a
[spm]: ProfilerData event received.
I/flutter ( 7786): [SPM:perf] 698a51a  buildSpan: 5334µs
I/flutter ( 7786): [spm] Performance monitoring completed for 698a51a
[spm]: ProfilerData event received.
I/flutter ( 7786): [SPM:perf] 698a51a  buildSpan: 5867µs
I/flutter ( 7786): [spm] Performance monitoring completed for 698a51a
[spm]: ProfilerData event received.
I/flutter ( 7786): [SPM:perf] 698a51a  buildSpan: 5504µs
I/flutter ( 7786): [spm] Performance monitoring completed for 698a51a
I/flutter ( 7786): [SPM:perf] 698a51a  buildSpan: 5827µs
I/flutter ( 7786): [spm] Performance monitoring completed for 698a51a
[spm]: ProfilerData event received.
[spm]: ProfilerData event received.
I/flutter ( 7786): [SPM:perf] 698a51a  buildSpan: 6026µs
I/flutter ( 7786): [spm] Performance monitoring completed for 698a51a
[spm]: ProfilerData event received.
I/flutter ( 7786): [SPM:perf] 698a51a  buildSpan: 5871µs
I/flutter ( 7786): [spm] Performance monitoring completed for 698a51a
I/flutter ( 7786): [SPM:perf] 698a51a  buildSpan: 5992µs
I/flutter ( 7786): [spm] Performance monitoring completed for 698a51a
[spm]: ProfilerData event received.
[spm]: ProfilerData event received.
I/flutter ( 7786): [SPM:perf] 698a51a  buildSpan: 6020µs
I/flutter ( 7786): [spm] Performance monitoring completed for 698a51a
I/flutter ( 7786): 01:10 +1: (tearDownAll)
I/flutter ( 7786): 01:11 +2: All tests passed!
All tests passed.
[spm]: Saved 30 profiler events to <ROOT>/dataset-new_samples/0862/redmi9t/raw/20260917-203437/rev_012_035256ac/e2.jsonl
[spm]: Reverting injection...
7 issues found. (ran in 0.5s)
WARNING: Your Android app project: app located at: <ROOT>/android/app/build.gradle.kts
applies the Kotlin Gradle Plugin, which will cause build failures in future versions of Flutter. 
Please migrate your app to Built-in Kotlin using this guide: https://docs.flutter.dev/release/breaking-changes/migrate-to-built-in-kotlin/for-app-developers

VMServiceFlutterDriver: Connecting to Flutter application at http://127.0.0.1:44269/bbPt6X6Cdko=/
[spm]: Detected VM service URI: ws://127.0.0.1:44269/bbPt6X6Cdko=/ws
VMServiceFlutterDriver: Isolate found with number: 3785039066368459
VMServiceFlutterDriver: Isolate 3785039066368459 is runnable.
VMServiceFlutterDriver: Isolate is paused at start.
VMServiceFlutterDriver: Attempting to resume isolate
VMServiceFlutterDriver: Connected to Flutter application.
VMServiceFlutterDriver: request_data message is taking a long time to complete...