# sample_id=0331/rev_002_15933220 exec_index=2 ok=True perf_lines=30 vm_events=30 battery_pct=74 soc_temp_millic=39800 battery_temp_c=30.1 charging=False preflight_started=2026-09-16T07:22:05.887348+00:00 started=2026-09-16T07:22:08.222541+00:00 ts=2026-09-16T07:23:48.828521+00:00
[spm]: Running flutter analyze...
Resolving dependencies...
Downloading packages...
  _fe_analyzer_shared 100.0.0 (108.0.0 available)
  analyzer 13.0.0 (14.4.0 available)
  async 2.13.0 (2.13.1 available)
  clock 1.1.2 (1.1.3 available)
  cupertino_icons 1.0.8 (1.0.9 available)
  glob 2.1.3 (2.2.0 available)
  lints 6.0.0 (6.1.0 available)
  matcher 0.12.19 (0.12.20 available)
  material_color_utilities 0.13.0 (0.13.1 available)
  meta 1.18.0 (1.19.0 available)
  package_config 2.2.0 (3.0.0 available)
  platform 3.1.6 (3.2.0 available)
  process 5.0.5 (5.0.6 available)
  pub_semver 2.2.0 (2.2.1 available)
  source_span 1.10.1 (1.10.2 available)
  stack_trace 1.12.1 (1.12.2 available)
  test_api 0.7.11 (0.7.14 available)
  vector_math 2.2.0 (2.4.2 available)
  vm_service 15.0.2 (15.3.0 available)
  webdriver 3.1.0 (3.2.0 available)
  yaml 3.1.3 (3.1.4 available)
Got dependencies!
21 packages have newer versions incompatible with dependency constraints.
Try `flutter pub outdated` for more information.
Analyzing lib...                                                

   info • The part-of directive uses a library name. Try converting the directive to use the URI of the library • lib/dependencies.dart:43:1 • use_string_in_part_of_directives
   info • The type parameter name 'State' matches a visible type name. Try changing the type parameter name to not match an existing type • lib/dependencies.dart:116:19 • avoid_types_as_parameter_names
   info • Library names are not necessary. Remove the library name • lib/generated_widget.dart:2:9 • unnecessary_library_name
   info • Constructors in '@immutable' classes should be declared as 'const'. Try adding 'const' to the constructor declaration • lib/generated_widget.dart:11:3 • prefer_const_constructors_in_immutables
   info • 'withOpacity' is deprecated and shouldn't be used. Use .withValues() to avoid precision loss. Try replacing the use of the deprecated member with the replacement • lib/generated_widget.dart:50:41 • deprecated_member_use
   info • 'withOpacity' is deprecated and shouldn't be used. Use .withValues() to avoid precision loss. Try replacing the use of the deprecated member with the replacement • lib/generated_widget.dart:55:42 • deprecated_member_use

[spm]: Injecting profiler code...
[spm]: Starting app...
Running Gradle task 'assembleProfile'...                        
Running Gradle task 'assembleProfile'...                         1,722ms
✓ Built build/app/outputs/flutter-apk/app-profile.apk (26.8MB)
Installing build/app/outputs/flutter-apk/app-profile.apk...        997ms
D/DecorView[](14126): getWindowModeFromSystem  windowmode is 1
D/DecorView[](14126): updateDecorCaptionStatus displayWindowDecor is false
W/Looper  (14126): PerfMonitor looperActivity : package=com.example.benchmark_container/.MainActivity time=427ms latency=329ms running=0ms  procState=-1  historyMsgCount=2 (msgIndex=1 wall=427ms seq=4 late=329ms h=android.app.ActivityThread$H w=159) (msgIndex=2 wall=360ms seq=3 h=android.app.ActivityThread$H w=110)
W/Looper  (14126): PerfMonitor looperActivity : package=com.example.benchmark_container/.MainActivity time=0ms latency=758ms running=0ms  procState=-1  historyMsgCount=4 (msgIndex=2 wall=427ms seq=4 late=329ms h=android.app.ActivityThread$H w=159) (msgIndex=3 wall=360ms seq=3 h=android.app.ActivityThread$H w=110) (msgIndex=4 wall=427ms seq=4 late=329ms h=android.app.ActivityThread$H w=159)
D/SurfaceView(14126): UPDATE null, mIsCastMode = false
D/hw-ProcessState(14126): Binder ioctl to enable oneway spam detection failed: Invalid argument
W/Looper  (14126): PerfMonitor longMsg : seq=8 plan=10:22:25.125 late=441ms wall=1766ms running=0ms h=android.view.Choreographer$FrameHandler c=android.view.Choreographer$FrameDisplayEventReceiver procState=-1
W/Looper  (14126): PerfMonitor doFrame : time=1766ms vsyncFrame=0 latency=441ms procState=-1 historyMsgCount=7 (msgIndex=2 wall=427ms seq=4 h=android.app.ActivityThread$H w=159) (msgIndex=3 wall=1766ms seq=8 late=441ms h=android.view.Choreographer$FrameHandler c=android.view.Choreographer$FrameDisplayEventReceiver) (msgIndex=4 wall=427ms seq=4 h=android.app.ActivityThread$H w=159)
I/Choreographer(14126): Skipped 100 frames!  The application may be doing too much work on its main thread.
D/SurfaceView(14126): UPDATE Surface(name=SurfaceView[com.example.benchmark_container/com.example.benchmark_container.MainActivity])/@0x9ac515, mIsProjectionMode = false
W/Looper  (14126): PerfMonitor doFrame : time=3ms vsyncFrame=0 latency=1680ms procState=-1 historyMsgCount=4
[spm]: Connected to Dart VM service.
I/flutter (14126): 00:00 +0: Performance Benchmark
E/hmark_containe(14126): open libmigui.so failed! dlopen - dlopen failed: library "libmigui.so" not found
D/hmark_containe(14126): MiuiProcessManagerServiceStub setSchedFifo
I/MiuiProcessManagerImpl(14126): setSchedFifo pid:14126, mode:3
D/DecorView[](14126): onWindowFocusChanged hasWindowFocus true
D/DecorView[](14126): getWindowModeFromSystem  windowmode is 1
D/DecorView[](14126): updateDecorCaptionStatus displayWindowDecor is false
D/ProfileInstaller(14126): Installing profile for com.example.benchmark_container
[spm]: ProfilerData event received.
I/flutter (14126): [SPM:perf] 698a51a  buildSpan: 1395µs
I/flutter (14126): [spm] Performance monitoring completed for 698a51a
[spm]: ProfilerData event received.
I/flutter (14126): [SPM:perf] 698a51a  buildSpan: 1464µs
I/flutter (14126): [spm] Performance monitoring completed for 698a51a
[spm]: ProfilerData event received.
I/flutter (14126): [SPM:perf] 698a51a  buildSpan: 1231µs
I/flutter (14126): [spm] Performance monitoring completed for 698a51a
[spm]: ProfilerData event received.
I/flutter (14126): [SPM:perf] 698a51a  buildSpan: 1219µs
I/flutter (14126): [spm] Performance monitoring completed for 698a51a
[spm]: ProfilerData event received.
I/flutter (14126): [SPM:perf] 698a51a  buildSpan: 1415µs
I/flutter (14126): [spm] Performance monitoring completed for 698a51a
[spm]: ProfilerData event received.
I/flutter (14126): [SPM:perf] 698a51a  buildSpan: 1354µs
I/flutter (14126): [spm] Performance monitoring completed for 698a51a
I/flutter (14126): [SPM:perf] 698a51a  buildSpan: 1213µs
I/flutter (14126): [spm] Performance monitoring completed for 698a51a
[spm]: ProfilerData event received.
[spm]: ProfilerData event received.
I/flutter (14126): [SPM:perf] 698a51a  buildSpan: 1190µs
I/flutter (14126): [spm] Performance monitoring completed for 698a51a
I/flutter (14126): [SPM:perf] 698a51a  buildSpan: 1224µs
I/flutter (14126): [spm] Performance monitoring completed for 698a51a
[spm]: ProfilerData event received.
[spm]: ProfilerData event received.
I/flutter (14126): [SPM:perf] 698a51a  buildSpan: 1248µs
I/flutter (14126): [spm] Performance monitoring completed for 698a51a
[spm]: ProfilerData event received.
I/flutter (14126): [SPM:perf] 698a51a  buildSpan: 1225µs
I/flutter (14126): [spm] Performance monitoring completed for 698a51a
[spm]: ProfilerData event received.
I/flutter (14126): [SPM:perf] 698a51a  buildSpan: 1212µs
I/flutter (14126): [spm] Performance monitoring completed for 698a51a
[spm]: ProfilerData event received.
I/flutter (14126): [SPM:perf] 698a51a  buildSpan: 1207µs
I/flutter (14126): [spm] Performance monitoring completed for 698a51a
[spm]: ProfilerData event received.
I/flutter (14126): [SPM:perf] 698a51a  buildSpan: 1254µs
I/flutter (14126): [spm] Performance monitoring completed for 698a51a
[spm]: ProfilerData event received.
I/flutter (14126): [SPM:perf] 698a51a  buildSpan: 1265µs
I/flutter (14126): [spm] Performance monitoring completed for 698a51a
[spm]: ProfilerData event received.
I/flutter (14126): [SPM:perf] 698a51a  buildSpan: 1215µs
I/flutter (14126): [spm] Performance monitoring completed for 698a51a
[spm]: ProfilerData event received.
I/flutter (14126): [SPM:perf] 698a51a  buildSpan: 1277µs
I/flutter (14126): [spm] Performance monitoring completed for 698a51a
[spm]: ProfilerData event received.
I/flutter (14126): [SPM:perf] 698a51a  buildSpan: 1215µs
I/flutter (14126): [spm] Performance monitoring completed for 698a51a
[spm]: ProfilerData event received.
I/flutter (14126): [SPM:perf] 698a51a  buildSpan: 1459µs
I/flutter (14126): [spm] Performance monitoring completed for 698a51a
[spm]: ProfilerData event received.
I/flutter (14126): [SPM:perf] 698a51a  buildSpan: 1224µs
I/flutter (14126): [spm] Performance monitoring completed for 698a51a
[spm]: ProfilerData event received.
I/flutter (14126): [SPM:perf] 698a51a  buildSpan: 1216µs
I/flutter (14126): [spm] Performance monitoring completed for 698a51a
[spm]: ProfilerData event received.
I/flutter (14126): [SPM:perf] 698a51a  buildSpan: 1230µs
I/flutter (14126): [spm] Performance monitoring completed for 698a51a
[spm]: ProfilerData event received.
I/flutter (14126): [SPM:perf] 698a51a  buildSpan: 1198µs
I/flutter (14126): [spm] Performance monitoring completed for 698a51a
[spm]: ProfilerData event received.
I/flutter (14126): [SPM:perf] 698a51a  buildSpan: 1221µs
I/flutter (14126): [spm] Performance monitoring completed for 698a51a
I/flutter (14126): [SPM:perf] 698a51a  buildSpan: 1190µs
[spm]: ProfilerData event received.
I/flutter (14126): [spm] Performance monitoring completed for 698a51a
[spm]: ProfilerData event received.
I/flutter (14126): [SPM:perf] 698a51a  buildSpan: 1253µs
I/flutter (14126): [spm] Performance monitoring completed for 698a51a
[spm]: ProfilerData event received.
I/flutter (14126): [SPM:perf] 698a51a  buildSpan: 1238µs
I/flutter (14126): [spm] Performance monitoring completed for 698a51a
[spm]: ProfilerData event received.
I/flutter (14126): [SPM:perf] 698a51a  buildSpan: 1204µs
I/flutter (14126): [spm] Performance monitoring completed for 698a51a
[spm]: ProfilerData event received.
I/flutter (14126): [SPM:perf] 698a51a  buildSpan: 1199µs
I/flutter (14126): [spm] Performance monitoring completed for 698a51a
[spm]: ProfilerData event received.
I/flutter (14126): [SPM:perf] 698a51a  buildSpan: 1203µs
I/flutter (14126): [spm] Performance monitoring completed for 698a51a
I/flutter (14126): 01:10 +1: (tearDownAll)
I/flutter (14126): 01:11 +2: All tests passed!
All tests passed.
[spm]: Saved 30 profiler events to <ROOT>/dataset-new_samples/0331/redmi9t/raw/20260916-083304/rev_002_15933220/e2.jsonl
[spm]: Reverting injection...
6 issues found. (ran in 0.5s)
WARNING: Your Android app project: app located at: <ROOT>/android/app/build.gradle.kts
applies the Kotlin Gradle Plugin, which will cause build failures in future versions of Flutter. 
Please migrate your app to Built-in Kotlin using this guide: https://docs.flutter.dev/release/breaking-changes/migrate-to-built-in-kotlin/for-app-developers

VMServiceFlutterDriver: Connecting to Flutter application at http://127.0.0.1:37345/bzL47d3zOtU=/
[spm]: Detected VM service URI: ws://127.0.0.1:37345/bzL47d3zOtU=/ws
VMServiceFlutterDriver: Isolate found with number: 6172535997512843
VMServiceFlutterDriver: Isolate 6172535997512843 is runnable.
VMServiceFlutterDriver: Isolate is paused at start.
VMServiceFlutterDriver: Attempting to resume isolate
VMServiceFlutterDriver: Connected to Flutter application.
VMServiceFlutterDriver: request_data message is taking a long time to complete...