# sample_id=2941/rev_003_49282111 exec_index=2 ok=True perf_lines=30 vm_events=30 battery_pct=46 soc_temp_millic=42300 battery_temp_c=30.5 charging=False preflight_started=2026-09-14T08:03:51.193576+00:00 started=2026-09-14T08:03:53.781192+00:00 ts=2026-09-14T08:05:55.428093+00:00
[spm]: Running flutter analyze...
Resolving dependencies...
Downloading packages...
  _fe_analyzer_shared 100.0.0 (108.0.0 available)
  analyzer 13.0.0 (14.4.0 available)
  async 2.13.0 (2.13.1 available)
  clock 1.1.2 (1.1.3 available)
  cupertino_icons 1.0.8 (1.0.9 available)
  glob 2.1.3 (2.2.0 available)
  lints 6.0.0 (6.1.0 available)
  matcher 0.12.19 (0.12.20 available)
  material_color_utilities 0.13.0 (0.13.1 available)
  meta 1.18.0 (1.19.0 available)
  package_config 2.2.0 (3.0.0 available)
  platform 3.1.6 (3.2.0 available)
  process 5.0.5 (5.0.6 available)
  pub_semver 2.2.0 (2.2.1 available)
  source_span 1.10.1 (1.10.2 available)
  stack_trace 1.12.1 (1.12.2 available)
  test_api 0.7.11 (0.7.14 available)
  vector_math 2.2.0 (2.4.2 available)
  vm_service 15.0.2 (15.3.0 available)
  webdriver 3.1.0 (3.2.0 available)
  yaml 3.1.3 (3.1.4 available)
Got dependencies!
21 packages have newer versions incompatible with dependency constraints.
Try `flutter pub outdated` for more information.
Analyzing lib...                                                

   info • The part-of directive uses a library name. Try converting the directive to use the URI of the library • lib/dependencies.dart:46:1 • use_string_in_part_of_directives
   info • Unnecessary 'late' modifier. Try removing the 'late' • lib/dependencies.dart:61:1 • unnecessary_late
   info • Unnecessary 'late' modifier. Try removing the 'late' • lib/dependencies.dart:77:1 • unnecessary_late
   info • Unnecessary 'late' modifier. Try removing the 'late' • lib/dependencies.dart:81:1 • unnecessary_late
   info • Library names are not necessary. Remove the library name • lib/generated_widget.dart:2:9 • unnecessary_library_name

[spm]: Injecting profiler code...
[spm]: Starting app...
Running Gradle task 'assembleProfile'...                        
Running Gradle task 'assembleProfile'...                           22.3s
✓ Built build/app/outputs/flutter-apk/app-profile.apk (34.3MB)
Installing build/app/outputs/flutter-apk/app-profile.apk...      1,488ms
I/hmark_containe(17579): hiddenapi: Accessing hidden method Landroid/view/accessibility/AccessibilityNodeInfo;->getSourceNodeId()J (runtime_flags=0, domain=platform, api=unsupported,test-api) from Lio/flutter/view/AccessibilityViewEmbedder$ReflectionAccessors; (domain=app, TargetSdkVersion=36) using reflection: allowed
I/hmark_containe(17579): hiddenapi: Accessing hidden method Landroid/view/accessibility/AccessibilityRecord;->getSourceNodeId()J (runtime_flags=0, domain=platform, api=unsupported) from Lio/flutter/view/AccessibilityViewEmbedder$ReflectionAccessors; (domain=app, TargetSdkVersion=36) using reflection: allowed
I/hmark_containe(17579): hiddenapi: Accessing hidden field Landroid/view/accessibility/AccessibilityNodeInfo;->mChildNodeIds:Landroid/util/LongArray; (runtime_flags=0, domain=platform, api=unsupported) from Lio/flutter/view/AccessibilityViewEmbedder$ReflectionAccessors; (domain=app, TargetSdkVersion=36) using reflection: allowed
I/hmark_containe(17579): hiddenapi: Accessing hidden method Landroid/util/LongArray;->get(I)J (runtime_flags=0, domain=platform, api=unsupported) from Lio/flutter/view/AccessibilityViewEmbedder$ReflectionAccessors; (domain=app, TargetSdkVersion=36) using reflection: allowed
D/MiuiMultiWindowUtils(17579): freeform resolution args raw data:{  "zizhan":{    "freeform_args": {      "inner":{        "vertical_portrait":{"aspect_ratio":0.626, "original_ratio":0.5643,"original_scale":0.74,"top_margin":0.168,"left_margin":0.484},        "horizontal_portrait":{"aspect_ratio":0.626, "original_ratio":0.5643,"original_scale":0.74,"top_margin":0.1222,"left_margin":0.59745},        "vertical_landscape":{"aspect_ratio":1.6, "original_ratio":1,"original_scale":0.604,"top_margin":0.2596,"left_margin":0.2624},        "horizontal_landscape":{"aspect_ratio":1.6, "original_ratio":1,"original_scale":0.604,"top_margin":0.213,"left_margin":0.3758}      },      "outer":{        "vertical_portrait":{"aspect_ratio":0.626, "original_ratio":1,"original_scale":0.74,"top_margin":0.0753,"left_margin":-1},        "horizontal_portrait":{"aspect_ratio":0.626, "original_ratio":1,"original_scale":0.5756,"top_margin":-1,"left_margin":0.0753},        "vertical_landscape":{"aspect_ratio":1.6, "original_ratio":0.6847,"original_scale":0.587,"top_margin":0.0753,"left_margin":-1},        "horizontal_landscape":{"aspect_ratio":1.6, "original_ratio":0.6847,"original_scale":0.587,"top_margin":-1,"left_margin":0.0753}}    },    "mini_freeform_args":{      "inner":{        "vertical_portrait":{"aspect_ratio":0.626, "original_ratio":0.147},        "horizontal_portrait":{"aspect_ratio":0.626, "original_ratio":0.147},        "vertical_landscape":{"aspect_ratio":1.6, "original_ratio":0.165},        "horizontal_landscape":{"aspect_ratio":1.6, "original_ratio":0.165}      },      "outer":{        "vertical_portrait":{"aspect_ratio":0.626, "original_ratio":0.26},        "horizontal_portrait":{"aspect_ratio":0.626, "original_ratio":0.26},        "vertical_landscape":{"aspect_ratio":1.6, "original_ratio":0.293},        "horizontal_landscape":{"aspect_ratio":1.6, "original_ratio":0.293}}    }  },  "wide_default":{    "freeform_args": {        "vertical_portrait":{"aspect_ratio":0.625, "original_ratio":0.5806,"original_scale":0.7574,"top_margin":0.125,"left_margin":0.392},        "horizontal_portrait":{"aspect_ratio":0.625, "original_ratio":0.5806,"original_scale":0.7574,"top_margin":-1,"left_margin":0.6415},        "vertical_landscape":{"aspect_ratio":1.6, "original_ratio":1,"original_scale":0.5153,"top_margin":0.125,"left_margin":0.206},        "horizontal_landscape":{"aspect_ratio":1.6, "original_ratio":1,"original_scale":0.5153,"top_margin":-1,"left_margin":0.456}    },    "mini_freeform_args":{        "vertical_portrait":{"aspect_ratio":0.5625, "original_ratio":0.144},        "horizontal_portrait":{"aspect_ratio":0.5625, "original_ratio":0.144},        "vertical_landscape":{"aspect_ratio":-1, "original_ratio":0.144},        "horizontal_landscape":{"aspect_ratio":-1, "original_ratio":0.144}    }  },  "narrow_default": {    "freeform_args": {        "vertical_portrait":{"aspect_ratio":0.5625, "original_ratio":1,"original_scale":0.7182,"top_margin":0.142,"left_margin":-1},        "horizontal_portrait":{"aspect_ratio":0.8, "original_ratio":1,"original_scale":0.7182,"top_margin":-1,"left_margin":0.05},        "vertical_landscape":{"aspect_ratio":1.6, "original_ratio":0.6545,"original_scale":0.4473,"top_margin":0.142,"left_margin":-1},        "horizontal_landscape":{"aspect_ratio":1.6, "original_ratio":0.6545,"original_scale":0.4473,"top_margin":-1,"left_margin":0.05}    },    "mini_freeform_args":{        "vertical_portrait":{"aspect_ratio":0.5625, "original_ratio":0.3},        "horizontal_portrait":{"aspect_ratio":0.5625, "original_ratio":0.3},        "vertical_landscape":{"aspect_ratio":1.7778, "original_ratio":0.3},        "horizontal_landscape":{"aspect_ratio":1.7778, "original_ratio":0.3}    }  },  "regular_default": {    "freeform_args": {      "vertical_portrait":{"aspect_ratio":0.625, "original_ratio":1,"original_scale":0.7,"top_margin":0.109,"left_margin":-1},      "horizontal_portrait":{"aspect_ratio":0.6667, "original_ratio":1,"original_scale":0.6102,"top_margin":-1,"left_margin":0.026},      "vertical_landscape":{"asp
E/MiuiMultiWindowUtils(17579): initFreeFormResolutionArgs failed, device is lime
D/IS_CTS_MODE(17579): true
D/MULTI_WINDOW_SWITCH_ENABLED(17579): false
D/IS_CTS_MODE(17579): true
D/MULTI_WINDOW_SWITCH_ENABLED(17579): false
D/IS_CTS_MODE(17579): true
D/MULTI_WINDOW_SWITCH_ENABLED(17579): false
D/DecorView[](17579): getWindowModeFromSystem  windowmode is 1
D/DecorView[](17579): getWindowModeFromSystem  windowmode is 1
D/DecorView[](17579): updateDecorCaptionStatus displayWindowDecor is false
W/Looper  (17579): PerfMonitor looperActivity : package=com.example.benchmark_container/.MainActivity time=356ms latency=428ms running=0ms  procState=-1  historyMsgCount=3 (msgIndex=3 wall=414ms seq=3 h=android.app.ActivityThread$H w=110)
W/Looper  (17579): PerfMonitor looperActivity : package=com.example.benchmark_container/.MainActivity time=0ms latency=785ms running=0ms  procState=-1  historyMsgCount=4 (msgIndex=3 wall=414ms seq=3 h=android.app.ActivityThread$H w=110) (msgIndex=4 wall=356ms seq=4 late=428ms h=android.app.ActivityThread$H w=159)
D/SurfaceView(17579): UPDATE null, mIsCastMode = false
D/hw-ProcessState(17579): Binder ioctl to enable oneway spam detection failed: Invalid argument
W/Looper  (17579): PerfMonitor longMsg : seq=8 plan=11:04:32.219 late=368ms wall=1643ms running=0ms h=android.view.Choreographer$FrameHandler c=android.view.Choreographer$FrameDisplayEventReceiver procState=-1
W/Looper  (17579): PerfMonitor doFrame : time=1643ms vsyncFrame=0 latency=368ms procState=-1 historyMsgCount=7 (msgIndex=3 wall=1643ms seq=8 late=368ms h=android.view.Choreographer$FrameHandler c=android.view.Choreographer$FrameDisplayEventReceiver) (msgIndex=4 wall=356ms seq=4 h=android.app.ActivityThread$H w=159)
I/Choreographer(17579): Skipped 94 frames!  The application may be doing too much work on its main thread.
D/SurfaceView(17579): UPDATE Surface(name=SurfaceView[com.example.benchmark_container/com.example.benchmark_container.MainActivity])/@0x739554a, mIsProjectionMode = false
W/Looper  (17579): PerfMonitor doFrame : time=4ms vsyncFrame=0 latency=1571ms procState=-1 historyMsgCount=4
[spm]: Connected to Dart VM service.
I/flutter (17579): 00:00 +0: Performance Benchmark
E/hmark_containe(17579): open libmigui.so failed! dlopen - dlopen failed: library "libmigui.so" not found
D/hmark_containe(17579): MiuiProcessManagerServiceStub setSchedFifo
I/MiuiProcessManagerImpl(17579): setSchedFifo pid:17579, mode:3
D/DecorView[](17579): onWindowFocusChanged hasWindowFocus true
D/DecorView[](17579): getWindowModeFromSystem  windowmode is 1
D/DecorView[](17579): updateDecorCaptionStatus displayWindowDecor is false
D/ProfileInstaller(17579): Installing profile for com.example.benchmark_container
[spm]: ProfilerData event received.
I/flutter (17579): [SPM:perf] 698a51a  buildSpan: 5057µs
I/flutter (17579): [spm] Performance monitoring completed for 698a51a
[spm]: ProfilerData event received.
I/flutter (17579): [SPM:perf] 698a51a  buildSpan: 10904µs
I/flutter (17579): [spm] Performance monitoring completed for 698a51a
[spm]: ProfilerData event received.
I/flutter (17579): [SPM:perf] 698a51a  buildSpan: 5222µs
I/flutter (17579): [spm] Performance monitoring completed for 698a51a
[spm]: ProfilerData event received.
I/flutter (17579): [SPM:perf] 698a51a  buildSpan: 4742µs
I/flutter (17579): [spm] Performance monitoring completed for 698a51a
[spm]: ProfilerData event received.
I/flutter (17579): [SPM:perf] 698a51a  buildSpan: 4723µs
I/flutter (17579): [spm] Performance monitoring completed for 698a51a
I/flutter (17579): [SPM:perf] 698a51a  buildSpan: 4757µs
[spm]: ProfilerData event received.
I/flutter (17579): [spm] Performance monitoring completed for 698a51a
I/flutter (17579): [SPM:perf] 698a51a  buildSpan: 3303µs
I/flutter (17579): [spm] Performance monitoring completed for 698a51a
[spm]: ProfilerData event received.
[spm]: ProfilerData event received.
I/flutter (17579): [SPM:perf] 698a51a  buildSpan: 4712µs
I/flutter (17579): [spm] Performance monitoring completed for 698a51a
[spm]: ProfilerData event received.
I/flutter (17579): [SPM:perf] 698a51a  buildSpan: 4985µs
I/flutter (17579): [spm] Performance monitoring completed for 698a51a
[spm]: ProfilerData event received.
I/flutter (17579): [SPM:perf] 698a51a  buildSpan: 5098µs
I/flutter (17579): [spm] Performance monitoring completed for 698a51a
[spm]: ProfilerData event received.
I/flutter (17579): [SPM:perf] 698a51a  buildSpan: 4989µs
I/flutter (17579): [spm] Performance monitoring completed for 698a51a
[spm]: ProfilerData event received.
I/flutter (17579): [SPM:perf] 698a51a  buildSpan: 4489µs
I/flutter (17579): [spm] Performance monitoring completed for 698a51a
[spm]: ProfilerData event received.
I/flutter (17579): [SPM:perf] 698a51a  buildSpan: 3716µs
I/flutter (17579): [spm] Performance monitoring completed for 698a51a
[spm]: ProfilerData event received.
I/flutter (17579): [SPM:perf] 698a51a  buildSpan: 4796µs
I/flutter (17579): [spm] Performance monitoring completed for 698a51a
[spm]: ProfilerData event received.
I/flutter (17579): [SPM:perf] 698a51a  buildSpan: 4438µs
I/flutter (17579): [spm] Performance monitoring completed for 698a51a
[spm]: ProfilerData event received.
I/flutter (17579): [SPM:perf] 698a51a  buildSpan: 4135µs
I/flutter (17579): [spm] Performance monitoring completed for 698a51a
I/flutter (17579): [SPM:perf] 698a51a  buildSpan: 3937µs
I/flutter (17579): [spm] Performance monitoring completed for 698a51a
[spm]: ProfilerData event received.
[spm]: ProfilerData event received.
I/flutter (17579): [SPM:perf] 698a51a  buildSpan: 3230µs
I/flutter (17579): [spm] Performance monitoring completed for 698a51a
[spm]: ProfilerData event received.
I/flutter (17579): [SPM:perf] 698a51a  buildSpan: 4793µs
I/flutter (17579): [spm] Performance monitoring completed for 698a51a
[spm]: ProfilerData event received.
I/flutter (17579): [SPM:perf] 698a51a  buildSpan: 5086µs
I/flutter (17579): [spm] Performance monitoring completed for 698a51a
[spm]: ProfilerData event received.
I/flutter (17579): [SPM:perf] 698a51a  buildSpan: 4861µs
I/flutter (17579): [spm] Performance monitoring completed for 698a51a
[spm]: ProfilerData event received.
I/flutter (17579): [SPM:perf] 698a51a  buildSpan: 4273µs
I/flutter (17579): [spm] Performance monitoring completed for 698a51a
[spm]: ProfilerData event received.
I/flutter (17579): [SPM:perf] 698a51a  buildSpan: 4846µs
I/flutter (17579): [spm] Performance monitoring completed for 698a51a
[spm]: ProfilerData event received.
I/flutter (17579): [SPM:perf] 698a51a  buildSpan: 4739µs
I/flutter (17579): [spm] Performance monitoring completed for 698a51a
[spm]: ProfilerData event received.
I/flutter (17579): [SPM:perf] 698a51a  buildSpan: 4943µs
I/flutter (17579): [spm] Performance monitoring completed for 698a51a
[spm]: ProfilerData event received.
I/flutter (17579): [SPM:perf] 698a51a  buildSpan: 4774µs
I/flutter (17579): [spm] Performance monitoring completed for 698a51a
[spm]: ProfilerData event received.
I/flutter (17579): [SPM:perf] 698a51a  buildSpan: 4563µs
I/flutter (17579): [spm] Performance monitoring completed for 698a51a
I/flutter (17579): [SPM:perf] 698a51a  buildSpan: 3158µs
I/flutter (17579): [spm] Performance monitoring completed for 698a51a
[spm]: ProfilerData event received.
[spm]: ProfilerData event received.
I/flutter (17579): [SPM:perf] 698a51a  buildSpan: 3147µs
I/flutter (17579): [spm] Performance monitoring completed for 698a51a
[spm]: ProfilerData event received.
I/flutter (17579): [SPM:perf] 698a51a  buildSpan: 4923µs
I/flutter (17579): [spm] Performance monitoring completed for 698a51a
I/flutter (17579): 01:10 +1: (tearDownAll)
I/flutter (17579): 01:11 +2: All tests passed!
All tests passed.
[spm]: Saved 30 profiler events to <ROOT>/dataset-new_samples/2941/redmi9t/raw/20260913-234008/rev_003_49282111/e2.jsonl
[spm]: Reverting injection...
5 issues found. (ran in 0.5s)
WARNING: Your Android app project: app located at: <ROOT>/android/app/build.gradle.kts
applies the Kotlin Gradle Plugin, which will cause build failures in future versions of Flutter. 
Please migrate your app to Built-in Kotlin using this guide: https://docs.flutter.dev/release/breaking-changes/migrate-to-built-in-kotlin/for-app-developers

VMServiceFlutterDriver: Connecting to Flutter application at http://127.0.0.1:43743/2mJLfYej80Y=/
[spm]: Detected VM service URI: ws://127.0.0.1:43743/2mJLfYej80Y=/ws
VMServiceFlutterDriver: Isolate found with number: 438901522805215
VMServiceFlutterDriver: Isolate 438901522805215 is runnable.
VMServiceFlutterDriver: Isolate is paused at start.
VMServiceFlutterDriver: Attempting to resume isolate
VMServiceFlutterDriver: Connected to Flutter application.
VMServiceFlutterDriver: request_data message is taking a long time to complete...