# sample_id=0436/rev_001_a227e88a exec_index=6 ok=True perf_lines=30 vm_events=30 battery_pct=83 soc_temp_millic=37000 battery_temp_c=29.3 charging=False preflight_started=2026-09-16T19:42:55.596536+00:00 started=2026-09-16T19:42:58.307263+00:00 ts=2026-09-16T19:44:58.537268+00:00
[spm]: Running flutter analyze...
Resolving dependencies...
Downloading packages...
  _fe_analyzer_shared 100.0.0 (108.0.0 available)
  analyzer 13.0.0 (14.4.0 available)
  async 2.13.0 (2.13.1 available)
  clock 1.1.2 (1.1.3 available)
  cupertino_icons 1.0.8 (1.0.9 available)
  glob 2.1.3 (2.2.0 available)
  lints 6.0.0 (6.1.0 available)
  matcher 0.12.19 (0.12.20 available)
  material_color_utilities 0.13.0 (0.13.1 available)
  meta 1.18.0 (1.19.0 available)
  package_config 2.2.0 (3.0.0 available)
  platform 3.1.6 (3.2.0 available)
  process 5.0.5 (5.0.6 available)
  pub_semver 2.2.0 (2.2.1 available)
  source_span 1.10.1 (1.10.2 available)
  stack_trace 1.12.1 (1.12.2 available)
  test_api 0.7.11 (0.7.14 available)
  vector_math 2.2.0 (2.4.2 available)
  vm_service 15.0.2 (15.3.0 available)
  webdriver 3.1.0 (3.2.0 available)
  yaml 3.1.3 (3.1.4 available)
Got dependencies!
21 packages have newer versions incompatible with dependency constraints.
Try `flutter pub outdated` for more information.
Analyzing lib...                                                

   info • The part-of directive uses a library name. Try converting the directive to use the URI of the library • lib/dependencies.dart:46:1 • use_string_in_part_of_directives
   info • The variable name 'Get' isn't a lowerCamelCase identifier. Try changing the name to follow the lowerCamelCase style • lib/dependencies.dart:133:9 • non_constant_identifier_names
   info • Library names are not necessary. Remove the library name • lib/generated_widget.dart:2:9 • unnecessary_library_name
   info • Constructors in '@immutable' classes should be declared as 'const'. Try adding 'const' to the constructor declaration • lib/generated_widget.dart:11:3 • prefer_const_constructors_in_immutables
   info • Unnecessary use of multiple underscores. Try using '_' • lib/generated_widget.dart:73:41 • unnecessary_underscores
   info • 'groupValue' is deprecated and shouldn't be used. Use a RadioGroup ancestor to manage group value instead. This feature was deprecated after v3.32.0-0.0.pre. Try replacing the use of the deprecated member with the replacement • lib/generated_widget.dart:79:25 • deprecated_member_use
   info • 'onChanged' is deprecated and shouldn't be used. Use RadioGroup to handle value change instead. This feature was deprecated after v3.32.0-0.0.pre. Try replacing the use of the deprecated member with the replacement • lib/generated_widget.dart:80:25 • deprecated_member_use

[spm]: Injecting profiler code...
[spm]: Starting app...
Running Gradle task 'assembleProfile'...                        
Running Gradle task 'assembleProfile'...                           19.7s
✓ Built build/app/outputs/flutter-apk/app-profile.apk (26.8MB)
Installing build/app/outputs/flutter-apk/app-profile.apk...      1,262ms
D/SurfaceView(30930): UPDATE null, mIsCastMode = false
D/hw-ProcessState(30930): Binder ioctl to enable oneway spam detection failed: Invalid argument
W/Looper  (30930): PerfMonitor longMsg : seq=8 plan=22:43:33.932 late=451ms wall=1780ms running=0ms h=android.view.Choreographer$FrameHandler c=android.view.Choreographer$FrameDisplayEventReceiver procState=-1
W/Looper  (30930): PerfMonitor doFrame : time=1780ms vsyncFrame=0 latency=451ms procState=-1 historyMsgCount=7 (msgIndex=3 wall=1780ms seq=8 late=451ms h=android.view.Choreographer$FrameHandler c=android.view.Choreographer$FrameDisplayEventReceiver) (msgIndex=4 wall=421ms seq=4 h=android.app.ActivityThread$H w=159)
I/Choreographer(30930): Skipped 101 frames!  The application may be doing too much work on its main thread.
D/SurfaceView(30930): UPDATE Surface(name=SurfaceView[com.example.benchmark_container/com.example.benchmark_container.MainActivity])/@0x9ac515, mIsProjectionMode = false
W/Looper  (30930): PerfMonitor doFrame : time=2ms vsyncFrame=0 latency=1689ms procState=-1 historyMsgCount=4
[spm]: Connected to Dart VM service.
I/flutter (30930): 00:00 +0: Performance Benchmark
E/hmark_containe(30930): open libmigui.so failed! dlopen - dlopen failed: library "libmigui.so" not found
D/hmark_containe(30930): MiuiProcessManagerServiceStub setSchedFifo
I/MiuiProcessManagerImpl(30930): setSchedFifo pid:30930, mode:3
D/DecorView[](30930): onWindowFocusChanged hasWindowFocus true
D/ProfileInstaller(30930): Installing profile for com.example.benchmark_container
D/DecorView[](30930): getWindowModeFromSystem  windowmode is 1
D/DecorView[](30930): updateDecorCaptionStatus displayWindowDecor is false
[spm]: ProfilerData event received.
I/flutter (30930): [SPM:perf] 698a51a  buildSpan: 13906µs
I/flutter (30930): [spm] Performance monitoring completed for 698a51a
[spm]: ProfilerData event received.
I/flutter (30930): [SPM:perf] 698a51a  buildSpan: 5211µs
I/flutter (30930): [spm] Performance monitoring completed for 698a51a
[spm]: ProfilerData event received.
I/flutter (30930): [SPM:perf] 698a51a  buildSpan: 5302µs
I/flutter (30930): [spm] Performance monitoring completed for 698a51a
[spm]: ProfilerData event received.
I/flutter (30930): [SPM:perf] 698a51a  buildSpan: 5493µs
I/flutter (30930): [spm] Performance monitoring completed for 698a51a
[spm]: ProfilerData event received.
I/flutter (30930): [SPM:perf] 698a51a  buildSpan: 5249µs
I/flutter (30930): [spm] Performance monitoring completed for 698a51a
[spm]: ProfilerData event received.
I/flutter (30930): [SPM:perf] 698a51a  buildSpan: 5355µs
I/flutter (30930): [spm] Performance monitoring completed for 698a51a
[spm]: ProfilerData event received.
I/flutter (30930): [SPM:perf] 698a51a  buildSpan: 5439µs
I/flutter (30930): [spm] Performance monitoring completed for 698a51a
I/flutter (30930): [SPM:perf] 698a51a  buildSpan: 5165µs
[spm]: ProfilerData event received.
I/flutter (30930): [spm] Performance monitoring completed for 698a51a
[spm]: ProfilerData event received.
I/flutter (30930): [SPM:perf] 698a51a  buildSpan: 5280µs
I/flutter (30930): [spm] Performance monitoring completed for 698a51a
[spm]: ProfilerData event received.
I/flutter (30930): [SPM:perf] 698a51a  buildSpan: 5367µs
I/flutter (30930): [spm] Performance monitoring completed for 698a51a
I/flutter (30930): [SPM:perf] 698a51a  buildSpan: 5280µs
I/flutter (30930): [spm] Performance monitoring completed for 698a51a
[spm]: ProfilerData event received.
I/flutter (30930): [SPM:perf] 698a51a  buildSpan: 5098µs
I/flutter (30930): [spm] Performance monitoring completed for 698a51a
[spm]: ProfilerData event received.
I/flutter (30930): [SPM:perf] 698a51a  buildSpan: 3801µs
I/flutter (30930): [spm] Performance monitoring completed for 698a51a
[spm]: ProfilerData event received.
[spm]: ProfilerData event received.
I/flutter (30930): [SPM:perf] 698a51a  buildSpan: 5170µs
I/flutter (30930): [spm] Performance monitoring completed for 698a51a
I/flutter (30930): [SPM:perf] 698a51a  buildSpan: 4805µs
[spm]: ProfilerData event received.
I/flutter (30930): [spm] Performance monitoring completed for 698a51a
[spm]: ProfilerData event received.
I/flutter (30930): [SPM:perf] 698a51a  buildSpan: 5231µs
I/flutter (30930): [spm] Performance monitoring completed for 698a51a
I/flutter (30930): [SPM:perf] 698a51a  buildSpan: 5280µs
I/flutter (30930): [spm] Performance monitoring completed for 698a51a
[spm]: ProfilerData event received.
I/flutter (30930): [SPM:perf] 698a51a  buildSpan: 4723µs
I/flutter (30930): [spm] Performance monitoring completed for 698a51a
[spm]: ProfilerData event received.
[spm]: ProfilerData event received.
I/flutter (30930): [SPM:perf] 698a51a  buildSpan: 4784µs
I/flutter (30930): [spm] Performance monitoring completed for 698a51a
[spm]: ProfilerData event received.
I/flutter (30930): [SPM:perf] 698a51a  buildSpan: 5199µs
I/flutter (30930): [spm] Performance monitoring completed for 698a51a
[spm]: ProfilerData event received.
I/flutter (30930): [SPM:perf] 698a51a  buildSpan: 5171µs
I/flutter (30930): [spm] Performance monitoring completed for 698a51a
[spm]: ProfilerData event received.
I/flutter (30930): [SPM:perf] 698a51a  buildSpan: 4985µs
I/flutter (30930): [spm] Performance monitoring completed for 698a51a
I/flutter (30930): [SPM:perf] 698a51a  buildSpan: 5544µs
[spm]: ProfilerData event received.
I/flutter (30930): [spm] Performance monitoring completed for 698a51a
I/flutter (30930): [SPM:perf] 698a51a  buildSpan: 5264µs
I/flutter (30930): [spm] Performance monitoring completed for 698a51a
[spm]: ProfilerData event received.
[spm]: ProfilerData event received.
I/flutter (30930): [SPM:perf] 698a51a  buildSpan: 5554µs
I/flutter (30930): [spm] Performance monitoring completed for 698a51a
[spm]: ProfilerData event received.
I/flutter (30930): [SPM:perf] 698a51a  buildSpan: 5468µs
I/flutter (30930): [spm] Performance monitoring completed for 698a51a
[spm]: ProfilerData event received.
I/flutter (30930): [SPM:perf] 698a51a  buildSpan: 4555µs
I/flutter (30930): [spm] Performance monitoring completed for 698a51a
[spm]: ProfilerData event received.
I/flutter (30930): [SPM:perf] 698a51a  buildSpan: 5215µs
I/flutter (30930): [spm] Performance monitoring completed for 698a51a
[spm]: ProfilerData event received.
I/flutter (30930): [SPM:perf] 698a51a  buildSpan: 5430µs
I/flutter (30930): [spm] Performance monitoring completed for 698a51a
I/flutter (30930): [SPM:perf] 698a51a  buildSpan: 4702µs
I/flutter (30930): [spm] Performance monitoring completed for 698a51a
[spm]: ProfilerData event received.
I/flutter (30930): 01:10 +1: (tearDownAll)
I/flutter (30930): 01:11 +2: All tests passed!
All tests passed.
[spm]: Saved 30 profiler events to <ROOT>/dataset-new_samples/0436/redmi9t/raw/20260916-191327/rev_001_a227e88a/e6.jsonl
[spm]: Reverting injection...
7 issues found. (ran in 0.5s)
WARNING: Your Android app project: app located at: <ROOT>/android/app/build.gradle.kts
applies the Kotlin Gradle Plugin, which will cause build failures in future versions of Flutter. 
Please migrate your app to Built-in Kotlin using this guide: https://docs.flutter.dev/release/breaking-changes/migrate-to-built-in-kotlin/for-app-developers

VMServiceFlutterDriver: Connecting to Flutter application at http://127.0.0.1:36681/U5TJM7370w0=/
[spm]: Detected VM service URI: ws://127.0.0.1:36681/U5TJM7370w0=/ws
VMServiceFlutterDriver: Isolate found with number: 4778948057533959
VMServiceFlutterDriver: Isolate 4778948057533959 is runnable.
VMServiceFlutterDriver: Isolate is paused at start.
VMServiceFlutterDriver: Attempting to resume isolate
VMServiceFlutterDriver: Connected to Flutter application.
VMServiceFlutterDriver: request_data message is taking a long time to complete...