# sample_id=0455/rev_004_21879d19 exec_index=9 ok=False perf_lines=30 vm_events=30 battery_pct=73 soc_temp_millic=38900 battery_temp_c=33.1 charging=False preflight_started=2026-09-11T14:31:26.901625+00:00 started=2026-09-11T14:31:29.571207+00:00 ts=2026-09-11T14:33:34.092644+00:00
[spm]: Running flutter analyze...
Resolving dependencies...
Downloading packages...
  _fe_analyzer_shared 100.0.0 (107.0.0 available)
  analyzer 13.0.0 (14.3.0 available)
  async 2.13.0 (2.13.1 available)
  clock 1.1.2 (1.1.3 available)
  cupertino_icons 1.0.8 (1.0.9 available)
  glob 2.1.3 (2.2.0 available)
  lints 6.0.0 (6.1.0 available)
  matcher 0.12.19 (0.12.20 available)
  material_color_utilities 0.13.0 (0.13.1 available)
  meta 1.18.0 (1.19.0 available)
  package_config 2.2.0 (3.0.0 available)
  platform 3.1.6 (3.2.0 available)
  process 5.0.5 (5.0.6 available)
  pub_semver 2.2.0 (2.2.1 available)
  source_span 1.10.1 (1.10.2 available)
  stack_trace 1.12.1 (1.12.2 available)
  test_api 0.7.11 (0.7.14 available)
  vector_math 2.2.0 (2.4.2 available)
  vm_service 15.0.2 (15.3.0 available)
  webdriver 3.1.0 (3.2.0 available)
  yaml 3.1.3 (3.1.4 available)
Got dependencies!
21 packages have newer versions incompatible with dependency constraints.
Try `flutter pub outdated` for more information.
Analyzing lib...                                                

   info • The part-of directive uses a library name. Try converting the directive to use the URI of the library • lib/dependencies.dart:46:1 • use_string_in_part_of_directives
   info • The type parameter name 'State' matches a visible type name. Try changing the type parameter name to not match an existing type • lib/dependencies.dart:89:19 • avoid_types_as_parameter_names
   info • Constructors in '@immutable' classes should be declared as 'const'. Try adding 'const' to the constructor declaration • lib/dependencies.dart:145:3 • prefer_const_constructors_in_immutables
   info • Constructors in '@immutable' classes should be declared as 'const'. Try adding 'const' to the constructor declaration • lib/dependencies.dart:166:3 • prefer_const_constructors_in_immutables
   info • Constructors in '@immutable' classes should be declared as 'const'. Try adding 'const' to the constructor declaration • lib/dependencies.dart:187:3 • prefer_const_constructors_in_immutables
   info • Constructors in '@immutable' classes should be declared as 'const'. Try adding 'const' to the constructor declaration • lib/dependencies.dart:206:3 • prefer_const_constructors_in_immutables
   info • Constructors in '@immutable' classes should be declared as 'const'. Try adding 'const' to the constructor declaration • lib/dependencies.dart:225:3 • prefer_const_constructors_in_immutables
   info • Library names are not necessary. Remove the library name • lib/generated_widget.dart:2:9 • unnecessary_library_name
   info • Constructors in '@immutable' classes should be declared as 'const'. Try adding 'const' to the constructor declaration • lib/generated_widget.dart:11:3 • prefer_const_constructors_in_immutables
warning • The value of the local variable 'todos' isn't used. Try removing the variable or using it • lib/generated_widget.dart:31:11 • unused_local_variable
   info • 'MaterialStatePropertyAll' is deprecated and shouldn't be used. Use WidgetStatePropertyAll instead. Moved to the Widgets layer to make code available outside of Material. This feature was deprecated after v3.19.0-0.3.pre. Try replacing the use of the deprecated member with the replacement • lib/generated_widget.dart:108:20 • deprecated_member_use

[spm]: Injecting profiler code...
[spm]: Starting app...
Running Gradle task 'assembleProfile'...                        
Running Gradle task 'assembleProfile'...                           21.8s
✓ Built build/app/outputs/flutter-apk/app-profile.apk (26.8MB)
Installing build/app/outputs/flutter-apk/app-profile.apk...      1,196ms
E/MiuiMultiWindowUtils(32614): initFreeFormResolutionArgs failed, device is lime
D/IS_CTS_MODE(32614): true
D/MULTI_WINDOW_SWITCH_ENABLED(32614): false
D/IS_CTS_MODE(32614): true
D/MULTI_WINDOW_SWITCH_ENABLED(32614): false
D/IS_CTS_MODE(32614): true
D/MULTI_WINDOW_SWITCH_ENABLED(32614): false
D/DecorView[](32614): getWindowModeFromSystem  windowmode is 1
D/DecorView[](32614): getWindowModeFromSystem  windowmode is 1
D/DecorView[](32614): updateDecorCaptionStatus displayWindowDecor is false
W/Looper  (32614): PerfMonitor looperActivity : package=com.example.benchmark_container/.MainActivity time=343ms latency=345ms running=0ms  procState=-1  historyMsgCount=3 (msgIndex=3 wall=343ms seq=3 h=android.app.ActivityThread$H w=110)
W/Looper  (32614): PerfMonitor looperActivity : package=com.example.benchmark_container/.MainActivity time=1ms latency=688ms running=0ms  procState=-1  historyMsgCount=4 (msgIndex=3 wall=343ms seq=3 h=android.app.ActivityThread$H w=110) (msgIndex=4 wall=343ms seq=4 late=345ms h=android.app.ActivityThread$H w=159)
D/SurfaceView(32614): UPDATE null, mIsCastMode = false
D/hw-ProcessState(32614): Binder ioctl to enable oneway spam detection failed: Invalid argument
W/Looper  (32614): PerfMonitor longMsg : seq=8 plan=17:32:07.744 late=354ms wall=1651ms running=0ms h=android.view.Choreographer$FrameHandler c=android.view.Choreographer$FrameDisplayEventReceiver procState=-1
W/Looper  (32614): PerfMonitor doFrame : time=1651ms vsyncFrame=0 latency=354ms procState=-1 historyMsgCount=7 (msgIndex=3 wall=1651ms seq=8 late=354ms h=android.view.Choreographer$FrameHandler c=android.view.Choreographer$FrameDisplayEventReceiver) (msgIndex=4 wall=343ms seq=4 h=android.app.ActivityThread$H w=159)
I/Choreographer(32614): Skipped 93 frames!  The application may be doing too much work on its main thread.
D/SurfaceView(32614): UPDATE Surface(name=SurfaceView[com.example.benchmark_container/com.example.benchmark_container.MainActivity])/@0x739554a, mIsProjectionMode = false
W/Looper  (32614): PerfMonitor doFrame : time=2ms vsyncFrame=0 latency=1562ms procState=-1 historyMsgCount=4
[spm]: Connected to Dart VM service.
I/flutter (32614): 00:00 +0: Performance Benchmark
E/hmark_containe(32614): open libmigui.so failed! dlopen - dlopen failed: library "libmigui.so" not found
D/hmark_containe(32614): MiuiProcessManagerServiceStub setSchedFifo
I/MiuiProcessManagerImpl(32614): setSchedFifo pid:32614, mode:3
D/DecorView[](32614): onWindowFocusChanged hasWindowFocus true
I/flutter (32614): type 'BoxParentData' is not a subtype of type 'FlexParentData' in type cast
I/flutter (32614): #0      Flexible.applyParentData (package:flutter/src/widgets/basic.dart:6069)
I/flutter (32614): #1      RenderObjectElement._updateParentData (package:flutter/src/widgets/framework.dart:6901)
I/flutter (32614): #2      RenderObjectElement.attachRenderObject (package:flutter/src/widgets/framework.dart:6945)
I/flutter (32614): #3      RenderObjectElement.mount (package:flutter/src/widgets/framework.dart:6801)
I/flutter (32614): #4      SingleChildRenderObjectElement.mount (package:flutter/src/widgets/framework.dart:7114)
I/flutter (32614): #5      Element.inflateWidget (package:flutter/src/widgets/framework.dart:4587)
I/flutter (32614): #6      Element.updateChild (package:flutter/src/widgets/framework.dart:4059)
I/flutter (32614): #7      ComponentElement.performRebuild (package:flutter/src/widgets/framework.dart:5841)
I/flutter (32614): #8      Element.rebuild (package:flutter/src/widgets/framework.dart:5529)
I/flutter (32614): #9      ComponentElement._firstBuild (package:flutter/src/widgets/framework.dart:5799)
I/flutter (32614): #10     ComponentElement.mount (package:flutter/src/widgets/framework.dart:5793)
I/flutter (32614): #11     Element.inflateWidget (package:flutter/src/widgets/framework.dart:4587)
I/flutter (32614): #12     Element.updateChild (package:flutter/src/widgets/framework.dart:4059)
I/flutter (32614): #13     SingleChildRenderObjectElement.mount (package:flutter/src/widgets/framework.dart:7115)
I/flutter (32614): #14     Element.inflateWidget (package:flutter/src/widgets/framework.dart:4587)
I/flutter (32614): #15     Element.updateChild (package:flutter/src/widgets/framework.dart:4059)
I/flutter (32614): #16     SingleChildRenderObjectElement.mount (package:flutter/src/widgets/framework.dart:7115)
I/flutter (32614): #17     Element.inflateWidget (package:flutter/src/widgets/framework.dart:4587)
I/flutter (32614): #18     Element.updateChild (package:flutter/src/widgets/framework.dart:4059)
I/flutter (32614): #19     SingleChildRenderObjectElement.mount (package:flutter/src/widgets/framework.dart:7115)
I/flutter (32614): #20     Element.inflateWidget (package:flutter/src/widgets/framework.dart:4587)
I/flutter (32614): #21     Element.updateChild (package:flutter/src/widgets/framework.dart:4059)
I/flutter (32614): #22     ComponentElement.performRebuild (package:flutter/src/widgets/framework.dart:5841)
I/flutter (32614): #23     Element.rebuild (package:flutter/src/widgets/framework.dart:5529)
I/flutter (32614): #24     ComponentElement._firstBuild (package:flutter/src/widgets/framework.dart:5799)
I/flutter (32614): #25     ComponentElement.mount (package:flutter/src/widgets/framework.dart:5793)
I/flutter (32614): #26     Element.inflateWidget (package:flutter/src/widgets/framework.dart:4587)
I/flutter (32614): #27     Element.updateChild (package:flutter/src/widgets/framework.dart:4059)
I/flutter (32614): #28     SingleChildRenderObjectElement.mount (package:flutter/src/widgets/framework.dart:7115)
I/flutter (32614): #29     Element.inflateWidget (package:flutter/src/widgets/framework.dart:4587)
I/flutter (32614): #30     Element.updateChild (package:flutter/src/widgets/framework.dart:4059)
I/flutter (32614): #31     SingleChildRenderObjectElement.mount (package:flutter/src/widgets/framework.dart:7115)
I/flutter (32614): #32     Element.inflateWidget (package:flutter/src/widgets/framework.dart:4587)
I/flutter (32614): #33     Element.updateChild (package:flutter/src/widgets/framework.dart:4059)
I/flutter (32614): #34     SingleChildRenderObjectElement.mount (package:flutter/src/widgets/framework.dart:7115)
I/flutter (32614): #35     Element.inflateWidget (package:flutter/src/widgets/framework.dart:4587)
I/flutter (32614): #36     Element.updateChild (package:flutter/src/widgets/framework.dart:4059)
I/flutter (32614): #37     ComponentElement.performRebuild (package:flutter/src/widgets/framework.dart:5841)
I/flutter (32614): #38     StatefulElement.performRebuild (package:flutter/src/widgets/framework.dart:5982)
I/flutter (32614): #39     Element.rebuild (package:flutter/src/widgets/framework.dart:5529)
I/flutter (32614): #40     ComponentElement._firstBuild (package:flutter/src/widgets/framework.dart:5799)
I/flutter (32614): #41     StatefulElement._firstBuild (package:flutter/src/widgets/framework.dart:5973)
I/flutter (32614): #42     ComponentElement.mount (package:flutter/src/widgets/framework.dart:5793)
I/flutter (32614): #43     Element.inflateWidget (package:flutter/src/widgets/framework.dart:4587)
I/flutter (32614): #44     Element.updateChild (package:flutter/src/widgets/framework.dart:4059)
I/flutter (32614): #45     ComponentElement.performRebuild (package:flutter/src/widgets/framework.dart:5841)
I/flutter (32614): #46     Element.rebuild (package:flutter/src/widgets/framework.dart:5529)
I/flutter (32614): #47     ComponentElement._firstBuild (package:flutter/src/widgets/framework.dart:5799)
I/flutter (32614): #48     ComponentElement.mount (package:flutter/src/widgets/framework.dart:5793)
I/flutter (32614): #49     Element.inflateWidget (package:flutter/src/widgets/framework.dart:4587)
I/flutter (32614): #50     Element.updateChild (package:flutter/src/widgets/framework.dart:4059)
I/flutter (32614): #51     SingleChildRenderObjectElement.mount (package:flutter/src/widgets/framework.dart:7115)
I/flutter (32614): #52     Element.inflateWidget (package:flutter/src/widgets/framework.dart:4587)
I/flutter (32614): #53     Element.updateChild (package:flutter/src/widgets/framework.dart:4059)
I/flutter (32614): #54     ComponentElement.performRebuild (package:flutter/src/widgets/framework.dart:5841)
I/flutter (32614): #55     Element.rebuild (package:flutter/src/widgets/framework.dart:5529)
I/flutter (32614): #56     ComponentElement._firstBuild (package:flutter/src/widgets/framework.dart:5799)
I/flutter (32614): #57     ComponentElement.mount (package:flutter/src/widgets/framework.dart:5793)
I/flutter (32614): #58     Element.inflateWidget (package:flutter/src/widgets/framework.dart:4587)
I/flutter (32614): #59     Element.updateChild (package:flutter/src/widgets/framework.dart:4059)
I/flutter (32614): #60     ComponentElement.performRebuild (package:flutter/src/widgets/framework.dart:5841)
I/flutter (32614): #61     Element.rebuild (package:flutter/src/widgets/framework.dart:5529)
I/flutter (32614): #62     ComponentElement._firstBuild (package:flutter/src/widgets/framework.dart:5799)
I/flutter (32614): #63     ComponentElement.mount (package:flutter/src/widgets/framework.dart:5793)
I/flutter (32614): #64     Element.inflateWidget (package:flutter/src/widgets/framework.dart:4587)
I/flutter (32614): #65     Element.updateChild (package:flutter/src/widgets/framework.dart:4059)
I/flutter (32614): #66     SingleChildRenderObjectElement.mount (package:flutter/src/widgets/framework.dart:7115)
I/flutter (32614): #67     Element.inflateWidget (package:flutter/src/widgets/framework.dart:4587)
I/flutter (32614): #68     Element.updateChild (package:flutter/src/widgets/framework.dart:4059)
I/flutter (32614): #69     SingleChildRenderObjectElement.mount (package:flutter/src/widgets/framework.dart:7115)
I/flutter (32614): #70     Element.inflateWidget (package:flutter/src/widgets/framework.dart:4587)
I/flutter (32614): #71     Element.updateChild (package:flutter/src/widgets/framework.dart:4059)
I/flutter (32614): #72     ComponentElement.performRebuild (package:flutter/src/widgets/framework.dart:5841)
I/flutter (32614): #73     Element.rebuild (package:flutter/src/widgets/framework.dart:5529)
I/flutter (32614): #74     ComponentElement._firstBuild (package:flutter/src/widgets/framework.dart:5799)
I/flutter (32614): #75     ComponentElement.mount (package:flutter/src/widgets/framework.dart:5793)
I/flutter (32614): #76     Element.inflateWidget (package:flutter/src/widgets/framework.dart:4587)
I/flutter (32614): #77     Element.updateChild (package:flutter/src/widgets/framework.dart:4059)
I/flutter (32614): #78     ComponentElement.performRebuild (package:flutter/src/widgets/framework.dart:5841)
I/flutter (32614): #79     StatefulElement.performRebuild (package:flutter/src/widgets/framework.dart:5982)
I/flutter (32614): #80     Element.rebuild (package:flutter/src/widgets/framework.dart:5529)
I/flutter (32614): #81     ComponentElement._firstBuild (package:flutter/src/widgets/framework.dart:5799)
I/flutter (32614): #82     StatefulElement._firstBuild (package:flutter/src/widgets/framework.dart:5973)
I/flutter (32614): #83     ComponentElement.mount (package:flutter/src/widgets/framework.dart:5793)
I/flutter (32614): #84     Element.inflateWidget (package:flutter/src/widgets/framework.dart:4587)
I/flutter (32614): #85     Element.updateChild (package:flutter/src/widgets/framework.dart:4059)
I/flutter (32614): #86     ComponentElement.performRebuild (package:flutter/src/widgets/framework.dart:5841)
I/flutter (32614): #87     Element.rebuild (package:flutter/src/widgets/framework.dart:5529)
I/flutter (32614): #88     ComponentElement._firstBuild (package:flutter/src/widgets/framework.dart:5799)
I/flutter (32614): #89     ComponentElement.mount (package:flutter/src/widgets/framework.dart:5793)
I/flutter (32614): #90     Element.inflateWidget (package:flutter/src/widgets/framework.dart:4587)
I/flutter (32614): #91     Element.updateChild (package:flutter/src/widgets/framework.dart:4059)
I/flutter (32614): #92     ComponentElement.performRebuild (package:flutter/src/widgets/framework.dart:5841)
I/flutter (32614): #93     StatefulElement.performRebuild (package:flutter/src/widgets/framework.dart:5982)
I/flutter (32614): #94     Element.rebuild (package:flutter/src/widgets/framework.dart:5529)
I/flutter (32614): #95     ComponentElement._firstBuild (package:flutter/src/widgets/framework.dart:5799)
I/flutter (32614): #96     StatefulElement._firstBuild (package:flutter/src/widgets/framework.dart:5973)
I/flutter (32614): #97     ComponentElement.mount (package:flutter/src/widgets/framework.dart:5793)
I/flutter (32614): #98     Element.inflateWidget (package:flutter/src/widgets/framework.dart:4587)
I/flutter (32614): #99     Element.updateChild (package:flutter/src/widgets/framework.dart:4059)
I/flutter (32614): type 'BoxParentData' is not a subtype of type 'FlexParentData' in type cast
I/flutter (32614): #0      Flexible.applyParentData (package:flutter/src/widgets/basic.dart:6069)
I/flutter (32614): #1      RenderObjectElement._updateParentData (package:flutter/src/widgets/framework.dart:6901)
I/flutter (32614): #2      RenderObjectElement.attachRenderObject (package:flutter/src/widgets/framework.dart:6945)
I/flutter (32614): #3      RenderObjectElement.mount (package:flutter/src/widgets/framework.dart:6801)
I/flutter (32614): #4      Element.inflateWidget (package:flutter/src/widgets/framework.dart:4587)
I/flutter (32614): #5      Element.updateChild (package:flutter/src/widgets/framework.dart:4059)
I/flutter (32614): #6      ComponentElement.performRebuild (package:flutter/src/widgets/framework.dart:5858)
I/flutter (32614): #7      Element.rebuild (package:flutter/src/widgets/framework.dart:5529)
I/flutter (32614): #8      ComponentElement._firstBuild (package:flutter/src/widgets/framework.dart:5799)
I/flutter (32614): #9      ComponentElement.mount (package:flutter/src/widgets/framework.dart:5793)
I/flutter (32614): #10     Element.inflateWidget (package:flutter/src/widgets/framework.dart:4587)
I/flutter (32614): #11     Element.updateChild (package:flutter/src/widgets/framework.dart:4059)
I/flutter (32614): #12     SingleChildRenderObjectElement.mount (package:flutter/src/widgets/framework.dart:7115)
I/flutter (32614): #13     Element.inflateWidget (package:flutter/src/widgets/framework.dart:4587)
I/flutter (32614): #14     Element.updateChild (package:flutter/src/widgets/framework.dart:4059)
I/flutter (32614): #15     SingleChildRenderObjectElement.mount (package:flutter/src/widgets/framework.dart:7115)
I/flutter (32614): #16     Element.inflateWidget (package:flutter/src/widgets/framework.dart:4587)
I/flutter (32614): #17     Element.updateChild (package:flutter/src/widgets/framework.dart:4059)
I/flutter (32614): #18     SingleChildRenderObjectElement.mount (package:flutter/src/widgets/framework.dart:7115)
I/flutter (32614): #19     Element.inflateWidget (package:flutter/src/widgets/framework.dart:4587)
I/flutter (32614): #20     Element.updateChild (package:flutter/src/widgets/framework.dart:4059)
I/flutter (32614): #21     ComponentElement.performRebuild (package:flutter/src/widgets/framework.dart:5841)
I/flutter (32614): #22     Element.rebuild (package:flutter/src/widgets/framework.dart:5529)
I/flutter (32614): #23     ComponentElement._firstBuild (package:flutter/src/widgets/framework.dart:5799)
I/flutter (32614): #24     ComponentElement.mount (package:flutter/src/widgets/framework.dart:5793)
I/flutter (32614): #25     Element.inflateWidget (package:flutter/src/widgets/framework.dart:4587)
I/flutter (32614): #26     Element.updateChild (package:flutter/src/widgets/framework.dart:4059)
I/flutter (32614): #27     SingleChildRenderObjectElement.mount (package:flutter/src/widgets/framework.dart:7115)
I/flutter (32614): #28     Element.inflateWidget (package:flutter/src/widgets/framework.dart:4587)
I/flutter (32614): #29     Element.updateChild (package:flutter/src/widgets/framework.dart:4059)
I/flutter (32614): #30     SingleChildRenderObjectElement.mount (package:flutter/src/widgets/framework.dart:7115)
I/flutter (32614): #31     Element.inflateWidget (package:flutter/src/widgets/framework.dart:4587)
I/flutter (32614): #32     Element.updateChild (package:flutter/src/widgets/framework.dart:4059)
I/flutter (32614): #33     SingleChildRenderObjectElement.mount (package:flutter/src/widgets/framework.dart:7115)
I/flutter (32614): #34     Element.inflateWidget (package:flutter/src/widgets/framework.dart:4587)
I/flutter (32614): #35     Element.updateChild (package:flutter/src/widgets/framework.dart:4059)
I/flutter (32614): #36     ComponentElement.performRebuild (package:flutter/src/widgets/framework.dart:5841)
I/flutter (32614): #37     StatefulElement.performRebuild (package:flutter/src/widgets/framework.dart:5982)
I/flutter (32614): #38     Element.rebuild (package:flutter/src/widgets/framework.dart:5529)
I/flutter (32614): #39     ComponentElement._firstBuild (package:flutter/src/widgets/framework.dart:5799)
I/flutter (32614): #40     StatefulElement._firstBuild (package:flutter/src/widgets/framework.dart:5973)
I/flutter (32614): #41     ComponentElement.mount (package:flutter/src/widgets/framework.dart:5793)
I/flutter (32614): #42     Element.inflateWidget (package:flutter/src/widgets/framework.dart:4587)
I/flutter (32614): #43     Element.updateChild (package:flutter/src/widgets/framework.dart:4059)
I/flutter (32614): #44     ComponentElement.performRebuild (package:flutter/src/widgets/framework.dart:5841)
I/flutter (32614): #45     Element.rebuild (package:flutter/src/widgets/framework.dart:5529)
I/flutter (32614): #46     ComponentElement._firstBuild (package:flutter/src/widgets/framework.dart:5799)
I/flutter (32614): #47     ComponentElement.mount (package:flutter/src/widgets/framework.dart:5793)
D/DecorView[](32614): getWindowModeFromSystem  windowmode is 1
D/DecorView[](32614): updateDecorCaptionStatus displayWindowDecor is false
D/ProfileInstaller(32614): Installing profile for com.example.benchmark_container
I/flutter (32614): #48     Element.inflateWidget (package:flutter/src/widgets/framework.dart:4587)
I/flutter (32614): #49     Element.updateChild (package:flutter/src/widgets/framework.dart:4059)
I/flutter (32614): #50     SingleChildRenderObjectElement.mount (package:flutter/src/widgets/framework.dart:7115)
I/flutter (32614): #51     Element.inflateWidget (package:flutter/src/widgets/framework.dart:4587)
I/flutter (32614): #52     Element.updateChild (package:flutter/src/widgets/framework.dart:4059)
I/flutter (32614): #53     ComponentElement.performRebuild (package:flutter/src/widgets/framework.dart:5841)
I/flutter (32614): #54     Element.rebuild (package:flutter/src/widgets/framework.dart:5529)
I/flutter (32614): #55     ComponentElement._firstBuild (package:flutter/src/widgets/framework.dart:5799)
I/flutter (32614): #56     ComponentElement.mount (package:flutter/src/widgets/framework.dart:5793)
I/flutter (32614): #57     Element.inflateWidget (package:flutter/src/widgets/framework.dart:4587)
I/flutter (32614): #58     Element.updateChild (package:flutter/src/widgets/framework.dart:4059)
I/flutter (32614): #59     ComponentElement.performRebuild (package:flutter/src/widgets/framework.dart:5841)
I/flutter (32614): #60     Element.rebuild (package:flutter/src/widgets/framework.dart:5529)
I/flutter (32614): #61     ComponentElement._firstBuild (package:flutter/src/widgets/framework.dart:5799)
I/flutter (32614): #62     ComponentElement.mount (package:flutter/src/widgets/framework.dart:5793)
I/flutter (32614): #63     Element.inflateWidget (package:flutter/src/widgets/framework.dart:4587)
I/flutter (32614): #64     Element.updateChild (package:flutter/src/widgets/framework.dart:4059)
I/flutter (32614): #65     SingleChildRenderObjectElement.mount (package:flutter/src/widgets/framework.dart:7115)
I/flutter (32614): #66     Element.inflateWidget (package:flutter/src/widgets/framework.dart:4587)
I/flutter (32614): #67     Element.updateChild (package:flutter/src/widgets/framework.dart:4059)
I/flutter (32614): #68     SingleChildRenderObjectElement.mount (package:flutter/src/widgets/framework.dart:7115)
I/flutter (32614): #69     Element.inflateWidget (package:flutter/src/widgets/framework.dart:4587)
I/flutter (32614): #70     Element.updateChild (package:flutter/src/widgets/framework.dart:4059)
I/flutter (32614): #71     ComponentElement.performRebuild (package:flutter/src/widgets/framework.dart:5841)
I/flutter (32614): #72     Element.rebuild (package:flutter/src/widgets/framework.dart:5529)
I/flutter (32614): #73     ComponentElement._firstBuild (package:flutter/src/widgets/framework.dart:5799)
I/flutter (32614): #74     ComponentElement.mount (package:flutter/src/widgets/framework.dart:5793)
I/flutter (32614): #75     Element.inflateWidget (package:flutter/src/widgets/framework.dart:4587)
I/flutter (32614): #76     Element.updateChild (package:flutter/src/widgets/framework.dart:4059)
I/flutter (32614): #77     ComponentElement.performRebuild (package:flutter/src/widgets/framework.dart:5841)
I/flutter (32614): #78     StatefulElement.performRebuild (package:flutter/src/widgets/framework.dart:5982)
I/flutter (32614): #79     Element.rebuild (package:flutter/src/widgets/framework.dart:5529)
I/flutter (32614): #80     ComponentElement._firstBuild (package:flutter/src/widgets/framework.dart:5799)
I/flutter (32614): #81     StatefulElement._firstBuild (package:flutter/src/widgets/framework.dart:5973)
I/flutter (32614): #82     ComponentElement.mount (package:flutter/src/widgets/framework.dart:5793)
I/flutter (32614): #83     Element.inflateWidget (package:flutter/src/widgets/framework.dart:4587)
I/flutter (32614): #84     Element.updateChild (package:flutter/src/widgets/framework.dart:4059)
I/flutter (32614): #85     ComponentElement.performRebuild (package:flutter/src/widgets/framework.dart:5841)
I/flutter (32614): #86     Element.rebuild (package:flutter/src/widgets/framework.dart:5529)
I/flutter (32614): #87     ComponentElement._firstBuild (package:flutter/src/widgets/framework.dart:5799)
I/flutter (32614): #88     ComponentElement.mount (package:flutter/src/widgets/framework.dart:5793)
I/flutter (32614): #89     Element.inflateWidget (package:flutter/src/widgets/framework.dart:4587)
I/flutter (32614): #90     Element.updateChild (package:flutter/src/widgets/framework.dart:4059)
I/flutter (32614): #91     ComponentElement.performRebuild (package:flutter/src/widgets/framework.dart:5841)
I/flutter (32614): #92     StatefulElement.performRebuild (package:flutter/src/widgets/framework.dart:5982)
I/flutter (32614): #93     Element.rebuild (package:flutter/src/widgets/framework.dart:5529)
I/flutter (32614): #94     ComponentElement._firstBuild (package:flutter/src/widgets/framework.dart:5799)
I/flutter (32614): #95     StatefulElement._firstBuild (package:flutter/src/widgets/framework.dart:5973)
I/flutter (32614): #96     ComponentElement.mount (package:flutter/src/widgets/framework.dart:5793)
I/flutter (32614): #97     Element.inflateWidget (package:flutter/src/widgets/framework.dart:4587)
I/flutter (32614): #98     Element.updateChild (package:flutter/src/widgets/framework.dart:4059)
I/flutter (32614): #99     ComponentElement.performRebuild (package:flutter/src/widgets/framework.dart:5841)
[spm]: ProfilerData event received.
I/flutter (32614): [SPM:perf] 698a51a  buildSpan: 775µs
I/flutter (32614): [spm] Performance monitoring completed for 698a51a
[spm]: ProfilerData event received.
I/flutter (32614): [SPM:perf] 698a51a  buildSpan: 684µs
I/flutter (32614): [spm] Performance monitoring completed for 698a51a
[spm]: ProfilerData event received.
I/flutter (32614): [SPM:perf] 698a51a  buildSpan: 923µs
I/flutter (32614): [spm] Performance monitoring completed for 698a51a
[spm]: ProfilerData event received.
I/flutter (32614): [SPM:perf] 698a51a  buildSpan: 986µs
I/flutter (32614): [spm] Performance monitoring completed for 698a51a
[spm]: ProfilerData event received.
I/flutter (32614): [SPM:perf] 698a51a  buildSpan: 906µs
I/flutter (32614): [spm] Performance monitoring completed for 698a51a
[spm]: ProfilerData event received.
I/flutter (32614): [SPM:perf] 698a51a  buildSpan: 918µs
I/flutter (32614): [spm] Performance monitoring completed for 698a51a
[spm]: ProfilerData event received.
I/flutter (32614): [SPM:perf] 698a51a  buildSpan: 811µs
I/flutter (32614): [spm] Performance monitoring completed for 698a51a
[spm]: ProfilerData event received.
I/flutter (32614): [SPM:perf] 698a51a  buildSpan: 947µs
I/flutter (32614): [spm] Performance monitoring completed for 698a51a
[spm]: ProfilerData event received.
I/flutter (32614): [SPM:perf] 698a51a  buildSpan: 975µs
I/flutter (32614): [spm] Performance monitoring completed for 698a51a
[spm]: ProfilerData event received.
I/flutter (32614): [SPM:perf] 698a51a  buildSpan: 907µs
I/flutter (32614): [spm] Performance monitoring completed for 698a51a
[spm]: ProfilerData event received.
I/flutter (32614): [SPM:perf] 698a51a  buildSpan: 1089µs
I/flutter (32614): [spm] Performance monitoring completed for 698a51a
[spm]: ProfilerData event received.
I/flutter (32614): [SPM:perf] 698a51a  buildSpan: 715µs
I/flutter (32614): [spm] Performance monitoring completed for 698a51a
I/flutter (32614): [SPM:perf] 698a51a  buildSpan: 900µs
[spm]: ProfilerData event received.
I/flutter (32614): [spm] Performance monitoring completed for 698a51a
[spm]: ProfilerData event received.
I/flutter (32614): [SPM:perf] 698a51a  buildSpan: 871µs
I/flutter (32614): [spm] Performance monitoring completed for 698a51a
[spm]: ProfilerData event received.
I/flutter (32614): [SPM:perf] 698a51a  buildSpan: 929µs
I/flutter (32614): [spm] Performance monitoring completed for 698a51a
[spm]: ProfilerData event received.
I/flutter (32614): [SPM:perf] 698a51a  buildSpan: 990µs
I/flutter (32614): [spm] Performance monitoring completed for 698a51a
[spm]: ProfilerData event received.
I/flutter (32614): [SPM:perf] 698a51a  buildSpan: 804µs
I/flutter (32614): [spm] Performance monitoring completed for 698a51a
[spm]: ProfilerData event received.
I/flutter (32614): [SPM:perf] 698a51a  buildSpan: 632µs
I/flutter (32614): [spm] Performance monitoring completed for 698a51a
[spm]: ProfilerData event received.
I/flutter (32614): [SPM:perf] 698a51a  buildSpan: 556µs
I/flutter (32614): [spm] Performance monitoring completed for 698a51a
[spm]: ProfilerData event received.
I/flutter (32614): [SPM:perf] 698a51a  buildSpan: 1111µs
I/flutter (32614): [spm] Performance monitoring completed for 698a51a
[spm]: ProfilerData event received.
I/flutter (32614): [SPM:perf] 698a51a  buildSpan: 882µs
I/flutter (32614): [spm] Performance monitoring completed for 698a51a
[spm]: ProfilerData event received.
I/flutter (32614): [SPM:perf] 698a51a  buildSpan: 925µs
I/flutter (32614): [spm] Performance monitoring completed for 698a51a
[spm]: ProfilerData event received.
I/flutter (32614): [SPM:perf] 698a51a  buildSpan: 642µs
I/flutter (32614): [spm] Performance monitoring completed for 698a51a
[spm]: ProfilerData event received.
I/flutter (32614): [SPM:perf] 698a51a  buildSpan: 901µs
I/flutter (32614): [spm] Performance monitoring completed for 698a51a
[spm]: ProfilerData event received.
I/flutter (32614): [SPM:perf] 698a51a  buildSpan: 893µs
I/flutter (32614): [spm] Performance monitoring completed for 698a51a
[spm]: ProfilerData event received.
I/flutter (32614): [SPM:perf] 698a51a  buildSpan: 924µs
I/flutter (32614): [spm] Performance monitoring completed for 698a51a
[spm]: ProfilerData event received.
I/flutter (32614): [SPM:perf] 698a51a  buildSpan: 1074µs
I/flutter (32614): [spm] Performance monitoring completed for 698a51a
[spm]: ProfilerData event received.
I/flutter (32614): [SPM:perf] 698a51a  buildSpan: 889µs
I/flutter (32614): [spm] Performance monitoring completed for 698a51a
[spm]: ProfilerData event received.
I/flutter (32614): [SPM:perf] 698a51a  buildSpan: 691µs
I/flutter (32614): [spm] Performance monitoring completed for 698a51a
[spm]: ProfilerData event received.
I/flutter (32614): [SPM:perf] 698a51a  buildSpan: 849µs
I/flutter (32614): [spm] Performance monitoring completed for 698a51a
I/flutter (32614): Multiple exceptions (2) were detected during the running of the current test, and at least one was unexpected.
I/flutter (32614): #0      debugPrintStack (package:flutter/src/foundation/assertions.dart:1213)
I/flutter (32614): #1      FlutterError.dumpErrorToConsole (package:flutter/src/foundation/assertions.dart:1033)
I/flutter (32614): #2      _defaultTestExceptionReporter (package:flutter_test/src/test_exception_reporter.dart:29)
I/flutter (32614): #3      new IntegrationTestWidgetsFlutterBinding.<anonymous closure> (package:integration_test/integration_test.dart:91)
I/flutter (32614): #4      TestWidgetsFlutterBinding._createTestCompletionHandler.<anonymous closure> (package:flutter_test/src/binding.dart:1713)
I/flutter (32614): <asynchronous suspension>
I/flutter (32614): (elided 6 frames from dart:async)
I/flutter (32614): 01:12 +0: Performance Benchmark [E]
I/flutter (32614):   Test failed. See exception logs above.
I/flutter (32614):   The test description was: Performance Benchmark
I/flutter (32614):   
I/flutter (32614): 01:12 +0 -1: (tearDownAll)
I/flutter (32614): 01:13 +1 -1: Some tests failed.
I/Choreographer(32614): Skipped 60 frames!  The application may be doing too much work on its main thread.
W/Looper  (32614): PerfMonitor doFrame : time=3ms vsyncFrame=0 latency=1001ms procState=-1 historyMsgCount=8
I/OpenGLRenderer(32614): Davey! duration=1014ms; Flags=0, FrameTimelineVsyncId=9432118, IntendedVsync=257433041298933, Vsync=257434041298893, InputEventId=0, HandleInputStart=257434042893098, AnimationStart=257434042902889, PerformTraversalsStart=257434042907212, DrawStart=257434044807941, FrameDeadline=257433057965599, FrameInterval=257434042298879, FrameStartTime=16666666, SyncQueued=257434045319816, SyncStart=257434045445910, IssueDrawCommandsStart=257434045551275, SwapBuffers=257434047029660, FrameCompleted=257434055796900, DequeueBufferDuration=54740, QueueBufferDuration=1287136, GpuCompleted=257434055796900, SwapBuffersCompleted=257434049162264, DisplayPresentTime=0, 
[SPM:shot] wrote <ROOT>/dataset-new_samples/0455/redmi9t/shots/0455__rev_004_21879d19.png (47244 bytes)
Failure Details:
Failure in method: Performance Benchmark
Instance of 'FlutterErrorDetails'
end of failure 1



[spm]: Saved 30 profiler events to <ROOT>/dataset-new_samples/0455/redmi9t/raw/20260910-180223/rev_004_21879d19/e9.jsonl
[spm]: Reverting injection...
11 issues found. (ran in 0.7s)
WARNING: Your Android app project: app located at: <ROOT>/android/app/build.gradle.kts
applies the Kotlin Gradle Plugin, which will cause build failures in future versions of Flutter. 
Please migrate your app to Built-in Kotlin using this guide: https://docs.flutter.dev/release/breaking-changes/migrate-to-built-in-kotlin/for-app-developers

VMServiceFlutterDriver: Connecting to Flutter application at http://127.0.0.1:33107/U2GpJ7DHdnQ=/
[spm]: Detected VM service URI: ws://127.0.0.1:33107/U2GpJ7DHdnQ=/ws
VMServiceFlutterDriver: Isolate found with number: 813492116995335
VMServiceFlutterDriver: Isolate 813492116995335 is runnable.
VMServiceFlutterDriver: Isolate is paused at start.
VMServiceFlutterDriver: Attempting to resume isolate
VMServiceFlutterDriver: Connected to Flutter application.
VMServiceFlutterDriver: request_data message is taking a long time to complete...