# sample_id=3083/rev_004_cb42f92d exec_index=3 ok=False perf_lines=30 vm_events=30 battery_pct=83 soc_temp_millic=41100 battery_temp_c=30.8 charging=False preflight_started=2026-09-15T01:21:33.841061+00:00 started=2026-09-15T01:21:36.192425+00:00 ts=2026-09-15T01:24:14.033456+00:00
[spm]: Running flutter analyze...
Resolving dependencies...
Downloading packages...
  _fe_analyzer_shared 100.0.0 (108.0.0 available)
  analyzer 13.0.0 (14.4.0 available)
  async 2.13.0 (2.13.1 available)
  clock 1.1.2 (1.1.3 available)
  cupertino_icons 1.0.8 (1.0.9 available)
  glob 2.1.3 (2.2.0 available)
  lints 6.0.0 (6.1.0 available)
  matcher 0.12.19 (0.12.20 available)
  material_color_utilities 0.13.0 (0.13.1 available)
  meta 1.18.0 (1.19.0 available)
  package_config 2.2.0 (3.0.0 available)
  platform 3.1.6 (3.2.0 available)
  process 5.0.5 (5.0.6 available)
  pub_semver 2.2.0 (2.2.1 available)
  source_span 1.10.1 (1.10.2 available)
  stack_trace 1.12.1 (1.12.2 available)
  test_api 0.7.11 (0.7.14 available)
  vector_math 2.2.0 (2.4.2 available)
  vm_service 15.0.2 (15.3.0 available)
  webdriver 3.1.0 (3.2.0 available)
  yaml 3.1.3 (3.1.4 available)
Got dependencies!
21 packages have newer versions incompatible with dependency constraints.
Try `flutter pub outdated` for more information.
Analyzing lib...                                                

   info • The part-of directive uses a library name. Try converting the directive to use the URI of the library • lib/dependencies.dart:46:1 • use_string_in_part_of_directives
   info • Unnecessary 'late' modifier. Try removing the 'late' • lib/dependencies.dart:54:1 • unnecessary_late
   info • Library names are not necessary. Remove the library name • lib/generated_widget.dart:2:9 • unnecessary_library_name
   info • Constructors for public widgets should have a named 'key' parameter. Try adding a named parameter to the constructor • lib/generated_widget.dart:9:9 • use_key_in_widget_constructors
   info • Constructors in '@immutable' classes should be declared as 'const'. Try adding 'const' to the constructor declaration • lib/generated_widget.dart:11:3 • prefer_const_constructors_in_immutables

[spm]: Injecting profiler code...
[spm]: Starting app...
Running Gradle task 'assembleProfile'...                        
Running Gradle task 'assembleProfile'...                           24.6s
✓ Built build/app/outputs/flutter-apk/app-profile.apk (26.8MB)
Installing build/app/outputs/flutter-apk/app-profile.apk...        25.9s
D/SurfaceView(30342): UPDATE null, mIsCastMode = false
D/hw-ProcessState(30342): Binder ioctl to enable oneway spam detection failed: Invalid argument
W/Looper  (30342): PerfMonitor longMsg : seq=8 plan=04:22:43.568 late=476ms wall=1789ms running=0ms h=android.view.Choreographer$FrameHandler c=android.view.Choreographer$FrameDisplayEventReceiver procState=-1
W/Looper  (30342): PerfMonitor doFrame : time=1789ms vsyncFrame=0 latency=476ms procState=-1 historyMsgCount=6 (msgIndex=2 wall=1789ms seq=8 late=476ms h=android.view.Choreographer$FrameHandler c=android.view.Choreographer$FrameDisplayEventReceiver) (msgIndex=3 wall=448ms seq=4 h=android.app.ActivityThread$H w=159)
I/Choreographer(30342): Skipped 101 frames!  The application may be doing too much work on its main thread.
D/SurfaceView(30342): UPDATE Surface(name=SurfaceView[com.example.benchmark_container/com.example.benchmark_container.MainActivity])/@0x9ac515, mIsProjectionMode = false
W/Looper  (30342): PerfMonitor doFrame : time=2ms vsyncFrame=0 latency=1689ms procState=-1 historyMsgCount=4
[spm]: Connected to Dart VM service.
I/flutter (30342): 00:00 +0: Performance Benchmark
E/hmark_containe(30342): open libmigui.so failed! dlopen - dlopen failed: library "libmigui.so" not found
D/hmark_containe(30342): MiuiProcessManagerServiceStub setSchedFifo
I/MiuiProcessManagerImpl(30342): setSchedFifo pid:30342, mode:3
D/DecorView[](30342): onWindowFocusChanged hasWindowFocus true
D/DecorView[](30342): getWindowModeFromSystem  windowmode is 1
D/DecorView[](30342): updateDecorCaptionStatus displayWindowDecor is false
D/ProfileInstaller(30342): Installing profile for com.example.benchmark_container
I/flutter (30342): type 'List<dynamic>' is not a subtype of type 'List<Widget>'
I/flutter (30342): #0      _GeneratedWidgetState.build (package:benchmark_container/generated_widget.dart:80)
I/flutter (30342): #1      StatefulElement.build (package:flutter/src/widgets/framework.dart:5931)
I/flutter (30342): #2      ComponentElement.performRebuild (package:flutter/src/widgets/framework.dart:5817)
I/flutter (30342): #3      StatefulElement.performRebuild (package:flutter/src/widgets/framework.dart:5982)
I/flutter (30342): #4      Element.rebuild (package:flutter/src/widgets/framework.dart:5529)
I/flutter (30342): #5      ComponentElement._firstBuild (package:flutter/src/widgets/framework.dart:5799)
I/flutter (30342): #6      StatefulElement._firstBuild (package:flutter/src/widgets/framework.dart:5973)
I/flutter (30342): #7      ComponentElement.mount (package:flutter/src/widgets/framework.dart:5793)
I/flutter (30342): #8      Element.inflateWidget (package:flutter/src/widgets/framework.dart:4587)
I/flutter (30342): #9      Element.updateChild (package:flutter/src/widgets/framework.dart:4059)
I/flutter (30342): #10     ComponentElement.performRebuild (package:flutter/src/widgets/framework.dart:5841)
I/flutter (30342): #11     Element.rebuild (package:flutter/src/widgets/framework.dart:5529)
I/flutter (30342): #12     ComponentElement._firstBuild (package:flutter/src/widgets/framework.dart:5799)
I/flutter (30342): #13     ComponentElement.mount (package:flutter/src/widgets/framework.dart:5793)
I/flutter (30342): #14     Element.inflateWidget (package:flutter/src/widgets/framework.dart:4587)
I/flutter (30342): #15     Element.updateChild (package:flutter/src/widgets/framework.dart:4059)
I/flutter (30342): #16     ComponentElement.performRebuild (package:flutter/src/widgets/framework.dart:5841)
I/flutter (30342): #17     Element.rebuild (package:flutter/src/widgets/framework.dart:5529)
I/flutter (30342): #18     ComponentElement._firstBuild (package:flutter/src/widgets/framework.dart:5799)
I/flutter (30342): #19     ComponentElement.mount (package:flutter/src/widgets/framework.dart:5793)
I/flutter (30342): #20     Element.inflateWidget (package:flutter/src/widgets/framework.dart:4587)
I/flutter (30342): #21     Element.updateChild (package:flutter/src/widgets/framework.dart:4059)
I/flutter (30342): #22     ComponentElement.performRebuild (package:flutter/src/widgets/framework.dart:5841)
I/flutter (30342): #23     Element.rebuild (package:flutter/src/widgets/framework.dart:5529)
I/flutter (30342): #24     ComponentElement._firstBuild (package:flutter/src/widgets/framework.dart:5799)
I/flutter (30342): #25     ComponentElement.mount (package:flutter/src/widgets/framework.dart:5793)
I/flutter (30342): #26     Element.inflateWidget (package:flutter/src/widgets/framework.dart:4587)
I/flutter (30342): #27     Element.updateChild (package:flutter/src/widgets/framework.dart:4059)
I/flutter (30342): #28     ComponentElement.performRebuild (package:flutter/src/widgets/framework.dart:5841)
I/flutter (30342): #29     Element.rebuild (package:flutter/src/widgets/framework.dart:5529)
I/flutter (30342): #30     ComponentElement._firstBuild (package:flutter/src/widgets/framework.dart:5799)
I/flutter (30342): #31     ComponentElement.mount (package:flutter/src/widgets/framework.dart:5793)
I/flutter (30342): #32     Element.inflateWidget (package:flutter/src/widgets/framework.dart:4587)
I/flutter (30342): #33     MultiChildRenderObjectElement.inflateWidget (package:flutter/src/widgets/framework.dart:7264)
I/flutter (30342): #34     MultiChildRenderObjectElement.mount (package:flutter/src/widgets/framework.dart:7279)
I/flutter (30342): #35     Element.inflateWidget (package:flutter/src/widgets/framework.dart:4587)
I/flutter (30342): #36     Element.updateChild (package:flutter/src/widgets/framework.dart:4059)
I/flutter (30342): #37     ComponentElement.performRebuild (package:flutter/src/widgets/framework.dart:5841)
I/flutter (30342): #38     Element.rebuild (package:flutter/src/widgets/framework.dart:5529)
I/flutter (30342): #39     ComponentElement._firstBuild (package:flutter/src/widgets/framework.dart:5799)
I/flutter (30342): #40     ComponentElement.mount (package:flutter/src/widgets/framework.dart:5793)
I/flutter (30342): #41     Element.inflateWidget (package:flutter/src/widgets/framework.dart:4587)
I/flutter (30342): #42     Element.updateChild (package:flutter/src/widgets/framework.dart:4059)
I/flutter (30342): #43     ComponentElement.performRebuild (package:flutter/src/widgets/framework.dart:5841)
I/flutter (30342): #44     StatefulElement.performRebuild (package:flutter/src/widgets/framework.dart:5982)
I/flutter (30342): #45     Element.rebuild (package:flutter/src/widgets/framework.dart:5529)
I/flutter (30342): #46     ComponentElement._firstBuild (package:flutter/src/widgets/framework.dart:5799)
I/flutter (30342): #47     StatefulElement._firstBuild (package:flutter/src/widgets/framework.dart:5973)
I/flutter (30342): #48     ComponentElement.mount (package:flutter/src/widgets/framework.dart:5793)
I/flutter (30342): #49     Element.inflateWidget (package:flutter/src/widgets/framework.dart:4587)
I/flutter (30342): #50     Element.updateChild (package:flutter/src/widgets/framework.dart:4059)
I/flutter (30342): #51     ComponentElement.performRebuild (package:flutter/src/widgets/framework.dart:5841)
I/flutter (30342): #52     Element.rebuild (package:flutter/src/widgets/framework.dart:5529)
I/flutter (30342): #53     ComponentElement._firstBuild (package:flutter/src/widgets/framework.dart:5799)
I/flutter (30342): #54     ComponentElement.mount (package:flutter/src/widgets/framework.dart:5793)
I/flutter (30342): #55     Element.inflateWidget (package:flutter/src/widgets/framework.dart:4587)
I/flutter (30342): #56     Element.updateChild (package:flutter/src/widgets/framework.dart:4059)
I/flutter (30342): #57     ComponentElement.performRebuild (package:flutter/src/widgets/framework.dart:5841)
I/flutter (30342): #58     Element.rebuild (package:flutter/src/widgets/framework.dart:5529)
I/flutter (30342): #59     ComponentElement._firstBuild (package:flutter/src/widgets/framework.dart:5799)
I/flutter (30342): #60     ComponentElement.mount (package:flutter/src/widgets/framework.dart:5793)
I/flutter (30342): #61     Element.inflateWidget (package:flutter/src/widgets/framework.dart:4587)
I/flutter (30342): #62     Element.updateChild (package:flutter/src/widgets/framework.dart:4059)
I/flutter (30342): #63     ComponentElement.performRebuild (package:flutter/src/widgets/framework.dart:5841)
I/flutter (30342): #64     StatefulElement.performRebuild (package:flutter/src/widgets/framework.dart:5982)
I/flutter (30342): #65     Element.rebuild (package:flutter/src/widgets/framework.dart:5529)
I/flutter (30342): #66     ComponentElement._firstBuild (package:flutter/src/widgets/framework.dart:5799)
I/flutter (30342): #67     StatefulElement._firstBuild (package:flutter/src/widgets/framework.dart:5973)
I/flutter (30342): #68     ComponentElement.mount (package:flutter/src/widgets/framework.dart:5793)
I/flutter (30342): #69     Element.inflateWidget (package:flutter/src/widgets/framework.dart:4587)
I/flutter (30342): #70     Element.updateChild (package:flutter/src/widgets/framework.dart:4059)
I/flutter (30342): #71     SingleChildRenderObjectElement.mount (package:flutter/src/widgets/framework.dart:7115)
I/flutter (30342): #72     Element.inflateWidget (package:flutter/src/widgets/framework.dart:4587)
I/flutter (30342): #73     Element.updateChild (package:flutter/src/widgets/framework.dart:4059)
I/flutter (30342): #74     ComponentElement.performRebuild (package:flutter/src/widgets/framework.dart:5841)
I/flutter (30342): #75     Element.rebuild (package:flutter/src/widgets/framework.dart:5529)
I/flutter (30342): #76     ComponentElement._firstBuild (package:flutter/src/widgets/framework.dart:5799)
I/flutter (30342): #77     ComponentElement.mount (package:flutter/src/widgets/framework.dart:5793)
I/flutter (30342): #78     Element.inflateWidget (package:flutter/src/widgets/framework.dart:4587)
I/flutter (30342): #79     Element.updateChild (package:flutter/src/widgets/framework.dart:4059)
I/flutter (30342): #80     SingleChildRenderObjectElement.mount (package:flutter/src/widgets/framework.dart:7115)
I/flutter (30342): #81     Element.inflateWidget (package:flutter/src/widgets/framework.dart:4587)
I/flutter (30342): #82     Element.updateChild (package:flutter/src/widgets/framework.dart:4059)
I/flutter (30342): #83     ComponentElement.performRebuild (package:flutter/src/widgets/framework.dart:5841)
I/flutter (30342): #84     StatefulElement.performRebuild (package:flutter/src/widgets/framework.dart:5982)
I/flutter (30342): #85     Element.rebuild (package:flutter/src/widgets/framework.dart:5529)
I/flutter (30342): #86     ComponentElement._firstBuild (package:flutter/src/widgets/framework.dart:5799)
I/flutter (30342): #87     StatefulElement._firstBuild (package:flutter/src/widgets/framework.dart:5973)
I/flutter (30342): #88     ComponentElement.mount (package:flutter/src/widgets/framework.dart:5793)
I/flutter (30342): #89     Element.inflateWidget (package:flutter/src/widgets/framework.dart:4587)
I/flutter (30342): #90     Element.updateChild (package:flutter/src/widgets/framework.dart:4059)
I/flutter (30342): #91     ComponentElement.performRebuild (package:flutter/src/widgets/framework.dart:5841)
I/flutter (30342): #92     StatefulElement.performRebuild (package:flutter/src/widgets/framework.dart:5982)
I/flutter (30342): #93     Element.rebuild (package:flutter/src/widgets/framework.dart:5529)
I/flutter (30342): #94     ComponentElement._firstBuild (package:flutter/src/widgets/framework.dart:5799)
I/flutter (30342): #95     StatefulElement._firstBuild (package:flutter/src/widgets/framework.dart:5973)
I/flutter (30342): #96     ComponentElement.mount (package:flutter/src/widgets/framework.dart:5793)
I/flutter (30342): #97     Element.inflateWidget (package:flutter/src/widgets/framework.dart:4587)
I/flutter (30342): #98     Element.updateChild (package:flutter/src/widgets/framework.dart:4059)
I/flutter (30342): #99     ComponentElement.performRebuild (package:flutter/src/widgets/framework.dart:5841)
I/flutter (30342): type 'List<dynamic>' is not a subtype of type 'List<Widget>'
I/flutter (30342): #0      _GeneratedWidgetState.build (package:benchmark_container/generated_widget.dart:80)
I/flutter (30342): #1      StatefulElement.build (package:flutter/src/widgets/framework.dart:5931)
I/flutter (30342): #2      ComponentElement.performRebuild (package:flutter/src/widgets/framework.dart:5817)
I/flutter (30342): #3      StatefulElement.performRebuild (package:flutter/src/widgets/framework.dart:5982)
I/flutter (30342): #4      Element.rebuild (package:flutter/src/widgets/framework.dart:5529)
I/flutter (30342): #5      BuildScope._tryRebuild (package:flutter/src/widgets/framework.dart:2750)
I/flutter (30342): #6      BuildScope._flushDirtyElements (package:flutter/src/widgets/framework.dart:2807)
I/flutter (30342): #7      BuildOwner.buildScope (package:flutter/src/widgets/framework.dart:3111)
I/flutter (30342): #8      WidgetsBinding.drawFrame (package:flutter/src/widgets/binding.dart:1571)
I/flutter (30342): #9      RendererBinding._handlePersistentFrameCallback (package:flutter/src/rendering/binding.dart:509)
I/flutter (30342): #10     SchedulerBinding._invokeFrameCallback (package:flutter/src/scheduler/binding.dart:1430)
I/flutter (30342): #11     SchedulerBinding.handleDrawFrame (package:flutter/src/scheduler/binding.dart:1345)
I/flutter (30342): #12     LiveTestWidgetsFlutterBinding.handleDrawFrame (package:flutter_test/src/binding.dart:2811)
I/flutter (30342): #13     SchedulerBinding._handleDrawFrame (package:flutter/src/scheduler/binding.dart:1198)
I/flutter (30342): #17     _invoke (dart:ui/hooks.dart:425)
I/flutter (30342): #18     PlatformDispatcher._drawFrame (dart:ui/platform_dispatcher.dart:447)
I/flutter (30342): #19     _drawFrame (dart:ui/hooks.dart:395)
I/flutter (30342): (elided 3 frames from dart:async)
I/flutter (30342): [SPM:perf] 698a51a  buildSpan: 14781µs
I/flutter (30342): [spm] Performance monitoring completed for 698a51a
[spm]: ProfilerData event received.
I/flutter (30342): type 'List<dynamic>' is not a subtype of type 'List<Widget>'
I/flutter (30342): #0      _GeneratedWidgetState.build (package:benchmark_container/generated_widget.dart:80)
I/flutter (30342): #1      StatefulElement.build (package:flutter/src/widgets/framework.dart:5931)
I/flutter (30342): #2      ComponentElement.performRebuild (package:flutter/src/widgets/framework.dart:5817)
I/flutter (30342): #3      StatefulElement.performRebuild (package:flutter/src/widgets/framework.dart:5982)
I/flutter (30342): #4      Element.rebuild (package:flutter/src/widgets/framework.dart:5529)
I/flutter (30342): #5      BuildScope._tryRebuild (package:flutter/src/widgets/framework.dart:2750)
I/flutter (30342): #6      BuildScope._flushDirtyElements (package:flutter/src/widgets/framework.dart:2807)
I/flutter (30342): #7      BuildOwner.buildScope (package:flutter/src/widgets/framework.dart:3111)
I/flutter (30342): #8      WidgetsBinding.drawFrame (package:flutter/src/widgets/binding.dart:1571)
I/flutter (30342): #9      RendererBinding._handlePersistentFrameCallback (package:flutter/src/rendering/binding.dart:509)
I/flutter (30342): #10     SchedulerBinding._invokeFrameCallback (package:flutter/src/scheduler/binding.dart:1430)
I/flutter (30342): #11     SchedulerBinding.handleDrawFrame (package:flutter/src/scheduler/binding.dart:1345)
I/flutter (30342): #12     LiveTestWidgetsFlutterBinding.handleDrawFrame (package:flutter_test/src/binding.dart:2811)
I/flutter (30342): #13     SchedulerBinding._handleDrawFrame (package:flutter/src/scheduler/binding.dart:1198)
I/flutter (30342): #17     _invoke (dart:ui/hooks.dart:425)
I/flutter (30342): #18     PlatformDispatcher._drawFrame (dart:ui/platform_dispatcher.dart:447)
I/flutter (30342): #19     _drawFrame (dart:ui/hooks.dart:395)
I/flutter (30342): (elided 3 frames from dart:async)
I/flutter (30342): [SPM:perf] 698a51a  buildSpan: 2533µs
I/flutter (30342): [spm] Performance monitoring completed for 698a51a
[spm]: ProfilerData event received.
I/flutter (30342): type 'List<dynamic>' is not a subtype of type 'List<Widget>'
I/flutter (30342): #0      _GeneratedWidgetState.build (package:benchmark_container/generated_widget.dart:80)
I/flutter (30342): #1      StatefulElement.build (package:flutter/src/widgets/framework.dart:5931)
I/flutter (30342): #2      ComponentElement.performRebuild (package:flutter/src/widgets/framework.dart:5817)
I/flutter (30342): #3      StatefulElement.performRebuild (package:flutter/src/widgets/framework.dart:5982)
I/flutter (30342): #4      Element.rebuild (package:flutter/src/widgets/framework.dart:5529)
I/flutter (30342): #5      BuildScope._tryRebuild (package:flutter/src/widgets/framework.dart:2750)
I/flutter (30342): #6      BuildScope._flushDirtyElements (package:flutter/src/widgets/framework.dart:2807)
I/flutter (30342): #7      BuildOwner.buildScope (package:flutter/src/widgets/framework.dart:3111)
I/flutter (30342): #8      WidgetsBinding.drawFrame (package:flutter/src/widgets/binding.dart:1571)
I/flutter (30342): #9      RendererBinding._handlePersistentFrameCallback (package:flutter/src/rendering/binding.dart:509)
I/flutter (30342): #10     SchedulerBinding._invokeFrameCallback (package:flutter/src/scheduler/binding.dart:1430)
I/flutter (30342): #11     SchedulerBinding.handleDrawFrame (package:flutter/src/scheduler/binding.dart:1345)
I/flutter (30342): #12     LiveTestWidgetsFlutterBinding.handleDrawFrame (package:flutter_test/src/binding.dart:2811)
I/flutter (30342): #13     SchedulerBinding._handleDrawFrame (package:flutter/src/scheduler/binding.dart:1198)
I/flutter (30342): #17     _invoke (dart:ui/hooks.dart:425)
I/flutter (30342): #18     PlatformDispatcher._drawFrame (dart:ui/platform_dispatcher.dart:447)
I/flutter (30342): #19     _drawFrame (dart:ui/hooks.dart:395)
I/flutter (30342): (elided 3 frames from dart:async)
I/flutter (30342): [SPM:perf] 698a51a  buildSpan: 2405µs
I/flutter (30342): [spm] Performance monitoring completed for 698a51a
[spm]: ProfilerData event received.
I/flutter (30342): type 'List<dynamic>' is not a subtype of type 'List<Widget>'
I/flutter (30342): #0      _GeneratedWidgetState.build (package:benchmark_container/generated_widget.dart:80)
I/flutter (30342): #1      StatefulElement.build (package:flutter/src/widgets/framework.dart:5931)
I/flutter (30342): #2      ComponentElement.performRebuild (package:flutter/src/widgets/framework.dart:5817)
I/flutter (30342): #3      StatefulElement.performRebuild (package:flutter/src/widgets/framework.dart:5982)
I/flutter (30342): #4      Element.rebuild (package:flutter/src/widgets/framework.dart:5529)
I/flutter (30342): #5      BuildScope._tryRebuild (package:flutter/src/widgets/framework.dart:2750)
I/flutter (30342): #6      BuildScope._flushDirtyElements (package:flutter/src/widgets/framework.dart:2807)
I/flutter (30342): #7      BuildOwner.buildScope (package:flutter/src/widgets/framework.dart:3111)
I/flutter (30342): #8      WidgetsBinding.drawFrame (package:flutter/src/widgets/binding.dart:1571)
I/flutter (30342): #9      RendererBinding._handlePersistentFrameCallback (package:flutter/src/rendering/binding.dart:509)
I/flutter (30342): #10     SchedulerBinding._invokeFrameCallback (package:flutter/src/scheduler/binding.dart:1430)
I/flutter (30342): #11     SchedulerBinding.handleDrawFrame (package:flutter/src/scheduler/binding.dart:1345)
I/flutter (30342): #12     LiveTestWidgetsFlutterBinding.handleDrawFrame (package:flutter_test/src/binding.dart:2811)
I/flutter (30342): #13     SchedulerBinding._handleDrawFrame (package:flutter/src/scheduler/binding.dart:1198)
I/flutter (30342): #17     _invoke (dart:ui/hooks.dart:425)
I/flutter (30342): #18     PlatformDispatcher._drawFrame (dart:ui/platform_dispatcher.dart:447)
I/flutter (30342): #19     _drawFrame (dart:ui/hooks.dart:395)
I/flutter (30342): (elided 3 frames from dart:async)
[spm]: ProfilerData event received.
I/flutter (30342): [SPM:perf] 698a51a  buildSpan: 2333µs
I/flutter (30342): [spm] Performance monitoring completed for 698a51a
I/flutter (30342): type 'List<dynamic>' is not a subtype of type 'List<Widget>'
I/flutter (30342): #0      _GeneratedWidgetState.build (package:benchmark_container/generated_widget.dart:80)
I/flutter (30342): #1      StatefulElement.build (package:flutter/src/widgets/framework.dart:5931)
I/flutter (30342): #2      ComponentElement.performRebuild (package:flutter/src/widgets/framework.dart:5817)
I/flutter (30342): #3      StatefulElement.performRebuild (package:flutter/src/widgets/framework.dart:5982)
I/flutter (30342): #4      Element.rebuild (package:flutter/src/widgets/framework.dart:5529)
I/flutter (30342): #5      BuildScope._tryRebuild (package:flutter/src/widgets/framework.dart:2750)
I/flutter (30342): #6      BuildScope._flushDirtyElements (package:flutter/src/widgets/framework.dart:2807)
I/flutter (30342): #7      BuildOwner.buildScope (package:flutter/src/widgets/framework.dart:3111)
I/flutter (30342): #8      WidgetsBinding.drawFrame (package:flutter/src/widgets/binding.dart:1571)
I/flutter (30342): #9      RendererBinding._handlePersistentFrameCallback (package:flutter/src/rendering/binding.dart:509)
I/flutter (30342): #10     SchedulerBinding._invokeFrameCallback (package:flutter/src/scheduler/binding.dart:1430)
I/flutter (30342): #11     SchedulerBinding.handleDrawFrame (package:flutter/src/scheduler/binding.dart:1345)
I/flutter (30342): #12     LiveTestWidgetsFlutterBinding.handleDrawFrame (package:flutter_test/src/binding.dart:2811)
I/flutter (30342): #13     SchedulerBinding._handleDrawFrame (package:flutter/src/scheduler/binding.dart:1198)
I/flutter (30342): #17     _invoke (dart:ui/hooks.dart:425)
I/flutter (30342): #18     PlatformDispatcher._drawFrame (dart:ui/platform_dispatcher.dart:447)
I/flutter (30342): #19     _drawFrame (dart:ui/hooks.dart:395)
I/flutter (30342): (elided 3 frames from dart:async)
[spm]: ProfilerData event received.
I/flutter (30342): [SPM:perf] 698a51a  buildSpan: 2319µs
I/flutter (30342): [spm] Performance monitoring completed for 698a51a
I/flutter (30342): type 'List<dynamic>' is not a subtype of type 'List<Widget>'
I/flutter (30342): #0      _GeneratedWidgetState.build (package:benchmark_container/generated_widget.dart:80)
I/flutter (30342): #1      StatefulElement.build (package:flutter/src/widgets/framework.dart:5931)
I/flutter (30342): #2      ComponentElement.performRebuild (package:flutter/src/widgets/framework.dart:5817)
I/flutter (30342): #3      StatefulElement.performRebuild (package:flutter/src/widgets/framework.dart:5982)
I/flutter (30342): #4      Element.rebuild (package:flutter/src/widgets/framework.dart:5529)
I/flutter (30342): #5      BuildScope._tryRebuild (package:flutter/src/widgets/framework.dart:2750)
I/flutter (30342): #6      BuildScope._flushDirtyElements (package:flutter/src/widgets/framework.dart:2807)
I/flutter (30342): #7      BuildOwner.buildScope (package:flutter/src/widgets/framework.dart:3111)
I/flutter (30342): #8      WidgetsBinding.drawFrame (package:flutter/src/widgets/binding.dart:1571)
I/flutter (30342): #9      RendererBinding._handlePersistentFrameCallback (package:flutter/src/rendering/binding.dart:509)
I/flutter (30342): #10     SchedulerBinding._invokeFrameCallback (package:flutter/src/scheduler/binding.dart:1430)
I/flutter (30342): #11     SchedulerBinding.handleDrawFrame (package:flutter/src/scheduler/binding.dart:1345)
I/flutter (30342): #12     LiveTestWidgetsFlutterBinding.handleDrawFrame (package:flutter_test/src/binding.dart:2811)
I/flutter (30342): #13     SchedulerBinding._handleDrawFrame (package:flutter/src/scheduler/binding.dart:1198)
I/flutter (30342): #17     _invoke (dart:ui/hooks.dart:425)
I/flutter (30342): #18     PlatformDispatcher._drawFrame (dart:ui/platform_dispatcher.dart:447)
I/flutter (30342): #19     _drawFrame (dart:ui/hooks.dart:395)
I/flutter (30342): (elided 3 frames from dart:async)
[spm]: ProfilerData event received.
I/flutter (30342): [SPM:perf] 698a51a  buildSpan: 2707µs
I/flutter (30342): [spm] Performance monitoring completed for 698a51a
I/flutter (30342): type 'List<dynamic>' is not a subtype of type 'List<Widget>'
I/flutter (30342): #0      _GeneratedWidgetState.build (package:benchmark_container/generated_widget.dart:80)
I/flutter (30342): #1      StatefulElement.build (package:flutter/src/widgets/framework.dart:5931)
I/flutter (30342): #2      ComponentElement.performRebuild (package:flutter/src/widgets/framework.dart:5817)
I/flutter (30342): #3      StatefulElement.performRebuild (package:flutter/src/widgets/framework.dart:5982)
I/flutter (30342): #4      Element.rebuild (package:flutter/src/widgets/framework.dart:5529)
I/flutter (30342): #5      BuildScope._tryRebuild (package:flutter/src/widgets/framework.dart:2750)
I/flutter (30342): #6      BuildScope._flushDirtyElements (package:flutter/src/widgets/framework.dart:2807)
I/flutter (30342): #7      BuildOwner.buildScope (package:flutter/src/widgets/framework.dart:3111)
I/flutter (30342): #8      WidgetsBinding.drawFrame (package:flutter/src/widgets/binding.dart:1571)
I/flutter (30342): #9      RendererBinding._handlePersistentFrameCallback (package:flutter/src/rendering/binding.dart:509)
I/flutter (30342): #10     SchedulerBinding._invokeFrameCallback (package:flutter/src/scheduler/binding.dart:1430)
I/flutter (30342): #11     SchedulerBinding.handleDrawFrame (package:flutter/src/scheduler/binding.dart:1345)
I/flutter (30342): #12     LiveTestWidgetsFlutterBinding.handleDrawFrame (package:flutter_test/src/binding.dart:2811)
I/flutter (30342): #13     SchedulerBinding._handleDrawFrame (package:flutter/src/scheduler/binding.dart:1198)
I/flutter (30342): #17     _invoke (dart:ui/hooks.dart:425)
I/flutter (30342): #18     PlatformDispatcher._drawFrame (dart:ui/platform_dispatcher.dart:447)
I/flutter (30342): #19     _drawFrame (dart:ui/hooks.dart:395)
I/flutter (30342): (elided 3 frames from dart:async)
[spm]: ProfilerData event received.
I/flutter (30342): [SPM:perf] 698a51a  buildSpan: 2567µs
I/flutter (30342): [spm] Performance monitoring completed for 698a51a
I/flutter (30342): type 'List<dynamic>' is not a subtype of type 'List<Widget>'
I/flutter (30342): #0      _GeneratedWidgetState.build (package:benchmark_container/generated_widget.dart:80)
I/flutter (30342): #1      StatefulElement.build (package:flutter/src/widgets/framework.dart:5931)
I/flutter (30342): #2      ComponentElement.performRebuild (package:flutter/src/widgets/framework.dart:5817)
I/flutter (30342): #3      StatefulElement.performRebuild (package:flutter/src/widgets/framework.dart:5982)
I/flutter (30342): #4      Element.rebuild (package:flutter/src/widgets/framework.dart:5529)
I/flutter (30342): #5      BuildScope._tryRebuild (package:flutter/src/widgets/framework.dart:2750)
I/flutter (30342): #6      BuildScope._flushDirtyElements (package:flutter/src/widgets/framework.dart:2807)
I/flutter (30342): #7      BuildOwner.buildScope (package:flutter/src/widgets/framework.dart:3111)
I/flutter (30342): #8      WidgetsBinding.drawFrame (package:flutter/src/widgets/binding.dart:1571)
I/flutter (30342): #9      RendererBinding._handlePersistentFrameCallback (package:flutter/src/rendering/binding.dart:509)
I/flutter (30342): #10     SchedulerBinding._invokeFrameCallback (package:flutter/src/scheduler/binding.dart:1430)
I/flutter (30342): #11     SchedulerBinding.handleDrawFrame (package:flutter/src/scheduler/binding.dart:1345)
I/flutter (30342): #12     LiveTestWidgetsFlutterBinding.handleDrawFrame (package:flutter_test/src/binding.dart:2811)
I/flutter (30342): #13     SchedulerBinding._handleDrawFrame (package:flutter/src/scheduler/binding.dart:1198)
I/flutter (30342): #17     _invoke (dart:ui/hooks.dart:425)
I/flutter (30342): #18     PlatformDispatcher._drawFrame (dart:ui/platform_dispatcher.dart:447)
I/flutter (30342): #19     _drawFrame (dart:ui/hooks.dart:395)
I/flutter (30342): (elided 3 frames from dart:async)
I/flutter (30342): [SPM:perf] 698a51a  buildSpan: 2475µs
I/flutter (30342): [spm] Performance monitoring completed for 698a51a
[spm]: ProfilerData event received.
I/flutter (30342): type 'List<dynamic>' is not a subtype of type 'List<Widget>'
I/flutter (30342): #0      _GeneratedWidgetState.build (package:benchmark_container/generated_widget.dart:80)
I/flutter (30342): #1      StatefulElement.build (package:flutter/src/widgets/framework.dart:5931)
I/flutter (30342): #2      ComponentElement.performRebuild (package:flutter/src/widgets/framework.dart:5817)
I/flutter (30342): #3      StatefulElement.performRebuild (package:flutter/src/widgets/framework.dart:5982)
I/flutter (30342): #4      Element.rebuild (package:flutter/src/widgets/framework.dart:5529)
I/flutter (30342): #5      BuildScope._tryRebuild (package:flutter/src/widgets/framework.dart:2750)
I/flutter (30342): #6      BuildScope._flushDirtyElements (package:flutter/src/widgets/framework.dart:2807)
I/flutter (30342): #7      BuildOwner.buildScope (package:flutter/src/widgets/framework.dart:3111)
I/flutter (30342): #8      WidgetsBinding.drawFrame (package:flutter/src/widgets/binding.dart:1571)
I/flutter (30342): #9      RendererBinding._handlePersistentFrameCallback (package:flutter/src/rendering/binding.dart:509)
I/flutter (30342): #10     SchedulerBinding._invokeFrameCallback (package:flutter/src/scheduler/binding.dart:1430)
I/flutter (30342): #11     SchedulerBinding.handleDrawFrame (package:flutter/src/scheduler/binding.dart:1345)
I/flutter (30342): #12     LiveTestWidgetsFlutterBinding.handleDrawFrame (package:flutter_test/src/binding.dart:2811)
I/flutter (30342): #13     SchedulerBinding._handleDrawFrame (package:flutter/src/scheduler/binding.dart:1198)
I/flutter (30342): #17     _invoke (dart:ui/hooks.dart:425)
I/flutter (30342): #18     PlatformDispatcher._drawFrame (dart:ui/platform_dispatcher.dart:447)
I/flutter (30342): #19     _drawFrame (dart:ui/hooks.dart:395)
I/flutter (30342): (elided 3 frames from dart:async)
I/flutter (30342): [SPM:perf] 698a51a  buildSpan: 2502µs
I/flutter (30342): [spm] Performance monitoring completed for 698a51a
[spm]: ProfilerData event received.
I/flutter (30342): type 'List<dynamic>' is not a subtype of type 'List<Widget>'
I/flutter (30342): #0      _GeneratedWidgetState.build (package:benchmark_container/generated_widget.dart:80)
I/flutter (30342): #1      StatefulElement.build (package:flutter/src/widgets/framework.dart:5931)
I/flutter (30342): #2      ComponentElement.performRebuild (package:flutter/src/widgets/framework.dart:5817)
I/flutter (30342): #3      StatefulElement.performRebuild (package:flutter/src/widgets/framework.dart:5982)
I/flutter (30342): #4      Element.rebuild (package:flutter/src/widgets/framework.dart:5529)
I/flutter (30342): #5      BuildScope._tryRebuild (package:flutter/src/widgets/framework.dart:2750)
I/flutter (30342): #6      BuildScope._flushDirtyElements (package:flutter/src/widgets/framework.dart:2807)
I/flutter (30342): #7      BuildOwner.buildScope (package:flutter/src/widgets/framework.dart:3111)
I/flutter (30342): #8      WidgetsBinding.drawFrame (package:flutter/src/widgets/binding.dart:1571)
I/flutter (30342): #9      RendererBinding._handlePersistentFrameCallback (package:flutter/src/rendering/binding.dart:509)
I/flutter (30342): #10     SchedulerBinding._invokeFrameCallback (package:flutter/src/scheduler/binding.dart:1430)
I/flutter (30342): #11     SchedulerBinding.handleDrawFrame (package:flutter/src/scheduler/binding.dart:1345)
I/flutter (30342): #12     LiveTestWidgetsFlutterBinding.handleDrawFrame (package:flutter_test/src/binding.dart:2811)
I/flutter (30342): #13     SchedulerBinding._handleDrawFrame (package:flutter/src/scheduler/binding.dart:1198)
I/flutter (30342): #17     _invoke (dart:ui/hooks.dart:425)
I/flutter (30342): #18     PlatformDispatcher._drawFrame (dart:ui/platform_dispatcher.dart:447)
I/flutter (30342): #19     _drawFrame (dart:ui/hooks.dart:395)
I/flutter (30342): (elided 3 frames from dart:async)
I/flutter (30342): [SPM:perf] 698a51a  buildSpan: 2330µs
I/flutter (30342): [spm] Performance monitoring completed for 698a51a
[spm]: ProfilerData event received.
I/flutter (30342): type 'List<dynamic>' is not a subtype of type 'List<Widget>'
I/flutter (30342): #0      _GeneratedWidgetState.build (package:benchmark_container/generated_widget.dart:80)
I/flutter (30342): #1      StatefulElement.build (package:flutter/src/widgets/framework.dart:5931)
I/flutter (30342): #2      ComponentElement.performRebuild (package:flutter/src/widgets/framework.dart:5817)
I/flutter (30342): #3      StatefulElement.performRebuild (package:flutter/src/widgets/framework.dart:5982)
I/flutter (30342): #4      Element.rebuild (package:flutter/src/widgets/framework.dart:5529)
I/flutter (30342): #5      BuildScope._tryRebuild (package:flutter/src/widgets/framework.dart:2750)
I/flutter (30342): #6      BuildScope._flushDirtyElements (package:flutter/src/widgets/framework.dart:2807)
I/flutter (30342): #7      BuildOwner.buildScope (package:flutter/src/widgets/framework.dart:3111)
I/flutter (30342): #8      WidgetsBinding.drawFrame (package:flutter/src/widgets/binding.dart:1571)
I/flutter (30342): #9      RendererBinding._handlePersistentFrameCallback (package:flutter/src/rendering/binding.dart:509)
I/flutter (30342): #10     SchedulerBinding._invokeFrameCallback (package:flutter/src/scheduler/binding.dart:1430)
I/flutter (30342): #11     SchedulerBinding.handleDrawFrame (package:flutter/src/scheduler/binding.dart:1345)
I/flutter (30342): #12     LiveTestWidgetsFlutterBinding.handleDrawFrame (package:flutter_test/src/binding.dart:2811)
I/flutter (30342): #13     SchedulerBinding._handleDrawFrame (package:flutter/src/scheduler/binding.dart:1198)
I/flutter (30342): #17     _invoke (dart:ui/hooks.dart:425)
I/flutter (30342): #18     PlatformDispatcher._drawFrame (dart:ui/platform_dispatcher.dart:447)
I/flutter (30342): #19     _drawFrame (dart:ui/hooks.dart:395)
I/flutter (30342): (elided 3 frames from dart:async)
[spm]: ProfilerData event received.
I/flutter (30342): [SPM:perf] 698a51a  buildSpan: 2518µs
I/flutter (30342): [spm] Performance monitoring completed for 698a51a
I/flutter (30342): type 'List<dynamic>' is not a subtype of type 'List<Widget>'
I/flutter (30342): #0      _GeneratedWidgetState.build (package:benchmark_container/generated_widget.dart:80)
I/flutter (30342): #1      StatefulElement.build (package:flutter/src/widgets/framework.dart:5931)
I/flutter (30342): #2      ComponentElement.performRebuild (package:flutter/src/widgets/framework.dart:5817)
I/flutter (30342): #3      StatefulElement.performRebuild (package:flutter/src/widgets/framework.dart:5982)
I/flutter (30342): #4      Element.rebuild (package:flutter/src/widgets/framework.dart:5529)
I/flutter (30342): #5      BuildScope._tryRebuild (package:flutter/src/widgets/framework.dart:2750)
I/flutter (30342): #6      BuildScope._flushDirtyElements (package:flutter/src/widgets/framework.dart:2807)
I/flutter (30342): #7      BuildOwner.buildScope (package:flutter/src/widgets/framework.dart:3111)
I/flutter (30342): #8      WidgetsBinding.drawFrame (package:flutter/src/widgets/binding.dart:1571)
I/flutter (30342): #9      RendererBinding._handlePersistentFrameCallback (package:flutter/src/rendering/binding.dart:509)
I/flutter (30342): #10     SchedulerBinding._invokeFrameCallback (package:flutter/src/scheduler/binding.dart:1430)
I/flutter (30342): #11     SchedulerBinding.handleDrawFrame (package:flutter/src/scheduler/binding.dart:1345)
I/flutter (30342): #12     LiveTestWidgetsFlutterBinding.handleDrawFrame (package:flutter_test/src/binding.dart:2811)
I/flutter (30342): #13     SchedulerBinding._handleDrawFrame (package:flutter/src/scheduler/binding.dart:1198)
I/flutter (30342): #17     _invoke (dart:ui/hooks.dart:425)
I/flutter (30342): #18     PlatformDispatcher._drawFrame (dart:ui/platform_dispatcher.dart:447)
I/flutter (30342): #19     _drawFrame (dart:ui/hooks.dart:395)
I/flutter (30342): (elided 3 frames from dart:async)
[spm]: ProfilerData event received.
I/flutter (30342): [SPM:perf] 698a51a  buildSpan: 2413µs
I/flutter (30342): [spm] Performance monitoring completed for 698a51a
I/flutter (30342): type 'List<dynamic>' is not a subtype of type 'List<Widget>'
I/flutter (30342): #0      _GeneratedWidgetState.build (package:benchmark_container/generated_widget.dart:80)
I/flutter (30342): #1      StatefulElement.build (package:flutter/src/widgets/framework.dart:5931)
I/flutter (30342): #2      ComponentElement.performRebuild (package:flutter/src/widgets/framework.dart:5817)
I/flutter (30342): #3      StatefulElement.performRebuild (package:flutter/src/widgets/framework.dart:5982)
I/flutter (30342): #4      Element.rebuild (package:flutter/src/widgets/framework.dart:5529)
I/flutter (30342): #5      BuildScope._tryRebuild (package:flutter/src/widgets/framework.dart:2750)
I/flutter (30342): #6      BuildScope._flushDirtyElements (package:flutter/src/widgets/framework.dart:2807)
I/flutter (30342): #7      BuildOwner.buildScope (package:flutter/src/widgets/framework.dart:3111)
I/flutter (30342): #8      WidgetsBinding.drawFrame (package:flutter/src/widgets/binding.dart:1571)
I/flutter (30342): #9      RendererBinding._handlePersistentFrameCallback (package:flutter/src/rendering/binding.dart:509)
I/flutter (30342): #10     SchedulerBinding._invokeFrameCallback (package:flutter/src/scheduler/binding.dart:1430)
I/flutter (30342): #11     SchedulerBinding.handleDrawFrame (package:flutter/src/scheduler/binding.dart:1345)
I/flutter (30342): #12     LiveTestWidgetsFlutterBinding.handleDrawFrame (package:flutter_test/src/binding.dart:2811)
I/flutter (30342): #13     SchedulerBinding._handleDrawFrame (package:flutter/src/scheduler/binding.dart:1198)
I/flutter (30342): #17     _invoke (dart:ui/hooks.dart:425)
I/flutter (30342): #18     PlatformDispatcher._drawFrame (dart:ui/platform_dispatcher.dart:447)
I/flutter (30342): #19     _drawFrame (dart:ui/hooks.dart:395)
I/flutter (30342): (elided 3 frames from dart:async)
[spm]: ProfilerData event received.
I/flutter (30342): [SPM:perf] 698a51a  buildSpan: 3049µs
I/flutter (30342): [spm] Performance monitoring completed for 698a51a
I/flutter (30342): type 'List<dynamic>' is not a subtype of type 'List<Widget>'
I/flutter (30342): #0      _GeneratedWidgetState.build (package:benchmark_container/generated_widget.dart:80)
I/flutter (30342): #1      StatefulElement.build (package:flutter/src/widgets/framework.dart:5931)
I/flutter (30342): #2      ComponentElement.performRebuild (package:flutter/src/widgets/framework.dart:5817)
I/flutter (30342): #3      StatefulElement.performRebuild (package:flutter/src/widgets/framework.dart:5982)
I/flutter (30342): #4      Element.rebuild (package:flutter/src/widgets/framework.dart:5529)
I/flutter (30342): #5      BuildScope._tryRebuild (package:flutter/src/widgets/framework.dart:2750)
I/flutter (30342): #6      BuildScope._flushDirtyElements (package:flutter/src/widgets/framework.dart:2807)
I/flutter (30342): #7      BuildOwner.buildScope (package:flutter/src/widgets/framework.dart:3111)
I/flutter (30342): #8      WidgetsBinding.drawFrame (package:flutter/src/widgets/binding.dart:1571)
I/flutter (30342): #9      RendererBinding._handlePersistentFrameCallback (package:flutter/src/rendering/binding.dart:509)
I/flutter (30342): #10     SchedulerBinding._invokeFrameCallback (package:flutter/src/scheduler/binding.dart:1430)
I/flutter (30342): #11     SchedulerBinding.handleDrawFrame (package:flutter/src/scheduler/binding.dart:1345)
I/flutter (30342): #12     LiveTestWidgetsFlutterBinding.handleDrawFrame (package:flutter_test/src/binding.dart:2811)
I/flutter (30342): #13     SchedulerBinding._handleDrawFrame (package:flutter/src/scheduler/binding.dart:1198)
I/flutter (30342): #17     _invoke (dart:ui/hooks.dart:425)
I/flutter (30342): #18     PlatformDispatcher._drawFrame (dart:ui/platform_dispatcher.dart:447)
I/flutter (30342): #19     _drawFrame (dart:ui/hooks.dart:395)
I/flutter (30342): (elided 3 frames from dart:async)
I/flutter (30342): [SPM:perf] 698a51a  buildSpan: 2444µs
I/flutter (30342): [spm] Performance monitoring completed for 698a51a
[spm]: ProfilerData event received.
I/flutter (30342): type 'List<dynamic>' is not a subtype of type 'List<Widget>'
I/flutter (30342): #0      _GeneratedWidgetState.build (package:benchmark_container/generated_widget.dart:80)
I/flutter (30342): #1      StatefulElement.build (package:flutter/src/widgets/framework.dart:5931)
I/flutter (30342): #2      ComponentElement.performRebuild (package:flutter/src/widgets/framework.dart:5817)
I/flutter (30342): #3      StatefulElement.performRebuild (package:flutter/src/widgets/framework.dart:5982)
I/flutter (30342): #4      Element.rebuild (package:flutter/src/widgets/framework.dart:5529)
I/flutter (30342): #5      BuildScope._tryRebuild (package:flutter/src/widgets/framework.dart:2750)
I/flutter (30342): #6      BuildScope._flushDirtyElements (package:flutter/src/widgets/framework.dart:2807)
I/flutter (30342): #7      BuildOwner.buildScope (package:flutter/src/widgets/framework.dart:3111)
I/flutter (30342): #8      WidgetsBinding.drawFrame (package:flutter/src/widgets/binding.dart:1571)
I/flutter (30342): #9      RendererBinding._handlePersistentFrameCallback (package:flutter/src/rendering/binding.dart:509)
I/flutter (30342): #10     SchedulerBinding._invokeFrameCallback (package:flutter/src/scheduler/binding.dart:1430)
I/flutter (30342): #11     SchedulerBinding.handleDrawFrame (package:flutter/src/scheduler/binding.dart:1345)
I/flutter (30342): #12     LiveTestWidgetsFlutterBinding.handleDrawFrame (package:flutter_test/src/binding.dart:2811)
I/flutter (30342): #13     SchedulerBinding._handleDrawFrame (package:flutter/src/scheduler/binding.dart:1198)
I/flutter (30342): #17     _invoke (dart:ui/hooks.dart:425)
I/flutter (30342): #18     PlatformDispatcher._drawFrame (dart:ui/platform_dispatcher.dart:447)
I/flutter (30342): #19     _drawFrame (dart:ui/hooks.dart:395)
I/flutter (30342): (elided 3 frames from dart:async)
[spm]: ProfilerData event received.
I/flutter (30342): [SPM:perf] 698a51a  buildSpan: 2524µs
I/flutter (30342): [spm] Performance monitoring completed for 698a51a
I/flutter (30342): type 'List<dynamic>' is not a subtype of type 'List<Widget>'
I/flutter (30342): #0      _GeneratedWidgetState.build (package:benchmark_container/generated_widget.dart:80)
I/flutter (30342): #1      StatefulElement.build (package:flutter/src/widgets/framework.dart:5931)
I/flutter (30342): #2      ComponentElement.performRebuild (package:flutter/src/widgets/framework.dart:5817)
I/flutter (30342): #3      StatefulElement.performRebuild (package:flutter/src/widgets/framework.dart:5982)
I/flutter (30342): #4      Element.rebuild (package:flutter/src/widgets/framework.dart:5529)
I/flutter (30342): #5      BuildScope._tryRebuild (package:flutter/src/widgets/framework.dart:2750)
I/flutter (30342): #6      BuildScope._flushDirtyElements (package:flutter/src/widgets/framework.dart:2807)
I/flutter (30342): #7      BuildOwner.buildScope (package:flutter/src/widgets/framework.dart:3111)
I/flutter (30342): #8      WidgetsBinding.drawFrame (package:flutter/src/widgets/binding.dart:1571)
I/flutter (30342): #9      RendererBinding._handlePersistentFrameCallback (package:flutter/src/rendering/binding.dart:509)
I/flutter (30342): #10     SchedulerBinding._invokeFrameCallback (package:flutter/src/scheduler/binding.dart:1430)
I/flutter (30342): #11     SchedulerBinding.handleDrawFrame (package:flutter/src/scheduler/binding.dart:1345)
I/flutter (30342): #12     LiveTestWidgetsFlutterBinding.handleDrawFrame (package:flutter_test/src/binding.dart:2811)
I/flutter (30342): #13     SchedulerBinding._handleDrawFrame (package:flutter/src/scheduler/binding.dart:1198)
I/flutter (30342): #17     _invoke (dart:ui/hooks.dart:425)
I/flutter (30342): #18     PlatformDispatcher._drawFrame (dart:ui/platform_dispatcher.dart:447)
I/flutter (30342): #19     _drawFrame (dart:ui/hooks.dart:395)
I/flutter (30342): (elided 3 frames from dart:async)
I/flutter (30342): [SPM:perf] 698a51a  buildSpan: 2436µs
I/flutter (30342): [spm] Performance monitoring completed for 698a51a
[spm]: ProfilerData event received.
I/flutter (30342): type 'List<dynamic>' is not a subtype of type 'List<Widget>'
I/flutter (30342): #0      _GeneratedWidgetState.build (package:benchmark_container/generated_widget.dart:80)
I/flutter (30342): #1      StatefulElement.build (package:flutter/src/widgets/framework.dart:5931)
I/flutter (30342): #2      ComponentElement.performRebuild (package:flutter/src/widgets/framework.dart:5817)
I/flutter (30342): #3      StatefulElement.performRebuild (package:flutter/src/widgets/framework.dart:5982)
I/flutter (30342): #4      Element.rebuild (package:flutter/src/widgets/framework.dart:5529)
I/flutter (30342): #5      BuildScope._tryRebuild (package:flutter/src/widgets/framework.dart:2750)
I/flutter (30342): #6      BuildScope._flushDirtyElements (package:flutter/src/widgets/framework.dart:2807)
I/flutter (30342): #7      BuildOwner.buildScope (package:flutter/src/widgets/framework.dart:3111)
I/flutter (30342): #8      WidgetsBinding.drawFrame (package:flutter/src/widgets/binding.dart:1571)
I/flutter (30342): #9      RendererBinding._handlePersistentFrameCallback (package:flutter/src/rendering/binding.dart:509)
I/flutter (30342): #10     SchedulerBinding._invokeFrameCallback (package:flutter/src/scheduler/binding.dart:1430)
I/flutter (30342): #11     SchedulerBinding.handleDrawFrame (package:flutter/src/scheduler/binding.dart:1345)
I/flutter (30342): #12     LiveTestWidgetsFlutterBinding.handleDrawFrame (package:flutter_test/src/binding.dart:2811)
I/flutter (30342): #13     SchedulerBinding._handleDrawFrame (package:flutter/src/scheduler/binding.dart:1198)
I/flutter (30342): #17     _invoke (dart:ui/hooks.dart:425)
I/flutter (30342): #18     PlatformDispatcher._drawFrame (dart:ui/platform_dispatcher.dart:447)
I/flutter (30342): #19     _drawFrame (dart:ui/hooks.dart:395)
I/flutter (30342): (elided 3 frames from dart:async)
I/flutter (30342): [SPM:perf] 698a51a  buildSpan: 2340µs
I/flutter (30342): [spm] Performance monitoring completed for 698a51a
[spm]: ProfilerData event received.
I/flutter (30342): type 'List<dynamic>' is not a subtype of type 'List<Widget>'
I/flutter (30342): #0      _GeneratedWidgetState.build (package:benchmark_container/generated_widget.dart:80)
I/flutter (30342): #1      StatefulElement.build (package:flutter/src/widgets/framework.dart:5931)
I/flutter (30342): #2      ComponentElement.performRebuild (package:flutter/src/widgets/framework.dart:5817)
I/flutter (30342): #3      StatefulElement.performRebuild (package:flutter/src/widgets/framework.dart:5982)
I/flutter (30342): #4      Element.rebuild (package:flutter/src/widgets/framework.dart:5529)
I/flutter (30342): #5      BuildScope._tryRebuild (package:flutter/src/widgets/framework.dart:2750)
I/flutter (30342): #6      BuildScope._flushDirtyElements (package:flutter/src/widgets/framework.dart:2807)
I/flutter (30342): #7      BuildOwner.buildScope (package:flutter/src/widgets/framework.dart:3111)
I/flutter (30342): #8      WidgetsBinding.drawFrame (package:flutter/src/widgets/binding.dart:1571)
I/flutter (30342): #9      RendererBinding._handlePersistentFrameCallback (package:flutter/src/rendering/binding.dart:509)
I/flutter (30342): #10     SchedulerBinding._invokeFrameCallback (package:flutter/src/scheduler/binding.dart:1430)
I/flutter (30342): #11     SchedulerBinding.handleDrawFrame (package:flutter/src/scheduler/binding.dart:1345)
I/flutter (30342): #12     LiveTestWidgetsFlutterBinding.handleDrawFrame (package:flutter_test/src/binding.dart:2811)
I/flutter (30342): #13     SchedulerBinding._handleDrawFrame (package:flutter/src/scheduler/binding.dart:1198)
I/flutter (30342): #17     _invoke (dart:ui/hooks.dart:425)
I/flutter (30342): #18     PlatformDispatcher._drawFrame (dart:ui/platform_dispatcher.dart:447)
I/flutter (30342): #19     _drawFrame (dart:ui/hooks.dart:395)
I/flutter (30342): (elided 3 frames from dart:async)
[spm]: ProfilerData event received.
I/flutter (30342): [SPM:perf] 698a51a  buildSpan: 2468µs
I/flutter (30342): [spm] Performance monitoring completed for 698a51a
I/flutter (30342): type 'List<dynamic>' is not a subtype of type 'List<Widget>'
I/flutter (30342): #0      _GeneratedWidgetState.build (package:benchmark_container/generated_widget.dart:80)
I/flutter (30342): #1      StatefulElement.build (package:flutter/src/widgets/framework.dart:5931)
I/flutter (30342): #2      ComponentElement.performRebuild (package:flutter/src/widgets/framework.dart:5817)
I/flutter (30342): #3      StatefulElement.performRebuild (package:flutter/src/widgets/framework.dart:5982)
I/flutter (30342): #4      Element.rebuild (package:flutter/src/widgets/framework.dart:5529)
I/flutter (30342): #5      BuildScope._tryRebuild (package:flutter/src/widgets/framework.dart:2750)
I/flutter (30342): #6      BuildScope._flushDirtyElements (package:flutter/src/widgets/framework.dart:2807)
I/flutter (30342): #7      BuildOwner.buildScope (package:flutter/src/widgets/framework.dart:3111)
I/flutter (30342): #8      WidgetsBinding.drawFrame (package:flutter/src/widgets/binding.dart:1571)
I/flutter (30342): #9      RendererBinding._handlePersistentFrameCallback (package:flutter/src/rendering/binding.dart:509)
I/flutter (30342): #10     SchedulerBinding._invokeFrameCallback (package:flutter/src/scheduler/binding.dart:1430)
I/flutter (30342): #11     SchedulerBinding.handleDrawFrame (package:flutter/src/scheduler/binding.dart:1345)
I/flutter (30342): #12     LiveTestWidgetsFlutterBinding.handleDrawFrame (package:flutter_test/src/binding.dart:2811)
I/flutter (30342): #13     SchedulerBinding._handleDrawFrame (package:flutter/src/scheduler/binding.dart:1198)
I/flutter (30342): #17     _invoke (dart:ui/hooks.dart:425)
I/flutter (30342): #18     PlatformDispatcher._drawFrame (dart:ui/platform_dispatcher.dart:447)
I/flutter (30342): #19     _drawFrame (dart:ui/hooks.dart:395)
I/flutter (30342): (elided 3 frames from dart:async)
[spm]: ProfilerData event received.
I/flutter (30342): [SPM:perf] 698a51a  buildSpan: 2351µs
I/flutter (30342): [spm] Performance monitoring completed for 698a51a
I/flutter (30342): type 'List<dynamic>' is not a subtype of type 'List<Widget>'
I/flutter (30342): #0      _GeneratedWidgetState.build (package:benchmark_container/generated_widget.dart:80)
I/flutter (30342): #1      StatefulElement.build (package:flutter/src/widgets/framework.dart:5931)
I/flutter (30342): #2      ComponentElement.performRebuild (package:flutter/src/widgets/framework.dart:5817)
I/flutter (30342): #3      StatefulElement.performRebuild (package:flutter/src/widgets/framework.dart:5982)
I/flutter (30342): #4      Element.rebuild (package:flutter/src/widgets/framework.dart:5529)
I/flutter (30342): #5      BuildScope._tryRebuild (package:flutter/src/widgets/framework.dart:2750)
I/flutter (30342): #6      BuildScope._flushDirtyElements (package:flutter/src/widgets/framework.dart:2807)
I/flutter (30342): #7      BuildOwner.buildScope (package:flutter/src/widgets/framework.dart:3111)
I/flutter (30342): #8      WidgetsBinding.drawFrame (package:flutter/src/widgets/binding.dart:1571)
I/flutter (30342): #9      RendererBinding._handlePersistentFrameCallback (package:flutter/src/rendering/binding.dart:509)
I/flutter (30342): #10     SchedulerBinding._invokeFrameCallback (package:flutter/src/scheduler/binding.dart:1430)
I/flutter (30342): #11     SchedulerBinding.handleDrawFrame (package:flutter/src/scheduler/binding.dart:1345)
I/flutter (30342): #12     LiveTestWidgetsFlutterBinding.handleDrawFrame (package:flutter_test/src/binding.dart:2811)
I/flutter (30342): #13     SchedulerBinding._handleDrawFrame (package:flutter/src/scheduler/binding.dart:1198)
I/flutter (30342): #17     _invoke (dart:ui/hooks.dart:425)
I/flutter (30342): #18     PlatformDispatcher._drawFrame (dart:ui/platform_dispatcher.dart:447)
I/flutter (30342): #19     _drawFrame (dart:ui/hooks.dart:395)
I/flutter (30342): (elided 3 frames from dart:async)
I/flutter (30342): [SPM:perf] 698a51a  buildSpan: 2327µs
I/flutter (30342): [spm] Performance monitoring completed for 698a51a
[spm]: ProfilerData event received.
I/flutter (30342): type 'List<dynamic>' is not a subtype of type 'List<Widget>'
I/flutter (30342): #0      _GeneratedWidgetState.build (package:benchmark_container/generated_widget.dart:80)
I/flutter (30342): #1      StatefulElement.build (package:flutter/src/widgets/framework.dart:5931)
I/flutter (30342): #2      ComponentElement.performRebuild (package:flutter/src/widgets/framework.dart:5817)
I/flutter (30342): #3      StatefulElement.performRebuild (package:flutter/src/widgets/framework.dart:5982)
I/flutter (30342): #4      Element.rebuild (package:flutter/src/widgets/framework.dart:5529)
I/flutter (30342): #5      BuildScope._tryRebuild (package:flutter/src/widgets/framework.dart:2750)
I/flutter (30342): #6      BuildScope._flushDirtyElements (package:flutter/src/widgets/framework.dart:2807)
I/flutter (30342): #7      BuildOwner.buildScope (package:flutter/src/widgets/framework.dart:3111)
I/flutter (30342): #8      WidgetsBinding.drawFrame (package:flutter/src/widgets/binding.dart:1571)
I/flutter (30342): #9      RendererBinding._handlePersistentFrameCallback (package:flutter/src/rendering/binding.dart:509)
I/flutter (30342): #10     SchedulerBinding._invokeFrameCallback (package:flutter/src/scheduler/binding.dart:1430)
I/flutter (30342): #11     SchedulerBinding.handleDrawFrame (package:flutter/src/scheduler/binding.dart:1345)
I/flutter (30342): #12     LiveTestWidgetsFlutterBinding.handleDrawFrame (package:flutter_test/src/binding.dart:2811)
I/flutter (30342): #13     SchedulerBinding._handleDrawFrame (package:flutter/src/scheduler/binding.dart:1198)
I/flutter (30342): #17     _invoke (dart:ui/hooks.dart:425)
I/flutter (30342): #18     PlatformDispatcher._drawFrame (dart:ui/platform_dispatcher.dart:447)
I/flutter (30342): #19     _drawFrame (dart:ui/hooks.dart:395)
I/flutter (30342): (elided 3 frames from dart:async)
I/flutter (30342): [SPM:perf] 698a51a  buildSpan: 2370µs
I/flutter (30342): [spm] Performance monitoring completed for 698a51a
[spm]: ProfilerData event received.
I/flutter (30342): type 'List<dynamic>' is not a subtype of type 'List<Widget>'
I/flutter (30342): #0      _GeneratedWidgetState.build (package:benchmark_container/generated_widget.dart:80)
I/flutter (30342): #1      StatefulElement.build (package:flutter/src/widgets/framework.dart:5931)
I/flutter (30342): #2      ComponentElement.performRebuild (package:flutter/src/widgets/framework.dart:5817)
I/flutter (30342): #3      StatefulElement.performRebuild (package:flutter/src/widgets/framework.dart:5982)
I/flutter (30342): #4      Element.rebuild (package:flutter/src/widgets/framework.dart:5529)
I/flutter (30342): #5      BuildScope._tryRebuild (package:flutter/src/widgets/framework.dart:2750)
I/flutter (30342): #6      BuildScope._flushDirtyElements (package:flutter/src/widgets/framework.dart:2807)
I/flutter (30342): #7      BuildOwner.buildScope (package:flutter/src/widgets/framework.dart:3111)
I/flutter (30342): #8      WidgetsBinding.drawFrame (package:flutter/src/widgets/binding.dart:1571)
I/flutter (30342): #9      RendererBinding._handlePersistentFrameCallback (package:flutter/src/rendering/binding.dart:509)
I/flutter (30342): #10     SchedulerBinding._invokeFrameCallback (package:flutter/src/scheduler/binding.dart:1430)
I/flutter (30342): #11     SchedulerBinding.handleDrawFrame (package:flutter/src/scheduler/binding.dart:1345)
I/flutter (30342): #12     LiveTestWidgetsFlutterBinding.handleDrawFrame (package:flutter_test/src/binding.dart:2811)
I/flutter (30342): #13     SchedulerBinding._handleDrawFrame (package:flutter/src/scheduler/binding.dart:1198)
I/flutter (30342): #17     _invoke (dart:ui/hooks.dart:425)
I/flutter (30342): #18     PlatformDispatcher._drawFrame (dart:ui/platform_dispatcher.dart:447)
I/flutter (30342): #19     _drawFrame (dart:ui/hooks.dart:395)
I/flutter (30342): (elided 3 frames from dart:async)
[spm]: ProfilerData event received.
I/flutter (30342): [SPM:perf] 698a51a  buildSpan: 2539µs
I/flutter (30342): [spm] Performance monitoring completed for 698a51a
I/flutter (30342): type 'List<dynamic>' is not a subtype of type 'List<Widget>'
I/flutter (30342): #0      _GeneratedWidgetState.build (package:benchmark_container/generated_widget.dart:80)
I/flutter (30342): #1      StatefulElement.build (package:flutter/src/widgets/framework.dart:5931)
I/flutter (30342): #2      ComponentElement.performRebuild (package:flutter/src/widgets/framework.dart:5817)
I/flutter (30342): #3      StatefulElement.performRebuild (package:flutter/src/widgets/framework.dart:5982)
I/flutter (30342): #4      Element.rebuild (package:flutter/src/widgets/framework.dart:5529)
I/flutter (30342): #5      BuildScope._tryRebuild (package:flutter/src/widgets/framework.dart:2750)
I/flutter (30342): #6      BuildScope._flushDirtyElements (package:flutter/src/widgets/framework.dart:2807)
I/flutter (30342): #7      BuildOwner.buildScope (package:flutter/src/widgets/framework.dart:3111)
I/flutter (30342): #8      WidgetsBinding.drawFrame (package:flutter/src/widgets/binding.dart:1571)
I/flutter (30342): #9      RendererBinding._handlePersistentFrameCallback (package:flutter/src/rendering/binding.dart:509)
I/flutter (30342): #10     SchedulerBinding._invokeFrameCallback (package:flutter/src/scheduler/binding.dart:1430)
I/flutter (30342): #11     SchedulerBinding.handleDrawFrame (package:flutter/src/scheduler/binding.dart:1345)
I/flutter (30342): #12     LiveTestWidgetsFlutterBinding.handleDrawFrame (package:flutter_test/src/binding.dart:2811)
I/flutter (30342): #13     SchedulerBinding._handleDrawFrame (package:flutter/src/scheduler/binding.dart:1198)
I/flutter (30342): #17     _invoke (dart:ui/hooks.dart:425)
I/flutter (30342): #18     PlatformDispatcher._drawFrame (dart:ui/platform_dispatcher.dart:447)
I/flutter (30342): #19     _drawFrame (dart:ui/hooks.dart:395)
I/flutter (30342): (elided 3 frames from dart:async)
[spm]: ProfilerData event received.
I/flutter (30342): [SPM:perf] 698a51a  buildSpan: 2337µs
I/flutter (30342): [spm] Performance monitoring completed for 698a51a
I/flutter (30342): type 'List<dynamic>' is not a subtype of type 'List<Widget>'
I/flutter (30342): #0      _GeneratedWidgetState.build (package:benchmark_container/generated_widget.dart:80)
I/flutter (30342): #1      StatefulElement.build (package:flutter/src/widgets/framework.dart:5931)
I/flutter (30342): #2      ComponentElement.performRebuild (package:flutter/src/widgets/framework.dart:5817)
I/flutter (30342): #3      StatefulElement.performRebuild (package:flutter/src/widgets/framework.dart:5982)
I/flutter (30342): #4      Element.rebuild (package:flutter/src/widgets/framework.dart:5529)
I/flutter (30342): #5      BuildScope._tryRebuild (package:flutter/src/widgets/framework.dart:2750)
I/flutter (30342): #6      BuildScope._flushDirtyElements (package:flutter/src/widgets/framework.dart:2807)
I/flutter (30342): #7      BuildOwner.buildScope (package:flutter/src/widgets/framework.dart:3111)
I/flutter (30342): #8      WidgetsBinding.drawFrame (package:flutter/src/widgets/binding.dart:1571)
I/flutter (30342): #9      RendererBinding._handlePersistentFrameCallback (package:flutter/src/rendering/binding.dart:509)
I/flutter (30342): #10     SchedulerBinding._invokeFrameCallback (package:flutter/src/scheduler/binding.dart:1430)
I/flutter (30342): #11     SchedulerBinding.handleDrawFrame (package:flutter/src/scheduler/binding.dart:1345)
I/flutter (30342): #12     LiveTestWidgetsFlutterBinding.handleDrawFrame (package:flutter_test/src/binding.dart:2811)
I/flutter (30342): #13     SchedulerBinding._handleDrawFrame (package:flutter/src/scheduler/binding.dart:1198)
I/flutter (30342): #17     _invoke (dart:ui/hooks.dart:425)
I/flutter (30342): #18     PlatformDispatcher._drawFrame (dart:ui/platform_dispatcher.dart:447)
I/flutter (30342): #19     _drawFrame (dart:ui/hooks.dart:395)
I/flutter (30342): (elided 3 frames from dart:async)
[spm]: ProfilerData event received.
I/flutter (30342): [SPM:perf] 698a51a  buildSpan: 2299µs
I/flutter (30342): [spm] Performance monitoring completed for 698a51a
I/flutter (30342): type 'List<dynamic>' is not a subtype of type 'List<Widget>'
I/flutter (30342): #0      _GeneratedWidgetState.build (package:benchmark_container/generated_widget.dart:80)
I/flutter (30342): #1      StatefulElement.build (package:flutter/src/widgets/framework.dart:5931)
I/flutter (30342): #2      ComponentElement.performRebuild (package:flutter/src/widgets/framework.dart:5817)
I/flutter (30342): #3      StatefulElement.performRebuild (package:flutter/src/widgets/framework.dart:5982)
I/flutter (30342): #4      Element.rebuild (package:flutter/src/widgets/framework.dart:5529)
I/flutter (30342): #5      BuildScope._tryRebuild (package:flutter/src/widgets/framework.dart:2750)
I/flutter (30342): #6      BuildScope._flushDirtyElements (package:flutter/src/widgets/framework.dart:2807)
I/flutter (30342): #7      BuildOwner.buildScope (package:flutter/src/widgets/framework.dart:3111)
I/flutter (30342): #8      WidgetsBinding.drawFrame (package:flutter/src/widgets/binding.dart:1571)
I/flutter (30342): #9      RendererBinding._handlePersistentFrameCallback (package:flutter/src/rendering/binding.dart:509)
I/flutter (30342): #10     SchedulerBinding._invokeFrameCallback (package:flutter/src/scheduler/binding.dart:1430)
I/flutter (30342): #11     SchedulerBinding.handleDrawFrame (package:flutter/src/scheduler/binding.dart:1345)
I/flutter (30342): #12     LiveTestWidgetsFlutterBinding.handleDrawFrame (package:flutter_test/src/binding.dart:2811)
I/flutter (30342): #13     SchedulerBinding._handleDrawFrame (package:flutter/src/scheduler/binding.dart:1198)
I/flutter (30342): #17     _invoke (dart:ui/hooks.dart:425)
I/flutter (30342): #18     PlatformDispatcher._drawFrame (dart:ui/platform_dispatcher.dart:447)
I/flutter (30342): #19     _drawFrame (dart:ui/hooks.dart:395)
I/flutter (30342): (elided 3 frames from dart:async)
[spm]: ProfilerData event received.
I/flutter (30342): [SPM:perf] 698a51a  buildSpan: 2552µs
I/flutter (30342): [spm] Performance monitoring completed for 698a51a
I/flutter (30342): type 'List<dynamic>' is not a subtype of type 'List<Widget>'
I/flutter (30342): #0      _GeneratedWidgetState.build (package:benchmark_container/generated_widget.dart:80)
I/flutter (30342): #1      StatefulElement.build (package:flutter/src/widgets/framework.dart:5931)
I/flutter (30342): #2      ComponentElement.performRebuild (package:flutter/src/widgets/framework.dart:5817)
I/flutter (30342): #3      StatefulElement.performRebuild (package:flutter/src/widgets/framework.dart:5982)
I/flutter (30342): #4      Element.rebuild (package:flutter/src/widgets/framework.dart:5529)
I/flutter (30342): #5      BuildScope._tryRebuild (package:flutter/src/widgets/framework.dart:2750)
I/flutter (30342): #6      BuildScope._flushDirtyElements (package:flutter/src/widgets/framework.dart:2807)
I/flutter (30342): #7      BuildOwner.buildScope (package:flutter/src/widgets/framework.dart:3111)
I/flutter (30342): #8      WidgetsBinding.drawFrame (package:flutter/src/widgets/binding.dart:1571)
I/flutter (30342): #9      RendererBinding._handlePersistentFrameCallback (package:flutter/src/rendering/binding.dart:509)
I/flutter (30342): #10     SchedulerBinding._invokeFrameCallback (package:flutter/src/scheduler/binding.dart:1430)
I/flutter (30342): #11     SchedulerBinding.handleDrawFrame (package:flutter/src/scheduler/binding.dart:1345)
I/flutter (30342): #12     LiveTestWidgetsFlutterBinding.handleDrawFrame (package:flutter_test/src/binding.dart:2811)
I/flutter (30342): #13     SchedulerBinding._handleDrawFrame (package:flutter/src/scheduler/binding.dart:1198)
I/flutter (30342): #17     _invoke (dart:ui/hooks.dart:425)
I/flutter (30342): #18     PlatformDispatcher._drawFrame (dart:ui/platform_dispatcher.dart:447)
I/flutter (30342): #19     _drawFrame (dart:ui/hooks.dart:395)
I/flutter (30342): (elided 3 frames from dart:async)
[spm]: ProfilerData event received.
I/flutter (30342): [SPM:perf] 698a51a  buildSpan: 2412µs
I/flutter (30342): [spm] Performance monitoring completed for 698a51a
I/flutter (30342): type 'List<dynamic>' is not a subtype of type 'List<Widget>'
I/flutter (30342): #0      _GeneratedWidgetState.build (package:benchmark_container/generated_widget.dart:80)
I/flutter (30342): #1      StatefulElement.build (package:flutter/src/widgets/framework.dart:5931)
I/flutter (30342): #2      ComponentElement.performRebuild (package:flutter/src/widgets/framework.dart:5817)
I/flutter (30342): #3      StatefulElement.performRebuild (package:flutter/src/widgets/framework.dart:5982)
I/flutter (30342): #4      Element.rebuild (package:flutter/src/widgets/framework.dart:5529)
I/flutter (30342): #5      BuildScope._tryRebuild (package:flutter/src/widgets/framework.dart:2750)
I/flutter (30342): #6      BuildScope._flushDirtyElements (package:flutter/src/widgets/framework.dart:2807)
I/flutter (30342): #7      BuildOwner.buildScope (package:flutter/src/widgets/framework.dart:3111)
I/flutter (30342): #8      WidgetsBinding.drawFrame (package:flutter/src/widgets/binding.dart:1571)
I/flutter (30342): #9      RendererBinding._handlePersistentFrameCallback (package:flutter/src/rendering/binding.dart:509)
I/flutter (30342): #10     SchedulerBinding._invokeFrameCallback (package:flutter/src/scheduler/binding.dart:1430)
I/flutter (30342): #11     SchedulerBinding.handleDrawFrame (package:flutter/src/scheduler/binding.dart:1345)
I/flutter (30342): #12     LiveTestWidgetsFlutterBinding.handleDrawFrame (package:flutter_test/src/binding.dart:2811)
I/flutter (30342): #13     SchedulerBinding._handleDrawFrame (package:flutter/src/scheduler/binding.dart:1198)
I/flutter (30342): #17     _invoke (dart:ui/hooks.dart:425)
I/flutter (30342): #18     PlatformDispatcher._drawFrame (dart:ui/platform_dispatcher.dart:447)
I/flutter (30342): #19     _drawFrame (dart:ui/hooks.dart:395)
I/flutter (30342): (elided 3 frames from dart:async)
I/flutter (30342): [SPM:perf] 698a51a  buildSpan: 2333µs
I/flutter (30342): [spm] Performance monitoring completed for 698a51a
[spm]: ProfilerData event received.
I/flutter (30342): type 'List<dynamic>' is not a subtype of type 'List<Widget>'
I/flutter (30342): #0      _GeneratedWidgetState.build (package:benchmark_container/generated_widget.dart:80)
I/flutter (30342): #1      StatefulElement.build (package:flutter/src/widgets/framework.dart:5931)
I/flutter (30342): #2      ComponentElement.performRebuild (package:flutter/src/widgets/framework.dart:5817)
I/flutter (30342): #3      StatefulElement.performRebuild (package:flutter/src/widgets/framework.dart:5982)
I/flutter (30342): #4      Element.rebuild (package:flutter/src/widgets/framework.dart:5529)
I/flutter (30342): #5      BuildScope._tryRebuild (package:flutter/src/widgets/framework.dart:2750)
I/flutter (30342): #6      BuildScope._flushDirtyElements (package:flutter/src/widgets/framework.dart:2807)
I/flutter (30342): #7      BuildOwner.buildScope (package:flutter/src/widgets/framework.dart:3111)
I/flutter (30342): #8      WidgetsBinding.drawFrame (package:flutter/src/widgets/binding.dart:1571)
I/flutter (30342): #9      RendererBinding._handlePersistentFrameCallback (package:flutter/src/rendering/binding.dart:509)
I/flutter (30342): #10     SchedulerBinding._invokeFrameCallback (package:flutter/src/scheduler/binding.dart:1430)
I/flutter (30342): #11     SchedulerBinding.handleDrawFrame (package:flutter/src/scheduler/binding.dart:1345)
I/flutter (30342): #12     LiveTestWidgetsFlutterBinding.handleDrawFrame (package:flutter_test/src/binding.dart:2811)
I/flutter (30342): #13     SchedulerBinding._handleDrawFrame (package:flutter/src/scheduler/binding.dart:1198)
I/flutter (30342): #17     _invoke (dart:ui/hooks.dart:425)
I/flutter (30342): #18     PlatformDispatcher._drawFrame (dart:ui/platform_dispatcher.dart:447)
I/flutter (30342): #19     _drawFrame (dart:ui/hooks.dart:395)
I/flutter (30342): (elided 3 frames from dart:async)
I/flutter (30342): [SPM:perf] 698a51a  buildSpan: 2389µs
I/flutter (30342): [spm] Performance monitoring completed for 698a51a
[spm]: ProfilerData event received.
I/flutter (30342): type 'List<dynamic>' is not a subtype of type 'List<Widget>'
I/flutter (30342): #0      _GeneratedWidgetState.build (package:benchmark_container/generated_widget.dart:80)
I/flutter (30342): #1      StatefulElement.build (package:flutter/src/widgets/framework.dart:5931)
I/flutter (30342): #2      ComponentElement.performRebuild (package:flutter/src/widgets/framework.dart:5817)
I/flutter (30342): #3      StatefulElement.performRebuild (package:flutter/src/widgets/framework.dart:5982)
I/flutter (30342): #4      Element.rebuild (package:flutter/src/widgets/framework.dart:5529)
I/flutter (30342): #5      BuildScope._tryRebuild (package:flutter/src/widgets/framework.dart:2750)
I/flutter (30342): #6      BuildScope._flushDirtyElements (package:flutter/src/widgets/framework.dart:2807)
I/flutter (30342): #7      BuildOwner.buildScope (package:flutter/src/widgets/framework.dart:3111)
I/flutter (30342): #8      WidgetsBinding.drawFrame (package:flutter/src/widgets/binding.dart:1571)
I/flutter (30342): #9      RendererBinding._handlePersistentFrameCallback (package:flutter/src/rendering/binding.dart:509)
I/flutter (30342): #10     SchedulerBinding._invokeFrameCallback (package:flutter/src/scheduler/binding.dart:1430)
I/flutter (30342): #11     SchedulerBinding.handleDrawFrame (package:flutter/src/scheduler/binding.dart:1345)
I/flutter (30342): #12     LiveTestWidgetsFlutterBinding.handleDrawFrame (package:flutter_test/src/binding.dart:2811)
I/flutter (30342): #13     SchedulerBinding._handleDrawFrame (package:flutter/src/scheduler/binding.dart:1198)
I/flutter (30342): #17     _invoke (dart:ui/hooks.dart:425)
I/flutter (30342): #18     PlatformDispatcher._drawFrame (dart:ui/platform_dispatcher.dart:447)
I/flutter (30342): #19     _drawFrame (dart:ui/hooks.dart:395)
I/flutter (30342): (elided 3 frames from dart:async)
[spm]: ProfilerData event received.
I/flutter (30342): [SPM:perf] 698a51a  buildSpan: 2397µs
I/flutter (30342): [spm] Performance monitoring completed for 698a51a
I/flutter (30342): type 'List<dynamic>' is not a subtype of type 'List<Widget>'
I/flutter (30342): #0      _GeneratedWidgetState.build (package:benchmark_container/generated_widget.dart:80)
I/flutter (30342): #1      StatefulElement.build (package:flutter/src/widgets/framework.dart:5931)
I/flutter (30342): #2      ComponentElement.performRebuild (package:flutter/src/widgets/framework.dart:5817)
I/flutter (30342): #3      StatefulElement.performRebuild (package:flutter/src/widgets/framework.dart:5982)
I/flutter (30342): #4      Element.rebuild (package:flutter/src/widgets/framework.dart:5529)
I/flutter (30342): #5      BuildScope._tryRebuild (package:flutter/src/widgets/framework.dart:2750)
I/flutter (30342): #6      BuildScope._flushDirtyElements (package:flutter/src/widgets/framework.dart:2807)
I/flutter (30342): #7      BuildOwner.buildScope (package:flutter/src/widgets/framework.dart:3111)
I/flutter (30342): #8      WidgetsBinding.drawFrame (package:flutter/src/widgets/binding.dart:1571)
I/flutter (30342): #9      RendererBinding._handlePersistentFrameCallback (package:flutter/src/rendering/binding.dart:509)
I/flutter (30342): #10     SchedulerBinding._invokeFrameCallback (package:flutter/src/scheduler/binding.dart:1430)
I/flutter (30342): #11     SchedulerBinding.handleDrawFrame (package:flutter/src/scheduler/binding.dart:1345)
I/flutter (30342): #12     LiveTestWidgetsFlutterBinding.handleDrawFrame (package:flutter_test/src/binding.dart:2811)
I/flutter (30342): #13     SchedulerBinding._handleDrawFrame (package:flutter/src/scheduler/binding.dart:1198)
I/flutter (30342): #17     _invoke (dart:ui/hooks.dart:425)
I/flutter (30342): #18     PlatformDispatcher._drawFrame (dart:ui/platform_dispatcher.dart:447)
I/flutter (30342): #19     _drawFrame (dart:ui/hooks.dart:395)
I/flutter (30342): (elided 3 frames from dart:async)
I/flutter (30342): [SPM:perf] 698a51a  buildSpan: 2587µs
I/flutter (30342): [spm] Performance monitoring completed for 698a51a
[spm]: ProfilerData event received.
I/flutter (30342): Multiple exceptions (31) were detected during the running of the current test, and at least one was unexpected.
I/flutter (30342): #0      debugPrintStack (package:flutter/src/foundation/assertions.dart:1213)
I/flutter (30342): #1      FlutterError.dumpErrorToConsole (package:flutter/src/foundation/assertions.dart:1033)
I/flutter (30342): #2      _defaultTestExceptionReporter (package:flutter_test/src/test_exception_reporter.dart:29)
I/flutter (30342): #3      new IntegrationTestWidgetsFlutterBinding.<anonymous closure> (package:integration_test/integration_test.dart:91)
I/flutter (30342): #4      TestWidgetsFlutterBinding._createTestCompletionHandler.<anonymous closure> (package:flutter_test/src/binding.dart:1713)
I/flutter (30342): <asynchronous suspension>
I/flutter (30342): (elided 6 frames from dart:async)
I/flutter (30342): 01:10 +0: Performance Benchmark [E]
I/flutter (30342):   Test failed. See exception logs above.
I/flutter (30342):   The test description was: Performance Benchmark
I/flutter (30342):   
I/flutter (30342): 01:10 +0 -1: (tearDownAll)
I/flutter (30342): 01:11 +1 -1: Some tests failed.
Failure Details:
Failure in method: Performance Benchmark
Instance of 'FlutterErrorDetails'
end of failure 1



[spm]: Saved 30 profiler events to <ROOT>/dataset-new_samples/3083/redmi9t/raw/20260913-234640/rev_004_cb42f92d/e3.jsonl
[spm]: Reverting injection...
5 issues found. (ran in 0.7s)
WARNING: Your Android app project: app located at: <ROOT>/android/app/build.gradle.kts
applies the Kotlin Gradle Plugin, which will cause build failures in future versions of Flutter. 
Please migrate your app to Built-in Kotlin using this guide: https://docs.flutter.dev/release/breaking-changes/migrate-to-built-in-kotlin/for-app-developers

VMServiceFlutterDriver: Connecting to Flutter application at http://127.0.0.1:40769/Wyha2EdK_Fs=/
[spm]: Detected VM service URI: ws://127.0.0.1:40769/Wyha2EdK_Fs=/ws
VMServiceFlutterDriver: Isolate found with number: 1639698914513119
VMServiceFlutterDriver: Isolate 1639698914513119 is runnable.
VMServiceFlutterDriver: Isolate is paused at start.
VMServiceFlutterDriver: Attempting to resume isolate
VMServiceFlutterDriver: Connected to Flutter application.
VMServiceFlutterDriver: request_data message is taking a long time to complete...