# sample_id=2382/rev_003_fa7d824f exec_index=5 ok=True perf_lines=30 vm_events=30 battery_pct=61 soc_temp_millic=37000 battery_temp_c=29.1 charging=False preflight_started=2026-09-13T07:50:14.449521+00:00 started=2026-09-13T07:50:17.218315+00:00 ts=2026-09-13T07:52:14.943639+00:00
[spm]: Running flutter analyze...
Resolving dependencies...
Downloading packages...
  _fe_analyzer_shared 100.0.0 (108.0.0 available)
  analyzer 13.0.0 (14.4.0 available)
  async 2.13.0 (2.13.1 available)
  clock 1.1.2 (1.1.3 available)
  cupertino_icons 1.0.8 (1.0.9 available)
  glob 2.1.3 (2.2.0 available)
  lints 6.0.0 (6.1.0 available)
  matcher 0.12.19 (0.12.20 available)
  material_color_utilities 0.13.0 (0.13.1 available)
  meta 1.18.0 (1.19.0 available)
  package_config 2.2.0 (3.0.0 available)
  platform 3.1.6 (3.2.0 available)
  process 5.0.5 (5.0.6 available)
  pub_semver 2.2.0 (2.2.1 available)
  source_span 1.10.1 (1.10.2 available)
  stack_trace 1.12.1 (1.12.2 available)
  test_api 0.7.11 (0.7.14 available)
  vector_math 2.2.0 (2.4.2 available)
  vm_service 15.0.2 (15.3.0 available)
  webdriver 3.1.0 (3.2.0 available)
  yaml 3.1.3 (3.1.4 available)
Got dependencies!
21 packages have newer versions incompatible with dependency constraints.
Try `flutter pub outdated` for more information.
Analyzing lib...                                                

   info • The part-of directive uses a library name. Try converting the directive to use the URI of the library • lib/dependencies.dart:46:1 • use_string_in_part_of_directives
   info • Library names are not necessary. Remove the library name • lib/generated_widget.dart:2:9 • unnecessary_library_name
   info • Constructors in '@immutable' classes should be declared as 'const'. Try adding 'const' to the constructor declaration • lib/generated_widget.dart:12:3 • prefer_const_constructors_in_immutables

[spm]: Injecting profiler code...
[spm]: Starting app...
Running Gradle task 'assembleProfile'...                        
Running Gradle task 'assembleProfile'...                           18.2s
✓ Built build/app/outputs/flutter-apk/app-profile.apk (26.8MB)
Installing build/app/outputs/flutter-apk/app-profile.apk...      1,296ms
E/MiuiMultiWindowUtils(25679): initFreeFormResolutionArgs failed, device is lime
D/IS_CTS_MODE(25679): true
D/MULTI_WINDOW_SWITCH_ENABLED(25679): false
D/IS_CTS_MODE(25679): true
D/MULTI_WINDOW_SWITCH_ENABLED(25679): false
D/IS_CTS_MODE(25679): true
D/MULTI_WINDOW_SWITCH_ENABLED(25679): false
D/DecorView[](25679): getWindowModeFromSystem  windowmode is 1
D/DecorView[](25679): getWindowModeFromSystem  windowmode is 1
D/DecorView[](25679): updateDecorCaptionStatus displayWindowDecor is false
W/Looper  (25679): PerfMonitor looperActivity : package=com.example.benchmark_container/.MainActivity time=373ms latency=359ms running=0ms  procState=-1  historyMsgCount=3 (msgIndex=3 wall=351ms seq=3 h=android.app.ActivityThread$H w=110)
W/Looper  (25679): PerfMonitor looperActivity : package=com.example.benchmark_container/.MainActivity time=0ms latency=733ms running=0ms  procState=-1  historyMsgCount=4 (msgIndex=3 wall=351ms seq=3 h=android.app.ActivityThread$H w=110) (msgIndex=4 wall=373ms seq=4 h=android.app.ActivityThread$H w=159)
D/SurfaceView(25679): UPDATE null, mIsCastMode = false
D/hw-ProcessState(25679): Binder ioctl to enable oneway spam detection failed: Invalid argument
W/Looper  (25679): PerfMonitor longMsg : seq=8 plan=10:50:51.484 late=374ms wall=1659ms running=0ms h=android.view.Choreographer$FrameHandler c=android.view.Choreographer$FrameDisplayEventReceiver procState=-1
W/Looper  (25679): PerfMonitor doFrame : time=1659ms vsyncFrame=0 latency=374ms procState=-1 historyMsgCount=4 (msgIndex=1 wall=1659ms seq=8 late=374ms h=android.view.Choreographer$FrameHandler c=android.view.Choreographer$FrameDisplayEventReceiver)
I/Choreographer(25679): Skipped 94 frames!  The application may be doing too much work on its main thread.
D/SurfaceView(25679): UPDATE Surface(name=SurfaceView[com.example.benchmark_container/com.example.benchmark_container.MainActivity])/@0x739554a, mIsProjectionMode = false
W/Looper  (25679): PerfMonitor doFrame : time=5ms vsyncFrame=0 latency=1574ms procState=-1 historyMsgCount=4
[spm]: Connected to Dart VM service.
I/flutter (25679): 00:00 +0: Performance Benchmark
E/hmark_containe(25679): open libmigui.so failed! dlopen - dlopen failed: library "libmigui.so" not found
D/hmark_containe(25679): MiuiProcessManagerServiceStub setSchedFifo
I/MiuiProcessManagerImpl(25679): setSchedFifo pid:25679, mode:3
D/DecorView[](25679): onWindowFocusChanged hasWindowFocus true
D/DecorView[](25679): getWindowModeFromSystem  windowmode is 1
D/DecorView[](25679): updateDecorCaptionStatus displayWindowDecor is false
D/ProfileInstaller(25679): Installing profile for com.example.benchmark_container
I/flutter (25679): [SPM:perf] 698a51a  buildSpan: 2086µs
[spm]: ProfilerData event received.
I/flutter (25679): [spm] Performance monitoring completed for 698a51a
[spm]: ProfilerData event received.
I/flutter (25679): [SPM:perf] 698a51a  buildSpan: 1917µs
I/flutter (25679): [spm] Performance monitoring completed for 698a51a
[spm]: ProfilerData event received.
I/flutter (25679): [SPM:perf] 698a51a  buildSpan: 1761µs
I/flutter (25679): [spm] Performance monitoring completed for 698a51a
[spm]: ProfilerData event received.
I/flutter (25679): [SPM:perf] 698a51a  buildSpan: 1944µs
I/flutter (25679): [spm] Performance monitoring completed for 698a51a
I/flutter (25679): [SPM:perf] 698a51a  buildSpan: 1946µs
I/flutter (25679): [spm] Performance monitoring completed for 698a51a
[spm]: ProfilerData event received.
[spm]: ProfilerData event received.
I/flutter (25679): [SPM:perf] 698a51a  buildSpan: 2052µs
I/flutter (25679): [spm] Performance monitoring completed for 698a51a
[spm]: ProfilerData event received.
I/flutter (25679): [SPM:perf] 698a51a  buildSpan: 1739µs
I/flutter (25679): [spm] Performance monitoring completed for 698a51a
I/flutter (25679): [SPM:perf] 698a51a  buildSpan: 1651µs
[spm]: ProfilerData event received.
I/flutter (25679): [spm] Performance monitoring completed for 698a51a
[spm]: ProfilerData event received.
I/flutter (25679): [SPM:perf] 698a51a  buildSpan: 1529µs
I/flutter (25679): [spm] Performance monitoring completed for 698a51a
[spm]: ProfilerData event received.
I/flutter (25679): [SPM:perf] 698a51a  buildSpan: 2081µs
I/flutter (25679): [spm] Performance monitoring completed for 698a51a
[spm]: ProfilerData event received.
I/flutter (25679): [SPM:perf] 698a51a  buildSpan: 2095µs
I/flutter (25679): [spm] Performance monitoring completed for 698a51a
[spm]: ProfilerData event received.
I/flutter (25679): [SPM:perf] 698a51a  buildSpan: 1819µs
I/flutter (25679): [spm] Performance monitoring completed for 698a51a
[spm]: ProfilerData event received.
I/flutter (25679): [SPM:perf] 698a51a  buildSpan: 1456µs
I/flutter (25679): [spm] Performance monitoring completed for 698a51a
[spm]: ProfilerData event received.
I/flutter (25679): [SPM:perf] 698a51a  buildSpan: 2136µs
I/flutter (25679): [spm] Performance monitoring completed for 698a51a
[spm]: ProfilerData event received.
I/flutter (25679): [SPM:perf] 698a51a  buildSpan: 1572µs
I/flutter (25679): [spm] Performance monitoring completed for 698a51a
I/flutter (25679): [SPM:perf] 698a51a  buildSpan: 2040µs
[spm]: ProfilerData event received.
I/flutter (25679): [spm] Performance monitoring completed for 698a51a
[spm]: ProfilerData event received.
I/flutter (25679): [SPM:perf] 698a51a  buildSpan: 2028µs
I/flutter (25679): [spm] Performance monitoring completed for 698a51a
[spm]: ProfilerData event received.
I/flutter (25679): [SPM:perf] 698a51a  buildSpan: 2061µs
I/flutter (25679): [spm] Performance monitoring completed for 698a51a
[spm]: ProfilerData event received.
I/flutter (25679): [SPM:perf] 698a51a  buildSpan: 1567µs
I/flutter (25679): [spm] Performance monitoring completed for 698a51a
[spm]: ProfilerData event received.
I/flutter (25679): [SPM:perf] 698a51a  buildSpan: 2064µs
I/flutter (25679): [spm] Performance monitoring completed for 698a51a
[spm]: ProfilerData event received.
I/flutter (25679): [SPM:perf] 698a51a  buildSpan: 2196µs
I/flutter (25679): [spm] Performance monitoring completed for 698a51a
[spm]: ProfilerData event received.
I/flutter (25679): [SPM:perf] 698a51a  buildSpan: 1733µs
I/flutter (25679): [spm] Performance monitoring completed for 698a51a
[spm]: ProfilerData event received.
I/flutter (25679): [SPM:perf] 698a51a  buildSpan: 1630µs
I/flutter (25679): [spm] Performance monitoring completed for 698a51a
I/flutter (25679): [SPM:perf] 698a51a  buildSpan: 1627µs
I/flutter (25679): [spm] Performance monitoring completed for 698a51a
[spm]: ProfilerData event received.
[spm]: ProfilerData event received.
I/flutter (25679): [SPM:perf] 698a51a  buildSpan: 1466µs
I/flutter (25679): [spm] Performance monitoring completed for 698a51a
[spm]: ProfilerData event received.
I/flutter (25679): [SPM:perf] 698a51a  buildSpan: 1352µs
I/flutter (25679): [spm] Performance monitoring completed for 698a51a
I/flutter (25679): [SPM:perf] 698a51a  buildSpan: 2255µs
I/flutter (25679): [spm] Performance monitoring completed for 698a51a
[spm]: ProfilerData event received.
I/flutter (25679): [SPM:perf] 698a51a  buildSpan: 2007µs
[spm]: ProfilerData event received.
I/flutter (25679): [spm] Performance monitoring completed for 698a51a
I/flutter (25679): [SPM:perf] 698a51a  buildSpan: 1559µs
[spm]: ProfilerData event received.
I/flutter (25679): [spm] Performance monitoring completed for 698a51a
[spm]: ProfilerData event received.
I/flutter (25679): [SPM:perf] 698a51a  buildSpan: 2876µs
I/flutter (25679): [spm] Performance monitoring completed for 698a51a
I/flutter (25679): 01:10 +1: (tearDownAll)
I/flutter (25679): 01:11 +2: All tests passed!
All tests passed.
[spm]: Saved 30 profiler events to <ROOT>/dataset-new_samples/2382/redmi9t/raw/20260913-000259/rev_003_fa7d824f/e5.jsonl
[spm]: Reverting injection...
3 issues found. (ran in 0.6s)
WARNING: Your Android app project: app located at: <ROOT>/android/app/build.gradle.kts
applies the Kotlin Gradle Plugin, which will cause build failures in future versions of Flutter. 
Please migrate your app to Built-in Kotlin using this guide: https://docs.flutter.dev/release/breaking-changes/migrate-to-built-in-kotlin/for-app-developers

VMServiceFlutterDriver: Connecting to Flutter application at http://127.0.0.1:43273/bR0fdk66lFs=/
[spm]: Detected VM service URI: ws://127.0.0.1:43273/bR0fdk66lFs=/ws
VMServiceFlutterDriver: Isolate found with number: 7360792401091523
VMServiceFlutterDriver: Isolate 7360792401091523 is runnable.
VMServiceFlutterDriver: Isolate is paused at start.
VMServiceFlutterDriver: Attempting to resume isolate
VMServiceFlutterDriver: Connected to Flutter application.
VMServiceFlutterDriver: request_data message is taking a long time to complete...