# sample_id=2872/rev_001_7075e3f7 exec_index=14 ok=True perf_lines=30 vm_events=30 battery_pct=54 soc_temp_millic=37400 battery_temp_c=30.0 charging=False preflight_started=2026-09-14T06:28:00.212468+00:00 started=2026-09-14T06:28:02.915545+00:00 ts=2026-09-14T06:30:03.490514+00:00
[spm]: Running flutter analyze...
Resolving dependencies...
Downloading packages...
  _fe_analyzer_shared 100.0.0 (108.0.0 available)
  analyzer 13.0.0 (14.4.0 available)
  async 2.13.0 (2.13.1 available)
  clock 1.1.2 (1.1.3 available)
  cupertino_icons 1.0.8 (1.0.9 available)
  glob 2.1.3 (2.2.0 available)
  lints 6.0.0 (6.1.0 available)
  matcher 0.12.19 (0.12.20 available)
  material_color_utilities 0.13.0 (0.13.1 available)
  meta 1.18.0 (1.19.0 available)
  package_config 2.2.0 (3.0.0 available)
  platform 3.1.6 (3.2.0 available)
  process 5.0.5 (5.0.6 available)
  pub_semver 2.2.0 (2.2.1 available)
  source_span 1.10.1 (1.10.2 available)
  stack_trace 1.12.1 (1.12.2 available)
  test_api 0.7.11 (0.7.14 available)
  vector_math 2.2.0 (2.4.2 available)
  vm_service 15.0.2 (15.3.0 available)
  webdriver 3.1.0 (3.2.0 available)
  yaml 3.1.3 (3.1.4 available)
Got dependencies!
21 packages have newer versions incompatible with dependency constraints.
Try `flutter pub outdated` for more information.
Analyzing lib...                                                

   info • The part-of directive uses a library name. Try converting the directive to use the URI of the library • lib/dependencies.dart:46:1 • use_string_in_part_of_directives
   info • Library names are not necessary. Remove the library name • lib/generated_widget.dart:2:9 • unnecessary_library_name
   info • Constructors in '@immutable' classes should be declared as 'const'. Try adding 'const' to the constructor declaration • lib/generated_widget.dart:11:3 • prefer_const_constructors_in_immutables
   info • Unnecessary use of 'toList' in a spread. Try removing the invocation of 'toList' • lib/generated_widget.dart:114:30 • unnecessary_to_list_in_spreads
   info • 'withOpacity' is deprecated and shouldn't be used. Use .withValues() to avoid precision loss. Try replacing the use of the deprecated member with the replacement • lib/generated_widget.dart:120:52 • deprecated_member_use

[spm]: Injecting profiler code...
[spm]: Starting app...
Running Gradle task 'assembleProfile'...                        
Running Gradle task 'assembleProfile'...                           18.4s
✓ Built build/app/outputs/flutter-apk/app-profile.apk (26.8MB)
Installing build/app/outputs/flutter-apk/app-profile.apk...      1,160ms
D/MiuiMultiWindowUtils(16941): freeform resolution args raw data:{  "zizhan":{    "freeform_args": {      "inner":{        "vertical_portrait":{"aspect_ratio":0.626, "original_ratio":0.5643,"original_scale":0.74,"top_margin":0.168,"left_margin":0.484},        "horizontal_portrait":{"aspect_ratio":0.626, "original_ratio":0.5643,"original_scale":0.74,"top_margin":0.1222,"left_margin":0.59745},        "vertical_landscape":{"aspect_ratio":1.6, "original_ratio":1,"original_scale":0.604,"top_margin":0.2596,"left_margin":0.2624},        "horizontal_landscape":{"aspect_ratio":1.6, "original_ratio":1,"original_scale":0.604,"top_margin":0.213,"left_margin":0.3758}      },      "outer":{        "vertical_portrait":{"aspect_ratio":0.626, "original_ratio":1,"original_scale":0.74,"top_margin":0.0753,"left_margin":-1},        "horizontal_portrait":{"aspect_ratio":0.626, "original_ratio":1,"original_scale":0.5756,"top_margin":-1,"left_margin":0.0753},        "vertical_landscape":{"aspect_ratio":1.6, "original_ratio":0.6847,"original_scale":0.587,"top_margin":0.0753,"left_margin":-1},        "horizontal_landscape":{"aspect_ratio":1.6, "original_ratio":0.6847,"original_scale":0.587,"top_margin":-1,"left_margin":0.0753}}    },    "mini_freeform_args":{      "inner":{        "vertical_portrait":{"aspect_ratio":0.626, "original_ratio":0.147},        "horizontal_portrait":{"aspect_ratio":0.626, "original_ratio":0.147},        "vertical_landscape":{"aspect_ratio":1.6, "original_ratio":0.165},        "horizontal_landscape":{"aspect_ratio":1.6, "original_ratio":0.165}      },      "outer":{        "vertical_portrait":{"aspect_ratio":0.626, "original_ratio":0.26},        "horizontal_portrait":{"aspect_ratio":0.626, "original_ratio":0.26},        "vertical_landscape":{"aspect_ratio":1.6, "original_ratio":0.293},        "horizontal_landscape":{"aspect_ratio":1.6, "original_ratio":0.293}}    }  },  "wide_default":{    "freeform_args": {        "vertical_portrait":{"aspect_ratio":0.625, "original_ratio":0.5806,"original_scale":0.7574,"top_margin":0.125,"left_margin":0.392},        "horizontal_portrait":{"aspect_ratio":0.625, "original_ratio":0.5806,"original_scale":0.7574,"top_margin":-1,"left_margin":0.6415},        "vertical_landscape":{"aspect_ratio":1.6, "original_ratio":1,"original_scale":0.5153,"top_margin":0.125,"left_margin":0.206},        "horizontal_landscape":{"aspect_ratio":1.6, "original_ratio":1,"original_scale":0.5153,"top_margin":-1,"left_margin":0.456}    },    "mini_freeform_args":{        "vertical_portrait":{"aspect_ratio":0.5625, "original_ratio":0.144},        "horizontal_portrait":{"aspect_ratio":0.5625, "original_ratio":0.144},        "vertical_landscape":{"aspect_ratio":-1, "original_ratio":0.144},        "horizontal_landscape":{"aspect_ratio":-1, "original_ratio":0.144}    }  },  "narrow_default": {    "freeform_args": {        "vertical_portrait":{"aspect_ratio":0.5625, "original_ratio":1,"original_scale":0.7182,"top_margin":0.142,"left_margin":-1},        "horizontal_portrait":{"aspect_ratio":0.8, "original_ratio":1,"original_scale":0.7182,"top_margin":-1,"left_margin":0.05},        "vertical_landscape":{"aspect_ratio":1.6, "original_ratio":0.6545,"original_scale":0.4473,"top_margin":0.142,"left_margin":-1},        "horizontal_landscape":{"aspect_ratio":1.6, "original_ratio":0.6545,"original_scale":0.4473,"top_margin":-1,"left_margin":0.05}    },    "mini_freeform_args":{        "vertical_portrait":{"aspect_ratio":0.5625, "original_ratio":0.3},        "horizontal_portrait":{"aspect_ratio":0.5625, "original_ratio":0.3},        "vertical_landscape":{"aspect_ratio":1.7778, "original_ratio":0.3},        "horizontal_landscape":{"aspect_ratio":1.7778, "original_ratio":0.3}    }  },  "regular_default": {    "freeform_args": {      "vertical_portrait":{"aspect_ratio":0.625, "original_ratio":1,"original_scale":0.7,"top_margin":0.109,"left_margin":-1},      "horizontal_portrait":{"aspect_ratio":0.6667, "original_ratio":1,"original_scale":0.6102,"top_margin":-1,"left_margin":0.026},      "vertical_landscape":{"asp
E/MiuiMultiWindowUtils(16941): initFreeFormResolutionArgs failed, device is lime
D/IS_CTS_MODE(16941): true
D/MULTI_WINDOW_SWITCH_ENABLED(16941): false
D/IS_CTS_MODE(16941): true
D/MULTI_WINDOW_SWITCH_ENABLED(16941): false
D/IS_CTS_MODE(16941): true
D/MULTI_WINDOW_SWITCH_ENABLED(16941): false
D/DecorView[](16941): getWindowModeFromSystem  windowmode is 1
D/DecorView[](16941): getWindowModeFromSystem  windowmode is 1
D/DecorView[](16941): updateDecorCaptionStatus displayWindowDecor is false
W/Looper  (16941): PerfMonitor looperActivity : package=com.example.benchmark_container/.MainActivity time=402ms latency=369ms running=0ms  procState=-1  historyMsgCount=3 (msgIndex=1 wall=402ms seq=4 late=369ms h=android.app.ActivityThread$H w=159) (msgIndex=2 wall=402ms seq=4 late=369ms h=android.app.ActivityThread$H w=159) (msgIndex=3 wall=405ms seq=3 h=android.app.ActivityThread$H w=110)
W/Looper  (16941): PerfMonitor looperActivity : package=com.example.benchmark_container/.MainActivity time=1ms latency=771ms running=0ms  procState=-1  historyMsgCount=4 (msgIndex=1 wall=402ms seq=4 late=369ms h=android.app.ActivityThread$H w=159) (msgIndex=2 wall=402ms seq=4 late=369ms h=android.app.ActivityThread$H w=159) (msgIndex=3 wall=405ms seq=3 h=android.app.ActivityThread$H w=110) (msgIndex=4 wall=402ms seq=4 late=369ms h=android.app.ActivityThread$H w=159)
D/SurfaceView(16941): UPDATE null, mIsCastMode = false
D/hw-ProcessState(16941): Binder ioctl to enable oneway spam detection failed: Invalid argument
W/Looper  (16941): PerfMonitor longMsg : seq=8 plan=09:28:37.466 late=410ms wall=1672ms running=0ms h=android.view.Choreographer$FrameHandler c=android.view.Choreographer$FrameDisplayEventReceiver procState=-1
W/Looper  (16941): PerfMonitor doFrame : time=1672ms vsyncFrame=0 latency=410ms procState=-1 historyMsgCount=7 (msgIndex=1 wall=402ms seq=4 h=android.app.ActivityThread$H w=159) (msgIndex=2 wall=402ms seq=4 h=android.app.ActivityThread$H w=159) (msgIndex=3 wall=1672ms seq=8 late=410ms h=android.view.Choreographer$FrameHandler c=android.view.Choreographer$FrameDisplayEventReceiver) (msgIndex=4 wall=402ms seq=4 h=android.app.ActivityThread$H w=159)
I/Choreographer(16941): Skipped 95 frames!  The application may be doing too much work on its main thread.
D/SurfaceView(16941): UPDATE Surface(name=SurfaceView[com.example.benchmark_container/com.example.benchmark_container.MainActivity])/@0x739554a, mIsProjectionMode = false
W/Looper  (16941): PerfMonitor doFrame : time=3ms vsyncFrame=0 latency=1592ms procState=-1 historyMsgCount=4
[spm]: Connected to Dart VM service.
I/flutter (16941): 00:00 +0: Performance Benchmark
E/hmark_containe(16941): open libmigui.so failed! dlopen - dlopen failed: library "libmigui.so" not found
D/hmark_containe(16941): MiuiProcessManagerServiceStub setSchedFifo
I/MiuiProcessManagerImpl(16941): setSchedFifo pid:16941, mode:3
D/DecorView[](16941): onWindowFocusChanged hasWindowFocus true
D/DecorView[](16941): getWindowModeFromSystem  windowmode is 1
D/DecorView[](16941): updateDecorCaptionStatus displayWindowDecor is false
D/ProfileInstaller(16941): Installing profile for com.example.benchmark_container
[spm]: ProfilerData event received.
I/flutter (16941): [SPM:perf] 698a51a  buildSpan: 1421µs
I/flutter (16941): [spm] Performance monitoring completed for 698a51a
[spm]: ProfilerData event received.
I/flutter (16941): [SPM:perf] 698a51a  buildSpan: 1524µs
I/flutter (16941): [spm] Performance monitoring completed for 698a51a
[spm]: ProfilerData event received.
I/flutter (16941): [SPM:perf] 698a51a  buildSpan: 1095µs
I/flutter (16941): [spm] Performance monitoring completed for 698a51a
[spm]: ProfilerData event received.
I/flutter (16941): [SPM:perf] 698a51a  buildSpan: 1084µs
I/flutter (16941): [spm] Performance monitoring completed for 698a51a
[spm]: ProfilerData event received.
I/flutter (16941): [SPM:perf] 698a51a  buildSpan: 1529µs
I/flutter (16941): [spm] Performance monitoring completed for 698a51a
[spm]: ProfilerData event received.
I/flutter (16941): [SPM:perf] 698a51a  buildSpan: 1465µs
I/flutter (16941): [spm] Performance monitoring completed for 698a51a
[spm]: ProfilerData event received.
I/flutter (16941): [SPM:perf] 698a51a  buildSpan: 1488µs
I/flutter (16941): [spm] Performance monitoring completed for 698a51a
[spm]: ProfilerData event received.
I/flutter (16941): [SPM:perf] 698a51a  buildSpan: 1448µs
I/flutter (16941): [spm] Performance monitoring completed for 698a51a
[spm]: ProfilerData event received.
I/flutter (16941): [SPM:perf] 698a51a  buildSpan: 1049µs
I/flutter (16941): [spm] Performance monitoring completed for 698a51a
[spm]: ProfilerData event received.
I/flutter (16941): [SPM:perf] 698a51a  buildSpan: 1525µs
I/flutter (16941): [spm] Performance monitoring completed for 698a51a
[spm]: ProfilerData event received.
I/flutter (16941): [SPM:perf] 698a51a  buildSpan: 1730µs
I/flutter (16941): [spm] Performance monitoring completed for 698a51a
I/flutter (16941): [SPM:perf] 698a51a  buildSpan: 1654µs
I/flutter (16941): [spm] Performance monitoring completed for 698a51a
[spm]: ProfilerData event received.
[spm]: ProfilerData event received.
I/flutter (16941): [SPM:perf] 698a51a  buildSpan: 901µs
I/flutter (16941): [spm] Performance monitoring completed for 698a51a
[spm]: ProfilerData event received.
I/flutter (16941): [SPM:perf] 698a51a  buildSpan: 1145µs
I/flutter (16941): [spm] Performance monitoring completed for 698a51a
[spm]: ProfilerData event received.
I/flutter (16941): [SPM:perf] 698a51a  buildSpan: 1276µs
I/flutter (16941): [spm] Performance monitoring completed for 698a51a
[spm]: ProfilerData event received.
I/flutter (16941): [SPM:perf] 698a51a  buildSpan: 1643µs
I/flutter (16941): [spm] Performance monitoring completed for 698a51a
[spm]: ProfilerData event received.
I/flutter (16941): [SPM:perf] 698a51a  buildSpan: 1521µs
I/flutter (16941): [spm] Performance monitoring completed for 698a51a
[spm]: ProfilerData event received.
I/flutter (16941): [SPM:perf] 698a51a  buildSpan: 1524µs
I/flutter (16941): [spm] Performance monitoring completed for 698a51a
[spm]: ProfilerData event received.
I/flutter (16941): [SPM:perf] 698a51a  buildSpan: 2000µs
I/flutter (16941): [spm] Performance monitoring completed for 698a51a
[spm]: ProfilerData event received.
I/flutter (16941): [SPM:perf] 698a51a  buildSpan: 1466µs
I/flutter (16941): [spm] Performance monitoring completed for 698a51a
[spm]: ProfilerData event received.
I/flutter (16941): [SPM:perf] 698a51a  buildSpan: 1606µs
I/flutter (16941): [spm] Performance monitoring completed for 698a51a
[spm]: ProfilerData event received.
I/flutter (16941): [SPM:perf] 698a51a  buildSpan: 1706µs
I/flutter (16941): [spm] Performance monitoring completed for 698a51a
[spm]: ProfilerData event received.
I/flutter (16941): [SPM:perf] 698a51a  buildSpan: 1578µs
I/flutter (16941): [spm] Performance monitoring completed for 698a51a
[spm]: ProfilerData event received.
I/flutter (16941): [SPM:perf] 698a51a  buildSpan: 1917µs
I/flutter (16941): [spm] Performance monitoring completed for 698a51a
[spm]: ProfilerData event received.
I/flutter (16941): [SPM:perf] 698a51a  buildSpan: 1558µs
I/flutter (16941): [spm] Performance monitoring completed for 698a51a
[spm]: ProfilerData event received.
I/flutter (16941): [SPM:perf] 698a51a  buildSpan: 1806µs
I/flutter (16941): [spm] Performance monitoring completed for 698a51a
[spm]: ProfilerData event received.
I/flutter (16941): [SPM:perf] 698a51a  buildSpan: 1728µs
I/flutter (16941): [spm] Performance monitoring completed for 698a51a
I/flutter (16941): [SPM:perf] 698a51a  buildSpan: 1503µs
I/flutter (16941): [spm] Performance monitoring completed for 698a51a
[spm]: ProfilerData event received.
[spm]: ProfilerData event received.
I/flutter (16941): [SPM:perf] 698a51a  buildSpan: 1092µs
I/flutter (16941): [spm] Performance monitoring completed for 698a51a
[spm]: ProfilerData event received.
I/flutter (16941): [SPM:perf] 698a51a  buildSpan: 1317µs
I/flutter (16941): [spm] Performance monitoring completed for 698a51a
I/flutter (16941): 01:12 +1: (tearDownAll)
I/flutter (16941): 01:13 +2: All tests passed!
I/Choreographer(16941): Skipped 60 frames!  The application may be doing too much work on its main thread.
W/Looper  (16941): PerfMonitor doFrame : time=2ms vsyncFrame=0 latency=1000ms procState=-1 historyMsgCount=6
I/OpenGLRenderer(16941): Davey! duration=1013ms; Flags=0, FrameTimelineVsyncId=15593607, IntendedVsync=487415707572030, Vsync=487416707571990, InputEventId=0, HandleInputStart=487416708143751, AnimationStart=487416708149116, PerformTraversalsStart=487416708152553, DrawStart=487416708793595, FrameDeadline=487415724238696, FrameInterval=487416707898960, FrameStartTime=16666666, SyncQueued=487416709178282, SyncStart=487416709502345, IssueDrawCommandsStart=487416709606512, SwapBuffers=487416710882189, FrameCompleted=487416720966668, DequeueBufferDuration=41823, QueueBufferDuration=1871250, GpuCompleted=487416720966668, SwapBuffersCompleted=487416713791095, DisplayPresentTime=0, 
[SPM:shot] wrote <ROOT>/dataset-new_samples/2872/redmi9t/shots/2872__rev_001_7075e3f7.png (41037 bytes)
All tests passed.
[spm]: Saved 30 profiler events to <ROOT>/dataset-new_samples/2872/redmi9t/raw/20260913-233818/rev_001_7075e3f7/e14.jsonl
[spm]: Reverting injection...
5 issues found. (ran in 0.8s)
WARNING: Your Android app project: app located at: <ROOT>/android/app/build.gradle.kts
applies the Kotlin Gradle Plugin, which will cause build failures in future versions of Flutter. 
Please migrate your app to Built-in Kotlin using this guide: https://docs.flutter.dev/release/breaking-changes/migrate-to-built-in-kotlin/for-app-developers

VMServiceFlutterDriver: Connecting to Flutter application at http://127.0.0.1:45859/TVuk5D7fgs4=/
[spm]: Detected VM service URI: ws://127.0.0.1:45859/TVuk5D7fgs4=/ws
VMServiceFlutterDriver: Isolate found with number: 4873939078557507
VMServiceFlutterDriver: Isolate 4873939078557507 is runnable.
VMServiceFlutterDriver: Isolate is paused at start.
VMServiceFlutterDriver: Attempting to resume isolate
VMServiceFlutterDriver: Connected to Flutter application.
VMServiceFlutterDriver: request_data message is taking a long time to complete...