# sample_id=2872/rev_001_7075e3f7 exec_index=9 ok=True perf_lines=30 vm_events=30 battery_pct=52 soc_temp_millic=37000 battery_temp_c=30.2 charging=False preflight_started=2026-09-14T06:49:55.810650+00:00 started=2026-09-14T06:49:58.477071+00:00 ts=2026-09-14T06:51:56.543645+00:00
[spm]: Running flutter analyze...
Resolving dependencies...
Downloading packages...
  _fe_analyzer_shared 100.0.0 (108.0.0 available)
  analyzer 13.0.0 (14.4.0 available)
  async 2.13.0 (2.13.1 available)
  clock 1.1.2 (1.1.3 available)
  cupertino_icons 1.0.8 (1.0.9 available)
  glob 2.1.3 (2.2.0 available)
  lints 6.0.0 (6.1.0 available)
  matcher 0.12.19 (0.12.20 available)
  material_color_utilities 0.13.0 (0.13.1 available)
  meta 1.18.0 (1.19.0 available)
  package_config 2.2.0 (3.0.0 available)
  platform 3.1.6 (3.2.0 available)
  process 5.0.5 (5.0.6 available)
  pub_semver 2.2.0 (2.2.1 available)
  source_span 1.10.1 (1.10.2 available)
  stack_trace 1.12.1 (1.12.2 available)
  test_api 0.7.11 (0.7.14 available)
  vector_math 2.2.0 (2.4.2 available)
  vm_service 15.0.2 (15.3.0 available)
  webdriver 3.1.0 (3.2.0 available)
  yaml 3.1.3 (3.1.4 available)
Got dependencies!
21 packages have newer versions incompatible with dependency constraints.
Try `flutter pub outdated` for more information.
Analyzing lib...                                                

   info • The part-of directive uses a library name. Try converting the directive to use the URI of the library • lib/dependencies.dart:46:1 • use_string_in_part_of_directives
   info • Library names are not necessary. Remove the library name • lib/generated_widget.dart:2:9 • unnecessary_library_name
   info • Constructors in '@immutable' classes should be declared as 'const'. Try adding 'const' to the constructor declaration • lib/generated_widget.dart:11:3 • prefer_const_constructors_in_immutables
   info • Unnecessary use of 'toList' in a spread. Try removing the invocation of 'toList' • lib/generated_widget.dart:114:30 • unnecessary_to_list_in_spreads
   info • 'withOpacity' is deprecated and shouldn't be used. Use .withValues() to avoid precision loss. Try replacing the use of the deprecated member with the replacement • lib/generated_widget.dart:120:52 • deprecated_member_use

[spm]: Injecting profiler code...
[spm]: Starting app...
Running Gradle task 'assembleProfile'...                        
Running Gradle task 'assembleProfile'...                           18.4s
✓ Built build/app/outputs/flutter-apk/app-profile.apk (26.8MB)
Installing build/app/outputs/flutter-apk/app-profile.apk...      1,247ms
D/DecorView[](28814): getWindowModeFromSystem  windowmode is 1
D/DecorView[](28814): getWindowModeFromSystem  windowmode is 1
D/DecorView[](28814): updateDecorCaptionStatus displayWindowDecor is false
W/Looper  (28814): PerfMonitor looperActivity : package=com.example.benchmark_container/.MainActivity time=346ms latency=316ms running=0ms  procState=-1  historyMsgCount=2 (msgIndex=1 wall=346ms seq=4 late=316ms h=android.app.ActivityThread$H w=159) (msgIndex=2 wall=349ms seq=3 h=android.app.ActivityThread$H w=110)
W/Looper  (28814): PerfMonitor looperActivity : package=com.example.benchmark_container/.MainActivity time=0ms latency=663ms running=0ms  procState=-1  historyMsgCount=4 (msgIndex=2 wall=346ms seq=4 late=316ms h=android.app.ActivityThread$H w=159) (msgIndex=3 wall=349ms seq=3 h=android.app.ActivityThread$H w=110) (msgIndex=4 wall=346ms seq=4 late=316ms h=android.app.ActivityThread$H w=159)
D/SurfaceView(28814): UPDATE null, mIsCastMode = false
D/hw-ProcessState(28814): Binder ioctl to enable oneway spam detection failed: Invalid argument
W/Looper  (28814): PerfMonitor longMsg : seq=8 plan=09:50:32.945 late=354ms wall=1661ms running=0ms h=android.view.Choreographer$FrameHandler c=android.view.Choreographer$FrameDisplayEventReceiver procState=-1
W/Looper  (28814): PerfMonitor doFrame : time=1661ms vsyncFrame=0 latency=354ms procState=-1 historyMsgCount=7 (msgIndex=2 wall=346ms seq=4 h=android.app.ActivityThread$H w=159) (msgIndex=3 wall=1661ms seq=8 late=354ms h=android.view.Choreographer$FrameHandler c=android.view.Choreographer$FrameDisplayEventReceiver) (msgIndex=4 wall=346ms seq=4 h=android.app.ActivityThread$H w=159)
I/Choreographer(28814): Skipped 95 frames!  The application may be doing too much work on its main thread.
D/SurfaceView(28814): UPDATE Surface(name=SurfaceView[com.example.benchmark_container/com.example.benchmark_container.MainActivity])/@0x739554a, mIsProjectionMode = false
W/Looper  (28814): PerfMonitor doFrame : time=3ms vsyncFrame=0 latency=1589ms procState=-1 historyMsgCount=4
[spm]: Connected to Dart VM service.
I/flutter (28814): 00:00 +0: Performance Benchmark
E/hmark_containe(28814): open libmigui.so failed! dlopen - dlopen failed: library "libmigui.so" not found
D/hmark_containe(28814): MiuiProcessManagerServiceStub setSchedFifo
I/MiuiProcessManagerImpl(28814): setSchedFifo pid:28814, mode:3
D/DecorView[](28814): onWindowFocusChanged hasWindowFocus true
D/DecorView[](28814): getWindowModeFromSystem  windowmode is 1
D/DecorView[](28814): updateDecorCaptionStatus displayWindowDecor is false
D/ProfileInstaller(28814): Installing profile for com.example.benchmark_container
[spm]: ProfilerData event received.
I/flutter (28814): [SPM:perf] 698a51a  buildSpan: 1592µs
I/flutter (28814): [spm] Performance monitoring completed for 698a51a
[spm]: ProfilerData event received.
I/flutter (28814): [SPM:perf] 698a51a  buildSpan: 993µs
I/flutter (28814): [spm] Performance monitoring completed for 698a51a
[spm]: ProfilerData event received.
I/flutter (28814): [SPM:perf] 698a51a  buildSpan: 1029µs
I/flutter (28814): [spm] Performance monitoring completed for 698a51a
[spm]: ProfilerData event received.
I/flutter (28814): [SPM:perf] 698a51a  buildSpan: 858µs
I/flutter (28814): [spm] Performance monitoring completed for 698a51a
[spm]: ProfilerData event received.
I/flutter (28814): [SPM:perf] 698a51a  buildSpan: 1551µs
I/flutter (28814): [spm] Performance monitoring completed for 698a51a
[spm]: ProfilerData event received.
I/flutter (28814): [SPM:perf] 698a51a  buildSpan: 1040µs
I/flutter (28814): [spm] Performance monitoring completed for 698a51a
[spm]: ProfilerData event received.
I/flutter (28814): [SPM:perf] 698a51a  buildSpan: 1054µs
I/flutter (28814): [spm] Performance monitoring completed for 698a51a
I/flutter (28814): [SPM:perf] 698a51a  buildSpan: 1059µs
I/flutter (28814): [spm] Performance monitoring completed for 698a51a
[spm]: ProfilerData event received.
[spm]: ProfilerData event received.
I/flutter (28814): [SPM:perf] 698a51a  buildSpan: 799µs
I/flutter (28814): [spm] Performance monitoring completed for 698a51a
[spm]: ProfilerData event received.
I/flutter (28814): [SPM:perf] 698a51a  buildSpan: 954µs
I/flutter (28814): [spm] Performance monitoring completed for 698a51a
[spm]: ProfilerData event received.
I/flutter (28814): [SPM:perf] 698a51a  buildSpan: 907µs
I/flutter (28814): [spm] Performance monitoring completed for 698a51a
[spm]: ProfilerData event received.
I/flutter (28814): [SPM:perf] 698a51a  buildSpan: 1175µs
I/flutter (28814): [spm] Performance monitoring completed for 698a51a
[spm]: ProfilerData event received.
I/flutter (28814): [SPM:perf] 698a51a  buildSpan: 1401µs
I/flutter (28814): [spm] Performance monitoring completed for 698a51a
[spm]: ProfilerData event received.
I/flutter (28814): [SPM:perf] 698a51a  buildSpan: 968µs
I/flutter (28814): [spm] Performance monitoring completed for 698a51a
I/flutter (28814): [SPM:perf] 698a51a  buildSpan: 1023µs
I/flutter (28814): [spm] Performance monitoring completed for 698a51a
[spm]: ProfilerData event received.
[spm]: ProfilerData event received.
I/flutter (28814): [SPM:perf] 698a51a  buildSpan: 1338µs
I/flutter (28814): [spm] Performance monitoring completed for 698a51a
[spm]: ProfilerData event received.
I/flutter (28814): [SPM:perf] 698a51a  buildSpan: 975µs
I/flutter (28814): [spm] Performance monitoring completed for 698a51a
[spm]: ProfilerData event received.
I/flutter (28814): [SPM:perf] 698a51a  buildSpan: 1081µs
I/flutter (28814): [spm] Performance monitoring completed for 698a51a
I/flutter (28814): [SPM:perf] 698a51a  buildSpan: 1431µs
I/flutter (28814): [spm] Performance monitoring completed for 698a51a
[spm]: ProfilerData event received.
[spm]: ProfilerData event received.
I/flutter (28814): [SPM:perf] 698a51a  buildSpan: 874µs
I/flutter (28814): [spm] Performance monitoring completed for 698a51a
[spm]: ProfilerData event received.
I/flutter (28814): [SPM:perf] 698a51a  buildSpan: 1055µs
I/flutter (28814): [spm] Performance monitoring completed for 698a51a
[spm]: ProfilerData event received.
I/flutter (28814): [SPM:perf] 698a51a  buildSpan: 1235µs
I/flutter (28814): [spm] Performance monitoring completed for 698a51a
[spm]: ProfilerData event received.
I/flutter (28814): [SPM:perf] 698a51a  buildSpan: 944µs
I/flutter (28814): [spm] Performance monitoring completed for 698a51a
[spm]: ProfilerData event received.
I/flutter (28814): [SPM:perf] 698a51a  buildSpan: 1292µs
I/flutter (28814): [spm] Performance monitoring completed for 698a51a
[spm]: ProfilerData event received.
I/flutter (28814): [SPM:perf] 698a51a  buildSpan: 913µs
I/flutter (28814): [spm] Performance monitoring completed for 698a51a
[spm]: ProfilerData event received.
I/flutter (28814): [SPM:perf] 698a51a  buildSpan: 1368µs
I/flutter (28814): [spm] Performance monitoring completed for 698a51a
[spm]: ProfilerData event received.
I/flutter (28814): [SPM:perf] 698a51a  buildSpan: 1535µs
I/flutter (28814): [spm] Performance monitoring completed for 698a51a
[spm]: ProfilerData event received.
I/flutter (28814): [SPM:perf] 698a51a  buildSpan: 1653µs
I/flutter (28814): [spm] Performance monitoring completed for 698a51a
[spm]: ProfilerData event received.
I/flutter (28814): [SPM:perf] 698a51a  buildSpan: 1447µs
I/flutter (28814): [spm] Performance monitoring completed for 698a51a
I/flutter (28814): [SPM:perf] 698a51a  buildSpan: 1493µs
[spm]: ProfilerData event received.
I/flutter (28814): [spm] Performance monitoring completed for 698a51a
I/flutter (28814): 01:10 +1: (tearDownAll)
I/flutter (28814): 01:11 +2: All tests passed!
All tests passed.
[spm]: Saved 30 profiler events to <ROOT>/dataset-new_samples/2872/redmi9t/raw/20260913-233818/rev_001_7075e3f7/e9.jsonl
[spm]: Reverting injection...
5 issues found. (ran in 0.6s)
WARNING: Your Android app project: app located at: <ROOT>/android/app/build.gradle.kts
applies the Kotlin Gradle Plugin, which will cause build failures in future versions of Flutter. 
Please migrate your app to Built-in Kotlin using this guide: https://docs.flutter.dev/release/breaking-changes/migrate-to-built-in-kotlin/for-app-developers

VMServiceFlutterDriver: Connecting to Flutter application at http://127.0.0.1:46365/IdFXqrzKdGg=/
[spm]: Detected VM service URI: ws://127.0.0.1:46365/IdFXqrzKdGg=/ws
VMServiceFlutterDriver: Isolate found with number: 2001647533405695
VMServiceFlutterDriver: Isolate 2001647533405695 is runnable.
VMServiceFlutterDriver: Isolate is paused at start.
VMServiceFlutterDriver: Attempting to resume isolate
VMServiceFlutterDriver: Connected to Flutter application.
VMServiceFlutterDriver: request_data message is taking a long time to complete...