# sample_id=2841/rev_004_e89651c3 exec_index=10 ok=True perf_lines=30 vm_events=30 battery_pct=44 soc_temp_millic=39500 battery_temp_c=31.0 charging=False preflight_started=2026-09-13T18:19:37.612104+00:00 started=2026-09-13T18:19:40.352583+00:00 ts=2026-09-13T18:21:49.085147+00:00
[spm]: Running flutter analyze...
Resolving dependencies...
Downloading packages...
  _fe_analyzer_shared 100.0.0 (108.0.0 available)
  analyzer 13.0.0 (14.4.0 available)
  async 2.13.0 (2.13.1 available)
  clock 1.1.2 (1.1.3 available)
  cupertino_icons 1.0.8 (1.0.9 available)
  glob 2.1.3 (2.2.0 available)
  lints 6.0.0 (6.1.0 available)
  matcher 0.12.19 (0.12.20 available)
  material_color_utilities 0.13.0 (0.13.1 available)
  meta 1.18.0 (1.19.0 available)
  package_config 2.2.0 (3.0.0 available)
  platform 3.1.6 (3.2.0 available)
  process 5.0.5 (5.0.6 available)
  pub_semver 2.2.0 (2.2.1 available)
  source_span 1.10.1 (1.10.2 available)
  stack_trace 1.12.1 (1.12.2 available)
  test_api 0.7.11 (0.7.14 available)
  vector_math 2.2.0 (2.4.2 available)
  vm_service 15.0.2 (15.3.0 available)
  webdriver 3.1.0 (3.2.0 available)
  yaml 3.1.3 (3.1.4 available)
Got dependencies!
21 packages have newer versions incompatible with dependency constraints.
Try `flutter pub outdated` for more information.
Analyzing lib...                                                

   info • The part-of directive uses a library name. Try converting the directive to use the URI of the library • lib/dependencies.dart:46:1 • use_string_in_part_of_directives
   info • Unnecessary 'late' modifier. Try removing the 'late' • lib/dependencies.dart:54:1 • unnecessary_late
   info • Unnecessary 'late' modifier. Try removing the 'late' • lib/dependencies.dart:57:1 • unnecessary_late
   info • Library names are not necessary. Remove the library name • lib/generated_widget.dart:2:9 • unnecessary_library_name

[spm]: Injecting profiler code...
[spm]: Starting app...
Running Gradle task 'assembleProfile'...                        
Running Gradle task 'assembleProfile'...                           24.6s
✓ Built build/app/outputs/flutter-apk/app-profile.apk (34.5MB)
Installing build/app/outputs/flutter-apk/app-profile.apk...      1,444ms
D/DecorView[](21777): getWindowModeFromSystem  windowmode is 1
D/DecorView[](21777): getWindowModeFromSystem  windowmode is 1
D/DecorView[](21777): updateDecorCaptionStatus displayWindowDecor is false
W/Looper  (21777): PerfMonitor looperActivity : package=com.example.benchmark_container/.MainActivity time=423ms latency=425ms running=0ms  procState=-1  historyMsgCount=3 (msgIndex=3 wall=412ms seq=3 h=android.app.ActivityThread$H w=110)
W/Looper  (21777): PerfMonitor looperActivity : package=com.example.benchmark_container/.MainActivity time=0ms latency=849ms running=0ms  procState=-1  historyMsgCount=4 (msgIndex=3 wall=412ms seq=3 h=android.app.ActivityThread$H w=110) (msgIndex=4 wall=423ms seq=4 late=425ms h=android.app.ActivityThread$H w=159)
D/SurfaceView(21777): UPDATE null, mIsCastMode = false
D/hw-ProcessState(21777): Binder ioctl to enable oneway spam detection failed: Invalid argument
W/Looper  (21777): PerfMonitor longMsg : seq=8 plan=21:20:23.324 late=455ms wall=1670ms running=0ms h=android.view.Choreographer$FrameHandler c=android.view.Choreographer$FrameDisplayEventReceiver procState=-1
W/Looper  (21777): PerfMonitor doFrame : time=1670ms vsyncFrame=0 latency=455ms procState=-1 historyMsgCount=6 (msgIndex=2 wall=1670ms seq=8 late=455ms h=android.view.Choreographer$FrameHandler c=android.view.Choreographer$FrameDisplayEventReceiver) (msgIndex=3 wall=423ms seq=4 h=android.app.ActivityThread$H w=159)
I/Choreographer(21777): Skipped 94 frames!  The application may be doing too much work on its main thread.
D/SurfaceView(21777): UPDATE Surface(name=SurfaceView[com.example.benchmark_container/com.example.benchmark_container.MainActivity])/@0x739554a, mIsProjectionMode = false
W/Looper  (21777): PerfMonitor doFrame : time=3ms vsyncFrame=0 latency=1582ms procState=-1 historyMsgCount=4
[spm]: Connected to Dart VM service.
I/flutter (21777): 00:00 +0: Performance Benchmark
E/hmark_containe(21777): open libmigui.so failed! dlopen - dlopen failed: library "libmigui.so" not found
D/hmark_containe(21777): MiuiProcessManagerServiceStub setSchedFifo
I/MiuiProcessManagerImpl(21777): setSchedFifo pid:21777, mode:3
D/DecorView[](21777): onWindowFocusChanged hasWindowFocus true
D/DecorView[](21777): getWindowModeFromSystem  windowmode is 1
D/DecorView[](21777): updateDecorCaptionStatus displayWindowDecor is false
D/ProfileInstaller(21777): Installing profile for com.example.benchmark_container
I/flutter (21777): [SPM:perf] 698a51a  buildSpan: 3447µs
[spm]: ProfilerData event received.
I/flutter (21777): [spm] Performance monitoring completed for 698a51a
[spm]: ProfilerData event received.
I/flutter (21777): [SPM:perf] 698a51a  buildSpan: 8562µs
I/flutter (21777): [spm] Performance monitoring completed for 698a51a
[spm]: ProfilerData event received.
I/flutter (21777): [SPM:perf] 698a51a  buildSpan: 3543µs
I/flutter (21777): [spm] Performance monitoring completed for 698a51a
I/flutter (21777): [SPM:perf] 698a51a  buildSpan: 5246µs
I/flutter (21777): [spm] Performance monitoring completed for 698a51a
[spm]: ProfilerData event received.
[spm]: ProfilerData event received.
I/flutter (21777): [SPM:perf] 698a51a  buildSpan: 4285µs
I/flutter (21777): [spm] Performance monitoring completed for 698a51a
[spm]: ProfilerData event received.
I/flutter (21777): [SPM:perf] 698a51a  buildSpan: 5218µs
I/flutter (21777): [spm] Performance monitoring completed for 698a51a
I/flutter (21777): [SPM:perf] 698a51a  buildSpan: 5026µs
[spm]: ProfilerData event received.
I/flutter (21777): [spm] Performance monitoring completed for 698a51a
I/flutter (21777): [SPM:perf] 698a51a  buildSpan: 5331µs
I/flutter (21777): [spm] Performance monitoring completed for 698a51a
[spm]: ProfilerData event received.
[spm]: ProfilerData event received.
I/flutter (21777): [SPM:perf] 698a51a  buildSpan: 5168µs
I/flutter (21777): [spm] Performance monitoring completed for 698a51a
[spm]: ProfilerData event received.
I/flutter (21777): [SPM:perf] 698a51a  buildSpan: 4014µs
I/flutter (21777): [spm] Performance monitoring completed for 698a51a
[spm]: ProfilerData event received.
I/flutter (21777): [SPM:perf] 698a51a  buildSpan: 5206µs
I/flutter (21777): [spm] Performance monitoring completed for 698a51a
[spm]: ProfilerData event received.
I/flutter (21777): [SPM:perf] 698a51a  buildSpan: 5185µs
I/flutter (21777): [spm] Performance monitoring completed for 698a51a
I/flutter (21777): [SPM:perf] 698a51a  buildSpan: 5077µs
[spm]: ProfilerData event received.
I/flutter (21777): [spm] Performance monitoring completed for 698a51a
[spm]: ProfilerData event received.
I/flutter (21777): [SPM:perf] 698a51a  buildSpan: 5023µs
I/flutter (21777): [spm] Performance monitoring completed for 698a51a
[spm]: ProfilerData event received.
I/flutter (21777): [SPM:perf] 698a51a  buildSpan: 4924µs
I/flutter (21777): [spm] Performance monitoring completed for 698a51a
[spm]: ProfilerData event received.
I/flutter (21777): [SPM:perf] 698a51a  buildSpan: 4288µs
I/flutter (21777): [spm] Performance monitoring completed for 698a51a
[spm]: ProfilerData event received.
I/flutter (21777): [SPM:perf] 698a51a  buildSpan: 5081µs
I/flutter (21777): [spm] Performance monitoring completed for 698a51a
I/flutter (21777): [SPM:perf] 698a51a  buildSpan: 5266µs
I/flutter (21777): [spm] Performance monitoring completed for 698a51a
[spm]: ProfilerData event received.
[spm]: ProfilerData event received.
I/flutter (21777): [SPM:perf] 698a51a  buildSpan: 4945µs
I/flutter (21777): [spm] Performance monitoring completed for 698a51a
[spm]: ProfilerData event received.
I/flutter (21777): [SPM:perf] 698a51a  buildSpan: 3943µs
I/flutter (21777): [spm] Performance monitoring completed for 698a51a
[spm]: ProfilerData event received.
I/flutter (21777): [SPM:perf] 698a51a  buildSpan: 4857µs
I/flutter (21777): [spm] Performance monitoring completed for 698a51a
I/flutter (21777): [SPM:perf] 698a51a  buildSpan: 5441µs
I/flutter (21777): [spm] Performance monitoring completed for 698a51a
[spm]: ProfilerData event received.
[spm]: ProfilerData event received.
I/flutter (21777): [SPM:perf] 698a51a  buildSpan: 4509µs
I/flutter (21777): [spm] Performance monitoring completed for 698a51a
I/flutter (21777): [SPM:perf] 698a51a  buildSpan: 5424µs
I/flutter (21777): [spm] Performance monitoring completed for 698a51a
[spm]: ProfilerData event received.
[spm]: ProfilerData event received.
I/flutter (21777): [SPM:perf] 698a51a  buildSpan: 4853µs
I/flutter (21777): [spm] Performance monitoring completed for 698a51a
[spm]: ProfilerData event received.
I/flutter (21777): [SPM:perf] 698a51a  buildSpan: 3647µs
I/flutter (21777): [spm] Performance monitoring completed for 698a51a
I/flutter (21777): [SPM:perf] 698a51a  buildSpan: 5130µs
I/flutter (21777): [spm] Performance monitoring completed for 698a51a
[spm]: ProfilerData event received.
[spm]: ProfilerData event received.
I/flutter (21777): [SPM:perf] 698a51a  buildSpan: 3873µs
I/flutter (21777): [spm] Performance monitoring completed for 698a51a
I/flutter (21777): [SPM:perf] 698a51a  buildSpan: 3992µs
I/flutter (21777): [spm] Performance monitoring completed for 698a51a
[spm]: ProfilerData event received.
[spm]: ProfilerData event received.
I/flutter (21777): [SPM:perf] 698a51a  buildSpan: 4721µs
I/flutter (21777): [spm] Performance monitoring completed for 698a51a
I/flutter (21777): 01:10 +1: (tearDownAll)
I/flutter (21777): 01:11 +2: All tests passed!
All tests passed.
[spm]: Saved 30 profiler events to <ROOT>/dataset-new_samples/2841/redmi9t/raw/20260913-202220/rev_004_e89651c3/e10.jsonl
[spm]: Reverting injection...
4 issues found. (ran in 0.7s)
WARNING: Your Android app project: app located at: <ROOT>/android/app/build.gradle.kts
applies the Kotlin Gradle Plugin, which will cause build failures in future versions of Flutter. 
Please migrate your app to Built-in Kotlin using this guide: https://docs.flutter.dev/release/breaking-changes/migrate-to-built-in-kotlin/for-app-developers

VMServiceFlutterDriver: Connecting to Flutter application at http://127.0.0.1:38293/te_yOMtaEdk=/
[spm]: Detected VM service URI: ws://127.0.0.1:38293/te_yOMtaEdk=/ws
VMServiceFlutterDriver: Isolate found with number: 4195294270591575
VMServiceFlutterDriver: Isolate 4195294270591575 is runnable.
VMServiceFlutterDriver: Isolate is paused at start.
VMServiceFlutterDriver: Attempting to resume isolate
VMServiceFlutterDriver: Connected to Flutter application.
VMServiceFlutterDriver: request_data message is taking a long time to complete...