# sample_id=2408/rev_025_90ded36f exec_index=14 ok=False perf_lines=30 vm_events=30 battery_pct=81 soc_temp_millic=39200 battery_temp_c=33.1 charging=False preflight_started=2026-09-13T11:34:04.139687+00:00 started=2026-09-13T11:34:06.847402+00:00 ts=2026-09-13T11:36:08.254541+00:00
[spm]: Running flutter analyze...
Resolving dependencies...
Downloading packages...
  _fe_analyzer_shared 100.0.0 (108.0.0 available)
  analyzer 13.0.0 (14.4.0 available)
  async 2.13.0 (2.13.1 available)
  clock 1.1.2 (1.1.3 available)
  cupertino_icons 1.0.8 (1.0.9 available)
  glob 2.1.3 (2.2.0 available)
  lints 6.0.0 (6.1.0 available)
  matcher 0.12.19 (0.12.20 available)
  material_color_utilities 0.13.0 (0.13.1 available)
  meta 1.18.0 (1.19.0 available)
  package_config 2.2.0 (3.0.0 available)
  platform 3.1.6 (3.2.0 available)
  process 5.0.5 (5.0.6 available)
  pub_semver 2.2.0 (2.2.1 available)
  source_span 1.10.1 (1.10.2 available)
  stack_trace 1.12.1 (1.12.2 available)
  test_api 0.7.11 (0.7.14 available)
  vector_math 2.2.0 (2.4.2 available)
  vm_service 15.0.2 (15.3.0 available)
  webdriver 3.1.0 (3.2.0 available)
  yaml 3.1.3 (3.1.4 available)
Got dependencies!
21 packages have newer versions incompatible with dependency constraints.
Try `flutter pub outdated` for more information.
Analyzing lib...                                                

   info • The part-of directive uses a library name. Try converting the directive to use the URI of the library • lib/dependencies.dart:46:1 • use_string_in_part_of_directives
   info • Constructors in '@immutable' classes should be declared as 'const'. Try adding 'const' to the constructor declaration • lib/dependencies.dart:1177:3 • prefer_const_constructors_in_immutables
   info • Constructors in '@immutable' classes should be declared as 'const'. Try adding 'const' to the constructor declaration • lib/dependencies.dart:1201:3 • prefer_const_constructors_in_immutables
   info • Constructors in '@immutable' classes should be declared as 'const'. Try adding 'const' to the constructor declaration • lib/dependencies.dart:1225:3 • prefer_const_constructors_in_immutables
   info • Constructors in '@immutable' classes should be declared as 'const'. Try adding 'const' to the constructor declaration • lib/dependencies.dart:1247:3 • prefer_const_constructors_in_immutables
   info • Constructors in '@immutable' classes should be declared as 'const'. Try adding 'const' to the constructor declaration • lib/dependencies.dart:1269:3 • prefer_const_constructors_in_immutables
   info • Library names are not necessary. Remove the library name • lib/generated_widget.dart:2:9 • unnecessary_library_name
   info • Constructors in '@immutable' classes should be declared as 'const'. Try adding 'const' to the constructor declaration • lib/generated_widget.dart:11:3 • prefer_const_constructors_in_immutables
warning • The value of the local variable 'analytics' isn't used. Try removing the variable or using it • lib/generated_widget.dart:51:11 • unused_local_variable
warning • The value of the local variable 'index' isn't used. Try removing the variable or using it • lib/generated_widget.dart:159:21 • unused_local_variable

[spm]: Injecting profiler code...
[spm]: Starting app...
Running Gradle task 'assembleProfile'...                        
Running Gradle task 'assembleProfile'...                           20.7s
✓ Built build/app/outputs/flutter-apk/app-profile.apk (26.8MB)
Installing build/app/outputs/flutter-apk/app-profile.apk...      1,216ms
D/MiuiMultiWindowUtils(18073): freeform resolution args raw data:{  "zizhan":{    "freeform_args": {      "inner":{        "vertical_portrait":{"aspect_ratio":0.626, "original_ratio":0.5643,"original_scale":0.74,"top_margin":0.168,"left_margin":0.484},        "horizontal_portrait":{"aspect_ratio":0.626, "original_ratio":0.5643,"original_scale":0.74,"top_margin":0.1222,"left_margin":0.59745},        "vertical_landscape":{"aspect_ratio":1.6, "original_ratio":1,"original_scale":0.604,"top_margin":0.2596,"left_margin":0.2624},        "horizontal_landscape":{"aspect_ratio":1.6, "original_ratio":1,"original_scale":0.604,"top_margin":0.213,"left_margin":0.3758}      },      "outer":{        "vertical_portrait":{"aspect_ratio":0.626, "original_ratio":1,"original_scale":0.74,"top_margin":0.0753,"left_margin":-1},        "horizontal_portrait":{"aspect_ratio":0.626, "original_ratio":1,"original_scale":0.5756,"top_margin":-1,"left_margin":0.0753},        "vertical_landscape":{"aspect_ratio":1.6, "original_ratio":0.6847,"original_scale":0.587,"top_margin":0.0753,"left_margin":-1},        "horizontal_landscape":{"aspect_ratio":1.6, "original_ratio":0.6847,"original_scale":0.587,"top_margin":-1,"left_margin":0.0753}}    },    "mini_freeform_args":{      "inner":{        "vertical_portrait":{"aspect_ratio":0.626, "original_ratio":0.147},        "horizontal_portrait":{"aspect_ratio":0.626, "original_ratio":0.147},        "vertical_landscape":{"aspect_ratio":1.6, "original_ratio":0.165},        "horizontal_landscape":{"aspect_ratio":1.6, "original_ratio":0.165}      },      "outer":{        "vertical_portrait":{"aspect_ratio":0.626, "original_ratio":0.26},        "horizontal_portrait":{"aspect_ratio":0.626, "original_ratio":0.26},        "vertical_landscape":{"aspect_ratio":1.6, "original_ratio":0.293},        "horizontal_landscape":{"aspect_ratio":1.6, "original_ratio":0.293}}    }  },  "wide_default":{    "freeform_args": {        "vertical_portrait":{"aspect_ratio":0.625, "original_ratio":0.5806,"original_scale":0.7574,"top_margin":0.125,"left_margin":0.392},        "horizontal_portrait":{"aspect_ratio":0.625, "original_ratio":0.5806,"original_scale":0.7574,"top_margin":-1,"left_margin":0.6415},        "vertical_landscape":{"aspect_ratio":1.6, "original_ratio":1,"original_scale":0.5153,"top_margin":0.125,"left_margin":0.206},        "horizontal_landscape":{"aspect_ratio":1.6, "original_ratio":1,"original_scale":0.5153,"top_margin":-1,"left_margin":0.456}    },    "mini_freeform_args":{        "vertical_portrait":{"aspect_ratio":0.5625, "original_ratio":0.144},        "horizontal_portrait":{"aspect_ratio":0.5625, "original_ratio":0.144},        "vertical_landscape":{"aspect_ratio":-1, "original_ratio":0.144},        "horizontal_landscape":{"aspect_ratio":-1, "original_ratio":0.144}    }  },  "narrow_default": {    "freeform_args": {        "vertical_portrait":{"aspect_ratio":0.5625, "original_ratio":1,"original_scale":0.7182,"top_margin":0.142,"left_margin":-1},        "horizontal_portrait":{"aspect_ratio":0.8, "original_ratio":1,"original_scale":0.7182,"top_margin":-1,"left_margin":0.05},        "vertical_landscape":{"aspect_ratio":1.6, "original_ratio":0.6545,"original_scale":0.4473,"top_margin":0.142,"left_margin":-1},        "horizontal_landscape":{"aspect_ratio":1.6, "original_ratio":0.6545,"original_scale":0.4473,"top_margin":-1,"left_margin":0.05}    },    "mini_freeform_args":{        "vertical_portrait":{"aspect_ratio":0.5625, "original_ratio":0.3},        "horizontal_portrait":{"aspect_ratio":0.5625, "original_ratio":0.3},        "vertical_landscape":{"aspect_ratio":1.7778, "original_ratio":0.3},        "horizontal_landscape":{"aspect_ratio":1.7778, "original_ratio":0.3}    }  },  "regular_default": {    "freeform_args": {      "vertical_portrait":{"aspect_ratio":0.625, "original_ratio":1,"original_scale":0.7,"top_margin":0.109,"left_margin":-1},      "horizontal_portrait":{"aspect_ratio":0.6667, "original_ratio":1,"original_scale":0.6102,"top_margin":-1,"left_margin":0.026},      "vertical_landscape":{"asp
E/MiuiMultiWindowUtils(18073): initFreeFormResolutionArgs failed, device is lime
D/IS_CTS_MODE(18073): true
D/MULTI_WINDOW_SWITCH_ENABLED(18073): false
D/IS_CTS_MODE(18073): true
D/MULTI_WINDOW_SWITCH_ENABLED(18073): false
D/IS_CTS_MODE(18073): true
D/MULTI_WINDOW_SWITCH_ENABLED(18073): false
D/DecorView[](18073): getWindowModeFromSystem  windowmode is 1
D/DecorView[](18073): getWindowModeFromSystem  windowmode is 1
D/DecorView[](18073): updateDecorCaptionStatus displayWindowDecor is false
W/Looper  (18073): PerfMonitor looperActivity : package=com.example.benchmark_container/.MainActivity time=397ms latency=375ms running=0ms  procState=-1  historyMsgCount=2 (msgIndex=1 wall=397ms seq=4 late=375ms h=android.app.ActivityThread$H w=159) (msgIndex=2 wall=382ms seq=3 h=android.app.ActivityThread$H w=110)
W/Looper  (18073): PerfMonitor looperActivity : package=com.example.benchmark_container/.MainActivity time=0ms latency=774ms running=0ms  procState=-1  historyMsgCount=4 (msgIndex=2 wall=397ms seq=4 h=android.app.ActivityThread$H w=159) (msgIndex=3 wall=382ms seq=3 h=android.app.ActivityThread$H w=110) (msgIndex=4 wall=397ms seq=4 h=android.app.ActivityThread$H w=159)
D/SurfaceView(18073): UPDATE null, mIsCastMode = false
D/hw-ProcessState(18073): Binder ioctl to enable oneway spam detection failed: Invalid argument
W/Looper  (18073): PerfMonitor longMsg : seq=8 plan=14:34:44.099 late=397ms wall=1688ms running=0ms h=android.view.Choreographer$FrameHandler c=android.view.Choreographer$FrameDisplayEventReceiver procState=-1
W/Looper  (18073): PerfMonitor doFrame : time=1688ms vsyncFrame=0 latency=397ms procState=-1 historyMsgCount=4 (msgIndex=1 wall=1688ms seq=8 late=397ms h=android.view.Choreographer$FrameHandler c=android.view.Choreographer$FrameDisplayEventReceiver)
I/Choreographer(18073): Skipped 96 frames!  The application may be doing too much work on its main thread.
D/SurfaceView(18073): UPDATE Surface(name=SurfaceView[com.example.benchmark_container/com.example.benchmark_container.MainActivity])/@0x739554a, mIsProjectionMode = false
W/Looper  (18073): PerfMonitor doFrame : time=4ms vsyncFrame=0 latency=1608ms procState=-1 historyMsgCount=4
[spm]: Connected to Dart VM service.
I/flutter (18073): 00:00 +0: Performance Benchmark
E/hmark_containe(18073): open libmigui.so failed! dlopen - dlopen failed: library "libmigui.so" not found
D/hmark_containe(18073): MiuiProcessManagerServiceStub setSchedFifo
I/MiuiProcessManagerImpl(18073): setSchedFifo pid:18073, mode:3
D/DecorView[](18073): onWindowFocusChanged hasWindowFocus true
D/DecorView[](18073): getWindowModeFromSystem  windowmode is 1
D/DecorView[](18073): updateDecorCaptionStatus displayWindowDecor is false
D/ProfileInstaller(18073): Installing profile for com.example.benchmark_container
I/flutter (18073): type '_Stub' is not a subtype of type 'FlutterClawConfig'
I/flutter (18073): #0      _GeneratedWidgetState.build (package:benchmark_container/generated_widget.dart:289)
I/flutter (18073): #1      StatefulElement.build (package:flutter/src/widgets/framework.dart:5931)
I/flutter (18073): #2      ComponentElement.performRebuild (package:flutter/src/widgets/framework.dart:5817)
I/flutter (18073): #3      StatefulElement.performRebuild (package:flutter/src/widgets/framework.dart:5982)
I/flutter (18073): #4      Element.rebuild (package:flutter/src/widgets/framework.dart:5529)
I/flutter (18073): #5      ComponentElement._firstBuild (package:flutter/src/widgets/framework.dart:5799)
I/flutter (18073): #6      StatefulElement._firstBuild (package:flutter/src/widgets/framework.dart:5973)
I/flutter (18073): #7      ComponentElement.mount (package:flutter/src/widgets/framework.dart:5793)
I/flutter (18073): #8      Element.inflateWidget (package:flutter/src/widgets/framework.dart:4587)
I/flutter (18073): #9      Element.updateChild (package:flutter/src/widgets/framework.dart:4059)
I/flutter (18073): #10     ComponentElement.performRebuild (package:flutter/src/widgets/framework.dart:5841)
I/flutter (18073): #11     Element.rebuild (package:flutter/src/widgets/framework.dart:5529)
I/flutter (18073): #12     ComponentElement._firstBuild (package:flutter/src/widgets/framework.dart:5799)
I/flutter (18073): #13     ComponentElement.mount (package:flutter/src/widgets/framework.dart:5793)
I/flutter (18073): #14     Element.inflateWidget (package:flutter/src/widgets/framework.dart:4587)
I/flutter (18073): #15     Element.updateChild (package:flutter/src/widgets/framework.dart:4059)
I/flutter (18073): #16     ComponentElement.performRebuild (package:flutter/src/widgets/framework.dart:5841)
I/flutter (18073): #17     Element.rebuild (package:flutter/src/widgets/framework.dart:5529)
I/flutter (18073): #18     ComponentElement._firstBuild (package:flutter/src/widgets/framework.dart:5799)
I/flutter (18073): #19     ComponentElement.mount (package:flutter/src/widgets/framework.dart:5793)
I/flutter (18073): #20     Element.inflateWidget (package:flutter/src/widgets/framework.dart:4587)
I/flutter (18073): #21     Element.updateChild (package:flutter/src/widgets/framework.dart:4059)
I/flutter (18073): #22     ComponentElement.performRebuild (package:flutter/src/widgets/framework.dart:5841)
I/flutter (18073): #23     Element.rebuild (package:flutter/src/widgets/framework.dart:5529)
I/flutter (18073): #24     ComponentElement._firstBuild (package:flutter/src/widgets/framework.dart:5799)
I/flutter (18073): #25     ComponentElement.mount (package:flutter/src/widgets/framework.dart:5793)
I/flutter (18073): #26     Element.inflateWidget (package:flutter/src/widgets/framework.dart:4587)
I/flutter (18073): #27     Element.updateChild (package:flutter/src/widgets/framework.dart:4059)
I/flutter (18073): #28     ComponentElement.performRebuild (package:flutter/src/widgets/framework.dart:5841)
I/flutter (18073): #29     Element.rebuild (package:flutter/src/widgets/framework.dart:5529)
I/flutter (18073): #30     ComponentElement._firstBuild (package:flutter/src/widgets/framework.dart:5799)
I/flutter (18073): #31     ComponentElement.mount (package:flutter/src/widgets/framework.dart:5793)
I/flutter (18073): #32     Element.inflateWidget (package:flutter/src/widgets/framework.dart:4587)
I/flutter (18073): #33     MultiChildRenderObjectElement.inflateWidget (package:flutter/src/widgets/framework.dart:7264)
I/flutter (18073): #34     MultiChildRenderObjectElement.mount (package:flutter/src/widgets/framework.dart:7279)
I/flutter (18073): #35     Element.inflateWidget (package:flutter/src/widgets/framework.dart:4587)
I/flutter (18073): #36     Element.updateChild (package:flutter/src/widgets/framework.dart:4059)
I/flutter (18073): #37     ComponentElement.performRebuild (package:flutter/src/widgets/framework.dart:5841)
I/flutter (18073): #38     Element.rebuild (package:flutter/src/widgets/framework.dart:5529)
I/flutter (18073): #39     ComponentElement._firstBuild (package:flutter/src/widgets/framework.dart:5799)
I/flutter (18073): #40     ComponentElement.mount (package:flutter/src/widgets/framework.dart:5793)
I/flutter (18073): #41     Element.inflateWidget (package:flutter/src/widgets/framework.dart:4587)
I/flutter (18073): #42     Element.updateChild (package:flutter/src/widgets/framework.dart:4059)
I/flutter (18073): #43     ComponentElement.performRebuild (package:flutter/src/widgets/framework.dart:5841)
I/flutter (18073): #44     StatefulElement.performRebuild (package:flutter/src/widgets/framework.dart:5982)
I/flutter (18073): #45     Element.rebuild (package:flutter/src/widgets/framework.dart:5529)
I/flutter (18073): #46     ComponentElement._firstBuild (package:flutter/src/widgets/framework.dart:5799)
I/flutter (18073): #47     StatefulElement._firstBuild (package:flutter/src/widgets/framework.dart:5973)
I/flutter (18073): #48     ComponentElement.mount (package:flutter/src/widgets/framework.dart:5793)
I/flutter (18073): #49     Element.inflateWidget (package:flutter/src/widgets/framework.dart:4587)
I/flutter (18073): #50     Element.updateChild (package:flutter/src/widgets/framework.dart:4059)
I/flutter (18073): #51     ComponentElement.performRebuild (package:flutter/src/widgets/framework.dart:5841)
I/flutter (18073): #52     Element.rebuild (package:flutter/src/widgets/framework.dart:5529)
I/flutter (18073): #53     ComponentElement._firstBuild (package:flutter/src/widgets/framework.dart:5799)
I/flutter (18073): #54     ComponentElement.mount (package:flutter/src/widgets/framework.dart:5793)
I/flutter (18073): #55     Element.inflateWidget (package:flutter/src/widgets/framework.dart:4587)
I/flutter (18073): #56     Element.updateChild (package:flutter/src/widgets/framework.dart:4059)
I/flutter (18073): #57     ComponentElement.performRebuild (package:flutter/src/widgets/framework.dart:5841)
I/flutter (18073): #58     Element.rebuild (package:flutter/src/widgets/framework.dart:5529)
I/flutter (18073): #59     ComponentElement._firstBuild (package:flutter/src/widgets/framework.dart:5799)
I/flutter (18073): #60     ComponentElement.mount (package:flutter/src/widgets/framework.dart:5793)
I/flutter (18073): #61     Element.inflateWidget (package:flutter/src/widgets/framework.dart:4587)
I/flutter (18073): #62     Element.updateChild (package:flutter/src/widgets/framework.dart:4059)
I/flutter (18073): #63     ComponentElement.performRebuild (package:flutter/src/widgets/framework.dart:5841)
I/flutter (18073): #64     StatefulElement.performRebuild (package:flutter/src/widgets/framework.dart:5982)
I/flutter (18073): #65     Element.rebuild (package:flutter/src/widgets/framework.dart:5529)
I/flutter (18073): #66     ComponentElement._firstBuild (package:flutter/src/widgets/framework.dart:5799)
I/flutter (18073): #67     StatefulElement._firstBuild (package:flutter/src/widgets/framework.dart:5973)
I/flutter (18073): #68     ComponentElement.mount (package:flutter/src/widgets/framework.dart:5793)
I/flutter (18073): #69     Element.inflateWidget (package:flutter/src/widgets/framework.dart:4587)
I/flutter (18073): #70     Element.updateChild (package:flutter/src/widgets/framework.dart:4059)
I/flutter (18073): #71     SingleChildRenderObjectElement.mount (package:flutter/src/widgets/framework.dart:7115)
I/flutter (18073): #72     Element.inflateWidget (package:flutter/src/widgets/framework.dart:4587)
I/flutter (18073): #73     Element.updateChild (package:flutter/src/widgets/framework.dart:4059)
I/flutter (18073): #74     ComponentElement.performRebuild (package:flutter/src/widgets/framework.dart:5841)
I/flutter (18073): #75     Element.rebuild (package:flutter/src/widgets/framework.dart:5529)
I/flutter (18073): #76     ComponentElement._firstBuild (package:flutter/src/widgets/framework.dart:5799)
I/flutter (18073): #77     ComponentElement.mount (package:flutter/src/widgets/framework.dart:5793)
I/flutter (18073): #78     Element.inflateWidget (package:flutter/src/widgets/framework.dart:4587)
I/flutter (18073): #79     Element.updateChild (package:flutter/src/widgets/framework.dart:4059)
I/flutter (18073): #80     SingleChildRenderObjectElement.mount (package:flutter/src/widgets/framework.dart:7115)
I/flutter (18073): #81     Element.inflateWidget (package:flutter/src/widgets/framework.dart:4587)
I/flutter (18073): #82     Element.updateChild (package:flutter/src/widgets/framework.dart:4059)
I/flutter (18073): #83     ComponentElement.performRebuild (package:flutter/src/widgets/framework.dart:5841)
I/flutter (18073): #84     StatefulElement.performRebuild (package:flutter/src/widgets/framework.dart:5982)
I/flutter (18073): #85     Element.rebuild (package:flutter/src/widgets/framework.dart:5529)
I/flutter (18073): #86     ComponentElement._firstBuild (package:flutter/src/widgets/framework.dart:5799)
I/flutter (18073): #87     StatefulElement._firstBuild (package:flutter/src/widgets/framework.dart:5973)
I/flutter (18073): #88     ComponentElement.mount (package:flutter/src/widgets/framework.dart:5793)
I/flutter (18073): #89     Element.inflateWidget (package:flutter/src/widgets/framework.dart:4587)
I/flutter (18073): #90     Element.updateChild (package:flutter/src/widgets/framework.dart:4059)
I/flutter (18073): #91     ComponentElement.performRebuild (package:flutter/src/widgets/framework.dart:5841)
I/flutter (18073): #92     StatefulElement.performRebuild (package:flutter/src/widgets/framework.dart:5982)
I/flutter (18073): #93     Element.rebuild (package:flutter/src/widgets/framework.dart:5529)
I/flutter (18073): #94     ComponentElement._firstBuild (package:flutter/src/widgets/framework.dart:5799)
I/flutter (18073): #95     StatefulElement._firstBuild (package:flutter/src/widgets/framework.dart:5973)
I/flutter (18073): #96     ComponentElement.mount (package:flutter/src/widgets/framework.dart:5793)
I/flutter (18073): #97     Element.inflateWidget (package:flutter/src/widgets/framework.dart:4587)
I/flutter (18073): #98     Element.updateChild (package:flutter/src/widgets/framework.dart:4059)
I/flutter (18073): #99     ComponentElement.performRebuild (package:flutter/src/widgets/framework.dart:5841)
I/flutter (18073): type '_Stub' is not a subtype of type 'FlutterClawConfig'
I/flutter (18073): #0      _GeneratedWidgetState.build (package:benchmark_container/generated_widget.dart:289)
I/flutter (18073): #1      StatefulElement.build (package:flutter/src/widgets/framework.dart:5931)
I/flutter (18073): #2      ComponentElement.performRebuild (package:flutter/src/widgets/framework.dart:5817)
I/flutter (18073): #3      StatefulElement.performRebuild (package:flutter/src/widgets/framework.dart:5982)
I/flutter (18073): #4      Element.rebuild (package:flutter/src/widgets/framework.dart:5529)
I/flutter (18073): #5      BuildScope._tryRebuild (package:flutter/src/widgets/framework.dart:2750)
I/flutter (18073): #6      BuildScope._flushDirtyElements (package:flutter/src/widgets/framework.dart:2807)
I/flutter (18073): #7      BuildOwner.buildScope (package:flutter/src/widgets/framework.dart:3111)
I/flutter (18073): #8      WidgetsBinding.drawFrame (package:flutter/src/widgets/binding.dart:1571)
I/flutter (18073): #9      RendererBinding._handlePersistentFrameCallback (package:flutter/src/rendering/binding.dart:509)
I/flutter (18073): #10     SchedulerBinding._invokeFrameCallback (package:flutter/src/scheduler/binding.dart:1430)
I/flutter (18073): #11     SchedulerBinding.handleDrawFrame (package:flutter/src/scheduler/binding.dart:1345)
I/flutter (18073): #12     LiveTestWidgetsFlutterBinding.handleDrawFrame (package:flutter_test/src/binding.dart:2811)
I/flutter (18073): #13     SchedulerBinding._handleDrawFrame (package:flutter/src/scheduler/binding.dart:1198)
I/flutter (18073): #17     _invoke (dart:ui/hooks.dart:425)
I/flutter (18073): #18     PlatformDispatcher._drawFrame (dart:ui/platform_dispatcher.dart:447)
I/flutter (18073): #19     _drawFrame (dart:ui/hooks.dart:395)
I/flutter (18073): (elided 3 frames from dart:async)
[spm]: ProfilerData event received.
I/flutter (18073): [SPM:perf] 698a51a  buildSpan: 15304µs
I/flutter (18073): [spm] Performance monitoring completed for 698a51a
I/flutter (18073): type '_Stub' is not a subtype of type 'FlutterClawConfig'
I/flutter (18073): #0      _GeneratedWidgetState.build (package:benchmark_container/generated_widget.dart:289)
I/flutter (18073): #1      StatefulElement.build (package:flutter/src/widgets/framework.dart:5931)
I/flutter (18073): #2      ComponentElement.performRebuild (package:flutter/src/widgets/framework.dart:5817)
I/flutter (18073): #3      StatefulElement.performRebuild (package:flutter/src/widgets/framework.dart:5982)
I/flutter (18073): #4      Element.rebuild (package:flutter/src/widgets/framework.dart:5529)
I/flutter (18073): #5      BuildScope._tryRebuild (package:flutter/src/widgets/framework.dart:2750)
I/flutter (18073): #6      BuildScope._flushDirtyElements (package:flutter/src/widgets/framework.dart:2807)
I/flutter (18073): #7      BuildOwner.buildScope (package:flutter/src/widgets/framework.dart:3111)
I/flutter (18073): #8      WidgetsBinding.drawFrame (package:flutter/src/widgets/binding.dart:1571)
I/flutter (18073): #9      RendererBinding._handlePersistentFrameCallback (package:flutter/src/rendering/binding.dart:509)
I/flutter (18073): #10     SchedulerBinding._invokeFrameCallback (package:flutter/src/scheduler/binding.dart:1430)
I/flutter (18073): #11     SchedulerBinding.handleDrawFrame (package:flutter/src/scheduler/binding.dart:1345)
I/flutter (18073): #12     LiveTestWidgetsFlutterBinding.handleDrawFrame (package:flutter_test/src/binding.dart:2811)
I/flutter (18073): #13     SchedulerBinding._handleDrawFrame (package:flutter/src/scheduler/binding.dart:1198)
I/flutter (18073): #17     _invoke (dart:ui/hooks.dart:425)
I/flutter (18073): #18     PlatformDispatcher._drawFrame (dart:ui/platform_dispatcher.dart:447)
I/flutter (18073): #19     _drawFrame (dart:ui/hooks.dart:395)
I/flutter (18073): (elided 3 frames from dart:async)
[spm]: ProfilerData event received.
I/flutter (18073): [SPM:perf] 698a51a  buildSpan: 2962µs
I/flutter (18073): [spm] Performance monitoring completed for 698a51a
I/flutter (18073): type '_Stub' is not a subtype of type 'FlutterClawConfig'
I/flutter (18073): #0      _GeneratedWidgetState.build (package:benchmark_container/generated_widget.dart:289)
I/flutter (18073): #1      StatefulElement.build (package:flutter/src/widgets/framework.dart:5931)
I/flutter (18073): #2      ComponentElement.performRebuild (package:flutter/src/widgets/framework.dart:5817)
I/flutter (18073): #3      StatefulElement.performRebuild (package:flutter/src/widgets/framework.dart:5982)
I/flutter (18073): #4      Element.rebuild (package:flutter/src/widgets/framework.dart:5529)
I/flutter (18073): #5      BuildScope._tryRebuild (package:flutter/src/widgets/framework.dart:2750)
I/flutter (18073): #6      BuildScope._flushDirtyElements (package:flutter/src/widgets/framework.dart:2807)
I/flutter (18073): #7      BuildOwner.buildScope (package:flutter/src/widgets/framework.dart:3111)
I/flutter (18073): #8      WidgetsBinding.drawFrame (package:flutter/src/widgets/binding.dart:1571)
I/flutter (18073): #9      RendererBinding._handlePersistentFrameCallback (package:flutter/src/rendering/binding.dart:509)
I/flutter (18073): #10     SchedulerBinding._invokeFrameCallback (package:flutter/src/scheduler/binding.dart:1430)
I/flutter (18073): #11     SchedulerBinding.handleDrawFrame (package:flutter/src/scheduler/binding.dart:1345)
I/flutter (18073): #12     LiveTestWidgetsFlutterBinding.handleDrawFrame (package:flutter_test/src/binding.dart:2811)
I/flutter (18073): #13     SchedulerBinding._handleDrawFrame (package:flutter/src/scheduler/binding.dart:1198)
I/flutter (18073): #17     _invoke (dart:ui/hooks.dart:425)
I/flutter (18073): #18     PlatformDispatcher._drawFrame (dart:ui/platform_dispatcher.dart:447)
I/flutter (18073): #19     _drawFrame (dart:ui/hooks.dart:395)
I/flutter (18073): (elided 3 frames from dart:async)
[spm]: ProfilerData event received.
I/flutter (18073): [SPM:perf] 698a51a  buildSpan: 2744µs
I/flutter (18073): [spm] Performance monitoring completed for 698a51a
I/flutter (18073): type '_Stub' is not a subtype of type 'FlutterClawConfig'
I/flutter (18073): #0      _GeneratedWidgetState.build (package:benchmark_container/generated_widget.dart:289)
I/flutter (18073): #1      StatefulElement.build (package:flutter/src/widgets/framework.dart:5931)
I/flutter (18073): #2      ComponentElement.performRebuild (package:flutter/src/widgets/framework.dart:5817)
I/flutter (18073): #3      StatefulElement.performRebuild (package:flutter/src/widgets/framework.dart:5982)
I/flutter (18073): #4      Element.rebuild (package:flutter/src/widgets/framework.dart:5529)
I/flutter (18073): #5      BuildScope._tryRebuild (package:flutter/src/widgets/framework.dart:2750)
I/flutter (18073): #6      BuildScope._flushDirtyElements (package:flutter/src/widgets/framework.dart:2807)
I/flutter (18073): #7      BuildOwner.buildScope (package:flutter/src/widgets/framework.dart:3111)
I/flutter (18073): #8      WidgetsBinding.drawFrame (package:flutter/src/widgets/binding.dart:1571)
I/flutter (18073): #9      RendererBinding._handlePersistentFrameCallback (package:flutter/src/rendering/binding.dart:509)
I/flutter (18073): #10     SchedulerBinding._invokeFrameCallback (package:flutter/src/scheduler/binding.dart:1430)
I/flutter (18073): #11     SchedulerBinding.handleDrawFrame (package:flutter/src/scheduler/binding.dart:1345)
I/flutter (18073): #12     LiveTestWidgetsFlutterBinding.handleDrawFrame (package:flutter_test/src/binding.dart:2811)
I/flutter (18073): #13     SchedulerBinding._handleDrawFrame (package:flutter/src/scheduler/binding.dart:1198)
I/flutter (18073): #17     _invoke (dart:ui/hooks.dart:425)
I/flutter (18073): #18     PlatformDispatcher._drawFrame (dart:ui/platform_dispatcher.dart:447)
I/flutter (18073): #19     _drawFrame (dart:ui/hooks.dart:395)
I/flutter (18073): (elided 3 frames from dart:async)
[spm]: ProfilerData event received.
I/flutter (18073): [SPM:perf] 698a51a  buildSpan: 3608µs
I/flutter (18073): [spm] Performance monitoring completed for 698a51a
I/flutter (18073): type '_Stub' is not a subtype of type 'FlutterClawConfig'
I/flutter (18073): #0      _GeneratedWidgetState.build (package:benchmark_container/generated_widget.dart:289)
I/flutter (18073): #1      StatefulElement.build (package:flutter/src/widgets/framework.dart:5931)
I/flutter (18073): #2      ComponentElement.performRebuild (package:flutter/src/widgets/framework.dart:5817)
I/flutter (18073): #3      StatefulElement.performRebuild (package:flutter/src/widgets/framework.dart:5982)
I/flutter (18073): #4      Element.rebuild (package:flutter/src/widgets/framework.dart:5529)
I/flutter (18073): #5      BuildScope._tryRebuild (package:flutter/src/widgets/framework.dart:2750)
I/flutter (18073): #6      BuildScope._flushDirtyElements (package:flutter/src/widgets/framework.dart:2807)
I/flutter (18073): #7      BuildOwner.buildScope (package:flutter/src/widgets/framework.dart:3111)
I/flutter (18073): #8      WidgetsBinding.drawFrame (package:flutter/src/widgets/binding.dart:1571)
I/flutter (18073): #9      RendererBinding._handlePersistentFrameCallback (package:flutter/src/rendering/binding.dart:509)
I/flutter (18073): #10     SchedulerBinding._invokeFrameCallback (package:flutter/src/scheduler/binding.dart:1430)
I/flutter (18073): #11     SchedulerBinding.handleDrawFrame (package:flutter/src/scheduler/binding.dart:1345)
I/flutter (18073): #12     LiveTestWidgetsFlutterBinding.handleDrawFrame (package:flutter_test/src/binding.dart:2811)
I/flutter (18073): #13     SchedulerBinding._handleDrawFrame (package:flutter/src/scheduler/binding.dart:1198)
I/flutter (18073): #17     _invoke (dart:ui/hooks.dart:425)
I/flutter (18073): #18     PlatformDispatcher._drawFrame (dart:ui/platform_dispatcher.dart:447)
I/flutter (18073): #19     _drawFrame (dart:ui/hooks.dart:395)
I/flutter (18073): (elided 3 frames from dart:async)
[spm]: ProfilerData event received.
I/flutter (18073): [SPM:perf] 698a51a  buildSpan: 2642µs
I/flutter (18073): [spm] Performance monitoring completed for 698a51a
I/flutter (18073): type '_Stub' is not a subtype of type 'FlutterClawConfig'
I/flutter (18073): #0      _GeneratedWidgetState.build (package:benchmark_container/generated_widget.dart:289)
I/flutter (18073): #1      StatefulElement.build (package:flutter/src/widgets/framework.dart:5931)
I/flutter (18073): #2      ComponentElement.performRebuild (package:flutter/src/widgets/framework.dart:5817)
I/flutter (18073): #3      StatefulElement.performRebuild (package:flutter/src/widgets/framework.dart:5982)
I/flutter (18073): #4      Element.rebuild (package:flutter/src/widgets/framework.dart:5529)
I/flutter (18073): #5      BuildScope._tryRebuild (package:flutter/src/widgets/framework.dart:2750)
I/flutter (18073): #6      BuildScope._flushDirtyElements (package:flutter/src/widgets/framework.dart:2807)
I/flutter (18073): #7      BuildOwner.buildScope (package:flutter/src/widgets/framework.dart:3111)
I/flutter (18073): #8      WidgetsBinding.drawFrame (package:flutter/src/widgets/binding.dart:1571)
I/flutter (18073): #9      RendererBinding._handlePersistentFrameCallback (package:flutter/src/rendering/binding.dart:509)
I/flutter (18073): #10     SchedulerBinding._invokeFrameCallback (package:flutter/src/scheduler/binding.dart:1430)
I/flutter (18073): #11     SchedulerBinding.handleDrawFrame (package:flutter/src/scheduler/binding.dart:1345)
I/flutter (18073): #12     LiveTestWidgetsFlutterBinding.handleDrawFrame (package:flutter_test/src/binding.dart:2811)
I/flutter (18073): #13     SchedulerBinding._handleDrawFrame (package:flutter/src/scheduler/binding.dart:1198)
I/flutter (18073): #17     _invoke (dart:ui/hooks.dart:425)
I/flutter (18073): #18     PlatformDispatcher._drawFrame (dart:ui/platform_dispatcher.dart:447)
I/flutter (18073): #19     _drawFrame (dart:ui/hooks.dart:395)
I/flutter (18073): (elided 3 frames from dart:async)
[spm]: ProfilerData event received.
I/flutter (18073): [SPM:perf] 698a51a  buildSpan: 3670µs
I/flutter (18073): [spm] Performance monitoring completed for 698a51a
I/flutter (18073): type '_Stub' is not a subtype of type 'FlutterClawConfig'
I/flutter (18073): #0      _GeneratedWidgetState.build (package:benchmark_container/generated_widget.dart:289)
I/flutter (18073): #1      StatefulElement.build (package:flutter/src/widgets/framework.dart:5931)
I/flutter (18073): #2      ComponentElement.performRebuild (package:flutter/src/widgets/framework.dart:5817)
I/flutter (18073): #3      StatefulElement.performRebuild (package:flutter/src/widgets/framework.dart:5982)
I/flutter (18073): #4      Element.rebuild (package:flutter/src/widgets/framework.dart:5529)
I/flutter (18073): #5      BuildScope._tryRebuild (package:flutter/src/widgets/framework.dart:2750)
I/flutter (18073): #6      BuildScope._flushDirtyElements (package:flutter/src/widgets/framework.dart:2807)
I/flutter (18073): #7      BuildOwner.buildScope (package:flutter/src/widgets/framework.dart:3111)
I/flutter (18073): #8      WidgetsBinding.drawFrame (package:flutter/src/widgets/binding.dart:1571)
I/flutter (18073): #9      RendererBinding._handlePersistentFrameCallback (package:flutter/src/rendering/binding.dart:509)
I/flutter (18073): #10     SchedulerBinding._invokeFrameCallback (package:flutter/src/scheduler/binding.dart:1430)
I/flutter (18073): #11     SchedulerBinding.handleDrawFrame (package:flutter/src/scheduler/binding.dart:1345)
I/flutter (18073): #12     LiveTestWidgetsFlutterBinding.handleDrawFrame (package:flutter_test/src/binding.dart:2811)
I/flutter (18073): #13     SchedulerBinding._handleDrawFrame (package:flutter/src/scheduler/binding.dart:1198)
I/flutter (18073): #17     _invoke (dart:ui/hooks.dart:425)
I/flutter (18073): #18     PlatformDispatcher._drawFrame (dart:ui/platform_dispatcher.dart:447)
I/flutter (18073): #19     _drawFrame (dart:ui/hooks.dart:395)
I/flutter (18073): (elided 3 frames from dart:async)
[spm]: ProfilerData event received.
I/flutter (18073): [SPM:perf] 698a51a  buildSpan: 3309µs
I/flutter (18073): [spm] Performance monitoring completed for 698a51a
I/flutter (18073): type '_Stub' is not a subtype of type 'FlutterClawConfig'
I/flutter (18073): #0      _GeneratedWidgetState.build (package:benchmark_container/generated_widget.dart:289)
I/flutter (18073): #1      StatefulElement.build (package:flutter/src/widgets/framework.dart:5931)
I/flutter (18073): #2      ComponentElement.performRebuild (package:flutter/src/widgets/framework.dart:5817)
I/flutter (18073): #3      StatefulElement.performRebuild (package:flutter/src/widgets/framework.dart:5982)
I/flutter (18073): #4      Element.rebuild (package:flutter/src/widgets/framework.dart:5529)
I/flutter (18073): #5      BuildScope._tryRebuild (package:flutter/src/widgets/framework.dart:2750)
I/flutter (18073): #6      BuildScope._flushDirtyElements (package:flutter/src/widgets/framework.dart:2807)
I/flutter (18073): #7      BuildOwner.buildScope (package:flutter/src/widgets/framework.dart:3111)
I/flutter (18073): #8      WidgetsBinding.drawFrame (package:flutter/src/widgets/binding.dart:1571)
I/flutter (18073): #9      RendererBinding._handlePersistentFrameCallback (package:flutter/src/rendering/binding.dart:509)
I/flutter (18073): #10     SchedulerBinding._invokeFrameCallback (package:flutter/src/scheduler/binding.dart:1430)
I/flutter (18073): #11     SchedulerBinding.handleDrawFrame (package:flutter/src/scheduler/binding.dart:1345)
I/flutter (18073): #12     LiveTestWidgetsFlutterBinding.handleDrawFrame (package:flutter_test/src/binding.dart:2811)
I/flutter (18073): #13     SchedulerBinding._handleDrawFrame (package:flutter/src/scheduler/binding.dart:1198)
I/flutter (18073): #17     _invoke (dart:ui/hooks.dart:425)
I/flutter (18073): #18     PlatformDispatcher._drawFrame (dart:ui/platform_dispatcher.dart:447)
I/flutter (18073): #19     _drawFrame (dart:ui/hooks.dart:395)
I/flutter (18073): (elided 3 frames from dart:async)
[spm]: ProfilerData event received.
I/flutter (18073): [SPM:perf] 698a51a  buildSpan: 3640µs
I/flutter (18073): [spm] Performance monitoring completed for 698a51a
I/flutter (18073): type '_Stub' is not a subtype of type 'FlutterClawConfig'
I/flutter (18073): #0      _GeneratedWidgetState.build (package:benchmark_container/generated_widget.dart:289)
I/flutter (18073): #1      StatefulElement.build (package:flutter/src/widgets/framework.dart:5931)
I/flutter (18073): #2      ComponentElement.performRebuild (package:flutter/src/widgets/framework.dart:5817)
I/flutter (18073): #3      StatefulElement.performRebuild (package:flutter/src/widgets/framework.dart:5982)
I/flutter (18073): #4      Element.rebuild (package:flutter/src/widgets/framework.dart:5529)
I/flutter (18073): #5      BuildScope._tryRebuild (package:flutter/src/widgets/framework.dart:2750)
I/flutter (18073): #6      BuildScope._flushDirtyElements (package:flutter/src/widgets/framework.dart:2807)
I/flutter (18073): #7      BuildOwner.buildScope (package:flutter/src/widgets/framework.dart:3111)
I/flutter (18073): #8      WidgetsBinding.drawFrame (package:flutter/src/widgets/binding.dart:1571)
I/flutter (18073): #9      RendererBinding._handlePersistentFrameCallback (package:flutter/src/rendering/binding.dart:509)
I/flutter (18073): #10     SchedulerBinding._invokeFrameCallback (package:flutter/src/scheduler/binding.dart:1430)
I/flutter (18073): #11     SchedulerBinding.handleDrawFrame (package:flutter/src/scheduler/binding.dart:1345)
I/flutter (18073): #12     LiveTestWidgetsFlutterBinding.handleDrawFrame (package:flutter_test/src/binding.dart:2811)
I/flutter (18073): #13     SchedulerBinding._handleDrawFrame (package:flutter/src/scheduler/binding.dart:1198)
I/flutter (18073): #17     _invoke (dart:ui/hooks.dart:425)
I/flutter (18073): #18     PlatformDispatcher._drawFrame (dart:ui/platform_dispatcher.dart:447)
I/flutter (18073): #19     _drawFrame (dart:ui/hooks.dart:395)
I/flutter (18073): (elided 3 frames from dart:async)
I/flutter (18073): [SPM:perf] 698a51a  buildSpan: 3098µs
I/flutter (18073): [spm] Performance monitoring completed for 698a51a
[spm]: ProfilerData event received.
I/flutter (18073): type '_Stub' is not a subtype of type 'FlutterClawConfig'
I/flutter (18073): #0      _GeneratedWidgetState.build (package:benchmark_container/generated_widget.dart:289)
I/flutter (18073): #1      StatefulElement.build (package:flutter/src/widgets/framework.dart:5931)
I/flutter (18073): #2      ComponentElement.performRebuild (package:flutter/src/widgets/framework.dart:5817)
I/flutter (18073): #3      StatefulElement.performRebuild (package:flutter/src/widgets/framework.dart:5982)
I/flutter (18073): #4      Element.rebuild (package:flutter/src/widgets/framework.dart:5529)
I/flutter (18073): #5      BuildScope._tryRebuild (package:flutter/src/widgets/framework.dart:2750)
I/flutter (18073): #6      BuildScope._flushDirtyElements (package:flutter/src/widgets/framework.dart:2807)
I/flutter (18073): #7      BuildOwner.buildScope (package:flutter/src/widgets/framework.dart:3111)
I/flutter (18073): #8      WidgetsBinding.drawFrame (package:flutter/src/widgets/binding.dart:1571)
I/flutter (18073): #9      RendererBinding._handlePersistentFrameCallback (package:flutter/src/rendering/binding.dart:509)
I/flutter (18073): #10     SchedulerBinding._invokeFrameCallback (package:flutter/src/scheduler/binding.dart:1430)
I/flutter (18073): #11     SchedulerBinding.handleDrawFrame (package:flutter/src/scheduler/binding.dart:1345)
I/flutter (18073): #12     LiveTestWidgetsFlutterBinding.handleDrawFrame (package:flutter_test/src/binding.dart:2811)
I/flutter (18073): #13     SchedulerBinding._handleDrawFrame (package:flutter/src/scheduler/binding.dart:1198)
I/flutter (18073): #17     _invoke (dart:ui/hooks.dart:425)
I/flutter (18073): #18     PlatformDispatcher._drawFrame (dart:ui/platform_dispatcher.dart:447)
I/flutter (18073): #19     _drawFrame (dart:ui/hooks.dart:395)
I/flutter (18073): (elided 3 frames from dart:async)
[spm]: ProfilerData event received.
I/flutter (18073): [SPM:perf] 698a51a  buildSpan: 3149µs
I/flutter (18073): [spm] Performance monitoring completed for 698a51a
I/flutter (18073): type '_Stub' is not a subtype of type 'FlutterClawConfig'
I/flutter (18073): #0      _GeneratedWidgetState.build (package:benchmark_container/generated_widget.dart:289)
I/flutter (18073): #1      StatefulElement.build (package:flutter/src/widgets/framework.dart:5931)
I/flutter (18073): #2      ComponentElement.performRebuild (package:flutter/src/widgets/framework.dart:5817)
I/flutter (18073): #3      StatefulElement.performRebuild (package:flutter/src/widgets/framework.dart:5982)
I/flutter (18073): #4      Element.rebuild (package:flutter/src/widgets/framework.dart:5529)
I/flutter (18073): #5      BuildScope._tryRebuild (package:flutter/src/widgets/framework.dart:2750)
I/flutter (18073): #6      BuildScope._flushDirtyElements (package:flutter/src/widgets/framework.dart:2807)
I/flutter (18073): #7      BuildOwner.buildScope (package:flutter/src/widgets/framework.dart:3111)
I/flutter (18073): #8      WidgetsBinding.drawFrame (package:flutter/src/widgets/binding.dart:1571)
I/flutter (18073): #9      RendererBinding._handlePersistentFrameCallback (package:flutter/src/rendering/binding.dart:509)
I/flutter (18073): #10     SchedulerBinding._invokeFrameCallback (package:flutter/src/scheduler/binding.dart:1430)
I/flutter (18073): #11     SchedulerBinding.handleDrawFrame (package:flutter/src/scheduler/binding.dart:1345)
I/flutter (18073): #12     LiveTestWidgetsFlutterBinding.handleDrawFrame (package:flutter_test/src/binding.dart:2811)
I/flutter (18073): #13     SchedulerBinding._handleDrawFrame (package:flutter/src/scheduler/binding.dart:1198)
I/flutter (18073): #17     _invoke (dart:ui/hooks.dart:425)
I/flutter (18073): #18     PlatformDispatcher._drawFrame (dart:ui/platform_dispatcher.dart:447)
I/flutter (18073): #19     _drawFrame (dart:ui/hooks.dart:395)
I/flutter (18073): (elided 3 frames from dart:async)
[spm]: ProfilerData event received.
I/flutter (18073): [SPM:perf] 698a51a  buildSpan: 3158µs
I/flutter (18073): [spm] Performance monitoring completed for 698a51a
I/flutter (18073): type '_Stub' is not a subtype of type 'FlutterClawConfig'
I/flutter (18073): #0      _GeneratedWidgetState.build (package:benchmark_container/generated_widget.dart:289)
I/flutter (18073): #1      StatefulElement.build (package:flutter/src/widgets/framework.dart:5931)
I/flutter (18073): #2      ComponentElement.performRebuild (package:flutter/src/widgets/framework.dart:5817)
I/flutter (18073): #3      StatefulElement.performRebuild (package:flutter/src/widgets/framework.dart:5982)
I/flutter (18073): #4      Element.rebuild (package:flutter/src/widgets/framework.dart:5529)
I/flutter (18073): #5      BuildScope._tryRebuild (package:flutter/src/widgets/framework.dart:2750)
I/flutter (18073): #6      BuildScope._flushDirtyElements (package:flutter/src/widgets/framework.dart:2807)
I/flutter (18073): #7      BuildOwner.buildScope (package:flutter/src/widgets/framework.dart:3111)
I/flutter (18073): #8      WidgetsBinding.drawFrame (package:flutter/src/widgets/binding.dart:1571)
I/flutter (18073): #9      RendererBinding._handlePersistentFrameCallback (package:flutter/src/rendering/binding.dart:509)
I/flutter (18073): #10     SchedulerBinding._invokeFrameCallback (package:flutter/src/scheduler/binding.dart:1430)
I/flutter (18073): #11     SchedulerBinding.handleDrawFrame (package:flutter/src/scheduler/binding.dart:1345)
I/flutter (18073): #12     LiveTestWidgetsFlutterBinding.handleDrawFrame (package:flutter_test/src/binding.dart:2811)
I/flutter (18073): #13     SchedulerBinding._handleDrawFrame (package:flutter/src/scheduler/binding.dart:1198)
I/flutter (18073): #17     _invoke (dart:ui/hooks.dart:425)
I/flutter (18073): #18     PlatformDispatcher._drawFrame (dart:ui/platform_dispatcher.dart:447)
I/flutter (18073): #19     _drawFrame (dart:ui/hooks.dart:395)
I/flutter (18073): (elided 3 frames from dart:async)
I/flutter (18073): [SPM:perf] 698a51a  buildSpan: 3078µs
I/flutter (18073): [spm] Performance monitoring completed for 698a51a
[spm]: ProfilerData event received.
I/flutter (18073): type '_Stub' is not a subtype of type 'FlutterClawConfig'
I/flutter (18073): #0      _GeneratedWidgetState.build (package:benchmark_container/generated_widget.dart:289)
I/flutter (18073): #1      StatefulElement.build (package:flutter/src/widgets/framework.dart:5931)
I/flutter (18073): #2      ComponentElement.performRebuild (package:flutter/src/widgets/framework.dart:5817)
I/flutter (18073): #3      StatefulElement.performRebuild (package:flutter/src/widgets/framework.dart:5982)
I/flutter (18073): #4      Element.rebuild (package:flutter/src/widgets/framework.dart:5529)
I/flutter (18073): #5      BuildScope._tryRebuild (package:flutter/src/widgets/framework.dart:2750)
I/flutter (18073): #6      BuildScope._flushDirtyElements (package:flutter/src/widgets/framework.dart:2807)
I/flutter (18073): #7      BuildOwner.buildScope (package:flutter/src/widgets/framework.dart:3111)
I/flutter (18073): #8      WidgetsBinding.drawFrame (package:flutter/src/widgets/binding.dart:1571)
I/flutter (18073): #9      RendererBinding._handlePersistentFrameCallback (package:flutter/src/rendering/binding.dart:509)
I/flutter (18073): #10     SchedulerBinding._invokeFrameCallback (package:flutter/src/scheduler/binding.dart:1430)
I/flutter (18073): #11     SchedulerBinding.handleDrawFrame (package:flutter/src/scheduler/binding.dart:1345)
I/flutter (18073): #12     LiveTestWidgetsFlutterBinding.handleDrawFrame (package:flutter_test/src/binding.dart:2811)
I/flutter (18073): #13     SchedulerBinding._handleDrawFrame (package:flutter/src/scheduler/binding.dart:1198)
I/flutter (18073): #17     _invoke (dart:ui/hooks.dart:425)
I/flutter (18073): #18     PlatformDispatcher._drawFrame (dart:ui/platform_dispatcher.dart:447)
I/flutter (18073): #19     _drawFrame (dart:ui/hooks.dart:395)
I/flutter (18073): (elided 3 frames from dart:async)
I/flutter (18073): [SPM:perf] 698a51a  buildSpan: 3656µs
I/flutter (18073): [spm] Performance monitoring completed for 698a51a
[spm]: ProfilerData event received.
I/flutter (18073): type '_Stub' is not a subtype of type 'FlutterClawConfig'
I/flutter (18073): #0      _GeneratedWidgetState.build (package:benchmark_container/generated_widget.dart:289)
I/flutter (18073): #1      StatefulElement.build (package:flutter/src/widgets/framework.dart:5931)
I/flutter (18073): #2      ComponentElement.performRebuild (package:flutter/src/widgets/framework.dart:5817)
I/flutter (18073): #3      StatefulElement.performRebuild (package:flutter/src/widgets/framework.dart:5982)
I/flutter (18073): #4      Element.rebuild (package:flutter/src/widgets/framework.dart:5529)
I/flutter (18073): #5      BuildScope._tryRebuild (package:flutter/src/widgets/framework.dart:2750)
I/flutter (18073): #6      BuildScope._flushDirtyElements (package:flutter/src/widgets/framework.dart:2807)
I/flutter (18073): #7      BuildOwner.buildScope (package:flutter/src/widgets/framework.dart:3111)
I/flutter (18073): #8      WidgetsBinding.drawFrame (package:flutter/src/widgets/binding.dart:1571)
I/flutter (18073): #9      RendererBinding._handlePersistentFrameCallback (package:flutter/src/rendering/binding.dart:509)
I/flutter (18073): #10     SchedulerBinding._invokeFrameCallback (package:flutter/src/scheduler/binding.dart:1430)
I/flutter (18073): #11     SchedulerBinding.handleDrawFrame (package:flutter/src/scheduler/binding.dart:1345)
I/flutter (18073): #12     LiveTestWidgetsFlutterBinding.handleDrawFrame (package:flutter_test/src/binding.dart:2811)
I/flutter (18073): #13     SchedulerBinding._handleDrawFrame (package:flutter/src/scheduler/binding.dart:1198)
I/flutter (18073): #17     _invoke (dart:ui/hooks.dart:425)
I/flutter (18073): #18     PlatformDispatcher._drawFrame (dart:ui/platform_dispatcher.dart:447)
I/flutter (18073): #19     _drawFrame (dart:ui/hooks.dart:395)
I/flutter (18073): (elided 3 frames from dart:async)
[spm]: ProfilerData event received.
I/flutter (18073): [SPM:perf] 698a51a  buildSpan: 3496µs
I/flutter (18073): [spm] Performance monitoring completed for 698a51a
I/flutter (18073): type '_Stub' is not a subtype of type 'FlutterClawConfig'
I/flutter (18073): #0      _GeneratedWidgetState.build (package:benchmark_container/generated_widget.dart:289)
I/flutter (18073): #1      StatefulElement.build (package:flutter/src/widgets/framework.dart:5931)
I/flutter (18073): #2      ComponentElement.performRebuild (package:flutter/src/widgets/framework.dart:5817)
I/flutter (18073): #3      StatefulElement.performRebuild (package:flutter/src/widgets/framework.dart:5982)
I/flutter (18073): #4      Element.rebuild (package:flutter/src/widgets/framework.dart:5529)
I/flutter (18073): #5      BuildScope._tryRebuild (package:flutter/src/widgets/framework.dart:2750)
I/flutter (18073): #6      BuildScope._flushDirtyElements (package:flutter/src/widgets/framework.dart:2807)
I/flutter (18073): #7      BuildOwner.buildScope (package:flutter/src/widgets/framework.dart:3111)
I/flutter (18073): #8      WidgetsBinding.drawFrame (package:flutter/src/widgets/binding.dart:1571)
I/flutter (18073): #9      RendererBinding._handlePersistentFrameCallback (package:flutter/src/rendering/binding.dart:509)
I/flutter (18073): #10     SchedulerBinding._invokeFrameCallback (package:flutter/src/scheduler/binding.dart:1430)
I/flutter (18073): #11     SchedulerBinding.handleDrawFrame (package:flutter/src/scheduler/binding.dart:1345)
I/flutter (18073): #12     LiveTestWidgetsFlutterBinding.handleDrawFrame (package:flutter_test/src/binding.dart:2811)
I/flutter (18073): #13     SchedulerBinding._handleDrawFrame (package:flutter/src/scheduler/binding.dart:1198)
I/flutter (18073): #17     _invoke (dart:ui/hooks.dart:425)
I/flutter (18073): #18     PlatformDispatcher._drawFrame (dart:ui/platform_dispatcher.dart:447)
I/flutter (18073): #19     _drawFrame (dart:ui/hooks.dart:395)
I/flutter (18073): (elided 3 frames from dart:async)
[spm]: ProfilerData event received.
I/flutter (18073): [SPM:perf] 698a51a  buildSpan: 3342µs
I/flutter (18073): [spm] Performance monitoring completed for 698a51a
I/flutter (18073): type '_Stub' is not a subtype of type 'FlutterClawConfig'
I/flutter (18073): #0      _GeneratedWidgetState.build (package:benchmark_container/generated_widget.dart:289)
I/flutter (18073): #1      StatefulElement.build (package:flutter/src/widgets/framework.dart:5931)
I/flutter (18073): #2      ComponentElement.performRebuild (package:flutter/src/widgets/framework.dart:5817)
I/flutter (18073): #3      StatefulElement.performRebuild (package:flutter/src/widgets/framework.dart:5982)
I/flutter (18073): #4      Element.rebuild (package:flutter/src/widgets/framework.dart:5529)
I/flutter (18073): #5      BuildScope._tryRebuild (package:flutter/src/widgets/framework.dart:2750)
I/flutter (18073): #6      BuildScope._flushDirtyElements (package:flutter/src/widgets/framework.dart:2807)
I/flutter (18073): #7      BuildOwner.buildScope (package:flutter/src/widgets/framework.dart:3111)
I/flutter (18073): #8      WidgetsBinding.drawFrame (package:flutter/src/widgets/binding.dart:1571)
I/flutter (18073): #9      RendererBinding._handlePersistentFrameCallback (package:flutter/src/rendering/binding.dart:509)
I/flutter (18073): #10     SchedulerBinding._invokeFrameCallback (package:flutter/src/scheduler/binding.dart:1430)
I/flutter (18073): #11     SchedulerBinding.handleDrawFrame (package:flutter/src/scheduler/binding.dart:1345)
I/flutter (18073): #12     LiveTestWidgetsFlutterBinding.handleDrawFrame (package:flutter_test/src/binding.dart:2811)
I/flutter (18073): #13     SchedulerBinding._handleDrawFrame (package:flutter/src/scheduler/binding.dart:1198)
I/flutter (18073): #17     _invoke (dart:ui/hooks.dart:425)
I/flutter (18073): #18     PlatformDispatcher._drawFrame (dart:ui/platform_dispatcher.dart:447)
I/flutter (18073): #19     _drawFrame (dart:ui/hooks.dart:395)
I/flutter (18073): (elided 3 frames from dart:async)
[spm]: ProfilerData event received.
I/flutter (18073): [SPM:perf] 698a51a  buildSpan: 2670µs
I/flutter (18073): [spm] Performance monitoring completed for 698a51a
I/flutter (18073): type '_Stub' is not a subtype of type 'FlutterClawConfig'
I/flutter (18073): #0      _GeneratedWidgetState.build (package:benchmark_container/generated_widget.dart:289)
I/flutter (18073): #1      StatefulElement.build (package:flutter/src/widgets/framework.dart:5931)
I/flutter (18073): #2      ComponentElement.performRebuild (package:flutter/src/widgets/framework.dart:5817)
I/flutter (18073): #3      StatefulElement.performRebuild (package:flutter/src/widgets/framework.dart:5982)
I/flutter (18073): #4      Element.rebuild (package:flutter/src/widgets/framework.dart:5529)
I/flutter (18073): #5      BuildScope._tryRebuild (package:flutter/src/widgets/framework.dart:2750)
I/flutter (18073): #6      BuildScope._flushDirtyElements (package:flutter/src/widgets/framework.dart:2807)
I/flutter (18073): #7      BuildOwner.buildScope (package:flutter/src/widgets/framework.dart:3111)
I/flutter (18073): #8      WidgetsBinding.drawFrame (package:flutter/src/widgets/binding.dart:1571)
I/flutter (18073): #9      RendererBinding._handlePersistentFrameCallback (package:flutter/src/rendering/binding.dart:509)
I/flutter (18073): #10     SchedulerBinding._invokeFrameCallback (package:flutter/src/scheduler/binding.dart:1430)
I/flutter (18073): #11     SchedulerBinding.handleDrawFrame (package:flutter/src/scheduler/binding.dart:1345)
I/flutter (18073): #12     LiveTestWidgetsFlutterBinding.handleDrawFrame (package:flutter_test/src/binding.dart:2811)
I/flutter (18073): #13     SchedulerBinding._handleDrawFrame (package:flutter/src/scheduler/binding.dart:1198)
I/flutter (18073): #17     _invoke (dart:ui/hooks.dart:425)
I/flutter (18073): #18     PlatformDispatcher._drawFrame (dart:ui/platform_dispatcher.dart:447)
I/flutter (18073): #19     _drawFrame (dart:ui/hooks.dart:395)
I/flutter (18073): (elided 3 frames from dart:async)
[spm]: ProfilerData event received.
I/flutter (18073): [SPM:perf] 698a51a  buildSpan: 3470µs
I/flutter (18073): [spm] Performance monitoring completed for 698a51a
I/flutter (18073): type '_Stub' is not a subtype of type 'FlutterClawConfig'
I/flutter (18073): #0      _GeneratedWidgetState.build (package:benchmark_container/generated_widget.dart:289)
I/flutter (18073): #1      StatefulElement.build (package:flutter/src/widgets/framework.dart:5931)
I/flutter (18073): #2      ComponentElement.performRebuild (package:flutter/src/widgets/framework.dart:5817)
I/flutter (18073): #3      StatefulElement.performRebuild (package:flutter/src/widgets/framework.dart:5982)
I/flutter (18073): #4      Element.rebuild (package:flutter/src/widgets/framework.dart:5529)
I/flutter (18073): #5      BuildScope._tryRebuild (package:flutter/src/widgets/framework.dart:2750)
I/flutter (18073): #6      BuildScope._flushDirtyElements (package:flutter/src/widgets/framework.dart:2807)
I/flutter (18073): #7      BuildOwner.buildScope (package:flutter/src/widgets/framework.dart:3111)
I/flutter (18073): #8      WidgetsBinding.drawFrame (package:flutter/src/widgets/binding.dart:1571)
I/flutter (18073): #9      RendererBinding._handlePersistentFrameCallback (package:flutter/src/rendering/binding.dart:509)
I/flutter (18073): #10     SchedulerBinding._invokeFrameCallback (package:flutter/src/scheduler/binding.dart:1430)
I/flutter (18073): #11     SchedulerBinding.handleDrawFrame (package:flutter/src/scheduler/binding.dart:1345)
I/flutter (18073): #12     LiveTestWidgetsFlutterBinding.handleDrawFrame (package:flutter_test/src/binding.dart:2811)
I/flutter (18073): #13     SchedulerBinding._handleDrawFrame (package:flutter/src/scheduler/binding.dart:1198)
I/flutter (18073): #17     _invoke (dart:ui/hooks.dart:425)
I/flutter (18073): #18     PlatformDispatcher._drawFrame (dart:ui/platform_dispatcher.dart:447)
I/flutter (18073): #19     _drawFrame (dart:ui/hooks.dart:395)
I/flutter (18073): (elided 3 frames from dart:async)
I/flutter (18073): [SPM:perf] 698a51a  buildSpan: 3512µs
I/flutter (18073): [spm] Performance monitoring completed for 698a51a
[spm]: ProfilerData event received.
I/flutter (18073): type '_Stub' is not a subtype of type 'FlutterClawConfig'
I/flutter (18073): #0      _GeneratedWidgetState.build (package:benchmark_container/generated_widget.dart:289)
I/flutter (18073): #1      StatefulElement.build (package:flutter/src/widgets/framework.dart:5931)
I/flutter (18073): #2      ComponentElement.performRebuild (package:flutter/src/widgets/framework.dart:5817)
I/flutter (18073): #3      StatefulElement.performRebuild (package:flutter/src/widgets/framework.dart:5982)
I/flutter (18073): #4      Element.rebuild (package:flutter/src/widgets/framework.dart:5529)
I/flutter (18073): #5      BuildScope._tryRebuild (package:flutter/src/widgets/framework.dart:2750)
I/flutter (18073): #6      BuildScope._flushDirtyElements (package:flutter/src/widgets/framework.dart:2807)
I/flutter (18073): #7      BuildOwner.buildScope (package:flutter/src/widgets/framework.dart:3111)
I/flutter (18073): #8      WidgetsBinding.drawFrame (package:flutter/src/widgets/binding.dart:1571)
I/flutter (18073): #9      RendererBinding._handlePersistentFrameCallback (package:flutter/src/rendering/binding.dart:509)
I/flutter (18073): #10     SchedulerBinding._invokeFrameCallback (package:flutter/src/scheduler/binding.dart:1430)
I/flutter (18073): #11     SchedulerBinding.handleDrawFrame (package:flutter/src/scheduler/binding.dart:1345)
I/flutter (18073): #12     LiveTestWidgetsFlutterBinding.handleDrawFrame (package:flutter_test/src/binding.dart:2811)
I/flutter (18073): #13     SchedulerBinding._handleDrawFrame (package:flutter/src/scheduler/binding.dart:1198)
I/flutter (18073): #17     _invoke (dart:ui/hooks.dart:425)
I/flutter (18073): #18     PlatformDispatcher._drawFrame (dart:ui/platform_dispatcher.dart:447)
I/flutter (18073): #19     _drawFrame (dart:ui/hooks.dart:395)
I/flutter (18073): (elided 3 frames from dart:async)
[spm]: ProfilerData event received.
I/flutter (18073): [SPM:perf] 698a51a  buildSpan: 3590µs
I/flutter (18073): [spm] Performance monitoring completed for 698a51a
I/flutter (18073): type '_Stub' is not a subtype of type 'FlutterClawConfig'
I/flutter (18073): #0      _GeneratedWidgetState.build (package:benchmark_container/generated_widget.dart:289)
I/flutter (18073): #1      StatefulElement.build (package:flutter/src/widgets/framework.dart:5931)
I/flutter (18073): #2      ComponentElement.performRebuild (package:flutter/src/widgets/framework.dart:5817)
I/flutter (18073): #3      StatefulElement.performRebuild (package:flutter/src/widgets/framework.dart:5982)
I/flutter (18073): #4      Element.rebuild (package:flutter/src/widgets/framework.dart:5529)
I/flutter (18073): #5      BuildScope._tryRebuild (package:flutter/src/widgets/framework.dart:2750)
I/flutter (18073): #6      BuildScope._flushDirtyElements (package:flutter/src/widgets/framework.dart:2807)
I/flutter (18073): #7      BuildOwner.buildScope (package:flutter/src/widgets/framework.dart:3111)
I/flutter (18073): #8      WidgetsBinding.drawFrame (package:flutter/src/widgets/binding.dart:1571)
I/flutter (18073): #9      RendererBinding._handlePersistentFrameCallback (package:flutter/src/rendering/binding.dart:509)
I/flutter (18073): #10     SchedulerBinding._invokeFrameCallback (package:flutter/src/scheduler/binding.dart:1430)
I/flutter (18073): #11     SchedulerBinding.handleDrawFrame (package:flutter/src/scheduler/binding.dart:1345)
I/flutter (18073): #12     LiveTestWidgetsFlutterBinding.handleDrawFrame (package:flutter_test/src/binding.dart:2811)
I/flutter (18073): #13     SchedulerBinding._handleDrawFrame (package:flutter/src/scheduler/binding.dart:1198)
I/flutter (18073): #17     _invoke (dart:ui/hooks.dart:425)
I/flutter (18073): #18     PlatformDispatcher._drawFrame (dart:ui/platform_dispatcher.dart:447)
I/flutter (18073): #19     _drawFrame (dart:ui/hooks.dart:395)
I/flutter (18073): (elided 3 frames from dart:async)
[spm]: ProfilerData event received.
I/flutter (18073): [SPM:perf] 698a51a  buildSpan: 3682µs
I/flutter (18073): [spm] Performance monitoring completed for 698a51a
I/flutter (18073): type '_Stub' is not a subtype of type 'FlutterClawConfig'
I/flutter (18073): #0      _GeneratedWidgetState.build (package:benchmark_container/generated_widget.dart:289)
I/flutter (18073): #1      StatefulElement.build (package:flutter/src/widgets/framework.dart:5931)
I/flutter (18073): #2      ComponentElement.performRebuild (package:flutter/src/widgets/framework.dart:5817)
I/flutter (18073): #3      StatefulElement.performRebuild (package:flutter/src/widgets/framework.dart:5982)
I/flutter (18073): #4      Element.rebuild (package:flutter/src/widgets/framework.dart:5529)
I/flutter (18073): #5      BuildScope._tryRebuild (package:flutter/src/widgets/framework.dart:2750)
I/flutter (18073): #6      BuildScope._flushDirtyElements (package:flutter/src/widgets/framework.dart:2807)
I/flutter (18073): #7      BuildOwner.buildScope (package:flutter/src/widgets/framework.dart:3111)
I/flutter (18073): #8      WidgetsBinding.drawFrame (package:flutter/src/widgets/binding.dart:1571)
I/flutter (18073): #9      RendererBinding._handlePersistentFrameCallback (package:flutter/src/rendering/binding.dart:509)
I/flutter (18073): #10     SchedulerBinding._invokeFrameCallback (package:flutter/src/scheduler/binding.dart:1430)
I/flutter (18073): #11     SchedulerBinding.handleDrawFrame (package:flutter/src/scheduler/binding.dart:1345)
I/flutter (18073): #12     LiveTestWidgetsFlutterBinding.handleDrawFrame (package:flutter_test/src/binding.dart:2811)
I/flutter (18073): #13     SchedulerBinding._handleDrawFrame (package:flutter/src/scheduler/binding.dart:1198)
I/flutter (18073): #17     _invoke (dart:ui/hooks.dart:425)
I/flutter (18073): #18     PlatformDispatcher._drawFrame (dart:ui/platform_dispatcher.dart:447)
I/flutter (18073): #19     _drawFrame (dart:ui/hooks.dart:395)
I/flutter (18073): (elided 3 frames from dart:async)
[spm]: ProfilerData event received.
I/flutter (18073): [SPM:perf] 698a51a  buildSpan: 3306µs
I/flutter (18073): [spm] Performance monitoring completed for 698a51a
I/flutter (18073): type '_Stub' is not a subtype of type 'FlutterClawConfig'
I/flutter (18073): #0      _GeneratedWidgetState.build (package:benchmark_container/generated_widget.dart:289)
I/flutter (18073): #1      StatefulElement.build (package:flutter/src/widgets/framework.dart:5931)
I/flutter (18073): #2      ComponentElement.performRebuild (package:flutter/src/widgets/framework.dart:5817)
I/flutter (18073): #3      StatefulElement.performRebuild (package:flutter/src/widgets/framework.dart:5982)
I/flutter (18073): #4      Element.rebuild (package:flutter/src/widgets/framework.dart:5529)
I/flutter (18073): #5      BuildScope._tryRebuild (package:flutter/src/widgets/framework.dart:2750)
I/flutter (18073): #6      BuildScope._flushDirtyElements (package:flutter/src/widgets/framework.dart:2807)
I/flutter (18073): #7      BuildOwner.buildScope (package:flutter/src/widgets/framework.dart:3111)
I/flutter (18073): #8      WidgetsBinding.drawFrame (package:flutter/src/widgets/binding.dart:1571)
I/flutter (18073): #9      RendererBinding._handlePersistentFrameCallback (package:flutter/src/rendering/binding.dart:509)
I/flutter (18073): #10     SchedulerBinding._invokeFrameCallback (package:flutter/src/scheduler/binding.dart:1430)
I/flutter (18073): #11     SchedulerBinding.handleDrawFrame (package:flutter/src/scheduler/binding.dart:1345)
I/flutter (18073): #12     LiveTestWidgetsFlutterBinding.handleDrawFrame (package:flutter_test/src/binding.dart:2811)
I/flutter (18073): #13     SchedulerBinding._handleDrawFrame (package:flutter/src/scheduler/binding.dart:1198)
I/flutter (18073): #17     _invoke (dart:ui/hooks.dart:425)
I/flutter (18073): #18     PlatformDispatcher._drawFrame (dart:ui/platform_dispatcher.dart:447)
I/flutter (18073): #19     _drawFrame (dart:ui/hooks.dart:395)
I/flutter (18073): (elided 3 frames from dart:async)
[spm]: ProfilerData event received.
I/flutter (18073): [SPM:perf] 698a51a  buildSpan: 3692µs
I/flutter (18073): [spm] Performance monitoring completed for 698a51a
I/flutter (18073): type '_Stub' is not a subtype of type 'FlutterClawConfig'
I/flutter (18073): #0      _GeneratedWidgetState.build (package:benchmark_container/generated_widget.dart:289)
I/flutter (18073): #1      StatefulElement.build (package:flutter/src/widgets/framework.dart:5931)
I/flutter (18073): #2      ComponentElement.performRebuild (package:flutter/src/widgets/framework.dart:5817)
I/flutter (18073): #3      StatefulElement.performRebuild (package:flutter/src/widgets/framework.dart:5982)
I/flutter (18073): #4      Element.rebuild (package:flutter/src/widgets/framework.dart:5529)
I/flutter (18073): #5      BuildScope._tryRebuild (package:flutter/src/widgets/framework.dart:2750)
I/flutter (18073): #6      BuildScope._flushDirtyElements (package:flutter/src/widgets/framework.dart:2807)
I/flutter (18073): #7      BuildOwner.buildScope (package:flutter/src/widgets/framework.dart:3111)
I/flutter (18073): #8      WidgetsBinding.drawFrame (package:flutter/src/widgets/binding.dart:1571)
I/flutter (18073): #9      RendererBinding._handlePersistentFrameCallback (package:flutter/src/rendering/binding.dart:509)
I/flutter (18073): #10     SchedulerBinding._invokeFrameCallback (package:flutter/src/scheduler/binding.dart:1430)
I/flutter (18073): #11     SchedulerBinding.handleDrawFrame (package:flutter/src/scheduler/binding.dart:1345)
I/flutter (18073): #12     LiveTestWidgetsFlutterBinding.handleDrawFrame (package:flutter_test/src/binding.dart:2811)
I/flutter (18073): #13     SchedulerBinding._handleDrawFrame (package:flutter/src/scheduler/binding.dart:1198)
I/flutter (18073): #17     _invoke (dart:ui/hooks.dart:425)
I/flutter (18073): #18     PlatformDispatcher._drawFrame (dart:ui/platform_dispatcher.dart:447)
I/flutter (18073): #19     _drawFrame (dart:ui/hooks.dart:395)
I/flutter (18073): (elided 3 frames from dart:async)
I/flutter (18073): [SPM:perf] 698a51a  buildSpan: 3069µs
I/flutter (18073): [spm] Performance monitoring completed for 698a51a
[spm]: ProfilerData event received.
I/flutter (18073): type '_Stub' is not a subtype of type 'FlutterClawConfig'
I/flutter (18073): #0      _GeneratedWidgetState.build (package:benchmark_container/generated_widget.dart:289)
I/flutter (18073): #1      StatefulElement.build (package:flutter/src/widgets/framework.dart:5931)
I/flutter (18073): #2      ComponentElement.performRebuild (package:flutter/src/widgets/framework.dart:5817)
I/flutter (18073): #3      StatefulElement.performRebuild (package:flutter/src/widgets/framework.dart:5982)
I/flutter (18073): #4      Element.rebuild (package:flutter/src/widgets/framework.dart:5529)
I/flutter (18073): #5      BuildScope._tryRebuild (package:flutter/src/widgets/framework.dart:2750)
I/flutter (18073): #6      BuildScope._flushDirtyElements (package:flutter/src/widgets/framework.dart:2807)
I/flutter (18073): #7      BuildOwner.buildScope (package:flutter/src/widgets/framework.dart:3111)
I/flutter (18073): #8      WidgetsBinding.drawFrame (package:flutter/src/widgets/binding.dart:1571)
I/flutter (18073): #9      RendererBinding._handlePersistentFrameCallback (package:flutter/src/rendering/binding.dart:509)
I/flutter (18073): #10     SchedulerBinding._invokeFrameCallback (package:flutter/src/scheduler/binding.dart:1430)
I/flutter (18073): #11     SchedulerBinding.handleDrawFrame (package:flutter/src/scheduler/binding.dart:1345)
I/flutter (18073): #12     LiveTestWidgetsFlutterBinding.handleDrawFrame (package:flutter_test/src/binding.dart:2811)
I/flutter (18073): #13     SchedulerBinding._handleDrawFrame (package:flutter/src/scheduler/binding.dart:1198)
I/flutter (18073): #17     _invoke (dart:ui/hooks.dart:425)
I/flutter (18073): #18     PlatformDispatcher._drawFrame (dart:ui/platform_dispatcher.dart:447)
I/flutter (18073): #19     _drawFrame (dart:ui/hooks.dart:395)
I/flutter (18073): (elided 3 frames from dart:async)
I/flutter (18073): [SPM:perf] 698a51a  buildSpan: 3738µs
I/flutter (18073): [spm] Performance monitoring completed for 698a51a
[spm]: ProfilerData event received.
I/flutter (18073): type '_Stub' is not a subtype of type 'FlutterClawConfig'
I/flutter (18073): #0      _GeneratedWidgetState.build (package:benchmark_container/generated_widget.dart:289)
I/flutter (18073): #1      StatefulElement.build (package:flutter/src/widgets/framework.dart:5931)
I/flutter (18073): #2      ComponentElement.performRebuild (package:flutter/src/widgets/framework.dart:5817)
I/flutter (18073): #3      StatefulElement.performRebuild (package:flutter/src/widgets/framework.dart:5982)
I/flutter (18073): #4      Element.rebuild (package:flutter/src/widgets/framework.dart:5529)
I/flutter (18073): #5      BuildScope._tryRebuild (package:flutter/src/widgets/framework.dart:2750)
I/flutter (18073): #6      BuildScope._flushDirtyElements (package:flutter/src/widgets/framework.dart:2807)
I/flutter (18073): #7      BuildOwner.buildScope (package:flutter/src/widgets/framework.dart:3111)
I/flutter (18073): #8      WidgetsBinding.drawFrame (package:flutter/src/widgets/binding.dart:1571)
I/flutter (18073): #9      RendererBinding._handlePersistentFrameCallback (package:flutter/src/rendering/binding.dart:509)
I/flutter (18073): #10     SchedulerBinding._invokeFrameCallback (package:flutter/src/scheduler/binding.dart:1430)
I/flutter (18073): #11     SchedulerBinding.handleDrawFrame (package:flutter/src/scheduler/binding.dart:1345)
I/flutter (18073): #12     LiveTestWidgetsFlutterBinding.handleDrawFrame (package:flutter_test/src/binding.dart:2811)
I/flutter (18073): #13     SchedulerBinding._handleDrawFrame (package:flutter/src/scheduler/binding.dart:1198)
I/flutter (18073): #17     _invoke (dart:ui/hooks.dart:425)
I/flutter (18073): #18     PlatformDispatcher._drawFrame (dart:ui/platform_dispatcher.dart:447)
I/flutter (18073): #19     _drawFrame (dart:ui/hooks.dart:395)
I/flutter (18073): (elided 3 frames from dart:async)
I/flutter (18073): [SPM:perf] 698a51a  buildSpan: 3953µs
I/flutter (18073): [spm] Performance monitoring completed for 698a51a
[spm]: ProfilerData event received.
I/flutter (18073): type '_Stub' is not a subtype of type 'FlutterClawConfig'
I/flutter (18073): #0      _GeneratedWidgetState.build (package:benchmark_container/generated_widget.dart:289)
I/flutter (18073): #1      StatefulElement.build (package:flutter/src/widgets/framework.dart:5931)
I/flutter (18073): #2      ComponentElement.performRebuild (package:flutter/src/widgets/framework.dart:5817)
I/flutter (18073): #3      StatefulElement.performRebuild (package:flutter/src/widgets/framework.dart:5982)
I/flutter (18073): #4      Element.rebuild (package:flutter/src/widgets/framework.dart:5529)
I/flutter (18073): #5      BuildScope._tryRebuild (package:flutter/src/widgets/framework.dart:2750)
I/flutter (18073): #6      BuildScope._flushDirtyElements (package:flutter/src/widgets/framework.dart:2807)
I/flutter (18073): #7      BuildOwner.buildScope (package:flutter/src/widgets/framework.dart:3111)
I/flutter (18073): #8      WidgetsBinding.drawFrame (package:flutter/src/widgets/binding.dart:1571)
I/flutter (18073): #9      RendererBinding._handlePersistentFrameCallback (package:flutter/src/rendering/binding.dart:509)
I/flutter (18073): #10     SchedulerBinding._invokeFrameCallback (package:flutter/src/scheduler/binding.dart:1430)
I/flutter (18073): #11     SchedulerBinding.handleDrawFrame (package:flutter/src/scheduler/binding.dart:1345)
I/flutter (18073): #12     LiveTestWidgetsFlutterBinding.handleDrawFrame (package:flutter_test/src/binding.dart:2811)
I/flutter (18073): #13     SchedulerBinding._handleDrawFrame (package:flutter/src/scheduler/binding.dart:1198)
I/flutter (18073): #17     _invoke (dart:ui/hooks.dart:425)
I/flutter (18073): #18     PlatformDispatcher._drawFrame (dart:ui/platform_dispatcher.dart:447)
I/flutter (18073): #19     _drawFrame (dart:ui/hooks.dart:395)
I/flutter (18073): (elided 3 frames from dart:async)
I/flutter (18073): [SPM:perf] 698a51a  buildSpan: 4778µs
I/flutter (18073): [spm] Performance monitoring completed for 698a51a
[spm]: ProfilerData event received.
I/flutter (18073): type '_Stub' is not a subtype of type 'FlutterClawConfig'
I/flutter (18073): #0      _GeneratedWidgetState.build (package:benchmark_container/generated_widget.dart:289)
I/flutter (18073): #1      StatefulElement.build (package:flutter/src/widgets/framework.dart:5931)
I/flutter (18073): #2      ComponentElement.performRebuild (package:flutter/src/widgets/framework.dart:5817)
I/flutter (18073): #3      StatefulElement.performRebuild (package:flutter/src/widgets/framework.dart:5982)
I/flutter (18073): #4      Element.rebuild (package:flutter/src/widgets/framework.dart:5529)
I/flutter (18073): #5      BuildScope._tryRebuild (package:flutter/src/widgets/framework.dart:2750)
I/flutter (18073): #6      BuildScope._flushDirtyElements (package:flutter/src/widgets/framework.dart:2807)
I/flutter (18073): #7      BuildOwner.buildScope (package:flutter/src/widgets/framework.dart:3111)
I/flutter (18073): #8      WidgetsBinding.drawFrame (package:flutter/src/widgets/binding.dart:1571)
I/flutter (18073): #9      RendererBinding._handlePersistentFrameCallback (package:flutter/src/rendering/binding.dart:509)
I/flutter (18073): #10     SchedulerBinding._invokeFrameCallback (package:flutter/src/scheduler/binding.dart:1430)
I/flutter (18073): #11     SchedulerBinding.handleDrawFrame (package:flutter/src/scheduler/binding.dart:1345)
I/flutter (18073): #12     LiveTestWidgetsFlutterBinding.handleDrawFrame (package:flutter_test/src/binding.dart:2811)
I/flutter (18073): #13     SchedulerBinding._handleDrawFrame (package:flutter/src/scheduler/binding.dart:1198)
I/flutter (18073): #17     _invoke (dart:ui/hooks.dart:425)
I/flutter (18073): #18     PlatformDispatcher._drawFrame (dart:ui/platform_dispatcher.dart:447)
I/flutter (18073): #19     _drawFrame (dart:ui/hooks.dart:395)
I/flutter (18073): (elided 3 frames from dart:async)
[spm]: ProfilerData event received.
I/flutter (18073): [SPM:perf] 698a51a  buildSpan: 3035µs
I/flutter (18073): [spm] Performance monitoring completed for 698a51a
I/flutter (18073): type '_Stub' is not a subtype of type 'FlutterClawConfig'
I/flutter (18073): #0      _GeneratedWidgetState.build (package:benchmark_container/generated_widget.dart:289)
I/flutter (18073): #1      StatefulElement.build (package:flutter/src/widgets/framework.dart:5931)
I/flutter (18073): #2      ComponentElement.performRebuild (package:flutter/src/widgets/framework.dart:5817)
I/flutter (18073): #3      StatefulElement.performRebuild (package:flutter/src/widgets/framework.dart:5982)
I/flutter (18073): #4      Element.rebuild (package:flutter/src/widgets/framework.dart:5529)
I/flutter (18073): #5      BuildScope._tryRebuild (package:flutter/src/widgets/framework.dart:2750)
I/flutter (18073): #6      BuildScope._flushDirtyElements (package:flutter/src/widgets/framework.dart:2807)
I/flutter (18073): #7      BuildOwner.buildScope (package:flutter/src/widgets/framework.dart:3111)
I/flutter (18073): #8      WidgetsBinding.drawFrame (package:flutter/src/widgets/binding.dart:1571)
I/flutter (18073): #9      RendererBinding._handlePersistentFrameCallback (package:flutter/src/rendering/binding.dart:509)
I/flutter (18073): #10     SchedulerBinding._invokeFrameCallback (package:flutter/src/scheduler/binding.dart:1430)
I/flutter (18073): #11     SchedulerBinding.handleDrawFrame (package:flutter/src/scheduler/binding.dart:1345)
I/flutter (18073): #12     LiveTestWidgetsFlutterBinding.handleDrawFrame (package:flutter_test/src/binding.dart:2811)
I/flutter (18073): #13     SchedulerBinding._handleDrawFrame (package:flutter/src/scheduler/binding.dart:1198)
I/flutter (18073): #17     _invoke (dart:ui/hooks.dart:425)
I/flutter (18073): #18     PlatformDispatcher._drawFrame (dart:ui/platform_dispatcher.dart:447)
I/flutter (18073): #19     _drawFrame (dart:ui/hooks.dart:395)
I/flutter (18073): (elided 3 frames from dart:async)
[spm]: ProfilerData event received.
I/flutter (18073): [SPM:perf] 698a51a  buildSpan: 2746µs
I/flutter (18073): [spm] Performance monitoring completed for 698a51a
I/flutter (18073): type '_Stub' is not a subtype of type 'FlutterClawConfig'
I/flutter (18073): #0      _GeneratedWidgetState.build (package:benchmark_container/generated_widget.dart:289)
I/flutter (18073): #1      StatefulElement.build (package:flutter/src/widgets/framework.dart:5931)
I/flutter (18073): #2      ComponentElement.performRebuild (package:flutter/src/widgets/framework.dart:5817)
I/flutter (18073): #3      StatefulElement.performRebuild (package:flutter/src/widgets/framework.dart:5982)
I/flutter (18073): #4      Element.rebuild (package:flutter/src/widgets/framework.dart:5529)
I/flutter (18073): #5      BuildScope._tryRebuild (package:flutter/src/widgets/framework.dart:2750)
I/flutter (18073): #6      BuildScope._flushDirtyElements (package:flutter/src/widgets/framework.dart:2807)
I/flutter (18073): #7      BuildOwner.buildScope (package:flutter/src/widgets/framework.dart:3111)
I/flutter (18073): #8      WidgetsBinding.drawFrame (package:flutter/src/widgets/binding.dart:1571)
I/flutter (18073): #9      RendererBinding._handlePersistentFrameCallback (package:flutter/src/rendering/binding.dart:509)
I/flutter (18073): #10     SchedulerBinding._invokeFrameCallback (package:flutter/src/scheduler/binding.dart:1430)
I/flutter (18073): #11     SchedulerBinding.handleDrawFrame (package:flutter/src/scheduler/binding.dart:1345)
I/flutter (18073): #12     LiveTestWidgetsFlutterBinding.handleDrawFrame (package:flutter_test/src/binding.dart:2811)
I/flutter (18073): #13     SchedulerBinding._handleDrawFrame (package:flutter/src/scheduler/binding.dart:1198)
I/flutter (18073): #17     _invoke (dart:ui/hooks.dart:425)
I/flutter (18073): #18     PlatformDispatcher._drawFrame (dart:ui/platform_dispatcher.dart:447)
I/flutter (18073): #19     _drawFrame (dart:ui/hooks.dart:395)
I/flutter (18073): (elided 3 frames from dart:async)
[spm]: ProfilerData event received.
I/flutter (18073): [SPM:perf] 698a51a  buildSpan: 2985µs
I/flutter (18073): [spm] Performance monitoring completed for 698a51a
I/flutter (18073): type '_Stub' is not a subtype of type 'FlutterClawConfig'
I/flutter (18073): #0      _GeneratedWidgetState.build (package:benchmark_container/generated_widget.dart:289)
I/flutter (18073): #1      StatefulElement.build (package:flutter/src/widgets/framework.dart:5931)
I/flutter (18073): #2      ComponentElement.performRebuild (package:flutter/src/widgets/framework.dart:5817)
I/flutter (18073): #3      StatefulElement.performRebuild (package:flutter/src/widgets/framework.dart:5982)
I/flutter (18073): #4      Element.rebuild (package:flutter/src/widgets/framework.dart:5529)
I/flutter (18073): #5      BuildScope._tryRebuild (package:flutter/src/widgets/framework.dart:2750)
I/flutter (18073): #6      BuildScope._flushDirtyElements (package:flutter/src/widgets/framework.dart:2807)
I/flutter (18073): #7      BuildOwner.buildScope (package:flutter/src/widgets/framework.dart:3111)
I/flutter (18073): #8      WidgetsBinding.drawFrame (package:flutter/src/widgets/binding.dart:1571)
I/flutter (18073): #9      RendererBinding._handlePersistentFrameCallback (package:flutter/src/rendering/binding.dart:509)
I/flutter (18073): #10     SchedulerBinding._invokeFrameCallback (package:flutter/src/scheduler/binding.dart:1430)
I/flutter (18073): #11     SchedulerBinding.handleDrawFrame (package:flutter/src/scheduler/binding.dart:1345)
I/flutter (18073): #12     LiveTestWidgetsFlutterBinding.handleDrawFrame (package:flutter_test/src/binding.dart:2811)
I/flutter (18073): #13     SchedulerBinding._handleDrawFrame (package:flutter/src/scheduler/binding.dart:1198)
I/flutter (18073): #17     _invoke (dart:ui/hooks.dart:425)
I/flutter (18073): #18     PlatformDispatcher._drawFrame (dart:ui/platform_dispatcher.dart:447)
I/flutter (18073): #19     _drawFrame (dart:ui/hooks.dart:395)
I/flutter (18073): (elided 3 frames from dart:async)
I/flutter (18073): [SPM:perf] 698a51a  buildSpan: 2782µs
I/flutter (18073): [spm] Performance monitoring completed for 698a51a
[spm]: ProfilerData event received.
I/flutter (18073): Multiple exceptions (31) were detected during the running of the current test, and at least one was unexpected.
I/flutter (18073): #0      debugPrintStack (package:flutter/src/foundation/assertions.dart:1213)
I/flutter (18073): #1      FlutterError.dumpErrorToConsole (package:flutter/src/foundation/assertions.dart:1033)
I/flutter (18073): #2      _defaultTestExceptionReporter (package:flutter_test/src/test_exception_reporter.dart:29)
I/flutter (18073): #3      new IntegrationTestWidgetsFlutterBinding.<anonymous closure> (package:integration_test/integration_test.dart:91)
I/flutter (18073): #4      TestWidgetsFlutterBinding._createTestCompletionHandler.<anonymous closure> (package:flutter_test/src/binding.dart:1713)
I/flutter (18073): <asynchronous suspension>
I/flutter (18073): (elided 6 frames from dart:async)
I/flutter (18073): 01:10 +0: Performance Benchmark [E]
I/flutter (18073):   Test failed. See exception logs above.
I/flutter (18073):   The test description was: Performance Benchmark
I/flutter (18073):   
I/flutter (18073): 01:10 +0 -1: (tearDownAll)
I/flutter (18073): 01:11 +1 -1: Some tests failed.
Failure Details:
Failure in method: Performance Benchmark
Instance of 'FlutterErrorDetails'
end of failure 1



[spm]: Saved 30 profiler events to <ROOT>/dataset-new_samples/2408/redmi9t/raw/20260913-142642/rev_025_90ded36f/e14.jsonl
[spm]: Reverting injection...
10 issues found. (ran in 0.5s)
WARNING: Your Android app project: app located at: <ROOT>/android/app/build.gradle.kts
applies the Kotlin Gradle Plugin, which will cause build failures in future versions of Flutter. 
Please migrate your app to Built-in Kotlin using this guide: https://docs.flutter.dev/release/breaking-changes/migrate-to-built-in-kotlin/for-app-developers

VMServiceFlutterDriver: Connecting to Flutter application at http://127.0.0.1:39605/lEBjhS0vCTA=/
[spm]: Detected VM service URI: ws://127.0.0.1:39605/lEBjhS0vCTA=/ws
VMServiceFlutterDriver: Isolate found with number: 8281206678092435
VMServiceFlutterDriver: Isolate 8281206678092435 is runnable.
VMServiceFlutterDriver: Isolate is paused at start.
VMServiceFlutterDriver: Attempting to resume isolate
VMServiceFlutterDriver: Connected to Flutter application.
VMServiceFlutterDriver: request_data message is taking a long time to complete...