# sample_id=0344/rev_002_76cef4b8 exec_index=0 ok=True perf_lines=30 vm_events=30 battery_pct=75 soc_temp_millic=43200 battery_temp_c=32.0 charging=False preflight_started=2026-09-09T16:57:06.233804+00:00 started=2026-09-09T16:57:08.609181+00:00 ts=2026-09-09T16:59:17.512387+00:00
[spm]: Running flutter analyze...
Analyzing lib...                                                

   info • Constructors in '@immutable' classes should be declared as 'const'. Try adding 'const' to the constructor declaration • lib/generated_widget.dart:6:3 • prefer_const_constructors_in_immutables

[spm]: Injecting profiler code...
[spm]: Starting app...
Running Gradle task 'assembleProfile'...                        
Running Gradle task 'assembleProfile'...                           22.1s
✓ Built build/app/outputs/flutter-apk/app-profile.apk (26.8MB)
Installing build/app/outputs/flutter-apk/app-profile.apk...        998ms
I/ForceDarkHelperStubImpl(12998): setViewRootImplForceDark: false for com.example.benchmark_container.MainActivity@e6f428d, reason: AppDarkModeEnable
I/ForceDarkHelperStubImpl(12998): setViewRootImplForceDark: false for com.example.benchmark_container.MainActivity@e6f428d, reason: AppDarkModeEnable
D/DecorView[](12998): getWindowModeFromSystem  windowmode is 1
D/DecorView[](12998): updateDecorCaptionStatus displayWindowDecor is false
W/Looper  (12998): PerfMonitor looperActivity : package=com.example.benchmark_container/.MainActivity time=432ms latency=323ms running=0ms  procState=-1  historyMsgCount=2 (msgIndex=1 wall=432ms seq=4 late=323ms h=android.app.ActivityThread$H w=159) (msgIndex=2 wall=378ms seq=3 h=android.app.ActivityThread$H w=110)
W/Looper  (12998): PerfMonitor looperActivity : package=com.example.benchmark_container/.MainActivity time=0ms latency=757ms running=0ms  procState=-1  historyMsgCount=4 (msgIndex=2 wall=432ms seq=4 late=323ms h=android.app.ActivityThread$H w=159) (msgIndex=3 wall=378ms seq=3 h=android.app.ActivityThread$H w=110) (msgIndex=4 wall=432ms seq=4 late=323ms h=android.app.ActivityThread$H w=159)
D/SurfaceView(12998): UPDATE null, mIsCastMode = false
D/hw-ProcessState(12998): Binder ioctl to enable oneway spam detection failed: Invalid argument
W/Looper  (12998): PerfMonitor longMsg : seq=8 plan=19:57:49.728 late=443ms wall=1690ms running=0ms h=android.view.Choreographer$FrameHandler c=android.view.Choreographer$FrameDisplayEventReceiver procState=-1
W/Looper  (12998): PerfMonitor doFrame : time=1690ms vsyncFrame=0 latency=443ms procState=-1 historyMsgCount=7 (msgIndex=2 wall=432ms seq=4 h=android.app.ActivityThread$H w=159) (msgIndex=3 wall=1690ms seq=8 late=443ms h=android.view.Choreographer$FrameHandler c=android.view.Choreographer$FrameDisplayEventReceiver) (msgIndex=4 wall=432ms seq=4 h=android.app.ActivityThread$H w=159)
I/Choreographer(12998): Skipped 96 frames!  The application may be doing too much work on its main thread.
D/SurfaceView(12998): UPDATE Surface(name=SurfaceView[com.example.benchmark_container/com.example.benchmark_container.MainActivity])/@0xca20cbb, mIsProjectionMode = false
W/Looper  (12998): PerfMonitor doFrame : time=2ms vsyncFrame=0 latency=1607ms procState=-1 historyMsgCount=4
[spm]: Connected to Dart VM service.
I/flutter (12998): 00:00 +0: Performance Benchmark
E/hmark_containe(12998): open libmigui.so failed! dlopen - dlopen failed: library "libmigui.so" not found
D/hmark_containe(12998): MiuiProcessManagerServiceStub setSchedFifo
I/MiuiProcessManagerImpl(12998): setSchedFifo pid:12998, mode:3
D/DecorView[](12998): onWindowFocusChanged hasWindowFocus true
D/DecorView[](12998): getWindowModeFromSystem  windowmode is 1
D/DecorView[](12998): updateDecorCaptionStatus displayWindowDecor is false
D/ProfileInstaller(12998): Installing profile for com.example.benchmark_container
[spm]: ProfilerData event received.
I/flutter (12998): [SPM:perf] 698a51a  buildSpan: 302µs
I/flutter (12998): [spm] Performance monitoring completed for 698a51a
[spm]: ProfilerData event received.
I/flutter (12998): [SPM:perf] 698a51a  buildSpan: 332µs
I/flutter (12998): [spm] Performance monitoring completed for 698a51a
[spm]: ProfilerData event received.
I/flutter (12998): [SPM:perf] 698a51a  buildSpan: 362µs
I/flutter (12998): [spm] Performance monitoring completed for 698a51a
[spm]: ProfilerData event received.
I/flutter (12998): [SPM:perf] 698a51a  buildSpan: 301µs
I/flutter (12998): [spm] Performance monitoring completed for 698a51a
[spm]: ProfilerData event received.
I/flutter (12998): [SPM:perf] 698a51a  buildSpan: 344µs
I/flutter (12998): [spm] Performance monitoring completed for 698a51a
[spm]: ProfilerData event received.
I/flutter (12998): [SPM:perf] 698a51a  buildSpan: 363µs
I/flutter (12998): [spm] Performance monitoring completed for 698a51a
[spm]: ProfilerData event received.
I/flutter (12998): [SPM:perf] 698a51a  buildSpan: 360µs
I/flutter (12998): [spm] Performance monitoring completed for 698a51a
[spm]: ProfilerData event received.
I/flutter (12998): [SPM:perf] 698a51a  buildSpan: 308µs
I/flutter (12998): [spm] Performance monitoring completed for 698a51a
I/flutter (12998): [SPM:perf] 698a51a  buildSpan: 341µs
[spm]: ProfilerData event received.
I/flutter (12998): [spm] Performance monitoring completed for 698a51a
[spm]: ProfilerData event received.
I/flutter (12998): [SPM:perf] 698a51a  buildSpan: 357µs
I/flutter (12998): [spm] Performance monitoring completed for 698a51a
[spm]: ProfilerData event received.
I/flutter (12998): [SPM:perf] 698a51a  buildSpan: 371µs
I/flutter (12998): [spm] Performance monitoring completed for 698a51a
[spm]: ProfilerData event received.
I/flutter (12998): [SPM:perf] 698a51a  buildSpan: 361µs
I/flutter (12998): [spm] Performance monitoring completed for 698a51a
[spm]: ProfilerData event received.
I/flutter (12998): [SPM:perf] 698a51a  buildSpan: 443µs
I/flutter (12998): [spm] Performance monitoring completed for 698a51a
[spm]: ProfilerData event received.
I/flutter (12998): [SPM:perf] 698a51a  buildSpan: 356µs
I/flutter (12998): [spm] Performance monitoring completed for 698a51a
[spm]: ProfilerData event received.
I/flutter (12998): [SPM:perf] 698a51a  buildSpan: 322µs
I/flutter (12998): [spm] Performance monitoring completed for 698a51a
[spm]: ProfilerData event received.
I/flutter (12998): [SPM:perf] 698a51a  buildSpan: 360µs
I/flutter (12998): [spm] Performance monitoring completed for 698a51a
[spm]: ProfilerData event received.
I/flutter (12998): [SPM:perf] 698a51a  buildSpan: 358µs
I/flutter (12998): [spm] Performance monitoring completed for 698a51a
[spm]: ProfilerData event received.
I/flutter (12998): [SPM:perf] 698a51a  buildSpan: 366µs
I/flutter (12998): [spm] Performance monitoring completed for 698a51a
[spm]: ProfilerData event received.
I/flutter (12998): [SPM:perf] 698a51a  buildSpan: 347µs
I/flutter (12998): [spm] Performance monitoring completed for 698a51a
I/flutter (12998): [SPM:perf] 698a51a  buildSpan: 350µs
[spm]: ProfilerData event received.
I/flutter (12998): [spm] Performance monitoring completed for 698a51a
[spm]: ProfilerData event received.
I/flutter (12998): [SPM:perf] 698a51a  buildSpan: 354µs
I/flutter (12998): [spm] Performance monitoring completed for 698a51a
[spm]: ProfilerData event received.
I/flutter (12998): [SPM:perf] 698a51a  buildSpan: 368µs
I/flutter (12998): [spm] Performance monitoring completed for 698a51a
[spm]: ProfilerData event received.
I/flutter (12998): [SPM:perf] 698a51a  buildSpan: 325µs
I/flutter (12998): [spm] Performance monitoring completed for 698a51a
[spm]: ProfilerData event received.
I/flutter (12998): [SPM:perf] 698a51a  buildSpan: 338µs
I/flutter (12998): [spm] Performance monitoring completed for 698a51a
[spm]: ProfilerData event received.
I/flutter (12998): [SPM:perf] 698a51a  buildSpan: 359µs
I/flutter (12998): [spm] Performance monitoring completed for 698a51a
I/flutter (12998): [SPM:perf] 698a51a  buildSpan: 312µs
I/flutter (12998): [spm] Performance monitoring completed for 698a51a
[spm]: ProfilerData event received.
[spm]: ProfilerData event received.
I/flutter (12998): [SPM:perf] 698a51a  buildSpan: 331µs
I/flutter (12998): [spm] Performance monitoring completed for 698a51a
[spm]: ProfilerData event received.
I/flutter (12998): [SPM:perf] 698a51a  buildSpan: 395µs
I/flutter (12998): [spm] Performance monitoring completed for 698a51a
I/flutter (12998): [SPM:perf] 698a51a  buildSpan: 348µs
I/flutter (12998): [spm] Performance monitoring completed for 698a51a
[spm]: ProfilerData event received.
[spm]: ProfilerData event received.
I/flutter (12998): [SPM:perf] 698a51a  buildSpan: 405µs
I/flutter (12998): [spm] Performance monitoring completed for 698a51a
I/flutter (12998): 01:12 +1: (tearDownAll)
I/flutter (12998): 01:13 +2: All tests passed!
I/Choreographer(12998): Skipped 56 frames!  The application may be doing too much work on its main thread.
W/Looper  (12998): PerfMonitor doFrame : time=3ms vsyncFrame=0 latency=937ms procState=-1 historyMsgCount=8
I/OpenGLRenderer(12998): Davey! duration=945ms; Flags=0, FrameTimelineVsyncId=2528292, IntendedVsync=93375388625675, Vsync=93376321958971, InputEventId=0, HandleInputStart=93376325550837, AnimationStart=93376325556670, PerformTraversalsStart=93376325562712, DrawStart=93376326524118, FrameDeadline=93375405292341, FrameInterval=93376325228129, FrameStartTime=16666666, SyncQueued=93376327357556, SyncStart=93376327670524, IssueDrawCommandsStart=93376327852868, SwapBuffers=93376328970576, FrameCompleted=93376334569899, DequeueBufferDuration=61823, QueueBufferDuration=760625, GpuCompleted=93376334569899, SwapBuffersCompleted=93376330259951, DisplayPresentTime=0, 
[SPM:shot] wrote <ROOT>/dataset-new_samples/0344/redmi9t/shots/0344__rev_002_76cef4b8.png (28110 bytes)
All tests passed.
[spm]: Saved 30 profiler events to <ROOT>/dataset-new_samples/0344/redmi9t/raw/20260909-194357/rev_002_76cef4b8/e0.jsonl
[spm]: Reverting injection...
1 issue found. (ran in 0.8s)
WARNING: Your Android app project: app located at: <ROOT>/android/app/build.gradle.kts
applies the Kotlin Gradle Plugin, which will cause build failures in future versions of Flutter. 
Please migrate your app to Built-in Kotlin using this guide: https://docs.flutter.dev/release/breaking-changes/migrate-to-built-in-kotlin/for-app-developers

VMServiceFlutterDriver: Connecting to Flutter application at http://127.0.0.1:40075/IJeh35ura7g=/
[spm]: Detected VM service URI: ws://127.0.0.1:40075/IJeh35ura7g=/ws
VMServiceFlutterDriver: Isolate found with number: 2694967034326047
VMServiceFlutterDriver: Isolate 2694967034326047 is runnable.
VMServiceFlutterDriver: Isolate is paused at start.
VMServiceFlutterDriver: Attempting to resume isolate
VMServiceFlutterDriver: Connected to Flutter application.
VMServiceFlutterDriver: request_data message is taking a long time to complete...