# sample_id=0344/rev_002_76cef4b8 exec_index=1 ok=True perf_lines=30 vm_events=30 battery_pct=65 soc_temp_millic=43600 battery_temp_c=32.1 charging=False preflight_started=2026-09-09T18:23:09.855780+00:00 started=2026-09-09T18:23:12.228734+00:00 ts=2026-09-09T18:25:25.105988+00:00
[spm]: Running flutter analyze...
Analyzing lib...                                                

   info • Constructors in '@immutable' classes should be declared as 'const'. Try adding 'const' to the constructor declaration • lib/generated_widget.dart:6:3 • prefer_const_constructors_in_immutables

[spm]: Injecting profiler code...
[spm]: Starting app...
Running Gradle task 'assembleProfile'...                        
Running Gradle task 'assembleProfile'...                           24.7s
✓ Built build/app/outputs/flutter-apk/app-profile.apk (26.8MB)
Installing build/app/outputs/flutter-apk/app-profile.apk...        970ms
D/DecorView[](28023): getWindowModeFromSystem  windowmode is 1
I/ForceDarkHelperStubImpl(28023): setViewRootImplForceDark: false for com.example.benchmark_container.MainActivity@e6f428d, reason: AppDarkModeEnable
I/ForceDarkHelperStubImpl(28023): setViewRootImplForceDark: false for com.example.benchmark_container.MainActivity@e6f428d, reason: AppDarkModeEnable
D/DecorView[](28023): getWindowModeFromSystem  windowmode is 1
D/DecorView[](28023): updateDecorCaptionStatus displayWindowDecor is false
W/Looper  (28023): PerfMonitor looperActivity : package=com.example.benchmark_container/.MainActivity time=0ms latency=687ms running=0ms  procState=-1  historyMsgCount=4 (msgIndex=2 wall=386ms seq=4 late=300ms h=android.app.ActivityThread$H w=159) (msgIndex=3 wall=362ms seq=3 h=android.app.ActivityThread$H w=110) (msgIndex=4 wall=386ms seq=4 late=300ms h=android.app.ActivityThread$H w=159)
D/SurfaceView(28023): UPDATE null, mIsCastMode = false
D/hw-ProcessState(28023): Binder ioctl to enable oneway spam detection failed: Invalid argument
W/Looper  (28023): PerfMonitor longMsg : seq=8 plan=21:23:57.872 late=399ms wall=1737ms running=0ms h=android.view.Choreographer$FrameHandler c=android.view.Choreographer$FrameDisplayEventReceiver procState=-1
W/Looper  (28023): PerfMonitor doFrame : time=1737ms vsyncFrame=0 latency=399ms procState=-1 historyMsgCount=7 (msgIndex=2 wall=386ms seq=4 h=android.app.ActivityThread$H w=159) (msgIndex=3 wall=1737ms seq=8 late=399ms h=android.view.Choreographer$FrameHandler c=android.view.Choreographer$FrameDisplayEventReceiver) (msgIndex=4 wall=386ms seq=4 h=android.app.ActivityThread$H w=159)
I/Choreographer(28023): Skipped 98 frames!  The application may be doing too much work on its main thread.
D/SurfaceView(28023): UPDATE Surface(name=SurfaceView[com.example.benchmark_container/com.example.benchmark_container.MainActivity])/@0xca20cbb, mIsProjectionMode = false
W/Looper  (28023): PerfMonitor doFrame : time=10ms vsyncFrame=0 latency=1648ms procState=-1 historyMsgCount=4
[spm]: Connected to Dart VM service.
I/flutter (28023): 00:00 +0: Performance Benchmark
E/hmark_containe(28023): open libmigui.so failed! dlopen - dlopen failed: library "libmigui.so" not found
D/hmark_containe(28023): MiuiProcessManagerServiceStub setSchedFifo
I/MiuiProcessManagerImpl(28023): setSchedFifo pid:28023, mode:3
D/DecorView[](28023): onWindowFocusChanged hasWindowFocus true
D/DecorView[](28023): getWindowModeFromSystem  windowmode is 1
D/DecorView[](28023): updateDecorCaptionStatus displayWindowDecor is false
D/ProfileInstaller(28023): Installing profile for com.example.benchmark_container
[spm]: ProfilerData event received.
I/flutter (28023): [SPM:perf] 698a51a  buildSpan: 367µs
I/flutter (28023): [spm] Performance monitoring completed for 698a51a
[spm]: ProfilerData event received.
I/flutter (28023): [SPM:perf] 698a51a  buildSpan: 387µs
I/flutter (28023): [spm] Performance monitoring completed for 698a51a
[spm]: ProfilerData event received.
I/flutter (28023): [SPM:perf] 698a51a  buildSpan: 301µs
I/flutter (28023): [spm] Performance monitoring completed for 698a51a
[spm]: ProfilerData event received.
I/flutter (28023): [SPM:perf] 698a51a  buildSpan: 361µs
I/flutter (28023): [spm] Performance monitoring completed for 698a51a
[spm]: ProfilerData event received.
I/flutter (28023): [SPM:perf] 698a51a  buildSpan: 322µs
I/flutter (28023): [spm] Performance monitoring completed for 698a51a
[spm]: ProfilerData event received.
I/flutter (28023): [SPM:perf] 698a51a  buildSpan: 309µs
I/flutter (28023): [spm] Performance monitoring completed for 698a51a
[spm]: ProfilerData event received.
I/flutter (28023): [SPM:perf] 698a51a  buildSpan: 365µs
I/flutter (28023): [spm] Performance monitoring completed for 698a51a
[spm]: ProfilerData event received.
I/flutter (28023): [SPM:perf] 698a51a  buildSpan: 350µs
I/flutter (28023): [spm] Performance monitoring completed for 698a51a
I/flutter (28023): [SPM:perf] 698a51a  buildSpan: 349µs
[spm]: ProfilerData event received.
I/flutter (28023): [spm] Performance monitoring completed for 698a51a
[spm]: ProfilerData event received.
I/flutter (28023): [SPM:perf] 698a51a  buildSpan: 317µs
I/flutter (28023): [spm] Performance monitoring completed for 698a51a
[spm]: ProfilerData event received.
I/flutter (28023): [SPM:perf] 698a51a  buildSpan: 630µs
I/flutter (28023): [spm] Performance monitoring completed for 698a51a
[spm]: ProfilerData event received.
I/flutter (28023): [SPM:perf] 698a51a  buildSpan: 409µs
I/flutter (28023): [spm] Performance monitoring completed for 698a51a
[spm]: ProfilerData event received.
I/flutter (28023): [SPM:perf] 698a51a  buildSpan: 373µs
I/flutter (28023): [spm] Performance monitoring completed for 698a51a
I/flutter (28023): [SPM:perf] 698a51a  buildSpan: 336µs
[spm]: ProfilerData event received.
I/flutter (28023): [spm] Performance monitoring completed for 698a51a
[spm]: ProfilerData event received.
I/flutter (28023): [SPM:perf] 698a51a  buildSpan: 370µs
I/flutter (28023): [spm] Performance monitoring completed for 698a51a
[spm]: ProfilerData event received.
I/flutter (28023): [SPM:perf] 698a51a  buildSpan: 360µs
I/flutter (28023): [spm] Performance monitoring completed for 698a51a
[spm]: ProfilerData event received.
I/flutter (28023): [SPM:perf] 698a51a  buildSpan: 302µs
I/flutter (28023): [spm] Performance monitoring completed for 698a51a
[spm]: ProfilerData event received.
I/flutter (28023): [SPM:perf] 698a51a  buildSpan: 434µs
I/flutter (28023): [spm] Performance monitoring completed for 698a51a
I/flutter (28023): [SPM:perf] 698a51a  buildSpan: 535µs
[spm]: ProfilerData event received.
I/flutter (28023): [spm] Performance monitoring completed for 698a51a
[spm]: ProfilerData event received.
I/flutter (28023): [SPM:perf] 698a51a  buildSpan: 359µs
I/flutter (28023): [spm] Performance monitoring completed for 698a51a
[spm]: ProfilerData event received.
I/flutter (28023): [SPM:perf] 698a51a  buildSpan: 317µs
I/flutter (28023): [spm] Performance monitoring completed for 698a51a
I/flutter (28023): [SPM:perf] 698a51a  buildSpan: 314µs
I/flutter (28023): [spm] Performance monitoring completed for 698a51a
[spm]: ProfilerData event received.
I/flutter (28023): [SPM:perf] 698a51a  buildSpan: 311µs
[spm]: ProfilerData event received.
I/flutter (28023): [spm] Performance monitoring completed for 698a51a
[spm]: ProfilerData event received.
I/flutter (28023): [SPM:perf] 698a51a  buildSpan: 395µs
I/flutter (28023): [spm] Performance monitoring completed for 698a51a
[spm]: ProfilerData event received.
I/flutter (28023): [SPM:perf] 698a51a  buildSpan: 334µs
I/flutter (28023): [spm] Performance monitoring completed for 698a51a
[spm]: ProfilerData event received.
I/flutter (28023): [SPM:perf] 698a51a  buildSpan: 405µs
I/flutter (28023): [spm] Performance monitoring completed for 698a51a
[spm]: ProfilerData event received.
I/flutter (28023): [SPM:perf] 698a51a  buildSpan: 382µs
I/flutter (28023): [spm] Performance monitoring completed for 698a51a
[spm]: ProfilerData event received.
I/flutter (28023): [SPM:perf] 698a51a  buildSpan: 331µs
I/flutter (28023): [spm] Performance monitoring completed for 698a51a
[spm]: ProfilerData event received.
I/flutter (28023): [SPM:perf] 698a51a  buildSpan: 325µs
I/flutter (28023): [spm] Performance monitoring completed for 698a51a
[spm]: ProfilerData event received.
I/flutter (28023): [SPM:perf] 698a51a  buildSpan: 386µs
I/flutter (28023): [spm] Performance monitoring completed for 698a51a
I/flutter (28023): 01:10 +1: (tearDownAll)
I/flutter (28023): 01:11 +2: All tests passed!
All tests passed.
[spm]: Saved 30 profiler events to <ROOT>/dataset-new_samples/0344/redmi9t/raw/20260909-194357/rev_002_76cef4b8/e1.jsonl
[spm]: Reverting injection...
1 issue found. (ran in 0.6s)
WARNING: Your Android app project: app located at: <ROOT>/android/app/build.gradle.kts
applies the Kotlin Gradle Plugin, which will cause build failures in future versions of Flutter. 
Please migrate your app to Built-in Kotlin using this guide: https://docs.flutter.dev/release/breaking-changes/migrate-to-built-in-kotlin/for-app-developers

VMServiceFlutterDriver: Connecting to Flutter application at http://127.0.0.1:43705/b2mWNFQDBs0=/
[spm]: Detected VM service URI: ws://127.0.0.1:43705/b2mWNFQDBs0=/ws
VMServiceFlutterDriver: Isolate found with number: 256549191086579
VMServiceFlutterDriver: Isolate 256549191086579 is runnable.
VMServiceFlutterDriver: Isolate is paused at start.
VMServiceFlutterDriver: Attempting to resume isolate
VMServiceFlutterDriver: Connected to Flutter application.
VMServiceFlutterDriver: request_data message is taking a long time to complete...