# sample_id=0344/rev_002_76cef4b8 exec_index=6 ok=True perf_lines=30 vm_events=30 battery_pct=62 soc_temp_millic=43200 battery_temp_c=32.0 charging=False preflight_started=2026-09-09T18:51:37.273419+00:00 started=2026-09-09T18:51:39.653848+00:00 ts=2026-09-09T18:53:45.136848+00:00
[spm]: Running flutter analyze...
Analyzing lib...                                                

   info • Constructors in '@immutable' classes should be declared as 'const'. Try adding 'const' to the constructor declaration • lib/generated_widget.dart:6:3 • prefer_const_constructors_in_immutables

[spm]: Injecting profiler code...
[spm]: Starting app...
Running Gradle task 'assembleProfile'...                        
Running Gradle task 'assembleProfile'...                           22.3s
✓ Built build/app/outputs/flutter-apk/app-profile.apk (26.8MB)
Installing build/app/outputs/flutter-apk/app-profile.apk...        973ms
D/SurfaceView(24185): UPDATE null, mIsCastMode = false
D/hw-ProcessState(24185): Binder ioctl to enable oneway spam detection failed: Invalid argument
W/Looper  (24185): PerfMonitor longMsg : seq=8 plan=21:52:20.634 late=348ms wall=1706ms running=0ms h=android.view.Choreographer$FrameHandler c=android.view.Choreographer$FrameDisplayEventReceiver procState=-1
W/Looper  (24185): PerfMonitor doFrame : time=1706ms vsyncFrame=0 latency=348ms procState=-1 historyMsgCount=7 (msgIndex=1 wall=342ms seq=4 h=android.app.ActivityThread$H w=159) (msgIndex=3 wall=1706ms seq=8 late=348ms h=android.view.Choreographer$FrameHandler c=android.view.Choreographer$FrameDisplayEventReceiver) (msgIndex=4 wall=342ms seq=4 h=android.app.ActivityThread$H w=159)
I/Choreographer(24185): Skipped 96 frames!  The application may be doing too much work on its main thread.
D/SurfaceView(24185): UPDATE Surface(name=SurfaceView[com.example.benchmark_container/com.example.benchmark_container.MainActivity])/@0xca20cbb, mIsProjectionMode = false
W/Looper  (24185): PerfMonitor doFrame : time=3ms vsyncFrame=0 latency=1611ms procState=-1 historyMsgCount=4
[spm]: Connected to Dart VM service.
I/flutter (24185): 00:00 +0: Performance Benchmark
E/hmark_containe(24185): open libmigui.so failed! dlopen - dlopen failed: library "libmigui.so" not found
D/hmark_containe(24185): MiuiProcessManagerServiceStub setSchedFifo
I/MiuiProcessManagerImpl(24185): setSchedFifo pid:24185, mode:3
D/DecorView[](24185): onWindowFocusChanged hasWindowFocus true
D/DecorView[](24185): getWindowModeFromSystem  windowmode is 1
D/DecorView[](24185): updateDecorCaptionStatus displayWindowDecor is false
D/ProfileInstaller(24185): Installing profile for com.example.benchmark_container
[spm]: ProfilerData event received.
I/flutter (24185): [SPM:perf] 698a51a  buildSpan: 361µs
I/flutter (24185): [spm] Performance monitoring completed for 698a51a
[spm]: ProfilerData event received.
I/flutter (24185): [SPM:perf] 698a51a  buildSpan: 308µs
I/flutter (24185): [spm] Performance monitoring completed for 698a51a
[spm]: ProfilerData event received.
I/flutter (24185): [SPM:perf] 698a51a  buildSpan: 285µs
I/flutter (24185): [spm] Performance monitoring completed for 698a51a
[spm]: ProfilerData event received.
I/flutter (24185): [SPM:perf] 698a51a  buildSpan: 336µs
I/flutter (24185): [spm] Performance monitoring completed for 698a51a
[spm]: ProfilerData event received.
I/flutter (24185): [SPM:perf] 698a51a  buildSpan: 367µs
I/flutter (24185): [spm] Performance monitoring completed for 698a51a
I/flutter (24185): [SPM:perf] 698a51a  buildSpan: 406µs
[spm]: ProfilerData event received.
I/flutter (24185): [spm] Performance monitoring completed for 698a51a
[spm]: ProfilerData event received.
I/flutter (24185): [SPM:perf] 698a51a  buildSpan: 393µs
I/flutter (24185): [spm] Performance monitoring completed for 698a51a
[spm]: ProfilerData event received.
I/flutter (24185): [SPM:perf] 698a51a  buildSpan: 416µs
I/flutter (24185): [spm] Performance monitoring completed for 698a51a
[spm]: ProfilerData event received.
I/flutter (24185): [SPM:perf] 698a51a  buildSpan: 332µs
I/flutter (24185): [spm] Performance monitoring completed for 698a51a
[spm]: ProfilerData event received.
I/flutter (24185): [SPM:perf] 698a51a  buildSpan: 359µs
I/flutter (24185): [spm] Performance monitoring completed for 698a51a
[spm]: ProfilerData event received.
I/flutter (24185): [SPM:perf] 698a51a  buildSpan: 413µs
I/flutter (24185): [spm] Performance monitoring completed for 698a51a
[spm]: ProfilerData event received.
I/flutter (24185): [SPM:perf] 698a51a  buildSpan: 329µs
I/flutter (24185): [spm] Performance monitoring completed for 698a51a
[spm]: ProfilerData event received.
I/flutter (24185): [SPM:perf] 698a51a  buildSpan: 374µs
I/flutter (24185): [spm] Performance monitoring completed for 698a51a
I/flutter (24185): [SPM:perf] 698a51a  buildSpan: 325µs
I/flutter (24185): [spm] Performance monitoring completed for 698a51a
[spm]: ProfilerData event received.
[spm]: ProfilerData event received.
I/flutter (24185): [SPM:perf] 698a51a  buildSpan: 420µs
I/flutter (24185): [spm] Performance monitoring completed for 698a51a
I/flutter (24185): [SPM:perf] 698a51a  buildSpan: 321µs
[spm]: ProfilerData event received.
I/flutter (24185): [spm] Performance monitoring completed for 698a51a
[spm]: ProfilerData event received.
I/flutter (24185): [SPM:perf] 698a51a  buildSpan: 323µs
I/flutter (24185): [spm] Performance monitoring completed for 698a51a
I/flutter (24185): [SPM:perf] 698a51a  buildSpan: 428µs
[spm]: ProfilerData event received.
I/flutter (24185): [spm] Performance monitoring completed for 698a51a
[spm]: ProfilerData event received.
I/flutter (24185): [SPM:perf] 698a51a  buildSpan: 340µs
I/flutter (24185): [spm] Performance monitoring completed for 698a51a
[spm]: ProfilerData event received.
I/flutter (24185): [SPM:perf] 698a51a  buildSpan: 347µs
I/flutter (24185): [spm] Performance monitoring completed for 698a51a
[spm]: ProfilerData event received.
I/flutter (24185): [SPM:perf] 698a51a  buildSpan: 373µs
I/flutter (24185): [spm] Performance monitoring completed for 698a51a
[spm]: ProfilerData event received.
I/flutter (24185): [SPM:perf] 698a51a  buildSpan: 364µs
I/flutter (24185): [spm] Performance monitoring completed for 698a51a
[spm]: ProfilerData event received.
I/flutter (24185): [SPM:perf] 698a51a  buildSpan: 546µs
I/flutter (24185): [spm] Performance monitoring completed for 698a51a
[spm]: ProfilerData event received.
I/flutter (24185): [SPM:perf] 698a51a  buildSpan: 593µs
I/flutter (24185): [spm] Performance monitoring completed for 698a51a
[spm]: ProfilerData event received.
I/flutter (24185): [SPM:perf] 698a51a  buildSpan: 330µs
I/flutter (24185): [spm] Performance monitoring completed for 698a51a
I/flutter (24185): [SPM:perf] 698a51a  buildSpan: 346µs
[spm]: ProfilerData event received.
I/flutter (24185): [spm] Performance monitoring completed for 698a51a
I/flutter (24185): [SPM:perf] 698a51a  buildSpan: 338µs
[spm]: ProfilerData event received.
I/flutter (24185): [spm] Performance monitoring completed for 698a51a
[spm]: ProfilerData event received.
I/flutter (24185): [SPM:perf] 698a51a  buildSpan: 381µs
I/flutter (24185): [spm] Performance monitoring completed for 698a51a
[spm]: ProfilerData event received.
I/flutter (24185): [SPM:perf] 698a51a  buildSpan: 350µs
I/flutter (24185): [spm] Performance monitoring completed for 698a51a
[spm]: ProfilerData event received.
I/flutter (24185): [SPM:perf] 698a51a  buildSpan: 353µs
I/flutter (24185): [spm] Performance monitoring completed for 698a51a
I/flutter (24185): 01:10 +1: (tearDownAll)
I/flutter (24185): 01:11 +2: All tests passed!
All tests passed.
[spm]: Saved 30 profiler events to <ROOT>/dataset-new_samples/0344/redmi9t/raw/20260909-194357/rev_002_76cef4b8/e6.jsonl
[spm]: Reverting injection...
1 issue found. (ran in 0.8s)
WARNING: Your Android app project: app located at: <ROOT>/android/app/build.gradle.kts
applies the Kotlin Gradle Plugin, which will cause build failures in future versions of Flutter. 
Please migrate your app to Built-in Kotlin using this guide: https://docs.flutter.dev/release/breaking-changes/migrate-to-built-in-kotlin/for-app-developers

VMServiceFlutterDriver: Connecting to Flutter application at http://127.0.0.1:45483/oRJ17bnwZ6U=/
[spm]: Detected VM service URI: ws://127.0.0.1:45483/oRJ17bnwZ6U=/ws
VMServiceFlutterDriver: Isolate found with number: 3506377109524543
VMServiceFlutterDriver: Isolate 3506377109524543 is runnable.
VMServiceFlutterDriver: Isolate is paused at start.
VMServiceFlutterDriver: Attempting to resume isolate
VMServiceFlutterDriver: Connected to Flutter application.
VMServiceFlutterDriver: request_data message is taking a long time to complete...