# sample_id=2644/rev_002_fba8b029 exec_index=7 ok=True perf_lines=30 vm_events=30 battery_pct=51 soc_temp_millic=44800 battery_temp_c=31.4 charging=False preflight_started=2026-09-13T17:04:54.804864+00:00 started=2026-09-13T17:04:57.394147+00:00 ts=2026-09-13T17:06:45.194348+00:00
[spm]: Running flutter analyze...
Resolving dependencies...
Downloading packages...
  _fe_analyzer_shared 100.0.0 (108.0.0 available)
  analyzer 13.0.0 (14.4.0 available)
  async 2.13.0 (2.13.1 available)
  clock 1.1.2 (1.1.3 available)
  cupertino_icons 1.0.8 (1.0.9 available)
  glob 2.1.3 (2.2.0 available)
  lints 6.0.0 (6.1.0 available)
  matcher 0.12.19 (0.12.20 available)
  material_color_utilities 0.13.0 (0.13.1 available)
  meta 1.18.0 (1.19.0 available)
  package_config 2.2.0 (3.0.0 available)
  platform 3.1.6 (3.2.0 available)
  process 5.0.5 (5.0.6 available)
  pub_semver 2.2.0 (2.2.1 available)
  source_span 1.10.1 (1.10.2 available)
  stack_trace 1.12.1 (1.12.2 available)
  test_api 0.7.11 (0.7.14 available)
  vector_math 2.2.0 (2.4.2 available)
  vm_service 15.0.2 (15.3.0 available)
  webdriver 3.1.0 (3.2.0 available)
  yaml 3.1.3 (3.1.4 available)
Got dependencies!
21 packages have newer versions incompatible with dependency constraints.
Try `flutter pub outdated` for more information.
Analyzing lib...                                                

   info • The part-of directive uses a library name. Try converting the directive to use the URI of the library • lib/dependencies.dart:46:1 • use_string_in_part_of_directives
   info • Unnecessary 'late' modifier. Try removing the 'late' • lib/dependencies.dart:54:1 • unnecessary_late
   info • Constructors in '@immutable' classes should be declared as 'const'. Try adding 'const' to the constructor declaration • lib/dependencies.dart:96:3 • prefer_const_constructors_in_immutables
   info • Constructors for public widgets should have a named 'key' parameter. Try adding a named parameter to the constructor • lib/dependencies.dart:96:16 • use_key_in_widget_constructors
   info • Constructors in '@immutable' classes should be declared as 'const'. Try adding 'const' to the constructor declaration • lib/dependencies.dart:97:3 • prefer_const_constructors_in_immutables
   info • Constructors for public widgets should have a named 'key' parameter. Try adding a named parameter to the constructor • lib/dependencies.dart:97:16 • use_key_in_widget_constructors
   info • Library names are not necessary. Remove the library name • lib/generated_widget.dart:2:9 • unnecessary_library_name
   info • Parameter 'key' could be a super parameter. Trying converting 'key' to a super parameter • lib/generated_widget.dart:9:9 • use_super_parameters
   info • Constructors in '@immutable' classes should be declared as 'const'. Try adding 'const' to the constructor declaration • lib/generated_widget.dart:11:3 • prefer_const_constructors_in_immutables
   info • 'WillPopScope' is deprecated and shouldn't be used. Use PopScope instead. The Android predictive back feature will not work with WillPopScope. This feature was deprecated after v3.12.0-1.0.pre. Try replacing the use of the deprecated member with the replacement • lib/generated_widget.dart:35:12 • deprecated_member_use

[spm]: Injecting profiler code...
[spm]: Starting app...
Running Gradle task 'assembleProfile'...                        
Running Gradle task 'assembleProfile'...                            3.1s
✓ Built build/app/outputs/flutter-apk/app-profile.apk (26.8MB)
Installing build/app/outputs/flutter-apk/app-profile.apk...      1,163ms
D/IS_CTS_MODE(17665): true
D/MULTI_WINDOW_SWITCH_ENABLED(17665): false
D/IS_CTS_MODE(17665): true
D/MULTI_WINDOW_SWITCH_ENABLED(17665): false
D/DecorView[](17665): getWindowModeFromSystem  windowmode is 1
D/DecorView[](17665): getWindowModeFromSystem  windowmode is 1
D/DecorView[](17665): updateDecorCaptionStatus displayWindowDecor is false
W/Looper  (17665): PerfMonitor looperActivity : package=com.example.benchmark_container/.MainActivity time=338ms latency=330ms running=0ms  procState=-1  historyMsgCount=2 (msgIndex=1 wall=338ms seq=4 late=330ms h=android.app.ActivityThread$H w=159) (msgIndex=2 wall=357ms seq=3 h=android.app.ActivityThread$H w=110)
W/Looper  (17665): PerfMonitor looperActivity : package=com.example.benchmark_container/.MainActivity time=0ms latency=669ms running=0ms  procState=-1  historyMsgCount=4 (msgIndex=2 wall=338ms seq=4 late=330ms h=android.app.ActivityThread$H w=159) (msgIndex=3 wall=357ms seq=3 h=android.app.ActivityThread$H w=110) (msgIndex=4 wall=338ms seq=4 late=330ms h=android.app.ActivityThread$H w=159)
D/SurfaceView(17665): UPDATE null, mIsCastMode = false
D/hw-ProcessState(17665): Binder ioctl to enable oneway spam detection failed: Invalid argument
W/Looper  (17665): PerfMonitor longMsg : seq=8 plan=20:05:19.203 late=346ms wall=1724ms running=0ms h=android.view.Choreographer$FrameHandler c=android.view.Choreographer$FrameDisplayEventReceiver procState=-1
W/Looper  (17665): PerfMonitor doFrame : time=1724ms vsyncFrame=0 latency=346ms procState=-1 historyMsgCount=7 (msgIndex=2 wall=338ms seq=4 h=android.app.ActivityThread$H w=159) (msgIndex=3 wall=1724ms seq=8 late=346ms h=android.view.Choreographer$FrameHandler c=android.view.Choreographer$FrameDisplayEventReceiver) (msgIndex=4 wall=338ms seq=4 h=android.app.ActivityThread$H w=159)
I/Choreographer(17665): Skipped 98 frames!  The application may be doing too much work on its main thread.
D/SurfaceView(17665): UPDATE Surface(name=SurfaceView[com.example.benchmark_container/com.example.benchmark_container.MainActivity])/@0x739554a, mIsProjectionMode = false
W/Looper  (17665): PerfMonitor doFrame : time=3ms vsyncFrame=0 latency=1642ms procState=-1 historyMsgCount=4
[spm]: Connected to Dart VM service.
I/flutter (17665): 00:00 +0: Performance Benchmark
E/hmark_containe(17665): open libmigui.so failed! dlopen - dlopen failed: library "libmigui.so" not found
D/hmark_containe(17665): MiuiProcessManagerServiceStub setSchedFifo
I/MiuiProcessManagerImpl(17665): setSchedFifo pid:17665, mode:3
D/DecorView[](17665): onWindowFocusChanged hasWindowFocus true
D/DecorView[](17665): getWindowModeFromSystem  windowmode is 1
D/DecorView[](17665): updateDecorCaptionStatus displayWindowDecor is false
D/ProfileInstaller(17665): Installing profile for com.example.benchmark_container
I/flutter (17665): [SPM:perf] 698a51a  buildSpan: 925µs
I/flutter (17665): [spm] Performance monitoring completed for 698a51a
[spm]: ProfilerData event received.
[spm]: ProfilerData event received.
I/flutter (17665): [SPM:perf] 698a51a  buildSpan: 1084µs
I/flutter (17665): [spm] Performance monitoring completed for 698a51a
[spm]: ProfilerData event received.
I/flutter (17665): [SPM:perf] 698a51a  buildSpan: 769µs
I/flutter (17665): [spm] Performance monitoring completed for 698a51a
[spm]: ProfilerData event received.
I/flutter (17665): [SPM:perf] 698a51a  buildSpan: 689µs
I/flutter (17665): [spm] Performance monitoring completed for 698a51a
[spm]: ProfilerData event received.
I/flutter (17665): [SPM:perf] 698a51a  buildSpan: 535µs
I/flutter (17665): [spm] Performance monitoring completed for 698a51a
[spm]: ProfilerData event received.
I/flutter (17665): [SPM:perf] 698a51a  buildSpan: 801µs
I/flutter (17665): [spm] Performance monitoring completed for 698a51a
[spm]: ProfilerData event received.
I/flutter (17665): [SPM:perf] 698a51a  buildSpan: 955µs
I/flutter (17665): [spm] Performance monitoring completed for 698a51a
[spm]: ProfilerData event received.
I/flutter (17665): [SPM:perf] 698a51a  buildSpan: 848µs
I/flutter (17665): [spm] Performance monitoring completed for 698a51a
[spm]: ProfilerData event received.
I/flutter (17665): [SPM:perf] 698a51a  buildSpan: 799µs
I/flutter (17665): [spm] Performance monitoring completed for 698a51a
[spm]: ProfilerData event received.
I/flutter (17665): [SPM:perf] 698a51a  buildSpan: 532µs
I/flutter (17665): [spm] Performance monitoring completed for 698a51a
[spm]: ProfilerData event received.
I/flutter (17665): [SPM:perf] 698a51a  buildSpan: 608µs
I/flutter (17665): [spm] Performance monitoring completed for 698a51a
[spm]: ProfilerData event received.
I/flutter (17665): [SPM:perf] 698a51a  buildSpan: 792µs
I/flutter (17665): [spm] Performance monitoring completed for 698a51a
I/flutter (17665): [SPM:perf] 698a51a  buildSpan: 807µs
[spm]: ProfilerData event received.
I/flutter (17665): [spm] Performance monitoring completed for 698a51a
I/flutter (17665): [SPM:perf] 698a51a  buildSpan: 765µs
I/flutter (17665): [spm] Performance monitoring completed for 698a51a
[spm]: ProfilerData event received.
[spm]: ProfilerData event received.
I/flutter (17665): [SPM:perf] 698a51a  buildSpan: 584µs
I/flutter (17665): [spm] Performance monitoring completed for 698a51a
[spm]: ProfilerData event received.
I/flutter (17665): [SPM:perf] 698a51a  buildSpan: 701µs
I/flutter (17665): [spm] Performance monitoring completed for 698a51a
I/flutter (17665): [SPM:perf] 698a51a  buildSpan: 803µs
I/flutter (17665): [spm] Performance monitoring completed for 698a51a
[spm]: ProfilerData event received.
[spm]: ProfilerData event received.
I/flutter (17665): [SPM:perf] 698a51a  buildSpan: 569µs
I/flutter (17665): [spm] Performance monitoring completed for 698a51a
[spm]: ProfilerData event received.
I/flutter (17665): [SPM:perf] 698a51a  buildSpan: 682µs
I/flutter (17665): [spm] Performance monitoring completed for 698a51a
[spm]: ProfilerData event received.
I/flutter (17665): [SPM:perf] 698a51a  buildSpan: 625µs
I/flutter (17665): [spm] Performance monitoring completed for 698a51a
[spm]: ProfilerData event received.
I/flutter (17665): [SPM:perf] 698a51a  buildSpan: 886µs
I/flutter (17665): [spm] Performance monitoring completed for 698a51a
[spm]: ProfilerData event received.
I/flutter (17665): [SPM:perf] 698a51a  buildSpan: 545µs
I/flutter (17665): [spm] Performance monitoring completed for 698a51a
[spm]: ProfilerData event received.
I/flutter (17665): [SPM:perf] 698a51a  buildSpan: 811µs
I/flutter (17665): [spm] Performance monitoring completed for 698a51a
[spm]: ProfilerData event received.
I/flutter (17665): [SPM:perf] 698a51a  buildSpan: 797µs
I/flutter (17665): [spm] Performance monitoring completed for 698a51a
[spm]: ProfilerData event received.
I/flutter (17665): [SPM:perf] 698a51a  buildSpan: 483µs
I/flutter (17665): [spm] Performance monitoring completed for 698a51a
[spm]: ProfilerData event received.
I/flutter (17665): [SPM:perf] 698a51a  buildSpan: 780µs
I/flutter (17665): [spm] Performance monitoring completed for 698a51a
[spm]: ProfilerData event received.
I/flutter (17665): [SPM:perf] 698a51a  buildSpan: 719µs
I/flutter (17665): [spm] Performance monitoring completed for 698a51a
[spm]: ProfilerData event received.
I/flutter (17665): [SPM:perf] 698a51a  buildSpan: 694µs
I/flutter (17665): [spm] Performance monitoring completed for 698a51a
[spm]: ProfilerData event received.
I/flutter (17665): [SPM:perf] 698a51a  buildSpan: 444µs
I/flutter (17665): [spm] Performance monitoring completed for 698a51a
[spm]: ProfilerData event received.
I/flutter (17665): [SPM:perf] 698a51a  buildSpan: 854µs
I/flutter (17665): [spm] Performance monitoring completed for 698a51a
I/flutter (17665): 01:10 +1: (tearDownAll)
I/flutter (17665): 01:11 +2: All tests passed!
All tests passed.
[spm]: Saved 30 profiler events to <ROOT>/dataset-new_samples/2644/redmi9t/raw/20260913-195503/rev_002_fba8b029/e7.jsonl
[spm]: Reverting injection...
10 issues found. (ran in 0.8s)
WARNING: Your Android app project: app located at: <ROOT>/android/app/build.gradle.kts
applies the Kotlin Gradle Plugin, which will cause build failures in future versions of Flutter. 
Please migrate your app to Built-in Kotlin using this guide: https://docs.flutter.dev/release/breaking-changes/migrate-to-built-in-kotlin/for-app-developers

VMServiceFlutterDriver: Connecting to Flutter application at http://127.0.0.1:39623/6wJ6TpU3K4Y=/
[spm]: Detected VM service URI: ws://127.0.0.1:39623/6wJ6TpU3K4Y=/ws
VMServiceFlutterDriver: Isolate found with number: 4360756982372531
VMServiceFlutterDriver: Isolate 4360756982372531 is runnable.
VMServiceFlutterDriver: Isolate is paused at start.
VMServiceFlutterDriver: Attempting to resume isolate
VMServiceFlutterDriver: Connected to Flutter application.
VMServiceFlutterDriver: request_data message is taking a long time to complete...