# sample_id=2039/rev_005_225cd9c1 exec_index=6 ok=True perf_lines=30 vm_events=30 battery_pct=72 soc_temp_millic=40800 battery_temp_c=30.0 charging=False preflight_started=2026-09-18T06:08:40.628744+00:00 started=2026-09-18T06:08:42.964752+00:00 ts=2026-09-18T06:10:42.012405+00:00
[spm]: Running flutter analyze...
Resolving dependencies...
Downloading packages...
  _fe_analyzer_shared 100.0.0 (108.0.0 available)
  analyzer 13.0.0 (14.4.0 available)
  async 2.13.0 (2.13.1 available)
  clock 1.1.2 (1.1.3 available)
  cupertino_icons 1.0.8 (1.0.9 available)
  glob 2.1.3 (2.2.0 available)
  lints 6.0.0 (6.1.0 available)
  matcher 0.12.19 (0.12.20 available)
  material_color_utilities 0.13.0 (0.13.1 available)
  meta 1.18.0 (1.19.0 available)
  package_config 2.2.0 (3.0.0 available)
  platform 3.1.6 (3.2.0 available)
  process 5.0.5 (5.0.6 available)
  pub_semver 2.2.0 (2.2.1 available)
  source_span 1.10.1 (1.10.2 available)
  stack_trace 1.12.1 (1.12.2 available)
  test_api 0.7.11 (0.7.14 available)
  vector_math 2.2.0 (2.4.2 available)
  vm_service 15.0.2 (15.3.0 available)
  webdriver 3.1.0 (3.2.0 available)
  yaml 3.1.3 (3.1.4 available)
Got dependencies!
21 packages have newer versions incompatible with dependency constraints.
Try `flutter pub outdated` for more information.
Analyzing lib...                                                

   info • The part-of directive uses a library name. Try converting the directive to use the URI of the library • lib/dependencies.dart:46:1 • use_string_in_part_of_directives
   info • Unnecessary 'late' modifier. Try removing the 'late' • lib/dependencies.dart:57:1 • unnecessary_late
   info • Unnecessary 'late' modifier. Try removing the 'late' • lib/dependencies.dart:60:1 • unnecessary_late
   info • Unnecessary 'late' modifier. Try removing the 'late' • lib/dependencies.dart:66:1 • unnecessary_late
   info • Unnecessary 'late' modifier. Try removing the 'late' • lib/dependencies.dart:68:1 • unnecessary_late
   info • Unnecessary 'late' modifier. Try removing the 'late' • lib/dependencies.dart:74:1 • unnecessary_late
   info • Unnecessary 'late' modifier. Try removing the 'late' • lib/dependencies.dart:76:1 • unnecessary_late
   info • Library names are not necessary. Remove the library name • lib/generated_widget.dart:2:9 • unnecessary_library_name
   info • The constant name 'MAX_FONT_SCALE_FACTOR' isn't a lowerCamelCase identifier. Try changing the name to follow the lowerCamelCase style • lib/generated_widget.dart:41:23 • constant_identifier_names
   info • The constant name 'MIN_FONT_SCALE_FACTOR' isn't a lowerCamelCase identifier. Try changing the name to follow the lowerCamelCase style • lib/generated_widget.dart:43:23 • constant_identifier_names
   info • The constant name 'DART' isn't a lowerCamelCase identifier. Try changing the name to follow the lowerCamelCase style • lib/generated_widget.dart:167:15 • constant_identifier_names
   info • The constant name 'CPP' isn't a lowerCamelCase identifier. Try changing the name to follow the lowerCamelCase style • lib/generated_widget.dart:167:24 • constant_identifier_names
   info • The constant name 'JAVASCRIPT' isn't a lowerCamelCase identifier. Try changing the name to follow the lowerCamelCase style • lib/generated_widget.dart:167:29 • constant_identifier_names
   info • The constant name 'KOTLIN' isn't a lowerCamelCase identifier. Try changing the name to follow the lowerCamelCase style • lib/generated_widget.dart:167:41 • constant_identifier_names
   info • The constant name 'JAVA' isn't a lowerCamelCase identifier. Try changing the name to follow the lowerCamelCase style • lib/generated_widget.dart:167:49 • constant_identifier_names
   info • The constant name 'SWIFT' isn't a lowerCamelCase identifier. Try changing the name to follow the lowerCamelCase style • lib/generated_widget.dart:167:55 • constant_identifier_names
   info • The constant name 'YAML' isn't a lowerCamelCase identifier. Try changing the name to follow the lowerCamelCase style • lib/generated_widget.dart:167:62 • constant_identifier_names

[spm]: Injecting profiler code...
[spm]: Starting app...
Running Gradle task 'assembleProfile'...                        
Running Gradle task 'assembleProfile'...                           19.1s
✓ Built build/app/outputs/flutter-apk/app-profile.apk (26.8MB)
Installing build/app/outputs/flutter-apk/app-profile.apk...      1,012ms
D/DecorView[](19137): getWindowModeFromSystem  windowmode is 1
D/DecorView[](19137): updateDecorCaptionStatus displayWindowDecor is false
W/Looper  (19137): PerfMonitor looperActivity : package=com.example.benchmark_container/.MainActivity time=417ms latency=415ms running=0ms  procState=-1  historyMsgCount=3 (msgIndex=1 wall=417ms seq=4 late=415ms h=android.app.ActivityThread$H w=159) (msgIndex=3 wall=413ms seq=3 h=android.app.ActivityThread$H w=110)
W/Looper  (19137): PerfMonitor looperActivity : package=com.example.benchmark_container/.MainActivity time=0ms latency=834ms running=0ms  procState=-1  historyMsgCount=4 (msgIndex=1 wall=417ms seq=4 late=415ms h=android.app.ActivityThread$H w=159) (msgIndex=3 wall=413ms seq=3 h=android.app.ActivityThread$H w=110) (msgIndex=4 wall=417ms seq=4 late=415ms h=android.app.ActivityThread$H w=159)
D/SurfaceView(19137): UPDATE null, mIsCastMode = false
D/hw-ProcessState(19137): Binder ioctl to enable oneway spam detection failed: Invalid argument
W/Looper  (19137): PerfMonitor longMsg : seq=8 plan=09:09:16.625 late=459ms wall=1771ms running=0ms h=android.view.Choreographer$FrameHandler c=android.view.Choreographer$FrameDisplayEventReceiver procState=-1
W/Looper  (19137): PerfMonitor doFrame : time=1771ms vsyncFrame=0 latency=459ms procState=-1 historyMsgCount=7 (msgIndex=1 wall=417ms seq=4 h=android.app.ActivityThread$H w=159) (msgIndex=3 wall=1771ms seq=8 late=459ms h=android.view.Choreographer$FrameHandler c=android.view.Choreographer$FrameDisplayEventReceiver) (msgIndex=4 wall=417ms seq=4 h=android.app.ActivityThread$H w=159)
I/Choreographer(19137): Skipped 99 frames!  The application may be doing too much work on its main thread.
D/SurfaceView(19137): UPDATE Surface(name=SurfaceView[com.example.benchmark_container/com.example.benchmark_container.MainActivity])/@0x9ac515, mIsProjectionMode = false
W/Looper  (19137): PerfMonitor doFrame : time=3ms vsyncFrame=0 latency=1653ms procState=-1 historyMsgCount=4
[spm]: Connected to Dart VM service.
I/flutter (19137): 00:00 +0: Performance Benchmark
E/hmark_containe(19137): open libmigui.so failed! dlopen - dlopen failed: library "libmigui.so" not found
D/hmark_containe(19137): MiuiProcessManagerServiceStub setSchedFifo
I/MiuiProcessManagerImpl(19137): setSchedFifo pid:19137, mode:3
D/DecorView[](19137): onWindowFocusChanged hasWindowFocus true
D/DecorView[](19137): getWindowModeFromSystem  windowmode is 1
D/DecorView[](19137): updateDecorCaptionStatus displayWindowDecor is false
D/ProfileInstaller(19137): Installing profile for com.example.benchmark_container
[spm]: ProfilerData event received.
I/flutter (19137): [SPM:perf] 698a51a  buildSpan: 730µs
I/flutter (19137): [spm] Performance monitoring completed for 698a51a
I/flutter (19137): [SPM:perf] 698a51a  buildSpan: 718µs
[spm]: ProfilerData event received.
I/flutter (19137): [spm] Performance monitoring completed for 698a51a
[spm]: ProfilerData event received.
I/flutter (19137): [SPM:perf] 698a51a  buildSpan: 665µs
I/flutter (19137): [spm] Performance monitoring completed for 698a51a
[spm]: ProfilerData event received.
I/flutter (19137): [SPM:perf] 698a51a  buildSpan: 769µs
I/flutter (19137): [spm] Performance monitoring completed for 698a51a
[spm]: ProfilerData event received.
I/flutter (19137): [SPM:perf] 698a51a  buildSpan: 906µs
I/flutter (19137): [spm] Performance monitoring completed for 698a51a
[spm]: ProfilerData event received.
I/flutter (19137): [SPM:perf] 698a51a  buildSpan: 720µs
I/flutter (19137): [spm] Performance monitoring completed for 698a51a
[spm]: ProfilerData event received.
I/flutter (19137): [SPM:perf] 698a51a  buildSpan: 700µs
I/flutter (19137): [spm] Performance monitoring completed for 698a51a
[spm]: ProfilerData event received.
I/flutter (19137): [SPM:perf] 698a51a  buildSpan: 746µs
I/flutter (19137): [spm] Performance monitoring completed for 698a51a
[spm]: ProfilerData event received.
I/flutter (19137): [SPM:perf] 698a51a  buildSpan: 662µs
I/flutter (19137): [spm] Performance monitoring completed for 698a51a
I/flutter (19137): [SPM:perf] 698a51a  buildSpan: 796µs
[spm]: ProfilerData event received.
I/flutter (19137): [spm] Performance monitoring completed for 698a51a
[spm]: ProfilerData event received.
I/flutter (19137): [SPM:perf] 698a51a  buildSpan: 716µs
I/flutter (19137): [spm] Performance monitoring completed for 698a51a
[spm]: ProfilerData event received.
I/flutter (19137): [SPM:perf] 698a51a  buildSpan: 758µs
I/flutter (19137): [spm] Performance monitoring completed for 698a51a
[spm]: ProfilerData event received.
I/flutter (19137): [SPM:perf] 698a51a  buildSpan: 729µs
I/flutter (19137): [spm] Performance monitoring completed for 698a51a
[spm]: ProfilerData event received.
I/flutter (19137): [SPM:perf] 698a51a  buildSpan: 707µs
I/flutter (19137): [spm] Performance monitoring completed for 698a51a
[spm]: ProfilerData event received.
I/flutter (19137): [SPM:perf] 698a51a  buildSpan: 746µs
I/flutter (19137): [spm] Performance monitoring completed for 698a51a
[spm]: ProfilerData event received.
I/flutter (19137): [SPM:perf] 698a51a  buildSpan: 717µs
I/flutter (19137): [spm] Performance monitoring completed for 698a51a
[spm]: ProfilerData event received.
I/flutter (19137): [SPM:perf] 698a51a  buildSpan: 942µs
I/flutter (19137): [spm] Performance monitoring completed for 698a51a
[spm]: ProfilerData event received.
I/flutter (19137): [SPM:perf] 698a51a  buildSpan: 688µs
I/flutter (19137): [spm] Performance monitoring completed for 698a51a
I/flutter (19137): [SPM:perf] 698a51a  buildSpan: 735µs
[spm]: ProfilerData event received.
I/flutter (19137): [spm] Performance monitoring completed for 698a51a
[spm]: ProfilerData event received.
I/flutter (19137): [SPM:perf] 698a51a  buildSpan: 701µs
I/flutter (19137): [spm] Performance monitoring completed for 698a51a
[spm]: ProfilerData event received.
I/flutter (19137): [SPM:perf] 698a51a  buildSpan: 708µs
I/flutter (19137): [spm] Performance monitoring completed for 698a51a
[spm]: ProfilerData event received.
I/flutter (19137): [SPM:perf] 698a51a  buildSpan: 677µs
I/flutter (19137): [spm] Performance monitoring completed for 698a51a
[spm]: ProfilerData event received.
I/flutter (19137): [SPM:perf] 698a51a  buildSpan: 701µs
I/flutter (19137): [spm] Performance monitoring completed for 698a51a
[spm]: ProfilerData event received.
I/flutter (19137): [SPM:perf] 698a51a  buildSpan: 722µs
I/flutter (19137): [spm] Performance monitoring completed for 698a51a
[spm]: ProfilerData event received.
I/flutter (19137): [SPM:perf] 698a51a  buildSpan: 698µs
I/flutter (19137): [spm] Performance monitoring completed for 698a51a
[spm]: ProfilerData event received.
I/flutter (19137): [SPM:perf] 698a51a  buildSpan: 841µs
I/flutter (19137): [spm] Performance monitoring completed for 698a51a
[spm]: ProfilerData event received.
I/flutter (19137): [SPM:perf] 698a51a  buildSpan: 834µs
I/flutter (19137): [spm] Performance monitoring completed for 698a51a
[spm]: ProfilerData event received.
I/flutter (19137): [SPM:perf] 698a51a  buildSpan: 725µs
I/flutter (19137): [spm] Performance monitoring completed for 698a51a
I/flutter (19137): [SPM:perf] 698a51a  buildSpan: 755µs
[spm]: ProfilerData event received.
I/flutter (19137): [spm] Performance monitoring completed for 698a51a
I/flutter (19137): [SPM:perf] 698a51a  buildSpan: 723µs
I/flutter (19137): [spm] Performance monitoring completed for 698a51a
[spm]: ProfilerData event received.
I/flutter (19137): 01:12 +1: (tearDownAll)
I/Choreographer(19137): Skipped 57 frames!  The application may be doing too much work on its main thread.
W/Looper  (19137): PerfMonitor doFrame : time=2ms vsyncFrame=0 latency=952ms procState=-1 historyMsgCount=7
I/flutter (19137): 01:13 +2: All tests passed!
I/OpenGLRenderer(19137): Davey! duration=962ms; Flags=0, FrameTimelineVsyncId=9729932, IntendedVsync=260353680833674, Vsync=260354630833636, InputEventId=0, HandleInputStart=260354633229169, AnimationStart=260354633236982, PerformTraversalsStart=260354633240263, DrawStart=260354634050055, FrameDeadline=260353697500340, FrameInterval=260354632844117, FrameStartTime=16666666, SyncQueued=260354634437555, SyncStart=260354634578284, IssueDrawCommandsStart=260354634674794, SwapBuffers=260354635800002, FrameCompleted=260354643552711, DequeueBufferDuration=49114, QueueBufferDuration=787344, GpuCompleted=260354643552711, SwapBuffersCompleted=260354639927294, DisplayPresentTime=0, 
[SPM:shot] wrote <ROOT>/dataset-new_samples/2039/redmi9t/shots/2039__rev_005_225cd9c1.png (33766 bytes)
All tests passed.
[spm]: Saved 30 profiler events to <ROOT>/dataset-new_samples/2039/redmi9t/raw/20260918-090345/rev_005_225cd9c1/e6.jsonl
[spm]: Reverting injection...
17 issues found. (ran in 0.5s)
WARNING: Your Android app project: app located at: <ROOT>/android/app/build.gradle.kts
applies the Kotlin Gradle Plugin, which will cause build failures in future versions of Flutter. 
Please migrate your app to Built-in Kotlin using this guide: https://docs.flutter.dev/release/breaking-changes/migrate-to-built-in-kotlin/for-app-developers

VMServiceFlutterDriver: Connecting to Flutter application at http://127.0.0.1:43847/exLe_3RyJUw=/
[spm]: Detected VM service URI: ws://127.0.0.1:43847/exLe_3RyJUw=/ws
VMServiceFlutterDriver: Isolate found with number: 1783310896827247
VMServiceFlutterDriver: Isolate 1783310896827247 is runnable.
VMServiceFlutterDriver: Isolate is paused at start.
VMServiceFlutterDriver: Attempting to resume isolate
VMServiceFlutterDriver: Connected to Flutter application.
VMServiceFlutterDriver: request_data message is taking a long time to complete...