# sample_id=19/base exec_index=10 ok=True perf_lines=30 vm_events=30 battery_pct=69 soc_temp_millic=37000 battery_temp_c=29.2 charging=False preflight_started=2026-08-02T01:46:23.246814+00:00 started=2026-08-02T01:51:37.440215+00:00 ts=2026-08-02T01:53:17.448620+00:00
[spm]: Running flutter analyze...
Analyzing lib...                                                
No issues found! (ran in 0.8s)
[spm]: Injecting profiler code...
[spm]: Starting app...
Running Gradle task 'assembleProfile'...                        
Running Gradle task 'assembleProfile'...                         1,871ms
✓ Built build/app/outputs/flutter-apk/app-profile.apk (61.8MB)
Installing build/app/outputs/flutter-apk/app-profile.apk...      2,274ms
D/DecorView[](11492): getWindowModeFromSystem  windowmode is 1
D/DecorView[](11492): getWindowModeFromSystem  windowmode is 1
D/DecorView[](11492): updateDecorCaptionStatus displayWindowDecor is false
W/Looper  (11492): PerfMonitor looperActivity : package=com.example.benchmark_container/.MainActivity time=349ms latency=340ms running=0ms  procState=-1  historyMsgCount=3 (msgIndex=3 wall=333ms seq=3 h=android.app.ActivityThread$H w=110)
W/Looper  (11492): PerfMonitor looperActivity : package=com.example.benchmark_container/.MainActivity time=0ms latency=690ms running=0ms  procState=-1  historyMsgCount=4 (msgIndex=3 wall=333ms seq=3 h=android.app.ActivityThread$H w=110) (msgIndex=4 wall=349ms seq=4 late=340ms h=android.app.ActivityThread$H w=159)
D/SurfaceView(11492): UPDATE null, mIsCastMode = false
D/hw-ProcessState(11492): Binder ioctl to enable oneway spam detection failed: Invalid argument
W/Looper  (11492): PerfMonitor longMsg : seq=8 plan=04:51:55.260 late=364ms wall=1652ms running=0ms h=android.view.Choreographer$FrameHandler c=android.view.Choreographer$FrameDisplayEventReceiver procState=-1
W/Looper  (11492): PerfMonitor doFrame : time=1652ms vsyncFrame=0 latency=364ms procState=-1 historyMsgCount=6 (msgIndex=2 wall=1652ms seq=8 late=364ms h=android.view.Choreographer$FrameHandler c=android.view.Choreographer$FrameDisplayEventReceiver) (msgIndex=3 wall=349ms seq=4 h=android.app.ActivityThread$H w=159)
I/Choreographer(11492): Skipped 94 frames!  The application may be doing too much work on its main thread.
D/SurfaceView(11492): UPDATE Surface(name=SurfaceView[com.example.benchmark_container/com.example.benchmark_container.MainActivity])/@0x4d86cce, mIsProjectionMode = false
W/Looper  (11492): PerfMonitor doFrame : time=3ms vsyncFrame=0 latency=1572ms procState=-1 historyMsgCount=4
[spm]: Connected to Dart VM service.
I/flutter (11492): 00:00 +0: Performance Benchmark
E/hmark_containe(11492): open libmigui.so failed! dlopen - dlopen failed: library "libmigui.so" not found
D/hmark_containe(11492): MiuiProcessManagerServiceStub setSchedFifo
I/MiuiProcessManagerImpl(11492): setSchedFifo pid:11492, mode:3
D/DecorView[](11492): onWindowFocusChanged hasWindowFocus true
D/DecorView[](11492): getWindowModeFromSystem  windowmode is 1
D/DecorView[](11492): updateDecorCaptionStatus displayWindowDecor is false
D/ProfileInstaller(11492): Installing profile for com.example.benchmark_container
I/flutter (11492): setState 698a51a
[spm]: ProfilerData event received.
I/flutter (11492): [SPM:perf] 698a51a  buildSpan: 1234µs
I/flutter (11492): [spm] Performance monitoring completed for 698a51a
I/flutter (11492): setState 698a51a
[spm]: ProfilerData event received.
I/flutter (11492): [SPM:perf] 698a51a  buildSpan: 1317µs
I/flutter (11492): [spm] Performance monitoring completed for 698a51a
I/flutter (11492): setState 698a51a
[spm]: ProfilerData event received.
I/flutter (11492): [SPM:perf] 698a51a  buildSpan: 1236µs
I/flutter (11492): [spm] Performance monitoring completed for 698a51a
I/flutter (11492): setState 698a51a
[spm]: ProfilerData event received.
I/flutter (11492): [SPM:perf] 698a51a  buildSpan: 1253µs
I/flutter (11492): [spm] Performance monitoring completed for 698a51a
I/flutter (11492): setState 698a51a
[spm]: ProfilerData event received.
I/flutter (11492): [SPM:perf] 698a51a  buildSpan: 1224µs
I/flutter (11492): [spm] Performance monitoring completed for 698a51a
I/flutter (11492): setState 698a51a
[spm]: ProfilerData event received.
I/flutter (11492): [SPM:perf] 698a51a  buildSpan: 1111µs
I/flutter (11492): [spm] Performance monitoring completed for 698a51a
I/flutter (11492): setState 698a51a
[spm]: ProfilerData event received.
I/flutter (11492): [SPM:perf] 698a51a  buildSpan: 1339µs
I/flutter (11492): [spm] Performance monitoring completed for 698a51a
I/flutter (11492): setState 698a51a
[spm]: ProfilerData event received.
I/flutter (11492): [SPM:perf] 698a51a  buildSpan: 1250µs
I/flutter (11492): [spm] Performance monitoring completed for 698a51a
I/flutter (11492): setState 698a51a
[spm]: ProfilerData event received.
I/flutter (11492): [SPM:perf] 698a51a  buildSpan: 1352µs
I/flutter (11492): [spm] Performance monitoring completed for 698a51a
I/flutter (11492): setState 698a51a
[spm]: ProfilerData event received.
I/flutter (11492): [SPM:perf] 698a51a  buildSpan: 1107µs
I/flutter (11492): [spm] Performance monitoring completed for 698a51a
I/flutter (11492): setState 698a51a
[spm]: ProfilerData event received.
I/flutter (11492): [SPM:perf] 698a51a  buildSpan: 1375µs
I/flutter (11492): [spm] Performance monitoring completed for 698a51a
I/flutter (11492): setState 698a51a
[spm]: ProfilerData event received.
I/flutter (11492): [SPM:perf] 698a51a  buildSpan: 1666µs
I/flutter (11492): [spm] Performance monitoring completed for 698a51a
I/flutter (11492): setState 698a51a
[spm]: ProfilerData event received.
I/flutter (11492): [SPM:perf] 698a51a  buildSpan: 1251µs
I/flutter (11492): [spm] Performance monitoring completed for 698a51a
I/flutter (11492): setState 698a51a
[spm]: ProfilerData event received.
I/flutter (11492): [SPM:perf] 698a51a  buildSpan: 1251µs
I/flutter (11492): [spm] Performance monitoring completed for 698a51a
I/flutter (11492): setState 698a51a
[spm]: ProfilerData event received.
I/flutter (11492): [SPM:perf] 698a51a  buildSpan: 1274µs
I/flutter (11492): [spm] Performance monitoring completed for 698a51a
I/flutter (11492): setState 698a51a
[spm]: ProfilerData event received.
I/flutter (11492): [SPM:perf] 698a51a  buildSpan: 1325µs
I/flutter (11492): [spm] Performance monitoring completed for 698a51a
I/flutter (11492): setState 698a51a
[spm]: ProfilerData event received.
I/flutter (11492): [SPM:perf] 698a51a  buildSpan: 1248µs
I/flutter (11492): [spm] Performance monitoring completed for 698a51a
I/flutter (11492): setState 698a51a
[spm]: ProfilerData event received.
I/flutter (11492): [SPM:perf] 698a51a  buildSpan: 1364µs
I/flutter (11492): [spm] Performance monitoring completed for 698a51a
I/flutter (11492): setState 698a51a
I/flutter (11492): [SPM:perf] 698a51a  buildSpan: 1345µs
[spm]: ProfilerData event received.
I/flutter (11492): [spm] Performance monitoring completed for 698a51a
I/flutter (11492): setState 698a51a
[spm]: ProfilerData event received.
I/flutter (11492): [SPM:perf] 698a51a  buildSpan: 1265µs
I/flutter (11492): [spm] Performance monitoring completed for 698a51a
I/flutter (11492): setState 698a51a
[spm]: ProfilerData event received.
I/flutter (11492): [SPM:perf] 698a51a  buildSpan: 1350µs
I/flutter (11492): [spm] Performance monitoring completed for 698a51a
I/flutter (11492): setState 698a51a
[spm]: ProfilerData event received.
I/flutter (11492): [SPM:perf] 698a51a  buildSpan: 1132µs
I/flutter (11492): [spm] Performance monitoring completed for 698a51a
I/flutter (11492): setState 698a51a
[spm]: ProfilerData event received.
I/flutter (11492): [SPM:perf] 698a51a  buildSpan: 1328µs
I/flutter (11492): [spm] Performance monitoring completed for 698a51a
I/flutter (11492): setState 698a51a
[spm]: ProfilerData event received.
I/flutter (11492): [SPM:perf] 698a51a  buildSpan: 1232µs
I/flutter (11492): [spm] Performance monitoring completed for 698a51a
I/flutter (11492): setState 698a51a
I/flutter (11492): [SPM:perf] 698a51a  buildSpan: 1283µs
I/flutter (11492): [spm] Performance monitoring completed for 698a51a
I/flutter (11492): setState 698a51a
[spm]: ProfilerData event received.
[spm]: ProfilerData event received.
I/flutter (11492): [SPM:perf] 698a51a  buildSpan: 1241µs
I/flutter (11492): [spm] Performance monitoring completed for 698a51a
I/flutter (11492): setState 698a51a
[spm]: ProfilerData event received.
I/flutter (11492): [SPM:perf] 698a51a  buildSpan: 1321µs
I/flutter (11492): [spm] Performance monitoring completed for 698a51a
I/flutter (11492): setState 698a51a
[spm]: ProfilerData event received.
I/flutter (11492): [SPM:perf] 698a51a  buildSpan: 1260µs
I/flutter (11492): [spm] Performance monitoring completed for 698a51a
I/flutter (11492): setState 698a51a
I/flutter (11492): [SPM:perf] 698a51a  buildSpan: 1253µs
I/flutter (11492): [spm] Performance monitoring completed for 698a51a
I/flutter (11492): setState 698a51a
[spm]: ProfilerData event received.
I/flutter (11492): [SPM:perf] 698a51a  buildSpan: 1224µs
[spm]: ProfilerData event received.
I/flutter (11492): [spm] Performance monitoring completed for 698a51a
I/flutter (11492): 01:10 +1: (tearDownAll)
I/flutter (11492): 01:11 +2: All tests passed!
All tests passed.
[spm]: Saved 30 profiler events to <ROOT>/dataset/19/redmi9t/raw/20260802-015854/base/e10.jsonl
[spm]: Reverting injection...
WARNING: Your Android app project: app located at: <ROOT>/android/app/build.gradle.kts
applies the Kotlin Gradle Plugin, which will cause build failures in future versions of Flutter. 
Please migrate your app to Built-in Kotlin using this guide: https://docs.flutter.dev/release/breaking-changes/migrate-to-built-in-kotlin/for-app-developers

VMServiceFlutterDriver: Connecting to Flutter application at http://127.0.0.1:37349/f4EyGV17ZRQ=/
[spm]: Detected VM service URI: ws://127.0.0.1:37349/f4EyGV17ZRQ=/ws
VMServiceFlutterDriver: Isolate found with number: 8531899734370687
VMServiceFlutterDriver: Isolate 8531899734370687 is runnable.
VMServiceFlutterDriver: Isolate is paused at start.
VMServiceFlutterDriver: Attempting to resume isolate
VMServiceFlutterDriver: Connected to Flutter application.