# sample_id=19/base exec_index=13 ok=True perf_lines=30 vm_events=30 battery_pct=66 soc_temp_millic=37400 battery_temp_c=29.3 charging=False preflight_started=2026-08-02T02:17:48.888862+00:00 started=2026-08-02T02:17:51.467536+00:00 ts=2026-08-02T02:19:50.740057+00:00
[spm]: Running flutter analyze...
Analyzing lib...                                                
No issues found! (ran in 0.5s)
[spm]: Injecting profiler code...
[spm]: Starting app...
Running Gradle task 'assembleProfile'...                        
Running Gradle task 'assembleProfile'...                           21.3s
✓ Built build/app/outputs/flutter-apk/app-profile.apk (61.8MB)
Installing build/app/outputs/flutter-apk/app-profile.apk...      2,295ms
D/DecorView[](31121): getWindowModeFromSystem  windowmode is 1
D/DecorView[](31121): getWindowModeFromSystem  windowmode is 1
D/DecorView[](31121): updateDecorCaptionStatus displayWindowDecor is false
W/Looper  (31121): PerfMonitor looperActivity : package=com.example.benchmark_container/.MainActivity time=402ms latency=401ms running=0ms  procState=-1  historyMsgCount=3 (msgIndex=1 wall=411ms seq=3 h=android.app.ActivityThread$H w=110) (msgIndex=2 wall=402ms seq=4 late=401ms h=android.app.ActivityThread$H w=159) (msgIndex=3 wall=411ms seq=3 h=android.app.ActivityThread$H w=110)
W/Looper  (31121): PerfMonitor looperActivity : package=com.example.benchmark_container/.MainActivity time=1ms latency=801ms running=0ms  procState=-1  historyMsgCount=4 (msgIndex=1 wall=411ms seq=3 h=android.app.ActivityThread$H w=110) (msgIndex=2 wall=402ms seq=4 late=401ms h=android.app.ActivityThread$H w=159) (msgIndex=3 wall=411ms seq=3 h=android.app.ActivityThread$H w=110) (msgIndex=4 wall=402ms seq=4 late=401ms h=android.app.ActivityThread$H w=159)
D/SurfaceView(31121): UPDATE null, mIsCastMode = false
D/hw-ProcessState(31121): Binder ioctl to enable oneway spam detection failed: Invalid argument
W/Looper  (31121): PerfMonitor longMsg : seq=8 plan=05:18:28.281 late=440ms wall=1649ms running=0ms h=android.view.Choreographer$FrameHandler c=android.view.Choreographer$FrameDisplayEventReceiver procState=-1
W/Looper  (31121): PerfMonitor doFrame : time=1649ms vsyncFrame=0 latency=440ms procState=-1 historyMsgCount=7 (msgIndex=1 wall=1649ms seq=8 late=440ms h=android.view.Choreographer$FrameHandler c=android.view.Choreographer$FrameDisplayEventReceiver) (msgIndex=2 wall=402ms seq=4 h=android.app.ActivityThread$H w=159) (msgIndex=3 wall=1649ms seq=8 late=440ms h=android.view.Choreographer$FrameHandler c=android.view.Choreographer$FrameDisplayEventReceiver) (msgIndex=4 wall=402ms seq=4 h=android.app.ActivityThread$H w=159)
I/Choreographer(31121): Skipped 93 frames!  The application may be doing too much work on its main thread.
D/SurfaceView(31121): UPDATE Surface(name=SurfaceView[com.example.benchmark_container/com.example.benchmark_container.MainActivity])/@0x4d86cce, mIsProjectionMode = false
W/Looper  (31121): PerfMonitor doFrame : time=4ms vsyncFrame=0 latency=1561ms procState=-1 historyMsgCount=4
[spm]: Connected to Dart VM service.
I/flutter (31121): 00:00 +0: Performance Benchmark
E/hmark_containe(31121): open libmigui.so failed! dlopen - dlopen failed: library "libmigui.so" not found
D/hmark_containe(31121): MiuiProcessManagerServiceStub setSchedFifo
I/MiuiProcessManagerImpl(31121): setSchedFifo pid:31121, mode:3
D/DecorView[](31121): onWindowFocusChanged hasWindowFocus true
D/DecorView[](31121): getWindowModeFromSystem  windowmode is 1
D/DecorView[](31121): updateDecorCaptionStatus displayWindowDecor is false
D/ProfileInstaller(31121): Installing profile for com.example.benchmark_container
I/flutter (31121): setState 698a51a
[spm]: ProfilerData event received.
I/flutter (31121): [SPM:perf] 698a51a  buildSpan: 1336µs
I/flutter (31121): [spm] Performance monitoring completed for 698a51a
I/flutter (31121): setState 698a51a
[spm]: ProfilerData event received.
I/flutter (31121): [SPM:perf] 698a51a  buildSpan: 1230µs
I/flutter (31121): [spm] Performance monitoring completed for 698a51a
I/flutter (31121): setState 698a51a
[spm]: ProfilerData event received.
I/flutter (31121): [SPM:perf] 698a51a  buildSpan: 1297µs
I/flutter (31121): [spm] Performance monitoring completed for 698a51a
I/flutter (31121): setState 698a51a
[spm]: ProfilerData event received.
I/flutter (31121): [SPM:perf] 698a51a  buildSpan: 1250µs
I/flutter (31121): [spm] Performance monitoring completed for 698a51a
I/flutter (31121): setState 698a51a
[spm]: ProfilerData event received.
I/flutter (31121): [SPM:perf] 698a51a  buildSpan: 1225µs
I/flutter (31121): [spm] Performance monitoring completed for 698a51a
I/flutter (31121): setState 698a51a
[spm]: ProfilerData event received.
I/flutter (31121): [SPM:perf] 698a51a  buildSpan: 1246µs
I/flutter (31121): [spm] Performance monitoring completed for 698a51a
I/flutter (31121): setState 698a51a
I/flutter (31121): [SPM:perf] 698a51a  buildSpan: 1235µs
[spm]: ProfilerData event received.
I/flutter (31121): [spm] Performance monitoring completed for 698a51a
I/flutter (31121): setState 698a51a
[spm]: ProfilerData event received.
I/flutter (31121): [SPM:perf] 698a51a  buildSpan: 1254µs
I/flutter (31121): [spm] Performance monitoring completed for 698a51a
I/flutter (31121): setState 698a51a
[spm]: ProfilerData event received.
I/flutter (31121): [SPM:perf] 698a51a  buildSpan: 1338µs
I/flutter (31121): [spm] Performance monitoring completed for 698a51a
I/flutter (31121): setState 698a51a
[spm]: ProfilerData event received.
I/flutter (31121): [SPM:perf] 698a51a  buildSpan: 1270µs
I/flutter (31121): [spm] Performance monitoring completed for 698a51a
I/flutter (31121): setState 698a51a
[spm]: ProfilerData event received.
I/flutter (31121): [SPM:perf] 698a51a  buildSpan: 1257µs
I/flutter (31121): [spm] Performance monitoring completed for 698a51a
I/flutter (31121): setState 698a51a
[spm]: ProfilerData event received.
I/flutter (31121): [SPM:perf] 698a51a  buildSpan: 1286µs
I/flutter (31121): [spm] Performance monitoring completed for 698a51a
I/flutter (31121): setState 698a51a
[spm]: ProfilerData event received.
I/flutter (31121): [SPM:perf] 698a51a  buildSpan: 1340µs
I/flutter (31121): [spm] Performance monitoring completed for 698a51a
I/flutter (31121): setState 698a51a
[spm]: ProfilerData event received.
I/flutter (31121): [SPM:perf] 698a51a  buildSpan: 1242µs
I/flutter (31121): [spm] Performance monitoring completed for 698a51a
I/flutter (31121): setState 698a51a
[spm]: ProfilerData event received.
I/flutter (31121): [SPM:perf] 698a51a  buildSpan: 1311µs
I/flutter (31121): [spm] Performance monitoring completed for 698a51a
I/flutter (31121): setState 698a51a
[spm]: ProfilerData event received.
I/flutter (31121): [SPM:perf] 698a51a  buildSpan: 1240µs
I/flutter (31121): [spm] Performance monitoring completed for 698a51a
I/flutter (31121): setState 698a51a
[spm]: ProfilerData event received.
I/flutter (31121): [SPM:perf] 698a51a  buildSpan: 1233µs
I/flutter (31121): [spm] Performance monitoring completed for 698a51a
I/flutter (31121): setState 698a51a
[spm]: ProfilerData event received.
I/flutter (31121): [SPM:perf] 698a51a  buildSpan: 1348µs
I/flutter (31121): [spm] Performance monitoring completed for 698a51a
I/flutter (31121): setState 698a51a
[spm]: ProfilerData event received.
I/flutter (31121): [SPM:perf] 698a51a  buildSpan: 1242µs
I/flutter (31121): [spm] Performance monitoring completed for 698a51a
I/flutter (31121): setState 698a51a
[spm]: ProfilerData event received.
I/flutter (31121): [SPM:perf] 698a51a  buildSpan: 1292µs
I/flutter (31121): [spm] Performance monitoring completed for 698a51a
I/flutter (31121): setState 698a51a
[spm]: ProfilerData event received.
I/flutter (31121): [SPM:perf] 698a51a  buildSpan: 1346µs
I/flutter (31121): [spm] Performance monitoring completed for 698a51a
I/flutter (31121): setState 698a51a
[spm]: ProfilerData event received.
I/flutter (31121): [SPM:perf] 698a51a  buildSpan: 1264µs
I/flutter (31121): [spm] Performance monitoring completed for 698a51a
I/flutter (31121): setState 698a51a
I/flutter (31121): [SPM:perf] 698a51a  buildSpan: 1345µs
[spm]: ProfilerData event received.
I/flutter (31121): [spm] Performance monitoring completed for 698a51a
I/flutter (31121): setState 698a51a
[spm]: ProfilerData event received.
I/flutter (31121): [SPM:perf] 698a51a  buildSpan: 1235µs
I/flutter (31121): [spm] Performance monitoring completed for 698a51a
I/flutter (31121): setState 698a51a
[spm]: ProfilerData event received.
I/flutter (31121): [SPM:perf] 698a51a  buildSpan: 1302µs
I/flutter (31121): [spm] Performance monitoring completed for 698a51a
I/flutter (31121): setState 698a51a
[spm]: ProfilerData event received.
I/flutter (31121): [SPM:perf] 698a51a  buildSpan: 1239µs
I/flutter (31121): [spm] Performance monitoring completed for 698a51a
I/flutter (31121): setState 698a51a
[spm]: ProfilerData event received.
I/flutter (31121): [SPM:perf] 698a51a  buildSpan: 1132µs
I/flutter (31121): [spm] Performance monitoring completed for 698a51a
I/flutter (31121): setState 698a51a
[spm]: ProfilerData event received.
I/flutter (31121): [SPM:perf] 698a51a  buildSpan: 1087µs
I/flutter (31121): [spm] Performance monitoring completed for 698a51a
I/flutter (31121): setState 698a51a
[spm]: ProfilerData event received.
I/flutter (31121): [SPM:perf] 698a51a  buildSpan: 1281µs
I/flutter (31121): [spm] Performance monitoring completed for 698a51a
I/flutter (31121): setState 698a51a
[spm]: ProfilerData event received.
I/flutter (31121): [SPM:perf] 698a51a  buildSpan: 1331µs
I/flutter (31121): [spm] Performance monitoring completed for 698a51a
I/flutter (31121): 01:10 +1: (tearDownAll)
I/flutter (31121): 01:11 +2: All tests passed!
All tests passed.
[spm]: Saved 30 profiler events to <ROOT>/dataset/19/redmi9t/raw/20260802-015854/base/e13.jsonl
[spm]: Reverting injection...
WARNING: Your Android app project: app located at: <ROOT>/android/app/build.gradle.kts
applies the Kotlin Gradle Plugin, which will cause build failures in future versions of Flutter. 
Please migrate your app to Built-in Kotlin using this guide: https://docs.flutter.dev/release/breaking-changes/migrate-to-built-in-kotlin/for-app-developers

VMServiceFlutterDriver: Connecting to Flutter application at http://127.0.0.1:34443/cmkCA8GaT9E=/
[spm]: Detected VM service URI: ws://127.0.0.1:34443/cmkCA8GaT9E=/ws
VMServiceFlutterDriver: Isolate found with number: 6475078710452535
VMServiceFlutterDriver: Isolate 6475078710452535 is runnable.
VMServiceFlutterDriver: Isolate is paused at start.
VMServiceFlutterDriver: Attempting to resume isolate
VMServiceFlutterDriver: Connected to Flutter application.