# sample_id=19/base exec_index=7 ok=True perf_lines=30 vm_events=30 battery_pct=80 soc_temp_millic=39800 battery_temp_c=31.2 charging=False preflight_started=2026-08-01T23:48:37.335446+00:00 started=2026-08-01T23:48:39.964850+00:00 ts=2026-08-01T23:50:37.951362+00:00
[spm]: Running flutter analyze...
Analyzing lib...                                                
No issues found! (ran in 0.5s)
[spm]: Injecting profiler code...
[spm]: Starting app...
Running Gradle task 'assembleProfile'...                        
Running Gradle task 'assembleProfile'...                           20.9s
✓ Built build/app/outputs/flutter-apk/app-profile.apk (61.8MB)
Installing build/app/outputs/flutter-apk/app-profile.apk...      2,229ms
D/MiuiMultiWindowUtils(18815): freeform resolution args raw data:{  "zizhan":{    "freeform_args": {      "inner":{        "vertical_portrait":{"aspect_ratio":0.626, "original_ratio":0.5643,"original_scale":0.74,"top_margin":0.168,"left_margin":0.484},        "horizontal_portrait":{"aspect_ratio":0.626, "original_ratio":0.5643,"original_scale":0.74,"top_margin":0.1222,"left_margin":0.59745},        "vertical_landscape":{"aspect_ratio":1.6, "original_ratio":1,"original_scale":0.604,"top_margin":0.2596,"left_margin":0.2624},        "horizontal_landscape":{"aspect_ratio":1.6, "original_ratio":1,"original_scale":0.604,"top_margin":0.213,"left_margin":0.3758}      },      "outer":{        "vertical_portrait":{"aspect_ratio":0.626, "original_ratio":1,"original_scale":0.74,"top_margin":0.0753,"left_margin":-1},        "horizontal_portrait":{"aspect_ratio":0.626, "original_ratio":1,"original_scale":0.5756,"top_margin":-1,"left_margin":0.0753},        "vertical_landscape":{"aspect_ratio":1.6, "original_ratio":0.6847,"original_scale":0.587,"top_margin":0.0753,"left_margin":-1},        "horizontal_landscape":{"aspect_ratio":1.6, "original_ratio":0.6847,"original_scale":0.587,"top_margin":-1,"left_margin":0.0753}}    },    "mini_freeform_args":{      "inner":{        "vertical_portrait":{"aspect_ratio":0.626, "original_ratio":0.147},        "horizontal_portrait":{"aspect_ratio":0.626, "original_ratio":0.147},        "vertical_landscape":{"aspect_ratio":1.6, "original_ratio":0.165},        "horizontal_landscape":{"aspect_ratio":1.6, "original_ratio":0.165}      },      "outer":{        "vertical_portrait":{"aspect_ratio":0.626, "original_ratio":0.26},        "horizontal_portrait":{"aspect_ratio":0.626, "original_ratio":0.26},        "vertical_landscape":{"aspect_ratio":1.6, "original_ratio":0.293},        "horizontal_landscape":{"aspect_ratio":1.6, "original_ratio":0.293}}    }  },  "wide_default":{    "freeform_args": {        "vertical_portrait":{"aspect_ratio":0.625, "original_ratio":0.5806,"original_scale":0.7574,"top_margin":0.125,"left_margin":0.392},        "horizontal_portrait":{"aspect_ratio":0.625, "original_ratio":0.5806,"original_scale":0.7574,"top_margin":-1,"left_margin":0.6415},        "vertical_landscape":{"aspect_ratio":1.6, "original_ratio":1,"original_scale":0.5153,"top_margin":0.125,"left_margin":0.206},        "horizontal_landscape":{"aspect_ratio":1.6, "original_ratio":1,"original_scale":0.5153,"top_margin":-1,"left_margin":0.456}    },    "mini_freeform_args":{        "vertical_portrait":{"aspect_ratio":0.5625, "original_ratio":0.144},        "horizontal_portrait":{"aspect_ratio":0.5625, "original_ratio":0.144},        "vertical_landscape":{"aspect_ratio":-1, "original_ratio":0.144},        "horizontal_landscape":{"aspect_ratio":-1, "original_ratio":0.144}    }  },  "narrow_default": {    "freeform_args": {        "vertical_portrait":{"aspect_ratio":0.5625, "original_ratio":1,"original_scale":0.7182,"top_margin":0.142,"left_margin":-1},        "horizontal_portrait":{"aspect_ratio":0.8, "original_ratio":1,"original_scale":0.7182,"top_margin":-1,"left_margin":0.05},        "vertical_landscape":{"aspect_ratio":1.6, "original_ratio":0.6545,"original_scale":0.4473,"top_margin":0.142,"left_margin":-1},        "horizontal_landscape":{"aspect_ratio":1.6, "original_ratio":0.6545,"original_scale":0.4473,"top_margin":-1,"left_margin":0.05}    },    "mini_freeform_args":{        "vertical_portrait":{"aspect_ratio":0.5625, "original_ratio":0.3},        "horizontal_portrait":{"aspect_ratio":0.5625, "original_ratio":0.3},        "vertical_landscape":{"aspect_ratio":1.7778, "original_ratio":0.3},        "horizontal_landscape":{"aspect_ratio":1.7778, "original_ratio":0.3}    }  },  "regular_default": {    "freeform_args": {      "vertical_portrait":{"aspect_ratio":0.625, "original_ratio":1,"original_scale":0.7,"top_margin":0.109,"left_margin":-1},      "horizontal_portrait":{"aspect_ratio":0.6667, "original_ratio":1,"original_scale":0.6102,"top_margin":-1,"left_margin":0.026},      "vertical_landscape":{"asp
E/MiuiMultiWindowUtils(18815): initFreeFormResolutionArgs failed, device is lime
D/IS_CTS_MODE(18815): true
D/MULTI_WINDOW_SWITCH_ENABLED(18815): false
D/IS_CTS_MODE(18815): true
D/MULTI_WINDOW_SWITCH_ENABLED(18815): false
D/IS_CTS_MODE(18815): true
D/MULTI_WINDOW_SWITCH_ENABLED(18815): false
D/DecorView[](18815): getWindowModeFromSystem  windowmode is 1
D/DecorView[](18815): getWindowModeFromSystem  windowmode is 1
D/DecorView[](18815): updateDecorCaptionStatus displayWindowDecor is false
W/Looper  (18815): PerfMonitor looperActivity : package=com.example.benchmark_container/.MainActivity time=420ms latency=411ms running=0ms  procState=-1  historyMsgCount=3 (msgIndex=1 wall=420ms seq=4 late=411ms h=android.app.ActivityThread$H w=159) (msgIndex=2 wall=420ms seq=4 late=411ms h=android.app.ActivityThread$H w=159) (msgIndex=3 wall=414ms seq=3 h=android.app.ActivityThread$H w=110)
W/Looper  (18815): PerfMonitor looperActivity : package=com.example.benchmark_container/.MainActivity time=1ms latency=832ms running=0ms  procState=-1  historyMsgCount=4 (msgIndex=1 wall=420ms seq=4 late=411ms h=android.app.ActivityThread$H w=159) (msgIndex=2 wall=420ms seq=4 late=411ms h=android.app.ActivityThread$H w=159) (msgIndex=3 wall=414ms seq=3 h=android.app.ActivityThread$H w=110) (msgIndex=4 wall=420ms seq=4 late=411ms h=android.app.ActivityThread$H w=159)
D/SurfaceView(18815): UPDATE null, mIsCastMode = false
D/hw-ProcessState(18815): Binder ioctl to enable oneway spam detection failed: Invalid argument
W/Looper  (18815): PerfMonitor longMsg : seq=8 plan=02:49:15.918 late=458ms wall=1678ms running=0ms h=android.view.Choreographer$FrameHandler c=android.view.Choreographer$FrameDisplayEventReceiver procState=-1
W/Looper  (18815): PerfMonitor doFrame : time=1678ms vsyncFrame=0 latency=458ms procState=-1 historyMsgCount=7 (msgIndex=1 wall=420ms seq=4 h=android.app.ActivityThread$H w=159) (msgIndex=2 wall=420ms seq=4 h=android.app.ActivityThread$H w=159) (msgIndex=3 wall=1678ms seq=8 late=458ms h=android.view.Choreographer$FrameHandler c=android.view.Choreographer$FrameDisplayEventReceiver) (msgIndex=4 wall=420ms seq=4 h=android.app.ActivityThread$H w=159)
I/Choreographer(18815): Skipped 95 frames!  The application may be doing too much work on its main thread.
D/SurfaceView(18815): UPDATE Surface(name=SurfaceView[com.example.benchmark_container/com.example.benchmark_container.MainActivity])/@0x4d86cce, mIsProjectionMode = false
W/Looper  (18815): PerfMonitor doFrame : time=4ms vsyncFrame=0 latency=1591ms procState=-1 historyMsgCount=4
[spm]: Connected to Dart VM service.
I/flutter (18815): 00:00 +0: Performance Benchmark
E/hmark_containe(18815): open libmigui.so failed! dlopen - dlopen failed: library "libmigui.so" not found
D/hmark_containe(18815): MiuiProcessManagerServiceStub setSchedFifo
I/MiuiProcessManagerImpl(18815): setSchedFifo pid:18815, mode:3
D/DecorView[](18815): onWindowFocusChanged hasWindowFocus true
D/DecorView[](18815): getWindowModeFromSystem  windowmode is 1
D/DecorView[](18815): updateDecorCaptionStatus displayWindowDecor is false
D/ProfileInstaller(18815): Installing profile for com.example.benchmark_container
I/flutter (18815): setState 698a51a
[spm]: ProfilerData event received.
I/flutter (18815): [SPM:perf] 698a51a  buildSpan: 1315µs
I/flutter (18815): [spm] Performance monitoring completed for 698a51a
I/flutter (18815): setState 698a51a
[spm]: ProfilerData event received.
I/flutter (18815): [SPM:perf] 698a51a  buildSpan: 1245µs
I/flutter (18815): [spm] Performance monitoring completed for 698a51a
I/flutter (18815): setState 698a51a
I/flutter (18815): [SPM:perf] 698a51a  buildSpan: 1078µs
[spm]: ProfilerData event received.
I/flutter (18815): [spm] Performance monitoring completed for 698a51a
I/flutter (18815): setState 698a51a
[spm]: ProfilerData event received.
I/flutter (18815): [SPM:perf] 698a51a  buildSpan: 1294µs
I/flutter (18815): [spm] Performance monitoring completed for 698a51a
I/flutter (18815): setState 698a51a
[spm]: ProfilerData event received.
I/flutter (18815): [SPM:perf] 698a51a  buildSpan: 1101µs
I/flutter (18815): [spm] Performance monitoring completed for 698a51a
I/flutter (18815): setState 698a51a
[spm]: ProfilerData event received.
I/flutter (18815): [SPM:perf] 698a51a  buildSpan: 1345µs
I/flutter (18815): [spm] Performance monitoring completed for 698a51a
I/flutter (18815): setState 698a51a
[spm]: ProfilerData event received.
I/flutter (18815): [SPM:perf] 698a51a  buildSpan: 1607µs
I/flutter (18815): [spm] Performance monitoring completed for 698a51a
I/flutter (18815): setState 698a51a
[spm]: ProfilerData event received.
I/flutter (18815): [SPM:perf] 698a51a  buildSpan: 1086µs
I/flutter (18815): [spm] Performance monitoring completed for 698a51a
I/flutter (18815): setState 698a51a
[spm]: ProfilerData event received.
I/flutter (18815): [SPM:perf] 698a51a  buildSpan: 1350µs
I/flutter (18815): [spm] Performance monitoring completed for 698a51a
I/flutter (18815): setState 698a51a
[spm]: ProfilerData event received.
I/flutter (18815): [SPM:perf] 698a51a  buildSpan: 1112µs
I/flutter (18815): [spm] Performance monitoring completed for 698a51a
I/flutter (18815): setState 698a51a
[spm]: ProfilerData event received.
I/flutter (18815): [SPM:perf] 698a51a  buildSpan: 1232µs
I/flutter (18815): [spm] Performance monitoring completed for 698a51a
I/flutter (18815): setState 698a51a
[spm]: ProfilerData event received.
I/flutter (18815): [SPM:perf] 698a51a  buildSpan: 1354µs
I/flutter (18815): [spm] Performance monitoring completed for 698a51a
I/flutter (18815): setState 698a51a
[spm]: ProfilerData event received.
I/flutter (18815): [SPM:perf] 698a51a  buildSpan: 1229µs
I/flutter (18815): [spm] Performance monitoring completed for 698a51a
I/flutter (18815): setState 698a51a
[spm]: ProfilerData event received.
I/flutter (18815): [SPM:perf] 698a51a  buildSpan: 1262µs
I/flutter (18815): [spm] Performance monitoring completed for 698a51a
I/flutter (18815): setState 698a51a
[spm]: ProfilerData event received.
I/flutter (18815): [SPM:perf] 698a51a  buildSpan: 1237µs
I/flutter (18815): [spm] Performance monitoring completed for 698a51a
I/flutter (18815): setState 698a51a
I/flutter (18815): [SPM:perf] 698a51a  buildSpan: 1389µs
[spm]: ProfilerData event received.
I/flutter (18815): [spm] Performance monitoring completed for 698a51a
I/flutter (18815): setState 698a51a
[spm]: ProfilerData event received.
I/flutter (18815): [SPM:perf] 698a51a  buildSpan: 1306µs
I/flutter (18815): [spm] Performance monitoring completed for 698a51a
I/flutter (18815): setState 698a51a
[spm]: ProfilerData event received.
I/flutter (18815): [SPM:perf] 698a51a  buildSpan: 1349µs
I/flutter (18815): [spm] Performance monitoring completed for 698a51a
I/flutter (18815): setState 698a51a
[spm]: ProfilerData event received.
I/flutter (18815): [SPM:perf] 698a51a  buildSpan: 1241µs
I/flutter (18815): [spm] Performance monitoring completed for 698a51a
I/flutter (18815): setState 698a51a
[spm]: ProfilerData event received.
I/flutter (18815): [SPM:perf] 698a51a  buildSpan: 1271µs
I/flutter (18815): [spm] Performance monitoring completed for 698a51a
I/flutter (18815): setState 698a51a
I/flutter (18815): [SPM:perf] 698a51a  buildSpan: 1233µs
[spm]: ProfilerData event received.
I/flutter (18815): [spm] Performance monitoring completed for 698a51a
I/flutter (18815): setState 698a51a
[spm]: ProfilerData event received.
I/flutter (18815): [SPM:perf] 698a51a  buildSpan: 1243µs
I/flutter (18815): [spm] Performance monitoring completed for 698a51a
I/flutter (18815): setState 698a51a
[spm]: ProfilerData event received.
I/flutter (18815): [SPM:perf] 698a51a  buildSpan: 1359µs
I/flutter (18815): [spm] Performance monitoring completed for 698a51a
I/flutter (18815): setState 698a51a
[spm]: ProfilerData event received.
I/flutter (18815): [SPM:perf] 698a51a  buildSpan: 1242µs
I/flutter (18815): [spm] Performance monitoring completed for 698a51a
I/flutter (18815): setState 698a51a
[spm]: ProfilerData event received.
I/flutter (18815): [SPM:perf] 698a51a  buildSpan: 1254µs
I/flutter (18815): [spm] Performance monitoring completed for 698a51a
I/flutter (18815): setState 698a51a
[spm]: ProfilerData event received.
I/flutter (18815): [SPM:perf] 698a51a  buildSpan: 1282µs
I/flutter (18815): [spm] Performance monitoring completed for 698a51a
I/flutter (18815): setState 698a51a
[spm]: ProfilerData event received.
I/flutter (18815): [SPM:perf] 698a51a  buildSpan: 1285µs
I/flutter (18815): [spm] Performance monitoring completed for 698a51a
I/flutter (18815): setState 698a51a
[spm]: ProfilerData event received.
I/flutter (18815): [SPM:perf] 698a51a  buildSpan: 1400µs
I/flutter (18815): [spm] Performance monitoring completed for 698a51a
I/flutter (18815): setState 698a51a
I/flutter (18815): [SPM:perf] 698a51a  buildSpan: 1441µs
I/flutter (18815): [spm] Performance monitoring completed for 698a51a
I/flutter (18815): setState 698a51a
[spm]: ProfilerData event received.
[spm]: ProfilerData event received.
I/flutter (18815): [SPM:perf] 698a51a  buildSpan: 1418µs
I/flutter (18815): [spm] Performance monitoring completed for 698a51a
I/flutter (18815): 01:10 +1: (tearDownAll)
I/flutter (18815): 01:11 +2: All tests passed!
All tests passed.
[spm]: Saved 30 profiler events to <ROOT>/dataset/19/redmi9t/raw/20260802-015854/base/e7.jsonl
[spm]: Reverting injection...
WARNING: Your Android app project: app located at: <ROOT>/android/app/build.gradle.kts
applies the Kotlin Gradle Plugin, which will cause build failures in future versions of Flutter. 
Please migrate your app to Built-in Kotlin using this guide: https://docs.flutter.dev/release/breaking-changes/migrate-to-built-in-kotlin/for-app-developers

VMServiceFlutterDriver: Connecting to Flutter application at http://127.0.0.1:39923/yCe9OMBxJWU=/
[spm]: Detected VM service URI: ws://127.0.0.1:39923/yCe9OMBxJWU=/ws
VMServiceFlutterDriver: Isolate found with number: 835635659048635
VMServiceFlutterDriver: Isolate 835635659048635 is runnable.
VMServiceFlutterDriver: Isolate is paused at start.
VMServiceFlutterDriver: Attempting to resume isolate
VMServiceFlutterDriver: Connected to Flutter application.