# sample_id=08/base exec_index=13 ok=True perf_lines=30 vm_events=30 battery_pct=57 soc_temp_millic=41400 battery_temp_c=31.0 charging=False preflight_started=2026-07-30T05:52:04.904961+00:00 started=2026-07-30T05:52:07.526636+00:00 ts=2026-07-30T05:54:05.277255+00:00
[spm]: Running flutter analyze...
Analyzing lib...                                                

   info • The import of 'package:flutter/cupertino.dart' is unnecessary because all of the used elements are also provided by the import of 'package:flutter/material.dart'. Try removing the import directive • lib/dependencies.dart:3:8 • unnecessary_import
   info • Invalid use of a private type in a public API. Try making the private type public, or making the API that uses the private type also be private • lib/dependencies.dart:60:7 • library_private_types_in_public_api
   info • Invalid use of a private type in a public API. Try making the private type public, or making the API that uses the private type also be private • lib/dependencies.dart:61:6 • library_private_types_in_public_api
   info • Invalid use of a private type in a public API. Try making the private type public, or making the API that uses the private type also be private • lib/dependencies.dart:69:7 • library_private_types_in_public_api
   info • Invalid use of a private type in a public API. Try making the private type public, or making the API that uses the private type also be private • lib/dependencies.dart:70:6 • library_private_types_in_public_api
   info • Invalid use of a private type in a public API. Try making the private type public, or making the API that uses the private type also be private • lib/dependencies.dart:83:3 • library_private_types_in_public_api
   info • Invalid use of a private type in a public API. Try making the private type public, or making the API that uses the private type also be private • lib/dependencies.dart:84:3 • library_private_types_in_public_api

[spm]: Injecting profiler code...
[spm]: Starting app...
Running Gradle task 'assembleProfile'...                        
Running Gradle task 'assembleProfile'...                           19.4s
✓ Built build/app/outputs/flutter-apk/app-profile.apk (61.8MB)
Installing build/app/outputs/flutter-apk/app-profile.apk...      2,364ms
I/hmark_containe( 5277): hiddenapi: Accessing hidden method Landroid/view/accessibility/AccessibilityNodeInfo;->getSourceNodeId()J (runtime_flags=0, domain=platform, api=unsupported,test-api) from Lio/flutter/view/AccessibilityViewEmbedder$ReflectionAccessors; (domain=app, TargetSdkVersion=36) using reflection: allowed
I/hmark_containe( 5277): hiddenapi: Accessing hidden method Landroid/view/accessibility/AccessibilityRecord;->getSourceNodeId()J (runtime_flags=0, domain=platform, api=unsupported) from Lio/flutter/view/AccessibilityViewEmbedder$ReflectionAccessors; (domain=app, TargetSdkVersion=36) using reflection: allowed
I/hmark_containe( 5277): hiddenapi: Accessing hidden field Landroid/view/accessibility/AccessibilityNodeInfo;->mChildNodeIds:Landroid/util/LongArray; (runtime_flags=0, domain=platform, api=unsupported) from Lio/flutter/view/AccessibilityViewEmbedder$ReflectionAccessors; (domain=app, TargetSdkVersion=36) using reflection: allowed
I/hmark_containe( 5277): hiddenapi: Accessing hidden method Landroid/util/LongArray;->get(I)J (runtime_flags=0, domain=platform, api=unsupported) from Lio/flutter/view/AccessibilityViewEmbedder$ReflectionAccessors; (domain=app, TargetSdkVersion=36) using reflection: allowed
D/MiuiMultiWindowUtils( 5277): freeform resolution args raw data:{  "zizhan":{    "freeform_args": {      "inner":{        "vertical_portrait":{"aspect_ratio":0.626, "original_ratio":0.5643,"original_scale":0.74,"top_margin":0.168,"left_margin":0.484},        "horizontal_portrait":{"aspect_ratio":0.626, "original_ratio":0.5643,"original_scale":0.74,"top_margin":0.1222,"left_margin":0.59745},        "vertical_landscape":{"aspect_ratio":1.6, "original_ratio":1,"original_scale":0.604,"top_margin":0.2596,"left_margin":0.2624},        "horizontal_landscape":{"aspect_ratio":1.6, "original_ratio":1,"original_scale":0.604,"top_margin":0.213,"left_margin":0.3758}      },      "outer":{        "vertical_portrait":{"aspect_ratio":0.626, "original_ratio":1,"original_scale":0.74,"top_margin":0.0753,"left_margin":-1},        "horizontal_portrait":{"aspect_ratio":0.626, "original_ratio":1,"original_scale":0.5756,"top_margin":-1,"left_margin":0.0753},        "vertical_landscape":{"aspect_ratio":1.6, "original_ratio":0.6847,"original_scale":0.587,"top_margin":0.0753,"left_margin":-1},        "horizontal_landscape":{"aspect_ratio":1.6, "original_ratio":0.6847,"original_scale":0.587,"top_margin":-1,"left_margin":0.0753}}    },    "mini_freeform_args":{      "inner":{        "vertical_portrait":{"aspect_ratio":0.626, "original_ratio":0.147},        "horizontal_portrait":{"aspect_ratio":0.626, "original_ratio":0.147},        "vertical_landscape":{"aspect_ratio":1.6, "original_ratio":0.165},        "horizontal_landscape":{"aspect_ratio":1.6, "original_ratio":0.165}      },      "outer":{        "vertical_portrait":{"aspect_ratio":0.626, "original_ratio":0.26},        "horizontal_portrait":{"aspect_ratio":0.626, "original_ratio":0.26},        "vertical_landscape":{"aspect_ratio":1.6, "original_ratio":0.293},        "horizontal_landscape":{"aspect_ratio":1.6, "original_ratio":0.293}}    }  },  "wide_default":{    "freeform_args": {        "vertical_portrait":{"aspect_ratio":0.625, "original_ratio":0.5806,"original_scale":0.7574,"top_margin":0.125,"left_margin":0.392},        "horizontal_portrait":{"aspect_ratio":0.625, "original_ratio":0.5806,"original_scale":0.7574,"top_margin":-1,"left_margin":0.6415},        "vertical_landscape":{"aspect_ratio":1.6, "original_ratio":1,"original_scale":0.5153,"top_margin":0.125,"left_margin":0.206},        "horizontal_landscape":{"aspect_ratio":1.6, "original_ratio":1,"original_scale":0.5153,"top_margin":-1,"left_margin":0.456}    },    "mini_freeform_args":{        "vertical_portrait":{"aspect_ratio":0.5625, "original_ratio":0.144},        "horizontal_portrait":{"aspect_ratio":0.5625, "original_ratio":0.144},        "vertical_landscape":{"aspect_ratio":-1, "original_ratio":0.144},        "horizontal_landscape":{"aspect_ratio":-1, "original_ratio":0.144}    }  },  "narrow_default": {    "freeform_args": {        "vertical_portrait":{"aspect_ratio":0.5625, "original_ratio":1,"original_scale":0.7182,"top_margin":0.142,"left_margin":-1},        "horizontal_portrait":{"aspect_ratio":0.8, "original_ratio":1,"original_scale":0.7182,"top_margin":-1,"left_margin":0.05},        "vertical_landscape":{"aspect_ratio":1.6, "original_ratio":0.6545,"original_scale":0.4473,"top_margin":0.142,"left_margin":-1},        "horizontal_landscape":{"aspect_ratio":1.6, "original_ratio":0.6545,"original_scale":0.4473,"top_margin":-1,"left_margin":0.05}    },    "mini_freeform_args":{        "vertical_portrait":{"aspect_ratio":0.5625, "original_ratio":0.3},        "horizontal_portrait":{"aspect_ratio":0.5625, "original_ratio":0.3},        "vertical_landscape":{"aspect_ratio":1.7778, "original_ratio":0.3},        "horizontal_landscape":{"aspect_ratio":1.7778, "original_ratio":0.3}    }  },  "regular_default": {    "freeform_args": {      "vertical_portrait":{"aspect_ratio":0.625, "original_ratio":1,"original_scale":0.7,"top_margin":0.109,"left_margin":-1},      "horizontal_portrait":{"aspect_ratio":0.6667, "original_ratio":1,"original_scale":0.6102,"top_margin":-1,"left_margin":0.026},      "vertical_landscape":{"asp
E/MiuiMultiWindowUtils( 5277): initFreeFormResolutionArgs failed, device is lime
D/IS_CTS_MODE( 5277): true
D/MULTI_WINDOW_SWITCH_ENABLED( 5277): false
D/IS_CTS_MODE( 5277): true
D/MULTI_WINDOW_SWITCH_ENABLED( 5277): false
D/IS_CTS_MODE( 5277): true
D/MULTI_WINDOW_SWITCH_ENABLED( 5277): false
D/DecorView[]( 5277): getWindowModeFromSystem  windowmode is 1
D/DecorView[]( 5277): getWindowModeFromSystem  windowmode is 1
D/DecorView[]( 5277): updateDecorCaptionStatus displayWindowDecor is false
W/Looper  ( 5277): PerfMonitor looperActivity : package=com.example.benchmark_container/.MainActivity time=428ms latency=351ms running=0ms  procState=-1  historyMsgCount=2 (msgIndex=1 wall=428ms seq=4 late=351ms h=android.app.ActivityThread$H w=159) (msgIndex=2 wall=381ms seq=3 h=android.app.ActivityThread$H w=110)
W/Looper  ( 5277): PerfMonitor looperActivity : package=com.example.benchmark_container/.MainActivity time=0ms latency=781ms running=0ms  procState=-1  historyMsgCount=4 (msgIndex=2 wall=428ms seq=4 late=351ms h=android.app.ActivityThread$H w=159) (msgIndex=3 wall=381ms seq=3 h=android.app.ActivityThread$H w=110) (msgIndex=4 wall=428ms seq=4 late=351ms h=android.app.ActivityThread$H w=159)
D/SurfaceView( 5277): UPDATE null, mIsCastMode = false
D/hw-ProcessState( 5277): Binder ioctl to enable oneway spam detection failed: Invalid argument
W/Looper  ( 5277): PerfMonitor longMsg : seq=8 plan=08:52:42.772 late=442ms wall=1984ms running=0ms h=android.view.Choreographer$FrameHandler c=android.view.Choreographer$FrameDisplayEventReceiver procState=-1
W/Looper  ( 5277): PerfMonitor doFrame : time=1984ms vsyncFrame=0 latency=442ms procState=-1 historyMsgCount=7 (msgIndex=2 wall=428ms seq=4 h=android.app.ActivityThread$H w=159) (msgIndex=3 wall=1984ms seq=8 late=442ms h=android.view.Choreographer$FrameHandler c=android.view.Choreographer$FrameDisplayEventReceiver) (msgIndex=4 wall=428ms seq=4 h=android.app.ActivityThread$H w=159)
I/Choreographer( 5277): Skipped 111 frames!  The application may be doing too much work on its main thread.
D/SurfaceView( 5277): UPDATE Surface(name=SurfaceView[com.example.benchmark_container/com.example.benchmark_container.MainActivity])/@0x4d86cce, mIsProjectionMode = false
W/Looper  ( 5277): PerfMonitor doFrame : time=4ms vsyncFrame=0 latency=1855ms procState=-1 historyMsgCount=4
[spm]: Connected to Dart VM service.
I/flutter ( 5277): 00:00 +0: Performance Benchmark
E/hmark_containe( 5277): open libmigui.so failed! dlopen - dlopen failed: library "libmigui.so" not found
D/hmark_containe( 5277): MiuiProcessManagerServiceStub setSchedFifo
I/MiuiProcessManagerImpl( 5277): setSchedFifo pid:5277, mode:3
D/DecorView[]( 5277): onWindowFocusChanged hasWindowFocus true
D/DecorView[]( 5277): getWindowModeFromSystem  windowmode is 1
D/DecorView[]( 5277): updateDecorCaptionStatus displayWindowDecor is false
D/ProfileInstaller( 5277): Installing profile for com.example.benchmark_container
I/flutter ( 5277): setState 698a51a
I/flutter ( 5277): [SPM:perf] 698a51a  buildSpan: 821µs
I/flutter ( 5277): [spm] Performance monitoring completed for 698a51a
I/flutter ( 5277): setState 698a51a
[spm]: ProfilerData event received.
I/flutter ( 5277): [SPM:perf] 698a51a  buildSpan: 1178µs
I/flutter ( 5277): [spm] Performance monitoring completed for 698a51a
I/flutter ( 5277): setState 698a51a
[spm]: ProfilerData event received.
I/flutter ( 5277): [SPM:perf] 698a51a  buildSpan: 882µs
I/flutter ( 5277): [spm] Performance monitoring completed for 698a51a
I/flutter ( 5277): setState 698a51a
[spm]: ProfilerData event received.
[spm]: ProfilerData event received.
I/flutter ( 5277): [SPM:perf] 698a51a  buildSpan: 870µs
I/flutter ( 5277): [spm] Performance monitoring completed for 698a51a
I/flutter ( 5277): setState 698a51a
[spm]: ProfilerData event received.
I/flutter ( 5277): [SPM:perf] 698a51a  buildSpan: 902µs
I/flutter ( 5277): [spm] Performance monitoring completed for 698a51a
I/flutter ( 5277): setState 698a51a
[spm]: ProfilerData event received.
I/flutter ( 5277): [SPM:perf] 698a51a  buildSpan: 1092µs
I/flutter ( 5277): [spm] Performance monitoring completed for 698a51a
I/flutter ( 5277): setState 698a51a
I/flutter ( 5277): [SPM:perf] 698a51a  buildSpan: 819µs
I/flutter ( 5277): [spm] Performance monitoring completed for 698a51a
[spm]: ProfilerData event received.
I/flutter ( 5277): setState 698a51a
[spm]: ProfilerData event received.
I/flutter ( 5277): [SPM:perf] 698a51a  buildSpan: 975µs
I/flutter ( 5277): [spm] Performance monitoring completed for 698a51a
I/flutter ( 5277): setState 698a51a
[spm]: ProfilerData event received.
I/flutter ( 5277): [SPM:perf] 698a51a  buildSpan: 1253µs
I/flutter ( 5277): [spm] Performance monitoring completed for 698a51a
I/flutter ( 5277): setState 698a51a
[spm]: ProfilerData event received.
I/flutter ( 5277): [SPM:perf] 698a51a  buildSpan: 1304µs
I/flutter ( 5277): [spm] Performance monitoring completed for 698a51a
I/flutter ( 5277): setState 698a51a
[spm]: ProfilerData event received.
I/flutter ( 5277): [SPM:perf] 698a51a  buildSpan: 1152µs
I/flutter ( 5277): [spm] Performance monitoring completed for 698a51a
I/flutter ( 5277): setState 698a51a
[spm]: ProfilerData event received.
I/flutter ( 5277): [SPM:perf] 698a51a  buildSpan: 1091µs
I/flutter ( 5277): [spm] Performance monitoring completed for 698a51a
I/flutter ( 5277): setState 698a51a
[spm]: ProfilerData event received.
I/flutter ( 5277): [SPM:perf] 698a51a  buildSpan: 886µs
I/flutter ( 5277): [spm] Performance monitoring completed for 698a51a
I/flutter ( 5277): setState 698a51a
[spm]: ProfilerData event received.
I/flutter ( 5277): [SPM:perf] 698a51a  buildSpan: 746µs
I/flutter ( 5277): [spm] Performance monitoring completed for 698a51a
I/flutter ( 5277): setState 698a51a
[spm]: ProfilerData event received.
I/flutter ( 5277): [SPM:perf] 698a51a  buildSpan: 696µs
I/flutter ( 5277): [spm] Performance monitoring completed for 698a51a
I/flutter ( 5277): setState 698a51a
[spm]: ProfilerData event received.
I/flutter ( 5277): [SPM:perf] 698a51a  buildSpan: 921µs
I/flutter ( 5277): [spm] Performance monitoring completed for 698a51a
I/flutter ( 5277): setState 698a51a
[spm]: ProfilerData event received.
I/flutter ( 5277): [SPM:perf] 698a51a  buildSpan: 3768µs
I/flutter ( 5277): [spm] Performance monitoring completed for 698a51a
I/flutter ( 5277): setState 698a51a
[spm]: ProfilerData event received.
I/flutter ( 5277): [SPM:perf] 698a51a  buildSpan: 924µs
I/flutter ( 5277): [spm] Performance monitoring completed for 698a51a
I/flutter ( 5277): setState 698a51a
I/flutter ( 5277): [SPM:perf] 698a51a  buildSpan: 1299µs
[spm]: ProfilerData event received.
I/flutter ( 5277): [spm] Performance monitoring completed for 698a51a
I/flutter ( 5277): setState 698a51a
[spm]: ProfilerData event received.
I/flutter ( 5277): [SPM:perf] 698a51a  buildSpan: 926µs
I/flutter ( 5277): [spm] Performance monitoring completed for 698a51a
I/flutter ( 5277): setState 698a51a
[spm]: ProfilerData event received.
I/flutter ( 5277): [SPM:perf] 698a51a  buildSpan: 1319µs
I/flutter ( 5277): [spm] Performance monitoring completed for 698a51a
I/flutter ( 5277): setState 698a51a
[spm]: ProfilerData event received.
I/flutter ( 5277): [SPM:perf] 698a51a  buildSpan: 1459µs
I/flutter ( 5277): [spm] Performance monitoring completed for 698a51a
I/flutter ( 5277): setState 698a51a
[spm]: ProfilerData event received.
I/flutter ( 5277): [SPM:perf] 698a51a  buildSpan: 946µs
I/flutter ( 5277): [spm] Performance monitoring completed for 698a51a
I/flutter ( 5277): setState 698a51a
I/flutter ( 5277): [SPM:perf] 698a51a  buildSpan: 1032µs
I/flutter ( 5277): [spm] Performance monitoring completed for 698a51a
I/flutter ( 5277): setState 698a51a
[spm]: ProfilerData event received.
[spm]: ProfilerData event received.
I/flutter ( 5277): [SPM:perf] 698a51a  buildSpan: 882µs
I/flutter ( 5277): [spm] Performance monitoring completed for 698a51a
I/flutter ( 5277): setState 698a51a
I/flutter ( 5277): [SPM:perf] 698a51a  buildSpan: 919µs
[spm]: ProfilerData event received.
I/flutter ( 5277): [spm] Performance monitoring completed for 698a51a
I/flutter ( 5277): setState 698a51a
[spm]: ProfilerData event received.
I/flutter ( 5277): [SPM:perf] 698a51a  buildSpan: 1571µs
I/flutter ( 5277): [spm] Performance monitoring completed for 698a51a
I/flutter ( 5277): setState 698a51a
[spm]: ProfilerData event received.
I/flutter ( 5277): [SPM:perf] 698a51a  buildSpan: 904µs
I/flutter ( 5277): [spm] Performance monitoring completed for 698a51a
I/flutter ( 5277): setState 698a51a
[spm]: ProfilerData event received.
I/flutter ( 5277): [SPM:perf] 698a51a  buildSpan: 900µs
I/flutter ( 5277): [spm] Performance monitoring completed for 698a51a
I/flutter ( 5277): setState 698a51a
I/flutter ( 5277): [SPM:perf] 698a51a  buildSpan: 1513µs
I/flutter ( 5277): [spm] Performance monitoring completed for 698a51a
[spm]: ProfilerData event received.
I/flutter ( 5277): 01:10 +1: (tearDownAll)
I/flutter ( 5277): 01:11 +2: All tests passed!
All tests passed.
[spm]: Saved 30 profiler events to <ROOT>/dataset/08/redmi9t/raw/20260730-045703/base/e13.jsonl
[spm]: Reverting injection...
7 issues found. (ran in 0.8s)
WARNING: Your Android app project: app located at: <ROOT>/android/app/build.gradle.kts
applies the Kotlin Gradle Plugin, which will cause build failures in future versions of Flutter. 
Please migrate your app to Built-in Kotlin using this guide: https://docs.flutter.dev/release/breaking-changes/migrate-to-built-in-kotlin/for-app-developers

VMServiceFlutterDriver: Connecting to Flutter application at http://127.0.0.1:42413/dt8TA6Nni_c=/
[spm]: Detected VM service URI: ws://127.0.0.1:42413/dt8TA6Nni_c=/ws
VMServiceFlutterDriver: Isolate found with number: 2812397547791795
VMServiceFlutterDriver: Isolate 2812397547791795 is runnable.
VMServiceFlutterDriver: Isolate is paused at start.
VMServiceFlutterDriver: Attempting to resume isolate
VMServiceFlutterDriver: Connected to Flutter application.