# sample_id=08/base exec_index=7 ok=True perf_lines=30 vm_events=30 battery_pct=75 soc_temp_millic=45100 battery_temp_c=31.0 charging=False preflight_started=2026-07-30T02:46:30.850324+00:00 started=2026-07-30T02:46:33.640836+00:00 ts=2026-07-30T02:48:40.553255+00:00
[spm]: Running flutter analyze...
Analyzing lib...                                                

   info • The import of 'package:flutter/cupertino.dart' is unnecessary because all of the used elements are also provided by the import of 'package:flutter/material.dart'. Try removing the import directive • lib/dependencies.dart:3:8 • unnecessary_import
   info • Invalid use of a private type in a public API. Try making the private type public, or making the API that uses the private type also be private • lib/dependencies.dart:60:7 • library_private_types_in_public_api
   info • Invalid use of a private type in a public API. Try making the private type public, or making the API that uses the private type also be private • lib/dependencies.dart:61:6 • library_private_types_in_public_api
   info • Invalid use of a private type in a public API. Try making the private type public, or making the API that uses the private type also be private • lib/dependencies.dart:69:7 • library_private_types_in_public_api
   info • Invalid use of a private type in a public API. Try making the private type public, or making the API that uses the private type also be private • lib/dependencies.dart:70:6 • library_private_types_in_public_api
   info • Invalid use of a private type in a public API. Try making the private type public, or making the API that uses the private type also be private • lib/dependencies.dart:83:3 • library_private_types_in_public_api
   info • Invalid use of a private type in a public API. Try making the private type public, or making the API that uses the private type also be private • lib/dependencies.dart:84:3 • library_private_types_in_public_api

[spm]: Injecting profiler code...
[spm]: Starting app...
Running Gradle task 'assembleProfile'...                        
Running Gradle task 'assembleProfile'...                           21.8s
✓ Built build/app/outputs/flutter-apk/app-profile.apk (61.8MB)
Installing build/app/outputs/flutter-apk/app-profile.apk...      2,154ms
D/DecorView[]( 1807): getWindowModeFromSystem  windowmode is 1
D/DecorView[]( 1807): updateDecorCaptionStatus displayWindowDecor is false
W/Looper  ( 1807): PerfMonitor looperActivity : package=com.example.benchmark_container/.MainActivity time=544ms latency=404ms running=0ms  procState=-1  historyMsgCount=3 (msgIndex=3 wall=394ms seq=3 h=android.app.ActivityThread$H w=110)
W/Looper  ( 1807): PerfMonitor looperActivity : package=com.example.benchmark_container/.MainActivity time=1ms latency=950ms running=0ms  procState=-1  historyMsgCount=4 (msgIndex=3 wall=394ms seq=3 h=android.app.ActivityThread$H w=110) (msgIndex=4 wall=544ms seq=4 late=404ms h=android.app.ActivityThread$H w=159)
I/Choreographer( 1807): Skipped 34 frames!  The application may be doing too much work on its main thread.
D/hw-ProcessState( 1807): Binder ioctl to enable oneway spam detection failed: Invalid argument
D/SurfaceView( 1807): UPDATE null, mIsCastMode = false
W/Looper  ( 1807): PerfMonitor longMsg : seq=8 plan=05:47:15.314 late=568ms wall=1933ms running=0ms h=android.view.Choreographer$FrameHandler c=android.view.Choreographer$FrameDisplayEventReceiver procState=-1
W/Looper  ( 1807): PerfMonitor doFrame : time=1933ms vsyncFrame=0 latency=568ms procState=-1 historyMsgCount=6 (msgIndex=2 wall=1933ms seq=8 late=568ms h=android.view.Choreographer$FrameHandler c=android.view.Choreographer$FrameDisplayEventReceiver) (msgIndex=3 wall=544ms seq=4 h=android.app.ActivityThread$H w=159)
I/Choreographer( 1807): Skipped 109 frames!  The application may be doing too much work on its main thread.
D/SurfaceView( 1807): UPDATE Surface(name=SurfaceView[com.example.benchmark_container/com.example.benchmark_container.MainActivity])/@0x4d86cce, mIsProjectionMode = false
W/Looper  ( 1807): PerfMonitor doFrame : time=4ms vsyncFrame=0 latency=1826ms procState=-1 historyMsgCount=5
[spm]: Connected to Dart VM service.
I/flutter ( 1807): 00:00 +0: Performance Benchmark
E/hmark_containe( 1807): open libmigui.so failed! dlopen - dlopen failed: library "libmigui.so" not found
D/hmark_containe( 1807): MiuiProcessManagerServiceStub setSchedFifo
I/MiuiProcessManagerImpl( 1807): setSchedFifo pid:1807, mode:3
D/DecorView[]( 1807): onWindowFocusChanged hasWindowFocus true
D/DecorView[]( 1807): getWindowModeFromSystem  windowmode is 1
D/DecorView[]( 1807): updateDecorCaptionStatus displayWindowDecor is false
D/ProfileInstaller( 1807): Installing profile for com.example.benchmark_container
I/flutter ( 1807): setState 698a51a
[spm]: ProfilerData event received.
I/flutter ( 1807): [SPM:perf] 698a51a  buildSpan: 1293µs
I/flutter ( 1807): [spm] Performance monitoring completed for 698a51a
I/flutter ( 1807): setState 698a51a
[spm]: ProfilerData event received.
I/flutter ( 1807): [SPM:perf] 698a51a  buildSpan: 1114µs
I/flutter ( 1807): [spm] Performance monitoring completed for 698a51a
I/flutter ( 1807): setState 698a51a
[spm]: ProfilerData event received.
I/flutter ( 1807): [SPM:perf] 698a51a  buildSpan: 1266µs
I/flutter ( 1807): [spm] Performance monitoring completed for 698a51a
I/flutter ( 1807): setState 698a51a
[spm]: ProfilerData event received.
I/flutter ( 1807): [SPM:perf] 698a51a  buildSpan: 1095µs
I/flutter ( 1807): [spm] Performance monitoring completed for 698a51a
I/flutter ( 1807): setState 698a51a
[spm]: ProfilerData event received.
I/flutter ( 1807): [SPM:perf] 698a51a  buildSpan: 932µs
I/flutter ( 1807): [spm] Performance monitoring completed for 698a51a
I/flutter ( 1807): setState 698a51a
[spm]: ProfilerData event received.
I/flutter ( 1807): [SPM:perf] 698a51a  buildSpan: 1267µs
I/flutter ( 1807): [spm] Performance monitoring completed for 698a51a
I/flutter ( 1807): setState 698a51a
[spm]: ProfilerData event received.
I/flutter ( 1807): [SPM:perf] 698a51a  buildSpan: 1007µs
I/flutter ( 1807): [spm] Performance monitoring completed for 698a51a
I/flutter ( 1807): setState 698a51a
[spm]: ProfilerData event received.
I/flutter ( 1807): [SPM:perf] 698a51a  buildSpan: 1290µs
I/flutter ( 1807): [spm] Performance monitoring completed for 698a51a
I/flutter ( 1807): setState 698a51a
[spm]: ProfilerData event received.
I/flutter ( 1807): [SPM:perf] 698a51a  buildSpan: 1413µs
I/flutter ( 1807): [spm] Performance monitoring completed for 698a51a
I/flutter ( 1807): setState 698a51a
[spm]: ProfilerData event received.
I/flutter ( 1807): [SPM:perf] 698a51a  buildSpan: 1112µs
I/flutter ( 1807): [spm] Performance monitoring completed for 698a51a
I/flutter ( 1807): setState 698a51a
[spm]: ProfilerData event received.
I/flutter ( 1807): [SPM:perf] 698a51a  buildSpan: 1275µs
I/flutter ( 1807): [spm] Performance monitoring completed for 698a51a
I/flutter ( 1807): setState 698a51a
[spm]: ProfilerData event received.
I/flutter ( 1807): [SPM:perf] 698a51a  buildSpan: 1024µs
I/flutter ( 1807): [spm] Performance monitoring completed for 698a51a
I/flutter ( 1807): setState 698a51a
[spm]: ProfilerData event received.
I/flutter ( 1807): [SPM:perf] 698a51a  buildSpan: 785µs
I/flutter ( 1807): [spm] Performance monitoring completed for 698a51a
I/flutter ( 1807): setState 698a51a
[spm]: ProfilerData event received.
I/flutter ( 1807): [SPM:perf] 698a51a  buildSpan: 1203µs
I/flutter ( 1807): [spm] Performance monitoring completed for 698a51a
I/flutter ( 1807): setState 698a51a
[spm]: ProfilerData event received.
I/flutter ( 1807): [SPM:perf] 698a51a  buildSpan: 996µs
I/flutter ( 1807): [spm] Performance monitoring completed for 698a51a
I/flutter ( 1807): setState 698a51a
[spm]: ProfilerData event received.
I/flutter ( 1807): [SPM:perf] 698a51a  buildSpan: 732µs
I/flutter ( 1807): [spm] Performance monitoring completed for 698a51a
I/flutter ( 1807): setState 698a51a
[spm]: ProfilerData event received.
I/flutter ( 1807): [SPM:perf] 698a51a  buildSpan: 4821µs
I/flutter ( 1807): [spm] Performance monitoring completed for 698a51a
I/flutter ( 1807): setState 698a51a
[spm]: ProfilerData event received.
I/flutter ( 1807): [SPM:perf] 698a51a  buildSpan: 1300µs
I/flutter ( 1807): [spm] Performance monitoring completed for 698a51a
I/flutter ( 1807): setState 698a51a
[spm]: ProfilerData event received.
I/flutter ( 1807): [SPM:perf] 698a51a  buildSpan: 1000µs
I/flutter ( 1807): [spm] Performance monitoring completed for 698a51a
I/flutter ( 1807): setState 698a51a
[spm]: ProfilerData event received.
I/flutter ( 1807): [SPM:perf] 698a51a  buildSpan: 893µs
I/flutter ( 1807): [spm] Performance monitoring completed for 698a51a
I/flutter ( 1807): setState 698a51a
[spm]: ProfilerData event received.
I/flutter ( 1807): [SPM:perf] 698a51a  buildSpan: 826µs
I/flutter ( 1807): [spm] Performance monitoring completed for 698a51a
I/flutter ( 1807): setState 698a51a
[spm]: ProfilerData event received.
I/flutter ( 1807): [SPM:perf] 698a51a  buildSpan: 1416µs
I/flutter ( 1807): [spm] Performance monitoring completed for 698a51a
I/flutter ( 1807): setState 698a51a
I/flutter ( 1807): [SPM:perf] 698a51a  buildSpan: 748µs
I/flutter ( 1807): [spm] Performance monitoring completed for 698a51a
I/flutter ( 1807): setState 698a51a
[spm]: ProfilerData event received.
[spm]: ProfilerData event received.
I/flutter ( 1807): [SPM:perf] 698a51a  buildSpan: 1456µs
I/flutter ( 1807): [spm] Performance monitoring completed for 698a51a
I/flutter ( 1807): setState 698a51a
I/flutter ( 1807): [SPM:perf] 698a51a  buildSpan: 1348µs
I/flutter ( 1807): [spm] Performance monitoring completed for 698a51a
[spm]: ProfilerData event received.
I/flutter ( 1807): setState 698a51a
[spm]: ProfilerData event received.
I/flutter ( 1807): [SPM:perf] 698a51a  buildSpan: 902µs
I/flutter ( 1807): [spm] Performance monitoring completed for 698a51a
I/flutter ( 1807): setState 698a51a
[spm]: ProfilerData event received.
I/flutter ( 1807): [SPM:perf] 698a51a  buildSpan: 1275µs
I/flutter ( 1807): [spm] Performance monitoring completed for 698a51a
I/flutter ( 1807): setState 698a51a
[spm]: ProfilerData event received.
I/flutter ( 1807): [SPM:perf] 698a51a  buildSpan: 1318µs
I/flutter ( 1807): [spm] Performance monitoring completed for 698a51a
I/flutter ( 1807): setState 698a51a
I/flutter ( 1807): [SPM:perf] 698a51a  buildSpan: 1306µs
I/flutter ( 1807): [spm] Performance monitoring completed for 698a51a
I/flutter ( 1807): setState 698a51a
[spm]: ProfilerData event received.
[spm]: ProfilerData event received.
I/flutter ( 1807): [SPM:perf] 698a51a  buildSpan: 1293µs
I/flutter ( 1807): [spm] Performance monitoring completed for 698a51a
I/flutter ( 1807): 01:10 +1: (tearDownAll)
I/flutter ( 1807): 01:11 +2: All tests passed!
All tests passed.
[spm]: Saved 30 profiler events to <ROOT>/dataset/08/redmi9t/raw/20260730-045703/base/e7.jsonl
[spm]: Reverting injection...
7 issues found. (ran in 1.6s)
WARNING: Your Android app project: app located at: <ROOT>/android/app/build.gradle.kts
applies the Kotlin Gradle Plugin, which will cause build failures in future versions of Flutter. 
Please migrate your app to Built-in Kotlin using this guide: https://docs.flutter.dev/release/breaking-changes/migrate-to-built-in-kotlin/for-app-developers

VMServiceFlutterDriver: Connecting to Flutter application at http://127.0.0.1:36277/1VC2C6x6yvw=/
[spm]: Detected VM service URI: ws://127.0.0.1:36277/1VC2C6x6yvw=/ws
VMServiceFlutterDriver: Isolate found with number: 4708197516213183
VMServiceFlutterDriver: Isolate 4708197516213183 is runnable.
VMServiceFlutterDriver: Isolate is paused at start.
VMServiceFlutterDriver: Attempting to resume isolate
VMServiceFlutterDriver: Connected to Flutter application.