# sample_id=04/base exec_index=10 ok=True perf_lines=30 vm_events=30 battery_pct=68 soc_temp_millic=40500 battery_temp_c=32.1 charging=False preflight_started=2026-07-29T03:28:27.936745+00:00 started=2026-07-29T03:28:30.348110+00:00 ts=2026-07-29T03:30:45.861676+00:00
[spm]: Running flutter analyze...
Analyzing lib...                                                
No issues found! (ran in 1.0s)
[spm]: Injecting profiler code...
[spm]: Starting app...
Running Gradle task 'assembleProfile'...                        
Running Gradle task 'assembleProfile'...                           30.4s
✓ Built build/app/outputs/flutter-apk/app-profile.apk (61.8MB)
Installing build/app/outputs/flutter-apk/app-profile.apk...      1,970ms
I/ForceDarkHelperStubImpl(11493): setViewRootImplForceDark: false for com.example.benchmark_container.MainActivity@4db2a21, reason: AppDarkModeEnable
I/ForceDarkHelperStubImpl(11493): setViewRootImplForceDark: false for com.example.benchmark_container.MainActivity@4db2a21, reason: AppDarkModeEnable
D/DecorView[](11493): getWindowModeFromSystem  windowmode is 1
D/DecorView[](11493): updateDecorCaptionStatus displayWindowDecor is false
W/Looper  (11493): PerfMonitor looperActivity : package=com.example.benchmark_container/.MainActivity time=469ms latency=438ms running=0ms  procState=-1  historyMsgCount=3 (msgIndex=3 wall=416ms seq=3 h=android.app.ActivityThread$H w=110)
W/Looper  (11493): PerfMonitor looperActivity : package=com.example.benchmark_container/.MainActivity time=0ms latency=908ms running=0ms  procState=-1  historyMsgCount=4 (msgIndex=3 wall=416ms seq=3 h=android.app.ActivityThread$H w=110) (msgIndex=4 wall=469ms seq=4 late=438ms h=android.app.ActivityThread$H w=159)
I/Choreographer(11493): Skipped 30 frames!  The application may be doing too much work on its main thread.
D/SurfaceView(11493): UPDATE null, mIsCastMode = false
D/hw-ProcessState(11493): Binder ioctl to enable oneway spam detection failed: Invalid argument
W/Looper  (11493): PerfMonitor longMsg : seq=8 plan=06:29:22.305 late=511ms wall=1743ms running=0ms h=android.view.Choreographer$FrameHandler c=android.view.Choreographer$FrameDisplayEventReceiver procState=-1
W/Looper  (11493): PerfMonitor doFrame : time=1743ms vsyncFrame=0 latency=511ms procState=-1 historyMsgCount=6 (msgIndex=2 wall=1743ms seq=8 late=511ms h=android.view.Choreographer$FrameHandler c=android.view.Choreographer$FrameDisplayEventReceiver) (msgIndex=3 wall=469ms seq=4 h=android.app.ActivityThread$H w=159)
I/Choreographer(11493): Skipped 98 frames!  The application may be doing too much work on its main thread.
D/SurfaceView(11493): UPDATE Surface(name=SurfaceView[com.example.benchmark_container/com.example.benchmark_container.MainActivity])/@0x6a147ef, mIsProjectionMode = false
W/Looper  (11493): PerfMonitor doFrame : time=2ms vsyncFrame=0 latency=1643ms procState=-1 historyMsgCount=5
[spm]: Connected to Dart VM service.
I/flutter (11493): 00:00 +0: Performance Benchmark
E/hmark_containe(11493): open libmigui.so failed! dlopen - dlopen failed: library "libmigui.so" not found
D/hmark_containe(11493): MiuiProcessManagerServiceStub setSchedFifo
I/MiuiProcessManagerImpl(11493): setSchedFifo pid:11493, mode:3
D/DecorView[](11493): onWindowFocusChanged hasWindowFocus true
D/DecorView[](11493): getWindowModeFromSystem  windowmode is 1
D/DecorView[](11493): updateDecorCaptionStatus displayWindowDecor is false
D/ProfileInstaller(11493): Installing profile for com.example.benchmark_container
I/flutter (11493): setState 698a51a
[spm]: ProfilerData event received.
I/flutter (11493): [SPM:perf] 698a51a  buildSpan: 330µs
I/flutter (11493): [spm] Performance monitoring completed for 698a51a
I/flutter (11493): setState 698a51a
[spm]: ProfilerData event received.
I/flutter (11493): [SPM:perf] 698a51a  buildSpan: 544µs
I/flutter (11493): [spm] Performance monitoring completed for 698a51a
I/flutter (11493): setState 698a51a
I/flutter (11493): [SPM:perf] 698a51a  buildSpan: 427µs
[spm]: ProfilerData event received.
I/flutter (11493): [spm] Performance monitoring completed for 698a51a
I/flutter (11493): setState 698a51a
[spm]: ProfilerData event received.
I/flutter (11493): [SPM:perf] 698a51a  buildSpan: 414µs
I/flutter (11493): [spm] Performance monitoring completed for 698a51a
I/flutter (11493): setState 698a51a
I/flutter (11493): [SPM:perf] 698a51a  buildSpan: 609µs
[spm]: ProfilerData event received.
I/flutter (11493): [spm] Performance monitoring completed for 698a51a
I/flutter (11493): setState 698a51a
[spm]: ProfilerData event received.
I/flutter (11493): [SPM:perf] 698a51a  buildSpan: 654µs
I/flutter (11493): [spm] Performance monitoring completed for 698a51a
I/flutter (11493): setState 698a51a
I/flutter (11493): [SPM:perf] 698a51a  buildSpan: 554µs
I/flutter (11493): [spm] Performance monitoring completed for 698a51a
[spm]: ProfilerData event received.
I/flutter (11493): setState 698a51a
[spm]: ProfilerData event received.
I/flutter (11493): [SPM:perf] 698a51a  buildSpan: 569µs
I/flutter (11493): [spm] Performance monitoring completed for 698a51a
I/flutter (11493): setState 698a51a
[spm]: ProfilerData event received.
I/flutter (11493): [SPM:perf] 698a51a  buildSpan: 518µs
I/flutter (11493): [spm] Performance monitoring completed for 698a51a
I/flutter (11493): setState 698a51a
[spm]: ProfilerData event received.
I/flutter (11493): [SPM:perf] 698a51a  buildSpan: 629µs
I/flutter (11493): [spm] Performance monitoring completed for 698a51a
I/flutter (11493): setState 698a51a
I/flutter (11493): [SPM:perf] 698a51a  buildSpan: 600µs
I/flutter (11493): [spm] Performance monitoring completed for 698a51a
I/flutter (11493): setState 698a51a
[spm]: ProfilerData event received.
I/flutter (11493): [SPM:perf] 698a51a  buildSpan: 513µs
I/flutter (11493): [spm] Performance monitoring completed for 698a51a
[spm]: ProfilerData event received.
I/flutter (11493): setState 698a51a
[spm]: ProfilerData event received.
I/flutter (11493): [SPM:perf] 698a51a  buildSpan: 537µs
I/flutter (11493): [spm] Performance monitoring completed for 698a51a
I/flutter (11493): setState 698a51a
[spm]: ProfilerData event received.
I/flutter (11493): [SPM:perf] 698a51a  buildSpan: 525µs
I/flutter (11493): [spm] Performance monitoring completed for 698a51a
I/flutter (11493): setState 698a51a
[spm]: ProfilerData event received.
I/flutter (11493): [SPM:perf] 698a51a  buildSpan: 586µs
I/flutter (11493): [spm] Performance monitoring completed for 698a51a
I/flutter (11493): setState 698a51a
[spm]: ProfilerData event received.
I/flutter (11493): [SPM:perf] 698a51a  buildSpan: 509µs
I/flutter (11493): [spm] Performance monitoring completed for 698a51a
I/flutter (11493): setState 698a51a
[spm]: ProfilerData event received.
I/flutter (11493): [SPM:perf] 698a51a  buildSpan: 670µs
I/flutter (11493): [spm] Performance monitoring completed for 698a51a
I/flutter (11493): setState 698a51a
[spm]: ProfilerData event received.
I/flutter (11493): [SPM:perf] 698a51a  buildSpan: 540µs
I/flutter (11493): [spm] Performance monitoring completed for 698a51a
I/flutter (11493): setState 698a51a
[spm]: ProfilerData event received.
I/flutter (11493): [SPM:perf] 698a51a  buildSpan: 550µs
I/flutter (11493): [spm] Performance monitoring completed for 698a51a
I/flutter (11493): setState 698a51a
I/flutter (11493): [SPM:perf] 698a51a  buildSpan: 522µs
I/flutter (11493): [spm] Performance monitoring completed for 698a51a
I/flutter (11493): setState 698a51a
[spm]: ProfilerData event received.
[spm]: ProfilerData event received.
I/flutter (11493): [SPM:perf] 698a51a  buildSpan: 559µs
I/flutter (11493): [spm] Performance monitoring completed for 698a51a
I/flutter (11493): setState 698a51a
I/flutter (11493): [SPM:perf] 698a51a  buildSpan: 671µs
I/flutter (11493): [spm] Performance monitoring completed for 698a51a
I/flutter (11493): setState 698a51a
[spm]: ProfilerData event received.
[spm]: ProfilerData event received.
I/flutter (11493): [SPM:perf] 698a51a  buildSpan: 599µs
I/flutter (11493): [spm] Performance monitoring completed for 698a51a
I/flutter (11493): setState 698a51a
[spm]: ProfilerData event received.
I/flutter (11493): [SPM:perf] 698a51a  buildSpan: 611µs
I/flutter (11493): [spm] Performance monitoring completed for 698a51a
I/flutter (11493): setState 698a51a
[spm]: ProfilerData event received.
I/flutter (11493): [SPM:perf] 698a51a  buildSpan: 648µs
I/flutter (11493): [spm] Performance monitoring completed for 698a51a
I/flutter (11493): setState 698a51a
[spm]: ProfilerData event received.
I/flutter (11493): [SPM:perf] 698a51a  buildSpan: 555µs
I/flutter (11493): [spm] Performance monitoring completed for 698a51a
I/flutter (11493): setState 698a51a
[spm]: ProfilerData event received.
I/flutter (11493): [SPM:perf] 698a51a  buildSpan: 669µs
I/flutter (11493): [spm] Performance monitoring completed for 698a51a
I/flutter (11493): setState 698a51a
[spm]: ProfilerData event received.
I/flutter (11493): [SPM:perf] 698a51a  buildSpan: 441µs
I/flutter (11493): [spm] Performance monitoring completed for 698a51a
I/flutter (11493): setState 698a51a
[spm]: ProfilerData event received.
I/flutter (11493): [SPM:perf] 698a51a  buildSpan: 418µs
I/flutter (11493): [spm] Performance monitoring completed for 698a51a
I/flutter (11493): setState 698a51a
[spm]: ProfilerData event received.
I/flutter (11493): [SPM:perf] 698a51a  buildSpan: 472µs
I/flutter (11493): [spm] Performance monitoring completed for 698a51a
I/flutter (11493): 01:10 +1: (tearDownAll)
I/flutter (11493): 01:11 +2: All tests passed!
All tests passed.
[spm]: Saved 30 profiler events to <ROOT>/dataset/04/redmi9t/raw/20260729-034356/base/e10.jsonl
[spm]: Reverting injection...
WARNING: Your Android app project: app located at: <ROOT>/android/app/build.gradle.kts
applies the Kotlin Gradle Plugin, which will cause build failures in future versions of Flutter. 
Please migrate your app to Built-in Kotlin using this guide: https://docs.flutter.dev/release/breaking-changes/migrate-to-built-in-kotlin/for-app-developers

VMServiceFlutterDriver: Connecting to Flutter application at http://127.0.0.1:38147/THTdXZJkV5Y=/
[spm]: Detected VM service URI: ws://127.0.0.1:38147/THTdXZJkV5Y=/ws
VMServiceFlutterDriver: Isolate found with number: 8344341665603171
VMServiceFlutterDriver: Isolate 8344341665603171 is runnable.
VMServiceFlutterDriver: Isolate is paused at start.
VMServiceFlutterDriver: Attempting to resume isolate
VMServiceFlutterDriver: Connected to Flutter application.