# sample_id=04/base exec_index=8 ok=True perf_lines=30 vm_events=30 battery_pct=69 soc_temp_millic=40800 battery_temp_c=32.0 charging=False preflight_started=2026-07-29T03:15:10.071581+00:00 started=2026-07-29T03:15:12.561045+00:00 ts=2026-07-29T03:17:19.627457+00:00
[spm]: Running flutter analyze...
Analyzing lib...                                                
No issues found! (ran in 0.8s)
[spm]: Injecting profiler code...
[spm]: Starting app...
Running Gradle task 'assembleProfile'...                        
Running Gradle task 'assembleProfile'...                           23.4s
✓ Built build/app/outputs/flutter-apk/app-profile.apk (61.8MB)
Installing build/app/outputs/flutter-apk/app-profile.apk...      2,010ms
I/ForceDarkHelperStubImpl(30183): setViewRootImplForceDark: false for com.example.benchmark_container.MainActivity@4db2a21, reason: AppDarkModeEnable
I/ForceDarkHelperStubImpl(30183): setViewRootImplForceDark: false for com.example.benchmark_container.MainActivity@4db2a21, reason: AppDarkModeEnable
D/DecorView[](30183): getWindowModeFromSystem  windowmode is 1
D/DecorView[](30183): updateDecorCaptionStatus displayWindowDecor is false
W/Looper  (30183): PerfMonitor looperActivity : package=com.example.benchmark_container/.MainActivity time=490ms latency=458ms running=0ms  procState=-1  historyMsgCount=3 (msgIndex=3 wall=451ms seq=3 h=android.app.ActivityThread$H w=110)
W/Looper  (30183): PerfMonitor looperActivity : package=com.example.benchmark_container/.MainActivity time=0ms latency=945ms running=0ms  procState=-1  historyMsgCount=4 (msgIndex=3 wall=451ms seq=3 h=android.app.ActivityThread$H w=110) (msgIndex=4 wall=490ms seq=4 late=458ms h=android.app.ActivityThread$H w=159)
I/Choreographer(30183): Skipped 31 frames!  The application may be doing too much work on its main thread.
D/SurfaceView(30183): UPDATE null, mIsCastMode = false
D/hw-ProcessState(30183): Binder ioctl to enable oneway spam detection failed: Invalid argument
W/Looper  (30183): PerfMonitor longMsg : seq=8 plan=06:15:53.949 late=530ms wall=1703ms running=0ms h=android.view.Choreographer$FrameHandler c=android.view.Choreographer$FrameDisplayEventReceiver procState=-1
W/Looper  (30183): PerfMonitor doFrame : time=1703ms vsyncFrame=0 latency=530ms procState=-1 historyMsgCount=7 (msgIndex=3 wall=1703ms seq=8 late=530ms h=android.view.Choreographer$FrameHandler c=android.view.Choreographer$FrameDisplayEventReceiver) (msgIndex=4 wall=490ms seq=4 h=android.app.ActivityThread$H w=159)
I/Choreographer(30183): Skipped 96 frames!  The application may be doing too much work on its main thread.
D/SurfaceView(30183): UPDATE Surface(name=SurfaceView[com.example.benchmark_container/com.example.benchmark_container.MainActivity])/@0x6a147ef, mIsProjectionMode = false
W/Looper  (30183): PerfMonitor doFrame : time=3ms vsyncFrame=0 latency=1605ms procState=-1 historyMsgCount=5
[spm]: Connected to Dart VM service.
I/flutter (30183): 00:00 +0: Performance Benchmark
E/hmark_containe(30183): open libmigui.so failed! dlopen - dlopen failed: library "libmigui.so" not found
D/hmark_containe(30183): MiuiProcessManagerServiceStub setSchedFifo
I/MiuiProcessManagerImpl(30183): setSchedFifo pid:30183, mode:3
D/DecorView[](30183): onWindowFocusChanged hasWindowFocus true
D/DecorView[](30183): getWindowModeFromSystem  windowmode is 1
D/DecorView[](30183): updateDecorCaptionStatus displayWindowDecor is false
D/ProfileInstaller(30183): Installing profile for com.example.benchmark_container
I/flutter (30183): setState 698a51a
[spm]: ProfilerData event received.
I/flutter (30183): [SPM:perf] 698a51a  buildSpan: 401µs
I/flutter (30183): [spm] Performance monitoring completed for 698a51a
I/flutter (30183): setState 698a51a
[spm]: ProfilerData event received.
I/flutter (30183): [SPM:perf] 698a51a  buildSpan: 359µs
I/flutter (30183): [spm] Performance monitoring completed for 698a51a
I/flutter (30183): setState 698a51a
[spm]: ProfilerData event received.
I/flutter (30183): [SPM:perf] 698a51a  buildSpan: 489µs
I/flutter (30183): [spm] Performance monitoring completed for 698a51a
I/flutter (30183): setState 698a51a
[spm]: ProfilerData event received.
I/flutter (30183): [SPM:perf] 698a51a  buildSpan: 600µs
I/flutter (30183): [spm] Performance monitoring completed for 698a51a
I/flutter (30183): setState 698a51a
[spm]: ProfilerData event received.
I/flutter (30183): [SPM:perf] 698a51a  buildSpan: 547µs
I/flutter (30183): [spm] Performance monitoring completed for 698a51a
I/flutter (30183): setState 698a51a
[spm]: ProfilerData event received.
I/flutter (30183): [SPM:perf] 698a51a  buildSpan: 492µs
I/flutter (30183): [spm] Performance monitoring completed for 698a51a
I/flutter (30183): setState 698a51a
I/flutter (30183): [SPM:perf] 698a51a  buildSpan: 679µs
[spm]: ProfilerData event received.
I/flutter (30183): [spm] Performance monitoring completed for 698a51a
I/flutter (30183): setState 698a51a
[spm]: ProfilerData event received.
I/flutter (30183): [SPM:perf] 698a51a  buildSpan: 481µs
I/flutter (30183): [spm] Performance monitoring completed for 698a51a
I/flutter (30183): setState 698a51a
[spm]: ProfilerData event received.
I/flutter (30183): [SPM:perf] 698a51a  buildSpan: 487µs
I/flutter (30183): [spm] Performance monitoring completed for 698a51a
I/flutter (30183): setState 698a51a
[spm]: ProfilerData event received.
I/flutter (30183): [SPM:perf] 698a51a  buildSpan: 564µs
I/flutter (30183): [spm] Performance monitoring completed for 698a51a
I/flutter (30183): setState 698a51a
[spm]: ProfilerData event received.
I/flutter (30183): [SPM:perf] 698a51a  buildSpan: 550µs
I/flutter (30183): [spm] Performance monitoring completed for 698a51a
I/flutter (30183): setState 698a51a
[spm]: ProfilerData event received.
I/flutter (30183): [SPM:perf] 698a51a  buildSpan: 602µs
I/flutter (30183): [spm] Performance monitoring completed for 698a51a
I/flutter (30183): setState 698a51a
[spm]: ProfilerData event received.
I/flutter (30183): [SPM:perf] 698a51a  buildSpan: 628µs
I/flutter (30183): [spm] Performance monitoring completed for 698a51a
I/flutter (30183): setState 698a51a
[spm]: ProfilerData event received.
I/flutter (30183): [SPM:perf] 698a51a  buildSpan: 538µs
I/flutter (30183): [spm] Performance monitoring completed for 698a51a
I/flutter (30183): setState 698a51a
I/flutter (30183): [SPM:perf] 698a51a  buildSpan: 568µs
I/flutter (30183): [spm] Performance monitoring completed for 698a51a
I/flutter (30183): setState 698a51a
[spm]: ProfilerData event received.
[spm]: ProfilerData event received.
I/flutter (30183): [SPM:perf] 698a51a  buildSpan: 541µs
I/flutter (30183): [spm] Performance monitoring completed for 698a51a
I/flutter (30183): setState 698a51a
[spm]: ProfilerData event received.
I/flutter (30183): [SPM:perf] 698a51a  buildSpan: 553µs
I/flutter (30183): [spm] Performance monitoring completed for 698a51a
I/flutter (30183): setState 698a51a
[spm]: ProfilerData event received.
I/flutter (30183): [SPM:perf] 698a51a  buildSpan: 564µs
I/flutter (30183): [spm] Performance monitoring completed for 698a51a
I/flutter (30183): setState 698a51a
I/flutter (30183): [SPM:perf] 698a51a  buildSpan: 648µs
I/flutter (30183): [spm] Performance monitoring completed for 698a51a
I/flutter (30183): setState 698a51a
[spm]: ProfilerData event received.
I/flutter (30183): [SPM:perf] 698a51a  buildSpan: 559µs
[spm]: ProfilerData event received.
I/flutter (30183): [spm] Performance monitoring completed for 698a51a
I/flutter (30183): setState 698a51a
[spm]: ProfilerData event received.
I/flutter (30183): [SPM:perf] 698a51a  buildSpan: 505µs
I/flutter (30183): [spm] Performance monitoring completed for 698a51a
I/flutter (30183): setState 698a51a
[spm]: ProfilerData event received.
I/flutter (30183): [SPM:perf] 698a51a  buildSpan: 582µs
I/flutter (30183): [spm] Performance monitoring completed for 698a51a
I/flutter (30183): setState 698a51a
[spm]: ProfilerData event received.
I/flutter (30183): [SPM:perf] 698a51a  buildSpan: 680µs
I/flutter (30183): [spm] Performance monitoring completed for 698a51a
I/flutter (30183): setState 698a51a
I/flutter (30183): [SPM:perf] 698a51a  buildSpan: 558µs
I/flutter (30183): [spm] Performance monitoring completed for 698a51a
I/flutter (30183): setState 698a51a
[spm]: ProfilerData event received.
I/flutter (30183): [SPM:perf] 698a51a  buildSpan: 647µs
I/flutter (30183): [spm] Performance monitoring completed for 698a51a
I/flutter (30183): setState 698a51a
[spm]: ProfilerData event received.
[spm]: ProfilerData event received.
I/flutter (30183): [SPM:perf] 698a51a  buildSpan: 541µs
I/flutter (30183): [spm] Performance monitoring completed for 698a51a
I/flutter (30183): setState 698a51a
[spm]: ProfilerData event received.
I/flutter (30183): [SPM:perf] 698a51a  buildSpan: 383µs
I/flutter (30183): [spm] Performance monitoring completed for 698a51a
I/flutter (30183): setState 698a51a
[spm]: ProfilerData event received.
I/flutter (30183): [SPM:perf] 698a51a  buildSpan: 524µs
I/flutter (30183): [spm] Performance monitoring completed for 698a51a
I/flutter (30183): setState 698a51a
[spm]: ProfilerData event received.
I/flutter (30183): [SPM:perf] 698a51a  buildSpan: 341µs
I/flutter (30183): [spm] Performance monitoring completed for 698a51a
I/flutter (30183): setState 698a51a
[spm]: ProfilerData event received.
I/flutter (30183): [SPM:perf] 698a51a  buildSpan: 578µs
I/flutter (30183): [spm] Performance monitoring completed for 698a51a
I/flutter (30183): 01:10 +1: (tearDownAll)
I/flutter (30183): 01:11 +2: All tests passed!
All tests passed.
[spm]: Saved 30 profiler events to <ROOT>/dataset/04/redmi9t/raw/20260729-034356/base/e8.jsonl
[spm]: Reverting injection...
WARNING: Your Android app project: app located at: <ROOT>/android/app/build.gradle.kts
applies the Kotlin Gradle Plugin, which will cause build failures in future versions of Flutter. 
Please migrate your app to Built-in Kotlin using this guide: https://docs.flutter.dev/release/breaking-changes/migrate-to-built-in-kotlin/for-app-developers

VMServiceFlutterDriver: Connecting to Flutter application at http://127.0.0.1:40655/TWtlsfAuCo8=/
[spm]: Detected VM service URI: ws://127.0.0.1:40655/TWtlsfAuCo8=/ws
VMServiceFlutterDriver: Isolate found with number: 5587965905942823
VMServiceFlutterDriver: Isolate 5587965905942823 is runnable.
VMServiceFlutterDriver: Isolate is paused at start.
VMServiceFlutterDriver: Attempting to resume isolate
VMServiceFlutterDriver: Connected to Flutter application.