# sample_id=2352/rev_005_ad140f38 exec_index=3 ok=True perf_lines=30 vm_events=30 battery_pct=65 soc_temp_millic=39800 battery_temp_c=32.2 charging=False preflight_started=2026-09-12T17:38:39.344597+00:00 started=2026-09-12T17:38:42.174805+00:00 ts=2026-09-12T17:40:46.368076+00:00
[spm]: Running flutter analyze...
Resolving dependencies...
Downloading packages...
  _fe_analyzer_shared 100.0.0 (108.0.0 available)
  analyzer 13.0.0 (14.4.0 available)
  async 2.13.0 (2.13.1 available)
  clock 1.1.2 (1.1.3 available)
  cupertino_icons 1.0.8 (1.0.9 available)
  glob 2.1.3 (2.2.0 available)
  lints 6.0.0 (6.1.0 available)
  matcher 0.12.19 (0.12.20 available)
  material_color_utilities 0.13.0 (0.13.1 available)
  meta 1.18.0 (1.19.0 available)
  package_config 2.2.0 (3.0.0 available)
  platform 3.1.6 (3.2.0 available)
  process 5.0.5 (5.0.6 available)
  pub_semver 2.2.0 (2.2.1 available)
  source_span 1.10.1 (1.10.2 available)
  stack_trace 1.12.1 (1.12.2 available)
  test_api 0.7.11 (0.7.14 available)
  vector_math 2.2.0 (2.4.2 available)
  vm_service 15.0.2 (15.3.0 available)
  webdriver 3.1.0 (3.2.0 available)
  yaml 3.1.3 (3.1.4 available)
Got dependencies!
21 packages have newer versions incompatible with dependency constraints.
Try `flutter pub outdated` for more information.
Analyzing lib...                                                

   info • The part-of directive uses a library name. Try converting the directive to use the URI of the library • lib/dependencies.dart:46:1 • use_string_in_part_of_directives
   info • Library names are not necessary. Remove the library name • lib/generated_widget.dart:2:9 • unnecessary_library_name
   info • Parameter 'key' could be a super parameter. Trying converting 'key' to a super parameter • lib/generated_widget.dart:72:9 • use_super_parameters
   info • Statements in an if should be enclosed in a block. Try wrapping the statement in a block • lib/generated_widget.dart:280:9 • curly_braces_in_flow_control_structures
   info • Statements in an if should be enclosed in a block. Try wrapping the statement in a block • lib/generated_widget.dart:300:9 • curly_braces_in_flow_control_structures
   info • Statements in an if should be enclosed in a block. Try wrapping the statement in a block • lib/generated_widget.dart:313:7 • curly_braces_in_flow_control_structures
warning • This default clause is covered by the previous cases. Try removing the default clause, or restructuring the preceding patterns • lib/generated_widget.dart:354:7 • unreachable_switch_default
   info • Statements in an if should be enclosed in a block. Try wrapping the statement in a block • lib/generated_widget.dart:445:19 • curly_braces_in_flow_control_structures
   info • Statements in an if should be enclosed in a block. Try wrapping the statement in a block • lib/generated_widget.dart:538:23 • curly_braces_in_flow_control_structures
   info • Parameter 'key' could be a super parameter. Trying converting 'key' to a super parameter • lib/generated_widget.dart:554:9 • use_super_parameters
   info • 'red' is deprecated and shouldn't be used. Use (*.r * 255.0).round().clamp(0, 255). Try replacing the use of the deprecated member with the replacement • lib/generated_widget.dart:677:60 • deprecated_member_use
   info • 'withOpacity' is deprecated and shouldn't be used. Use .withValues() to avoid precision loss. Try replacing the use of the deprecated member with the replacement • lib/generated_widget.dart:678:45 • deprecated_member_use
   info • 'green' is deprecated and shouldn't be used. Use (*.g * 255.0).round().clamp(0, 255). Try replacing the use of the deprecated member with the replacement • lib/generated_widget.dart:682:60 • deprecated_member_use
   info • 'withOpacity' is deprecated and shouldn't be used. Use .withValues() to avoid precision loss. Try replacing the use of the deprecated member with the replacement • lib/generated_widget.dart:683:45 • deprecated_member_use
   info • 'blue' is deprecated and shouldn't be used. Use (*.b * 255.0).round().clamp(0, 255). Try replacing the use of the deprecated member with the replacement • lib/generated_widget.dart:687:60 • deprecated_member_use
   info • 'withOpacity' is deprecated and shouldn't be used. Use .withValues() to avoid precision loss. Try replacing the use of the deprecated member with the replacement • lib/generated_widget.dart:688:45 • deprecated_member_use
   info • 'opacity' is deprecated and shouldn't be used. Use .a. Try replacing the use of the deprecated member with the replacement • lib/generated_widget.dart:691:71 • deprecated_member_use
   info • 'withOpacity' is deprecated and shouldn't be used. Use .withValues() to avoid precision loss. Try replacing the use of the deprecated member with the replacement • lib/generated_widget.dart:692:45 • deprecated_member_use
warning • The value of the local variable 'getBox' isn't used. Try removing the variable or using it • lib/generated_widget.dart:722:30 • unused_local_variable
   info • 'withOpacity' is deprecated and shouldn't be used. Use .withValues() to avoid precision loss. Try replacing the use of the deprecated member with the replacement • lib/generated_widget.dart:845:41 • deprecated_member_use
   info • 'withOpacity' is deprecated and shouldn't be used. Use .withValues() to avoid precision loss. Try replacing the use of the deprecated member with the replacement • lib/generated_widget.dart:846:43 • deprecated_member_use
   info • 'withOpacity' is deprecated and shouldn't be used. Use .withValues() to avoid precision loss. Try replacing the use of the deprecated member with the replacement • lib/generated_widget.dart:853:43 • deprecated_member_use
   info • 'withOpacity' is deprecated and shouldn't be used. Use .withValues() to avoid precision loss. Try replacing the use of the deprecated member with the replacement • lib/generated_widget.dart:854:45 • deprecated_member_use
   info • 'withOpacity' is deprecated and shouldn't be used. Use .withValues() to avoid precision loss. Try replacing the use of the deprecated member with the replacement • lib/generated_widget.dart:861:42 • deprecated_member_use
   info • 'withOpacity' is deprecated and shouldn't be used. Use .withValues() to avoid precision loss. Try replacing the use of the deprecated member with the replacement • lib/generated_widget.dart:862:44 • deprecated_member_use
   info • 'withOpacity' is deprecated and shouldn't be used. Use .withValues() to avoid precision loss. Try replacing the use of the deprecated member with the replacement • lib/generated_widget.dart:869:30 • deprecated_member_use
   info • 'withOpacity' is deprecated and shouldn't be used. Use .withValues() to avoid precision loss. Try replacing the use of the deprecated member with the replacement • lib/generated_widget.dart:870:30 • deprecated_member_use
   info • Parameter 'key' could be a super parameter. Trying converting 'key' to a super parameter • lib/generated_widget.dart:926:9 • use_super_parameters
warning • This default clause is covered by the previous cases. Try removing the default clause, or restructuring the preceding patterns • lib/generated_widget.dart:1121:17 • unreachable_switch_default
   info • 'withOpacity' is deprecated and shouldn't be used. Use .withValues() to avoid precision loss. Try replacing the use of the deprecated member with the replacement • lib/generated_widget.dart:1272:37 • deprecated_member_use
   info • 'withOpacity' is deprecated and shouldn't be used. Use .withValues() to avoid precision loss. Try replacing the use of the deprecated member with the replacement • lib/generated_widget.dart:1432:32 • deprecated_member_use
   info • 'withOpacity' is deprecated and shouldn't be used. Use .withValues() to avoid precision loss. Try replacing the use of the deprecated member with the replacement • lib/generated_widget.dart:1439:32 • deprecated_member_use
   info • 'red' is deprecated and shouldn't be used. Use (*.r * 255.0).round().clamp(0, 255). Try replacing the use of the deprecated member with the replacement • lib/generated_widget.dart:1477:30 • deprecated_member_use
   info • 'red' is deprecated and shouldn't be used. Use (*.r * 255.0).round().clamp(0, 255). Try replacing the use of the deprecated member with the replacement • lib/generated_widget.dart:1478:30 • deprecated_member_use
   info • 'red' is deprecated and shouldn't be used. Use (*.r * 255.0).round().clamp(0, 255). Try replacing the use of the deprecated member with the replacement • lib/generated_widget.dart:1485:30 • deprecated_member_use
   info • 'red' is deprecated and shouldn't be used. Use (*.r * 255.0).round().clamp(0, 255). Try replacing the use of the deprecated member with the replacement • lib/generated_widget.dart:1486:30 • deprecated_member_use
   info • 'blue' is deprecated and shouldn't be used. Use (*.b * 255.0).round().clamp(0, 255). Try replacing the use of the deprecated member with the replacement • lib/generated_widget.dart:1499:28 • deprecated_member_use
   info • 'green' is deprecated and shouldn't be used. Use (*.g * 255.0).round().clamp(0, 255). Try replacing the use of the deprecated member with the replacement • lib/generated_widget.dart:1500:34 • deprecated_member_use
   info • 'green' is deprecated and shouldn't be used. Use (*.g * 255.0).round().clamp(0, 255). Try replacing the use of the deprecated member with the replacement • lib/generated_widget.dart:1528:35 • deprecated_member_use
   info • 'green' is deprecated and shouldn't be used. Use (*.g * 255.0).round().clamp(0, 255). Try replacing the use of the deprecated member with the replacement • lib/generated_widget.dart:1529:35 • deprecated_member_use
   info • 'green' is deprecated and shouldn't be used. Use (*.g * 255.0).round().clamp(0, 255). Try replacing the use of the deprecated member with the replacement • lib/generated_widget.dart:1536:35 • deprecated_member_use
   info • 'green' is deprecated and shouldn't be used. Use (*.g * 255.0).round().clamp(0, 255). Try replacing the use of the deprecated member with the replacement • lib/generated_widget.dart:1537:33 • deprecated_member_use
   info • 'blue' is deprecated and shouldn't be used. Use (*.b * 255.0).round().clamp(0, 255). Try replacing the use of the deprecated member with the replacement • lib/generated_widget.dart:1550:28 • deprecated_member_use
   info • 'red' is deprecated and shouldn't be used. Use (*.r * 255.0).round().clamp(0, 255). Try replacing the use of the deprecated member with the replacement • lib/generated_widget.dart:1551:34 • deprecated_member_use
   info • 'blue' is deprecated and shouldn't be used. Use (*.b * 255.0).round().clamp(0, 255). Try replacing the use of the deprecated member with the replacement • lib/generated_widget.dart:1579:38 • deprecated_member_use
   info • 'blue' is deprecated and shouldn't be used. Use (*.b * 255.0).round().clamp(0, 255). Try replacing the use of the deprecated member with the replacement • lib/generated_widget.dart:1580:40 • deprecated_member_use
   info • 'blue' is deprecated and shouldn't be used. Use (*.b * 255.0).round().clamp(0, 255). Try replacing the use of the deprecated member with the replacement • lib/generated_widget.dart:1587:40 • deprecated_member_use
   info • 'blue' is deprecated and shouldn't be used. Use (*.b * 255.0).round().clamp(0, 255). Try replacing the use of the deprecated member with the replacement • lib/generated_widget.dart:1588:38 • deprecated_member_use
   info • 'red' is deprecated and shouldn't be used. Use (*.r * 255.0).round().clamp(0, 255). Try replacing the use of the deprecated member with the replacement • lib/generated_widget.dart:1601:28 • deprecated_member_use
   info • 'green' is deprecated and shouldn't be used. Use (*.g * 255.0).round().clamp(0, 255). Try replacing the use of the deprecated member with the replacement • lib/generated_widget.dart:1602:34 • deprecated_member_use
   info • 'withOpacity' is deprecated and shouldn't be used. Use .withValues() to avoid precision loss. Try replacing the use of the deprecated member with the replacement • lib/generated_widget.dart:1657:37 • deprecated_member_use
   info • Parameter 'key' could be a super parameter. Trying converting 'key' to a super parameter • lib/generated_widget.dart:1685:9 • use_super_parameters
   info • Parameter 'key' could be a super parameter. Trying converting 'key' to a super parameter • lib/generated_widget.dart:1748:9 • use_super_parameters
   info • 'red' is deprecated and shouldn't be used. Use (*.r * 255.0).round().clamp(0, 255). Try replacing the use of the deprecated member with the replacement • lib/generated_widget.dart:1790:15 • deprecated_member_use
   info • 'green' is deprecated and shouldn't be used. Use (*.g * 255.0).round().clamp(0, 255). Try replacing the use of the deprecated member with the replacement • lib/generated_widget.dart:1791:15 • deprecated_member_use
   info • 'blue' is deprecated and shouldn't be used. Use (*.b * 255.0).round().clamp(0, 255). Try replacing the use of the deprecated member with the replacement • lib/generated_widget.dart:1792:15 • deprecated_member_use
   info • 'alpha' is deprecated and shouldn't be used. Use (*.a * 255.0).round().clamp(0, 255). Try replacing the use of the deprecated member with the replacement • lib/generated_widget.dart:1793:15 • deprecated_member_use
   info • 'red' is deprecated and shouldn't be used. Use (*.r * 255.0).round().clamp(0, 255). Try replacing the use of the deprecated member with the replacement • lib/generated_widget.dart:1798:15 • deprecated_member_use
   info • 'green' is deprecated and shouldn't be used. Use (*.g * 255.0).round().clamp(0, 255). Try replacing the use of the deprecated member with the replacement • lib/generated_widget.dart:1799:15 • deprecated_member_use
   info • 'blue' is deprecated and shouldn't be used. Use (*.b * 255.0).round().clamp(0, 255). Try replacing the use of the deprecated member with the replacement • lib/generated_widget.dart:1800:15 • deprecated_member_use
   info • 'opacity' is deprecated and shouldn't be used. Use .a. Try replacing the use of the deprecated member with the replacement • lib/generated_widget.dart:1801:19 • deprecated_member_use
   info • Statements in an if should be enclosed in a block. Try wrapping the statement in a block • lib/generated_widget.dart:1826:7 • curly_braces_in_flow_control_structures
   info • Parameter 'key' could be a super parameter. Trying converting 'key' to a super parameter • lib/generated_widget.dart:1892:9 • use_super_parameters
   info • 'value' is deprecated and shouldn't be used. Use component accessors like .r or .g, or toARGB32 for an explicit conversion. Try replacing the use of the deprecated member with the replacement • lib/generated_widget.dart:1923:36 • deprecated_member_use
   info • Use interpolation to compose strings and values. Try using string interpolation to build the composite string • lib/generated_widget.dart:1926:11 • prefer_interpolation_to_compose_strings
   info • 'red' is deprecated and shouldn't be used. Use (*.r * 255.0).round().clamp(0, 255). Try replacing the use of the deprecated member with the replacement • lib/generated_widget.dart:1927:24 • deprecated_member_use
   info • 'green' is deprecated and shouldn't be used. Use (*.g * 255.0).round().clamp(0, 255). Try replacing the use of the deprecated member with the replacement • lib/generated_widget.dart:1928:24 • deprecated_member_use
   info • 'blue' is deprecated and shouldn't be used. Use (*.b * 255.0).round().clamp(0, 255). Try replacing the use of the deprecated member with the replacement • lib/generated_widget.dart:1929:24 • deprecated_member_use
   info • 'alpha' is deprecated and shouldn't be used. Use (*.a * 255.0).round().clamp(0, 255). Try replacing the use of the deprecated member with the replacement • lib/generated_widget.dart:1931:30 • deprecated_member_use

[spm]: Injecting profiler code...
[spm]: Starting app...
Running Gradle task 'assembleProfile'...                        
Running Gradle task 'assembleProfile'...                           22.4s
✓ Built build/app/outputs/flutter-apk/app-profile.apk (26.8MB)
Installing build/app/outputs/flutter-apk/app-profile.apk...      1,165ms
I/hmark_containe(17862): hiddenapi: Accessing hidden method Landroid/util/LongArray;->get(I)J (runtime_flags=0, domain=platform, api=unsupported) from Lio/flutter/view/AccessibilityViewEmbedder$ReflectionAccessors; (domain=app, TargetSdkVersion=36) using reflection: allowed
D/MiuiMultiWindowUtils(17862): freeform resolution args raw data:{  "zizhan":{    "freeform_args": {      "inner":{        "vertical_portrait":{"aspect_ratio":0.626, "original_ratio":0.5643,"original_scale":0.74,"top_margin":0.168,"left_margin":0.484},        "horizontal_portrait":{"aspect_ratio":0.626, "original_ratio":0.5643,"original_scale":0.74,"top_margin":0.1222,"left_margin":0.59745},        "vertical_landscape":{"aspect_ratio":1.6, "original_ratio":1,"original_scale":0.604,"top_margin":0.2596,"left_margin":0.2624},        "horizontal_landscape":{"aspect_ratio":1.6, "original_ratio":1,"original_scale":0.604,"top_margin":0.213,"left_margin":0.3758}      },      "outer":{        "vertical_portrait":{"aspect_ratio":0.626, "original_ratio":1,"original_scale":0.74,"top_margin":0.0753,"left_margin":-1},        "horizontal_portrait":{"aspect_ratio":0.626, "original_ratio":1,"original_scale":0.5756,"top_margin":-1,"left_margin":0.0753},        "vertical_landscape":{"aspect_ratio":1.6, "original_ratio":0.6847,"original_scale":0.587,"top_margin":0.0753,"left_margin":-1},        "horizontal_landscape":{"aspect_ratio":1.6, "original_ratio":0.6847,"original_scale":0.587,"top_margin":-1,"left_margin":0.0753}}    },    "mini_freeform_args":{      "inner":{        "vertical_portrait":{"aspect_ratio":0.626, "original_ratio":0.147},        "horizontal_portrait":{"aspect_ratio":0.626, "original_ratio":0.147},        "vertical_landscape":{"aspect_ratio":1.6, "original_ratio":0.165},        "horizontal_landscape":{"aspect_ratio":1.6, "original_ratio":0.165}      },      "outer":{        "vertical_portrait":{"aspect_ratio":0.626, "original_ratio":0.26},        "horizontal_portrait":{"aspect_ratio":0.626, "original_ratio":0.26},        "vertical_landscape":{"aspect_ratio":1.6, "original_ratio":0.293},        "horizontal_landscape":{"aspect_ratio":1.6, "original_ratio":0.293}}    }  },  "wide_default":{    "freeform_args": {        "vertical_portrait":{"aspect_ratio":0.625, "original_ratio":0.5806,"original_scale":0.7574,"top_margin":0.125,"left_margin":0.392},        "horizontal_portrait":{"aspect_ratio":0.625, "original_ratio":0.5806,"original_scale":0.7574,"top_margin":-1,"left_margin":0.6415},        "vertical_landscape":{"aspect_ratio":1.6, "original_ratio":1,"original_scale":0.5153,"top_margin":0.125,"left_margin":0.206},        "horizontal_landscape":{"aspect_ratio":1.6, "original_ratio":1,"original_scale":0.5153,"top_margin":-1,"left_margin":0.456}    },    "mini_freeform_args":{        "vertical_portrait":{"aspect_ratio":0.5625, "original_ratio":0.144},        "horizontal_portrait":{"aspect_ratio":0.5625, "original_ratio":0.144},        "vertical_landscape":{"aspect_ratio":-1, "original_ratio":0.144},        "horizontal_landscape":{"aspect_ratio":-1, "original_ratio":0.144}    }  },  "narrow_default": {    "freeform_args": {        "vertical_portrait":{"aspect_ratio":0.5625, "original_ratio":1,"original_scale":0.7182,"top_margin":0.142,"left_margin":-1},        "horizontal_portrait":{"aspect_ratio":0.8, "original_ratio":1,"original_scale":0.7182,"top_margin":-1,"left_margin":0.05},        "vertical_landscape":{"aspect_ratio":1.6, "original_ratio":0.6545,"original_scale":0.4473,"top_margin":0.142,"left_margin":-1},        "horizontal_landscape":{"aspect_ratio":1.6, "original_ratio":0.6545,"original_scale":0.4473,"top_margin":-1,"left_margin":0.05}    },    "mini_freeform_args":{        "vertical_portrait":{"aspect_ratio":0.5625, "original_ratio":0.3},        "horizontal_portrait":{"aspect_ratio":0.5625, "original_ratio":0.3},        "vertical_landscape":{"aspect_ratio":1.7778, "original_ratio":0.3},        "horizontal_landscape":{"aspect_ratio":1.7778, "original_ratio":0.3}    }  },  "regular_default": {    "freeform_args": {      "vertical_portrait":{"aspect_ratio":0.625, "original_ratio":1,"original_scale":0.7,"top_margin":0.109,"left_margin":-1},      "horizontal_portrait":{"aspect_ratio":0.6667, "original_ratio":1,"original_scale":0.6102,"top_margin":-1,"left_margin":0.026},      "vertical_landscape":{"asp
E/MiuiMultiWindowUtils(17862): initFreeFormResolutionArgs failed, device is lime
D/IS_CTS_MODE(17862): true
D/MULTI_WINDOW_SWITCH_ENABLED(17862): false
D/IS_CTS_MODE(17862): true
D/MULTI_WINDOW_SWITCH_ENABLED(17862): false
D/IS_CTS_MODE(17862): true
D/MULTI_WINDOW_SWITCH_ENABLED(17862): false
D/DecorView[](17862): getWindowModeFromSystem  windowmode is 1
I/ForceDarkHelperStubImpl(17862): setViewRootImplForceDark: false for com.example.benchmark_container.MainActivity@e6f428d, reason: AppDarkModeEnable
I/ForceDarkHelperStubImpl(17862): setViewRootImplForceDark: false for com.example.benchmark_container.MainActivity@e6f428d, reason: AppDarkModeEnable
D/DecorView[](17862): getWindowModeFromSystem  windowmode is 1
D/DecorView[](17862): updateDecorCaptionStatus displayWindowDecor is false
W/Looper  (17862): PerfMonitor looperActivity : package=com.example.benchmark_container/.MainActivity time=378ms latency=363ms running=0ms  procState=-1  historyMsgCount=3 (msgIndex=1 wall=378ms seq=4 late=363ms h=android.app.ActivityThread$H w=159) (msgIndex=2 wall=378ms seq=4 late=363ms h=android.app.ActivityThread$H w=159) (msgIndex=3 wall=366ms seq=3 h=android.app.ActivityThread$H w=110)
W/Looper  (17862): PerfMonitor looperActivity : package=com.example.benchmark_container/.MainActivity time=0ms latency=742ms running=0ms  procState=-1  historyMsgCount=4 (msgIndex=1 wall=378ms seq=4 late=363ms h=android.app.ActivityThread$H w=159) (msgIndex=2 wall=378ms seq=4 late=363ms h=android.app.ActivityThread$H w=159) (msgIndex=3 wall=366ms seq=3 h=android.app.ActivityThread$H w=110) (msgIndex=4 wall=378ms seq=4 late=363ms h=android.app.ActivityThread$H w=159)
D/SurfaceView(17862): UPDATE null, mIsCastMode = false
D/hw-ProcessState(17862): Binder ioctl to enable oneway spam detection failed: Invalid argument
W/Looper  (17862): PerfMonitor longMsg : seq=8 plan=20:39:21.962 late=389ms wall=1662ms running=0ms h=android.view.Choreographer$FrameHandler c=android.view.Choreographer$FrameDisplayEventReceiver procState=-1
W/Looper  (17862): PerfMonitor doFrame : time=1662ms vsyncFrame=0 latency=389ms procState=-1 historyMsgCount=7 (msgIndex=1 wall=378ms seq=4 h=android.app.ActivityThread$H w=159) (msgIndex=2 wall=378ms seq=4 h=android.app.ActivityThread$H w=159) (msgIndex=3 wall=1662ms seq=8 late=389ms h=android.view.Choreographer$FrameHandler c=android.view.Choreographer$FrameDisplayEventReceiver) (msgIndex=4 wall=378ms seq=4 h=android.app.ActivityThread$H w=159)
I/Choreographer(17862): Skipped 94 frames!  The application may be doing too much work on its main thread.
D/SurfaceView(17862): UPDATE Surface(name=SurfaceView[com.example.benchmark_container/com.example.benchmark_container.MainActivity])/@0xca20cbb, mIsProjectionMode = false
W/Looper  (17862): PerfMonitor doFrame : time=3ms vsyncFrame=0 latency=1574ms procState=-1 historyMsgCount=4
[spm]: Connected to Dart VM service.
I/flutter (17862): 00:00 +0: Performance Benchmark
E/hmark_containe(17862): open libmigui.so failed! dlopen - dlopen failed: library "libmigui.so" not found
D/hmark_containe(17862): MiuiProcessManagerServiceStub setSchedFifo
I/MiuiProcessManagerImpl(17862): setSchedFifo pid:17862, mode:3
D/DecorView[](17862): onWindowFocusChanged hasWindowFocus true
D/DecorView[](17862): getWindowModeFromSystem  windowmode is 1
D/DecorView[](17862): updateDecorCaptionStatus displayWindowDecor is false
D/ProfileInstaller(17862): Installing profile for com.example.benchmark_container
[spm]: ProfilerData event received.
I/flutter (17862): [SPM:perf] 698a51a  buildSpan: 3219µs
I/flutter (17862): [spm] Performance monitoring completed for 698a51a
[spm]: ProfilerData event received.
I/flutter (17862): [SPM:perf] 698a51a  buildSpan: 3163µs
I/flutter (17862): [spm] Performance monitoring completed for 698a51a
[spm]: ProfilerData event received.
I/flutter (17862): [SPM:perf] 698a51a  buildSpan: 2682µs
I/flutter (17862): [spm] Performance monitoring completed for 698a51a
[spm]: ProfilerData event received.
I/flutter (17862): [SPM:perf] 698a51a  buildSpan: 4074µs
I/flutter (17862): [spm] Performance monitoring completed for 698a51a
[spm]: ProfilerData event received.
I/flutter (17862): [SPM:perf] 698a51a  buildSpan: 3759µs
I/flutter (17862): [spm] Performance monitoring completed for 698a51a
I/flutter (17862): [SPM:perf] 698a51a  buildSpan: 3712µs
[spm]: ProfilerData event received.
I/flutter (17862): [spm] Performance monitoring completed for 698a51a
[spm]: ProfilerData event received.
I/flutter (17862): [SPM:perf] 698a51a  buildSpan: 4496µs
I/flutter (17862): [spm] Performance monitoring completed for 698a51a
[spm]: ProfilerData event received.
I/flutter (17862): [SPM:perf] 698a51a  buildSpan: 4302µs
I/flutter (17862): [spm] Performance monitoring completed for 698a51a
[spm]: ProfilerData event received.
I/flutter (17862): [SPM:perf] 698a51a  buildSpan: 4198µs
I/flutter (17862): [spm] Performance monitoring completed for 698a51a
[spm]: ProfilerData event received.
I/flutter (17862): [SPM:perf] 698a51a  buildSpan: 4132µs
I/flutter (17862): [spm] Performance monitoring completed for 698a51a
[spm]: ProfilerData event received.
I/flutter (17862): [SPM:perf] 698a51a  buildSpan: 3236µs
I/flutter (17862): [spm] Performance monitoring completed for 698a51a
[spm]: ProfilerData event received.
I/flutter (17862): [SPM:perf] 698a51a  buildSpan: 4193µs
I/flutter (17862): [spm] Performance monitoring completed for 698a51a
[spm]: ProfilerData event received.
I/flutter (17862): [SPM:perf] 698a51a  buildSpan: 4319µs
I/flutter (17862): [spm] Performance monitoring completed for 698a51a
[spm]: ProfilerData event received.
I/flutter (17862): [SPM:perf] 698a51a  buildSpan: 3616µs
I/flutter (17862): [spm] Performance monitoring completed for 698a51a
I/flutter (17862): [SPM:perf] 698a51a  buildSpan: 4158µs
I/flutter (17862): [spm] Performance monitoring completed for 698a51a
[spm]: ProfilerData event received.
[spm]: ProfilerData event received.
I/flutter (17862): [SPM:perf] 698a51a  buildSpan: 3215µs
I/flutter (17862): [spm] Performance monitoring completed for 698a51a
I/flutter (17862): [SPM:perf] 698a51a  buildSpan: 3383µs
I/flutter (17862): [spm] Performance monitoring completed for 698a51a
[spm]: ProfilerData event received.
[spm]: ProfilerData event received.
I/flutter (17862): [SPM:perf] 698a51a  buildSpan: 4097µs
I/flutter (17862): [spm] Performance monitoring completed for 698a51a
[spm]: ProfilerData event received.
I/flutter (17862): [SPM:perf] 698a51a  buildSpan: 4443µs
I/flutter (17862): [spm] Performance monitoring completed for 698a51a
[spm]: ProfilerData event received.
I/flutter (17862): [SPM:perf] 698a51a  buildSpan: 4229µs
I/flutter (17862): [spm] Performance monitoring completed for 698a51a
[spm]: ProfilerData event received.
I/flutter (17862): [SPM:perf] 698a51a  buildSpan: 4106µs
I/flutter (17862): [spm] Performance monitoring completed for 698a51a
[spm]: ProfilerData event received.
I/flutter (17862): [SPM:perf] 698a51a  buildSpan: 2988µs
I/flutter (17862): [spm] Performance monitoring completed for 698a51a
[spm]: ProfilerData event received.
I/flutter (17862): [SPM:perf] 698a51a  buildSpan: 2682µs
I/flutter (17862): [spm] Performance monitoring completed for 698a51a
[spm]: ProfilerData event received.
I/flutter (17862): [SPM:perf] 698a51a  buildSpan: 4404µs
I/flutter (17862): [spm] Performance monitoring completed for 698a51a
[spm]: ProfilerData event received.
I/flutter (17862): [SPM:perf] 698a51a  buildSpan: 2716µs
I/flutter (17862): [spm] Performance monitoring completed for 698a51a
[spm]: ProfilerData event received.
I/flutter (17862): [SPM:perf] 698a51a  buildSpan: 3922µs
I/flutter (17862): [spm] Performance monitoring completed for 698a51a
[spm]: ProfilerData event received.
I/flutter (17862): [SPM:perf] 698a51a  buildSpan: 3235µs
I/flutter (17862): [spm] Performance monitoring completed for 698a51a
[spm]: ProfilerData event received.
I/flutter (17862): [SPM:perf] 698a51a  buildSpan: 3479µs
I/flutter (17862): [spm] Performance monitoring completed for 698a51a
[spm]: ProfilerData event received.
I/flutter (17862): [SPM:perf] 698a51a  buildSpan: 4162µs
I/flutter (17862): [spm] Performance monitoring completed for 698a51a
[spm]: ProfilerData event received.
I/flutter (17862): [SPM:perf] 698a51a  buildSpan: 3651µs
I/flutter (17862): [spm] Performance monitoring completed for 698a51a
I/flutter (17862): 01:10 +1: (tearDownAll)
I/flutter (17862): 01:11 +2: All tests passed!
All tests passed.
[spm]: Saved 30 profiler events to <ROOT>/dataset-new_samples/2352/redmi9t/raw/20260912-180255/rev_005_ad140f38/e3.jsonl
[spm]: Reverting injection...
69 issues found. (ran in 0.6s)
WARNING: Your Android app project: app located at: <ROOT>/android/app/build.gradle.kts
applies the Kotlin Gradle Plugin, which will cause build failures in future versions of Flutter. 
Please migrate your app to Built-in Kotlin using this guide: https://docs.flutter.dev/release/breaking-changes/migrate-to-built-in-kotlin/for-app-developers

VMServiceFlutterDriver: Connecting to Flutter application at http://127.0.0.1:44455/zuRIGFiu478=/
[spm]: Detected VM service URI: ws://127.0.0.1:44455/zuRIGFiu478=/ws
VMServiceFlutterDriver: Isolate found with number: 970733430523055
VMServiceFlutterDriver: Isolate 970733430523055 is runnable.
VMServiceFlutterDriver: Isolate is paused at start.
VMServiceFlutterDriver: Attempting to resume isolate
VMServiceFlutterDriver: Connected to Flutter application.
VMServiceFlutterDriver: request_data message is taking a long time to complete...