# sample_id=1414/rev_002_4f5d4e90 exec_index=12 ok=True perf_lines=30 vm_events=30 battery_pct=39 soc_temp_millic=37000 battery_temp_c=29.5 charging=False preflight_started=2026-09-18T00:39:34.728585+00:00 started=2026-09-18T00:39:37.457489+00:00 ts=2026-09-18T00:41:54.495663+00:00
[spm]: Running flutter analyze...
Resolving dependencies...
Downloading packages...
  _fe_analyzer_shared 100.0.0 (108.0.0 available)
  analyzer 13.0.0 (14.4.0 available)
  async 2.13.0 (2.13.1 available)
  clock 1.1.2 (1.1.3 available)
  cupertino_icons 1.0.8 (1.0.9 available)
  glob 2.1.3 (2.2.0 available)
  lints 6.0.0 (6.1.0 available)
  matcher 0.12.19 (0.12.20 available)
  material_color_utilities 0.13.0 (0.13.1 available)
  meta 1.18.0 (1.19.0 available)
  package_config 2.2.0 (3.0.0 available)
  platform 3.1.6 (3.2.0 available)
  process 5.0.5 (5.0.6 available)
  pub_semver 2.2.0 (2.2.1 available)
  source_span 1.10.1 (1.10.2 available)
  stack_trace 1.12.1 (1.12.2 available)
  test_api 0.7.11 (0.7.14 available)
  vector_math 2.2.0 (2.4.2 available)
  vm_service 15.0.2 (15.3.0 available)
  webdriver 3.1.0 (3.2.0 available)
  yaml 3.1.3 (3.1.4 available)
Got dependencies!
21 packages have newer versions incompatible with dependency constraints.
Try `flutter pub outdated` for more information.
Analyzing lib...                                                

   info • The part-of directive uses a library name. Try converting the directive to use the URI of the library • lib/dependencies.dart:46:1 • use_string_in_part_of_directives
   info • Library names are not necessary. Remove the library name • lib/generated_widget.dart:2:9 • unnecessary_library_name

[spm]: Injecting profiler code...
[spm]: Starting app...
Running Gradle task 'assembleProfile'...                        
Running Gradle task 'assembleProfile'...                           26.2s
✓ Built build/app/outputs/flutter-apk/app-profile.apk (26.8MB)
Installing build/app/outputs/flutter-apk/app-profile.apk...      1,270ms
D/DecorView[](25218): getWindowModeFromSystem  windowmode is 1
D/DecorView[](25218): updateDecorCaptionStatus displayWindowDecor is false
W/Looper  (25218): PerfMonitor looperActivity : package=com.example.benchmark_container/.MainActivity time=420ms latency=373ms running=0ms  procState=-1  historyMsgCount=2 (msgIndex=1 wall=420ms seq=4 late=373ms h=android.app.ActivityThread$H w=159) (msgIndex=2 wall=376ms seq=3 h=android.app.ActivityThread$H w=110)
W/Looper  (25218): PerfMonitor looperActivity : package=com.example.benchmark_container/.MainActivity time=0ms latency=794ms running=0ms  procState=-1  historyMsgCount=4 (msgIndex=2 wall=420ms seq=4 late=373ms h=android.app.ActivityThread$H w=159) (msgIndex=3 wall=376ms seq=3 h=android.app.ActivityThread$H w=110) (msgIndex=4 wall=420ms seq=4 late=373ms h=android.app.ActivityThread$H w=159)
D/SurfaceView(25218): UPDATE null, mIsCastMode = false
D/hw-ProcessState(25218): Binder ioctl to enable oneway spam detection failed: Invalid argument
W/Looper  (25218): PerfMonitor longMsg : seq=8 plan=03:40:25.670 late=449ms wall=1770ms running=0ms h=android.view.Choreographer$FrameHandler c=android.view.Choreographer$FrameDisplayEventReceiver procState=-1
W/Looper  (25218): PerfMonitor doFrame : time=1770ms vsyncFrame=0 latency=449ms procState=-1 historyMsgCount=7 (msgIndex=2 wall=420ms seq=4 h=android.app.ActivityThread$H w=159) (msgIndex=3 wall=1770ms seq=8 late=449ms h=android.view.Choreographer$FrameHandler c=android.view.Choreographer$FrameDisplayEventReceiver) (msgIndex=4 wall=420ms seq=4 h=android.app.ActivityThread$H w=159)
I/Choreographer(25218): Skipped 100 frames!  The application may be doing too much work on its main thread.
D/SurfaceView(25218): UPDATE Surface(name=SurfaceView[com.example.benchmark_container/com.example.benchmark_container.MainActivity])/@0x9ac515, mIsProjectionMode = false
W/Looper  (25218): PerfMonitor doFrame : time=3ms vsyncFrame=0 latency=1676ms procState=-1 historyMsgCount=4
[spm]: Connected to Dart VM service.
I/flutter (25218): 00:00 +0: Performance Benchmark
E/hmark_containe(25218): open libmigui.so failed! dlopen - dlopen failed: library "libmigui.so" not found
D/hmark_containe(25218): MiuiProcessManagerServiceStub setSchedFifo
I/MiuiProcessManagerImpl(25218): setSchedFifo pid:25218, mode:3
D/DecorView[](25218): onWindowFocusChanged hasWindowFocus true
D/ProfileInstaller(25218): Installing profile for com.example.benchmark_container
D/DecorView[](25218): getWindowModeFromSystem  windowmode is 1
D/DecorView[](25218): updateDecorCaptionStatus displayWindowDecor is false
[spm]: ProfilerData event received.
I/flutter (25218): [SPM:perf] 698a51a  buildSpan: 1972µs
I/flutter (25218): [spm] Performance monitoring completed for 698a51a
I/flutter (25218): [SPM:perf] 698a51a  buildSpan: 1983µs
[spm]: ProfilerData event received.
I/flutter (25218): [spm] Performance monitoring completed for 698a51a
[spm]: ProfilerData event received.
I/flutter (25218): [SPM:perf] 698a51a  buildSpan: 1967µs
I/flutter (25218): [spm] Performance monitoring completed for 698a51a
[spm]: ProfilerData event received.
I/flutter (25218): [SPM:perf] 698a51a  buildSpan: 1821µs
I/flutter (25218): [spm] Performance monitoring completed for 698a51a
I/flutter (25218): [SPM:perf] 698a51a  buildSpan: 1846µs
[spm]: ProfilerData event received.
I/flutter (25218): [spm] Performance monitoring completed for 698a51a
I/flutter (25218): [SPM:perf] 698a51a  buildSpan: 1973µs
I/flutter (25218): [spm] Performance monitoring completed for 698a51a
[spm]: ProfilerData event received.
[spm]: ProfilerData event received.
I/flutter (25218): [SPM:perf] 698a51a  buildSpan: 2027µs
I/flutter (25218): [spm] Performance monitoring completed for 698a51a
[spm]: ProfilerData event received.
I/flutter (25218): [SPM:perf] 698a51a  buildSpan: 2043µs
I/flutter (25218): [spm] Performance monitoring completed for 698a51a
I/flutter (25218): [SPM:perf] 698a51a  buildSpan: 1878µs
[spm]: ProfilerData event received.
I/flutter (25218): [spm] Performance monitoring completed for 698a51a
[spm]: ProfilerData event received.
I/flutter (25218): [SPM:perf] 698a51a  buildSpan: 1833µs
I/flutter (25218): [spm] Performance monitoring completed for 698a51a
I/flutter (25218): [SPM:perf] 698a51a  buildSpan: 2118µs
I/flutter (25218): [spm] Performance monitoring completed for 698a51a
[spm]: ProfilerData event received.
[spm]: ProfilerData event received.
I/flutter (25218): [SPM:perf] 698a51a  buildSpan: 2076µs
I/flutter (25218): [spm] Performance monitoring completed for 698a51a
[spm]: ProfilerData event received.
I/flutter (25218): [SPM:perf] 698a51a  buildSpan: 1903µs
I/flutter (25218): [spm] Performance monitoring completed for 698a51a
[spm]: ProfilerData event received.
I/flutter (25218): [SPM:perf] 698a51a  buildSpan: 1505µs
I/flutter (25218): [spm] Performance monitoring completed for 698a51a
[spm]: ProfilerData event received.
I/flutter (25218): [SPM:perf] 698a51a  buildSpan: 1890µs
I/flutter (25218): [spm] Performance monitoring completed for 698a51a
[spm]: ProfilerData event received.
I/flutter (25218): [SPM:perf] 698a51a  buildSpan: 1880µs
I/flutter (25218): [spm] Performance monitoring completed for 698a51a
I/flutter (25218): [SPM:perf] 698a51a  buildSpan: 1965µs
I/flutter (25218): [spm] Performance monitoring completed for 698a51a
[spm]: ProfilerData event received.
[spm]: ProfilerData event received.
I/flutter (25218): [SPM:perf] 698a51a  buildSpan: 1828µs
I/flutter (25218): [spm] Performance monitoring completed for 698a51a
[spm]: ProfilerData event received.
I/flutter (25218): [SPM:perf] 698a51a  buildSpan: 1933µs
I/flutter (25218): [spm] Performance monitoring completed for 698a51a
I/flutter (25218): [SPM:perf] 698a51a  buildSpan: 1913µs
I/flutter (25218): [spm] Performance monitoring completed for 698a51a
[spm]: ProfilerData event received.
[spm]: ProfilerData event received.
I/flutter (25218): [SPM:perf] 698a51a  buildSpan: 2066µs
I/flutter (25218): [spm] Performance monitoring completed for 698a51a
[spm]: ProfilerData event received.
I/flutter (25218): [SPM:perf] 698a51a  buildSpan: 1835µs
I/flutter (25218): [spm] Performance monitoring completed for 698a51a
[spm]: ProfilerData event received.
I/flutter (25218): [SPM:perf] 698a51a  buildSpan: 1915µs
I/flutter (25218): [spm] Performance monitoring completed for 698a51a
I/flutter (25218): [SPM:perf] 698a51a  buildSpan: 1867µs
I/flutter (25218): [spm] Performance monitoring completed for 698a51a
[spm]: ProfilerData event received.
[spm]: ProfilerData event received.
I/flutter (25218): [SPM:perf] 698a51a  buildSpan: 1898µs
I/flutter (25218): [spm] Performance monitoring completed for 698a51a
[spm]: ProfilerData event received.
I/flutter (25218): [SPM:perf] 698a51a  buildSpan: 2084µs
I/flutter (25218): [spm] Performance monitoring completed for 698a51a
[spm]: ProfilerData event received.
I/flutter (25218): [SPM:perf] 698a51a  buildSpan: 1866µs
I/flutter (25218): [spm] Performance monitoring completed for 698a51a
I/flutter (25218): [SPM:perf] 698a51a  buildSpan: 1917µs
[spm]: ProfilerData event received.
I/flutter (25218): [spm] Performance monitoring completed for 698a51a
[spm]: ProfilerData event received.
I/flutter (25218): [SPM:perf] 698a51a  buildSpan: 1923µs
I/flutter (25218): [spm] Performance monitoring completed for 698a51a
[spm]: ProfilerData event received.
I/flutter (25218): [SPM:perf] 698a51a  buildSpan: 1855µs
I/flutter (25218): [spm] Performance monitoring completed for 698a51a
I/flutter (25218): 01:10 +1: (tearDownAll)
I/flutter (25218): 01:11 +2: All tests passed!
All tests passed.
[spm]: Saved 30 profiler events to <ROOT>/dataset-new_samples/1414/redmi9t/raw/20260918-015038/rev_002_4f5d4e90/e12.jsonl
[spm]: Reverting injection...
2 issues found. (ran in 0.7s)
WARNING: Your Android app project: app located at: <ROOT>/android/app/build.gradle.kts
applies the Kotlin Gradle Plugin, which will cause build failures in future versions of Flutter. 
Please migrate your app to Built-in Kotlin using this guide: https://docs.flutter.dev/release/breaking-changes/migrate-to-built-in-kotlin/for-app-developers

VMServiceFlutterDriver: Connecting to Flutter application at http://127.0.0.1:36167/PNsehJPrNVs=/
[spm]: Detected VM service URI: ws://127.0.0.1:36167/PNsehJPrNVs=/ws
VMServiceFlutterDriver: Isolate found with number: 6307502416294439
VMServiceFlutterDriver: Isolate 6307502416294439 is runnable.
VMServiceFlutterDriver: Isolate is paused at start.
VMServiceFlutterDriver: Attempting to resume isolate
VMServiceFlutterDriver: Connected to Flutter application.
VMServiceFlutterDriver: request_data message is taking a long time to complete...