# sample_id=1414/rev_002_4f5d4e90 exec_index=9 ok=True perf_lines=30 vm_events=30 battery_pct=43 soc_temp_millic=37000 battery_temp_c=29.8 charging=False preflight_started=2026-09-17T23:47:28.029975+00:00 started=2026-09-17T23:47:30.779574+00:00 ts=2026-09-17T23:49:32.389492+00:00
[spm]: Running flutter analyze...
Resolving dependencies...
Downloading packages...
  _fe_analyzer_shared 100.0.0 (108.0.0 available)
  analyzer 13.0.0 (14.4.0 available)
  async 2.13.0 (2.13.1 available)
  clock 1.1.2 (1.1.3 available)
  cupertino_icons 1.0.8 (1.0.9 available)
  glob 2.1.3 (2.2.0 available)
  lints 6.0.0 (6.1.0 available)
  matcher 0.12.19 (0.12.20 available)
  material_color_utilities 0.13.0 (0.13.1 available)
  meta 1.18.0 (1.19.0 available)
  package_config 2.2.0 (3.0.0 available)
  platform 3.1.6 (3.2.0 available)
  process 5.0.5 (5.0.6 available)
  pub_semver 2.2.0 (2.2.1 available)
  source_span 1.10.1 (1.10.2 available)
  stack_trace 1.12.1 (1.12.2 available)
  test_api 0.7.11 (0.7.14 available)
  vector_math 2.2.0 (2.4.2 available)
  vm_service 15.0.2 (15.3.0 available)
  webdriver 3.1.0 (3.2.0 available)
  yaml 3.1.3 (3.1.4 available)
Got dependencies!
21 packages have newer versions incompatible with dependency constraints.
Try `flutter pub outdated` for more information.
Analyzing lib...                                                

   info • The part-of directive uses a library name. Try converting the directive to use the URI of the library • lib/dependencies.dart:46:1 • use_string_in_part_of_directives
   info • Library names are not necessary. Remove the library name • lib/generated_widget.dart:2:9 • unnecessary_library_name

[spm]: Injecting profiler code...
[spm]: Starting app...
Running Gradle task 'assembleProfile'...                        
Running Gradle task 'assembleProfile'...                           20.6s
✓ Built build/app/outputs/flutter-apk/app-profile.apk (26.8MB)
Installing build/app/outputs/flutter-apk/app-profile.apk...      1,235ms
D/DecorView[](15179): getWindowModeFromSystem  windowmode is 1
D/DecorView[](15179): getWindowModeFromSystem  windowmode is 1
D/DecorView[](15179): updateDecorCaptionStatus displayWindowDecor is false
W/Looper  (15179): PerfMonitor looperActivity : package=com.example.benchmark_container/.MainActivity time=468ms latency=366ms running=0ms  procState=-1  historyMsgCount=3 (msgIndex=3 wall=359ms seq=3 h=android.app.ActivityThread$H w=110)
W/Looper  (15179): PerfMonitor looperActivity : package=com.example.benchmark_container/.MainActivity time=1ms latency=835ms running=0ms  procState=-1  historyMsgCount=4 (msgIndex=3 wall=359ms seq=3 h=android.app.ActivityThread$H w=110) (msgIndex=4 wall=468ms seq=4 late=366ms h=android.app.ActivityThread$H w=159)
D/SurfaceView(15179): UPDATE null, mIsCastMode = false
D/hw-ProcessState(15179): Binder ioctl to enable oneway spam detection failed: Invalid argument
W/Looper  (15179): PerfMonitor longMsg : seq=8 plan=02:48:07.988 late=495ms wall=1813ms running=0ms h=android.view.Choreographer$FrameHandler c=android.view.Choreographer$FrameDisplayEventReceiver procState=-1
W/Looper  (15179): PerfMonitor doFrame : time=1813ms vsyncFrame=0 latency=495ms procState=-1 historyMsgCount=6 (msgIndex=2 wall=1813ms seq=8 late=495ms h=android.view.Choreographer$FrameHandler c=android.view.Choreographer$FrameDisplayEventReceiver) (msgIndex=3 wall=468ms seq=4 h=android.app.ActivityThread$H w=159)
I/Choreographer(15179): Skipped 102 frames!  The application may be doing too much work on its main thread.
D/SurfaceView(15179): UPDATE Surface(name=SurfaceView[com.example.benchmark_container/com.example.benchmark_container.MainActivity])/@0x9ac515, mIsProjectionMode = false
W/Looper  (15179): PerfMonitor doFrame : time=2ms vsyncFrame=0 latency=1715ms procState=-1 historyMsgCount=4
[spm]: Connected to Dart VM service.
I/flutter (15179): 00:00 +0: Performance Benchmark
E/hmark_containe(15179): open libmigui.so failed! dlopen - dlopen failed: library "libmigui.so" not found
D/hmark_containe(15179): MiuiProcessManagerServiceStub setSchedFifo
I/MiuiProcessManagerImpl(15179): setSchedFifo pid:15179, mode:3
D/DecorView[](15179): onWindowFocusChanged hasWindowFocus true
D/ProfileInstaller(15179): Installing profile for com.example.benchmark_container
D/DecorView[](15179): getWindowModeFromSystem  windowmode is 1
D/DecorView[](15179): updateDecorCaptionStatus displayWindowDecor is false
[spm]: ProfilerData event received.
I/flutter (15179): [SPM:perf] 698a51a  buildSpan: 1925µs
I/flutter (15179): [spm] Performance monitoring completed for 698a51a
[spm]: ProfilerData event received.
I/flutter (15179): [SPM:perf] 698a51a  buildSpan: 1928µs
I/flutter (15179): [spm] Performance monitoring completed for 698a51a
[spm]: ProfilerData event received.
I/flutter (15179): [SPM:perf] 698a51a  buildSpan: 1844µs
I/flutter (15179): [spm] Performance monitoring completed for 698a51a
[spm]: ProfilerData event received.
I/flutter (15179): [SPM:perf] 698a51a  buildSpan: 1820µs
I/flutter (15179): [spm] Performance monitoring completed for 698a51a
[spm]: ProfilerData event received.
I/flutter (15179): [SPM:perf] 698a51a  buildSpan: 1474µs
I/flutter (15179): [spm] Performance monitoring completed for 698a51a
[spm]: ProfilerData event received.
I/flutter (15179): [SPM:perf] 698a51a  buildSpan: 2029µs
I/flutter (15179): [spm] Performance monitoring completed for 698a51a
[spm]: ProfilerData event received.
I/flutter (15179): [SPM:perf] 698a51a  buildSpan: 2031µs
I/flutter (15179): [spm] Performance monitoring completed for 698a51a
[spm]: ProfilerData event received.
I/flutter (15179): [SPM:perf] 698a51a  buildSpan: 2046µs
I/flutter (15179): [spm] Performance monitoring completed for 698a51a
[spm]: ProfilerData event received.
I/flutter (15179): [SPM:perf] 698a51a  buildSpan: 1891µs
I/flutter (15179): [spm] Performance monitoring completed for 698a51a
[spm]: ProfilerData event received.
I/flutter (15179): [SPM:perf] 698a51a  buildSpan: 1905µs
I/flutter (15179): [spm] Performance monitoring completed for 698a51a
[spm]: ProfilerData event received.
I/flutter (15179): [SPM:perf] 698a51a  buildSpan: 1866µs
I/flutter (15179): [spm] Performance monitoring completed for 698a51a
[spm]: ProfilerData event received.
I/flutter (15179): [SPM:perf] 698a51a  buildSpan: 1898µs
I/flutter (15179): [spm] Performance monitoring completed for 698a51a
[spm]: ProfilerData event received.
I/flutter (15179): [SPM:perf] 698a51a  buildSpan: 1991µs
I/flutter (15179): [spm] Performance monitoring completed for 698a51a
[spm]: ProfilerData event received.
I/flutter (15179): [SPM:perf] 698a51a  buildSpan: 1907µs
I/flutter (15179): [spm] Performance monitoring completed for 698a51a
[spm]: ProfilerData event received.
I/flutter (15179): [SPM:perf] 698a51a  buildSpan: 1930µs
I/flutter (15179): [spm] Performance monitoring completed for 698a51a
I/flutter (15179): [SPM:perf] 698a51a  buildSpan: 1744µs
I/flutter (15179): [spm] Performance monitoring completed for 698a51a
[spm]: ProfilerData event received.
I/flutter (15179): [SPM:perf] 698a51a  buildSpan: 2061µs
[spm]: ProfilerData event received.
I/flutter (15179): [spm] Performance monitoring completed for 698a51a
[spm]: ProfilerData event received.
I/flutter (15179): [SPM:perf] 698a51a  buildSpan: 1921µs
I/flutter (15179): [spm] Performance monitoring completed for 698a51a
[spm]: ProfilerData event received.
I/flutter (15179): [SPM:perf] 698a51a  buildSpan: 1860µs
I/flutter (15179): [spm] Performance monitoring completed for 698a51a
[spm]: ProfilerData event received.
I/flutter (15179): [SPM:perf] 698a51a  buildSpan: 1978µs
I/flutter (15179): [spm] Performance monitoring completed for 698a51a
[spm]: ProfilerData event received.
I/flutter (15179): [SPM:perf] 698a51a  buildSpan: 1863µs
I/flutter (15179): [spm] Performance monitoring completed for 698a51a
[spm]: ProfilerData event received.
I/flutter (15179): [SPM:perf] 698a51a  buildSpan: 1937µs
I/flutter (15179): [spm] Performance monitoring completed for 698a51a
[spm]: ProfilerData event received.
I/flutter (15179): [SPM:perf] 698a51a  buildSpan: 1870µs
I/flutter (15179): [spm] Performance monitoring completed for 698a51a
I/flutter (15179): [SPM:perf] 698a51a  buildSpan: 1921µs
I/flutter (15179): [spm] Performance monitoring completed for 698a51a
[spm]: ProfilerData event received.
[spm]: ProfilerData event received.
I/flutter (15179): [SPM:perf] 698a51a  buildSpan: 2083µs
I/flutter (15179): [spm] Performance monitoring completed for 698a51a
[spm]: ProfilerData event received.
I/flutter (15179): [SPM:perf] 698a51a  buildSpan: 1891µs
I/flutter (15179): [spm] Performance monitoring completed for 698a51a
[spm]: ProfilerData event received.
I/flutter (15179): [SPM:perf] 698a51a  buildSpan: 2017µs
I/flutter (15179): [spm] Performance monitoring completed for 698a51a
[spm]: ProfilerData event received.
I/flutter (15179): [SPM:perf] 698a51a  buildSpan: 1909µs
I/flutter (15179): [spm] Performance monitoring completed for 698a51a
[spm]: ProfilerData event received.
I/flutter (15179): [SPM:perf] 698a51a  buildSpan: 2024µs
I/flutter (15179): [spm] Performance monitoring completed for 698a51a
[spm]: ProfilerData event received.
I/flutter (15179): [SPM:perf] 698a51a  buildSpan: 1849µs
I/flutter (15179): [spm] Performance monitoring completed for 698a51a
I/flutter (15179): 01:10 +1: (tearDownAll)
I/flutter (15179): 01:11 +2: All tests passed!
All tests passed.
[spm]: Saved 30 profiler events to <ROOT>/dataset-new_samples/1414/redmi9t/raw/20260918-015038/rev_002_4f5d4e90/e9.jsonl
[spm]: Reverting injection...
2 issues found. (ran in 0.7s)
WARNING: Your Android app project: app located at: <ROOT>/android/app/build.gradle.kts
applies the Kotlin Gradle Plugin, which will cause build failures in future versions of Flutter. 
Please migrate your app to Built-in Kotlin using this guide: https://docs.flutter.dev/release/breaking-changes/migrate-to-built-in-kotlin/for-app-developers

VMServiceFlutterDriver: Connecting to Flutter application at http://127.0.0.1:41895/BehAXqdXOxQ=/
[spm]: Detected VM service URI: ws://127.0.0.1:41895/BehAXqdXOxQ=/ws
VMServiceFlutterDriver: Isolate found with number: 7027690409270195
VMServiceFlutterDriver: Isolate 7027690409270195 is runnable.
VMServiceFlutterDriver: Isolate is paused at start.
VMServiceFlutterDriver: Attempting to resume isolate
VMServiceFlutterDriver: Connected to Flutter application.
VMServiceFlutterDriver: request_data message is taking a long time to complete...