# sample_id=2408/rev_005_3edb0473 exec_index=2 ok=True perf_lines=30 vm_events=30 battery_pct=59 soc_temp_millic=37000 battery_temp_c=28.2 charging=False preflight_started=2026-09-19T02:27:25.479953+00:00 started=2026-09-19T02:27:28.282144+00:00 ts=2026-09-19T02:30:03.518154+00:00
[spm]: Running flutter analyze...
Resolving dependencies...
Downloading packages...
  _fe_analyzer_shared 100.0.0 (108.0.0 available)
  analyzer 13.0.0 (14.4.0 available)
  async 2.13.0 (2.13.1 available)
  clock 1.1.2 (1.1.3 available)
  cupertino_icons 1.0.8 (1.0.9 available)
  glob 2.1.3 (2.2.0 available)
  lints 6.0.0 (6.1.0 available)
  matcher 0.12.19 (0.12.20 available)
  material_color_utilities 0.13.0 (0.13.1 available)
  meta 1.18.0 (1.19.0 available)
  package_config 2.2.0 (3.0.0 available)
  platform 3.1.6 (3.2.0 available)
  process 5.0.5 (5.0.6 available)
  pub_semver 2.2.0 (2.2.1 available)
  source_span 1.10.1 (1.10.2 available)
  stack_trace 1.12.1 (1.12.2 available)
  test_api 0.7.11 (0.7.14 available)
  vector_math 2.2.0 (2.4.2 available)
  vm_service 15.0.2 (15.3.0 available)
  webdriver 3.1.0 (3.2.0 available)
  yaml 3.1.3 (3.1.4 available)
Got dependencies!
21 packages have newer versions incompatible with dependency constraints.
Try `flutter pub outdated` for more information.
Analyzing lib...                                                

   info • The part-of directive uses a library name. Try converting the directive to use the URI of the library • lib/dependencies.dart:46:1 • use_string_in_part_of_directives
   info • Constructors in '@immutable' classes should be declared as 'const'. Try adding 'const' to the constructor declaration • lib/dependencies.dart:1195:3 • prefer_const_constructors_in_immutables
   info • Constructors in '@immutable' classes should be declared as 'const'. Try adding 'const' to the constructor declaration • lib/dependencies.dart:1219:3 • prefer_const_constructors_in_immutables
   info • Constructors in '@immutable' classes should be declared as 'const'. Try adding 'const' to the constructor declaration • lib/dependencies.dart:1243:3 • prefer_const_constructors_in_immutables
   info • Constructors in '@immutable' classes should be declared as 'const'. Try adding 'const' to the constructor declaration • lib/dependencies.dart:1265:3 • prefer_const_constructors_in_immutables
   info • Constructors in '@immutable' classes should be declared as 'const'. Try adding 'const' to the constructor declaration • lib/dependencies.dart:1287:3 • prefer_const_constructors_in_immutables
   info • Library names are not necessary. Remove the library name • lib/generated_widget.dart:2:9 • unnecessary_library_name
   info • Constructors in '@immutable' classes should be declared as 'const'. Try adding 'const' to the constructor declaration • lib/generated_widget.dart:11:3 • prefer_const_constructors_in_immutables
warning • The value of the local variable 'analytics' isn't used. Try removing the variable or using it • lib/generated_widget.dart:30:11 • unused_local_variable
warning • The value of the local variable 'index' isn't used. Try removing the variable or using it • lib/generated_widget.dart:168:21 • unused_local_variable

[spm]: Injecting profiler code...
[spm]: Starting app...
Running Gradle task 'assembleProfile'...                        
Running Gradle task 'assembleProfile'...                           40.0s
✓ Built build/app/outputs/flutter-apk/app-profile.apk (26.8MB)
Installing build/app/outputs/flutter-apk/app-profile.apk...      1,293ms
W/Looper  ( 4615): PerfMonitor looperActivity : package=com.example.benchmark_container/.MainActivity time=406ms latency=393ms running=0ms  procState=-1  historyMsgCount=3 (msgIndex=1 wall=406ms seq=4 late=393ms h=android.app.ActivityThread$H w=159) (msgIndex=2 wall=406ms seq=4 late=393ms h=android.app.ActivityThread$H w=159) (msgIndex=3 wall=396ms seq=3 h=android.app.ActivityThread$H w=110)
W/Looper  ( 4615): PerfMonitor looperActivity : package=com.example.benchmark_container/.MainActivity time=1ms latency=801ms running=0ms  procState=-1  historyMsgCount=4 (msgIndex=1 wall=406ms seq=4 late=393ms h=android.app.ActivityThread$H w=159) (msgIndex=2 wall=406ms seq=4 late=393ms h=android.app.ActivityThread$H w=159) (msgIndex=3 wall=396ms seq=3 h=android.app.ActivityThread$H w=110) (msgIndex=4 wall=406ms seq=4 late=393ms h=android.app.ActivityThread$H w=159)
D/SurfaceView( 4615): UPDATE null, mIsCastMode = false
D/hw-ProcessState( 4615): Binder ioctl to enable oneway spam detection failed: Invalid argument
[spm]: Connected to Dart VM service.
I/flutter ( 4615): 00:00 +0: Performance Benchmark
E/hmark_containe( 4615): open libmigui.so failed! dlopen - dlopen failed: library "libmigui.so" not found
D/hmark_containe( 4615): MiuiProcessManagerServiceStub setSchedFifo
I/MiuiProcessManagerImpl( 4615): setSchedFifo pid:4615, mode:3
D/DecorView[]( 4615): onWindowFocusChanged hasWindowFocus true
D/ProfileInstaller( 4615): Installing profile for com.example.benchmark_container
D/DecorView[]( 4615): getWindowModeFromSystem  windowmode is 1
D/DecorView[]( 4615): updateDecorCaptionStatus displayWindowDecor is false
[spm]: ProfilerData event received.
I/flutter ( 4615): [SPM:perf] 698a51a  buildSpan: 4331µs
I/flutter ( 4615): [spm] Performance monitoring completed for 698a51a
[spm]: ProfilerData event received.
I/flutter ( 4615): [SPM:perf] 698a51a  buildSpan: 3900µs
I/flutter ( 4615): [spm] Performance monitoring completed for 698a51a
[spm]: ProfilerData event received.
I/flutter ( 4615): [SPM:perf] 698a51a  buildSpan: 3786µs
I/flutter ( 4615): [spm] Performance monitoring completed for 698a51a
[spm]: ProfilerData event received.
I/flutter ( 4615): [SPM:perf] 698a51a  buildSpan: 3697µs
I/flutter ( 4615): [spm] Performance monitoring completed for 698a51a
[spm]: ProfilerData event received.
I/flutter ( 4615): [SPM:perf] 698a51a  buildSpan: 3394µs
I/flutter ( 4615): [spm] Performance monitoring completed for 698a51a
[spm]: ProfilerData event received.
I/flutter ( 4615): [SPM:perf] 698a51a  buildSpan: 3874µs
I/flutter ( 4615): [spm] Performance monitoring completed for 698a51a
I/flutter ( 4615): [SPM:perf] 698a51a  buildSpan: 3761µs
I/flutter ( 4615): [spm] Performance monitoring completed for 698a51a
[spm]: ProfilerData event received.
[spm]: ProfilerData event received.
I/flutter ( 4615): [SPM:perf] 698a51a  buildSpan: 3700µs
I/flutter ( 4615): [spm] Performance monitoring completed for 698a51a
[spm]: ProfilerData event received.
I/flutter ( 4615): [SPM:perf] 698a51a  buildSpan: 3693µs
I/flutter ( 4615): [spm] Performance monitoring completed for 698a51a
[spm]: ProfilerData event received.
I/flutter ( 4615): [SPM:perf] 698a51a  buildSpan: 3759µs
I/flutter ( 4615): [spm] Performance monitoring completed for 698a51a
[spm]: ProfilerData event received.
I/flutter ( 4615): [SPM:perf] 698a51a  buildSpan: 3706µs
I/flutter ( 4615): [spm] Performance monitoring completed for 698a51a
[spm]: ProfilerData event received.
I/flutter ( 4615): [SPM:perf] 698a51a  buildSpan: 3856µs
I/flutter ( 4615): [spm] Performance monitoring completed for 698a51a
I/flutter ( 4615): [SPM:perf] 698a51a  buildSpan: 3842µs
I/flutter ( 4615): [spm] Performance monitoring completed for 698a51a
[spm]: ProfilerData event received.
[spm]: ProfilerData event received.
I/flutter ( 4615): [SPM:perf] 698a51a  buildSpan: 3751µs
I/flutter ( 4615): [spm] Performance monitoring completed for 698a51a
[spm]: ProfilerData event received.
I/flutter ( 4615): [SPM:perf] 698a51a  buildSpan: 3606µs
I/flutter ( 4615): [spm] Performance monitoring completed for 698a51a
[spm]: ProfilerData event received.
I/flutter ( 4615): [SPM:perf] 698a51a  buildSpan: 3734µs
I/flutter ( 4615): [spm] Performance monitoring completed for 698a51a
[spm]: ProfilerData event received.
I/flutter ( 4615): [SPM:perf] 698a51a  buildSpan: 3915µs
I/flutter ( 4615): [spm] Performance monitoring completed for 698a51a
[spm]: ProfilerData event received.
I/flutter ( 4615): [SPM:perf] 698a51a  buildSpan: 3617µs
I/flutter ( 4615): [spm] Performance monitoring completed for 698a51a
[spm]: ProfilerData event received.
I/flutter ( 4615): [SPM:perf] 698a51a  buildSpan: 3910µs
I/flutter ( 4615): [spm] Performance monitoring completed for 698a51a
[spm]: ProfilerData event received.
I/flutter ( 4615): [SPM:perf] 698a51a  buildSpan: 3666µs
I/flutter ( 4615): [spm] Performance monitoring completed for 698a51a
[spm]: ProfilerData event received.
I/flutter ( 4615): [SPM:perf] 698a51a  buildSpan: 4072µs
I/flutter ( 4615): [spm] Performance monitoring completed for 698a51a
[spm]: ProfilerData event received.
I/flutter ( 4615): [SPM:perf] 698a51a  buildSpan: 3955µs
I/flutter ( 4615): [spm] Performance monitoring completed for 698a51a
[spm]: ProfilerData event received.
I/flutter ( 4615): [SPM:perf] 698a51a  buildSpan: 3294µs
I/flutter ( 4615): [spm] Performance monitoring completed for 698a51a
I/flutter ( 4615): [SPM:perf] 698a51a  buildSpan: 3624µs
I/flutter ( 4615): [spm] Performance monitoring completed for 698a51a
[spm]: ProfilerData event received.
I/flutter ( 4615): [SPM:perf] 698a51a  buildSpan: 4003µs
[spm]: ProfilerData event received.
I/flutter ( 4615): [spm] Performance monitoring completed for 698a51a
[spm]: ProfilerData event received.
I/flutter ( 4615): [SPM:perf] 698a51a  buildSpan: 3367µs
I/flutter ( 4615): [spm] Performance monitoring completed for 698a51a
I/flutter ( 4615): [SPM:perf] 698a51a  buildSpan: 3714µs
I/flutter ( 4615): [spm] Performance monitoring completed for 698a51a
[spm]: ProfilerData event received.
[spm]: ProfilerData event received.
I/flutter ( 4615): [SPM:perf] 698a51a  buildSpan: 3797µs
I/flutter ( 4615): [spm] Performance monitoring completed for 698a51a
[spm]: ProfilerData event received.
I/flutter ( 4615): [SPM:perf] 698a51a  buildSpan: 3746µs
I/flutter ( 4615): [spm] Performance monitoring completed for 698a51a
[spm]: ProfilerData event received.
I/flutter ( 4615): [SPM:perf] 698a51a  buildSpan: 3555µs
I/flutter ( 4615): [spm] Performance monitoring completed for 698a51a
I/flutter ( 4615): 01:10 +1: (tearDownAll)
I/flutter ( 4615): 01:11 +2: All tests passed!
All tests passed.
[spm]: Saved 30 profiler events to <ROOT>/dataset-new_samples/2408/redmi9t/raw/20260918-171017/rev_005_3edb0473/e2.jsonl
[spm]: Reverting injection...
10 issues found. (ran in 1.6s)
WARNING: Your Android app project: app located at: <ROOT>/android/app/build.gradle.kts
applies the Kotlin Gradle Plugin, which will cause build failures in future versions of Flutter. 
Please migrate your app to Built-in Kotlin using this guide: https://docs.flutter.dev/release/breaking-changes/migrate-to-built-in-kotlin/for-app-developers

VMServiceFlutterDriver: Connecting to Flutter application at http://127.0.0.1:37469/_9bmXa6cEGw=/
[spm]: Detected VM service URI: ws://127.0.0.1:37469/_9bmXa6cEGw=/ws
VMServiceFlutterDriver: Isolate found with number: 8896535910922675
VMServiceFlutterDriver: Isolate 8896535910922675 is runnable.
VMServiceFlutterDriver: Isolate is paused at start.
VMServiceFlutterDriver: Attempting to resume isolate
VMServiceFlutterDriver: Connected to Flutter application.
VMServiceFlutterDriver: request_data message is taking a long time to complete...