# sample_id=3101/rev_001_74f12375 exec_index=4 ok=True perf_lines=30 vm_events=30 battery_pct=46 soc_temp_millic=42300 battery_temp_c=30.5 charging=False preflight_started=2026-09-14T19:26:04.231359+00:00 started=2026-09-14T19:26:06.777973+00:00 ts=2026-09-14T19:27:51.766964+00:00
[spm]: Running flutter analyze...

┌─────────────────────────────────────────────────────────┐
│ A new version of Flutter is available!                  │
│                                                         │
│ To update to the latest version, run "flutter upgrade". │
└─────────────────────────────────────────────────────────┘
Resolving dependencies...
Downloading packages...
  _fe_analyzer_shared 100.0.0 (108.0.0 available)
  analyzer 13.0.0 (14.4.0 available)
  async 2.13.0 (2.13.1 available)
  clock 1.1.2 (1.1.3 available)
  cupertino_icons 1.0.8 (1.0.9 available)
  glob 2.1.3 (2.2.0 available)
  lints 6.0.0 (6.1.0 available)
  matcher 0.12.19 (0.12.20 available)
  material_color_utilities 0.13.0 (0.13.1 available)
  meta 1.18.0 (1.19.0 available)
  package_config 2.2.0 (3.0.0 available)
  platform 3.1.6 (3.2.0 available)
  process 5.0.5 (5.0.6 available)
  pub_semver 2.2.0 (2.2.1 available)
  source_span 1.10.1 (1.10.2 available)
  stack_trace 1.12.1 (1.12.2 available)
  test_api 0.7.11 (0.7.14 available)
  vector_math 2.2.0 (2.4.2 available)
  vm_service 15.0.2 (15.3.0 available)
  webdriver 3.1.0 (3.2.0 available)
  yaml 3.1.3 (3.1.4 available)
Got dependencies!
21 packages have newer versions incompatible with dependency constraints.
Try `flutter pub outdated` for more information.
Analyzing lib...                                                

   info • The part-of directive uses a library name. Try converting the directive to use the URI of the library • lib/dependencies.dart:46:1 • use_string_in_part_of_directives
   info • Library names are not necessary. Remove the library name • lib/generated_widget.dart:2:9 • unnecessary_library_name
   info • Constructors in '@immutable' classes should be declared as 'const'. Try adding 'const' to the constructor declaration • lib/generated_widget.dart:11:3 • prefer_const_constructors_in_immutables

[spm]: Injecting profiler code...
[spm]: Starting app...
Running Gradle task 'assembleProfile'...                        
Running Gradle task 'assembleProfile'...                         1,870ms
✓ Built build/app/outputs/flutter-apk/app-profile.apk (26.8MB)
Installing build/app/outputs/flutter-apk/app-profile.apk...      1,191ms
W/Looper  (29543): PerfMonitor looperActivity : package=com.example.benchmark_container/.MainActivity time=494ms latency=378ms running=0ms  procState=-1  historyMsgCount=3 (msgIndex=1 wall=494ms seq=4 late=378ms h=android.app.ActivityThread$H w=159) (msgIndex=2 wall=494ms seq=4 late=378ms h=android.app.ActivityThread$H w=159) (msgIndex=3 wall=409ms seq=3 h=android.app.ActivityThread$H w=110)
W/Looper  (29543): PerfMonitor looperActivity : package=com.example.benchmark_container/.MainActivity time=0ms latency=874ms running=0ms  procState=-1  historyMsgCount=4 (msgIndex=1 wall=494ms seq=4 late=378ms h=android.app.ActivityThread$H w=159) (msgIndex=2 wall=494ms seq=4 late=378ms h=android.app.ActivityThread$H w=159) (msgIndex=3 wall=409ms seq=3 h=android.app.ActivityThread$H w=110) (msgIndex=4 wall=494ms seq=4 late=378ms h=android.app.ActivityThread$H w=159)
I/Choreographer(29543): Skipped 30 frames!  The application may be doing too much work on its main thread.
D/SurfaceView(29543): UPDATE null, mIsCastMode = false
D/hw-ProcessState(29543): Binder ioctl to enable oneway spam detection failed: Invalid argument
W/Looper  (29543): PerfMonitor longMsg : seq=8 plan=22:26:27.361 late=507ms wall=1780ms running=0ms h=android.view.Choreographer$FrameHandler c=android.view.Choreographer$FrameDisplayEventReceiver procState=-1
W/Looper  (29543): PerfMonitor doFrame : time=1780ms vsyncFrame=0 latency=507ms procState=-1 historyMsgCount=7 (msgIndex=1 wall=494ms seq=4 h=android.app.ActivityThread$H w=159) (msgIndex=2 wall=494ms seq=4 h=android.app.ActivityThread$H w=159) (msgIndex=3 wall=1780ms seq=8 late=507ms h=android.view.Choreographer$FrameHandler c=android.view.Choreographer$FrameDisplayEventReceiver) (msgIndex=4 wall=494ms seq=4 h=android.app.ActivityThread$H w=159)
I/Choreographer(29543): Skipped 100 frames!  The application may be doing too much work on its main thread.
D/SurfaceView(29543): UPDATE Surface(name=SurfaceView[com.example.benchmark_container/com.example.benchmark_container.MainActivity])/@0x739554a, mIsProjectionMode = false
W/Looper  (29543): PerfMonitor doFrame : time=3ms vsyncFrame=0 latency=1678ms procState=-1 historyMsgCount=4
[spm]: Connected to Dart VM service.
I/flutter (29543): 00:00 +0: Performance Benchmark
E/hmark_containe(29543): open libmigui.so failed! dlopen - dlopen failed: library "libmigui.so" not found
D/hmark_containe(29543): MiuiProcessManagerServiceStub setSchedFifo
I/MiuiProcessManagerImpl(29543): setSchedFifo pid:29543, mode:3
D/DecorView[](29543): onWindowFocusChanged hasWindowFocus true
D/DecorView[](29543): getWindowModeFromSystem  windowmode is 1
D/DecorView[](29543): updateDecorCaptionStatus displayWindowDecor is false
D/ProfileInstaller(29543): Installing profile for com.example.benchmark_container
[spm]: ProfilerData event received.
I/flutter (29543): [SPM:perf] 698a51a  buildSpan: 1496µs
I/flutter (29543): [spm] Performance monitoring completed for 698a51a
[spm]: ProfilerData event received.
I/flutter (29543): [SPM:perf] 698a51a  buildSpan: 1683µs
I/flutter (29543): [spm] Performance monitoring completed for 698a51a
[spm]: ProfilerData event received.
I/flutter (29543): [SPM:perf] 698a51a  buildSpan: 1535µs
I/flutter (29543): [spm] Performance monitoring completed for 698a51a
[spm]: ProfilerData event received.
I/flutter (29543): [SPM:perf] 698a51a  buildSpan: 1522µs
I/flutter (29543): [spm] Performance monitoring completed for 698a51a
[spm]: ProfilerData event received.
I/flutter (29543): [SPM:perf] 698a51a  buildSpan: 1270µs
I/flutter (29543): [spm] Performance monitoring completed for 698a51a
[spm]: ProfilerData event received.
I/flutter (29543): [SPM:perf] 698a51a  buildSpan: 786µs
I/flutter (29543): [spm] Performance monitoring completed for 698a51a
I/flutter (29543): [SPM:perf] 698a51a  buildSpan: 1878µs
I/flutter (29543): [spm] Performance monitoring completed for 698a51a
[spm]: ProfilerData event received.
I/flutter (29543): [SPM:perf] 698a51a  buildSpan: 1100µs
I/flutter (29543): [spm] Performance monitoring completed for 698a51a
[spm]: ProfilerData event received.
I/flutter (29543): [SPM:perf] 698a51a  buildSpan: 1023µs
I/flutter (29543): [spm] Performance monitoring completed for 698a51a
[spm]: ProfilerData event received.
[spm]: ProfilerData event received.
I/flutter (29543): [SPM:perf] 698a51a  buildSpan: 1144µs
I/flutter (29543): [spm] Performance monitoring completed for 698a51a
[spm]: ProfilerData event received.
I/flutter (29543): [SPM:perf] 698a51a  buildSpan: 1198µs
I/flutter (29543): [spm] Performance monitoring completed for 698a51a
I/flutter (29543): [SPM:perf] 698a51a  buildSpan: 911µs
I/flutter (29543): [spm] Performance monitoring completed for 698a51a
[spm]: ProfilerData event received.
I/flutter (29543): [SPM:perf] 698a51a  buildSpan: 1307µs
I/flutter (29543): [spm] Performance monitoring completed for 698a51a
[spm]: ProfilerData event received.
[spm]: ProfilerData event received.
I/flutter (29543): [SPM:perf] 698a51a  buildSpan: 1561µs
I/flutter (29543): [spm] Performance monitoring completed for 698a51a
[spm]: ProfilerData event received.
I/flutter (29543): [SPM:perf] 698a51a  buildSpan: 1539µs
I/flutter (29543): [spm] Performance monitoring completed for 698a51a
[spm]: ProfilerData event received.
I/flutter (29543): [SPM:perf] 698a51a  buildSpan: 1586µs
I/flutter (29543): [spm] Performance monitoring completed for 698a51a
[spm]: ProfilerData event received.
I/flutter (29543): [SPM:perf] 698a51a  buildSpan: 1525µs
I/flutter (29543): [spm] Performance monitoring completed for 698a51a
[spm]: ProfilerData event received.
I/flutter (29543): [SPM:perf] 698a51a  buildSpan: 1098µs
I/flutter (29543): [spm] Performance monitoring completed for 698a51a
[spm]: ProfilerData event received.
I/flutter (29543): [SPM:perf] 698a51a  buildSpan: 1568µs
I/flutter (29543): [spm] Performance monitoring completed for 698a51a
I/flutter (29543): [SPM:perf] 698a51a  buildSpan: 1507µs
[spm]: ProfilerData event received.
I/flutter (29543): [spm] Performance monitoring completed for 698a51a
[spm]: ProfilerData event received.
I/flutter (29543): [SPM:perf] 698a51a  buildSpan: 1556µs
I/flutter (29543): [spm] Performance monitoring completed for 698a51a
I/flutter (29543): [SPM:perf] 698a51a  buildSpan: 1322µs
I/flutter (29543): [spm] Performance monitoring completed for 698a51a
[spm]: ProfilerData event received.
[spm]: ProfilerData event received.
I/flutter (29543): [SPM:perf] 698a51a  buildSpan: 1115µs
I/flutter (29543): [spm] Performance monitoring completed for 698a51a
[spm]: ProfilerData event received.
I/flutter (29543): [SPM:perf] 698a51a  buildSpan: 1540µs
I/flutter (29543): [spm] Performance monitoring completed for 698a51a
[spm]: ProfilerData event received.
I/flutter (29543): [SPM:perf] 698a51a  buildSpan: 1565µs
I/flutter (29543): [spm] Performance monitoring completed for 698a51a
[spm]: ProfilerData event received.
I/flutter (29543): [SPM:perf] 698a51a  buildSpan: 1363µs
I/flutter (29543): [spm] Performance monitoring completed for 698a51a
I/flutter (29543): [SPM:perf] 698a51a  buildSpan: 896µs
I/flutter (29543): [spm] Performance monitoring completed for 698a51a
[spm]: ProfilerData event received.
[spm]: ProfilerData event received.
I/flutter (29543): [SPM:perf] 698a51a  buildSpan: 1055µs
I/flutter (29543): [spm] Performance monitoring completed for 698a51a
[spm]: ProfilerData event received.
I/flutter (29543): [SPM:perf] 698a51a  buildSpan: 862µs
I/flutter (29543): [spm] Performance monitoring completed for 698a51a
[spm]: ProfilerData event received.
I/flutter (29543): [SPM:perf] 698a51a  buildSpan: 1390µs
I/flutter (29543): [spm] Performance monitoring completed for 698a51a
I/flutter (29543): 01:10 +1: (tearDownAll)
I/flutter (29543): 01:11 +2: All tests passed!
All tests passed.
[spm]: Saved 30 profiler events to <ROOT>/dataset-new_samples/3101/redmi9t/raw/20260913-234735/rev_001_74f12375/e4.jsonl
[spm]: Reverting injection...
3 issues found. (ran in 0.5s)
WARNING: Your Android app project: app located at: <ROOT>/android/app/build.gradle.kts
applies the Kotlin Gradle Plugin, which will cause build failures in future versions of Flutter. 
Please migrate your app to Built-in Kotlin using this guide: https://docs.flutter.dev/release/breaking-changes/migrate-to-built-in-kotlin/for-app-developers

VMServiceFlutterDriver: Connecting to Flutter application at http://127.0.0.1:42821/mi3pvMzw3ww=/
[spm]: Detected VM service URI: ws://127.0.0.1:42821/mi3pvMzw3ww=/ws
VMServiceFlutterDriver: Isolate found with number: 322890943567463
VMServiceFlutterDriver: Isolate 322890943567463 is runnable.
VMServiceFlutterDriver: Isolate is paused at start.
VMServiceFlutterDriver: Attempting to resume isolate
VMServiceFlutterDriver: Connected to Flutter application.
VMServiceFlutterDriver: request_data message is taking a long time to complete...