# sample_id=30/base exec_index=13 ok=True perf_lines=30 vm_events=30 battery_pct=66 soc_temp_millic=45400 battery_temp_c=32.2 charging=False preflight_started=2026-08-11T05:47:39.830494+00:00 started=2026-08-11T05:47:42.159222+00:00 ts=2026-08-11T05:49:38.376138+00:00
[spm]: Running flutter analyze...
Analyzing lib...                                                

   info • The constant name 'V2TIM_ELEM_TYPE_TEXT' isn't a lowerCamelCase identifier. Try changing the name to follow the lowerCamelCase style • lib/dependencies.dart:6:3 • constant_identifier_names
   info • The constant name 'V2TIM_ELEM_TYPE_IMAGE' isn't a lowerCamelCase identifier. Try changing the name to follow the lowerCamelCase style • lib/dependencies.dart:7:3 • constant_identifier_names
   info • The constant name 'V2TIM_ELEM_TYPE_SOUND' isn't a lowerCamelCase identifier. Try changing the name to follow the lowerCamelCase style • lib/dependencies.dart:8:3 • constant_identifier_names
   info • The constant name 'V2TIM_ELEM_TYPE_VIDEO' isn't a lowerCamelCase identifier. Try changing the name to follow the lowerCamelCase style • lib/dependencies.dart:9:3 • constant_identifier_names
   info • The constant name 'V2TIM_ELEM_TYPE_GROUP_TIPS' isn't a lowerCamelCase identifier. Try changing the name to follow the lowerCamelCase style • lib/dependencies.dart:10:3 • constant_identifier_names
   info • The constant name 'V2TIM_GROUP_TIPS_TYPE_JOIN' isn't a lowerCamelCase identifier. Try changing the name to follow the lowerCamelCase style • lib/dependencies.dart:14:3 • constant_identifier_names
   info • The constant name 'V2TIM_GROUP_TIPS_TYPE_QUIT' isn't a lowerCamelCase identifier. Try changing the name to follow the lowerCamelCase style • lib/dependencies.dart:15:3 • constant_identifier_names
   info • The constant name 'V2TIM_GROUP_TIPS_TYPE_GROUP_INFO_CHANGE' isn't a lowerCamelCase identifier. Try changing the name to follow the lowerCamelCase style • lib/dependencies.dart:16:3 • constant_identifier_names
   info • The constant name 'V2TIM_GROUP_TIPS_TYPE_MEMBER_INFO_CHANGE' isn't a lowerCamelCase identifier. Try changing the name to follow the lowerCamelCase style • lib/dependencies.dart:17:3 • constant_identifier_names

[spm]: Injecting profiler code...
[spm]: Starting app...
Running Gradle task 'assembleProfile'...                        
Running Gradle task 'assembleProfile'...                           18.8s
✓ Built build/app/outputs/flutter-apk/app-profile.apk (61.8MB)
Installing build/app/outputs/flutter-apk/app-profile.apk...      1,971ms
I/flutter (28892): [IMPORTANT:flutter/shell/platform/android/android_context_gl_impeller.cc(104)] Using the Impeller rendering backend (OpenGLES).
D/MiuiMultiWindowUtils(28892): freeform resolution args raw data:{  "zizhan":{    "freeform_args": {      "inner":{        "vertical_portrait":{"aspect_ratio":0.626, "original_ratio":0.5643,"original_scale":0.74,"top_margin":0.168,"left_margin":0.484},        "horizontal_portrait":{"aspect_ratio":0.626, "original_ratio":0.5643,"original_scale":0.74,"top_margin":0.1222,"left_margin":0.59745},        "vertical_landscape":{"aspect_ratio":1.6, "original_ratio":1,"original_scale":0.604,"top_margin":0.2596,"left_margin":0.2624},        "horizontal_landscape":{"aspect_ratio":1.6, "original_ratio":1,"original_scale":0.604,"top_margin":0.213,"left_margin":0.3758}      },      "outer":{        "vertical_portrait":{"aspect_ratio":0.626, "original_ratio":1,"original_scale":0.74,"top_margin":0.0753,"left_margin":-1},        "horizontal_portrait":{"aspect_ratio":0.626, "original_ratio":1,"original_scale":0.5756,"top_margin":-1,"left_margin":0.0753},        "vertical_landscape":{"aspect_ratio":1.6, "original_ratio":0.6847,"original_scale":0.587,"top_margin":0.0753,"left_margin":-1},        "horizontal_landscape":{"aspect_ratio":1.6, "original_ratio":0.6847,"original_scale":0.587,"top_margin":-1,"left_margin":0.0753}}    },    "mini_freeform_args":{      "inner":{        "vertical_portrait":{"aspect_ratio":0.626, "original_ratio":0.147},        "horizontal_portrait":{"aspect_ratio":0.626, "original_ratio":0.147},        "vertical_landscape":{"aspect_ratio":1.6, "original_ratio":0.165},        "horizontal_landscape":{"aspect_ratio":1.6, "original_ratio":0.165}      },      "outer":{        "vertical_portrait":{"aspect_ratio":0.626, "original_ratio":0.26},        "horizontal_portrait":{"aspect_ratio":0.626, "original_ratio":0.26},        "vertical_landscape":{"aspect_ratio":1.6, "original_ratio":0.293},        "horizontal_landscape":{"aspect_ratio":1.6, "original_ratio":0.293}}    }  },  "wide_default":{    "freeform_args": {        "vertical_portrait":{"aspect_ratio":0.625, "original_ratio":0.5806,"original_scale":0.7574,"top_margin":0.125,"left_margin":0.392},        "horizontal_portrait":{"aspect_ratio":0.625, "original_ratio":0.5806,"original_scale":0.7574,"top_margin":-1,"left_margin":0.6415},        "vertical_landscape":{"aspect_ratio":1.6, "original_ratio":1,"original_scale":0.5153,"top_margin":0.125,"left_margin":0.206},        "horizontal_landscape":{"aspect_ratio":1.6, "original_ratio":1,"original_scale":0.5153,"top_margin":-1,"left_margin":0.456}    },    "mini_freeform_args":{        "vertical_portrait":{"aspect_ratio":0.5625, "original_ratio":0.144},        "horizontal_portrait":{"aspect_ratio":0.5625, "original_ratio":0.144},        "vertical_landscape":{"aspect_ratio":-1, "original_ratio":0.144},        "horizontal_landscape":{"aspect_ratio":-1, "original_ratio":0.144}    }  },  "narrow_default": {    "freeform_args": {        "vertical_portrait":{"aspect_ratio":0.5625, "original_ratio":1,"original_scale":0.7182,"top_margin":0.142,"left_margin":-1},        "horizontal_portrait":{"aspect_ratio":0.8, "original_ratio":1,"original_scale":0.7182,"top_margin":-1,"left_margin":0.05},        "vertical_landscape":{"aspect_ratio":1.6, "original_ratio":0.6545,"original_scale":0.4473,"top_margin":0.142,"left_margin":-1},        "horizontal_landscape":{"aspect_ratio":1.6, "original_ratio":0.6545,"original_scale":0.4473,"top_margin":-1,"left_margin":0.05}    },    "mini_freeform_args":{        "vertical_portrait":{"aspect_ratio":0.5625, "original_ratio":0.3},        "horizontal_portrait":{"aspect_ratio":0.5625, "original_ratio":0.3},        "vertical_landscape":{"aspect_ratio":1.7778, "original_ratio":0.3},        "horizontal_landscape":{"aspect_ratio":1.7778, "original_ratio":0.3}    }  },  "regular_default": {    "freeform_args": {      "vertical_portrait":{"aspect_ratio":0.625, "original_ratio":1,"original_scale":0.7,"top_margin":0.109,"left_margin":-1},      "horizontal_portrait":{"aspect_ratio":0.6667, "original_ratio":1,"original_scale":0.6102,"top_margin":-1,"left_margin":0.026},      "vertical_landscape":{"asp
E/MiuiMultiWindowUtils(28892): initFreeFormResolutionArgs failed, device is lime
D/IS_CTS_MODE(28892): true
D/MULTI_WINDOW_SWITCH_ENABLED(28892): false
D/IS_CTS_MODE(28892): true
D/MULTI_WINDOW_SWITCH_ENABLED(28892): false
D/IS_CTS_MODE(28892): true
D/MULTI_WINDOW_SWITCH_ENABLED(28892): false
D/DecorView[](28892): getWindowModeFromSystem  windowmode is 1
I/ForceDarkHelperStubImpl(28892): setViewRootImplForceDark: false for com.example.benchmark_container.MainActivity@6276a4e, reason: AppDarkModeEnable
I/ForceDarkHelperStubImpl(28892): setViewRootImplForceDark: false for com.example.benchmark_container.MainActivity@6276a4e, reason: AppDarkModeEnable
D/DecorView[](28892): getWindowModeFromSystem  windowmode is 1
D/DecorView[](28892): updateDecorCaptionStatus displayWindowDecor is false
W/Looper  (28892): PerfMonitor looperActivity : package=com.example.benchmark_container/.MainActivity time=500ms latency=480ms running=0ms  procState=-1  historyMsgCount=3 (msgIndex=3 wall=467ms seq=3 h=android.app.ActivityThread$H w=110)
W/Looper  (28892): PerfMonitor looperActivity : package=com.example.benchmark_container/.MainActivity time=1ms latency=902ms running=0ms  procState=-1  historyMsgCount=3 (msgIndex=2 wall=467ms seq=3 h=android.app.ActivityThread$H w=110) (msgIndex=3 wall=500ms seq=4 late=480ms h=android.app.ActivityThread$H w=159)
I/Choreographer(28892): Skipped 31 frames!  The application may be doing too much work on its main thread.
D/SurfaceView(28892): UPDATE null, mIsCastMode = false
D/hw-ProcessState(28892): Binder ioctl to enable oneway spam detection failed: Invalid argument
W/Looper  (28892): PerfMonitor longMsg : seq=8 plan=08:48:15.910 late=523ms wall=1724ms running=0ms h=android.view.Choreographer$FrameHandler c=android.view.Choreographer$FrameDisplayEventReceiver procState=-1
W/Looper  (28892): PerfMonitor doFrame : time=1724ms vsyncFrame=0 latency=523ms procState=-1 historyMsgCount=7 (msgIndex=3 wall=1724ms seq=8 late=523ms h=android.view.Choreographer$FrameHandler c=android.view.Choreographer$FrameDisplayEventReceiver) (msgIndex=4 wall=500ms seq=4 h=android.app.ActivityThread$H w=159)
I/Choreographer(28892): Skipped 98 frames!  The application may be doing too much work on its main thread.
D/SurfaceView(28892): UPDATE Surface(name=SurfaceView[com.example.benchmark_container/com.example.benchmark_container.MainActivity])/@0x3ee5544, mIsProjectionMode = false
W/Looper  (28892): PerfMonitor doFrame : time=3ms vsyncFrame=0 latency=1636ms procState=-1 historyMsgCount=5
[spm]: Connected to Dart VM service.
I/flutter (28892): 00:00 +0: Performance Benchmark
E/hmark_containe(28892): open libmigui.so failed! dlopen - dlopen failed: library "libmigui.so" not found
D/hmark_containe(28892): MiuiProcessManagerServiceStub setSchedFifo
I/MiuiProcessManagerImpl(28892): setSchedFifo pid:28892, mode:3
D/DecorView[](28892): onWindowFocusChanged hasWindowFocus true
D/DecorView[](28892): getWindowModeFromSystem  windowmode is 1
D/DecorView[](28892): updateDecorCaptionStatus displayWindowDecor is false
D/ProfileInstaller(28892): Installing profile for com.example.benchmark_container
I/flutter (28892): setState 698a51a
[spm]: ProfilerData event received.
I/flutter (28892): [SPM:perf] 698a51a  buildSpan: 412µs
I/flutter (28892): [spm] Performance monitoring completed for 698a51a
I/flutter (28892): setState 698a51a
[spm]: ProfilerData event received.
I/flutter (28892): [SPM:perf] 698a51a  buildSpan: 432µs
I/flutter (28892): [spm] Performance monitoring completed for 698a51a
I/flutter (28892): setState 698a51a
[spm]: ProfilerData event received.
I/flutter (28892): [SPM:perf] 698a51a  buildSpan: 420µs
I/flutter (28892): [spm] Performance monitoring completed for 698a51a
I/flutter (28892): setState 698a51a
[spm]: ProfilerData event received.
I/flutter (28892): [SPM:perf] 698a51a  buildSpan: 427µs
I/flutter (28892): [spm] Performance monitoring completed for 698a51a
I/flutter (28892): setState 698a51a
I/flutter (28892): [SPM:perf] 698a51a  buildSpan: 352µs
[spm]: ProfilerData event received.
I/flutter (28892): [spm] Performance monitoring completed for 698a51a
I/flutter (28892): setState 698a51a
I/flutter (28892): [SPM:perf] 698a51a  buildSpan: 379µs
[spm]: ProfilerData event received.
I/flutter (28892): [spm] Performance monitoring completed for 698a51a
I/flutter (28892): setState 698a51a
[spm]: ProfilerData event received.
I/flutter (28892): [SPM:perf] 698a51a  buildSpan: 349µs
I/flutter (28892): [spm] Performance monitoring completed for 698a51a
I/flutter (28892): setState 698a51a
I/flutter (28892): [SPM:perf] 698a51a  buildSpan: 326µs
I/flutter (28892): [spm] Performance monitoring completed for 698a51a
[spm]: ProfilerData event received.
I/flutter (28892): setState 698a51a
[spm]: ProfilerData event received.
I/flutter (28892): [SPM:perf] 698a51a  buildSpan: 364µs
I/flutter (28892): [spm] Performance monitoring completed for 698a51a
I/flutter (28892): setState 698a51a
[spm]: ProfilerData event received.
I/flutter (28892): [SPM:perf] 698a51a  buildSpan: 394µs
I/flutter (28892): [spm] Performance monitoring completed for 698a51a
I/flutter (28892): setState 698a51a
[spm]: ProfilerData event received.
I/flutter (28892): [SPM:perf] 698a51a  buildSpan: 361µs
I/flutter (28892): [spm] Performance monitoring completed for 698a51a
I/flutter (28892): setState 698a51a
[spm]: ProfilerData event received.
I/flutter (28892): [SPM:perf] 698a51a  buildSpan: 462µs
I/flutter (28892): [spm] Performance monitoring completed for 698a51a
I/flutter (28892): setState 698a51a
[spm]: ProfilerData event received.
I/flutter (28892): [SPM:perf] 698a51a  buildSpan: 403µs
I/flutter (28892): [spm] Performance monitoring completed for 698a51a
I/flutter (28892): setState 698a51a
[spm]: ProfilerData event received.
I/flutter (28892): [SPM:perf] 698a51a  buildSpan: 446µs
I/flutter (28892): [spm] Performance monitoring completed for 698a51a
I/flutter (28892): setState 698a51a
I/flutter (28892): [SPM:perf] 698a51a  buildSpan: 415µs
[spm]: ProfilerData event received.
I/flutter (28892): [spm] Performance monitoring completed for 698a51a
I/flutter (28892): setState 698a51a
I/flutter (28892): [SPM:perf] 698a51a  buildSpan: 312µs
[spm]: ProfilerData event received.
I/flutter (28892): [spm] Performance monitoring completed for 698a51a
I/flutter (28892): setState 698a51a
[spm]: ProfilerData event received.
I/flutter (28892): [SPM:perf] 698a51a  buildSpan: 379µs
I/flutter (28892): [spm] Performance monitoring completed for 698a51a
I/flutter (28892): setState 698a51a
I/flutter (28892): [SPM:perf] 698a51a  buildSpan: 342µs
[spm]: ProfilerData event received.
I/flutter (28892): [spm] Performance monitoring completed for 698a51a
I/flutter (28892): setState 698a51a
[spm]: ProfilerData event received.
I/flutter (28892): [SPM:perf] 698a51a  buildSpan: 332µs
I/flutter (28892): [spm] Performance monitoring completed for 698a51a
I/flutter (28892): setState 698a51a
[spm]: ProfilerData event received.
I/flutter (28892): [SPM:perf] 698a51a  buildSpan: 484µs
I/flutter (28892): [spm] Performance monitoring completed for 698a51a
I/flutter (28892): setState 698a51a
[spm]: ProfilerData event received.
I/flutter (28892): [SPM:perf] 698a51a  buildSpan: 318µs
I/flutter (28892): [spm] Performance monitoring completed for 698a51a
I/flutter (28892): setState 698a51a
[spm]: ProfilerData event received.
I/flutter (28892): [SPM:perf] 698a51a  buildSpan: 373µs
I/flutter (28892): [spm] Performance monitoring completed for 698a51a
I/flutter (28892): setState 698a51a
[spm]: ProfilerData event received.
I/flutter (28892): [SPM:perf] 698a51a  buildSpan: 436µs
I/flutter (28892): [spm] Performance monitoring completed for 698a51a
I/flutter (28892): setState 698a51a
[spm]: ProfilerData event received.
I/flutter (28892): [SPM:perf] 698a51a  buildSpan: 320µs
I/flutter (28892): [spm] Performance monitoring completed for 698a51a
I/flutter (28892): setState 698a51a
[spm]: ProfilerData event received.
I/flutter (28892): [SPM:perf] 698a51a  buildSpan: 357µs
I/flutter (28892): [spm] Performance monitoring completed for 698a51a
I/flutter (28892): setState 698a51a
[spm]: ProfilerData event received.
I/flutter (28892): [SPM:perf] 698a51a  buildSpan: 341µs
I/flutter (28892): [spm] Performance monitoring completed for 698a51a
I/flutter (28892): setState 698a51a
[spm]: ProfilerData event received.
I/flutter (28892): [SPM:perf] 698a51a  buildSpan: 349µs
I/flutter (28892): [spm] Performance monitoring completed for 698a51a
I/flutter (28892): setState 698a51a
[spm]: ProfilerData event received.
I/flutter (28892): [SPM:perf] 698a51a  buildSpan: 363µs
I/flutter (28892): [spm] Performance monitoring completed for 698a51a
I/flutter (28892): setState 698a51a
[spm]: ProfilerData event received.
I/flutter (28892): [SPM:perf] 698a51a  buildSpan: 489µs
I/flutter (28892): [spm] Performance monitoring completed for 698a51a
I/flutter (28892): setState 698a51a
[spm]: ProfilerData event received.
I/flutter (28892): [SPM:perf] 698a51a  buildSpan: 311µs
I/flutter (28892): [spm] Performance monitoring completed for 698a51a
I/flutter (28892): 01:10 +1: (tearDownAll)
I/flutter (28892): 01:11 +2: All tests passed!
All tests passed.
[spm]: Saved 30 profiler events to <ROOT>/dataset/30/redmi9t/raw/20260811-053240/base/e13.jsonl
[spm]: Reverting injection...
9 issues found. (ran in 0.5s)
WARNING: Your Android app project: app located at: <ROOT>/android/app/build.gradle.kts
applies the Kotlin Gradle Plugin, which will cause build failures in future versions of Flutter. 
Please migrate your app to Built-in Kotlin using this guide: https://docs.flutter.dev/release/breaking-changes/migrate-to-built-in-kotlin/for-app-developers

VMServiceFlutterDriver: Connecting to Flutter application at http://127.0.0.1:46227/8Sg68n1civQ=/
[spm]: Detected VM service URI: ws://127.0.0.1:46227/8Sg68n1civQ=/ws
VMServiceFlutterDriver: Isolate found with number: 7805902712780675
VMServiceFlutterDriver: Isolate 7805902712780675 is runnable.
VMServiceFlutterDriver: Isolate is paused at start.
VMServiceFlutterDriver: Attempting to resume isolate
VMServiceFlutterDriver: Connected to Flutter application.