# sample_id=0344/rev_001_ff230faf exec_index=11 ok=True perf_lines=30 vm_events=30 battery_pct=57 soc_temp_millic=42900 battery_temp_c=31.2 charging=False preflight_started=2026-09-09T19:34:17.489476+00:00 started=2026-09-09T19:34:19.859382+00:00 ts=2026-09-09T19:36:31.018096+00:00
[spm]: Running flutter analyze...
Analyzing lib...                                                

   info • Constructors in '@immutable' classes should be declared as 'const'. Try adding 'const' to the constructor declaration • lib/generated_widget.dart:6:3 • prefer_const_constructors_in_immutables

[spm]: Injecting profiler code...
[spm]: Starting app...
Running Gradle task 'assembleProfile'...                        
Running Gradle task 'assembleProfile'...                           27.3s
✓ Built build/app/outputs/flutter-apk/app-profile.apk (26.8MB)
Installing build/app/outputs/flutter-apk/app-profile.apk...      1,001ms
D/DecorView[]( 1372): getWindowModeFromSystem  windowmode is 1
I/ForceDarkHelperStubImpl( 1372): setViewRootImplForceDark: false for com.example.benchmark_container.MainActivity@e6f428d, reason: AppDarkModeEnable
I/ForceDarkHelperStubImpl( 1372): setViewRootImplForceDark: false for com.example.benchmark_container.MainActivity@e6f428d, reason: AppDarkModeEnable
D/DecorView[]( 1372): getWindowModeFromSystem  windowmode is 1
D/DecorView[]( 1372): updateDecorCaptionStatus displayWindowDecor is false
W/Looper  ( 1372): PerfMonitor looperActivity : package=com.example.benchmark_container/.MainActivity time=382ms latency=385ms running=0ms  procState=-1  historyMsgCount=2 (msgIndex=1 wall=382ms seq=4 late=385ms h=android.app.ActivityThread$H w=159) (msgIndex=2 wall=393ms seq=3 h=android.app.ActivityThread$H w=110)
W/Looper  ( 1372): PerfMonitor looperActivity : package=com.example.benchmark_container/.MainActivity time=0ms latency=769ms running=0ms  procState=-1  historyMsgCount=4 (msgIndex=2 wall=382ms seq=4 h=android.app.ActivityThread$H w=159) (msgIndex=3 wall=393ms seq=3 h=android.app.ActivityThread$H w=110) (msgIndex=4 wall=382ms seq=4 h=android.app.ActivityThread$H w=159)
D/SurfaceView( 1372): UPDATE null, mIsCastMode = false
D/hw-ProcessState( 1372): Binder ioctl to enable oneway spam detection failed: Invalid argument
W/Looper  ( 1372): PerfMonitor longMsg : seq=8 plan=22:35:05.893 late=380ms wall=1681ms running=0ms h=android.view.Choreographer$FrameHandler c=android.view.Choreographer$FrameDisplayEventReceiver procState=-1
W/Looper  ( 1372): PerfMonitor doFrame : time=1681ms vsyncFrame=0 latency=380ms procState=-1 historyMsgCount=4 (msgIndex=1 wall=1681ms seq=8 late=380ms h=android.view.Choreographer$FrameHandler c=android.view.Choreographer$FrameDisplayEventReceiver)
I/Choreographer( 1372): Skipped 95 frames!  The application may be doing too much work on its main thread.
D/SurfaceView( 1372): UPDATE Surface(name=SurfaceView[com.example.benchmark_container/com.example.benchmark_container.MainActivity])/@0xca20cbb, mIsProjectionMode = false
W/Looper  ( 1372): PerfMonitor doFrame : time=3ms vsyncFrame=0 latency=1583ms procState=-1 historyMsgCount=4
[spm]: Connected to Dart VM service.
I/flutter ( 1372): 00:00 +0: Performance Benchmark
E/hmark_containe( 1372): open libmigui.so failed! dlopen - dlopen failed: library "libmigui.so" not found
D/hmark_containe( 1372): MiuiProcessManagerServiceStub setSchedFifo
I/MiuiProcessManagerImpl( 1372): setSchedFifo pid:1372, mode:3
D/DecorView[]( 1372): onWindowFocusChanged hasWindowFocus true
D/DecorView[]( 1372): getWindowModeFromSystem  windowmode is 1
D/DecorView[]( 1372): updateDecorCaptionStatus displayWindowDecor is false
D/ProfileInstaller( 1372): Installing profile for com.example.benchmark_container
[spm]: ProfilerData event received.
I/flutter ( 1372): [SPM:perf] 698a51a  buildSpan: 372µs
I/flutter ( 1372): [spm] Performance monitoring completed for 698a51a
I/flutter ( 1372): [SPM:perf] 698a51a  buildSpan: 412µs
I/flutter ( 1372): [spm] Performance monitoring completed for 698a51a
[spm]: ProfilerData event received.
[spm]: ProfilerData event received.
I/flutter ( 1372): [SPM:perf] 698a51a  buildSpan: 382µs
I/flutter ( 1372): [spm] Performance monitoring completed for 698a51a
[spm]: ProfilerData event received.
I/flutter ( 1372): [SPM:perf] 698a51a  buildSpan: 361µs
I/flutter ( 1372): [spm] Performance monitoring completed for 698a51a
[spm]: ProfilerData event received.
I/flutter ( 1372): [SPM:perf] 698a51a  buildSpan: 396µs
I/flutter ( 1372): [spm] Performance monitoring completed for 698a51a
[spm]: ProfilerData event received.
I/flutter ( 1372): [SPM:perf] 698a51a  buildSpan: 403µs
I/flutter ( 1372): [spm] Performance monitoring completed for 698a51a
[spm]: ProfilerData event received.
I/flutter ( 1372): [SPM:perf] 698a51a  buildSpan: 483µs
I/flutter ( 1372): [spm] Performance monitoring completed for 698a51a
I/flutter ( 1372): [SPM:perf] 698a51a  buildSpan: 347µs
I/flutter ( 1372): [spm] Performance monitoring completed for 698a51a
[spm]: ProfilerData event received.
[spm]: ProfilerData event received.
I/flutter ( 1372): [SPM:perf] 698a51a  buildSpan: 367µs
I/flutter ( 1372): [spm] Performance monitoring completed for 698a51a
I/flutter ( 1372): [SPM:perf] 698a51a  buildSpan: 401µs
I/flutter ( 1372): [spm] Performance monitoring completed for 698a51a
[spm]: ProfilerData event received.
I/flutter ( 1372): [SPM:perf] 698a51a  buildSpan: 391µs
I/flutter ( 1372): [spm] Performance monitoring completed for 698a51a
[spm]: ProfilerData event received.
[spm]: ProfilerData event received.
I/flutter ( 1372): [SPM:perf] 698a51a  buildSpan: 485µs
I/flutter ( 1372): [spm] Performance monitoring completed for 698a51a
[spm]: ProfilerData event received.
I/flutter ( 1372): [SPM:perf] 698a51a  buildSpan: 369µs
I/flutter ( 1372): [spm] Performance monitoring completed for 698a51a
[spm]: ProfilerData event received.
I/flutter ( 1372): [SPM:perf] 698a51a  buildSpan: 398µs
I/flutter ( 1372): [spm] Performance monitoring completed for 698a51a
[spm]: ProfilerData event received.
I/flutter ( 1372): [SPM:perf] 698a51a  buildSpan: 412µs
I/flutter ( 1372): [spm] Performance monitoring completed for 698a51a
[spm]: ProfilerData event received.
I/flutter ( 1372): [SPM:perf] 698a51a  buildSpan: 394µs
I/flutter ( 1372): [spm] Performance monitoring completed for 698a51a
I/flutter ( 1372): [SPM:perf] 698a51a  buildSpan: 439µs
I/flutter ( 1372): [spm] Performance monitoring completed for 698a51a
[spm]: ProfilerData event received.
[spm]: ProfilerData event received.
I/flutter ( 1372): [SPM:perf] 698a51a  buildSpan: 346µs
I/flutter ( 1372): [spm] Performance monitoring completed for 698a51a
[spm]: ProfilerData event received.
I/flutter ( 1372): [SPM:perf] 698a51a  buildSpan: 382µs
I/flutter ( 1372): [spm] Performance monitoring completed for 698a51a
[spm]: ProfilerData event received.
I/flutter ( 1372): [SPM:perf] 698a51a  buildSpan: 365µs
I/flutter ( 1372): [spm] Performance monitoring completed for 698a51a
[spm]: ProfilerData event received.
I/flutter ( 1372): [SPM:perf] 698a51a  buildSpan: 356µs
I/flutter ( 1372): [spm] Performance monitoring completed for 698a51a
[spm]: ProfilerData event received.
I/flutter ( 1372): [SPM:perf] 698a51a  buildSpan: 386µs
I/flutter ( 1372): [spm] Performance monitoring completed for 698a51a
[spm]: ProfilerData event received.
I/flutter ( 1372): [SPM:perf] 698a51a  buildSpan: 420µs
I/flutter ( 1372): [spm] Performance monitoring completed for 698a51a
[spm]: ProfilerData event received.
I/flutter ( 1372): [SPM:perf] 698a51a  buildSpan: 479µs
I/flutter ( 1372): [spm] Performance monitoring completed for 698a51a
[spm]: ProfilerData event received.
I/flutter ( 1372): [SPM:perf] 698a51a  buildSpan: 488µs
I/flutter ( 1372): [spm] Performance monitoring completed for 698a51a
[spm]: ProfilerData event received.
I/flutter ( 1372): [SPM:perf] 698a51a  buildSpan: 463µs
I/flutter ( 1372): [spm] Performance monitoring completed for 698a51a
[spm]: ProfilerData event received.
I/flutter ( 1372): [SPM:perf] 698a51a  buildSpan: 336µs
I/flutter ( 1372): [spm] Performance monitoring completed for 698a51a
[spm]: ProfilerData event received.
I/flutter ( 1372): [SPM:perf] 698a51a  buildSpan: 382µs
I/flutter ( 1372): [spm] Performance monitoring completed for 698a51a
I/flutter ( 1372): [SPM:perf] 698a51a  buildSpan: 397µs
I/flutter ( 1372): [spm] Performance monitoring completed for 698a51a
[spm]: ProfilerData event received.
[spm]: ProfilerData event received.
I/flutter ( 1372): [SPM:perf] 698a51a  buildSpan: 429µs
I/flutter ( 1372): [spm] Performance monitoring completed for 698a51a
I/flutter ( 1372): 01:10 +1: (tearDownAll)
I/flutter ( 1372): 01:11 +2: All tests passed!
All tests passed.
[spm]: Saved 30 profiler events to <ROOT>/dataset-new_samples/0344/redmi9t/raw/20260909-194357/rev_001_ff230faf/e11.jsonl
[spm]: Reverting injection...
1 issue found. (ran in 0.7s)
WARNING: Your Android app project: app located at: <ROOT>/android/app/build.gradle.kts
applies the Kotlin Gradle Plugin, which will cause build failures in future versions of Flutter. 
Please migrate your app to Built-in Kotlin using this guide: https://docs.flutter.dev/release/breaking-changes/migrate-to-built-in-kotlin/for-app-developers

VMServiceFlutterDriver: Connecting to Flutter application at http://127.0.0.1:41619/uCARC8tuRFc=/
[spm]: Detected VM service URI: ws://127.0.0.1:41619/uCARC8tuRFc=/ws
VMServiceFlutterDriver: Isolate found with number: 4160697579000711
VMServiceFlutterDriver: Isolate 4160697579000711 is runnable.
VMServiceFlutterDriver: Isolate is paused at start.
VMServiceFlutterDriver: Attempting to resume isolate
VMServiceFlutterDriver: Connected to Flutter application.
VMServiceFlutterDriver: request_data message is taking a long time to complete...