# sample_id=0344/rev_001_ff230faf exec_index=14 ok=True perf_lines=30 vm_events=30 battery_pct=55 soc_temp_millic=44200 battery_temp_c=31.0 charging=False preflight_started=2026-09-09T19:50:54.654233+00:00 started=2026-09-09T19:50:57.016834+00:00 ts=2026-09-09T19:52:45.700807+00:00
[spm]: Running flutter analyze...
Analyzing lib...                                                

   info • Constructors in '@immutable' classes should be declared as 'const'. Try adding 'const' to the constructor declaration • lib/generated_widget.dart:6:3 • prefer_const_constructors_in_immutables

[spm]: Injecting profiler code...
[spm]: Starting app...
Running Gradle task 'assembleProfile'...                        
Running Gradle task 'assembleProfile'...                         2,445ms
✓ Built build/app/outputs/flutter-apk/app-profile.apk (26.8MB)
Installing build/app/outputs/flutter-apk/app-profile.apk...        962ms
D/DecorView[](20096): getWindowModeFromSystem  windowmode is 1
I/ForceDarkHelperStubImpl(20096): setViewRootImplForceDark: false for com.example.benchmark_container.MainActivity@e6f428d, reason: AppDarkModeEnable
I/ForceDarkHelperStubImpl(20096): setViewRootImplForceDark: false for com.example.benchmark_container.MainActivity@e6f428d, reason: AppDarkModeEnable
D/DecorView[](20096): getWindowModeFromSystem  windowmode is 1
D/DecorView[](20096): updateDecorCaptionStatus displayWindowDecor is false
W/Looper  (20096): PerfMonitor looperActivity : package=com.example.benchmark_container/.MainActivity time=366ms latency=396ms running=0ms  procState=-1  historyMsgCount=3 (msgIndex=3 wall=389ms seq=3 h=android.app.ActivityThread$H w=110)
W/Looper  (20096): PerfMonitor looperActivity : package=com.example.benchmark_container/.MainActivity time=0ms latency=764ms running=0ms  procState=-1  historyMsgCount=4 (msgIndex=3 wall=389ms seq=3 h=android.app.ActivityThread$H w=110) (msgIndex=4 wall=366ms seq=4 h=android.app.ActivityThread$H w=159)
D/SurfaceView(20096): UPDATE null, mIsCastMode = false
D/hw-ProcessState(20096): Binder ioctl to enable oneway spam detection failed: Invalid argument
W/Looper  (20096): PerfMonitor longMsg : seq=8 plan=22:51:21.051 late=369ms wall=1683ms running=0ms h=android.view.Choreographer$FrameHandler c=android.view.Choreographer$FrameDisplayEventReceiver procState=-1
W/Looper  (20096): PerfMonitor doFrame : time=1683ms vsyncFrame=0 latency=369ms procState=-1 historyMsgCount=4 (msgIndex=1 wall=1683ms seq=8 late=369ms h=android.view.Choreographer$FrameHandler c=android.view.Choreographer$FrameDisplayEventReceiver)
I/Choreographer(20096): Skipped 95 frames!  The application may be doing too much work on its main thread.
D/SurfaceView(20096): UPDATE Surface(name=SurfaceView[com.example.benchmark_container/com.example.benchmark_container.MainActivity])/@0xca20cbb, mIsProjectionMode = false
W/Looper  (20096): PerfMonitor doFrame : time=2ms vsyncFrame=0 latency=1593ms procState=-1 historyMsgCount=4
[spm]: Connected to Dart VM service.
I/flutter (20096): 00:00 +0: Performance Benchmark
E/hmark_containe(20096): open libmigui.so failed! dlopen - dlopen failed: library "libmigui.so" not found
D/hmark_containe(20096): MiuiProcessManagerServiceStub setSchedFifo
I/MiuiProcessManagerImpl(20096): setSchedFifo pid:20096, mode:3
D/DecorView[](20096): onWindowFocusChanged hasWindowFocus true
D/DecorView[](20096): getWindowModeFromSystem  windowmode is 1
D/DecorView[](20096): updateDecorCaptionStatus displayWindowDecor is false
D/ProfileInstaller(20096): Installing profile for com.example.benchmark_container
[spm]: ProfilerData event received.
I/flutter (20096): [SPM:perf] 698a51a  buildSpan: 432µs
I/flutter (20096): [spm] Performance monitoring completed for 698a51a
[spm]: ProfilerData event received.
I/flutter (20096): [SPM:perf] 698a51a  buildSpan: 425µs
I/flutter (20096): [spm] Performance monitoring completed for 698a51a
[spm]: ProfilerData event received.
I/flutter (20096): [SPM:perf] 698a51a  buildSpan: 415µs
I/flutter (20096): [spm] Performance monitoring completed for 698a51a
[spm]: ProfilerData event received.
I/flutter (20096): [SPM:perf] 698a51a  buildSpan: 378µs
I/flutter (20096): [spm] Performance monitoring completed for 698a51a
[spm]: ProfilerData event received.
I/flutter (20096): [SPM:perf] 698a51a  buildSpan: 374µs
I/flutter (20096): [spm] Performance monitoring completed for 698a51a
[spm]: ProfilerData event received.
I/flutter (20096): [SPM:perf] 698a51a  buildSpan: 398µs
I/flutter (20096): [spm] Performance monitoring completed for 698a51a
[spm]: ProfilerData event received.
I/flutter (20096): [SPM:perf] 698a51a  buildSpan: 415µs
I/flutter (20096): [spm] Performance monitoring completed for 698a51a
[spm]: ProfilerData event received.
I/flutter (20096): [SPM:perf] 698a51a  buildSpan: 388µs
I/flutter (20096): [spm] Performance monitoring completed for 698a51a
I/flutter (20096): [SPM:perf] 698a51a  buildSpan: 386µs
I/flutter (20096): [spm] Performance monitoring completed for 698a51a
[spm]: ProfilerData event received.
[spm]: ProfilerData event received.
I/flutter (20096): [SPM:perf] 698a51a  buildSpan: 396µs
I/flutter (20096): [spm] Performance monitoring completed for 698a51a
[spm]: ProfilerData event received.
I/flutter (20096): [SPM:perf] 698a51a  buildSpan: 387µs
I/flutter (20096): [spm] Performance monitoring completed for 698a51a
[spm]: ProfilerData event received.
I/flutter (20096): [SPM:perf] 698a51a  buildSpan: 369µs
I/flutter (20096): [spm] Performance monitoring completed for 698a51a
[spm]: ProfilerData event received.
I/flutter (20096): [SPM:perf] 698a51a  buildSpan: 349µs
I/flutter (20096): [spm] Performance monitoring completed for 698a51a
[spm]: ProfilerData event received.
I/flutter (20096): [SPM:perf] 698a51a  buildSpan: 401µs
I/flutter (20096): [spm] Performance monitoring completed for 698a51a
[spm]: ProfilerData event received.
I/flutter (20096): [SPM:perf] 698a51a  buildSpan: 365µs
I/flutter (20096): [spm] Performance monitoring completed for 698a51a
[spm]: ProfilerData event received.
I/flutter (20096): [SPM:perf] 698a51a  buildSpan: 388µs
I/flutter (20096): [spm] Performance monitoring completed for 698a51a
I/flutter (20096): [SPM:perf] 698a51a  buildSpan: 290µs
[spm]: ProfilerData event received.
I/flutter (20096): [spm] Performance monitoring completed for 698a51a
I/flutter (20096): [SPM:perf] 698a51a  buildSpan: 388µs
[spm]: ProfilerData event received.
I/flutter (20096): [spm] Performance monitoring completed for 698a51a
[spm]: ProfilerData event received.
I/flutter (20096): [SPM:perf] 698a51a  buildSpan: 362µs
I/flutter (20096): [spm] Performance monitoring completed for 698a51a
[spm]: ProfilerData event received.
I/flutter (20096): [SPM:perf] 698a51a  buildSpan: 358µs
I/flutter (20096): [spm] Performance monitoring completed for 698a51a
[spm]: ProfilerData event received.
I/flutter (20096): [SPM:perf] 698a51a  buildSpan: 393µs
I/flutter (20096): [spm] Performance monitoring completed for 698a51a
[spm]: ProfilerData event received.
I/flutter (20096): [SPM:perf] 698a51a  buildSpan: 403µs
I/flutter (20096): [spm] Performance monitoring completed for 698a51a
[spm]: ProfilerData event received.
I/flutter (20096): [SPM:perf] 698a51a  buildSpan: 408µs
I/flutter (20096): [spm] Performance monitoring completed for 698a51a
I/flutter (20096): [SPM:perf] 698a51a  buildSpan: 387µs
[spm]: ProfilerData event received.
I/flutter (20096): [spm] Performance monitoring completed for 698a51a
[spm]: ProfilerData event received.
I/flutter (20096): [SPM:perf] 698a51a  buildSpan: 411µs
I/flutter (20096): [spm] Performance monitoring completed for 698a51a
[spm]: ProfilerData event received.
I/flutter (20096): [SPM:perf] 698a51a  buildSpan: 456µs
I/flutter (20096): [spm] Performance monitoring completed for 698a51a
[spm]: ProfilerData event received.
I/flutter (20096): [SPM:perf] 698a51a  buildSpan: 484µs
I/flutter (20096): [spm] Performance monitoring completed for 698a51a
I/flutter (20096): [SPM:perf] 698a51a  buildSpan: 418µs
I/flutter (20096): [spm] Performance monitoring completed for 698a51a
[spm]: ProfilerData event received.
[spm]: ProfilerData event received.
I/flutter (20096): [SPM:perf] 698a51a  buildSpan: 384µs
I/flutter (20096): [spm] Performance monitoring completed for 698a51a
[spm]: ProfilerData event received.
I/flutter (20096): [SPM:perf] 698a51a  buildSpan: 430µs
I/flutter (20096): [spm] Performance monitoring completed for 698a51a
I/flutter (20096): 01:10 +1: (tearDownAll)
I/flutter (20096): 01:11 +2: All tests passed!
All tests passed.
[spm]: Saved 30 profiler events to <ROOT>/dataset-new_samples/0344/redmi9t/raw/20260909-194357/rev_001_ff230faf/e14.jsonl
[spm]: Reverting injection...
1 issue found. (ran in 3.0s)
WARNING: Your Android app project: app located at: <ROOT>/android/app/build.gradle.kts
applies the Kotlin Gradle Plugin, which will cause build failures in future versions of Flutter. 
Please migrate your app to Built-in Kotlin using this guide: https://docs.flutter.dev/release/breaking-changes/migrate-to-built-in-kotlin/for-app-developers

VMServiceFlutterDriver: Connecting to Flutter application at http://127.0.0.1:35637/xwIbieqnLiM=/
[spm]: Detected VM service URI: ws://127.0.0.1:35637/xwIbieqnLiM=/ws
VMServiceFlutterDriver: Isolate found with number: 4478173109250487
VMServiceFlutterDriver: Isolate 4478173109250487 is runnable.
VMServiceFlutterDriver: Isolate is paused at start.
VMServiceFlutterDriver: Attempting to resume isolate
VMServiceFlutterDriver: Connected to Flutter application.
VMServiceFlutterDriver: request_data message is taking a long time to complete...