# sample_id=0529/rev_006_072b03e4 exec_index=10 ok=True perf_lines=30 vm_events=30 battery_pct=46 soc_temp_millic=37700 battery_temp_c=31.9 charging=False preflight_started=2026-09-10T22:17:59.729004+00:00 started=2026-09-10T22:18:02.446050+00:00 ts=2026-09-10T22:20:04.829747+00:00
[spm]: Running flutter analyze...
Analyzing lib...                                                

   info • The part-of directive uses a library name. Try converting the directive to use the URI of the library • lib/dependencies.dart:46:1 • use_string_in_part_of_directives
   info • Library names are not necessary. Remove the library name • lib/generated_widget.dart:2:9 • unnecessary_library_name
   info • Constructors in '@immutable' classes should be declared as 'const'. Try adding 'const' to the constructor declaration • lib/generated_widget.dart:11:3 • prefer_const_constructors_in_immutables

[spm]: Injecting profiler code...
[spm]: Starting app...
Running Gradle task 'assembleProfile'...                        
Running Gradle task 'assembleProfile'...                           21.2s
✓ Built build/app/outputs/flutter-apk/app-profile.apk (26.8MB)
Installing build/app/outputs/flutter-apk/app-profile.apk...      1,302ms
D/DecorView[]( 3635): getWindowModeFromSystem  windowmode is 1
D/DecorView[]( 3635): getWindowModeFromSystem  windowmode is 1
D/DecorView[]( 3635): updateDecorCaptionStatus displayWindowDecor is false
W/Looper  ( 3635): PerfMonitor looperActivity : package=com.example.benchmark_container/.MainActivity time=343ms latency=377ms running=0ms  procState=-1  historyMsgCount=2 (msgIndex=1 wall=343ms seq=4 late=377ms h=android.app.ActivityThread$H w=159) (msgIndex=2 wall=382ms seq=3 h=android.app.ActivityThread$H w=110)
W/Looper  ( 3635): PerfMonitor looperActivity : package=com.example.benchmark_container/.MainActivity time=0ms latency=722ms running=0ms  procState=-1  historyMsgCount=4 (msgIndex=2 wall=343ms seq=4 h=android.app.ActivityThread$H w=159) (msgIndex=3 wall=382ms seq=3 h=android.app.ActivityThread$H w=110) (msgIndex=4 wall=343ms seq=4 h=android.app.ActivityThread$H w=159)
D/SurfaceView( 3635): UPDATE null, mIsCastMode = false
D/hw-ProcessState( 3635): Binder ioctl to enable oneway spam detection failed: Invalid argument
W/Looper  ( 3635): PerfMonitor longMsg : seq=8 plan=01:18:40.699 late=344ms wall=1644ms running=0ms h=android.view.Choreographer$FrameHandler c=android.view.Choreographer$FrameDisplayEventReceiver procState=-1
W/Looper  ( 3635): PerfMonitor doFrame : time=1644ms vsyncFrame=0 latency=344ms procState=-1 historyMsgCount=4 (msgIndex=1 wall=1644ms seq=8 late=344ms h=android.view.Choreographer$FrameHandler c=android.view.Choreographer$FrameDisplayEventReceiver)
I/Choreographer( 3635): Skipped 93 frames!  The application may be doing too much work on its main thread.
D/SurfaceView( 3635): UPDATE Surface(name=SurfaceView[com.example.benchmark_container/com.example.benchmark_container.MainActivity])/@0x739554a, mIsProjectionMode = false
W/Looper  ( 3635): PerfMonitor doFrame : time=3ms vsyncFrame=0 latency=1561ms procState=-1 historyMsgCount=4
[spm]: Connected to Dart VM service.
I/flutter ( 3635): 00:00 +0: Performance Benchmark
E/hmark_containe( 3635): open libmigui.so failed! dlopen - dlopen failed: library "libmigui.so" not found
D/hmark_containe( 3635): MiuiProcessManagerServiceStub setSchedFifo
I/MiuiProcessManagerImpl( 3635): setSchedFifo pid:3635, mode:3
D/DecorView[]( 3635): onWindowFocusChanged hasWindowFocus true
D/DecorView[]( 3635): getWindowModeFromSystem  windowmode is 1
D/DecorView[]( 3635): updateDecorCaptionStatus displayWindowDecor is false
D/ProfileInstaller( 3635): Installing profile for com.example.benchmark_container
[spm]: ProfilerData event received.
I/flutter ( 3635): [SPM:perf] 698a51a  buildSpan: 2408µs
I/flutter ( 3635): [spm] Performance monitoring completed for 698a51a
[spm]: ProfilerData event received.
I/flutter ( 3635): [SPM:perf] 698a51a  buildSpan: 2823µs
I/flutter ( 3635): [spm] Performance monitoring completed for 698a51a
[spm]: ProfilerData event received.
I/flutter ( 3635): [SPM:perf] 698a51a  buildSpan: 3117µs
I/flutter ( 3635): [spm] Performance monitoring completed for 698a51a
[spm]: ProfilerData event received.
I/flutter ( 3635): [SPM:perf] 698a51a  buildSpan: 10118µs
I/flutter ( 3635): [spm] Performance monitoring completed for 698a51a
[spm]: ProfilerData event received.
I/flutter ( 3635): [SPM:perf] 698a51a  buildSpan: 2818µs
I/flutter ( 3635): [spm] Performance monitoring completed for 698a51a
[spm]: ProfilerData event received.
I/flutter ( 3635): [SPM:perf] 698a51a  buildSpan: 3041µs
I/flutter ( 3635): [spm] Performance monitoring completed for 698a51a
[spm]: ProfilerData event received.
I/flutter ( 3635): [SPM:perf] 698a51a  buildSpan: 2871µs
I/flutter ( 3635): [spm] Performance monitoring completed for 698a51a
[spm]: ProfilerData event received.
I/flutter ( 3635): [SPM:perf] 698a51a  buildSpan: 2641µs
I/flutter ( 3635): [spm] Performance monitoring completed for 698a51a
[spm]: ProfilerData event received.
I/flutter ( 3635): [SPM:perf] 698a51a  buildSpan: 3508µs
I/flutter ( 3635): [spm] Performance monitoring completed for 698a51a
I/flutter ( 3635): [SPM:perf] 698a51a  buildSpan: 3542µs
I/flutter ( 3635): [spm] Performance monitoring completed for 698a51a
[spm]: ProfilerData event received.
[spm]: ProfilerData event received.
I/flutter ( 3635): [SPM:perf] 698a51a  buildSpan: 2992µs
I/flutter ( 3635): [spm] Performance monitoring completed for 698a51a
I/flutter ( 3635): [SPM:perf] 698a51a  buildSpan: 3225µs
I/flutter ( 3635): [spm] Performance monitoring completed for 698a51a
[spm]: ProfilerData event received.
[spm]: ProfilerData event received.
I/flutter ( 3635): [SPM:perf] 698a51a  buildSpan: 2770µs
I/flutter ( 3635): [spm] Performance monitoring completed for 698a51a
[spm]: ProfilerData event received.
I/flutter ( 3635): [SPM:perf] 698a51a  buildSpan: 3199µs
I/flutter ( 3635): [spm] Performance monitoring completed for 698a51a
[spm]: ProfilerData event received.
I/flutter ( 3635): [SPM:perf] 698a51a  buildSpan: 3160µs
I/flutter ( 3635): [spm] Performance monitoring completed for 698a51a
[spm]: ProfilerData event received.
I/flutter ( 3635): [SPM:perf] 698a51a  buildSpan: 3377µs
I/flutter ( 3635): [spm] Performance monitoring completed for 698a51a
[spm]: ProfilerData event received.
I/flutter ( 3635): [SPM:perf] 698a51a  buildSpan: 3236µs
I/flutter ( 3635): [spm] Performance monitoring completed for 698a51a
[spm]: ProfilerData event received.
I/flutter ( 3635): [SPM:perf] 698a51a  buildSpan: 3237µs
I/flutter ( 3635): [spm] Performance monitoring completed for 698a51a
[spm]: ProfilerData event received.
I/flutter ( 3635): [SPM:perf] 698a51a  buildSpan: 2733µs
I/flutter ( 3635): [spm] Performance monitoring completed for 698a51a
I/flutter ( 3635): [SPM:perf] 698a51a  buildSpan: 3180µs
I/flutter ( 3635): [spm] Performance monitoring completed for 698a51a
[spm]: ProfilerData event received.
[spm]: ProfilerData event received.
I/flutter ( 3635): [SPM:perf] 698a51a  buildSpan: 3302µs
I/flutter ( 3635): [spm] Performance monitoring completed for 698a51a
[spm]: ProfilerData event received.
I/flutter ( 3635): [SPM:perf] 698a51a  buildSpan: 3710µs
I/flutter ( 3635): [spm] Performance monitoring completed for 698a51a
I/flutter ( 3635): [SPM:perf] 698a51a  buildSpan: 3287µs
I/flutter ( 3635): [spm] Performance monitoring completed for 698a51a
[spm]: ProfilerData event received.
[spm]: ProfilerData event received.
I/flutter ( 3635): [SPM:perf] 698a51a  buildSpan: 3478µs
I/flutter ( 3635): [spm] Performance monitoring completed for 698a51a
[spm]: ProfilerData event received.
I/flutter ( 3635): [SPM:perf] 698a51a  buildSpan: 2128µs
I/flutter ( 3635): [spm] Performance monitoring completed for 698a51a
[spm]: ProfilerData event received.
I/flutter ( 3635): [SPM:perf] 698a51a  buildSpan: 2330µs
I/flutter ( 3635): [spm] Performance monitoring completed for 698a51a
[spm]: ProfilerData event received.
I/flutter ( 3635): [SPM:perf] 698a51a  buildSpan: 3331µs
I/flutter ( 3635): [spm] Performance monitoring completed for 698a51a
[spm]: ProfilerData event received.
I/flutter ( 3635): [SPM:perf] 698a51a  buildSpan: 2239µs
I/flutter ( 3635): [spm] Performance monitoring completed for 698a51a
I/flutter ( 3635): [SPM:perf] 698a51a  buildSpan: 3569µs
I/flutter ( 3635): [spm] Performance monitoring completed for 698a51a
[spm]: ProfilerData event received.
[spm]: ProfilerData event received.
I/flutter ( 3635): [SPM:perf] 698a51a  buildSpan: 2615µs
I/flutter ( 3635): [spm] Performance monitoring completed for 698a51a
I/flutter ( 3635): 01:10 +1: (tearDownAll)
I/flutter ( 3635): 01:11 +2: All tests passed!
All tests passed.
[spm]: Saved 30 profiler events to <ROOT>/dataset-new_samples/0529/redmi9t/raw/20260911-010034/rev_006_072b03e4/e10.jsonl
[spm]: Reverting injection...
3 issues found. (ran in 0.5s)
WARNING: Your Android app project: app located at: <ROOT>/android/app/build.gradle.kts
applies the Kotlin Gradle Plugin, which will cause build failures in future versions of Flutter. 
Please migrate your app to Built-in Kotlin using this guide: https://docs.flutter.dev/release/breaking-changes/migrate-to-built-in-kotlin/for-app-developers

VMServiceFlutterDriver: Connecting to Flutter application at http://127.0.0.1:43639/79c-fa-BOM0=/
[spm]: Detected VM service URI: ws://127.0.0.1:43639/79c-fa-BOM0=/ws
VMServiceFlutterDriver: Isolate found with number: 5208909606558903
VMServiceFlutterDriver: Isolate 5208909606558903 is runnable.
VMServiceFlutterDriver: Isolate is paused at start.
VMServiceFlutterDriver: Attempting to resume isolate
VMServiceFlutterDriver: Connected to Flutter application.
VMServiceFlutterDriver: request_data message is taking a long time to complete...