# sample_id=0529/rev_006_072b03e4 exec_index=5 ok=True perf_lines=30 vm_events=30 battery_pct=73 soc_temp_millic=38300 battery_temp_c=32.1 charging=False preflight_started=2026-09-11T02:01:20.773448+00:00 started=2026-09-11T02:01:23.509427+00:00 ts=2026-09-11T02:03:07.409139+00:00
[spm]: Running flutter analyze...
Analyzing lib...                                                

   info • The part-of directive uses a library name. Try converting the directive to use the URI of the library • lib/dependencies.dart:46:1 • use_string_in_part_of_directives
   info • Library names are not necessary. Remove the library name • lib/generated_widget.dart:2:9 • unnecessary_library_name
   info • Constructors in '@immutable' classes should be declared as 'const'. Try adding 'const' to the constructor declaration • lib/generated_widget.dart:11:3 • prefer_const_constructors_in_immutables

[spm]: Injecting profiler code...
[spm]: Starting app...
Running Gradle task 'assembleProfile'...                        
Running Gradle task 'assembleProfile'...                         1,829ms
✓ Built build/app/outputs/flutter-apk/app-profile.apk (26.8MB)
Installing build/app/outputs/flutter-apk/app-profile.apk...      1,276ms
E/MiuiMultiWindowUtils( 4637): initFreeFormResolutionArgs failed, device is lime
D/IS_CTS_MODE( 4637): true
D/MULTI_WINDOW_SWITCH_ENABLED( 4637): false
D/IS_CTS_MODE( 4637): true
D/MULTI_WINDOW_SWITCH_ENABLED( 4637): false
D/IS_CTS_MODE( 4637): true
D/MULTI_WINDOW_SWITCH_ENABLED( 4637): false
D/DecorView[]( 4637): getWindowModeFromSystem  windowmode is 1
D/DecorView[]( 4637): getWindowModeFromSystem  windowmode is 1
D/DecorView[]( 4637): updateDecorCaptionStatus displayWindowDecor is false
W/Looper  ( 4637): PerfMonitor looperActivity : package=com.example.benchmark_container/.MainActivity time=359ms latency=351ms running=0ms  procState=-1  historyMsgCount=3 (msgIndex=3 wall=350ms seq=3 h=android.app.ActivityThread$H w=110)
W/Looper  ( 4637): PerfMonitor looperActivity : package=com.example.benchmark_container/.MainActivity time=0ms latency=713ms running=0ms  procState=-1  historyMsgCount=4 (msgIndex=3 wall=350ms seq=3 h=android.app.ActivityThread$H w=110) (msgIndex=4 wall=359ms seq=4 h=android.app.ActivityThread$H w=159)
D/SurfaceView( 4637): UPDATE null, mIsCastMode = false
D/hw-ProcessState( 4637): Binder ioctl to enable oneway spam detection failed: Invalid argument
W/Looper  ( 4637): PerfMonitor longMsg : seq=8 plan=05:01:42.668 late=364ms wall=1692ms running=0ms h=android.view.Choreographer$FrameHandler c=android.view.Choreographer$FrameDisplayEventReceiver procState=-1
W/Looper  ( 4637): PerfMonitor doFrame : time=1692ms vsyncFrame=0 latency=364ms procState=-1 historyMsgCount=4 (msgIndex=1 wall=1692ms seq=8 late=364ms h=android.view.Choreographer$FrameHandler c=android.view.Choreographer$FrameDisplayEventReceiver)
I/Choreographer( 4637): Skipped 95 frames!  The application may be doing too much work on its main thread.
D/SurfaceView( 4637): UPDATE Surface(name=SurfaceView[com.example.benchmark_container/com.example.benchmark_container.MainActivity])/@0x739554a, mIsProjectionMode = false
W/Looper  ( 4637): PerfMonitor doFrame : time=3ms vsyncFrame=0 latency=1595ms procState=-1 historyMsgCount=4
[spm]: Connected to Dart VM service.
I/flutter ( 4637): 00:00 +0: Performance Benchmark
E/hmark_containe( 4637): open libmigui.so failed! dlopen - dlopen failed: library "libmigui.so" not found
D/hmark_containe( 4637): MiuiProcessManagerServiceStub setSchedFifo
I/MiuiProcessManagerImpl( 4637): setSchedFifo pid:4637, mode:3
D/DecorView[]( 4637): onWindowFocusChanged hasWindowFocus true
D/DecorView[]( 4637): getWindowModeFromSystem  windowmode is 1
D/DecorView[]( 4637): updateDecorCaptionStatus displayWindowDecor is false
D/ProfileInstaller( 4637): Installing profile for com.example.benchmark_container
[spm]: ProfilerData event received.
I/flutter ( 4637): [SPM:perf] 698a51a  buildSpan: 3205µs
I/flutter ( 4637): [spm] Performance monitoring completed for 698a51a
[spm]: ProfilerData event received.
I/flutter ( 4637): [SPM:perf] 698a51a  buildSpan: 3089µs
I/flutter ( 4637): [spm] Performance monitoring completed for 698a51a
[spm]: ProfilerData event received.
I/flutter ( 4637): [SPM:perf] 698a51a  buildSpan: 3186µs
I/flutter ( 4637): [spm] Performance monitoring completed for 698a51a
[spm]: ProfilerData event received.
I/flutter ( 4637): [SPM:perf] 698a51a  buildSpan: 9445µs
I/flutter ( 4637): [spm] Performance monitoring completed for 698a51a
I/flutter ( 4637): [SPM:perf] 698a51a  buildSpan: 2725µs
[spm]: ProfilerData event received.
I/flutter ( 4637): [spm] Performance monitoring completed for 698a51a
[spm]: ProfilerData event received.
I/flutter ( 4637): [SPM:perf] 698a51a  buildSpan: 2341µs
I/flutter ( 4637): [spm] Performance monitoring completed for 698a51a
[spm]: ProfilerData event received.
I/flutter ( 4637): [SPM:perf] 698a51a  buildSpan: 2215µs
I/flutter ( 4637): [spm] Performance monitoring completed for 698a51a
I/flutter ( 4637): [SPM:perf] 698a51a  buildSpan: 2045µs
[spm]: ProfilerData event received.
I/flutter ( 4637): [spm] Performance monitoring completed for 698a51a
[spm]: ProfilerData event received.
I/flutter ( 4637): [SPM:perf] 698a51a  buildSpan: 3478µs
I/flutter ( 4637): [spm] Performance monitoring completed for 698a51a
[spm]: ProfilerData event received.
I/flutter ( 4637): [SPM:perf] 698a51a  buildSpan: 3247µs
I/flutter ( 4637): [spm] Performance monitoring completed for 698a51a
[spm]: ProfilerData event received.
I/flutter ( 4637): [SPM:perf] 698a51a  buildSpan: 2848µs
I/flutter ( 4637): [spm] Performance monitoring completed for 698a51a
I/flutter ( 4637): [SPM:perf] 698a51a  buildSpan: 3232µs
[spm]: ProfilerData event received.
I/flutter ( 4637): [spm] Performance monitoring completed for 698a51a
[spm]: ProfilerData event received.
I/flutter ( 4637): [SPM:perf] 698a51a  buildSpan: 3498µs
I/flutter ( 4637): [spm] Performance monitoring completed for 698a51a
[spm]: ProfilerData event received.
I/flutter ( 4637): [SPM:perf] 698a51a  buildSpan: 3240µs
I/flutter ( 4637): [spm] Performance monitoring completed for 698a51a
[spm]: ProfilerData event received.
I/flutter ( 4637): [SPM:perf] 698a51a  buildSpan: 3239µs
I/flutter ( 4637): [spm] Performance monitoring completed for 698a51a
[spm]: ProfilerData event received.
I/flutter ( 4637): [SPM:perf] 698a51a  buildSpan: 2244µs
I/flutter ( 4637): [spm] Performance monitoring completed for 698a51a
[spm]: ProfilerData event received.
I/flutter ( 4637): [SPM:perf] 698a51a  buildSpan: 3420µs
I/flutter ( 4637): [spm] Performance monitoring completed for 698a51a
[spm]: ProfilerData event received.
I/flutter ( 4637): [SPM:perf] 698a51a  buildSpan: 3764µs
I/flutter ( 4637): [spm] Performance monitoring completed for 698a51a
[spm]: ProfilerData event received.
I/flutter ( 4637): [SPM:perf] 698a51a  buildSpan: 3216µs
I/flutter ( 4637): [spm] Performance monitoring completed for 698a51a
[spm]: ProfilerData event received.
I/flutter ( 4637): [SPM:perf] 698a51a  buildSpan: 3197µs
I/flutter ( 4637): [spm] Performance monitoring completed for 698a51a
[spm]: ProfilerData event received.
I/flutter ( 4637): [SPM:perf] 698a51a  buildSpan: 3336µs
I/flutter ( 4637): [spm] Performance monitoring completed for 698a51a
I/flutter ( 4637): [SPM:perf] 698a51a  buildSpan: 3134µs
I/flutter ( 4637): [spm] Performance monitoring completed for 698a51a
[spm]: ProfilerData event received.
I/flutter ( 4637): [SPM:perf] 698a51a  buildSpan: 3202µs
[spm]: ProfilerData event received.
I/flutter ( 4637): [spm] Performance monitoring completed for 698a51a
[spm]: ProfilerData event received.
I/flutter ( 4637): [SPM:perf] 698a51a  buildSpan: 3230µs
I/flutter ( 4637): [spm] Performance monitoring completed for 698a51a
[spm]: ProfilerData event received.
I/flutter ( 4637): [SPM:perf] 698a51a  buildSpan: 3145µs
I/flutter ( 4637): [spm] Performance monitoring completed for 698a51a
[spm]: ProfilerData event received.
I/flutter ( 4637): [SPM:perf] 698a51a  buildSpan: 3236µs
I/flutter ( 4637): [spm] Performance monitoring completed for 698a51a
[spm]: ProfilerData event received.
I/flutter ( 4637): [SPM:perf] 698a51a  buildSpan: 2763µs
I/flutter ( 4637): [spm] Performance monitoring completed for 698a51a
[spm]: ProfilerData event received.
I/flutter ( 4637): [SPM:perf] 698a51a  buildSpan: 3232µs
I/flutter ( 4637): [spm] Performance monitoring completed for 698a51a
[spm]: ProfilerData event received.
I/flutter ( 4637): [SPM:perf] 698a51a  buildSpan: 3290µs
I/flutter ( 4637): [spm] Performance monitoring completed for 698a51a
[spm]: ProfilerData event received.
I/flutter ( 4637): [SPM:perf] 698a51a  buildSpan: 3231µs
I/flutter ( 4637): [spm] Performance monitoring completed for 698a51a
I/flutter ( 4637): 01:10 +1: (tearDownAll)
I/flutter ( 4637): 01:11 +2: All tests passed!
All tests passed.
[spm]: Saved 30 profiler events to <ROOT>/dataset-new_samples/0529/redmi9t/raw/20260911-010034/rev_006_072b03e4/e5.jsonl
[spm]: Reverting injection...
3 issues found. (ran in 0.5s)
WARNING: Your Android app project: app located at: <ROOT>/android/app/build.gradle.kts
applies the Kotlin Gradle Plugin, which will cause build failures in future versions of Flutter. 
Please migrate your app to Built-in Kotlin using this guide: https://docs.flutter.dev/release/breaking-changes/migrate-to-built-in-kotlin/for-app-developers

VMServiceFlutterDriver: Connecting to Flutter application at http://127.0.0.1:38007/aZX8yj1enmg=/
[spm]: Detected VM service URI: ws://127.0.0.1:38007/aZX8yj1enmg=/ws
VMServiceFlutterDriver: Isolate found with number: 1074475852223943
VMServiceFlutterDriver: Isolate 1074475852223943 is runnable.
VMServiceFlutterDriver: Isolate is paused at start.
VMServiceFlutterDriver: Attempting to resume isolate
VMServiceFlutterDriver: Connected to Flutter application.
VMServiceFlutterDriver: request_data message is taking a long time to complete...