# sample_id=0529/rev_008_5c837516 exec_index=0 ok=True perf_lines=30 vm_events=30 battery_pct=37 soc_temp_millic=42900 battery_temp_c=32.7 charging=False preflight_started=2026-09-10T23:55:14.863361+00:00 started=2026-09-10T23:55:17.561329+00:00 ts=2026-09-10T23:57:23.961055+00:00
[spm]: Running flutter analyze...
Analyzing lib...                                                

   info • The part-of directive uses a library name. Try converting the directive to use the URI of the library • lib/dependencies.dart:46:1 • use_string_in_part_of_directives
   info • Library names are not necessary. Remove the library name • lib/generated_widget.dart:2:9 • unnecessary_library_name
   info • Constructors in '@immutable' classes should be declared as 'const'. Try adding 'const' to the constructor declaration • lib/generated_widget.dart:11:3 • prefer_const_constructors_in_immutables

[spm]: Injecting profiler code...
[spm]: Starting app...
Running Gradle task 'assembleProfile'...                        
Running Gradle task 'assembleProfile'...                           23.0s
✓ Built build/app/outputs/flutter-apk/app-profile.apk (26.8MB)
Installing build/app/outputs/flutter-apk/app-profile.apk...      1,187ms
D/IS_CTS_MODE(17421): true
D/MULTI_WINDOW_SWITCH_ENABLED(17421): false
D/IS_CTS_MODE(17421): true
D/MULTI_WINDOW_SWITCH_ENABLED(17421): false
D/DecorView[](17421): getWindowModeFromSystem  windowmode is 1
D/DecorView[](17421): getWindowModeFromSystem  windowmode is 1
D/DecorView[](17421): updateDecorCaptionStatus displayWindowDecor is false
W/Looper  (17421): PerfMonitor looperActivity : package=com.example.benchmark_container/.MainActivity time=346ms latency=362ms running=0ms  procState=-1  historyMsgCount=3 (msgIndex=3 wall=345ms seq=3 h=android.app.ActivityThread$H w=110)
W/Looper  (17421): PerfMonitor looperActivity : package=com.example.benchmark_container/.MainActivity time=0ms latency=709ms running=0ms  procState=-1  historyMsgCount=4 (msgIndex=3 wall=345ms seq=3 h=android.app.ActivityThread$H w=110) (msgIndex=4 wall=346ms seq=4 late=362ms h=android.app.ActivityThread$H w=159)
D/SurfaceView(17421): UPDATE null, mIsCastMode = false
D/hw-ProcessState(17421): Binder ioctl to enable oneway spam detection failed: Invalid argument
W/Looper  (17421): PerfMonitor longMsg : seq=8 plan=02:55:58.853 late=353ms wall=1700ms running=0ms h=android.view.Choreographer$FrameHandler c=android.view.Choreographer$FrameDisplayEventReceiver procState=-1
W/Looper  (17421): PerfMonitor doFrame : time=1700ms vsyncFrame=0 latency=353ms procState=-1 historyMsgCount=6 (msgIndex=2 wall=1700ms seq=8 late=353ms h=android.view.Choreographer$FrameHandler c=android.view.Choreographer$FrameDisplayEventReceiver) (msgIndex=3 wall=346ms seq=4 h=android.app.ActivityThread$H w=159)
I/Choreographer(17421): Skipped 97 frames!  The application may be doing too much work on its main thread.
D/SurfaceView(17421): UPDATE Surface(name=SurfaceView[com.example.benchmark_container/com.example.benchmark_container.MainActivity])/@0x739554a, mIsProjectionMode = false
W/Looper  (17421): PerfMonitor doFrame : time=3ms vsyncFrame=0 latency=1629ms procState=-1 historyMsgCount=4
[spm]: Connected to Dart VM service.
I/flutter (17421): 00:00 +0: Performance Benchmark
E/hmark_containe(17421): open libmigui.so failed! dlopen - dlopen failed: library "libmigui.so" not found
D/hmark_containe(17421): MiuiProcessManagerServiceStub setSchedFifo
I/MiuiProcessManagerImpl(17421): setSchedFifo pid:17421, mode:3
D/DecorView[](17421): onWindowFocusChanged hasWindowFocus true
D/DecorView[](17421): getWindowModeFromSystem  windowmode is 1
D/DecorView[](17421): updateDecorCaptionStatus displayWindowDecor is false
D/ProfileInstaller(17421): Installing profile for com.example.benchmark_container
I/flutter (17421): [SPM:perf] 698a51a  buildSpan: 3644µs
I/flutter (17421): [spm] Performance monitoring completed for 698a51a
[spm]: ProfilerData event received.
[spm]: ProfilerData event received.
I/flutter (17421): [SPM:perf] 698a51a  buildSpan: 2978µs
I/flutter (17421): [spm] Performance monitoring completed for 698a51a
[spm]: ProfilerData event received.
I/flutter (17421): [SPM:perf] 698a51a  buildSpan: 3149µs
I/flutter (17421): [spm] Performance monitoring completed for 698a51a
[spm]: ProfilerData event received.
I/flutter (17421): [SPM:perf] 698a51a  buildSpan: 10769µs
I/flutter (17421): [spm] Performance monitoring completed for 698a51a
[spm]: ProfilerData event received.
I/flutter (17421): [SPM:perf] 698a51a  buildSpan: 2892µs
I/flutter (17421): [spm] Performance monitoring completed for 698a51a
[spm]: ProfilerData event received.
I/flutter (17421): [SPM:perf] 698a51a  buildSpan: 3610µs
I/flutter (17421): [spm] Performance monitoring completed for 698a51a
[spm]: ProfilerData event received.
I/flutter (17421): [SPM:perf] 698a51a  buildSpan: 3333µs
I/flutter (17421): [spm] Performance monitoring completed for 698a51a
[spm]: ProfilerData event received.
I/flutter (17421): [SPM:perf] 698a51a  buildSpan: 3204µs
I/flutter (17421): [spm] Performance monitoring completed for 698a51a
I/flutter (17421): [SPM:perf] 698a51a  buildSpan: 2326µs
I/flutter (17421): [spm] Performance monitoring completed for 698a51a
[spm]: ProfilerData event received.
[spm]: ProfilerData event received.
I/flutter (17421): [SPM:perf] 698a51a  buildSpan: 2281µs
I/flutter (17421): [spm] Performance monitoring completed for 698a51a
[spm]: ProfilerData event received.
I/flutter (17421): [SPM:perf] 698a51a  buildSpan: 1863µs
I/flutter (17421): [spm] Performance monitoring completed for 698a51a
[spm]: ProfilerData event received.
I/flutter (17421): [SPM:perf] 698a51a  buildSpan: 1810µs
I/flutter (17421): [spm] Performance monitoring completed for 698a51a
[spm]: ProfilerData event received.
I/flutter (17421): [SPM:perf] 698a51a  buildSpan: 2751µs
I/flutter (17421): [spm] Performance monitoring completed for 698a51a
[spm]: ProfilerData event received.
I/flutter (17421): [SPM:perf] 698a51a  buildSpan: 3087µs
I/flutter (17421): [spm] Performance monitoring completed for 698a51a
I/flutter (17421): [SPM:perf] 698a51a  buildSpan: 2539µs
[spm]: ProfilerData event received.
I/flutter (17421): [spm] Performance monitoring completed for 698a51a
[spm]: ProfilerData event received.
I/flutter (17421): [SPM:perf] 698a51a  buildSpan: 2807µs
I/flutter (17421): [spm] Performance monitoring completed for 698a51a
[spm]: ProfilerData event received.
I/flutter (17421): [SPM:perf] 698a51a  buildSpan: 3343µs
I/flutter (17421): [spm] Performance monitoring completed for 698a51a
I/flutter (17421): [SPM:perf] 698a51a  buildSpan: 3191µs
I/flutter (17421): [spm] Performance monitoring completed for 698a51a
[spm]: ProfilerData event received.
[spm]: ProfilerData event received.
I/flutter (17421): [SPM:perf] 698a51a  buildSpan: 3348µs
I/flutter (17421): [spm] Performance monitoring completed for 698a51a
[spm]: ProfilerData event received.
I/flutter (17421): [SPM:perf] 698a51a  buildSpan: 3116µs
I/flutter (17421): [spm] Performance monitoring completed for 698a51a
[spm]: ProfilerData event received.
I/flutter (17421): [SPM:perf] 698a51a  buildSpan: 2463µs
I/flutter (17421): [spm] Performance monitoring completed for 698a51a
I/flutter (17421): [SPM:perf] 698a51a  buildSpan: 3430µs
I/flutter (17421): [spm] Performance monitoring completed for 698a51a
[spm]: ProfilerData event received.
[spm]: ProfilerData event received.
I/flutter (17421): [SPM:perf] 698a51a  buildSpan: 3252µs
I/flutter (17421): [spm] Performance monitoring completed for 698a51a
[spm]: ProfilerData event received.
I/flutter (17421): [SPM:perf] 698a51a  buildSpan: 3158µs
I/flutter (17421): [spm] Performance monitoring completed for 698a51a
[spm]: ProfilerData event received.
I/flutter (17421): [SPM:perf] 698a51a  buildSpan: 2754µs
I/flutter (17421): [spm] Performance monitoring completed for 698a51a
[spm]: ProfilerData event received.
I/flutter (17421): [SPM:perf] 698a51a  buildSpan: 2411µs
I/flutter (17421): [spm] Performance monitoring completed for 698a51a
[spm]: ProfilerData event received.
I/flutter (17421): [SPM:perf] 698a51a  buildSpan: 2578µs
I/flutter (17421): [spm] Performance monitoring completed for 698a51a
[spm]: ProfilerData event received.
I/flutter (17421): [SPM:perf] 698a51a  buildSpan: 3168µs
I/flutter (17421): [spm] Performance monitoring completed for 698a51a
I/flutter (17421): [SPM:perf] 698a51a  buildSpan: 3142µs
I/flutter (17421): [spm] Performance monitoring completed for 698a51a
[spm]: ProfilerData event received.
[spm]: ProfilerData event received.
I/flutter (17421): [SPM:perf] 698a51a  buildSpan: 3186µs
I/flutter (17421): [spm] Performance monitoring completed for 698a51a
I/flutter (17421): 01:10 +1: (tearDownAll)
I/flutter (17421): 01:11 +2: All tests passed!
All tests passed.
[spm]: Saved 30 profiler events to <ROOT>/dataset-new_samples/0529/redmi9t/raw/20260911-010034/rev_008_5c837516/e0.jsonl
[spm]: Reverting injection...
3 issues found. (ran in 0.5s)
WARNING: Your Android app project: app located at: <ROOT>/android/app/build.gradle.kts
applies the Kotlin Gradle Plugin, which will cause build failures in future versions of Flutter. 
Please migrate your app to Built-in Kotlin using this guide: https://docs.flutter.dev/release/breaking-changes/migrate-to-built-in-kotlin/for-app-developers

VMServiceFlutterDriver: Connecting to Flutter application at http://127.0.0.1:35925/B3lJSxFHLdk=/
[spm]: Detected VM service URI: ws://127.0.0.1:35925/B3lJSxFHLdk=/ws
VMServiceFlutterDriver: Isolate found with number: 7278621917808463
VMServiceFlutterDriver: Isolate 7278621917808463 is runnable.
VMServiceFlutterDriver: Isolate is paused at start.
VMServiceFlutterDriver: Attempting to resume isolate
VMServiceFlutterDriver: Connected to Flutter application.
VMServiceFlutterDriver: request_data message is taking a long time to complete...