# sample_id=0529/rev_008_5c837516 exec_index=10 ok=True perf_lines=30 vm_events=30 battery_pct=44 soc_temp_millic=38300 battery_temp_c=31.7 charging=False preflight_started=2026-09-10T22:35:49.840618+00:00 started=2026-09-10T22:35:52.556481+00:00 ts=2026-09-10T22:37:35.861633+00:00
[spm]: Running flutter analyze...
Analyzing lib...                                                

   info • The part-of directive uses a library name. Try converting the directive to use the URI of the library • lib/dependencies.dart:46:1 • use_string_in_part_of_directives
   info • Library names are not necessary. Remove the library name • lib/generated_widget.dart:2:9 • unnecessary_library_name
   info • Constructors in '@immutable' classes should be declared as 'const'. Try adding 'const' to the constructor declaration • lib/generated_widget.dart:11:3 • prefer_const_constructors_in_immutables

[spm]: Injecting profiler code...
[spm]: Starting app...
Running Gradle task 'assembleProfile'...                        
Running Gradle task 'assembleProfile'...                         1,798ms
✓ Built build/app/outputs/flutter-apk/app-profile.apk (26.8MB)
Installing build/app/outputs/flutter-apk/app-profile.apk...      1,247ms
D/DecorView[](30109): getWindowModeFromSystem  windowmode is 1
D/DecorView[](30109): updateDecorCaptionStatus displayWindowDecor is false
W/Looper  (30109): PerfMonitor looperActivity : package=com.example.benchmark_container/.MainActivity time=340ms latency=339ms running=0ms  procState=-1  historyMsgCount=3 (msgIndex=1 wall=340ms seq=4 late=339ms h=android.app.ActivityThread$H w=159) (msgIndex=3 wall=338ms seq=3 h=android.app.ActivityThread$H w=110)
W/Looper  (30109): PerfMonitor looperActivity : package=com.example.benchmark_container/.MainActivity time=1ms latency=682ms running=0ms  procState=-1  historyMsgCount=4 (msgIndex=1 wall=340ms seq=4 h=android.app.ActivityThread$H w=159) (msgIndex=3 wall=338ms seq=3 h=android.app.ActivityThread$H w=110) (msgIndex=4 wall=340ms seq=4 h=android.app.ActivityThread$H w=159)
D/SurfaceView(30109): UPDATE null, mIsCastMode = false
D/hw-ProcessState(30109): Binder ioctl to enable oneway spam detection failed: Invalid argument
W/Looper  (30109): PerfMonitor longMsg : seq=8 plan=01:36:11.456 late=345ms wall=1658ms running=0ms h=android.view.Choreographer$FrameHandler c=android.view.Choreographer$FrameDisplayEventReceiver procState=-1
W/Looper  (30109): PerfMonitor doFrame : time=1658ms vsyncFrame=0 latency=345ms procState=-1 historyMsgCount=4 (msgIndex=1 wall=1658ms seq=8 late=345ms h=android.view.Choreographer$FrameHandler c=android.view.Choreographer$FrameDisplayEventReceiver)
I/Choreographer(30109): Skipped 94 frames!  The application may be doing too much work on its main thread.
D/SurfaceView(30109): UPDATE Surface(name=SurfaceView[com.example.benchmark_container/com.example.benchmark_container.MainActivity])/@0x739554a, mIsProjectionMode = false
W/Looper  (30109): PerfMonitor doFrame : time=3ms vsyncFrame=0 latency=1576ms procState=-1 historyMsgCount=4
[spm]: Connected to Dart VM service.
I/flutter (30109): 00:00 +0: Performance Benchmark
E/hmark_containe(30109): open libmigui.so failed! dlopen - dlopen failed: library "libmigui.so" not found
D/hmark_containe(30109): MiuiProcessManagerServiceStub setSchedFifo
I/MiuiProcessManagerImpl(30109): setSchedFifo pid:30109, mode:3
D/DecorView[](30109): onWindowFocusChanged hasWindowFocus true
D/DecorView[](30109): getWindowModeFromSystem  windowmode is 1
D/DecorView[](30109): updateDecorCaptionStatus displayWindowDecor is false
D/ProfileInstaller(30109): Installing profile for com.example.benchmark_container
I/flutter (30109): [SPM:perf] 698a51a  buildSpan: 3770µs
[spm]: ProfilerData event received.
I/flutter (30109): [spm] Performance monitoring completed for 698a51a
[spm]: ProfilerData event received.
I/flutter (30109): [SPM:perf] 698a51a  buildSpan: 4361µs
I/flutter (30109): [spm] Performance monitoring completed for 698a51a
[spm]: ProfilerData event received.
I/flutter (30109): [SPM:perf] 698a51a  buildSpan: 2836µs
I/flutter (30109): [spm] Performance monitoring completed for 698a51a
[spm]: ProfilerData event received.
I/flutter (30109): [SPM:perf] 698a51a  buildSpan: 7058µs
I/flutter (30109): [spm] Performance monitoring completed for 698a51a
[spm]: ProfilerData event received.
I/flutter (30109): [SPM:perf] 698a51a  buildSpan: 2662µs
I/flutter (30109): [spm] Performance monitoring completed for 698a51a
[spm]: ProfilerData event received.
I/flutter (30109): [SPM:perf] 698a51a  buildSpan: 3686µs
I/flutter (30109): [spm] Performance monitoring completed for 698a51a
[spm]: ProfilerData event received.
I/flutter (30109): [SPM:perf] 698a51a  buildSpan: 3262µs
I/flutter (30109): [spm] Performance monitoring completed for 698a51a
[spm]: ProfilerData event received.
I/flutter (30109): [SPM:perf] 698a51a  buildSpan: 3230µs
I/flutter (30109): [spm] Performance monitoring completed for 698a51a
[spm]: ProfilerData event received.
I/flutter (30109): [SPM:perf] 698a51a  buildSpan: 3255µs
I/flutter (30109): [spm] Performance monitoring completed for 698a51a
[spm]: ProfilerData event received.
I/flutter (30109): [SPM:perf] 698a51a  buildSpan: 3294µs
I/flutter (30109): [spm] Performance monitoring completed for 698a51a
[spm]: ProfilerData event received.
I/flutter (30109): [SPM:perf] 698a51a  buildSpan: 2631µs
I/flutter (30109): [spm] Performance monitoring completed for 698a51a
[spm]: ProfilerData event received.
I/flutter (30109): [SPM:perf] 698a51a  buildSpan: 3294µs
I/flutter (30109): [spm] Performance monitoring completed for 698a51a
I/flutter (30109): [SPM:perf] 698a51a  buildSpan: 3797µs
[spm]: ProfilerData event received.
I/flutter (30109): [spm] Performance monitoring completed for 698a51a
[spm]: ProfilerData event received.
I/flutter (30109): [SPM:perf] 698a51a  buildSpan: 3173µs
I/flutter (30109): [spm] Performance monitoring completed for 698a51a
[spm]: ProfilerData event received.
I/flutter (30109): [SPM:perf] 698a51a  buildSpan: 3221µs
I/flutter (30109): [spm] Performance monitoring completed for 698a51a
[spm]: ProfilerData event received.
I/flutter (30109): [SPM:perf] 698a51a  buildSpan: 2534µs
I/flutter (30109): [spm] Performance monitoring completed for 698a51a
[spm]: ProfilerData event received.
I/flutter (30109): [SPM:perf] 698a51a  buildSpan: 3088µs
I/flutter (30109): [spm] Performance monitoring completed for 698a51a
[spm]: ProfilerData event received.
I/flutter (30109): [SPM:perf] 698a51a  buildSpan: 3140µs
I/flutter (30109): [spm] Performance monitoring completed for 698a51a
I/flutter (30109): [SPM:perf] 698a51a  buildSpan: 3203µs
I/flutter (30109): [spm] Performance monitoring completed for 698a51a
[spm]: ProfilerData event received.
[spm]: ProfilerData event received.
I/flutter (30109): [SPM:perf] 698a51a  buildSpan: 3188µs
I/flutter (30109): [spm] Performance monitoring completed for 698a51a
[spm]: ProfilerData event received.
I/flutter (30109): [SPM:perf] 698a51a  buildSpan: 2670µs
I/flutter (30109): [spm] Performance monitoring completed for 698a51a
[spm]: ProfilerData event received.
I/flutter (30109): [SPM:perf] 698a51a  buildSpan: 3291µs
I/flutter (30109): [spm] Performance monitoring completed for 698a51a
[spm]: ProfilerData event received.
I/flutter (30109): [SPM:perf] 698a51a  buildSpan: 3339µs
I/flutter (30109): [spm] Performance monitoring completed for 698a51a
[spm]: ProfilerData event received.
I/flutter (30109): [SPM:perf] 698a51a  buildSpan: 3152µs
I/flutter (30109): [spm] Performance monitoring completed for 698a51a
[spm]: ProfilerData event received.
I/flutter (30109): [SPM:perf] 698a51a  buildSpan: 2423µs
I/flutter (30109): [spm] Performance monitoring completed for 698a51a
[spm]: ProfilerData event received.
I/flutter (30109): [SPM:perf] 698a51a  buildSpan: 2143µs
I/flutter (30109): [spm] Performance monitoring completed for 698a51a
[spm]: ProfilerData event received.
I/flutter (30109): [SPM:perf] 698a51a  buildSpan: 2387µs
I/flutter (30109): [spm] Performance monitoring completed for 698a51a
[spm]: ProfilerData event received.
I/flutter (30109): [SPM:perf] 698a51a  buildSpan: 2348µs
I/flutter (30109): [spm] Performance monitoring completed for 698a51a
[spm]: ProfilerData event received.
I/flutter (30109): [SPM:perf] 698a51a  buildSpan: 3152µs
I/flutter (30109): [spm] Performance monitoring completed for 698a51a
[spm]: ProfilerData event received.
I/flutter (30109): [SPM:perf] 698a51a  buildSpan: 2195µs
I/flutter (30109): [spm] Performance monitoring completed for 698a51a
I/flutter (30109): 01:10 +1: (tearDownAll)
I/flutter (30109): 01:11 +2: All tests passed!
All tests passed.
[spm]: Saved 30 profiler events to <ROOT>/dataset-new_samples/0529/redmi9t/raw/20260911-010034/rev_008_5c837516/e10.jsonl
[spm]: Reverting injection...
3 issues found. (ran in 0.6s)
WARNING: Your Android app project: app located at: <ROOT>/android/app/build.gradle.kts
applies the Kotlin Gradle Plugin, which will cause build failures in future versions of Flutter. 
Please migrate your app to Built-in Kotlin using this guide: https://docs.flutter.dev/release/breaking-changes/migrate-to-built-in-kotlin/for-app-developers

VMServiceFlutterDriver: Connecting to Flutter application at http://127.0.0.1:42533/lT2Nt6gwATU=/
[spm]: Detected VM service URI: ws://127.0.0.1:42533/lT2Nt6gwATU=/ws
VMServiceFlutterDriver: Isolate found with number: 3860416411280655
VMServiceFlutterDriver: Isolate 3860416411280655 is runnable.
VMServiceFlutterDriver: Isolate is paused at start.
VMServiceFlutterDriver: Attempting to resume isolate
VMServiceFlutterDriver: Connected to Flutter application.
VMServiceFlutterDriver: request_data message is taking a long time to complete...