# sample_id=44/base exec_index=4 ok=True perf_lines=30 vm_events=30 battery_pct=57 soc_temp_millic=46700 battery_temp_c=34.8 charging=False preflight_started=2026-08-15T14:05:31.082003+00:00 started=2026-08-15T14:05:33.447571+00:00 ts=2026-08-15T14:07:34.541995+00:00
[spm]: Running flutter analyze...
Analyzing lib...                                                
No issues found! (ran in 0.6s)
[spm]: Injecting profiler code...
[spm]: Starting app...
Running Gradle task 'assembleProfile'...                        
Running Gradle task 'assembleProfile'...                           20.1s
✓ Built build/app/outputs/flutter-apk/app-profile.apk (61.8MB)
Installing build/app/outputs/flutter-apk/app-profile.apk...      2,014ms
D/SurfaceView(17670): UPDATE null, mIsCastMode = false
D/hw-ProcessState(17670): Binder ioctl to enable oneway spam detection failed: Invalid argument
W/Looper  (17670): PerfMonitor longMsg : seq=8 plan=17:06:10.032 late=597ms wall=1964ms running=0ms h=android.view.Choreographer$FrameHandler c=android.view.Choreographer$FrameDisplayEventReceiver procState=-1
W/Looper  (17670): PerfMonitor doFrame : time=1964ms vsyncFrame=0 latency=597ms procState=-1 historyMsgCount=7 (msgIndex=3 wall=1964ms seq=8 late=597ms h=android.view.Choreographer$FrameHandler c=android.view.Choreographer$FrameDisplayEventReceiver) (msgIndex=4 wall=582ms seq=4 h=android.app.ActivityThread$H w=159)
I/Choreographer(17670): Skipped 110 frames!  The application may be doing too much work on its main thread.
D/SurfaceView(17670): UPDATE Surface(name=SurfaceView[com.example.benchmark_container/com.example.benchmark_container.MainActivity])/@0x30cbda4, mIsProjectionMode = false
W/Looper  (17670): PerfMonitor doFrame : time=3ms vsyncFrame=0 latency=1839ms procState=-1 historyMsgCount=5
[spm]: Connected to Dart VM service.
I/flutter (17670): 00:00 +0: Performance Benchmark
E/hmark_containe(17670): open libmigui.so failed! dlopen - dlopen failed: library "libmigui.so" not found
D/hmark_containe(17670): MiuiProcessManagerServiceStub setSchedFifo
I/MiuiProcessManagerImpl(17670): setSchedFifo pid:17670, mode:3
D/DecorView[](17670): onWindowFocusChanged hasWindowFocus true
D/DecorView[](17670): getWindowModeFromSystem  windowmode is 1
D/DecorView[](17670): updateDecorCaptionStatus displayWindowDecor is false
D/ProfileInstaller(17670): Installing profile for com.example.benchmark_container
I/flutter (17670): setState 698a51a
[spm]: ProfilerData event received.
I/flutter (17670): [SPM:perf] 698a51a  buildSpan: 460µs
I/flutter (17670): [spm] Performance monitoring completed for 698a51a
I/flutter (17670): setState 698a51a
I/flutter (17670): [SPM:perf] 698a51a  buildSpan: 516µs
I/flutter (17670): [spm] Performance monitoring completed for 698a51a
I/flutter (17670): setState 698a51a
[spm]: ProfilerData event received.
[spm]: ProfilerData event received.
I/flutter (17670): [SPM:perf] 698a51a  buildSpan: 500µs
I/flutter (17670): [spm] Performance monitoring completed for 698a51a
I/flutter (17670): setState 698a51a
[spm]: ProfilerData event received.
I/flutter (17670): [SPM:perf] 698a51a  buildSpan: 478µs
I/flutter (17670): [spm] Performance monitoring completed for 698a51a
I/flutter (17670): setState 698a51a
[spm]: ProfilerData event received.
I/flutter (17670): [SPM:perf] 698a51a  buildSpan: 461µs
I/flutter (17670): [spm] Performance monitoring completed for 698a51a
I/flutter (17670): setState 698a51a
[spm]: ProfilerData event received.
I/flutter (17670): [SPM:perf] 698a51a  buildSpan: 497µs
I/flutter (17670): [spm] Performance monitoring completed for 698a51a
I/flutter (17670): setState 698a51a
I/flutter (17670): [SPM:perf] 698a51a  buildSpan: 564µs
I/flutter (17670): [spm] Performance monitoring completed for 698a51a
I/flutter (17670): setState 698a51a
[spm]: ProfilerData event received.
I/flutter (17670): [SPM:perf] 698a51a  buildSpan: 501µs
[spm]: ProfilerData event received.
I/flutter (17670): [spm] Performance monitoring completed for 698a51a
I/flutter (17670): setState 698a51a
[spm]: ProfilerData event received.
I/flutter (17670): [SPM:perf] 698a51a  buildSpan: 446µs
I/flutter (17670): [spm] Performance monitoring completed for 698a51a
I/flutter (17670): setState 698a51a
[spm]: ProfilerData event received.
I/flutter (17670): [SPM:perf] 698a51a  buildSpan: 519µs
I/flutter (17670): [spm] Performance monitoring completed for 698a51a
I/flutter (17670): setState 698a51a
[spm]: ProfilerData event received.
I/flutter (17670): [SPM:perf] 698a51a  buildSpan: 497µs
I/flutter (17670): [spm] Performance monitoring completed for 698a51a
I/flutter (17670): setState 698a51a
[spm]: ProfilerData event received.
I/flutter (17670): [SPM:perf] 698a51a  buildSpan: 481µs
I/flutter (17670): [spm] Performance monitoring completed for 698a51a
I/flutter (17670): setState 698a51a
[spm]: ProfilerData event received.
I/flutter (17670): [SPM:perf] 698a51a  buildSpan: 501µs
I/flutter (17670): [spm] Performance monitoring completed for 698a51a
I/flutter (17670): setState 698a51a
[spm]: ProfilerData event received.
I/flutter (17670): [SPM:perf] 698a51a  buildSpan: 523µs
I/flutter (17670): [spm] Performance monitoring completed for 698a51a
I/flutter (17670): setState 698a51a
[spm]: ProfilerData event received.
I/flutter (17670): [SPM:perf] 698a51a  buildSpan: 494µs
I/flutter (17670): [spm] Performance monitoring completed for 698a51a
I/flutter (17670): setState 698a51a
[spm]: ProfilerData event received.
I/flutter (17670): [SPM:perf] 698a51a  buildSpan: 790µs
I/flutter (17670): [spm] Performance monitoring completed for 698a51a
I/flutter (17670): setState 698a51a
I/flutter (17670): [SPM:perf] 698a51a  buildSpan: 601µs
I/flutter (17670): [spm] Performance monitoring completed for 698a51a
I/flutter (17670): setState 698a51a
[spm]: ProfilerData event received.
I/flutter (17670): [SPM:perf] 698a51a  buildSpan: 524µs
[spm]: ProfilerData event received.
I/flutter (17670): [spm] Performance monitoring completed for 698a51a
I/flutter (17670): setState 698a51a
[spm]: ProfilerData event received.
I/flutter (17670): [SPM:perf] 698a51a  buildSpan: 510µs
I/flutter (17670): [spm] Performance monitoring completed for 698a51a
I/flutter (17670): setState 698a51a
[spm]: ProfilerData event received.
I/flutter (17670): [SPM:perf] 698a51a  buildSpan: 488µs
I/flutter (17670): [spm] Performance monitoring completed for 698a51a
I/flutter (17670): setState 698a51a
[spm]: ProfilerData event received.
I/flutter (17670): [SPM:perf] 698a51a  buildSpan: 478µs
I/flutter (17670): [spm] Performance monitoring completed for 698a51a
I/flutter (17670): setState 698a51a
I/flutter (17670): [SPM:perf] 698a51a  buildSpan: 484µs
I/flutter (17670): [spm] Performance monitoring completed for 698a51a
I/flutter (17670): setState 698a51a
[spm]: ProfilerData event received.
[spm]: ProfilerData event received.
I/flutter (17670): [SPM:perf] 698a51a  buildSpan: 487µs
I/flutter (17670): [spm] Performance monitoring completed for 698a51a
I/flutter (17670): setState 698a51a
[spm]: ProfilerData event received.
I/flutter (17670): [SPM:perf] 698a51a  buildSpan: 495µs
I/flutter (17670): [spm] Performance monitoring completed for 698a51a
I/flutter (17670): setState 698a51a
[spm]: ProfilerData event received.
I/flutter (17670): [SPM:perf] 698a51a  buildSpan: 451µs
I/flutter (17670): [spm] Performance monitoring completed for 698a51a
I/flutter (17670): setState 698a51a
[spm]: ProfilerData event received.
I/flutter (17670): [SPM:perf] 698a51a  buildSpan: 444µs
I/flutter (17670): [spm] Performance monitoring completed for 698a51a
I/flutter (17670): setState 698a51a
[spm]: ProfilerData event received.
I/flutter (17670): [SPM:perf] 698a51a  buildSpan: 449µs
I/flutter (17670): [spm] Performance monitoring completed for 698a51a
I/flutter (17670): setState 698a51a
[spm]: ProfilerData event received.
I/flutter (17670): [SPM:perf] 698a51a  buildSpan: 522µs
I/flutter (17670): [spm] Performance monitoring completed for 698a51a
I/flutter (17670): setState 698a51a
I/flutter (17670): [SPM:perf] 698a51a  buildSpan: 482µs
[spm]: ProfilerData event received.
I/flutter (17670): [spm] Performance monitoring completed for 698a51a
I/flutter (17670): setState 698a51a
[spm]: ProfilerData event received.
I/flutter (17670): [SPM:perf] 698a51a  buildSpan: 528µs
I/flutter (17670): [spm] Performance monitoring completed for 698a51a
I/flutter (17670): 01:10 +1: (tearDownAll)
I/flutter (17670): 01:11 +2: All tests passed!
All tests passed.
[spm]: Saved 30 profiler events to <ROOT>/dataset/44/redmi9t/raw/20260815-132421/base/e4.jsonl
[spm]: Reverting injection...
WARNING: Your Android app project: app located at: <ROOT>/android/app/build.gradle.kts
applies the Kotlin Gradle Plugin, which will cause build failures in future versions of Flutter. 
Please migrate your app to Built-in Kotlin using this guide: https://docs.flutter.dev/release/breaking-changes/migrate-to-built-in-kotlin/for-app-developers

VMServiceFlutterDriver: Connecting to Flutter application at http://127.0.0.1:41119/1hG6kauCHb4=/
[spm]: Detected VM service URI: ws://127.0.0.1:41119/1hG6kauCHb4=/ws
VMServiceFlutterDriver: Isolate found with number: 6083597922437427
VMServiceFlutterDriver: Isolate 6083597922437427 is runnable.
VMServiceFlutterDriver: Isolate is paused at start.
VMServiceFlutterDriver: Attempting to resume isolate
VMServiceFlutterDriver: Connected to Flutter application.