# sample_id=44/base exec_index=9 ok=True perf_lines=30 vm_events=30 battery_pct=80 soc_temp_millic=51000 battery_temp_c=35.2 charging=False preflight_started=2026-08-15T10:24:41.597484+00:00 started=2026-08-15T10:24:44.065252+00:00 ts=2026-08-15T10:26:46.213020+00:00
[spm]: Running flutter analyze...
Analyzing lib...                                                
No issues found! (ran in 3.0s)
[spm]: Injecting profiler code...
[spm]: Starting app...
Running Gradle task 'assembleProfile'...                        
Running Gradle task 'assembleProfile'...                           19.7s
✓ Built build/app/outputs/flutter-apk/app-profile.apk (61.8MB)
Installing build/app/outputs/flutter-apk/app-profile.apk...      2,000ms
D/SurfaceView(21225): UPDATE null, mIsCastMode = false
D/hw-ProcessState(21225): Binder ioctl to enable oneway spam detection failed: Invalid argument
W/Looper  (21225): PerfMonitor longMsg : seq=8 plan=13:25:21.908 late=601ms wall=1899ms running=0ms h=android.view.Choreographer$FrameHandler c=android.view.Choreographer$FrameDisplayEventReceiver procState=-1
W/Looper  (21225): PerfMonitor doFrame : time=1899ms vsyncFrame=0 latency=601ms procState=-1 historyMsgCount=6 (msgIndex=2 wall=1899ms seq=8 late=601ms h=android.view.Choreographer$FrameHandler c=android.view.Choreographer$FrameDisplayEventReceiver) (msgIndex=3 wall=588ms seq=4 h=android.app.ActivityThread$H w=159)
I/Choreographer(21225): Skipped 104 frames!  The application may be doing too much work on its main thread.
D/SurfaceView(21225): UPDATE Surface(name=SurfaceView[com.example.benchmark_container/com.example.benchmark_container.MainActivity])/@0x30cbda4, mIsProjectionMode = false
W/Looper  (21225): PerfMonitor doFrame : time=3ms vsyncFrame=0 latency=1744ms procState=-1 historyMsgCount=5
[spm]: Connected to Dart VM service.
I/flutter (21225): 00:00 +0: Performance Benchmark
E/hmark_containe(21225): open libmigui.so failed! dlopen - dlopen failed: library "libmigui.so" not found
D/hmark_containe(21225): MiuiProcessManagerServiceStub setSchedFifo
I/MiuiProcessManagerImpl(21225): setSchedFifo pid:21225, mode:3
D/DecorView[](21225): onWindowFocusChanged hasWindowFocus true
D/DecorView[](21225): getWindowModeFromSystem  windowmode is 1
D/DecorView[](21225): updateDecorCaptionStatus displayWindowDecor is false
D/ProfileInstaller(21225): Installing profile for com.example.benchmark_container
I/flutter (21225): setState 698a51a
[spm]: ProfilerData event received.
I/flutter (21225): [SPM:perf] 698a51a  buildSpan: 514µs
I/flutter (21225): [spm] Performance monitoring completed for 698a51a
I/flutter (21225): setState 698a51a
[spm]: ProfilerData event received.
I/flutter (21225): [SPM:perf] 698a51a  buildSpan: 502µs
I/flutter (21225): [spm] Performance monitoring completed for 698a51a
I/flutter (21225): setState 698a51a
[spm]: ProfilerData event received.
I/flutter (21225): [SPM:perf] 698a51a  buildSpan: 452µs
I/flutter (21225): [spm] Performance monitoring completed for 698a51a
I/flutter (21225): setState 698a51a
[spm]: ProfilerData event received.
I/flutter (21225): [SPM:perf] 698a51a  buildSpan: 549µs
I/flutter (21225): [spm] Performance monitoring completed for 698a51a
I/flutter (21225): setState 698a51a
[spm]: ProfilerData event received.
I/flutter (21225): [SPM:perf] 698a51a  buildSpan: 496µs
I/flutter (21225): [spm] Performance monitoring completed for 698a51a
I/flutter (21225): setState 698a51a
I/flutter (21225): [SPM:perf] 698a51a  buildSpan: 514µs
I/flutter (21225): [spm] Performance monitoring completed for 698a51a
I/flutter (21225): setState 698a51a
[spm]: ProfilerData event received.
[spm]: ProfilerData event received.
I/flutter (21225): [SPM:perf] 698a51a  buildSpan: 471µs
I/flutter (21225): [spm] Performance monitoring completed for 698a51a
I/flutter (21225): setState 698a51a
[spm]: ProfilerData event received.
I/flutter (21225): [SPM:perf] 698a51a  buildSpan: 562µs
I/flutter (21225): [spm] Performance monitoring completed for 698a51a
I/flutter (21225): setState 698a51a
[spm]: ProfilerData event received.
I/flutter (21225): [SPM:perf] 698a51a  buildSpan: 620µs
I/flutter (21225): [spm] Performance monitoring completed for 698a51a
I/flutter (21225): setState 698a51a
[spm]: ProfilerData event received.
I/flutter (21225): [SPM:perf] 698a51a  buildSpan: 676µs
I/flutter (21225): [spm] Performance monitoring completed for 698a51a
I/flutter (21225): setState 698a51a
I/flutter (21225): [SPM:perf] 698a51a  buildSpan: 604µs
I/flutter (21225): [spm] Performance monitoring completed for 698a51a
I/flutter (21225): setState 698a51a
[spm]: ProfilerData event received.
[spm]: ProfilerData event received.
I/flutter (21225): [SPM:perf] 698a51a  buildSpan: 530µs
I/flutter (21225): [spm] Performance monitoring completed for 698a51a
I/flutter (21225): setState 698a51a
[spm]: ProfilerData event received.
I/flutter (21225): [SPM:perf] 698a51a  buildSpan: 547µs
I/flutter (21225): [spm] Performance monitoring completed for 698a51a
I/flutter (21225): setState 698a51a
[spm]: ProfilerData event received.
I/flutter (21225): [SPM:perf] 698a51a  buildSpan: 608µs
I/flutter (21225): [spm] Performance monitoring completed for 698a51a
I/flutter (21225): setState 698a51a
[spm]: ProfilerData event received.
I/flutter (21225): [SPM:perf] 698a51a  buildSpan: 542µs
I/flutter (21225): [spm] Performance monitoring completed for 698a51a
I/flutter (21225): setState 698a51a
[spm]: ProfilerData event received.
I/flutter (21225): [SPM:perf] 698a51a  buildSpan: 606µs
I/flutter (21225): [spm] Performance monitoring completed for 698a51a
I/flutter (21225): setState 698a51a
[spm]: ProfilerData event received.
I/flutter (21225): [SPM:perf] 698a51a  buildSpan: 595µs
I/flutter (21225): [spm] Performance monitoring completed for 698a51a
I/flutter (21225): setState 698a51a
I/flutter (21225): [SPM:perf] 698a51a  buildSpan: 573µs
[spm]: ProfilerData event received.
I/flutter (21225): [spm] Performance monitoring completed for 698a51a
I/flutter (21225): setState 698a51a
[spm]: ProfilerData event received.
I/flutter (21225): [SPM:perf] 698a51a  buildSpan: 478µs
I/flutter (21225): [spm] Performance monitoring completed for 698a51a
I/flutter (21225): setState 698a51a
[spm]: ProfilerData event received.
I/flutter (21225): [SPM:perf] 698a51a  buildSpan: 581µs
I/flutter (21225): [spm] Performance monitoring completed for 698a51a
I/flutter (21225): setState 698a51a
[spm]: ProfilerData event received.
I/flutter (21225): [SPM:perf] 698a51a  buildSpan: 491µs
I/flutter (21225): [spm] Performance monitoring completed for 698a51a
I/flutter (21225): setState 698a51a
I/flutter (21225): [SPM:perf] 698a51a  buildSpan: 660µs
I/flutter (21225): [spm] Performance monitoring completed for 698a51a
I/flutter (21225): setState 698a51a
[spm]: ProfilerData event received.
[spm]: ProfilerData event received.
I/flutter (21225): [SPM:perf] 698a51a  buildSpan: 556µs
I/flutter (21225): [spm] Performance monitoring completed for 698a51a
I/flutter (21225): setState 698a51a
[spm]: ProfilerData event received.
I/flutter (21225): [SPM:perf] 698a51a  buildSpan: 655µs
I/flutter (21225): [spm] Performance monitoring completed for 698a51a
I/flutter (21225): setState 698a51a
[spm]: ProfilerData event received.
I/flutter (21225): [SPM:perf] 698a51a  buildSpan: 508µs
I/flutter (21225): [spm] Performance monitoring completed for 698a51a
I/flutter (21225): setState 698a51a
[spm]: ProfilerData event received.
I/flutter (21225): [SPM:perf] 698a51a  buildSpan: 505µs
I/flutter (21225): [spm] Performance monitoring completed for 698a51a
I/flutter (21225): setState 698a51a
[spm]: ProfilerData event received.
I/flutter (21225): [SPM:perf] 698a51a  buildSpan: 519µs
I/flutter (21225): [spm] Performance monitoring completed for 698a51a
I/flutter (21225): setState 698a51a
[spm]: ProfilerData event received.
I/flutter (21225): [SPM:perf] 698a51a  buildSpan: 480µs
I/flutter (21225): [spm] Performance monitoring completed for 698a51a
I/flutter (21225): setState 698a51a
[spm]: ProfilerData event received.
I/flutter (21225): [SPM:perf] 698a51a  buildSpan: 601µs
I/flutter (21225): [spm] Performance monitoring completed for 698a51a
I/flutter (21225): setState 698a51a
[spm]: ProfilerData event received.
I/flutter (21225): [SPM:perf] 698a51a  buildSpan: 552µs
I/flutter (21225): [spm] Performance monitoring completed for 698a51a
I/flutter (21225): 01:10 +1: (tearDownAll)
I/flutter (21225): 01:11 +2: All tests passed!
All tests passed.
[spm]: Saved 30 profiler events to <ROOT>/dataset/44/redmi9t/raw/20260815-132421/base/e9.jsonl
[spm]: Reverting injection...
WARNING: Your Android app project: app located at: <ROOT>/android/app/build.gradle.kts
applies the Kotlin Gradle Plugin, which will cause build failures in future versions of Flutter. 
Please migrate your app to Built-in Kotlin using this guide: https://docs.flutter.dev/release/breaking-changes/migrate-to-built-in-kotlin/for-app-developers

VMServiceFlutterDriver: Connecting to Flutter application at http://127.0.0.1:46653/685cnPVuLEQ=/
[spm]: Detected VM service URI: ws://127.0.0.1:46653/685cnPVuLEQ=/ws
VMServiceFlutterDriver: Isolate found with number: 3800955174099559
VMServiceFlutterDriver: Isolate 3800955174099559 is runnable.
VMServiceFlutterDriver: Isolate is paused at start.
VMServiceFlutterDriver: Attempting to resume isolate
VMServiceFlutterDriver: Connected to Flutter application.